Copyright 1986-2022 Xilinx, Inc. All Rights Reserved. Copyright 2022-2026 Advanced Micro Devices, Inc. All Rights Reserved.
----------------------------------------------------------------------------------------------------------------------------------------------------------
| Tool Version : Vivado v.2026.1 (win64) Build 6511674 Tue Jun 16 11:02:23 MDT 2026
| Date         : Sat Jul 11 12:15:08 2026
| Host         : DESKTOP-4GB7DVJ running 64-bit major release  (build 9200)
| Command      : report_timing -max_paths 10 -path_type full -file reports/phase11e/timing/fpga_top_multicycle_bram_prefetch_ctrlopt_impl_worst_paths.rpt
| Design       : fpga_top_multicycle_bram_prefetch_ctrlopt
| Device       : 7a35t-cpg236
| Speed File   : -1  PRODUCTION 1.23 2018-06-13
| Design State : Routed
----------------------------------------------------------------------------------------------------------------------------------------------------------

Timing Report

Slack (MET) :             1.128ns  (required time - arrival time)
  Source:                 cpu_inst/prefetch_pc_reg[2]/C
                            (rising edge-triggered cell FDRE clocked by sys_clk_pin  {rise@0.000ns fall@5.000ns period=10.000ns})
  Destination:            cpu_inst/instr_mem_inst/instruction_reg/RSTRAMARSTRAM
                            (rising edge-triggered cell RAMB18E1 clocked by sys_clk_pin  {rise@0.000ns fall@5.000ns period=10.000ns})
  Path Group:             sys_clk_pin
  Path Type:              Setup (Max at Slow Process Corner)
  Requirement:            10.000ns  (sys_clk_pin rise@10.000ns - sys_clk_pin rise@0.000ns)
  Data Path Delay:        8.412ns  (logic 3.922ns (46.625%)  route 4.490ns (53.375%))
  Logic Levels:           16  (CARRY4=10 LUT4=2 LUT6=4)
  Clock Path Skew:        -0.066ns (DCD - SCD + CPR)
    Destination Clock Delay (DCD):    4.824ns = ( 14.824 - 10.000 ) 
    Source Clock Delay      (SCD):    5.149ns
    Clock Pessimism Removal (CPR):    0.260ns
  Clock Uncertainty:      0.035ns  ((TSJ^2 + TIJ^2)^1/2 + DJ) / 2 + PE
    Total System Jitter     (TSJ):    0.071ns
    Total Input Jitter      (TIJ):    0.000ns
    Discrete Jitter          (DJ):    0.000ns
    Phase Error              (PE):    0.000ns

    Location             Delay type                Incr(ns)  Path(ns)    Netlist Resource(s)
  -------------------------------------------------------------------    -------------------
                         (clock sys_clk_pin rise edge)
                                                      0.000     0.000 r  <hidden>
                         propagated clock network latency
                                                      5.149     5.149    <hidden>
    SLICE_X6Y15          FDRE                         0.000     5.149 r  cpu_inst/prefetch_pc_reg[2]/C
    SLICE_X6Y15          FDRE (Prop_fdre_C_Q)         0.518     5.667 r  cpu_inst/prefetch_pc_reg[2]/Q
                         net (fo=3, routed)           0.980     6.647    cpu_inst/prefetch_pc_reg_n_0_[2]
    SLICE_X5Y16          LUT4 (Prop_lut4_I0_O)        0.124     6.771 r  cpu_inst/buffered_prefetch_match0_carry_i_4/O
                         net (fo=1, routed)           0.000     6.771    cpu_inst/buffered_prefetch_match0_carry_i_4_n_0
    SLICE_X5Y16          CARRY4 (Prop_carry4_S[0]_CO[3])
                                                      0.532     7.303 r  cpu_inst/buffered_prefetch_match0_carry/CO[3]
                         net (fo=1, routed)           0.000     7.303    cpu_inst/buffered_prefetch_match0_carry_n_0
    SLICE_X5Y17          CARRY4 (Prop_carry4_CI_CO[3])
                                                      0.114     7.417 r  cpu_inst/buffered_prefetch_match0_carry__0/CO[3]
                         net (fo=1, routed)           0.000     7.417    cpu_inst/buffered_prefetch_match0_carry__0_n_0
    SLICE_X5Y18          CARRY4 (Prop_carry4_CI_CO[2])
                                                      0.228     7.645 r  cpu_inst/buffered_prefetch_match0_carry__1/CO[2]
                         net (fo=37, routed)          0.650     8.294    cpu_inst/buffered_prefetch_match0
    SLICE_X4Y15          LUT4 (Prop_lut4_I2_O)        0.313     8.607 r  cpu_inst/i__carry_i_4/O
                         net (fo=1, routed)           0.000     8.607    cpu_inst/in48[1]
    SLICE_X4Y15          CARRY4 (Prop_carry4_S[0]_CO[3])
                                                      0.532     9.139 r  cpu_inst/pc0_inferred__2/i__carry/CO[3]
                         net (fo=1, routed)           0.000     9.139    cpu_inst/pc0_inferred__2/i__carry_n_0
    SLICE_X4Y16          CARRY4 (Prop_carry4_CI_CO[3])
                                                      0.114     9.253 r  cpu_inst/pc0_inferred__2/i__carry__0/CO[3]
                         net (fo=1, routed)           0.000     9.253    cpu_inst/pc0_inferred__2/i__carry__0_n_0
    SLICE_X4Y17          CARRY4 (Prop_carry4_CI_CO[3])
                                                      0.114     9.367 r  cpu_inst/pc0_inferred__2/i__carry__1/CO[3]
                         net (fo=1, routed)           0.000     9.367    cpu_inst/pc0_inferred__2/i__carry__1_n_0
    SLICE_X4Y18          CARRY4 (Prop_carry4_CI_CO[3])
                                                      0.114     9.481 r  cpu_inst/pc0_inferred__2/i__carry__2/CO[3]
                         net (fo=1, routed)           0.000     9.481    cpu_inst/pc0_inferred__2/i__carry__2_n_0
    SLICE_X4Y19          CARRY4 (Prop_carry4_CI_CO[3])
                                                      0.114     9.595 r  cpu_inst/pc0_inferred__2/i__carry__3/CO[3]
                         net (fo=1, routed)           0.000     9.595    cpu_inst/pc0_inferred__2/i__carry__3_n_0
    SLICE_X4Y20          CARRY4 (Prop_carry4_CI_CO[3])
                                                      0.114     9.709 r  cpu_inst/pc0_inferred__2/i__carry__4/CO[3]
                         net (fo=1, routed)           0.000     9.709    cpu_inst/pc0_inferred__2/i__carry__4_n_0
    SLICE_X4Y21          CARRY4 (Prop_carry4_CI_O[3])
                                                      0.313    10.022 r  cpu_inst/pc0_inferred__2/i__carry__5/O[3]
                         net (fo=3, routed)           0.875    10.897    cpu_inst/instr_mem_inst/in8[26]
    SLICE_X2Y21          LUT6 (Prop_lut6_I4_O)        0.306    11.203 r  cpu_inst/instr_mem_inst/instruction_reg_i_40/O
                         net (fo=1, routed)           0.282    11.485    cpu_inst/instr_mem_inst/instruction_reg_i_40_n_0
    SLICE_X2Y21          LUT6 (Prop_lut6_I5_O)        0.124    11.609 r  cpu_inst/instr_mem_inst/instruction_reg_i_26/O
                         net (fo=1, routed)           0.303    11.912    cpu_inst/instr_mem_inst/instruction_reg_i_26_n_0
    SLICE_X2Y20          LUT6 (Prop_lut6_I2_O)        0.124    12.036 r  cpu_inst/instr_mem_inst/instruction_reg_i_11/O
                         net (fo=1, routed)           0.686    12.722    cpu_inst/instr_mem_inst/instruction_reg_i_11_n_0
    SLICE_X8Y19          LUT6 (Prop_lut6_I1_O)        0.124    12.846 r  cpu_inst/instr_mem_inst/instruction_reg_i_1/O
                         net (fo=2, routed)           0.715    13.561    cpu_inst/instr_mem_inst/instruction_reg_i_1_n_0
    RAMB18_X0Y6          RAMB18E1                                     r  cpu_inst/instr_mem_inst/instruction_reg/RSTRAMARSTRAM
  -------------------------------------------------------------------    -------------------

                         (clock sys_clk_pin rise edge)
                                                     10.000    10.000 r  <hidden>
                         propagated clock network latency
                                                      4.824    14.824    <hidden>
                         clock pessimism              0.260    15.084    <hidden>
                         clock uncertainty           -0.035    15.048    <hidden>
    RAMB18_X0Y6          RAMB18E1 (Setup_ramb18e1_CLKARDCLK_RSTRAMARSTRAM)
                                                     -0.359    14.689    cpu_inst/instr_mem_inst/instruction_reg
  -------------------------------------------------------------------
                         required time                         14.689    <hidden>
                         arrival time                         -13.561    <hidden>
  -------------------------------------------------------------------
                         slack                                  1.128    <hidden>

Slack (MET) :             1.162ns  (required time - arrival time)
  Source:                 cpu_inst/prefetch_pc_reg[2]/C
                            (rising edge-triggered cell FDRE clocked by sys_clk_pin  {rise@0.000ns fall@5.000ns period=10.000ns})
  Destination:            cpu_inst/instr_mem_inst/instruction_reg/RSTRAMB
                            (rising edge-triggered cell RAMB18E1 clocked by sys_clk_pin  {rise@0.000ns fall@5.000ns period=10.000ns})
  Path Group:             sys_clk_pin
  Path Type:              Setup (Max at Slow Process Corner)
  Requirement:            10.000ns  (sys_clk_pin rise@10.000ns - sys_clk_pin rise@0.000ns)
  Data Path Delay:        8.381ns  (logic 3.922ns (46.796%)  route 4.459ns (53.204%))
  Logic Levels:           16  (CARRY4=10 LUT4=2 LUT6=4)
  Clock Path Skew:        -0.063ns (DCD - SCD + CPR)
    Destination Clock Delay (DCD):    4.827ns = ( 14.827 - 10.000 ) 
    Source Clock Delay      (SCD):    5.149ns
    Clock Pessimism Removal (CPR):    0.260ns
  Clock Uncertainty:      0.035ns  ((TSJ^2 + TIJ^2)^1/2 + DJ) / 2 + PE
    Total System Jitter     (TSJ):    0.071ns
    Total Input Jitter      (TIJ):    0.000ns
    Discrete Jitter          (DJ):    0.000ns
    Phase Error              (PE):    0.000ns

    Location             Delay type                Incr(ns)  Path(ns)    Netlist Resource(s)
  -------------------------------------------------------------------    -------------------
                         (clock sys_clk_pin rise edge)
                                                      0.000     0.000 r  <hidden>
                         propagated clock network latency
                                                      5.149     5.149    <hidden>
    SLICE_X6Y15          FDRE                         0.000     5.149 r  cpu_inst/prefetch_pc_reg[2]/C
    SLICE_X6Y15          FDRE (Prop_fdre_C_Q)         0.518     5.667 r  cpu_inst/prefetch_pc_reg[2]/Q
                         net (fo=3, routed)           0.980     6.647    cpu_inst/prefetch_pc_reg_n_0_[2]
    SLICE_X5Y16          LUT4 (Prop_lut4_I0_O)        0.124     6.771 r  cpu_inst/buffered_prefetch_match0_carry_i_4/O
                         net (fo=1, routed)           0.000     6.771    cpu_inst/buffered_prefetch_match0_carry_i_4_n_0
    SLICE_X5Y16          CARRY4 (Prop_carry4_S[0]_CO[3])
                                                      0.532     7.303 r  cpu_inst/buffered_prefetch_match0_carry/CO[3]
                         net (fo=1, routed)           0.000     7.303    cpu_inst/buffered_prefetch_match0_carry_n_0
    SLICE_X5Y17          CARRY4 (Prop_carry4_CI_CO[3])
                                                      0.114     7.417 r  cpu_inst/buffered_prefetch_match0_carry__0/CO[3]
                         net (fo=1, routed)           0.000     7.417    cpu_inst/buffered_prefetch_match0_carry__0_n_0
    SLICE_X5Y18          CARRY4 (Prop_carry4_CI_CO[2])
                                                      0.228     7.645 r  cpu_inst/buffered_prefetch_match0_carry__1/CO[2]
                         net (fo=37, routed)          0.650     8.294    cpu_inst/buffered_prefetch_match0
    SLICE_X4Y15          LUT4 (Prop_lut4_I2_O)        0.313     8.607 r  cpu_inst/i__carry_i_4/O
                         net (fo=1, routed)           0.000     8.607    cpu_inst/in48[1]
    SLICE_X4Y15          CARRY4 (Prop_carry4_S[0]_CO[3])
                                                      0.532     9.139 r  cpu_inst/pc0_inferred__2/i__carry/CO[3]
                         net (fo=1, routed)           0.000     9.139    cpu_inst/pc0_inferred__2/i__carry_n_0
    SLICE_X4Y16          CARRY4 (Prop_carry4_CI_CO[3])
                                                      0.114     9.253 r  cpu_inst/pc0_inferred__2/i__carry__0/CO[3]
                         net (fo=1, routed)           0.000     9.253    cpu_inst/pc0_inferred__2/i__carry__0_n_0
    SLICE_X4Y17          CARRY4 (Prop_carry4_CI_CO[3])
                                                      0.114     9.367 r  cpu_inst/pc0_inferred__2/i__carry__1/CO[3]
                         net (fo=1, routed)           0.000     9.367    cpu_inst/pc0_inferred__2/i__carry__1_n_0
    SLICE_X4Y18          CARRY4 (Prop_carry4_CI_CO[3])
                                                      0.114     9.481 r  cpu_inst/pc0_inferred__2/i__carry__2/CO[3]
                         net (fo=1, routed)           0.000     9.481    cpu_inst/pc0_inferred__2/i__carry__2_n_0
    SLICE_X4Y19          CARRY4 (Prop_carry4_CI_CO[3])
                                                      0.114     9.595 r  cpu_inst/pc0_inferred__2/i__carry__3/CO[3]
                         net (fo=1, routed)           0.000     9.595    cpu_inst/pc0_inferred__2/i__carry__3_n_0
    SLICE_X4Y20          CARRY4 (Prop_carry4_CI_CO[3])
                                                      0.114     9.709 r  cpu_inst/pc0_inferred__2/i__carry__4/CO[3]
                         net (fo=1, routed)           0.000     9.709    cpu_inst/pc0_inferred__2/i__carry__4_n_0
    SLICE_X4Y21          CARRY4 (Prop_carry4_CI_O[3])
                                                      0.313    10.022 r  cpu_inst/pc0_inferred__2/i__carry__5/O[3]
                         net (fo=3, routed)           0.875    10.897    cpu_inst/instr_mem_inst/in8[26]
    SLICE_X2Y21          LUT6 (Prop_lut6_I4_O)        0.306    11.203 r  cpu_inst/instr_mem_inst/instruction_reg_i_40/O
                         net (fo=1, routed)           0.282    11.485    cpu_inst/instr_mem_inst/instruction_reg_i_40_n_0
    SLICE_X2Y21          LUT6 (Prop_lut6_I5_O)        0.124    11.609 r  cpu_inst/instr_mem_inst/instruction_reg_i_26/O
                         net (fo=1, routed)           0.303    11.912    cpu_inst/instr_mem_inst/instruction_reg_i_26_n_0
    SLICE_X2Y20          LUT6 (Prop_lut6_I2_O)        0.124    12.036 r  cpu_inst/instr_mem_inst/instruction_reg_i_11/O
                         net (fo=1, routed)           0.686    12.722    cpu_inst/instr_mem_inst/instruction_reg_i_11_n_0
    SLICE_X8Y19          LUT6 (Prop_lut6_I1_O)        0.124    12.846 r  cpu_inst/instr_mem_inst/instruction_reg_i_1/O
                         net (fo=2, routed)           0.684    13.530    cpu_inst/instr_mem_inst/instruction_reg_i_1_n_0
    RAMB18_X0Y6          RAMB18E1                                     r  cpu_inst/instr_mem_inst/instruction_reg/RSTRAMB
  -------------------------------------------------------------------    -------------------

                         (clock sys_clk_pin rise edge)
                                                     10.000    10.000 r  <hidden>
                         propagated clock network latency
                                                      4.827    14.827    <hidden>
                         clock pessimism              0.260    15.087    <hidden>
                         clock uncertainty           -0.035    15.051    <hidden>
    RAMB18_X0Y6          RAMB18E1 (Setup_ramb18e1_CLKBWRCLK_RSTRAMB)
                                                     -0.359    14.692    cpu_inst/instr_mem_inst/instruction_reg
  -------------------------------------------------------------------
                         required time                         14.692    <hidden>
                         arrival time                         -13.530    <hidden>
  -------------------------------------------------------------------
                         slack                                  1.162    <hidden>

Slack (MET) :             1.499ns  (required time - arrival time)
  Source:                 cpu_inst/operand_a_reg_reg[5]/C
                            (rising edge-triggered cell FDRE clocked by sys_clk_pin  {rise@0.000ns fall@5.000ns period=10.000ns})
  Destination:            cpu_inst/instr_mem_inst/instruction_reg/ADDRARDADDR[4]
                            (rising edge-triggered cell RAMB18E1 clocked by sys_clk_pin  {rise@0.000ns fall@5.000ns period=10.000ns})
  Path Group:             sys_clk_pin
  Path Type:              Setup (Max at Slow Process Corner)
  Requirement:            10.000ns  (sys_clk_pin rise@10.000ns - sys_clk_pin rise@0.000ns)
  Data Path Delay:        7.835ns  (logic 2.390ns (30.503%)  route 5.445ns (69.497%))
  Logic Levels:           8  (CARRY4=3 LUT5=3 LUT6=2)
  Clock Path Skew:        -0.065ns (DCD - SCD + CPR)
    Destination Clock Delay (DCD):    4.824ns = ( 14.824 - 10.000 ) 
    Source Clock Delay      (SCD):    5.148ns
    Clock Pessimism Removal (CPR):    0.260ns
  Clock Uncertainty:      0.035ns  ((TSJ^2 + TIJ^2)^1/2 + DJ) / 2 + PE
    Total System Jitter     (TSJ):    0.071ns
    Total Input Jitter      (TIJ):    0.000ns
    Discrete Jitter          (DJ):    0.000ns
    Phase Error              (PE):    0.000ns

    Location             Delay type                Incr(ns)  Path(ns)    Netlist Resource(s)
  -------------------------------------------------------------------    -------------------
                         (clock sys_clk_pin rise edge)
                                                      0.000     0.000 r  <hidden>
                         propagated clock network latency
                                                      5.148     5.148    <hidden>
    SLICE_X5Y33          FDRE                         0.000     5.148 r  cpu_inst/operand_a_reg_reg[5]/C
    SLICE_X5Y33          FDRE (Prop_fdre_C_Q)         0.456     5.604 r  cpu_inst/operand_a_reg_reg[5]/Q
                         net (fo=9, routed)           1.310     6.914    cpu_inst/operand_a[5]
    SLICE_X9Y27          LUT6 (Prop_lut6_I0_O)        0.124     7.038 r  cpu_inst/i__carry_i_3__0/O
                         net (fo=1, routed)           0.000     7.038    cpu_inst/i__carry_i_3__0_n_0
    SLICE_X9Y27          CARRY4 (Prop_carry4_S[1]_CO[3])
                                                      0.550     7.588 r  cpu_inst/branch_taken0_inferred__0/i__carry/CO[3]
                         net (fo=1, routed)           0.000     7.588    cpu_inst/branch_taken0_inferred__0/i__carry_n_0
    SLICE_X9Y28          CARRY4 (Prop_carry4_CI_CO[3])
                                                      0.114     7.702 r  cpu_inst/branch_taken0_inferred__0/i__carry__0/CO[3]
                         net (fo=1, routed)           0.000     7.702    cpu_inst/branch_taken0_inferred__0/i__carry__0_n_0
    SLICE_X9Y29          CARRY4 (Prop_carry4_CI_CO[2])
                                                      0.228     7.930 f  cpu_inst/branch_taken0_inferred__0/i__carry__1/CO[2]
                         net (fo=6, routed)           1.141     9.071    cpu_inst/instr_mem_inst/instruction_reg_0[0]
    SLICE_X12Y18         LUT6 (Prop_lut6_I3_O)        0.313     9.384 r  cpu_inst/instr_mem_inst/prefetch_instruction[31]_i_3/O
                         net (fo=2, routed)           0.668    10.051    cpu_inst/instr_mem_inst/FSM_sequential_state_reg[2]_0
    SLICE_X13Y18         LUT5 (Prop_lut5_I4_O)        0.154    10.205 f  cpu_inst/instr_mem_inst/instruction_reg_i_31/O
                         net (fo=17, routed)          0.966    11.172    cpu_inst/instr_mem_inst/prefetch_valid_reg
    SLICE_X9Y14          LUT5 (Prop_lut5_I3_O)        0.327    11.499 r  cpu_inst/instr_mem_inst/instruction_reg_i_23/O
                         net (fo=1, routed)           0.617    12.115    cpu_inst/instr_mem_inst/instruction_reg_i_23_n_0
    SLICE_X8Y14          LUT5 (Prop_lut5_I0_O)        0.124    12.239 r  cpu_inst/instr_mem_inst/instruction_reg_i_9/O
                         net (fo=2, routed)           0.744    12.984    cpu_inst/instr_mem_inst/instruction_reg_i_9_n_0
    RAMB18_X0Y6          RAMB18E1                                     r  cpu_inst/instr_mem_inst/instruction_reg/ADDRARDADDR[4]
  -------------------------------------------------------------------    -------------------

                         (clock sys_clk_pin rise edge)
                                                     10.000    10.000 r  <hidden>
                         propagated clock network latency
                                                      4.824    14.824    <hidden>
                         clock pessimism              0.260    15.084    <hidden>
                         clock uncertainty           -0.035    15.048    <hidden>
    RAMB18_X0Y6          RAMB18E1 (Setup_ramb18e1_CLKARDCLK_ADDRARDADDR[4])
                                                     -0.566    14.482    cpu_inst/instr_mem_inst/instruction_reg
  -------------------------------------------------------------------
                         required time                         14.482    <hidden>
                         arrival time                         -12.984    <hidden>
  -------------------------------------------------------------------
                         slack                                  1.499    <hidden>

Slack (MET) :             1.503ns  (required time - arrival time)
  Source:                 cpu_inst/operand_a_reg_reg[5]/C
                            (rising edge-triggered cell FDRE clocked by sys_clk_pin  {rise@0.000ns fall@5.000ns period=10.000ns})
  Destination:            cpu_inst/instr_mem_inst/instruction_reg/ADDRBWRADDR[4]
                            (rising edge-triggered cell RAMB18E1 clocked by sys_clk_pin  {rise@0.000ns fall@5.000ns period=10.000ns})
  Path Group:             sys_clk_pin
  Path Type:              Setup (Max at Slow Process Corner)
  Requirement:            10.000ns  (sys_clk_pin rise@10.000ns - sys_clk_pin rise@0.000ns)
  Data Path Delay:        7.834ns  (logic 2.390ns (30.509%)  route 5.444ns (69.491%))
  Logic Levels:           8  (CARRY4=3 LUT5=3 LUT6=2)
  Clock Path Skew:        -0.062ns (DCD - SCD + CPR)
    Destination Clock Delay (DCD):    4.827ns = ( 14.827 - 10.000 ) 
    Source Clock Delay      (SCD):    5.148ns
    Clock Pessimism Removal (CPR):    0.260ns
  Clock Uncertainty:      0.035ns  ((TSJ^2 + TIJ^2)^1/2 + DJ) / 2 + PE
    Total System Jitter     (TSJ):    0.071ns
    Total Input Jitter      (TIJ):    0.000ns
    Discrete Jitter          (DJ):    0.000ns
    Phase Error              (PE):    0.000ns

    Location             Delay type                Incr(ns)  Path(ns)    Netlist Resource(s)
  -------------------------------------------------------------------    -------------------
                         (clock sys_clk_pin rise edge)
                                                      0.000     0.000 r  <hidden>
                         propagated clock network latency
                                                      5.148     5.148    <hidden>
    SLICE_X5Y33          FDRE                         0.000     5.148 r  cpu_inst/operand_a_reg_reg[5]/C
    SLICE_X5Y33          FDRE (Prop_fdre_C_Q)         0.456     5.604 r  cpu_inst/operand_a_reg_reg[5]/Q
                         net (fo=9, routed)           1.310     6.914    cpu_inst/operand_a[5]
    SLICE_X9Y27          LUT6 (Prop_lut6_I0_O)        0.124     7.038 r  cpu_inst/i__carry_i_3__0/O
                         net (fo=1, routed)           0.000     7.038    cpu_inst/i__carry_i_3__0_n_0
    SLICE_X9Y27          CARRY4 (Prop_carry4_S[1]_CO[3])
                                                      0.550     7.588 r  cpu_inst/branch_taken0_inferred__0/i__carry/CO[3]
                         net (fo=1, routed)           0.000     7.588    cpu_inst/branch_taken0_inferred__0/i__carry_n_0
    SLICE_X9Y28          CARRY4 (Prop_carry4_CI_CO[3])
                                                      0.114     7.702 r  cpu_inst/branch_taken0_inferred__0/i__carry__0/CO[3]
                         net (fo=1, routed)           0.000     7.702    cpu_inst/branch_taken0_inferred__0/i__carry__0_n_0
    SLICE_X9Y29          CARRY4 (Prop_carry4_CI_CO[2])
                                                      0.228     7.930 f  cpu_inst/branch_taken0_inferred__0/i__carry__1/CO[2]
                         net (fo=6, routed)           1.141     9.071    cpu_inst/instr_mem_inst/instruction_reg_0[0]
    SLICE_X12Y18         LUT6 (Prop_lut6_I3_O)        0.313     9.384 r  cpu_inst/instr_mem_inst/prefetch_instruction[31]_i_3/O
                         net (fo=2, routed)           0.668    10.051    cpu_inst/instr_mem_inst/FSM_sequential_state_reg[2]_0
    SLICE_X13Y18         LUT5 (Prop_lut5_I4_O)        0.154    10.205 f  cpu_inst/instr_mem_inst/instruction_reg_i_31/O
                         net (fo=17, routed)          0.966    11.172    cpu_inst/instr_mem_inst/prefetch_valid_reg
    SLICE_X9Y14          LUT5 (Prop_lut5_I3_O)        0.327    11.499 r  cpu_inst/instr_mem_inst/instruction_reg_i_23/O
                         net (fo=1, routed)           0.617    12.115    cpu_inst/instr_mem_inst/instruction_reg_i_23_n_0
    SLICE_X8Y14          LUT5 (Prop_lut5_I0_O)        0.124    12.239 r  cpu_inst/instr_mem_inst/instruction_reg_i_9/O
                         net (fo=2, routed)           0.743    12.982    cpu_inst/instr_mem_inst/instruction_reg_i_9_n_0
    RAMB18_X0Y6          RAMB18E1                                     r  cpu_inst/instr_mem_inst/instruction_reg/ADDRBWRADDR[4]
  -------------------------------------------------------------------    -------------------

                         (clock sys_clk_pin rise edge)
                                                     10.000    10.000 r  <hidden>
                         propagated clock network latency
                                                      4.827    14.827    <hidden>
                         clock pessimism              0.260    15.087    <hidden>
                         clock uncertainty           -0.035    15.051    <hidden>
    RAMB18_X0Y6          RAMB18E1 (Setup_ramb18e1_CLKBWRCLK_ADDRBWRADDR[4])
                                                     -0.566    14.485    cpu_inst/instr_mem_inst/instruction_reg
  -------------------------------------------------------------------
                         required time                         14.485    <hidden>
                         arrival time                         -12.982    <hidden>
  -------------------------------------------------------------------
                         slack                                  1.503    <hidden>

Slack (MET) :             1.578ns  (required time - arrival time)
  Source:                 cpu_inst/operand_a_reg_reg[5]/C
                            (rising edge-triggered cell FDRE clocked by sys_clk_pin  {rise@0.000ns fall@5.000ns period=10.000ns})
  Destination:            cpu_inst/operand_a_reg_reg[19]/CE
                            (rising edge-triggered cell FDRE clocked by sys_clk_pin  {rise@0.000ns fall@5.000ns period=10.000ns})
  Path Group:             sys_clk_pin
  Path Type:              Setup (Max at Slow Process Corner)
  Requirement:            10.000ns  (sys_clk_pin rise@10.000ns - sys_clk_pin rise@0.000ns)
  Data Path Delay:        8.189ns  (logic 2.390ns (29.185%)  route 5.799ns (70.815%))
  Logic Levels:           8  (CARRY4=3 LUT2=1 LUT5=2 LUT6=2)
  Clock Path Skew:        -0.028ns (DCD - SCD + CPR)
    Destination Clock Delay (DCD):    4.860ns = ( 14.860 - 10.000 ) 
    Source Clock Delay      (SCD):    5.148ns
    Clock Pessimism Removal (CPR):    0.260ns
  Clock Uncertainty:      0.035ns  ((TSJ^2 + TIJ^2)^1/2 + DJ) / 2 + PE
    Total System Jitter     (TSJ):    0.071ns
    Total Input Jitter      (TIJ):    0.000ns
    Discrete Jitter          (DJ):    0.000ns
    Phase Error              (PE):    0.000ns

    Location             Delay type                Incr(ns)  Path(ns)    Netlist Resource(s)
  -------------------------------------------------------------------    -------------------
                         (clock sys_clk_pin rise edge)
                                                      0.000     0.000 r  <hidden>
                         propagated clock network latency
                                                      5.148     5.148    <hidden>
    SLICE_X5Y33          FDRE                         0.000     5.148 r  cpu_inst/operand_a_reg_reg[5]/C
    SLICE_X5Y33          FDRE (Prop_fdre_C_Q)         0.456     5.604 r  cpu_inst/operand_a_reg_reg[5]/Q
                         net (fo=9, routed)           1.310     6.914    cpu_inst/operand_a[5]
    SLICE_X9Y27          LUT6 (Prop_lut6_I0_O)        0.124     7.038 r  cpu_inst/i__carry_i_3__0/O
                         net (fo=1, routed)           0.000     7.038    cpu_inst/i__carry_i_3__0_n_0
    SLICE_X9Y27          CARRY4 (Prop_carry4_S[1]_CO[3])
                                                      0.550     7.588 r  cpu_inst/branch_taken0_inferred__0/i__carry/CO[3]
                         net (fo=1, routed)           0.000     7.588    cpu_inst/branch_taken0_inferred__0/i__carry_n_0
    SLICE_X9Y28          CARRY4 (Prop_carry4_CI_CO[3])
                                                      0.114     7.702 r  cpu_inst/branch_taken0_inferred__0/i__carry__0/CO[3]
                         net (fo=1, routed)           0.000     7.702    cpu_inst/branch_taken0_inferred__0/i__carry__0_n_0
    SLICE_X9Y29          CARRY4 (Prop_carry4_CI_CO[2])
                                                      0.228     7.930 r  cpu_inst/branch_taken0_inferred__0/i__carry__1/CO[2]
                         net (fo=6, routed)           1.141     9.071    cpu_inst/instr_mem_inst/instruction_reg_0[0]
    SLICE_X12Y18         LUT6 (Prop_lut6_I3_O)        0.313     9.384 f  cpu_inst/instr_mem_inst/prefetch_instruction[31]_i_3/O
                         net (fo=2, routed)           0.668    10.051    cpu_inst/instr_mem_inst/FSM_sequential_state_reg[2]_0
    SLICE_X13Y18         LUT5 (Prop_lut5_I4_O)        0.154    10.205 r  cpu_inst/instr_mem_inst/instruction_reg_i_31/O
                         net (fo=17, routed)          0.786    10.992    cpu_inst/instr_mem_inst_n_35
    SLICE_X13Y21         LUT2 (Prop_lut2_I1_O)        0.327    11.319 f  cpu_inst/pc[31]_i_3/O
                         net (fo=3, routed)           0.375    11.694    cpu_inst/pc[31]_i_3_n_0
    SLICE_X12Y21         LUT5 (Prop_lut5_I4_O)        0.124    11.818 r  cpu_inst/opcode_reg[3]_i_1/O
                         net (fo=90, routed)          1.519    13.337    cpu_inst/opcode_reg[3]_i_1_n_0
    SLICE_X2Y44          FDRE                                         r  cpu_inst/operand_a_reg_reg[19]/CE
  -------------------------------------------------------------------    -------------------

                         (clock sys_clk_pin rise edge)
                                                     10.000    10.000 r  <hidden>
                         propagated clock network latency
                                                      4.860    14.860    <hidden>
                         clock pessimism              0.260    15.120    <hidden>
                         clock uncertainty           -0.035    15.085    <hidden>
    SLICE_X2Y44          FDRE (Setup_fdre_C_CE)      -0.169    14.916    cpu_inst/operand_a_reg_reg[19]
  -------------------------------------------------------------------
                         required time                         14.916    <hidden>
                         arrival time                         -13.337    <hidden>
  -------------------------------------------------------------------
                         slack                                  1.578    <hidden>

Slack (MET) :             1.578ns  (required time - arrival time)
  Source:                 cpu_inst/operand_a_reg_reg[5]/C
                            (rising edge-triggered cell FDRE clocked by sys_clk_pin  {rise@0.000ns fall@5.000ns period=10.000ns})
  Destination:            cpu_inst/operand_a_reg_reg[21]/CE
                            (rising edge-triggered cell FDRE clocked by sys_clk_pin  {rise@0.000ns fall@5.000ns period=10.000ns})
  Path Group:             sys_clk_pin
  Path Type:              Setup (Max at Slow Process Corner)
  Requirement:            10.000ns  (sys_clk_pin rise@10.000ns - sys_clk_pin rise@0.000ns)
  Data Path Delay:        8.189ns  (logic 2.390ns (29.185%)  route 5.799ns (70.815%))
  Logic Levels:           8  (CARRY4=3 LUT2=1 LUT5=2 LUT6=2)
  Clock Path Skew:        -0.028ns (DCD - SCD + CPR)
    Destination Clock Delay (DCD):    4.860ns = ( 14.860 - 10.000 ) 
    Source Clock Delay      (SCD):    5.148ns
    Clock Pessimism Removal (CPR):    0.260ns
  Clock Uncertainty:      0.035ns  ((TSJ^2 + TIJ^2)^1/2 + DJ) / 2 + PE
    Total System Jitter     (TSJ):    0.071ns
    Total Input Jitter      (TIJ):    0.000ns
    Discrete Jitter          (DJ):    0.000ns
    Phase Error              (PE):    0.000ns

    Location             Delay type                Incr(ns)  Path(ns)    Netlist Resource(s)
  -------------------------------------------------------------------    -------------------
                         (clock sys_clk_pin rise edge)
                                                      0.000     0.000 r  <hidden>
                         propagated clock network latency
                                                      5.148     5.148    <hidden>
    SLICE_X5Y33          FDRE                         0.000     5.148 r  cpu_inst/operand_a_reg_reg[5]/C
    SLICE_X5Y33          FDRE (Prop_fdre_C_Q)         0.456     5.604 r  cpu_inst/operand_a_reg_reg[5]/Q
                         net (fo=9, routed)           1.310     6.914    cpu_inst/operand_a[5]
    SLICE_X9Y27          LUT6 (Prop_lut6_I0_O)        0.124     7.038 r  cpu_inst/i__carry_i_3__0/O
                         net (fo=1, routed)           0.000     7.038    cpu_inst/i__carry_i_3__0_n_0
    SLICE_X9Y27          CARRY4 (Prop_carry4_S[1]_CO[3])
                                                      0.550     7.588 r  cpu_inst/branch_taken0_inferred__0/i__carry/CO[3]
                         net (fo=1, routed)           0.000     7.588    cpu_inst/branch_taken0_inferred__0/i__carry_n_0
    SLICE_X9Y28          CARRY4 (Prop_carry4_CI_CO[3])
                                                      0.114     7.702 r  cpu_inst/branch_taken0_inferred__0/i__carry__0/CO[3]
                         net (fo=1, routed)           0.000     7.702    cpu_inst/branch_taken0_inferred__0/i__carry__0_n_0
    SLICE_X9Y29          CARRY4 (Prop_carry4_CI_CO[2])
                                                      0.228     7.930 r  cpu_inst/branch_taken0_inferred__0/i__carry__1/CO[2]
                         net (fo=6, routed)           1.141     9.071    cpu_inst/instr_mem_inst/instruction_reg_0[0]
    SLICE_X12Y18         LUT6 (Prop_lut6_I3_O)        0.313     9.384 f  cpu_inst/instr_mem_inst/prefetch_instruction[31]_i_3/O
                         net (fo=2, routed)           0.668    10.051    cpu_inst/instr_mem_inst/FSM_sequential_state_reg[2]_0
    SLICE_X13Y18         LUT5 (Prop_lut5_I4_O)        0.154    10.205 r  cpu_inst/instr_mem_inst/instruction_reg_i_31/O
                         net (fo=17, routed)          0.786    10.992    cpu_inst/instr_mem_inst_n_35
    SLICE_X13Y21         LUT2 (Prop_lut2_I1_O)        0.327    11.319 f  cpu_inst/pc[31]_i_3/O
                         net (fo=3, routed)           0.375    11.694    cpu_inst/pc[31]_i_3_n_0
    SLICE_X12Y21         LUT5 (Prop_lut5_I4_O)        0.124    11.818 r  cpu_inst/opcode_reg[3]_i_1/O
                         net (fo=90, routed)          1.519    13.337    cpu_inst/opcode_reg[3]_i_1_n_0
    SLICE_X2Y44          FDRE                                         r  cpu_inst/operand_a_reg_reg[21]/CE
  -------------------------------------------------------------------    -------------------

                         (clock sys_clk_pin rise edge)
                                                     10.000    10.000 r  <hidden>
                         propagated clock network latency
                                                      4.860    14.860    <hidden>
                         clock pessimism              0.260    15.120    <hidden>
                         clock uncertainty           -0.035    15.085    <hidden>
    SLICE_X2Y44          FDRE (Setup_fdre_C_CE)      -0.169    14.916    cpu_inst/operand_a_reg_reg[21]
  -------------------------------------------------------------------
                         required time                         14.916    <hidden>
                         arrival time                         -13.337    <hidden>
  -------------------------------------------------------------------
                         slack                                  1.578    <hidden>

Slack (MET) :             1.578ns  (required time - arrival time)
  Source:                 cpu_inst/operand_a_reg_reg[5]/C
                            (rising edge-triggered cell FDRE clocked by sys_clk_pin  {rise@0.000ns fall@5.000ns period=10.000ns})
  Destination:            cpu_inst/operand_b_reg_reg[19]/CE
                            (rising edge-triggered cell FDRE clocked by sys_clk_pin  {rise@0.000ns fall@5.000ns period=10.000ns})
  Path Group:             sys_clk_pin
  Path Type:              Setup (Max at Slow Process Corner)
  Requirement:            10.000ns  (sys_clk_pin rise@10.000ns - sys_clk_pin rise@0.000ns)
  Data Path Delay:        8.189ns  (logic 2.390ns (29.185%)  route 5.799ns (70.815%))
  Logic Levels:           8  (CARRY4=3 LUT2=1 LUT5=2 LUT6=2)
  Clock Path Skew:        -0.028ns (DCD - SCD + CPR)
    Destination Clock Delay (DCD):    4.860ns = ( 14.860 - 10.000 ) 
    Source Clock Delay      (SCD):    5.148ns
    Clock Pessimism Removal (CPR):    0.260ns
  Clock Uncertainty:      0.035ns  ((TSJ^2 + TIJ^2)^1/2 + DJ) / 2 + PE
    Total System Jitter     (TSJ):    0.071ns
    Total Input Jitter      (TIJ):    0.000ns
    Discrete Jitter          (DJ):    0.000ns
    Phase Error              (PE):    0.000ns

    Location             Delay type                Incr(ns)  Path(ns)    Netlist Resource(s)
  -------------------------------------------------------------------    -------------------
                         (clock sys_clk_pin rise edge)
                                                      0.000     0.000 r  <hidden>
                         propagated clock network latency
                                                      5.148     5.148    <hidden>
    SLICE_X5Y33          FDRE                         0.000     5.148 r  cpu_inst/operand_a_reg_reg[5]/C
    SLICE_X5Y33          FDRE (Prop_fdre_C_Q)         0.456     5.604 r  cpu_inst/operand_a_reg_reg[5]/Q
                         net (fo=9, routed)           1.310     6.914    cpu_inst/operand_a[5]
    SLICE_X9Y27          LUT6 (Prop_lut6_I0_O)        0.124     7.038 r  cpu_inst/i__carry_i_3__0/O
                         net (fo=1, routed)           0.000     7.038    cpu_inst/i__carry_i_3__0_n_0
    SLICE_X9Y27          CARRY4 (Prop_carry4_S[1]_CO[3])
                                                      0.550     7.588 r  cpu_inst/branch_taken0_inferred__0/i__carry/CO[3]
                         net (fo=1, routed)           0.000     7.588    cpu_inst/branch_taken0_inferred__0/i__carry_n_0
    SLICE_X9Y28          CARRY4 (Prop_carry4_CI_CO[3])
                                                      0.114     7.702 r  cpu_inst/branch_taken0_inferred__0/i__carry__0/CO[3]
                         net (fo=1, routed)           0.000     7.702    cpu_inst/branch_taken0_inferred__0/i__carry__0_n_0
    SLICE_X9Y29          CARRY4 (Prop_carry4_CI_CO[2])
                                                      0.228     7.930 r  cpu_inst/branch_taken0_inferred__0/i__carry__1/CO[2]
                         net (fo=6, routed)           1.141     9.071    cpu_inst/instr_mem_inst/instruction_reg_0[0]
    SLICE_X12Y18         LUT6 (Prop_lut6_I3_O)        0.313     9.384 f  cpu_inst/instr_mem_inst/prefetch_instruction[31]_i_3/O
                         net (fo=2, routed)           0.668    10.051    cpu_inst/instr_mem_inst/FSM_sequential_state_reg[2]_0
    SLICE_X13Y18         LUT5 (Prop_lut5_I4_O)        0.154    10.205 r  cpu_inst/instr_mem_inst/instruction_reg_i_31/O
                         net (fo=17, routed)          0.786    10.992    cpu_inst/instr_mem_inst_n_35
    SLICE_X13Y21         LUT2 (Prop_lut2_I1_O)        0.327    11.319 f  cpu_inst/pc[31]_i_3/O
                         net (fo=3, routed)           0.375    11.694    cpu_inst/pc[31]_i_3_n_0
    SLICE_X12Y21         LUT5 (Prop_lut5_I4_O)        0.124    11.818 r  cpu_inst/opcode_reg[3]_i_1/O
                         net (fo=90, routed)          1.519    13.337    cpu_inst/opcode_reg[3]_i_1_n_0
    SLICE_X2Y44          FDRE                                         r  cpu_inst/operand_b_reg_reg[19]/CE
  -------------------------------------------------------------------    -------------------

                         (clock sys_clk_pin rise edge)
                                                     10.000    10.000 r  <hidden>
                         propagated clock network latency
                                                      4.860    14.860    <hidden>
                         clock pessimism              0.260    15.120    <hidden>
                         clock uncertainty           -0.035    15.085    <hidden>
    SLICE_X2Y44          FDRE (Setup_fdre_C_CE)      -0.169    14.916    cpu_inst/operand_b_reg_reg[19]
  -------------------------------------------------------------------
                         required time                         14.916    <hidden>
                         arrival time                         -13.337    <hidden>
  -------------------------------------------------------------------
                         slack                                  1.578    <hidden>

Slack (MET) :             1.578ns  (required time - arrival time)
  Source:                 cpu_inst/operand_a_reg_reg[5]/C
                            (rising edge-triggered cell FDRE clocked by sys_clk_pin  {rise@0.000ns fall@5.000ns period=10.000ns})
  Destination:            cpu_inst/operand_b_reg_reg[21]/CE
                            (rising edge-triggered cell FDRE clocked by sys_clk_pin  {rise@0.000ns fall@5.000ns period=10.000ns})
  Path Group:             sys_clk_pin
  Path Type:              Setup (Max at Slow Process Corner)
  Requirement:            10.000ns  (sys_clk_pin rise@10.000ns - sys_clk_pin rise@0.000ns)
  Data Path Delay:        8.189ns  (logic 2.390ns (29.185%)  route 5.799ns (70.815%))
  Logic Levels:           8  (CARRY4=3 LUT2=1 LUT5=2 LUT6=2)
  Clock Path Skew:        -0.028ns (DCD - SCD + CPR)
    Destination Clock Delay (DCD):    4.860ns = ( 14.860 - 10.000 ) 
    Source Clock Delay      (SCD):    5.148ns
    Clock Pessimism Removal (CPR):    0.260ns
  Clock Uncertainty:      0.035ns  ((TSJ^2 + TIJ^2)^1/2 + DJ) / 2 + PE
    Total System Jitter     (TSJ):    0.071ns
    Total Input Jitter      (TIJ):    0.000ns
    Discrete Jitter          (DJ):    0.000ns
    Phase Error              (PE):    0.000ns

    Location             Delay type                Incr(ns)  Path(ns)    Netlist Resource(s)
  -------------------------------------------------------------------    -------------------
                         (clock sys_clk_pin rise edge)
                                                      0.000     0.000 r  <hidden>
                         propagated clock network latency
                                                      5.148     5.148    <hidden>
    SLICE_X5Y33          FDRE                         0.000     5.148 r  cpu_inst/operand_a_reg_reg[5]/C
    SLICE_X5Y33          FDRE (Prop_fdre_C_Q)         0.456     5.604 r  cpu_inst/operand_a_reg_reg[5]/Q
                         net (fo=9, routed)           1.310     6.914    cpu_inst/operand_a[5]
    SLICE_X9Y27          LUT6 (Prop_lut6_I0_O)        0.124     7.038 r  cpu_inst/i__carry_i_3__0/O
                         net (fo=1, routed)           0.000     7.038    cpu_inst/i__carry_i_3__0_n_0
    SLICE_X9Y27          CARRY4 (Prop_carry4_S[1]_CO[3])
                                                      0.550     7.588 r  cpu_inst/branch_taken0_inferred__0/i__carry/CO[3]
                         net (fo=1, routed)           0.000     7.588    cpu_inst/branch_taken0_inferred__0/i__carry_n_0
    SLICE_X9Y28          CARRY4 (Prop_carry4_CI_CO[3])
                                                      0.114     7.702 r  cpu_inst/branch_taken0_inferred__0/i__carry__0/CO[3]
                         net (fo=1, routed)           0.000     7.702    cpu_inst/branch_taken0_inferred__0/i__carry__0_n_0
    SLICE_X9Y29          CARRY4 (Prop_carry4_CI_CO[2])
                                                      0.228     7.930 r  cpu_inst/branch_taken0_inferred__0/i__carry__1/CO[2]
                         net (fo=6, routed)           1.141     9.071    cpu_inst/instr_mem_inst/instruction_reg_0[0]
    SLICE_X12Y18         LUT6 (Prop_lut6_I3_O)        0.313     9.384 f  cpu_inst/instr_mem_inst/prefetch_instruction[31]_i_3/O
                         net (fo=2, routed)           0.668    10.051    cpu_inst/instr_mem_inst/FSM_sequential_state_reg[2]_0
    SLICE_X13Y18         LUT5 (Prop_lut5_I4_O)        0.154    10.205 r  cpu_inst/instr_mem_inst/instruction_reg_i_31/O
                         net (fo=17, routed)          0.786    10.992    cpu_inst/instr_mem_inst_n_35
    SLICE_X13Y21         LUT2 (Prop_lut2_I1_O)        0.327    11.319 f  cpu_inst/pc[31]_i_3/O
                         net (fo=3, routed)           0.375    11.694    cpu_inst/pc[31]_i_3_n_0
    SLICE_X12Y21         LUT5 (Prop_lut5_I4_O)        0.124    11.818 r  cpu_inst/opcode_reg[3]_i_1/O
                         net (fo=90, routed)          1.519    13.337    cpu_inst/opcode_reg[3]_i_1_n_0
    SLICE_X2Y44          FDRE                                         r  cpu_inst/operand_b_reg_reg[21]/CE
  -------------------------------------------------------------------    -------------------

                         (clock sys_clk_pin rise edge)
                                                     10.000    10.000 r  <hidden>
                         propagated clock network latency
                                                      4.860    14.860    <hidden>
                         clock pessimism              0.260    15.120    <hidden>
                         clock uncertainty           -0.035    15.085    <hidden>
    SLICE_X2Y44          FDRE (Setup_fdre_C_CE)      -0.169    14.916    cpu_inst/operand_b_reg_reg[21]
  -------------------------------------------------------------------
                         required time                         14.916    <hidden>
                         arrival time                         -13.337    <hidden>
  -------------------------------------------------------------------
                         slack                                  1.578    <hidden>

Slack (MET) :             1.596ns  (required time - arrival time)
  Source:                 cpu_inst/operand_a_reg_reg[5]/C
                            (rising edge-triggered cell FDRE clocked by sys_clk_pin  {rise@0.000ns fall@5.000ns period=10.000ns})
  Destination:            cpu_inst/operand_a_reg_reg[16]/CE
                            (rising edge-triggered cell FDRE clocked by sys_clk_pin  {rise@0.000ns fall@5.000ns period=10.000ns})
  Path Group:             sys_clk_pin
  Path Type:              Setup (Max at Slow Process Corner)
  Requirement:            10.000ns  (sys_clk_pin rise@10.000ns - sys_clk_pin rise@0.000ns)
  Data Path Delay:        8.134ns  (logic 2.390ns (29.384%)  route 5.744ns (70.616%))
  Logic Levels:           8  (CARRY4=3 LUT2=1 LUT5=2 LUT6=2)
  Clock Path Skew:        -0.030ns (DCD - SCD + CPR)
    Destination Clock Delay (DCD):    4.858ns = ( 14.858 - 10.000 ) 
    Source Clock Delay      (SCD):    5.148ns
    Clock Pessimism Removal (CPR):    0.260ns
  Clock Uncertainty:      0.035ns  ((TSJ^2 + TIJ^2)^1/2 + DJ) / 2 + PE
    Total System Jitter     (TSJ):    0.071ns
    Total Input Jitter      (TIJ):    0.000ns
    Discrete Jitter          (DJ):    0.000ns
    Phase Error              (PE):    0.000ns

    Location             Delay type                Incr(ns)  Path(ns)    Netlist Resource(s)
  -------------------------------------------------------------------    -------------------
                         (clock sys_clk_pin rise edge)
                                                      0.000     0.000 r  <hidden>
                         propagated clock network latency
                                                      5.148     5.148    <hidden>
    SLICE_X5Y33          FDRE                         0.000     5.148 r  cpu_inst/operand_a_reg_reg[5]/C
    SLICE_X5Y33          FDRE (Prop_fdre_C_Q)         0.456     5.604 r  cpu_inst/operand_a_reg_reg[5]/Q
                         net (fo=9, routed)           1.310     6.914    cpu_inst/operand_a[5]
    SLICE_X9Y27          LUT6 (Prop_lut6_I0_O)        0.124     7.038 r  cpu_inst/i__carry_i_3__0/O
                         net (fo=1, routed)           0.000     7.038    cpu_inst/i__carry_i_3__0_n_0
    SLICE_X9Y27          CARRY4 (Prop_carry4_S[1]_CO[3])
                                                      0.550     7.588 r  cpu_inst/branch_taken0_inferred__0/i__carry/CO[3]
                         net (fo=1, routed)           0.000     7.588    cpu_inst/branch_taken0_inferred__0/i__carry_n_0
    SLICE_X9Y28          CARRY4 (Prop_carry4_CI_CO[3])
                                                      0.114     7.702 r  cpu_inst/branch_taken0_inferred__0/i__carry__0/CO[3]
                         net (fo=1, routed)           0.000     7.702    cpu_inst/branch_taken0_inferred__0/i__carry__0_n_0
    SLICE_X9Y29          CARRY4 (Prop_carry4_CI_CO[2])
                                                      0.228     7.930 r  cpu_inst/branch_taken0_inferred__0/i__carry__1/CO[2]
                         net (fo=6, routed)           1.141     9.071    cpu_inst/instr_mem_inst/instruction_reg_0[0]
    SLICE_X12Y18         LUT6 (Prop_lut6_I3_O)        0.313     9.384 f  cpu_inst/instr_mem_inst/prefetch_instruction[31]_i_3/O
                         net (fo=2, routed)           0.668    10.051    cpu_inst/instr_mem_inst/FSM_sequential_state_reg[2]_0
    SLICE_X13Y18         LUT5 (Prop_lut5_I4_O)        0.154    10.205 r  cpu_inst/instr_mem_inst/instruction_reg_i_31/O
                         net (fo=17, routed)          0.786    10.992    cpu_inst/instr_mem_inst_n_35
    SLICE_X13Y21         LUT2 (Prop_lut2_I1_O)        0.327    11.319 f  cpu_inst/pc[31]_i_3/O
                         net (fo=3, routed)           0.375    11.694    cpu_inst/pc[31]_i_3_n_0
    SLICE_X12Y21         LUT5 (Prop_lut5_I4_O)        0.124    11.818 r  cpu_inst/opcode_reg[3]_i_1/O
                         net (fo=90, routed)          1.464    13.282    cpu_inst/opcode_reg[3]_i_1_n_0
    SLICE_X3Y40          FDRE                                         r  cpu_inst/operand_a_reg_reg[16]/CE
  -------------------------------------------------------------------    -------------------

                         (clock sys_clk_pin rise edge)
                                                     10.000    10.000 r  <hidden>
                         propagated clock network latency
                                                      4.858    14.858    <hidden>
                         clock pessimism              0.260    15.118    <hidden>
                         clock uncertainty           -0.035    15.083    <hidden>
    SLICE_X3Y40          FDRE (Setup_fdre_C_CE)      -0.205    14.878    cpu_inst/operand_a_reg_reg[16]
  -------------------------------------------------------------------
                         required time                         14.878    <hidden>
                         arrival time                         -13.282    <hidden>
  -------------------------------------------------------------------
                         slack                                  1.596    <hidden>

Slack (MET) :             1.596ns  (required time - arrival time)
  Source:                 cpu_inst/operand_a_reg_reg[5]/C
                            (rising edge-triggered cell FDRE clocked by sys_clk_pin  {rise@0.000ns fall@5.000ns period=10.000ns})
  Destination:            cpu_inst/operand_a_reg_reg[26]/CE
                            (rising edge-triggered cell FDRE clocked by sys_clk_pin  {rise@0.000ns fall@5.000ns period=10.000ns})
  Path Group:             sys_clk_pin
  Path Type:              Setup (Max at Slow Process Corner)
  Requirement:            10.000ns  (sys_clk_pin rise@10.000ns - sys_clk_pin rise@0.000ns)
  Data Path Delay:        8.134ns  (logic 2.390ns (29.384%)  route 5.744ns (70.616%))
  Logic Levels:           8  (CARRY4=3 LUT2=1 LUT5=2 LUT6=2)
  Clock Path Skew:        -0.030ns (DCD - SCD + CPR)
    Destination Clock Delay (DCD):    4.858ns = ( 14.858 - 10.000 ) 
    Source Clock Delay      (SCD):    5.148ns
    Clock Pessimism Removal (CPR):    0.260ns
  Clock Uncertainty:      0.035ns  ((TSJ^2 + TIJ^2)^1/2 + DJ) / 2 + PE
    Total System Jitter     (TSJ):    0.071ns
    Total Input Jitter      (TIJ):    0.000ns
    Discrete Jitter          (DJ):    0.000ns
    Phase Error              (PE):    0.000ns

    Location             Delay type                Incr(ns)  Path(ns)    Netlist Resource(s)
  -------------------------------------------------------------------    -------------------
                         (clock sys_clk_pin rise edge)
                                                      0.000     0.000 r  <hidden>
                         propagated clock network latency
                                                      5.148     5.148    <hidden>
    SLICE_X5Y33          FDRE                         0.000     5.148 r  cpu_inst/operand_a_reg_reg[5]/C
    SLICE_X5Y33          FDRE (Prop_fdre_C_Q)         0.456     5.604 r  cpu_inst/operand_a_reg_reg[5]/Q
                         net (fo=9, routed)           1.310     6.914    cpu_inst/operand_a[5]
    SLICE_X9Y27          LUT6 (Prop_lut6_I0_O)        0.124     7.038 r  cpu_inst/i__carry_i_3__0/O
                         net (fo=1, routed)           0.000     7.038    cpu_inst/i__carry_i_3__0_n_0
    SLICE_X9Y27          CARRY4 (Prop_carry4_S[1]_CO[3])
                                                      0.550     7.588 r  cpu_inst/branch_taken0_inferred__0/i__carry/CO[3]
                         net (fo=1, routed)           0.000     7.588    cpu_inst/branch_taken0_inferred__0/i__carry_n_0
    SLICE_X9Y28          CARRY4 (Prop_carry4_CI_CO[3])
                                                      0.114     7.702 r  cpu_inst/branch_taken0_inferred__0/i__carry__0/CO[3]
                         net (fo=1, routed)           0.000     7.702    cpu_inst/branch_taken0_inferred__0/i__carry__0_n_0
    SLICE_X9Y29          CARRY4 (Prop_carry4_CI_CO[2])
                                                      0.228     7.930 r  cpu_inst/branch_taken0_inferred__0/i__carry__1/CO[2]
                         net (fo=6, routed)           1.141     9.071    cpu_inst/instr_mem_inst/instruction_reg_0[0]
    SLICE_X12Y18         LUT6 (Prop_lut6_I3_O)        0.313     9.384 f  cpu_inst/instr_mem_inst/prefetch_instruction[31]_i_3/O
                         net (fo=2, routed)           0.668    10.051    cpu_inst/instr_mem_inst/FSM_sequential_state_reg[2]_0
    SLICE_X13Y18         LUT5 (Prop_lut5_I4_O)        0.154    10.205 r  cpu_inst/instr_mem_inst/instruction_reg_i_31/O
                         net (fo=17, routed)          0.786    10.992    cpu_inst/instr_mem_inst_n_35
    SLICE_X13Y21         LUT2 (Prop_lut2_I1_O)        0.327    11.319 f  cpu_inst/pc[31]_i_3/O
                         net (fo=3, routed)           0.375    11.694    cpu_inst/pc[31]_i_3_n_0
    SLICE_X12Y21         LUT5 (Prop_lut5_I4_O)        0.124    11.818 r  cpu_inst/opcode_reg[3]_i_1/O
                         net (fo=90, routed)          1.464    13.282    cpu_inst/opcode_reg[3]_i_1_n_0
    SLICE_X3Y40          FDRE                                         r  cpu_inst/operand_a_reg_reg[26]/CE
  -------------------------------------------------------------------    -------------------

                         (clock sys_clk_pin rise edge)
                                                     10.000    10.000 r  <hidden>
                         propagated clock network latency
                                                      4.858    14.858    <hidden>
                         clock pessimism              0.260    15.118    <hidden>
                         clock uncertainty           -0.035    15.083    <hidden>
    SLICE_X3Y40          FDRE (Setup_fdre_C_CE)      -0.205    14.878    cpu_inst/operand_a_reg_reg[26]
  -------------------------------------------------------------------
                         required time                         14.878    <hidden>
                         arrival time                         -13.282    <hidden>
  -------------------------------------------------------------------
                         slack                                  1.596    <hidden>




