Copyright 1986-2022 Xilinx, Inc. All Rights Reserved. Copyright 2022-2026 Advanced Micro Devices, Inc. All Rights Reserved.
-----------------------------------------------------------------------------------------------------------------------------------------------------------
| Tool Version : Vivado v.2026.1 (win64) Build 6511674 Tue Jun 16 11:02:23 MDT 2026
| Date         : Sat Jul 11 12:11:30 2026
| Host         : DESKTOP-4GB7DVJ running 64-bit major release  (build 9200)
| Command      : report_timing -max_paths 10 -path_type full -file reports/phase11e/timing/fpga_top_multicycle_bram_prefetch_ctrlopt_synth_worst_paths.rpt
| Design       : fpga_top_multicycle_bram_prefetch_ctrlopt
| Device       : 7a35t-cpg236
| Speed File   : -1  PRODUCTION 1.23 2018-06-13
| Design State : Synthesized
-----------------------------------------------------------------------------------------------------------------------------------------------------------

Timing Report

Slack (MET) :             0.869ns  (required time - arrival time)
  Source:                 cpu_inst/pc_reg[5]/C
                            (rising edge-triggered cell FDRE clocked by sys_clk_pin  {rise@0.000ns fall@5.000ns period=10.000ns})
  Destination:            cpu_inst/instr_mem_inst/instruction_reg/RSTRAMARSTRAM
                            (rising edge-triggered cell RAMB18E1 clocked by sys_clk_pin  {rise@0.000ns fall@5.000ns period=10.000ns})
  Path Group:             sys_clk_pin
  Path Type:              Setup (Max at Slow Process Corner)
  Requirement:            10.000ns  (sys_clk_pin rise@10.000ns - sys_clk_pin rise@0.000ns)
  Data Path Delay:        8.592ns  (logic 4.010ns (46.673%)  route 4.582ns (53.327%))
  Logic Levels:           16  (CARRY4=10 LUT4=1 LUT6=5)
  Clock Path Skew:        -0.145ns (DCD - SCD + CPR)
    Destination Clock Delay (DCD):    2.678ns = ( 12.678 - 10.000 ) 
    Source Clock Delay      (SCD):    2.938ns
    Clock Pessimism Removal (CPR):    0.115ns
  Clock Uncertainty:      0.035ns  ((TSJ^2 + TIJ^2)^1/2 + DJ) / 2 + PE
    Total System Jitter     (TSJ):    0.071ns
    Total Input Jitter      (TIJ):    0.000ns
    Discrete Jitter          (DJ):    0.000ns
    Phase Error              (PE):    0.000ns

    Location             Delay type                Incr(ns)  Path(ns)    Netlist Resource(s)
  -------------------------------------------------------------------    -------------------
                         (clock sys_clk_pin rise edge)
                                                      0.000     0.000 r  <hidden>
                         propagated clock network latency
                                                      2.938     2.938    <hidden>
                         FDRE                         0.000     2.938 r  cpu_inst/pc_reg[5]/C
                         FDRE (Prop_fdre_C_Q)         0.456     3.394 r  cpu_inst/pc_reg[5]/Q
                         net (fo=6, unplaced)         0.997     4.391    cpu_inst/led_OBUF[3]
                         LUT6 (Prop_lut6_I0_O)        0.295     4.686 r  cpu_inst/buffered_prefetch_match0_carry_i_3/O
                         net (fo=1, unplaced)         0.000     4.686    cpu_inst/buffered_prefetch_match0_carry_i_3_n_0
                         CARRY4 (Prop_carry4_S[1]_CO[3])
                                                      0.533     5.219 r  cpu_inst/buffered_prefetch_match0_carry/CO[3]
                         net (fo=1, unplaced)         0.009     5.228    cpu_inst/buffered_prefetch_match0_carry_n_0
                         CARRY4 (Prop_carry4_CI_CO[3])
                                                      0.117     5.345 r  cpu_inst/buffered_prefetch_match0_carry__0/CO[3]
                         net (fo=1, unplaced)         0.000     5.345    cpu_inst/buffered_prefetch_match0_carry__0_n_0
                         CARRY4 (Prop_carry4_CI_CO[2])
                                                      0.252     5.597 r  cpu_inst/buffered_prefetch_match0_carry__1/CO[2]
                         net (fo=37, unplaced)        0.527     6.124    cpu_inst/buffered_prefetch_match0
                         LUT4 (Prop_lut4_I2_O)        0.310     6.434 r  cpu_inst/i__carry_i_3/O
                         net (fo=1, unplaced)         0.000     6.434    cpu_inst/i__carry_i_3_n_0
                         CARRY4 (Prop_carry4_S[1]_CO[3])
                                                      0.533     6.967 r  cpu_inst/pc0_inferred__2/i__carry/CO[3]
                         net (fo=1, unplaced)         0.009     6.976    cpu_inst/pc0_inferred__2/i__carry_n_0
                         CARRY4 (Prop_carry4_CI_CO[3])
                                                      0.117     7.093 r  cpu_inst/pc0_inferred__2/i__carry__0/CO[3]
                         net (fo=1, unplaced)         0.000     7.093    cpu_inst/pc0_inferred__2/i__carry__0_n_0
                         CARRY4 (Prop_carry4_CI_CO[3])
                                                      0.117     7.210 r  cpu_inst/pc0_inferred__2/i__carry__1/CO[3]
                         net (fo=1, unplaced)         0.000     7.210    cpu_inst/pc0_inferred__2/i__carry__1_n_0
                         CARRY4 (Prop_carry4_CI_CO[3])
                                                      0.117     7.327 r  cpu_inst/pc0_inferred__2/i__carry__2/CO[3]
                         net (fo=1, unplaced)         0.000     7.327    cpu_inst/pc0_inferred__2/i__carry__2_n_0
                         CARRY4 (Prop_carry4_CI_CO[3])
                                                      0.117     7.444 r  cpu_inst/pc0_inferred__2/i__carry__3/CO[3]
                         net (fo=1, unplaced)         0.000     7.444    cpu_inst/pc0_inferred__2/i__carry__3_n_0
                         CARRY4 (Prop_carry4_CI_CO[3])
                                                      0.117     7.561 r  cpu_inst/pc0_inferred__2/i__carry__4/CO[3]
                         net (fo=1, unplaced)         0.000     7.561    cpu_inst/pc0_inferred__2/i__carry__4_n_0
                         CARRY4 (Prop_carry4_CI_O[2])
                                                      0.256     7.817 r  cpu_inst/pc0_inferred__2/i__carry__5/O[2]
                         net (fo=3, unplaced)         0.923     8.740    cpu_inst/instr_mem_inst/in8[25]
                         LUT6 (Prop_lut6_I3_O)        0.301     9.041 r  cpu_inst/instr_mem_inst/instruction_reg_i_40/O
                         net (fo=1, unplaced)         0.449     9.490    cpu_inst/instr_mem_inst/instruction_reg_i_40_n_0
                         LUT6 (Prop_lut6_I5_O)        0.124     9.614 r  cpu_inst/instr_mem_inst/instruction_reg_i_26/O
                         net (fo=1, unplaced)         0.419    10.033    cpu_inst/instr_mem_inst/instruction_reg_i_26_n_0
                         LUT6 (Prop_lut6_I2_O)        0.124    10.157 r  cpu_inst/instr_mem_inst/instruction_reg_i_11/O
                         net (fo=1, unplaced)         0.449    10.606    cpu_inst/instr_mem_inst/instruction_reg_i_11_n_0
                         LUT6 (Prop_lut6_I1_O)        0.124    10.730 r  cpu_inst/instr_mem_inst/instruction_reg_i_1/O
                         net (fo=2, unplaced)         0.800    11.530    cpu_inst/instr_mem_inst/instruction_reg_i_1_n_0
                         RAMB18E1                                     r  cpu_inst/instr_mem_inst/instruction_reg/RSTRAMARSTRAM
  -------------------------------------------------------------------    -------------------

                         (clock sys_clk_pin rise edge)
                                                     10.000    10.000 r  <hidden>
                         propagated clock network latency
                                                      2.678    12.678    <hidden>
                         clock pessimism              0.115    12.793    <hidden>
                         clock uncertainty           -0.035    12.758    <hidden>
                         RAMB18E1 (Setup_ramb18e1_CLKARDCLK_RSTRAMARSTRAM)
                                                     -0.359    12.399    cpu_inst/instr_mem_inst/instruction_reg
  -------------------------------------------------------------------
                         required time                         12.399    <hidden>
                         arrival time                         -11.530    <hidden>
  -------------------------------------------------------------------
                         slack                                  0.869    <hidden>

Slack (MET) :             0.869ns  (required time - arrival time)
  Source:                 cpu_inst/pc_reg[5]/C
                            (rising edge-triggered cell FDRE clocked by sys_clk_pin  {rise@0.000ns fall@5.000ns period=10.000ns})
  Destination:            cpu_inst/instr_mem_inst/instruction_reg/RSTRAMB
                            (rising edge-triggered cell RAMB18E1 clocked by sys_clk_pin  {rise@0.000ns fall@5.000ns period=10.000ns})
  Path Group:             sys_clk_pin
  Path Type:              Setup (Max at Slow Process Corner)
  Requirement:            10.000ns  (sys_clk_pin rise@10.000ns - sys_clk_pin rise@0.000ns)
  Data Path Delay:        8.592ns  (logic 4.010ns (46.673%)  route 4.582ns (53.327%))
  Logic Levels:           16  (CARRY4=10 LUT4=1 LUT6=5)
  Clock Path Skew:        -0.145ns (DCD - SCD + CPR)
    Destination Clock Delay (DCD):    2.678ns = ( 12.678 - 10.000 ) 
    Source Clock Delay      (SCD):    2.938ns
    Clock Pessimism Removal (CPR):    0.115ns
  Clock Uncertainty:      0.035ns  ((TSJ^2 + TIJ^2)^1/2 + DJ) / 2 + PE
    Total System Jitter     (TSJ):    0.071ns
    Total Input Jitter      (TIJ):    0.000ns
    Discrete Jitter          (DJ):    0.000ns
    Phase Error              (PE):    0.000ns

    Location             Delay type                Incr(ns)  Path(ns)    Netlist Resource(s)
  -------------------------------------------------------------------    -------------------
                         (clock sys_clk_pin rise edge)
                                                      0.000     0.000 r  <hidden>
                         propagated clock network latency
                                                      2.938     2.938    <hidden>
                         FDRE                         0.000     2.938 r  cpu_inst/pc_reg[5]/C
                         FDRE (Prop_fdre_C_Q)         0.456     3.394 r  cpu_inst/pc_reg[5]/Q
                         net (fo=6, unplaced)         0.997     4.391    cpu_inst/led_OBUF[3]
                         LUT6 (Prop_lut6_I0_O)        0.295     4.686 r  cpu_inst/buffered_prefetch_match0_carry_i_3/O
                         net (fo=1, unplaced)         0.000     4.686    cpu_inst/buffered_prefetch_match0_carry_i_3_n_0
                         CARRY4 (Prop_carry4_S[1]_CO[3])
                                                      0.533     5.219 r  cpu_inst/buffered_prefetch_match0_carry/CO[3]
                         net (fo=1, unplaced)         0.009     5.228    cpu_inst/buffered_prefetch_match0_carry_n_0
                         CARRY4 (Prop_carry4_CI_CO[3])
                                                      0.117     5.345 r  cpu_inst/buffered_prefetch_match0_carry__0/CO[3]
                         net (fo=1, unplaced)         0.000     5.345    cpu_inst/buffered_prefetch_match0_carry__0_n_0
                         CARRY4 (Prop_carry4_CI_CO[2])
                                                      0.252     5.597 r  cpu_inst/buffered_prefetch_match0_carry__1/CO[2]
                         net (fo=37, unplaced)        0.527     6.124    cpu_inst/buffered_prefetch_match0
                         LUT4 (Prop_lut4_I2_O)        0.310     6.434 r  cpu_inst/i__carry_i_3/O
                         net (fo=1, unplaced)         0.000     6.434    cpu_inst/i__carry_i_3_n_0
                         CARRY4 (Prop_carry4_S[1]_CO[3])
                                                      0.533     6.967 r  cpu_inst/pc0_inferred__2/i__carry/CO[3]
                         net (fo=1, unplaced)         0.009     6.976    cpu_inst/pc0_inferred__2/i__carry_n_0
                         CARRY4 (Prop_carry4_CI_CO[3])
                                                      0.117     7.093 r  cpu_inst/pc0_inferred__2/i__carry__0/CO[3]
                         net (fo=1, unplaced)         0.000     7.093    cpu_inst/pc0_inferred__2/i__carry__0_n_0
                         CARRY4 (Prop_carry4_CI_CO[3])
                                                      0.117     7.210 r  cpu_inst/pc0_inferred__2/i__carry__1/CO[3]
                         net (fo=1, unplaced)         0.000     7.210    cpu_inst/pc0_inferred__2/i__carry__1_n_0
                         CARRY4 (Prop_carry4_CI_CO[3])
                                                      0.117     7.327 r  cpu_inst/pc0_inferred__2/i__carry__2/CO[3]
                         net (fo=1, unplaced)         0.000     7.327    cpu_inst/pc0_inferred__2/i__carry__2_n_0
                         CARRY4 (Prop_carry4_CI_CO[3])
                                                      0.117     7.444 r  cpu_inst/pc0_inferred__2/i__carry__3/CO[3]
                         net (fo=1, unplaced)         0.000     7.444    cpu_inst/pc0_inferred__2/i__carry__3_n_0
                         CARRY4 (Prop_carry4_CI_CO[3])
                                                      0.117     7.561 r  cpu_inst/pc0_inferred__2/i__carry__4/CO[3]
                         net (fo=1, unplaced)         0.000     7.561    cpu_inst/pc0_inferred__2/i__carry__4_n_0
                         CARRY4 (Prop_carry4_CI_O[2])
                                                      0.256     7.817 r  cpu_inst/pc0_inferred__2/i__carry__5/O[2]
                         net (fo=3, unplaced)         0.923     8.740    cpu_inst/instr_mem_inst/in8[25]
                         LUT6 (Prop_lut6_I3_O)        0.301     9.041 r  cpu_inst/instr_mem_inst/instruction_reg_i_40/O
                         net (fo=1, unplaced)         0.449     9.490    cpu_inst/instr_mem_inst/instruction_reg_i_40_n_0
                         LUT6 (Prop_lut6_I5_O)        0.124     9.614 r  cpu_inst/instr_mem_inst/instruction_reg_i_26/O
                         net (fo=1, unplaced)         0.419    10.033    cpu_inst/instr_mem_inst/instruction_reg_i_26_n_0
                         LUT6 (Prop_lut6_I2_O)        0.124    10.157 r  cpu_inst/instr_mem_inst/instruction_reg_i_11/O
                         net (fo=1, unplaced)         0.449    10.606    cpu_inst/instr_mem_inst/instruction_reg_i_11_n_0
                         LUT6 (Prop_lut6_I1_O)        0.124    10.730 r  cpu_inst/instr_mem_inst/instruction_reg_i_1/O
                         net (fo=2, unplaced)         0.800    11.530    cpu_inst/instr_mem_inst/instruction_reg_i_1_n_0
                         RAMB18E1                                     r  cpu_inst/instr_mem_inst/instruction_reg/RSTRAMB
  -------------------------------------------------------------------    -------------------

                         (clock sys_clk_pin rise edge)
                                                     10.000    10.000 r  <hidden>
                         propagated clock network latency
                                                      2.678    12.678    <hidden>
                         clock pessimism              0.115    12.793    <hidden>
                         clock uncertainty           -0.035    12.758    <hidden>
                         RAMB18E1 (Setup_ramb18e1_CLKBWRCLK_RSTRAMB)
                                                     -0.359    12.399    cpu_inst/instr_mem_inst/instruction_reg
  -------------------------------------------------------------------
                         required time                         12.399    <hidden>
                         arrival time                         -11.530    <hidden>
  -------------------------------------------------------------------
                         slack                                  0.869    <hidden>

Slack (MET) :             2.569ns  (required time - arrival time)
  Source:                 cpu_inst/pc_reg[5]/C
                            (rising edge-triggered cell FDRE clocked by sys_clk_pin  {rise@0.000ns fall@5.000ns period=10.000ns})
  Destination:            cpu_inst/instr_mem_inst/instruction_reg/ADDRARDADDR[10]
                            (rising edge-triggered cell RAMB18E1 clocked by sys_clk_pin  {rise@0.000ns fall@5.000ns period=10.000ns})
  Path Group:             sys_clk_pin
  Path Type:              Setup (Max at Slow Process Corner)
  Requirement:            10.000ns  (sys_clk_pin rise@10.000ns - sys_clk_pin rise@0.000ns)
  Data Path Delay:        6.685ns  (logic 3.258ns (48.738%)  route 3.427ns (51.262%))
  Logic Levels:           9  (CARRY4=5 LUT4=1 LUT5=2 LUT6=1)
  Clock Path Skew:        -0.145ns (DCD - SCD + CPR)
    Destination Clock Delay (DCD):    2.678ns = ( 12.678 - 10.000 ) 
    Source Clock Delay      (SCD):    2.938ns
    Clock Pessimism Removal (CPR):    0.115ns
  Clock Uncertainty:      0.035ns  ((TSJ^2 + TIJ^2)^1/2 + DJ) / 2 + PE
    Total System Jitter     (TSJ):    0.071ns
    Total Input Jitter      (TIJ):    0.000ns
    Discrete Jitter          (DJ):    0.000ns
    Phase Error              (PE):    0.000ns

    Location             Delay type                Incr(ns)  Path(ns)    Netlist Resource(s)
  -------------------------------------------------------------------    -------------------
                         (clock sys_clk_pin rise edge)
                                                      0.000     0.000 r  <hidden>
                         propagated clock network latency
                                                      2.938     2.938    <hidden>
                         FDRE                         0.000     2.938 r  cpu_inst/pc_reg[5]/C
                         FDRE (Prop_fdre_C_Q)         0.456     3.394 r  cpu_inst/pc_reg[5]/Q
                         net (fo=6, unplaced)         0.997     4.391    cpu_inst/led_OBUF[3]
                         LUT6 (Prop_lut6_I0_O)        0.295     4.686 r  cpu_inst/buffered_prefetch_match0_carry_i_3/O
                         net (fo=1, unplaced)         0.000     4.686    cpu_inst/buffered_prefetch_match0_carry_i_3_n_0
                         CARRY4 (Prop_carry4_S[1]_CO[3])
                                                      0.533     5.219 r  cpu_inst/buffered_prefetch_match0_carry/CO[3]
                         net (fo=1, unplaced)         0.009     5.228    cpu_inst/buffered_prefetch_match0_carry_n_0
                         CARRY4 (Prop_carry4_CI_CO[3])
                                                      0.117     5.345 r  cpu_inst/buffered_prefetch_match0_carry__0/CO[3]
                         net (fo=1, unplaced)         0.000     5.345    cpu_inst/buffered_prefetch_match0_carry__0_n_0
                         CARRY4 (Prop_carry4_CI_CO[2])
                                                      0.252     5.597 r  cpu_inst/buffered_prefetch_match0_carry__1/CO[2]
                         net (fo=37, unplaced)        0.527     6.124    cpu_inst/buffered_prefetch_match0
                         LUT4 (Prop_lut4_I2_O)        0.310     6.434 r  cpu_inst/i__carry_i_3/O
                         net (fo=1, unplaced)         0.000     6.434    cpu_inst/i__carry_i_3_n_0
                         CARRY4 (Prop_carry4_S[1]_CO[3])
                                                      0.533     6.967 r  cpu_inst/pc0_inferred__2/i__carry/CO[3]
                         net (fo=1, unplaced)         0.009     6.976    cpu_inst/pc0_inferred__2/i__carry_n_0
                         CARRY4 (Prop_carry4_CI_O[3])
                                                      0.331     7.307 r  cpu_inst/pc0_inferred__2/i__carry__0/O[3]
                         net (fo=3, unplaced)         0.636     7.943    cpu_inst/instr_mem_inst/in8[6]
                         LUT5 (Prop_lut5_I1_O)        0.307     8.250 r  cpu_inst/instr_mem_inst/instruction_reg_i_17/O
                         net (fo=1, unplaced)         0.449     8.699    cpu_inst/instr_mem_inst/instruction_reg_i_17_n_0
                         LUT5 (Prop_lut5_I0_O)        0.124     8.823 r  cpu_inst/instr_mem_inst/instruction_reg_i_3/O
                         net (fo=2, unplaced)         0.800     9.623    cpu_inst/instr_mem_inst/instruction_reg_i_3_n_0
                         RAMB18E1                                     r  cpu_inst/instr_mem_inst/instruction_reg/ADDRARDADDR[10]
  -------------------------------------------------------------------    -------------------

                         (clock sys_clk_pin rise edge)
                                                     10.000    10.000 r  <hidden>
                         propagated clock network latency
                                                      2.678    12.678    <hidden>
                         clock pessimism              0.115    12.793    <hidden>
                         clock uncertainty           -0.035    12.758    <hidden>
                         RAMB18E1 (Setup_ramb18e1_CLKARDCLK_ADDRARDADDR[10])
                                                     -0.566    12.192    cpu_inst/instr_mem_inst/instruction_reg
  -------------------------------------------------------------------
                         required time                         12.192    <hidden>
                         arrival time                          -9.623    <hidden>
  -------------------------------------------------------------------
                         slack                                  2.569    <hidden>

Slack (MET) :             2.569ns  (required time - arrival time)
  Source:                 cpu_inst/pc_reg[5]/C
                            (rising edge-triggered cell FDRE clocked by sys_clk_pin  {rise@0.000ns fall@5.000ns period=10.000ns})
  Destination:            cpu_inst/instr_mem_inst/instruction_reg/ADDRBWRADDR[10]
                            (rising edge-triggered cell RAMB18E1 clocked by sys_clk_pin  {rise@0.000ns fall@5.000ns period=10.000ns})
  Path Group:             sys_clk_pin
  Path Type:              Setup (Max at Slow Process Corner)
  Requirement:            10.000ns  (sys_clk_pin rise@10.000ns - sys_clk_pin rise@0.000ns)
  Data Path Delay:        6.685ns  (logic 3.258ns (48.738%)  route 3.427ns (51.262%))
  Logic Levels:           9  (CARRY4=5 LUT4=1 LUT5=2 LUT6=1)
  Clock Path Skew:        -0.145ns (DCD - SCD + CPR)
    Destination Clock Delay (DCD):    2.678ns = ( 12.678 - 10.000 ) 
    Source Clock Delay      (SCD):    2.938ns
    Clock Pessimism Removal (CPR):    0.115ns
  Clock Uncertainty:      0.035ns  ((TSJ^2 + TIJ^2)^1/2 + DJ) / 2 + PE
    Total System Jitter     (TSJ):    0.071ns
    Total Input Jitter      (TIJ):    0.000ns
    Discrete Jitter          (DJ):    0.000ns
    Phase Error              (PE):    0.000ns

    Location             Delay type                Incr(ns)  Path(ns)    Netlist Resource(s)
  -------------------------------------------------------------------    -------------------
                         (clock sys_clk_pin rise edge)
                                                      0.000     0.000 r  <hidden>
                         propagated clock network latency
                                                      2.938     2.938    <hidden>
                         FDRE                         0.000     2.938 r  cpu_inst/pc_reg[5]/C
                         FDRE (Prop_fdre_C_Q)         0.456     3.394 r  cpu_inst/pc_reg[5]/Q
                         net (fo=6, unplaced)         0.997     4.391    cpu_inst/led_OBUF[3]
                         LUT6 (Prop_lut6_I0_O)        0.295     4.686 r  cpu_inst/buffered_prefetch_match0_carry_i_3/O
                         net (fo=1, unplaced)         0.000     4.686    cpu_inst/buffered_prefetch_match0_carry_i_3_n_0
                         CARRY4 (Prop_carry4_S[1]_CO[3])
                                                      0.533     5.219 r  cpu_inst/buffered_prefetch_match0_carry/CO[3]
                         net (fo=1, unplaced)         0.009     5.228    cpu_inst/buffered_prefetch_match0_carry_n_0
                         CARRY4 (Prop_carry4_CI_CO[3])
                                                      0.117     5.345 r  cpu_inst/buffered_prefetch_match0_carry__0/CO[3]
                         net (fo=1, unplaced)         0.000     5.345    cpu_inst/buffered_prefetch_match0_carry__0_n_0
                         CARRY4 (Prop_carry4_CI_CO[2])
                                                      0.252     5.597 r  cpu_inst/buffered_prefetch_match0_carry__1/CO[2]
                         net (fo=37, unplaced)        0.527     6.124    cpu_inst/buffered_prefetch_match0
                         LUT4 (Prop_lut4_I2_O)        0.310     6.434 r  cpu_inst/i__carry_i_3/O
                         net (fo=1, unplaced)         0.000     6.434    cpu_inst/i__carry_i_3_n_0
                         CARRY4 (Prop_carry4_S[1]_CO[3])
                                                      0.533     6.967 r  cpu_inst/pc0_inferred__2/i__carry/CO[3]
                         net (fo=1, unplaced)         0.009     6.976    cpu_inst/pc0_inferred__2/i__carry_n_0
                         CARRY4 (Prop_carry4_CI_O[3])
                                                      0.331     7.307 r  cpu_inst/pc0_inferred__2/i__carry__0/O[3]
                         net (fo=3, unplaced)         0.636     7.943    cpu_inst/instr_mem_inst/in8[6]
                         LUT5 (Prop_lut5_I1_O)        0.307     8.250 r  cpu_inst/instr_mem_inst/instruction_reg_i_17/O
                         net (fo=1, unplaced)         0.449     8.699    cpu_inst/instr_mem_inst/instruction_reg_i_17_n_0
                         LUT5 (Prop_lut5_I0_O)        0.124     8.823 r  cpu_inst/instr_mem_inst/instruction_reg_i_3/O
                         net (fo=2, unplaced)         0.800     9.623    cpu_inst/instr_mem_inst/instruction_reg_i_3_n_0
                         RAMB18E1                                     r  cpu_inst/instr_mem_inst/instruction_reg/ADDRBWRADDR[10]
  -------------------------------------------------------------------    -------------------

                         (clock sys_clk_pin rise edge)
                                                     10.000    10.000 r  <hidden>
                         propagated clock network latency
                                                      2.678    12.678    <hidden>
                         clock pessimism              0.115    12.793    <hidden>
                         clock uncertainty           -0.035    12.758    <hidden>
                         RAMB18E1 (Setup_ramb18e1_CLKBWRCLK_ADDRBWRADDR[10])
                                                     -0.566    12.192    cpu_inst/instr_mem_inst/instruction_reg
  -------------------------------------------------------------------
                         required time                         12.192    <hidden>
                         arrival time                          -9.623    <hidden>
  -------------------------------------------------------------------
                         slack                                  2.569    <hidden>

Slack (MET) :             2.816ns  (required time - arrival time)
  Source:                 cpu_inst/pc_reg[5]/C
                            (rising edge-triggered cell FDRE clocked by sys_clk_pin  {rise@0.000ns fall@5.000ns period=10.000ns})
  Destination:            cpu_inst/instr_mem_inst/instruction_reg/ADDRARDADDR[9]
                            (rising edge-triggered cell RAMB18E1 clocked by sys_clk_pin  {rise@0.000ns fall@5.000ns period=10.000ns})
  Path Group:             sys_clk_pin
  Path Type:              Setup (Max at Slow Process Corner)
  Requirement:            10.000ns  (sys_clk_pin rise@10.000ns - sys_clk_pin rise@0.000ns)
  Data Path Delay:        6.438ns  (logic 3.177ns (49.350%)  route 3.261ns (50.650%))
  Logic Levels:           9  (CARRY4=5 LUT4=1 LUT5=2 LUT6=1)
  Clock Path Skew:        -0.145ns (DCD - SCD + CPR)
    Destination Clock Delay (DCD):    2.678ns = ( 12.678 - 10.000 ) 
    Source Clock Delay      (SCD):    2.938ns
    Clock Pessimism Removal (CPR):    0.115ns
  Clock Uncertainty:      0.035ns  ((TSJ^2 + TIJ^2)^1/2 + DJ) / 2 + PE
    Total System Jitter     (TSJ):    0.071ns
    Total Input Jitter      (TIJ):    0.000ns
    Discrete Jitter          (DJ):    0.000ns
    Phase Error              (PE):    0.000ns

    Location             Delay type                Incr(ns)  Path(ns)    Netlist Resource(s)
  -------------------------------------------------------------------    -------------------
                         (clock sys_clk_pin rise edge)
                                                      0.000     0.000 r  <hidden>
                         propagated clock network latency
                                                      2.938     2.938    <hidden>
                         FDRE                         0.000     2.938 r  cpu_inst/pc_reg[5]/C
                         FDRE (Prop_fdre_C_Q)         0.456     3.394 r  cpu_inst/pc_reg[5]/Q
                         net (fo=6, unplaced)         0.997     4.391    cpu_inst/led_OBUF[3]
                         LUT6 (Prop_lut6_I0_O)        0.295     4.686 r  cpu_inst/buffered_prefetch_match0_carry_i_3/O
                         net (fo=1, unplaced)         0.000     4.686    cpu_inst/buffered_prefetch_match0_carry_i_3_n_0
                         CARRY4 (Prop_carry4_S[1]_CO[3])
                                                      0.533     5.219 r  cpu_inst/buffered_prefetch_match0_carry/CO[3]
                         net (fo=1, unplaced)         0.009     5.228    cpu_inst/buffered_prefetch_match0_carry_n_0
                         CARRY4 (Prop_carry4_CI_CO[3])
                                                      0.117     5.345 r  cpu_inst/buffered_prefetch_match0_carry__0/CO[3]
                         net (fo=1, unplaced)         0.000     5.345    cpu_inst/buffered_prefetch_match0_carry__0_n_0
                         CARRY4 (Prop_carry4_CI_CO[2])
                                                      0.252     5.597 r  cpu_inst/buffered_prefetch_match0_carry__1/CO[2]
                         net (fo=37, unplaced)        0.527     6.124    cpu_inst/buffered_prefetch_match0
                         LUT4 (Prop_lut4_I2_O)        0.310     6.434 r  cpu_inst/i__carry_i_3/O
                         net (fo=1, unplaced)         0.000     6.434    cpu_inst/i__carry_i_3_n_0
                         CARRY4 (Prop_carry4_S[1]_CO[3])
                                                      0.533     6.967 r  cpu_inst/pc0_inferred__2/i__carry/CO[3]
                         net (fo=1, unplaced)         0.009     6.976    cpu_inst/pc0_inferred__2/i__carry_n_0
                         CARRY4 (Prop_carry4_CI_O[2])
                                                      0.256     7.232 r  cpu_inst/pc0_inferred__2/i__carry__0/O[2]
                         net (fo=3, unplaced)         0.470     7.702    cpu_inst/instr_mem_inst/in8[5]
                         LUT5 (Prop_lut5_I1_O)        0.301     8.003 r  cpu_inst/instr_mem_inst/instruction_reg_i_18/O
                         net (fo=1, unplaced)         0.449     8.452    cpu_inst/instr_mem_inst/instruction_reg_i_18_n_0
                         LUT5 (Prop_lut5_I0_O)        0.124     8.576 r  cpu_inst/instr_mem_inst/instruction_reg_i_4/O
                         net (fo=2, unplaced)         0.800     9.376    cpu_inst/instr_mem_inst/instruction_reg_i_4_n_0
                         RAMB18E1                                     r  cpu_inst/instr_mem_inst/instruction_reg/ADDRARDADDR[9]
  -------------------------------------------------------------------    -------------------

                         (clock sys_clk_pin rise edge)
                                                     10.000    10.000 r  <hidden>
                         propagated clock network latency
                                                      2.678    12.678    <hidden>
                         clock pessimism              0.115    12.793    <hidden>
                         clock uncertainty           -0.035    12.758    <hidden>
                         RAMB18E1 (Setup_ramb18e1_CLKARDCLK_ADDRARDADDR[9])
                                                     -0.566    12.192    cpu_inst/instr_mem_inst/instruction_reg
  -------------------------------------------------------------------
                         required time                         12.192    <hidden>
                         arrival time                          -9.376    <hidden>
  -------------------------------------------------------------------
                         slack                                  2.816    <hidden>

Slack (MET) :             2.816ns  (required time - arrival time)
  Source:                 cpu_inst/pc_reg[5]/C
                            (rising edge-triggered cell FDRE clocked by sys_clk_pin  {rise@0.000ns fall@5.000ns period=10.000ns})
  Destination:            cpu_inst/instr_mem_inst/instruction_reg/ADDRBWRADDR[9]
                            (rising edge-triggered cell RAMB18E1 clocked by sys_clk_pin  {rise@0.000ns fall@5.000ns period=10.000ns})
  Path Group:             sys_clk_pin
  Path Type:              Setup (Max at Slow Process Corner)
  Requirement:            10.000ns  (sys_clk_pin rise@10.000ns - sys_clk_pin rise@0.000ns)
  Data Path Delay:        6.438ns  (logic 3.177ns (49.350%)  route 3.261ns (50.650%))
  Logic Levels:           9  (CARRY4=5 LUT4=1 LUT5=2 LUT6=1)
  Clock Path Skew:        -0.145ns (DCD - SCD + CPR)
    Destination Clock Delay (DCD):    2.678ns = ( 12.678 - 10.000 ) 
    Source Clock Delay      (SCD):    2.938ns
    Clock Pessimism Removal (CPR):    0.115ns
  Clock Uncertainty:      0.035ns  ((TSJ^2 + TIJ^2)^1/2 + DJ) / 2 + PE
    Total System Jitter     (TSJ):    0.071ns
    Total Input Jitter      (TIJ):    0.000ns
    Discrete Jitter          (DJ):    0.000ns
    Phase Error              (PE):    0.000ns

    Location             Delay type                Incr(ns)  Path(ns)    Netlist Resource(s)
  -------------------------------------------------------------------    -------------------
                         (clock sys_clk_pin rise edge)
                                                      0.000     0.000 r  <hidden>
                         propagated clock network latency
                                                      2.938     2.938    <hidden>
                         FDRE                         0.000     2.938 r  cpu_inst/pc_reg[5]/C
                         FDRE (Prop_fdre_C_Q)         0.456     3.394 r  cpu_inst/pc_reg[5]/Q
                         net (fo=6, unplaced)         0.997     4.391    cpu_inst/led_OBUF[3]
                         LUT6 (Prop_lut6_I0_O)        0.295     4.686 r  cpu_inst/buffered_prefetch_match0_carry_i_3/O
                         net (fo=1, unplaced)         0.000     4.686    cpu_inst/buffered_prefetch_match0_carry_i_3_n_0
                         CARRY4 (Prop_carry4_S[1]_CO[3])
                                                      0.533     5.219 r  cpu_inst/buffered_prefetch_match0_carry/CO[3]
                         net (fo=1, unplaced)         0.009     5.228    cpu_inst/buffered_prefetch_match0_carry_n_0
                         CARRY4 (Prop_carry4_CI_CO[3])
                                                      0.117     5.345 r  cpu_inst/buffered_prefetch_match0_carry__0/CO[3]
                         net (fo=1, unplaced)         0.000     5.345    cpu_inst/buffered_prefetch_match0_carry__0_n_0
                         CARRY4 (Prop_carry4_CI_CO[2])
                                                      0.252     5.597 r  cpu_inst/buffered_prefetch_match0_carry__1/CO[2]
                         net (fo=37, unplaced)        0.527     6.124    cpu_inst/buffered_prefetch_match0
                         LUT4 (Prop_lut4_I2_O)        0.310     6.434 r  cpu_inst/i__carry_i_3/O
                         net (fo=1, unplaced)         0.000     6.434    cpu_inst/i__carry_i_3_n_0
                         CARRY4 (Prop_carry4_S[1]_CO[3])
                                                      0.533     6.967 r  cpu_inst/pc0_inferred__2/i__carry/CO[3]
                         net (fo=1, unplaced)         0.009     6.976    cpu_inst/pc0_inferred__2/i__carry_n_0
                         CARRY4 (Prop_carry4_CI_O[2])
                                                      0.256     7.232 r  cpu_inst/pc0_inferred__2/i__carry__0/O[2]
                         net (fo=3, unplaced)         0.470     7.702    cpu_inst/instr_mem_inst/in8[5]
                         LUT5 (Prop_lut5_I1_O)        0.301     8.003 r  cpu_inst/instr_mem_inst/instruction_reg_i_18/O
                         net (fo=1, unplaced)         0.449     8.452    cpu_inst/instr_mem_inst/instruction_reg_i_18_n_0
                         LUT5 (Prop_lut5_I0_O)        0.124     8.576 r  cpu_inst/instr_mem_inst/instruction_reg_i_4/O
                         net (fo=2, unplaced)         0.800     9.376    cpu_inst/instr_mem_inst/instruction_reg_i_4_n_0
                         RAMB18E1                                     r  cpu_inst/instr_mem_inst/instruction_reg/ADDRBWRADDR[9]
  -------------------------------------------------------------------    -------------------

                         (clock sys_clk_pin rise edge)
                                                     10.000    10.000 r  <hidden>
                         propagated clock network latency
                                                      2.678    12.678    <hidden>
                         clock pessimism              0.115    12.793    <hidden>
                         clock uncertainty           -0.035    12.758    <hidden>
                         RAMB18E1 (Setup_ramb18e1_CLKBWRCLK_ADDRBWRADDR[9])
                                                     -0.566    12.192    cpu_inst/instr_mem_inst/instruction_reg
  -------------------------------------------------------------------
                         required time                         12.192    <hidden>
                         arrival time                          -9.376    <hidden>
  -------------------------------------------------------------------
                         slack                                  2.816    <hidden>

Slack (MET) :             2.870ns  (required time - arrival time)
  Source:                 cpu_inst/pc_reg[5]/C
                            (rising edge-triggered cell FDRE clocked by sys_clk_pin  {rise@0.000ns fall@5.000ns period=10.000ns})
  Destination:            cpu_inst/instr_mem_inst/instruction_reg/ADDRARDADDR[11]
                            (rising edge-triggered cell RAMB18E1 clocked by sys_clk_pin  {rise@0.000ns fall@5.000ns period=10.000ns})
  Path Group:             sys_clk_pin
  Path Type:              Setup (Max at Slow Process Corner)
  Requirement:            10.000ns  (sys_clk_pin rise@10.000ns - sys_clk_pin rise@0.000ns)
  Data Path Delay:        6.384ns  (logic 3.264ns (51.130%)  route 3.120ns (48.870%))
  Logic Levels:           10  (CARRY4=6 LUT4=1 LUT5=2 LUT6=1)
  Clock Path Skew:        -0.145ns (DCD - SCD + CPR)
    Destination Clock Delay (DCD):    2.678ns = ( 12.678 - 10.000 ) 
    Source Clock Delay      (SCD):    2.938ns
    Clock Pessimism Removal (CPR):    0.115ns
  Clock Uncertainty:      0.035ns  ((TSJ^2 + TIJ^2)^1/2 + DJ) / 2 + PE
    Total System Jitter     (TSJ):    0.071ns
    Total Input Jitter      (TIJ):    0.000ns
    Discrete Jitter          (DJ):    0.000ns
    Phase Error              (PE):    0.000ns

    Location             Delay type                Incr(ns)  Path(ns)    Netlist Resource(s)
  -------------------------------------------------------------------    -------------------
                         (clock sys_clk_pin rise edge)
                                                      0.000     0.000 r  <hidden>
                         propagated clock network latency
                                                      2.938     2.938    <hidden>
                         FDRE                         0.000     2.938 r  cpu_inst/pc_reg[5]/C
                         FDRE (Prop_fdre_C_Q)         0.456     3.394 r  cpu_inst/pc_reg[5]/Q
                         net (fo=6, unplaced)         0.997     4.391    cpu_inst/led_OBUF[3]
                         LUT6 (Prop_lut6_I0_O)        0.295     4.686 r  cpu_inst/buffered_prefetch_match0_carry_i_3/O
                         net (fo=1, unplaced)         0.000     4.686    cpu_inst/buffered_prefetch_match0_carry_i_3_n_0
                         CARRY4 (Prop_carry4_S[1]_CO[3])
                                                      0.533     5.219 r  cpu_inst/buffered_prefetch_match0_carry/CO[3]
                         net (fo=1, unplaced)         0.009     5.228    cpu_inst/buffered_prefetch_match0_carry_n_0
                         CARRY4 (Prop_carry4_CI_CO[3])
                                                      0.117     5.345 r  cpu_inst/buffered_prefetch_match0_carry__0/CO[3]
                         net (fo=1, unplaced)         0.000     5.345    cpu_inst/buffered_prefetch_match0_carry__0_n_0
                         CARRY4 (Prop_carry4_CI_CO[2])
                                                      0.252     5.597 r  cpu_inst/buffered_prefetch_match0_carry__1/CO[2]
                         net (fo=37, unplaced)        0.527     6.124    cpu_inst/buffered_prefetch_match0
                         LUT4 (Prop_lut4_I2_O)        0.310     6.434 r  cpu_inst/i__carry_i_3/O
                         net (fo=1, unplaced)         0.000     6.434    cpu_inst/i__carry_i_3_n_0
                         CARRY4 (Prop_carry4_S[1]_CO[3])
                                                      0.533     6.967 r  cpu_inst/pc0_inferred__2/i__carry/CO[3]
                         net (fo=1, unplaced)         0.009     6.976    cpu_inst/pc0_inferred__2/i__carry_n_0
                         CARRY4 (Prop_carry4_CI_CO[3])
                                                      0.117     7.093 r  cpu_inst/pc0_inferred__2/i__carry__0/CO[3]
                         net (fo=1, unplaced)         0.000     7.093    cpu_inst/pc0_inferred__2/i__carry__0_n_0
                         CARRY4 (Prop_carry4_CI_O[0])
                                                      0.232     7.325 r  cpu_inst/pc0_inferred__2/i__carry__1/O[0]
                         net (fo=3, unplaced)         0.329     7.654    cpu_inst/instr_mem_inst/in8[7]
                         LUT5 (Prop_lut5_I1_O)        0.295     7.949 r  cpu_inst/instr_mem_inst/instruction_reg_i_16/O
                         net (fo=1, unplaced)         0.449     8.398    cpu_inst/instr_mem_inst/instruction_reg_i_16_n_0
                         LUT5 (Prop_lut5_I0_O)        0.124     8.522 r  cpu_inst/instr_mem_inst/instruction_reg_i_2/O
                         net (fo=2, unplaced)         0.800     9.322    cpu_inst/instr_mem_inst/instruction_reg_i_2_n_0
                         RAMB18E1                                     r  cpu_inst/instr_mem_inst/instruction_reg/ADDRARDADDR[11]
  -------------------------------------------------------------------    -------------------

                         (clock sys_clk_pin rise edge)
                                                     10.000    10.000 r  <hidden>
                         propagated clock network latency
                                                      2.678    12.678    <hidden>
                         clock pessimism              0.115    12.793    <hidden>
                         clock uncertainty           -0.035    12.758    <hidden>
                         RAMB18E1 (Setup_ramb18e1_CLKARDCLK_ADDRARDADDR[11])
                                                     -0.566    12.192    cpu_inst/instr_mem_inst/instruction_reg
  -------------------------------------------------------------------
                         required time                         12.192    <hidden>
                         arrival time                          -9.322    <hidden>
  -------------------------------------------------------------------
                         slack                                  2.870    <hidden>

Slack (MET) :             2.870ns  (required time - arrival time)
  Source:                 cpu_inst/pc_reg[5]/C
                            (rising edge-triggered cell FDRE clocked by sys_clk_pin  {rise@0.000ns fall@5.000ns period=10.000ns})
  Destination:            cpu_inst/instr_mem_inst/instruction_reg/ADDRARDADDR[8]
                            (rising edge-triggered cell RAMB18E1 clocked by sys_clk_pin  {rise@0.000ns fall@5.000ns period=10.000ns})
  Path Group:             sys_clk_pin
  Path Type:              Setup (Max at Slow Process Corner)
  Requirement:            10.000ns  (sys_clk_pin rise@10.000ns - sys_clk_pin rise@0.000ns)
  Data Path Delay:        6.384ns  (logic 3.263ns (51.114%)  route 3.121ns (48.886%))
  Logic Levels:           9  (CARRY4=5 LUT4=1 LUT5=2 LUT6=1)
  Clock Path Skew:        -0.145ns (DCD - SCD + CPR)
    Destination Clock Delay (DCD):    2.678ns = ( 12.678 - 10.000 ) 
    Source Clock Delay      (SCD):    2.938ns
    Clock Pessimism Removal (CPR):    0.115ns
  Clock Uncertainty:      0.035ns  ((TSJ^2 + TIJ^2)^1/2 + DJ) / 2 + PE
    Total System Jitter     (TSJ):    0.071ns
    Total Input Jitter      (TIJ):    0.000ns
    Discrete Jitter          (DJ):    0.000ns
    Phase Error              (PE):    0.000ns

    Location             Delay type                Incr(ns)  Path(ns)    Netlist Resource(s)
  -------------------------------------------------------------------    -------------------
                         (clock sys_clk_pin rise edge)
                                                      0.000     0.000 r  <hidden>
                         propagated clock network latency
                                                      2.938     2.938    <hidden>
                         FDRE                         0.000     2.938 r  cpu_inst/pc_reg[5]/C
                         FDRE (Prop_fdre_C_Q)         0.456     3.394 r  cpu_inst/pc_reg[5]/Q
                         net (fo=6, unplaced)         0.997     4.391    cpu_inst/led_OBUF[3]
                         LUT6 (Prop_lut6_I0_O)        0.295     4.686 r  cpu_inst/buffered_prefetch_match0_carry_i_3/O
                         net (fo=1, unplaced)         0.000     4.686    cpu_inst/buffered_prefetch_match0_carry_i_3_n_0
                         CARRY4 (Prop_carry4_S[1]_CO[3])
                                                      0.533     5.219 r  cpu_inst/buffered_prefetch_match0_carry/CO[3]
                         net (fo=1, unplaced)         0.009     5.228    cpu_inst/buffered_prefetch_match0_carry_n_0
                         CARRY4 (Prop_carry4_CI_CO[3])
                                                      0.117     5.345 r  cpu_inst/buffered_prefetch_match0_carry__0/CO[3]
                         net (fo=1, unplaced)         0.000     5.345    cpu_inst/buffered_prefetch_match0_carry__0_n_0
                         CARRY4 (Prop_carry4_CI_CO[2])
                                                      0.252     5.597 r  cpu_inst/buffered_prefetch_match0_carry__1/CO[2]
                         net (fo=37, unplaced)        0.527     6.124    cpu_inst/buffered_prefetch_match0
                         LUT4 (Prop_lut4_I2_O)        0.310     6.434 r  cpu_inst/i__carry_i_3/O
                         net (fo=1, unplaced)         0.000     6.434    cpu_inst/i__carry_i_3_n_0
                         CARRY4 (Prop_carry4_S[1]_CO[3])
                                                      0.533     6.967 r  cpu_inst/pc0_inferred__2/i__carry/CO[3]
                         net (fo=1, unplaced)         0.009     6.976    cpu_inst/pc0_inferred__2/i__carry_n_0
                         CARRY4 (Prop_carry4_CI_O[1])
                                                      0.337     7.313 r  cpu_inst/pc0_inferred__2/i__carry__0/O[1]
                         net (fo=3, unplaced)         0.330     7.643    cpu_inst/instr_mem_inst/in8[4]
                         LUT5 (Prop_lut5_I1_O)        0.306     7.949 r  cpu_inst/instr_mem_inst/instruction_reg_i_19/O
                         net (fo=1, unplaced)         0.449     8.398    cpu_inst/instr_mem_inst/instruction_reg_i_19_n_0
                         LUT5 (Prop_lut5_I0_O)        0.124     8.522 r  cpu_inst/instr_mem_inst/instruction_reg_i_5/O
                         net (fo=2, unplaced)         0.800     9.322    cpu_inst/instr_mem_inst/instruction_reg_i_5_n_0
                         RAMB18E1                                     r  cpu_inst/instr_mem_inst/instruction_reg/ADDRARDADDR[8]
  -------------------------------------------------------------------    -------------------

                         (clock sys_clk_pin rise edge)
                                                     10.000    10.000 r  <hidden>
                         propagated clock network latency
                                                      2.678    12.678    <hidden>
                         clock pessimism              0.115    12.793    <hidden>
                         clock uncertainty           -0.035    12.758    <hidden>
                         RAMB18E1 (Setup_ramb18e1_CLKARDCLK_ADDRARDADDR[8])
                                                     -0.566    12.192    cpu_inst/instr_mem_inst/instruction_reg
  -------------------------------------------------------------------
                         required time                         12.192    <hidden>
                         arrival time                          -9.322    <hidden>
  -------------------------------------------------------------------
                         slack                                  2.870    <hidden>

Slack (MET) :             2.870ns  (required time - arrival time)
  Source:                 cpu_inst/pc_reg[5]/C
                            (rising edge-triggered cell FDRE clocked by sys_clk_pin  {rise@0.000ns fall@5.000ns period=10.000ns})
  Destination:            cpu_inst/instr_mem_inst/instruction_reg/ADDRBWRADDR[11]
                            (rising edge-triggered cell RAMB18E1 clocked by sys_clk_pin  {rise@0.000ns fall@5.000ns period=10.000ns})
  Path Group:             sys_clk_pin
  Path Type:              Setup (Max at Slow Process Corner)
  Requirement:            10.000ns  (sys_clk_pin rise@10.000ns - sys_clk_pin rise@0.000ns)
  Data Path Delay:        6.384ns  (logic 3.264ns (51.130%)  route 3.120ns (48.870%))
  Logic Levels:           10  (CARRY4=6 LUT4=1 LUT5=2 LUT6=1)
  Clock Path Skew:        -0.145ns (DCD - SCD + CPR)
    Destination Clock Delay (DCD):    2.678ns = ( 12.678 - 10.000 ) 
    Source Clock Delay      (SCD):    2.938ns
    Clock Pessimism Removal (CPR):    0.115ns
  Clock Uncertainty:      0.035ns  ((TSJ^2 + TIJ^2)^1/2 + DJ) / 2 + PE
    Total System Jitter     (TSJ):    0.071ns
    Total Input Jitter      (TIJ):    0.000ns
    Discrete Jitter          (DJ):    0.000ns
    Phase Error              (PE):    0.000ns

    Location             Delay type                Incr(ns)  Path(ns)    Netlist Resource(s)
  -------------------------------------------------------------------    -------------------
                         (clock sys_clk_pin rise edge)
                                                      0.000     0.000 r  <hidden>
                         propagated clock network latency
                                                      2.938     2.938    <hidden>
                         FDRE                         0.000     2.938 r  cpu_inst/pc_reg[5]/C
                         FDRE (Prop_fdre_C_Q)         0.456     3.394 r  cpu_inst/pc_reg[5]/Q
                         net (fo=6, unplaced)         0.997     4.391    cpu_inst/led_OBUF[3]
                         LUT6 (Prop_lut6_I0_O)        0.295     4.686 r  cpu_inst/buffered_prefetch_match0_carry_i_3/O
                         net (fo=1, unplaced)         0.000     4.686    cpu_inst/buffered_prefetch_match0_carry_i_3_n_0
                         CARRY4 (Prop_carry4_S[1]_CO[3])
                                                      0.533     5.219 r  cpu_inst/buffered_prefetch_match0_carry/CO[3]
                         net (fo=1, unplaced)         0.009     5.228    cpu_inst/buffered_prefetch_match0_carry_n_0
                         CARRY4 (Prop_carry4_CI_CO[3])
                                                      0.117     5.345 r  cpu_inst/buffered_prefetch_match0_carry__0/CO[3]
                         net (fo=1, unplaced)         0.000     5.345    cpu_inst/buffered_prefetch_match0_carry__0_n_0
                         CARRY4 (Prop_carry4_CI_CO[2])
                                                      0.252     5.597 r  cpu_inst/buffered_prefetch_match0_carry__1/CO[2]
                         net (fo=37, unplaced)        0.527     6.124    cpu_inst/buffered_prefetch_match0
                         LUT4 (Prop_lut4_I2_O)        0.310     6.434 r  cpu_inst/i__carry_i_3/O
                         net (fo=1, unplaced)         0.000     6.434    cpu_inst/i__carry_i_3_n_0
                         CARRY4 (Prop_carry4_S[1]_CO[3])
                                                      0.533     6.967 r  cpu_inst/pc0_inferred__2/i__carry/CO[3]
                         net (fo=1, unplaced)         0.009     6.976    cpu_inst/pc0_inferred__2/i__carry_n_0
                         CARRY4 (Prop_carry4_CI_CO[3])
                                                      0.117     7.093 r  cpu_inst/pc0_inferred__2/i__carry__0/CO[3]
                         net (fo=1, unplaced)         0.000     7.093    cpu_inst/pc0_inferred__2/i__carry__0_n_0
                         CARRY4 (Prop_carry4_CI_O[0])
                                                      0.232     7.325 r  cpu_inst/pc0_inferred__2/i__carry__1/O[0]
                         net (fo=3, unplaced)         0.329     7.654    cpu_inst/instr_mem_inst/in8[7]
                         LUT5 (Prop_lut5_I1_O)        0.295     7.949 r  cpu_inst/instr_mem_inst/instruction_reg_i_16/O
                         net (fo=1, unplaced)         0.449     8.398    cpu_inst/instr_mem_inst/instruction_reg_i_16_n_0
                         LUT5 (Prop_lut5_I0_O)        0.124     8.522 r  cpu_inst/instr_mem_inst/instruction_reg_i_2/O
                         net (fo=2, unplaced)         0.800     9.322    cpu_inst/instr_mem_inst/instruction_reg_i_2_n_0
                         RAMB18E1                                     r  cpu_inst/instr_mem_inst/instruction_reg/ADDRBWRADDR[11]
  -------------------------------------------------------------------    -------------------

                         (clock sys_clk_pin rise edge)
                                                     10.000    10.000 r  <hidden>
                         propagated clock network latency
                                                      2.678    12.678    <hidden>
                         clock pessimism              0.115    12.793    <hidden>
                         clock uncertainty           -0.035    12.758    <hidden>
                         RAMB18E1 (Setup_ramb18e1_CLKBWRCLK_ADDRBWRADDR[11])
                                                     -0.566    12.192    cpu_inst/instr_mem_inst/instruction_reg
  -------------------------------------------------------------------
                         required time                         12.192    <hidden>
                         arrival time                          -9.322    <hidden>
  -------------------------------------------------------------------
                         slack                                  2.870    <hidden>

Slack (MET) :             2.870ns  (required time - arrival time)
  Source:                 cpu_inst/pc_reg[5]/C
                            (rising edge-triggered cell FDRE clocked by sys_clk_pin  {rise@0.000ns fall@5.000ns period=10.000ns})
  Destination:            cpu_inst/instr_mem_inst/instruction_reg/ADDRBWRADDR[8]
                            (rising edge-triggered cell RAMB18E1 clocked by sys_clk_pin  {rise@0.000ns fall@5.000ns period=10.000ns})
  Path Group:             sys_clk_pin
  Path Type:              Setup (Max at Slow Process Corner)
  Requirement:            10.000ns  (sys_clk_pin rise@10.000ns - sys_clk_pin rise@0.000ns)
  Data Path Delay:        6.384ns  (logic 3.263ns (51.114%)  route 3.121ns (48.886%))
  Logic Levels:           9  (CARRY4=5 LUT4=1 LUT5=2 LUT6=1)
  Clock Path Skew:        -0.145ns (DCD - SCD + CPR)
    Destination Clock Delay (DCD):    2.678ns = ( 12.678 - 10.000 ) 
    Source Clock Delay      (SCD):    2.938ns
    Clock Pessimism Removal (CPR):    0.115ns
  Clock Uncertainty:      0.035ns  ((TSJ^2 + TIJ^2)^1/2 + DJ) / 2 + PE
    Total System Jitter     (TSJ):    0.071ns
    Total Input Jitter      (TIJ):    0.000ns
    Discrete Jitter          (DJ):    0.000ns
    Phase Error              (PE):    0.000ns

    Location             Delay type                Incr(ns)  Path(ns)    Netlist Resource(s)
  -------------------------------------------------------------------    -------------------
                         (clock sys_clk_pin rise edge)
                                                      0.000     0.000 r  <hidden>
                         propagated clock network latency
                                                      2.938     2.938    <hidden>
                         FDRE                         0.000     2.938 r  cpu_inst/pc_reg[5]/C
                         FDRE (Prop_fdre_C_Q)         0.456     3.394 r  cpu_inst/pc_reg[5]/Q
                         net (fo=6, unplaced)         0.997     4.391    cpu_inst/led_OBUF[3]
                         LUT6 (Prop_lut6_I0_O)        0.295     4.686 r  cpu_inst/buffered_prefetch_match0_carry_i_3/O
                         net (fo=1, unplaced)         0.000     4.686    cpu_inst/buffered_prefetch_match0_carry_i_3_n_0
                         CARRY4 (Prop_carry4_S[1]_CO[3])
                                                      0.533     5.219 r  cpu_inst/buffered_prefetch_match0_carry/CO[3]
                         net (fo=1, unplaced)         0.009     5.228    cpu_inst/buffered_prefetch_match0_carry_n_0
                         CARRY4 (Prop_carry4_CI_CO[3])
                                                      0.117     5.345 r  cpu_inst/buffered_prefetch_match0_carry__0/CO[3]
                         net (fo=1, unplaced)         0.000     5.345    cpu_inst/buffered_prefetch_match0_carry__0_n_0
                         CARRY4 (Prop_carry4_CI_CO[2])
                                                      0.252     5.597 r  cpu_inst/buffered_prefetch_match0_carry__1/CO[2]
                         net (fo=37, unplaced)        0.527     6.124    cpu_inst/buffered_prefetch_match0
                         LUT4 (Prop_lut4_I2_O)        0.310     6.434 r  cpu_inst/i__carry_i_3/O
                         net (fo=1, unplaced)         0.000     6.434    cpu_inst/i__carry_i_3_n_0
                         CARRY4 (Prop_carry4_S[1]_CO[3])
                                                      0.533     6.967 r  cpu_inst/pc0_inferred__2/i__carry/CO[3]
                         net (fo=1, unplaced)         0.009     6.976    cpu_inst/pc0_inferred__2/i__carry_n_0
                         CARRY4 (Prop_carry4_CI_O[1])
                                                      0.337     7.313 r  cpu_inst/pc0_inferred__2/i__carry__0/O[1]
                         net (fo=3, unplaced)         0.330     7.643    cpu_inst/instr_mem_inst/in8[4]
                         LUT5 (Prop_lut5_I1_O)        0.306     7.949 r  cpu_inst/instr_mem_inst/instruction_reg_i_19/O
                         net (fo=1, unplaced)         0.449     8.398    cpu_inst/instr_mem_inst/instruction_reg_i_19_n_0
                         LUT5 (Prop_lut5_I0_O)        0.124     8.522 r  cpu_inst/instr_mem_inst/instruction_reg_i_5/O
                         net (fo=2, unplaced)         0.800     9.322    cpu_inst/instr_mem_inst/instruction_reg_i_5_n_0
                         RAMB18E1                                     r  cpu_inst/instr_mem_inst/instruction_reg/ADDRBWRADDR[8]
  -------------------------------------------------------------------    -------------------

                         (clock sys_clk_pin rise edge)
                                                     10.000    10.000 r  <hidden>
                         propagated clock network latency
                                                      2.678    12.678    <hidden>
                         clock pessimism              0.115    12.793    <hidden>
                         clock uncertainty           -0.035    12.758    <hidden>
                         RAMB18E1 (Setup_ramb18e1_CLKBWRCLK_ADDRBWRADDR[8])
                                                     -0.566    12.192    cpu_inst/instr_mem_inst/instruction_reg
  -------------------------------------------------------------------
                         required time                         12.192    <hidden>
                         arrival time                          -9.322    <hidden>
  -------------------------------------------------------------------
                         slack                                  2.870    <hidden>




