Copyright 1986-2022 Xilinx, Inc. All Rights Reserved. Copyright 2022-2026 Advanced Micro Devices, Inc. All Rights Reserved.
---------------------------------------------------------------------------------------------------------------------------------------------
| Tool Version : Vivado v.2026.1 (win64) Build 6511674 Tue Jun 16 11:02:23 MDT 2026
| Date         : Sat Jul 11 12:15:07 2026
| Host         : DESKTOP-4GB7DVJ running 64-bit major release  (build 9200)
| Command      : report_timing_summary -file reports/phase11e/timing/fpga_top_multicycle_bram_prefetch_ctrlopt_impl_timing_summary.rpt
| Design       : fpga_top_multicycle_bram_prefetch_ctrlopt
| Device       : 7a35t-cpg236
| Speed File   : -1  PRODUCTION 1.23 2018-06-13
| Design State : Routed
---------------------------------------------------------------------------------------------------------------------------------------------

Timing Summary Report

------------------------------------------------------------------------------------------------
| Timer Settings
| --------------
------------------------------------------------------------------------------------------------

  Enable Multi Corner Analysis               :  Yes
  Enable Pessimism Removal                   :  Yes
  Pessimism Removal Resolution               :  Nearest Common Node
  Enable Input Delay Default Clock           :  No
  Enable Preset / Clear Arcs                 :  No
  Disable Flight Delays                      :  No
  Ignore I/O Paths                           :  No
  Timing Early Launch at Borrowing Latches   :  No
  Borrow Time for Max Delay Exceptions       :  Yes
  Merge Timing Exceptions                    :  Yes
  Inter-SLR Compensation                     :  Conservative

  Corner  Analyze    Analyze    
  Name    Max Paths  Min Paths  
  ------  ---------  ---------  
  Slow    Yes        Yes        
  Fast    Yes        Yes        


------------------------------------------------------------------------------------------------
| Report Methodology
| ------------------
------------------------------------------------------------------------------------------------

No report available as report_methodology has not been run prior. Run report_methodology on the current design for the summary of methodology violations.



check_timing report

Table of Contents
-----------------
1. checking no_clock (0)
2. checking constant_clock (0)
3. checking pulse_width_clock (0)
4. checking unconstrained_internal_endpoints (0)
5. checking no_input_delay (2)
6. checking no_output_delay (16)
7. checking multiple_clock (0)
8. checking generated_clocks (0)
9. checking loops (0)
10. checking partial_input_delay (0)
11. checking partial_output_delay (0)
12. checking latch_loops (0)

1. checking no_clock (0)
------------------------
 There are 0 register/latch pins with no clock.


2. checking constant_clock (0)
------------------------------
 There are 0 register/latch pins with constant_clock.


3. checking pulse_width_clock (0)
---------------------------------
 There are 0 register/latch pins which need pulse_width check


4. checking unconstrained_internal_endpoints (0)
------------------------------------------------
 There are 0 pins that are not constrained for maximum delay.

 There are 0 pins that are not constrained for maximum delay due to constant clock.


5. checking no_input_delay (2)
------------------------------
 There are 2 input ports with no input delay specified. (HIGH)

 There are 0 input ports with no input delay but user has a false path constraint.


6. checking no_output_delay (16)
--------------------------------
 There are 16 ports with no output delay specified. (HIGH)

 There are 0 ports with no output delay but user has a false path constraint

 There are 0 ports with no output delay but with a timing clock defined on it or propagating through it


7. checking multiple_clock (0)
------------------------------
 There are 0 register/latch pins with multiple clocks.


8. checking generated_clocks (0)
--------------------------------
 There are 0 generated clocks that are not connected to a clock source.


9. checking loops (0)
---------------------
 There are 0 combinational loops in the design.


10. checking partial_input_delay (0)
------------------------------------
 There are 0 input ports with partial input delay specified.


11. checking partial_output_delay (0)
-------------------------------------
 There are 0 ports with partial output delay specified.


12. checking latch_loops (0)
----------------------------
 There are 0 combinational latch loops in the design through latch input



------------------------------------------------------------------------------------------------
| Design Timing Summary
| ---------------------
------------------------------------------------------------------------------------------------

    WNS(ns)      TNS(ns)  TNS Failing Endpoints  TNS Total Endpoints      WHS(ns)      THS(ns)  THS Failing Endpoints  THS Total Endpoints     WPWS(ns)     TPWS(ns)  TPWS Failing Endpoints  TPWS Total Endpoints  
    -------      -------  ---------------------  -------------------      -------      -------  ---------------------  -------------------     --------     --------  ----------------------  --------------------  
      1.128        0.000                      0                 2749        0.129        0.000                      0                 2749        4.500        0.000                       0                  1346  


All user specified timing constraints are met.


------------------------------------------------------------------------------------------------
| Clock Summary
| -------------
------------------------------------------------------------------------------------------------

Clock        Waveform(ns)       Period(ns)      Frequency(MHz)
-----        ------------       ----------      --------------
sys_clk_pin  {0.000 5.000}      10.000          100.000         


------------------------------------------------------------------------------------------------
| Intra Clock Table
| -----------------
------------------------------------------------------------------------------------------------

Clock             WNS(ns)      TNS(ns)  TNS Failing Endpoints  TNS Total Endpoints      WHS(ns)      THS(ns)  THS Failing Endpoints  THS Total Endpoints     WPWS(ns)     TPWS(ns)  TPWS Failing Endpoints  TPWS Total Endpoints  
-----             -------      -------  ---------------------  -------------------      -------      -------  ---------------------  -------------------     --------     --------  ----------------------  --------------------  
sys_clk_pin         1.128        0.000                      0                 2749        0.129        0.000                      0                 2749        4.500        0.000                       0                  1346  


------------------------------------------------------------------------------------------------
| Inter Clock Table
| -----------------
------------------------------------------------------------------------------------------------

From Clock    To Clock          WNS(ns)      TNS(ns)  TNS Failing Endpoints  TNS Total Endpoints      WHS(ns)      THS(ns)  THS Failing Endpoints  THS Total Endpoints  
----------    --------          -------      -------  ---------------------  -------------------      -------      -------  ---------------------  -------------------  


------------------------------------------------------------------------------------------------
| Other Path Groups Table
| -----------------------
------------------------------------------------------------------------------------------------

Path Group    From Clock    To Clock          WNS(ns)      TNS(ns)  TNS Failing Endpoints  TNS Total Endpoints      WHS(ns)      THS(ns)  THS Failing Endpoints  THS Total Endpoints  
----------    ----------    --------          -------      -------  ---------------------  -------------------      -------      -------  ---------------------  -------------------  


------------------------------------------------------------------------------------------------
| Timing Details
| --------------
------------------------------------------------------------------------------------------------


---------------------------------------------------------------------------------------------------
From Clock:  sys_clk_pin
  To Clock:  sys_clk_pin

Setup :            0  Failing Endpoints,  Worst Slack        1.128ns,  Total Violation        0.000ns
Hold  :            0  Failing Endpoints,  Worst Slack        0.129ns,  Total Violation        0.000ns
PW    :            0  Failing Endpoints,  Worst Slack        4.500ns,  Total Violation        0.000ns
---------------------------------------------------------------------------------------------------


Max Delay Paths
--------------------------------------------------------------------------------------
Slack (MET) :             1.128ns  (required time - arrival time)
  Source:                 cpu_inst/prefetch_pc_reg[2]/C
                            (rising edge-triggered cell FDRE clocked by sys_clk_pin  {rise@0.000ns fall@5.000ns period=10.000ns})
  Destination:            cpu_inst/instr_mem_inst/instruction_reg/RSTRAMARSTRAM
                            (rising edge-triggered cell RAMB18E1 clocked by sys_clk_pin  {rise@0.000ns fall@5.000ns period=10.000ns})
  Path Group:             sys_clk_pin
  Path Type:              Setup (Max at Slow Process Corner)
  Requirement:            10.000ns  (sys_clk_pin rise@10.000ns - sys_clk_pin rise@0.000ns)
  Data Path Delay:        8.412ns  (logic 3.922ns (46.625%)  route 4.490ns (53.375%))
  Logic Levels:           16  (CARRY4=10 LUT4=2 LUT6=4)
  Clock Path Skew:        -0.066ns (DCD - SCD + CPR)
    Destination Clock Delay (DCD):    4.824ns = ( 14.824 - 10.000 ) 
    Source Clock Delay      (SCD):    5.149ns
    Clock Pessimism Removal (CPR):    0.260ns
  Clock Uncertainty:      0.035ns  ((TSJ^2 + TIJ^2)^1/2 + DJ) / 2 + PE
    Total System Jitter     (TSJ):    0.071ns
    Total Input Jitter      (TIJ):    0.000ns
    Discrete Jitter          (DJ):    0.000ns
    Phase Error              (PE):    0.000ns

    Location             Delay type                Incr(ns)  Path(ns)    Netlist Resource(s)
  -------------------------------------------------------------------    -------------------
                         (clock sys_clk_pin rise edge)
                                                      0.000     0.000 r  <hidden>
    W5                                                0.000     0.000 r  clk
                         net (fo=0)                   0.000     0.000    clk
    W5                   IBUF (Prop_ibuf_I_O)         1.458     1.458 r  clk_IBUF_inst/O
                         net (fo=1, routed)           1.967     3.425    clk_IBUF
    BUFGCTRL_X0Y0        BUFG (Prop_bufg_I_O)         0.096     3.521 r  clk_IBUF_BUFG_inst/O
                         net (fo=1345, routed)        1.628     5.149    cpu_inst/clk_IBUF_BUFG
    SLICE_X6Y15          FDRE                                         r  cpu_inst/prefetch_pc_reg[2]/C
  -------------------------------------------------------------------    -------------------
    SLICE_X6Y15          FDRE (Prop_fdre_C_Q)         0.518     5.667 r  cpu_inst/prefetch_pc_reg[2]/Q
                         net (fo=3, routed)           0.980     6.647    cpu_inst/prefetch_pc_reg_n_0_[2]
    SLICE_X5Y16          LUT4 (Prop_lut4_I0_O)        0.124     6.771 r  cpu_inst/buffered_prefetch_match0_carry_i_4/O
                         net (fo=1, routed)           0.000     6.771    cpu_inst/buffered_prefetch_match0_carry_i_4_n_0
    SLICE_X5Y16          CARRY4 (Prop_carry4_S[0]_CO[3])
                                                      0.532     7.303 r  cpu_inst/buffered_prefetch_match0_carry/CO[3]
                         net (fo=1, routed)           0.000     7.303    cpu_inst/buffered_prefetch_match0_carry_n_0
    SLICE_X5Y17          CARRY4 (Prop_carry4_CI_CO[3])
                                                      0.114     7.417 r  cpu_inst/buffered_prefetch_match0_carry__0/CO[3]
                         net (fo=1, routed)           0.000     7.417    cpu_inst/buffered_prefetch_match0_carry__0_n_0
    SLICE_X5Y18          CARRY4 (Prop_carry4_CI_CO[2])
                                                      0.228     7.645 r  cpu_inst/buffered_prefetch_match0_carry__1/CO[2]
                         net (fo=37, routed)          0.650     8.294    cpu_inst/buffered_prefetch_match0
    SLICE_X4Y15          LUT4 (Prop_lut4_I2_O)        0.313     8.607 r  cpu_inst/i__carry_i_4/O
                         net (fo=1, routed)           0.000     8.607    cpu_inst/in48[1]
    SLICE_X4Y15          CARRY4 (Prop_carry4_S[0]_CO[3])
                                                      0.532     9.139 r  cpu_inst/pc0_inferred__2/i__carry/CO[3]
                         net (fo=1, routed)           0.000     9.139    cpu_inst/pc0_inferred__2/i__carry_n_0
    SLICE_X4Y16          CARRY4 (Prop_carry4_CI_CO[3])
                                                      0.114     9.253 r  cpu_inst/pc0_inferred__2/i__carry__0/CO[3]
                         net (fo=1, routed)           0.000     9.253    cpu_inst/pc0_inferred__2/i__carry__0_n_0
    SLICE_X4Y17          CARRY4 (Prop_carry4_CI_CO[3])
                                                      0.114     9.367 r  cpu_inst/pc0_inferred__2/i__carry__1/CO[3]
                         net (fo=1, routed)           0.000     9.367    cpu_inst/pc0_inferred__2/i__carry__1_n_0
    SLICE_X4Y18          CARRY4 (Prop_carry4_CI_CO[3])
                                                      0.114     9.481 r  cpu_inst/pc0_inferred__2/i__carry__2/CO[3]
                         net (fo=1, routed)           0.000     9.481    cpu_inst/pc0_inferred__2/i__carry__2_n_0
    SLICE_X4Y19          CARRY4 (Prop_carry4_CI_CO[3])
                                                      0.114     9.595 r  cpu_inst/pc0_inferred__2/i__carry__3/CO[3]
                         net (fo=1, routed)           0.000     9.595    cpu_inst/pc0_inferred__2/i__carry__3_n_0
    SLICE_X4Y20          CARRY4 (Prop_carry4_CI_CO[3])
                                                      0.114     9.709 r  cpu_inst/pc0_inferred__2/i__carry__4/CO[3]
                         net (fo=1, routed)           0.000     9.709    cpu_inst/pc0_inferred__2/i__carry__4_n_0
    SLICE_X4Y21          CARRY4 (Prop_carry4_CI_O[3])
                                                      0.313    10.022 r  cpu_inst/pc0_inferred__2/i__carry__5/O[3]
                         net (fo=3, routed)           0.875    10.897    cpu_inst/instr_mem_inst/in8[26]
    SLICE_X2Y21          LUT6 (Prop_lut6_I4_O)        0.306    11.203 r  cpu_inst/instr_mem_inst/instruction_reg_i_40/O
                         net (fo=1, routed)           0.282    11.485    cpu_inst/instr_mem_inst/instruction_reg_i_40_n_0
    SLICE_X2Y21          LUT6 (Prop_lut6_I5_O)        0.124    11.609 r  cpu_inst/instr_mem_inst/instruction_reg_i_26/O
                         net (fo=1, routed)           0.303    11.912    cpu_inst/instr_mem_inst/instruction_reg_i_26_n_0
    SLICE_X2Y20          LUT6 (Prop_lut6_I2_O)        0.124    12.036 r  cpu_inst/instr_mem_inst/instruction_reg_i_11/O
                         net (fo=1, routed)           0.686    12.722    cpu_inst/instr_mem_inst/instruction_reg_i_11_n_0
    SLICE_X8Y19          LUT6 (Prop_lut6_I1_O)        0.124    12.846 r  cpu_inst/instr_mem_inst/instruction_reg_i_1/O
                         net (fo=2, routed)           0.715    13.561    cpu_inst/instr_mem_inst/instruction_reg_i_1_n_0
    RAMB18_X0Y6          RAMB18E1                                     r  cpu_inst/instr_mem_inst/instruction_reg/RSTRAMARSTRAM
  -------------------------------------------------------------------    -------------------

                         (clock sys_clk_pin rise edge)
                                                     10.000    10.000 r  <hidden>
    W5                                                0.000    10.000 r  clk
                         net (fo=0)                   0.000    10.000    clk
    W5                   IBUF (Prop_ibuf_I_O)         1.388    11.388 r  clk_IBUF_inst/O
                         net (fo=1, routed)           1.862    13.250    clk_IBUF
    BUFGCTRL_X0Y0        BUFG (Prop_bufg_I_O)         0.091    13.341 r  clk_IBUF_BUFG_inst/O
                         net (fo=1345, routed)        1.483    14.824    cpu_inst/instr_mem_inst/clk_IBUF_BUFG
    RAMB18_X0Y6          RAMB18E1                                     r  cpu_inst/instr_mem_inst/instruction_reg/CLKARDCLK
                         clock pessimism              0.260    15.084    <hidden>
                         clock uncertainty           -0.035    15.048    <hidden>
    RAMB18_X0Y6          RAMB18E1 (Setup_ramb18e1_CLKARDCLK_RSTRAMARSTRAM)
                                                     -0.359    14.689    cpu_inst/instr_mem_inst/instruction_reg
  -------------------------------------------------------------------
                         required time                         14.689    <hidden>
                         arrival time                         -13.561    <hidden>
  -------------------------------------------------------------------
                         slack                                  1.128    <hidden>





Min Delay Paths
--------------------------------------------------------------------------------------
Slack (MET) :             0.129ns  (arrival time - required time)
  Source:                 cpu_inst/alu_result_reg_reg[6]/C
                            (rising edge-triggered cell FDRE clocked by sys_clk_pin  {rise@0.000ns fall@5.000ns period=10.000ns})
  Destination:            cpu_inst/data_mem_inst/mem_reg/ADDRBWRADDR[8]
                            (rising edge-triggered cell RAMB18E1 clocked by sys_clk_pin  {rise@0.000ns fall@5.000ns period=10.000ns})
  Path Group:             sys_clk_pin
  Path Type:              Hold (Min at Fast Process Corner)
  Requirement:            0.000ns  (sys_clk_pin rise@0.000ns - sys_clk_pin rise@0.000ns)
  Data Path Delay:        0.387ns  (logic 0.141ns (36.416%)  route 0.246ns (63.584%))
  Logic Levels:           0  
  Clock Path Skew:        0.075ns (DCD - SCD - CPR)
    Destination Clock Delay (DCD):    1.991ns
    Source Clock Delay      (SCD):    1.437ns
    Clock Pessimism Removal (CPR):    0.478ns

    Location             Delay type                Incr(ns)  Path(ns)    Netlist Resource(s)
  -------------------------------------------------------------------    -------------------
                         (clock sys_clk_pin rise edge)
                                                      0.000     0.000 r  <hidden>
    W5                                                0.000     0.000 r  clk
                         net (fo=0)                   0.000     0.000    clk
    W5                   IBUF (Prop_ibuf_I_O)         0.226     0.226 r  clk_IBUF_inst/O
                         net (fo=1, routed)           0.631     0.858    clk_IBUF
    BUFGCTRL_X0Y0        BUFG (Prop_bufg_I_O)         0.026     0.884 r  clk_IBUF_BUFG_inst/O
                         net (fo=1345, routed)        0.554     1.437    cpu_inst/clk_IBUF_BUFG
    SLICE_X11Y26         FDRE                                         r  cpu_inst/alu_result_reg_reg[6]/C
  -------------------------------------------------------------------    -------------------
    SLICE_X11Y26         FDRE (Prop_fdre_C_Q)         0.141     1.578 r  cpu_inst/alu_result_reg_reg[6]/Q
                         net (fo=3, routed)           0.246     1.824    cpu_inst/data_mem_inst/Q[6]
    RAMB18_X0Y10         RAMB18E1                                     r  cpu_inst/data_mem_inst/mem_reg/ADDRBWRADDR[8]
  -------------------------------------------------------------------    -------------------

                         (clock sys_clk_pin rise edge)
                                                      0.000     0.000 r  <hidden>
    W5                                                0.000     0.000 r  clk
                         net (fo=0)                   0.000     0.000    clk
    W5                   IBUF (Prop_ibuf_I_O)         0.414     0.414 r  clk_IBUF_inst/O
                         net (fo=1, routed)           0.685     1.099    clk_IBUF
    BUFGCTRL_X0Y0        BUFG (Prop_bufg_I_O)         0.029     1.128 r  clk_IBUF_BUFG_inst/O
                         net (fo=1345, routed)        0.863     1.991    cpu_inst/data_mem_inst/clk_IBUF_BUFG
    RAMB18_X0Y10         RAMB18E1                                     r  cpu_inst/data_mem_inst/mem_reg/CLKBWRCLK
                         clock pessimism             -0.478     1.513    <hidden>
    RAMB18_X0Y10         RAMB18E1 (Hold_ramb18e1_CLKBWRCLK_ADDRBWRADDR[8])
                                                      0.183     1.696    cpu_inst/data_mem_inst/mem_reg
  -------------------------------------------------------------------
                         required time                         -1.696    <hidden>
                         arrival time                           1.824    <hidden>
  -------------------------------------------------------------------
                         slack                                  0.129    <hidden>





Pulse Width Checks
--------------------------------------------------------------------------------------
Clock Name:         sys_clk_pin
Waveform(ns):       { 0.000 5.000 }
Period(ns):         10.000
Sources:            { clk }

Check Type        Corner  Lib Pin             Reference Pin  Required(ns)  Actual(ns)  Slack(ns)  Location      Pin
Min Period        n/a     RAMB18E1/CLKARDCLK  n/a            2.944         10.000      7.056      RAMB18_X0Y10  cpu_inst/data_mem_inst/mem_reg/CLKARDCLK
Low Pulse Width   Slow    FDRE/C              n/a            0.500         5.000       4.500      SLICE_X13Y17  cpu_inst/FSM_sequential_state_reg[0]/C
High Pulse Width  Slow    FDRE/C              n/a            0.500         5.000       4.500      SLICE_X13Y17  cpu_inst/FSM_sequential_state_reg[0]/C



