Copyright 1986-2022 Xilinx, Inc. All Rights Reserved. Copyright 2022-2026 Advanced Micro Devices, Inc. All Rights Reserved.
----------------------------------------------------------------------------------------------------------------------------------------------------------------
| Tool Version : Vivado v.2026.1 (win64) Build 6511674 Tue Jun 16 11:02:23 MDT 2026
| Date         : Wed Jul 15 14:03:04 2026
| Host         : DESKTOP-4GB7DVJ running 64-bit major release  (build 9200)
| Command      : report_timing_summary -file reports/phase17a_forwardtiming_profile_impl/timing/fpga_top_pipeline_forwardtiming_profile_impl_timing_summary.rpt
| Design       : fpga_top_pipeline_forwardtiming_profile
| Device       : 7a35t-cpg236
| Speed File   : -1  PRODUCTION 1.23 2018-06-13
| Design State : Physopt postRoute
----------------------------------------------------------------------------------------------------------------------------------------------------------------

Timing Summary Report

------------------------------------------------------------------------------------------------
| Timer Settings
| --------------
------------------------------------------------------------------------------------------------

  Enable Multi Corner Analysis               :  Yes
  Enable Pessimism Removal                   :  Yes
  Pessimism Removal Resolution               :  Nearest Common Node
  Enable Input Delay Default Clock           :  No
  Enable Preset / Clear Arcs                 :  No
  Disable Flight Delays                      :  No
  Ignore I/O Paths                           :  No
  Timing Early Launch at Borrowing Latches   :  No
  Borrow Time for Max Delay Exceptions       :  Yes
  Merge Timing Exceptions                    :  Yes
  Inter-SLR Compensation                     :  Conservative

  Corner  Analyze    Analyze    
  Name    Max Paths  Min Paths  
  ------  ---------  ---------  
  Slow    Yes        Yes        
  Fast    Yes        Yes        


------------------------------------------------------------------------------------------------
| Report Methodology
| ------------------
------------------------------------------------------------------------------------------------

No report available as report_methodology has not been run prior. Run report_methodology on the current design for the summary of methodology violations.



check_timing report

Table of Contents
-----------------
1. checking no_clock (0)
2. checking constant_clock (0)
3. checking pulse_width_clock (0)
4. checking unconstrained_internal_endpoints (0)
5. checking no_input_delay (2)
6. checking no_output_delay (27)
7. checking multiple_clock (0)
8. checking generated_clocks (0)
9. checking loops (0)
10. checking partial_input_delay (0)
11. checking partial_output_delay (0)
12. checking latch_loops (0)

1. checking no_clock (0)
------------------------
 There are 0 register/latch pins with no clock.


2. checking constant_clock (0)
------------------------------
 There are 0 register/latch pins with constant_clock.


3. checking pulse_width_clock (0)
---------------------------------
 There are 0 register/latch pins which need pulse_width check


4. checking unconstrained_internal_endpoints (0)
------------------------------------------------
 There are 0 pins that are not constrained for maximum delay.

 There are 0 pins that are not constrained for maximum delay due to constant clock.


5. checking no_input_delay (2)
------------------------------
 There are 2 input ports with no input delay specified. (HIGH)

 There are 0 input ports with no input delay but user has a false path constraint.


6. checking no_output_delay (27)
--------------------------------
 There are 27 ports with no output delay specified. (HIGH)

 There are 0 ports with no output delay but user has a false path constraint

 There are 0 ports with no output delay but with a timing clock defined on it or propagating through it


7. checking multiple_clock (0)
------------------------------
 There are 0 register/latch pins with multiple clocks.


8. checking generated_clocks (0)
--------------------------------
 There are 0 generated clocks that are not connected to a clock source.


9. checking loops (0)
---------------------
 There are 0 combinational loops in the design.


10. checking partial_input_delay (0)
------------------------------------
 There are 0 input ports with partial input delay specified.


11. checking partial_output_delay (0)
-------------------------------------
 There are 0 ports with partial output delay specified.


12. checking latch_loops (0)
----------------------------
 There are 0 combinational latch loops in the design through latch input



------------------------------------------------------------------------------------------------
| Design Timing Summary
| ---------------------
------------------------------------------------------------------------------------------------

    WNS(ns)      TNS(ns)  TNS Failing Endpoints  TNS Total Endpoints      WHS(ns)      THS(ns)  THS Failing Endpoints  THS Total Endpoints     WPWS(ns)     TPWS(ns)  TPWS Failing Endpoints  TPWS Total Endpoints  
    -------      -------  ---------------------  -------------------      -------      -------  ---------------------  -------------------     --------     --------  ----------------------  --------------------  
      0.391        0.000                      0                 4866        0.089        0.000                      0                 4866        4.500        0.000                       0                  1619  


All user specified timing constraints are met.


------------------------------------------------------------------------------------------------
| Clock Summary
| -------------
------------------------------------------------------------------------------------------------

Clock        Waveform(ns)       Period(ns)      Frequency(MHz)
-----        ------------       ----------      --------------
sys_clk_pin  {0.000 5.000}      10.000          100.000         


------------------------------------------------------------------------------------------------
| Intra Clock Table
| -----------------
------------------------------------------------------------------------------------------------

Clock             WNS(ns)      TNS(ns)  TNS Failing Endpoints  TNS Total Endpoints      WHS(ns)      THS(ns)  THS Failing Endpoints  THS Total Endpoints     WPWS(ns)     TPWS(ns)  TPWS Failing Endpoints  TPWS Total Endpoints  
-----             -------      -------  ---------------------  -------------------      -------      -------  ---------------------  -------------------     --------     --------  ----------------------  --------------------  
sys_clk_pin         0.391        0.000                      0                 4866        0.089        0.000                      0                 4866        4.500        0.000                       0                  1619  


------------------------------------------------------------------------------------------------
| Inter Clock Table
| -----------------
------------------------------------------------------------------------------------------------

From Clock    To Clock          WNS(ns)      TNS(ns)  TNS Failing Endpoints  TNS Total Endpoints      WHS(ns)      THS(ns)  THS Failing Endpoints  THS Total Endpoints  
----------    --------          -------      -------  ---------------------  -------------------      -------      -------  ---------------------  -------------------  


------------------------------------------------------------------------------------------------
| Other Path Groups Table
| -----------------------
------------------------------------------------------------------------------------------------

Path Group    From Clock    To Clock          WNS(ns)      TNS(ns)  TNS Failing Endpoints  TNS Total Endpoints      WHS(ns)      THS(ns)  THS Failing Endpoints  THS Total Endpoints  
----------    ----------    --------          -------      -------  ---------------------  -------------------      -------      -------  ---------------------  -------------------  


------------------------------------------------------------------------------------------------
| Timing Details
| --------------
------------------------------------------------------------------------------------------------


---------------------------------------------------------------------------------------------------
From Clock:  sys_clk_pin
  To Clock:  sys_clk_pin

Setup :            0  Failing Endpoints,  Worst Slack        0.391ns,  Total Violation        0.000ns
Hold  :            0  Failing Endpoints,  Worst Slack        0.089ns,  Total Violation        0.000ns
PW    :            0  Failing Endpoints,  Worst Slack        4.500ns,  Total Violation        0.000ns
---------------------------------------------------------------------------------------------------


Max Delay Paths
--------------------------------------------------------------------------------------
Slack (MET) :             0.391ns  (required time - arrival time)
  Source:                 cpu_inst/ex_mem_reg_reg[rd][3]/C
                            (rising edge-triggered cell FDRE clocked by sys_clk_pin  {rise@0.000ns fall@5.000ns period=10.000ns})
  Destination:            cpu_inst/id_ex_reg_reg[operand_b][4]/R
                            (rising edge-triggered cell FDRE clocked by sys_clk_pin  {rise@0.000ns fall@5.000ns period=10.000ns})
  Path Group:             sys_clk_pin
  Path Type:              Setup (Max at Slow Process Corner)
  Requirement:            10.000ns  (sys_clk_pin rise@10.000ns - sys_clk_pin rise@0.000ns)
  Data Path Delay:        9.033ns  (logic 2.566ns (28.407%)  route 6.467ns (71.593%))
  Logic Levels:           12  (CARRY4=3 LUT2=1 LUT4=1 LUT5=2 LUT6=5)
  Clock Path Skew:        -0.112ns (DCD - SCD + CPR)
    Destination Clock Delay (DCD):    4.780ns = ( 14.780 - 10.000 ) 
    Source Clock Delay      (SCD):    5.152ns
    Clock Pessimism Removal (CPR):    0.260ns
  Clock Uncertainty:      0.035ns  ((TSJ^2 + TIJ^2)^1/2 + DJ) / 2 + PE
    Total System Jitter     (TSJ):    0.071ns
    Total Input Jitter      (TIJ):    0.000ns
    Discrete Jitter          (DJ):    0.000ns
    Phase Error              (PE):    0.000ns

    Location             Delay type                Incr(ns)  Path(ns)    Netlist Resource(s)
  -------------------------------------------------------------------    -------------------
                         (clock sys_clk_pin rise edge)
                                                      0.000     0.000 r  <hidden>
    W5                                                0.000     0.000 r  clk
                         net (fo=0)                   0.000     0.000    clk
    W5                   IBUF (Prop_ibuf_I_O)         1.458     1.458 r  clk_IBUF_inst/O
                         net (fo=1, routed)           1.967     3.425    clk_IBUF
    BUFGCTRL_X0Y0        BUFG (Prop_bufg_I_O)         0.096     3.521 r  clk_IBUF_BUFG_inst/O
                         net (fo=1618, routed)        1.631     5.152    cpu_inst/clk_IBUF_BUFG
    SLICE_X2Y15          FDRE                                         r  cpu_inst/ex_mem_reg_reg[rd][3]/C
  -------------------------------------------------------------------    -------------------
    SLICE_X2Y15          FDRE (Prop_fdre_C_Q)         0.518     5.670 r  cpu_inst/ex_mem_reg_reg[rd][3]/Q
                         net (fo=5, routed)           0.692     6.362    cpu_inst/ex_mem_reg_reg[rd][3]
    SLICE_X2Y15          LUT5 (Prop_lut5_I0_O)        0.124     6.486 f  cpu_inst/ex_mem_reg[store_data][31]_i_11/O
                         net (fo=1, routed)           0.343     6.830    cpu_inst/ex_mem_reg[store_data][31]_i_11_n_0
    SLICE_X3Y15          LUT4 (Prop_lut4_I0_O)        0.124     6.954 f  cpu_inst/ex_mem_reg[store_data][31]_i_7/O
                         net (fo=3, routed)           0.616     7.569    cpu_inst/ex_mem_reg[store_data][31]_i_7_n_0
    SLICE_X3Y16          LUT6 (Prop_lut6_I0_O)        0.124     7.693 r  cpu_inst/ex_mem_reg[store_data][31]_i_4/O
                         net (fo=54, routed)          1.046     8.739    cpu_inst/data_mem_inst/ex_mem_reg_reg[store_data][23]
    SLICE_X8Y15          LUT5 (Prop_lut5_I1_O)        0.124     8.863 r  cpu_inst/data_mem_inst/ex_mem_reg[store_data][9]_i_3/O
                         net (fo=1, routed)           0.638     9.502    cpu_inst/data_mem_inst/ex_mem_reg[store_data][9]_i_3_n_0
    SLICE_X8Y15          LUT6 (Prop_lut6_I5_O)        0.124     9.626 r  cpu_inst/data_mem_inst/ex_mem_reg[store_data][9]_i_2/O
                         net (fo=6, routed)           1.073    10.699    cpu_inst/data_mem_inst/ex_store_data[9]
    SLICE_X5Y15          LUT6 (Prop_lut6_I1_O)        0.124    10.823 r  cpu_inst/data_mem_inst/redirect_pending_valid_i_12/O
                         net (fo=1, routed)           0.000    10.823    cpu_inst/data_mem_inst/redirect_pending_valid_i_12_n_0
    SLICE_X5Y15          CARRY4 (Prop_carry4_S[3]_CO[3])
                                                      0.401    11.224 r  cpu_inst/data_mem_inst/redirect_pending_valid_reg_i_7/CO[3]
                         net (fo=1, routed)           0.000    11.224    cpu_inst/data_mem_inst/redirect_pending_valid_reg_i_7_n_0
    SLICE_X5Y16          CARRY4 (Prop_carry4_CI_CO[3])
                                                      0.114    11.338 r  cpu_inst/data_mem_inst/redirect_pending_valid_reg_i_3/CO[3]
                         net (fo=1, routed)           0.000    11.338    cpu_inst/data_mem_inst/redirect_pending_valid_reg_i_3_n_0
    SLICE_X5Y17          CARRY4 (Prop_carry4_CI_CO[2])
                                                      0.228    11.566 f  cpu_inst/data_mem_inst/redirect_pending_valid_reg_i_2/CO[2]
                         net (fo=41, routed)          0.489    12.054    cpu_inst/data_mem_inst/ex_branch_taken040_in
    SLICE_X3Y17          LUT6 (Prop_lut6_I5_O)        0.313    12.367 r  cpu_inst/data_mem_inst/id_ex_reg[imm_ext][12]_i_2/O
                         net (fo=5, routed)           0.192    12.559    cpu_inst/data_mem_inst/id_ex_reg[imm_ext][12]_i_2_n_0
    SLICE_X3Y17          LUT2 (Prop_lut2_I0_O)        0.124    12.683 r  cpu_inst/data_mem_inst/id_ex_reg[imm_ext][12]_i_1/O
                         net (fo=130, routed)         0.658    13.342    cpu_inst/data_mem_inst/E[0]
    SLICE_X6Y22          LUT6 (Prop_lut6_I1_O)        0.124    13.466 r  cpu_inst/data_mem_inst/id_ex_reg[operand_b][31]_i_1/O
                         net (fo=32, routed)          0.720    14.185    cpu_inst/data_mem_inst_n_180
    SLICE_X9Y19          FDRE                                         r  cpu_inst/id_ex_reg_reg[operand_b][4]/R
  -------------------------------------------------------------------    -------------------

                         (clock sys_clk_pin rise edge)
                                                     10.000    10.000 r  <hidden>
    W5                                                0.000    10.000 r  clk
                         net (fo=0)                   0.000    10.000    clk
    W5                   IBUF (Prop_ibuf_I_O)         1.388    11.388 r  clk_IBUF_inst/O
                         net (fo=1, routed)           1.862    13.250    clk_IBUF
    BUFGCTRL_X0Y0        BUFG (Prop_bufg_I_O)         0.091    13.341 r  clk_IBUF_BUFG_inst/O
                         net (fo=1618, routed)        1.439    14.780    cpu_inst/clk_IBUF_BUFG
    SLICE_X9Y19          FDRE                                         r  cpu_inst/id_ex_reg_reg[operand_b][4]/C
                         clock pessimism              0.260    15.040    <hidden>
                         clock uncertainty           -0.035    15.005    <hidden>
    SLICE_X9Y19          FDRE (Setup_fdre_C_R)       -0.429    14.576    cpu_inst/id_ex_reg_reg[operand_b][4]
  -------------------------------------------------------------------
                         required time                         14.576    <hidden>
                         arrival time                         -14.185    <hidden>
  -------------------------------------------------------------------
                         slack                                  0.391    <hidden>





Min Delay Paths
--------------------------------------------------------------------------------------
Slack (MET) :             0.089ns  (arrival time - required time)
  Source:                 cpu_inst/ex_mem_reg_reg[store_data][19]/C
                            (rising edge-triggered cell FDRE clocked by sys_clk_pin  {rise@0.000ns fall@5.000ns period=10.000ns})
  Destination:            cpu_inst/data_mem_inst/mem_reg/DIBDI[1]
                            (rising edge-triggered cell RAMB18E1 clocked by sys_clk_pin  {rise@0.000ns fall@5.000ns period=10.000ns})
  Path Group:             sys_clk_pin
  Path Type:              Hold (Min at Fast Process Corner)
  Requirement:            0.000ns  (sys_clk_pin rise@0.000ns - sys_clk_pin rise@0.000ns)
  Data Path Delay:        0.301ns  (logic 0.141ns (46.856%)  route 0.160ns (53.144%))
  Logic Levels:           0  
  Clock Path Skew:        0.056ns (DCD - SCD - CPR)
    Destination Clock Delay (DCD):    1.999ns
    Source Clock Delay      (SCD):    1.444ns
    Clock Pessimism Removal (CPR):    0.498ns

    Location             Delay type                Incr(ns)  Path(ns)    Netlist Resource(s)
  -------------------------------------------------------------------    -------------------
                         (clock sys_clk_pin rise edge)
                                                      0.000     0.000 r  <hidden>
    W5                                                0.000     0.000 r  clk
                         net (fo=0)                   0.000     0.000    clk
    W5                   IBUF (Prop_ibuf_I_O)         0.226     0.226 r  clk_IBUF_inst/O
                         net (fo=1, routed)           0.631     0.858    clk_IBUF
    BUFGCTRL_X0Y0        BUFG (Prop_bufg_I_O)         0.026     0.884 r  clk_IBUF_BUFG_inst/O
                         net (fo=1618, routed)        0.561     1.444    cpu_inst/clk_IBUF_BUFG
    SLICE_X9Y16          FDRE                                         r  cpu_inst/ex_mem_reg_reg[store_data][19]/C
  -------------------------------------------------------------------    -------------------
    SLICE_X9Y16          FDRE (Prop_fdre_C_Q)         0.141     1.585 r  cpu_inst/ex_mem_reg_reg[store_data][19]/Q
                         net (fo=1, routed)           0.160     1.745    cpu_inst/data_mem_inst/mem_reg_2[19]
    RAMB18_X0Y7          RAMB18E1                                     r  cpu_inst/data_mem_inst/mem_reg/DIBDI[1]
  -------------------------------------------------------------------    -------------------

                         (clock sys_clk_pin rise edge)
                                                      0.000     0.000 r  <hidden>
    W5                                                0.000     0.000 r  clk
                         net (fo=0)                   0.000     0.000    clk
    W5                   IBUF (Prop_ibuf_I_O)         0.414     0.414 r  clk_IBUF_inst/O
                         net (fo=1, routed)           0.685     1.099    clk_IBUF
    BUFGCTRL_X0Y0        BUFG (Prop_bufg_I_O)         0.029     1.128 r  clk_IBUF_BUFG_inst/O
                         net (fo=1618, routed)        0.871     1.999    cpu_inst/data_mem_inst/clk_IBUF_BUFG
    RAMB18_X0Y7          RAMB18E1                                     r  cpu_inst/data_mem_inst/mem_reg/CLKBWRCLK
                         clock pessimism             -0.498     1.501    <hidden>
    RAMB18_X0Y7          RAMB18E1 (Hold_ramb18e1_CLKBWRCLK_DIBDI[1])
                                                      0.155     1.656    cpu_inst/data_mem_inst/mem_reg
  -------------------------------------------------------------------
                         required time                         -1.656    <hidden>
                         arrival time                           1.745    <hidden>
  -------------------------------------------------------------------
                         slack                                  0.089    <hidden>





Pulse Width Checks
--------------------------------------------------------------------------------------
Clock Name:         sys_clk_pin
Waveform(ns):       { 0.000 5.000 }
Period(ns):         10.000
Sources:            { clk }

Check Type        Corner  Lib Pin             Reference Pin  Required(ns)  Actual(ns)  Slack(ns)  Location      Pin
Min Period        n/a     RAMB18E1/CLKARDCLK  n/a            2.944         10.000      7.056      RAMB18_X0Y7   cpu_inst/data_mem_inst/mem_reg/CLKARDCLK
Low Pulse Width   Slow    FDRE/C              n/a            0.500         5.000       4.500      SLICE_X32Y27  cycle_counter_reg[0]/C
High Pulse Width  Slow    FDRE/C              n/a            0.500         5.000       4.500      SLICE_X32Y27  cycle_counter_reg[0]/C



