Copyright 1986-2022 Xilinx, Inc. All Rights Reserved. Copyright 2022-2026 Advanced Micro Devices, Inc. All Rights Reserved.
---------------------------------------------------------------------------------------------------------------------------------------------
| Tool Version : Vivado v.2026.1 (win64) Build 6511674 Tue Jun 16 11:02:23 MDT 2026
| Date         : Fri Jul 10 12:27:48 2026
| Host         : DESKTOP-4GB7DVJ running 64-bit major release  (build 9200)
| Command      : report_timing_summary -file reports/phase11c/timing/fpga_top_multicycle_bram_prefetch_impl_timing_summary.rpt
| Design       : fpga_top_multicycle_bram_prefetch
| Device       : 7a35t-cpg236
| Speed File   : -1  PRODUCTION 1.23 2018-06-13
| Design State : Routed
---------------------------------------------------------------------------------------------------------------------------------------------

Timing Summary Report

------------------------------------------------------------------------------------------------
| Timer Settings
| --------------
------------------------------------------------------------------------------------------------

  Enable Multi Corner Analysis               :  Yes
  Enable Pessimism Removal                   :  Yes
  Pessimism Removal Resolution               :  Nearest Common Node
  Enable Input Delay Default Clock           :  No
  Enable Preset / Clear Arcs                 :  No
  Disable Flight Delays                      :  No
  Ignore I/O Paths                           :  No
  Timing Early Launch at Borrowing Latches   :  No
  Borrow Time for Max Delay Exceptions       :  Yes
  Merge Timing Exceptions                    :  Yes
  Inter-SLR Compensation                     :  Conservative

  Corner  Analyze    Analyze    
  Name    Max Paths  Min Paths  
  ------  ---------  ---------  
  Slow    Yes        Yes        
  Fast    Yes        Yes        


------------------------------------------------------------------------------------------------
| Report Methodology
| ------------------
------------------------------------------------------------------------------------------------

No report available as report_methodology has not been run prior. Run report_methodology on the current design for the summary of methodology violations.



check_timing report

Table of Contents
-----------------
1. checking no_clock (0)
2. checking constant_clock (0)
3. checking pulse_width_clock (0)
4. checking unconstrained_internal_endpoints (0)
5. checking no_input_delay (2)
6. checking no_output_delay (16)
7. checking multiple_clock (0)
8. checking generated_clocks (0)
9. checking loops (0)
10. checking partial_input_delay (0)
11. checking partial_output_delay (0)
12. checking latch_loops (0)

1. checking no_clock (0)
------------------------
 There are 0 register/latch pins with no clock.


2. checking constant_clock (0)
------------------------------
 There are 0 register/latch pins with constant_clock.


3. checking pulse_width_clock (0)
---------------------------------
 There are 0 register/latch pins which need pulse_width check


4. checking unconstrained_internal_endpoints (0)
------------------------------------------------
 There are 0 pins that are not constrained for maximum delay.

 There are 0 pins that are not constrained for maximum delay due to constant clock.


5. checking no_input_delay (2)
------------------------------
 There are 2 input ports with no input delay specified. (HIGH)

 There are 0 input ports with no input delay but user has a false path constraint.


6. checking no_output_delay (16)
--------------------------------
 There are 16 ports with no output delay specified. (HIGH)

 There are 0 ports with no output delay but user has a false path constraint

 There are 0 ports with no output delay but with a timing clock defined on it or propagating through it


7. checking multiple_clock (0)
------------------------------
 There are 0 register/latch pins with multiple clocks.


8. checking generated_clocks (0)
--------------------------------
 There are 0 generated clocks that are not connected to a clock source.


9. checking loops (0)
---------------------
 There are 0 combinational loops in the design.


10. checking partial_input_delay (0)
------------------------------------
 There are 0 input ports with partial input delay specified.


11. checking partial_output_delay (0)
-------------------------------------
 There are 0 ports with partial output delay specified.


12. checking latch_loops (0)
----------------------------
 There are 0 combinational latch loops in the design through latch input



------------------------------------------------------------------------------------------------
| Design Timing Summary
| ---------------------
------------------------------------------------------------------------------------------------

    WNS(ns)      TNS(ns)  TNS Failing Endpoints  TNS Total Endpoints      WHS(ns)      THS(ns)  THS Failing Endpoints  THS Total Endpoints     WPWS(ns)     TPWS(ns)  TPWS Failing Endpoints  TPWS Total Endpoints  
    -------      -------  ---------------------  -------------------      -------      -------  ---------------------  -------------------     --------     --------  ----------------------  --------------------  
      1.247        0.000                      0                 2749        0.123        0.000                      0                 2749        4.500        0.000                       0                  1346  


All user specified timing constraints are met.


------------------------------------------------------------------------------------------------
| Clock Summary
| -------------
------------------------------------------------------------------------------------------------

Clock        Waveform(ns)       Period(ns)      Frequency(MHz)
-----        ------------       ----------      --------------
sys_clk_pin  {0.000 5.000}      10.000          100.000         


------------------------------------------------------------------------------------------------
| Intra Clock Table
| -----------------
------------------------------------------------------------------------------------------------

Clock             WNS(ns)      TNS(ns)  TNS Failing Endpoints  TNS Total Endpoints      WHS(ns)      THS(ns)  THS Failing Endpoints  THS Total Endpoints     WPWS(ns)     TPWS(ns)  TPWS Failing Endpoints  TPWS Total Endpoints  
-----             -------      -------  ---------------------  -------------------      -------      -------  ---------------------  -------------------     --------     --------  ----------------------  --------------------  
sys_clk_pin         1.247        0.000                      0                 2749        0.123        0.000                      0                 2749        4.500        0.000                       0                  1346  


------------------------------------------------------------------------------------------------
| Inter Clock Table
| -----------------
------------------------------------------------------------------------------------------------

From Clock    To Clock          WNS(ns)      TNS(ns)  TNS Failing Endpoints  TNS Total Endpoints      WHS(ns)      THS(ns)  THS Failing Endpoints  THS Total Endpoints  
----------    --------          -------      -------  ---------------------  -------------------      -------      -------  ---------------------  -------------------  


------------------------------------------------------------------------------------------------
| Other Path Groups Table
| -----------------------
------------------------------------------------------------------------------------------------

Path Group    From Clock    To Clock          WNS(ns)      TNS(ns)  TNS Failing Endpoints  TNS Total Endpoints      WHS(ns)      THS(ns)  THS Failing Endpoints  THS Total Endpoints  
----------    ----------    --------          -------      -------  ---------------------  -------------------      -------      -------  ---------------------  -------------------  


------------------------------------------------------------------------------------------------
| Timing Details
| --------------
------------------------------------------------------------------------------------------------


---------------------------------------------------------------------------------------------------
From Clock:  sys_clk_pin
  To Clock:  sys_clk_pin

Setup :            0  Failing Endpoints,  Worst Slack        1.247ns,  Total Violation        0.000ns
Hold  :            0  Failing Endpoints,  Worst Slack        0.123ns,  Total Violation        0.000ns
PW    :            0  Failing Endpoints,  Worst Slack        4.500ns,  Total Violation        0.000ns
---------------------------------------------------------------------------------------------------


Max Delay Paths
--------------------------------------------------------------------------------------
Slack (MET) :             1.247ns  (required time - arrival time)
  Source:                 cpu_inst/pc_reg[6]/C
                            (rising edge-triggered cell FDRE clocked by sys_clk_pin  {rise@0.000ns fall@5.000ns period=10.000ns})
  Destination:            cpu_inst/instr_mem_inst/instruction_reg/RSTRAMB
                            (rising edge-triggered cell RAMB18E1 clocked by sys_clk_pin  {rise@0.000ns fall@5.000ns period=10.000ns})
  Path Group:             sys_clk_pin
  Path Type:              Setup (Max at Slow Process Corner)
  Requirement:            10.000ns  (sys_clk_pin rise@10.000ns - sys_clk_pin rise@0.000ns)
  Data Path Delay:        8.301ns  (logic 3.603ns (43.406%)  route 4.698ns (56.594%))
  Logic Levels:           15  (CARRY4=10 LUT4=2 LUT6=3)
  Clock Path Skew:        -0.058ns (DCD - SCD + CPR)
    Destination Clock Delay (DCD):    4.819ns = ( 14.819 - 10.000 ) 
    Source Clock Delay      (SCD):    5.136ns
    Clock Pessimism Removal (CPR):    0.260ns
  Clock Uncertainty:      0.035ns  ((TSJ^2 + TIJ^2)^1/2 + DJ) / 2 + PE
    Total System Jitter     (TSJ):    0.071ns
    Total Input Jitter      (TIJ):    0.000ns
    Discrete Jitter          (DJ):    0.000ns
    Phase Error              (PE):    0.000ns

    Location             Delay type                Incr(ns)  Path(ns)    Netlist Resource(s)
  -------------------------------------------------------------------    -------------------
                         (clock sys_clk_pin rise edge)
                                                      0.000     0.000 r  <hidden>
    W5                                                0.000     0.000 r  clk
                         net (fo=0)                   0.000     0.000    clk
    W5                   IBUF (Prop_ibuf_I_O)         1.458     1.458 r  clk_IBUF_inst/O
                         net (fo=1, routed)           1.967     3.425    clk_IBUF
    BUFGCTRL_X0Y0        BUFG (Prop_bufg_I_O)         0.096     3.521 r  clk_IBUF_BUFG_inst/O
                         net (fo=1345, routed)        1.615     5.136    cpu_inst/clk_IBUF_BUFG
    SLICE_X5Y25          FDRE                                         r  cpu_inst/pc_reg[6]/C
  -------------------------------------------------------------------    -------------------
    SLICE_X5Y25          FDRE (Prop_fdre_C_Q)         0.456     5.592 r  cpu_inst/pc_reg[6]/Q
                         net (fo=5, routed)           1.181     6.773    cpu_inst/pc_reg_n_0_[6]
    SLICE_X2Y28          LUT6 (Prop_lut6_I2_O)        0.124     6.897 r  cpu_inst/buffered_prefetch_match0_carry_i_2/O
                         net (fo=1, routed)           0.000     6.897    cpu_inst/buffered_prefetch_match0_carry_i_2_n_0
    SLICE_X2Y28          CARRY4 (Prop_carry4_S[2]_CO[3])
                                                      0.380     7.277 r  cpu_inst/buffered_prefetch_match0_carry/CO[3]
                         net (fo=1, routed)           0.000     7.277    cpu_inst/buffered_prefetch_match0_carry_n_0
    SLICE_X2Y29          CARRY4 (Prop_carry4_CI_CO[3])
                                                      0.117     7.394 r  cpu_inst/buffered_prefetch_match0_carry__0/CO[3]
                         net (fo=1, routed)           0.000     7.394    cpu_inst/buffered_prefetch_match0_carry__0_n_0
    SLICE_X2Y30          CARRY4 (Prop_carry4_CI_CO[2])
                                                      0.229     7.623 r  cpu_inst/buffered_prefetch_match0_carry__1/CO[2]
                         net (fo=38, routed)          0.855     8.478    cpu_inst/buffered_prefetch_match0
    SLICE_X1Y25          LUT4 (Prop_lut4_I1_O)        0.310     8.788 r  cpu_inst/i__carry_i_3/O
                         net (fo=1, routed)           0.000     8.788    cpu_inst/i__carry_i_3_n_0
    SLICE_X1Y25          CARRY4 (Prop_carry4_S[1]_CO[3])
                                                      0.550     9.338 r  cpu_inst/pc0_inferred__3/i__carry/CO[3]
                         net (fo=1, routed)           0.000     9.338    cpu_inst/pc0_inferred__3/i__carry_n_0
    SLICE_X1Y26          CARRY4 (Prop_carry4_CI_CO[3])
                                                      0.114     9.452 r  cpu_inst/pc0_inferred__3/i__carry__0/CO[3]
                         net (fo=1, routed)           0.000     9.452    cpu_inst/pc0_inferred__3/i__carry__0_n_0
    SLICE_X1Y27          CARRY4 (Prop_carry4_CI_CO[3])
                                                      0.114     9.566 r  cpu_inst/pc0_inferred__3/i__carry__1/CO[3]
                         net (fo=1, routed)           0.000     9.566    cpu_inst/pc0_inferred__3/i__carry__1_n_0
    SLICE_X1Y28          CARRY4 (Prop_carry4_CI_CO[3])
                                                      0.114     9.680 r  cpu_inst/pc0_inferred__3/i__carry__2/CO[3]
                         net (fo=1, routed)           0.000     9.680    cpu_inst/pc0_inferred__3/i__carry__2_n_0
    SLICE_X1Y29          CARRY4 (Prop_carry4_CI_CO[3])
                                                      0.114     9.794 r  cpu_inst/pc0_inferred__3/i__carry__3/CO[3]
                         net (fo=1, routed)           0.000     9.794    cpu_inst/pc0_inferred__3/i__carry__3_n_0
    SLICE_X1Y30          CARRY4 (Prop_carry4_CI_CO[3])
                                                      0.114     9.908 r  cpu_inst/pc0_inferred__3/i__carry__4/CO[3]
                         net (fo=1, routed)           0.000     9.908    cpu_inst/pc0_inferred__3/i__carry__4_n_0
    SLICE_X1Y31          CARRY4 (Prop_carry4_CI_O[3])
                                                      0.313    10.221 r  cpu_inst/pc0_inferred__3/i__carry__5/O[3]
                         net (fo=2, routed)           0.774    10.995    cpu_inst/instr_mem_inst/in8[26]
    SLICE_X6Y28          LUT4 (Prop_lut4_I1_O)        0.306    11.301 f  cpu_inst/instr_mem_inst/instruction_reg_i_25/O
                         net (fo=1, routed)           0.634    11.935    cpu_inst/instr_mem_inst/instruction_reg_i_25_n_0
    SLICE_X7Y27          LUT6 (Prop_lut6_I0_O)        0.124    12.059 f  cpu_inst/instr_mem_inst/instruction_reg_i_14/O
                         net (fo=1, routed)           0.480    12.539    cpu_inst/instr_mem_inst/instruction_reg_i_14_n_0
    SLICE_X7Y28          LUT6 (Prop_lut6_I4_O)        0.124    12.663 r  cpu_inst/instr_mem_inst/instruction_reg_i_1/O
                         net (fo=2, routed)           0.774    13.437    cpu_inst/instr_mem_inst/instruction_reg_i_1_n_0
    RAMB18_X0Y10         RAMB18E1                                     r  cpu_inst/instr_mem_inst/instruction_reg/RSTRAMB
  -------------------------------------------------------------------    -------------------

                         (clock sys_clk_pin rise edge)
                                                     10.000    10.000 r  <hidden>
    W5                                                0.000    10.000 r  clk
                         net (fo=0)                   0.000    10.000    clk
    W5                   IBUF (Prop_ibuf_I_O)         1.388    11.388 r  clk_IBUF_inst/O
                         net (fo=1, routed)           1.862    13.250    clk_IBUF
    BUFGCTRL_X0Y0        BUFG (Prop_bufg_I_O)         0.091    13.341 r  clk_IBUF_BUFG_inst/O
                         net (fo=1345, routed)        1.478    14.819    cpu_inst/instr_mem_inst/clk_IBUF_BUFG
    RAMB18_X0Y10         RAMB18E1                                     r  cpu_inst/instr_mem_inst/instruction_reg/CLKBWRCLK
                         clock pessimism              0.260    15.079    <hidden>
                         clock uncertainty           -0.035    15.043    <hidden>
    RAMB18_X0Y10         RAMB18E1 (Setup_ramb18e1_CLKBWRCLK_RSTRAMB)
                                                     -0.359    14.684    cpu_inst/instr_mem_inst/instruction_reg
  -------------------------------------------------------------------
                         required time                         14.684    <hidden>
                         arrival time                         -13.437    <hidden>
  -------------------------------------------------------------------
                         slack                                  1.247    <hidden>





Min Delay Paths
--------------------------------------------------------------------------------------
Slack (MET) :             0.123ns  (arrival time - required time)
  Source:                 cpu_inst/alu_result_reg_reg[8]/C
                            (rising edge-triggered cell FDRE clocked by sys_clk_pin  {rise@0.000ns fall@5.000ns period=10.000ns})
  Destination:            cpu_inst/regs_reg[18][8]/D
                            (rising edge-triggered cell FDRE clocked by sys_clk_pin  {rise@0.000ns fall@5.000ns period=10.000ns})
  Path Group:             sys_clk_pin
  Path Type:              Hold (Min at Fast Process Corner)
  Requirement:            0.000ns  (sys_clk_pin rise@0.000ns - sys_clk_pin rise@0.000ns)
  Data Path Delay:        0.256ns  (logic 0.186ns (72.523%)  route 0.070ns (27.477%))
  Logic Levels:           1  (LUT6=1)
  Clock Path Skew:        0.013ns (DCD - SCD - CPR)
    Destination Clock Delay (DCD):    1.954ns
    Source Clock Delay      (SCD):    1.442ns
    Clock Pessimism Removal (CPR):    0.499ns

    Location             Delay type                Incr(ns)  Path(ns)    Netlist Resource(s)
  -------------------------------------------------------------------    -------------------
                         (clock sys_clk_pin rise edge)
                                                      0.000     0.000 r  <hidden>
    W5                                                0.000     0.000 r  clk
                         net (fo=0)                   0.000     0.000    clk
    W5                   IBUF (Prop_ibuf_I_O)         0.226     0.226 r  clk_IBUF_inst/O
                         net (fo=1, routed)           0.631     0.858    clk_IBUF
    BUFGCTRL_X0Y0        BUFG (Prop_bufg_I_O)         0.026     0.884 r  clk_IBUF_BUFG_inst/O
                         net (fo=1345, routed)        0.559     1.442    cpu_inst/clk_IBUF_BUFG
    SLICE_X9Y31          FDRE                                         r  cpu_inst/alu_result_reg_reg[8]/C
  -------------------------------------------------------------------    -------------------
    SLICE_X9Y31          FDRE (Prop_fdre_C_Q)         0.141     1.583 r  cpu_inst/alu_result_reg_reg[8]/Q
                         net (fo=3, routed)           0.070     1.654    cpu_inst/data_mem_inst/Q[8]
    SLICE_X8Y31          LUT6 (Prop_lut6_I5_O)        0.045     1.699 r  cpu_inst/data_mem_inst/regs[1][8]_i_1/O
                         net (fo=31, routed)          0.000     1.699    cpu_inst/regs0_in[8]
    SLICE_X8Y31          FDRE                                         r  cpu_inst/regs_reg[18][8]/D
  -------------------------------------------------------------------    -------------------

                         (clock sys_clk_pin rise edge)
                                                      0.000     0.000 r  <hidden>
    W5                                                0.000     0.000 r  clk
                         net (fo=0)                   0.000     0.000    clk
    W5                   IBUF (Prop_ibuf_I_O)         0.414     0.414 r  clk_IBUF_inst/O
                         net (fo=1, routed)           0.685     1.099    clk_IBUF
    BUFGCTRL_X0Y0        BUFG (Prop_bufg_I_O)         0.029     1.128 r  clk_IBUF_BUFG_inst/O
                         net (fo=1345, routed)        0.827     1.954    cpu_inst/clk_IBUF_BUFG
    SLICE_X8Y31          FDRE                                         r  cpu_inst/regs_reg[18][8]/C
                         clock pessimism             -0.499     1.455    <hidden>
    SLICE_X8Y31          FDRE (Hold_fdre_C_D)         0.120     1.575    cpu_inst/regs_reg[18][8]
  -------------------------------------------------------------------
                         required time                         -1.575    <hidden>
                         arrival time                           1.699    <hidden>
  -------------------------------------------------------------------
                         slack                                  0.123    <hidden>





Pulse Width Checks
--------------------------------------------------------------------------------------
Clock Name:         sys_clk_pin
Waveform(ns):       { 0.000 5.000 }
Period(ns):         10.000
Sources:            { clk }

Check Type        Corner  Lib Pin             Reference Pin  Required(ns)  Actual(ns)  Slack(ns)  Location      Pin
Min Period        n/a     RAMB18E1/CLKARDCLK  n/a            2.944         10.000      7.056      RAMB18_X0Y14  cpu_inst/data_mem_inst/mem_reg/CLKARDCLK
Low Pulse Width   Slow    FDRE/C              n/a            0.500         5.000       4.500      SLICE_X13Y22  cpu_inst/FSM_sequential_state_reg[0]/C
High Pulse Width  Slow    FDRE/C              n/a            0.500         5.000       4.500      SLICE_X13Y22  cpu_inst/FSM_sequential_state_reg[0]/C



