Copyright 1986-2022 Xilinx, Inc. All Rights Reserved. Copyright 2022-2026 Advanced Micro Devices, Inc. All Rights Reserved.
---------------------------------------------------------------------------------------------------------------------------------------------------
| Tool Version : Vivado v.2026.1 (win64) Build 6511674 Tue Jun 16 11:02:23 MDT 2026
| Date         : Fri Jul 10 12:25:57 2026
| Host         : DESKTOP-4GB7DVJ running 64-bit major release  (build 9200)
| Command      : report_timing -max_paths 10 -path_type full -file reports/phase11c/timing/fpga_top_multicycle_bram_prefetch_synth_worst_paths.rpt
| Design       : fpga_top_multicycle_bram_prefetch
| Device       : 7a35t-cpg236
| Speed File   : -1  PRODUCTION 1.23 2018-06-13
| Design State : Synthesized
---------------------------------------------------------------------------------------------------------------------------------------------------

Timing Report

Slack (MET) :             1.174ns  (required time - arrival time)
  Source:                 cpu_inst/pc_reg[5]/C
                            (rising edge-triggered cell FDRE clocked by sys_clk_pin  {rise@0.000ns fall@5.000ns period=10.000ns})
  Destination:            cpu_inst/instr_mem_inst/instruction_reg/RSTRAMARSTRAM
                            (rising edge-triggered cell RAMB18E1 clocked by sys_clk_pin  {rise@0.000ns fall@5.000ns period=10.000ns})
  Path Group:             sys_clk_pin
  Path Type:              Setup (Max at Slow Process Corner)
  Requirement:            10.000ns  (sys_clk_pin rise@10.000ns - sys_clk_pin rise@0.000ns)
  Data Path Delay:        8.287ns  (logic 3.972ns (47.932%)  route 4.315ns (52.068%))
  Logic Levels:           15  (CARRY4=10 LUT4=2 LUT6=3)
  Clock Path Skew:        -0.145ns (DCD - SCD + CPR)
    Destination Clock Delay (DCD):    2.678ns = ( 12.678 - 10.000 ) 
    Source Clock Delay      (SCD):    2.938ns
    Clock Pessimism Removal (CPR):    0.115ns
  Clock Uncertainty:      0.035ns  ((TSJ^2 + TIJ^2)^1/2 + DJ) / 2 + PE
    Total System Jitter     (TSJ):    0.071ns
    Total Input Jitter      (TIJ):    0.000ns
    Discrete Jitter          (DJ):    0.000ns
    Phase Error              (PE):    0.000ns

    Location             Delay type                Incr(ns)  Path(ns)    Netlist Resource(s)
  -------------------------------------------------------------------    -------------------
                         (clock sys_clk_pin rise edge)
                                                      0.000     0.000 r  <hidden>
                         propagated clock network latency
                                                      2.938     2.938    <hidden>
                         FDRE                         0.000     2.938 r  cpu_inst/pc_reg[5]/C
                         FDRE (Prop_fdre_C_Q)         0.456     3.394 r  cpu_inst/pc_reg[5]/Q
                         net (fo=6, unplaced)         0.997     4.391    cpu_inst/led_OBUF[3]
                         LUT6 (Prop_lut6_I0_O)        0.295     4.686 r  cpu_inst/buffered_prefetch_match0_carry_i_3/O
                         net (fo=1, unplaced)         0.000     4.686    cpu_inst/buffered_prefetch_match0_carry_i_3_n_0
                         CARRY4 (Prop_carry4_S[1]_CO[3])
                                                      0.533     5.219 r  cpu_inst/buffered_prefetch_match0_carry/CO[3]
                         net (fo=1, unplaced)         0.009     5.228    cpu_inst/buffered_prefetch_match0_carry_n_0
                         CARRY4 (Prop_carry4_CI_CO[3])
                                                      0.117     5.345 r  cpu_inst/buffered_prefetch_match0_carry__0/CO[3]
                         net (fo=1, unplaced)         0.000     5.345    cpu_inst/buffered_prefetch_match0_carry__0_n_0
                         CARRY4 (Prop_carry4_CI_CO[2])
                                                      0.252     5.597 r  cpu_inst/buffered_prefetch_match0_carry__1/CO[2]
                         net (fo=38, unplaced)        0.527     6.124    cpu_inst/buffered_prefetch_match0
                         LUT4 (Prop_lut4_I1_O)        0.310     6.434 r  cpu_inst/i__carry_i_3/O
                         net (fo=1, unplaced)         0.000     6.434    cpu_inst/i__carry_i_3_n_0
                         CARRY4 (Prop_carry4_S[1]_CO[3])
                                                      0.533     6.967 r  cpu_inst/pc0_inferred__3/i__carry/CO[3]
                         net (fo=1, unplaced)         0.009     6.976    cpu_inst/pc0_inferred__3/i__carry_n_0
                         CARRY4 (Prop_carry4_CI_CO[3])
                                                      0.117     7.093 r  cpu_inst/pc0_inferred__3/i__carry__0/CO[3]
                         net (fo=1, unplaced)         0.000     7.093    cpu_inst/pc0_inferred__3/i__carry__0_n_0
                         CARRY4 (Prop_carry4_CI_CO[3])
                                                      0.117     7.210 r  cpu_inst/pc0_inferred__3/i__carry__1/CO[3]
                         net (fo=1, unplaced)         0.000     7.210    cpu_inst/pc0_inferred__3/i__carry__1_n_0
                         CARRY4 (Prop_carry4_CI_CO[3])
                                                      0.117     7.327 r  cpu_inst/pc0_inferred__3/i__carry__2/CO[3]
                         net (fo=1, unplaced)         0.000     7.327    cpu_inst/pc0_inferred__3/i__carry__2_n_0
                         CARRY4 (Prop_carry4_CI_CO[3])
                                                      0.117     7.444 r  cpu_inst/pc0_inferred__3/i__carry__3/CO[3]
                         net (fo=1, unplaced)         0.000     7.444    cpu_inst/pc0_inferred__3/i__carry__3_n_0
                         CARRY4 (Prop_carry4_CI_CO[3])
                                                      0.117     7.561 r  cpu_inst/pc0_inferred__3/i__carry__4/CO[3]
                         net (fo=1, unplaced)         0.000     7.561    cpu_inst/pc0_inferred__3/i__carry__4_n_0
                         CARRY4 (Prop_carry4_CI_O[1])
                                                      0.337     7.898 r  cpu_inst/pc0_inferred__3/i__carry__5/O[1]
                         net (fo=2, unplaced)         0.622     8.520    cpu_inst/instr_mem_inst/in8[24]
                         LUT4 (Prop_lut4_I0_O)        0.306     8.826 r  cpu_inst/instr_mem_inst/instruction_reg_i_27/O
                         net (fo=1, unplaced)         0.902     9.728    cpu_inst/instr_mem_inst/instruction_reg_i_27_n_0
                         LUT6 (Prop_lut6_I2_O)        0.124     9.852 f  cpu_inst/instr_mem_inst/instruction_reg_i_14/O
                         net (fo=1, unplaced)         0.449    10.301    cpu_inst/instr_mem_inst/instruction_reg_i_14_n_0
                         LUT6 (Prop_lut6_I4_O)        0.124    10.425 r  cpu_inst/instr_mem_inst/instruction_reg_i_1/O
                         net (fo=2, unplaced)         0.800    11.225    cpu_inst/instr_mem_inst/instruction_reg_i_1_n_0
                         RAMB18E1                                     r  cpu_inst/instr_mem_inst/instruction_reg/RSTRAMARSTRAM
  -------------------------------------------------------------------    -------------------

                         (clock sys_clk_pin rise edge)
                                                     10.000    10.000 r  <hidden>
                         propagated clock network latency
                                                      2.678    12.678    <hidden>
                         clock pessimism              0.115    12.793    <hidden>
                         clock uncertainty           -0.035    12.758    <hidden>
                         RAMB18E1 (Setup_ramb18e1_CLKARDCLK_RSTRAMARSTRAM)
                                                     -0.359    12.399    cpu_inst/instr_mem_inst/instruction_reg
  -------------------------------------------------------------------
                         required time                         12.399    <hidden>
                         arrival time                         -11.225    <hidden>
  -------------------------------------------------------------------
                         slack                                  1.174    <hidden>

Slack (MET) :             1.174ns  (required time - arrival time)
  Source:                 cpu_inst/pc_reg[5]/C
                            (rising edge-triggered cell FDRE clocked by sys_clk_pin  {rise@0.000ns fall@5.000ns period=10.000ns})
  Destination:            cpu_inst/instr_mem_inst/instruction_reg/RSTRAMB
                            (rising edge-triggered cell RAMB18E1 clocked by sys_clk_pin  {rise@0.000ns fall@5.000ns period=10.000ns})
  Path Group:             sys_clk_pin
  Path Type:              Setup (Max at Slow Process Corner)
  Requirement:            10.000ns  (sys_clk_pin rise@10.000ns - sys_clk_pin rise@0.000ns)
  Data Path Delay:        8.287ns  (logic 3.972ns (47.932%)  route 4.315ns (52.068%))
  Logic Levels:           15  (CARRY4=10 LUT4=2 LUT6=3)
  Clock Path Skew:        -0.145ns (DCD - SCD + CPR)
    Destination Clock Delay (DCD):    2.678ns = ( 12.678 - 10.000 ) 
    Source Clock Delay      (SCD):    2.938ns
    Clock Pessimism Removal (CPR):    0.115ns
  Clock Uncertainty:      0.035ns  ((TSJ^2 + TIJ^2)^1/2 + DJ) / 2 + PE
    Total System Jitter     (TSJ):    0.071ns
    Total Input Jitter      (TIJ):    0.000ns
    Discrete Jitter          (DJ):    0.000ns
    Phase Error              (PE):    0.000ns

    Location             Delay type                Incr(ns)  Path(ns)    Netlist Resource(s)
  -------------------------------------------------------------------    -------------------
                         (clock sys_clk_pin rise edge)
                                                      0.000     0.000 r  <hidden>
                         propagated clock network latency
                                                      2.938     2.938    <hidden>
                         FDRE                         0.000     2.938 r  cpu_inst/pc_reg[5]/C
                         FDRE (Prop_fdre_C_Q)         0.456     3.394 r  cpu_inst/pc_reg[5]/Q
                         net (fo=6, unplaced)         0.997     4.391    cpu_inst/led_OBUF[3]
                         LUT6 (Prop_lut6_I0_O)        0.295     4.686 r  cpu_inst/buffered_prefetch_match0_carry_i_3/O
                         net (fo=1, unplaced)         0.000     4.686    cpu_inst/buffered_prefetch_match0_carry_i_3_n_0
                         CARRY4 (Prop_carry4_S[1]_CO[3])
                                                      0.533     5.219 r  cpu_inst/buffered_prefetch_match0_carry/CO[3]
                         net (fo=1, unplaced)         0.009     5.228    cpu_inst/buffered_prefetch_match0_carry_n_0
                         CARRY4 (Prop_carry4_CI_CO[3])
                                                      0.117     5.345 r  cpu_inst/buffered_prefetch_match0_carry__0/CO[3]
                         net (fo=1, unplaced)         0.000     5.345    cpu_inst/buffered_prefetch_match0_carry__0_n_0
                         CARRY4 (Prop_carry4_CI_CO[2])
                                                      0.252     5.597 r  cpu_inst/buffered_prefetch_match0_carry__1/CO[2]
                         net (fo=38, unplaced)        0.527     6.124    cpu_inst/buffered_prefetch_match0
                         LUT4 (Prop_lut4_I1_O)        0.310     6.434 r  cpu_inst/i__carry_i_3/O
                         net (fo=1, unplaced)         0.000     6.434    cpu_inst/i__carry_i_3_n_0
                         CARRY4 (Prop_carry4_S[1]_CO[3])
                                                      0.533     6.967 r  cpu_inst/pc0_inferred__3/i__carry/CO[3]
                         net (fo=1, unplaced)         0.009     6.976    cpu_inst/pc0_inferred__3/i__carry_n_0
                         CARRY4 (Prop_carry4_CI_CO[3])
                                                      0.117     7.093 r  cpu_inst/pc0_inferred__3/i__carry__0/CO[3]
                         net (fo=1, unplaced)         0.000     7.093    cpu_inst/pc0_inferred__3/i__carry__0_n_0
                         CARRY4 (Prop_carry4_CI_CO[3])
                                                      0.117     7.210 r  cpu_inst/pc0_inferred__3/i__carry__1/CO[3]
                         net (fo=1, unplaced)         0.000     7.210    cpu_inst/pc0_inferred__3/i__carry__1_n_0
                         CARRY4 (Prop_carry4_CI_CO[3])
                                                      0.117     7.327 r  cpu_inst/pc0_inferred__3/i__carry__2/CO[3]
                         net (fo=1, unplaced)         0.000     7.327    cpu_inst/pc0_inferred__3/i__carry__2_n_0
                         CARRY4 (Prop_carry4_CI_CO[3])
                                                      0.117     7.444 r  cpu_inst/pc0_inferred__3/i__carry__3/CO[3]
                         net (fo=1, unplaced)         0.000     7.444    cpu_inst/pc0_inferred__3/i__carry__3_n_0
                         CARRY4 (Prop_carry4_CI_CO[3])
                                                      0.117     7.561 r  cpu_inst/pc0_inferred__3/i__carry__4/CO[3]
                         net (fo=1, unplaced)         0.000     7.561    cpu_inst/pc0_inferred__3/i__carry__4_n_0
                         CARRY4 (Prop_carry4_CI_O[1])
                                                      0.337     7.898 r  cpu_inst/pc0_inferred__3/i__carry__5/O[1]
                         net (fo=2, unplaced)         0.622     8.520    cpu_inst/instr_mem_inst/in8[24]
                         LUT4 (Prop_lut4_I0_O)        0.306     8.826 r  cpu_inst/instr_mem_inst/instruction_reg_i_27/O
                         net (fo=1, unplaced)         0.902     9.728    cpu_inst/instr_mem_inst/instruction_reg_i_27_n_0
                         LUT6 (Prop_lut6_I2_O)        0.124     9.852 f  cpu_inst/instr_mem_inst/instruction_reg_i_14/O
                         net (fo=1, unplaced)         0.449    10.301    cpu_inst/instr_mem_inst/instruction_reg_i_14_n_0
                         LUT6 (Prop_lut6_I4_O)        0.124    10.425 r  cpu_inst/instr_mem_inst/instruction_reg_i_1/O
                         net (fo=2, unplaced)         0.800    11.225    cpu_inst/instr_mem_inst/instruction_reg_i_1_n_0
                         RAMB18E1                                     r  cpu_inst/instr_mem_inst/instruction_reg/RSTRAMB
  -------------------------------------------------------------------    -------------------

                         (clock sys_clk_pin rise edge)
                                                     10.000    10.000 r  <hidden>
                         propagated clock network latency
                                                      2.678    12.678    <hidden>
                         clock pessimism              0.115    12.793    <hidden>
                         clock uncertainty           -0.035    12.758    <hidden>
                         RAMB18E1 (Setup_ramb18e1_CLKBWRCLK_RSTRAMB)
                                                     -0.359    12.399    cpu_inst/instr_mem_inst/instruction_reg
  -------------------------------------------------------------------
                         required time                         12.399    <hidden>
                         arrival time                         -11.225    <hidden>
  -------------------------------------------------------------------
                         slack                                  1.174    <hidden>

Slack (MET) :             3.149ns  (required time - arrival time)
  Source:                 cpu_inst/pc_reg[5]/C
                            (rising edge-triggered cell FDRE clocked by sys_clk_pin  {rise@0.000ns fall@5.000ns period=10.000ns})
  Destination:            cpu_inst/instr_mem_inst/instruction_reg/ADDRARDADDR[10]
                            (rising edge-triggered cell RAMB18E1 clocked by sys_clk_pin  {rise@0.000ns fall@5.000ns period=10.000ns})
  Path Group:             sys_clk_pin
  Path Type:              Setup (Max at Slow Process Corner)
  Requirement:            10.000ns  (sys_clk_pin rise@10.000ns - sys_clk_pin rise@0.000ns)
  Data Path Delay:        6.105ns  (logic 3.134ns (51.337%)  route 2.971ns (48.663%))
  Logic Levels:           8  (CARRY4=5 LUT4=1 LUT5=1 LUT6=1)
  Clock Path Skew:        -0.145ns (DCD - SCD + CPR)
    Destination Clock Delay (DCD):    2.678ns = ( 12.678 - 10.000 ) 
    Source Clock Delay      (SCD):    2.938ns
    Clock Pessimism Removal (CPR):    0.115ns
  Clock Uncertainty:      0.035ns  ((TSJ^2 + TIJ^2)^1/2 + DJ) / 2 + PE
    Total System Jitter     (TSJ):    0.071ns
    Total Input Jitter      (TIJ):    0.000ns
    Discrete Jitter          (DJ):    0.000ns
    Phase Error              (PE):    0.000ns

    Location             Delay type                Incr(ns)  Path(ns)    Netlist Resource(s)
  -------------------------------------------------------------------    -------------------
                         (clock sys_clk_pin rise edge)
                                                      0.000     0.000 r  <hidden>
                         propagated clock network latency
                                                      2.938     2.938    <hidden>
                         FDRE                         0.000     2.938 r  cpu_inst/pc_reg[5]/C
                         FDRE (Prop_fdre_C_Q)         0.456     3.394 r  cpu_inst/pc_reg[5]/Q
                         net (fo=6, unplaced)         0.997     4.391    cpu_inst/led_OBUF[3]
                         LUT6 (Prop_lut6_I0_O)        0.295     4.686 r  cpu_inst/buffered_prefetch_match0_carry_i_3/O
                         net (fo=1, unplaced)         0.000     4.686    cpu_inst/buffered_prefetch_match0_carry_i_3_n_0
                         CARRY4 (Prop_carry4_S[1]_CO[3])
                                                      0.533     5.219 r  cpu_inst/buffered_prefetch_match0_carry/CO[3]
                         net (fo=1, unplaced)         0.009     5.228    cpu_inst/buffered_prefetch_match0_carry_n_0
                         CARRY4 (Prop_carry4_CI_CO[3])
                                                      0.117     5.345 r  cpu_inst/buffered_prefetch_match0_carry__0/CO[3]
                         net (fo=1, unplaced)         0.000     5.345    cpu_inst/buffered_prefetch_match0_carry__0_n_0
                         CARRY4 (Prop_carry4_CI_CO[2])
                                                      0.252     5.597 r  cpu_inst/buffered_prefetch_match0_carry__1/CO[2]
                         net (fo=38, unplaced)        0.527     6.124    cpu_inst/buffered_prefetch_match0
                         LUT4 (Prop_lut4_I1_O)        0.310     6.434 r  cpu_inst/i__carry_i_3/O
                         net (fo=1, unplaced)         0.000     6.434    cpu_inst/i__carry_i_3_n_0
                         CARRY4 (Prop_carry4_S[1]_CO[3])
                                                      0.533     6.967 r  cpu_inst/pc0_inferred__3/i__carry/CO[3]
                         net (fo=1, unplaced)         0.009     6.976    cpu_inst/pc0_inferred__3/i__carry_n_0
                         CARRY4 (Prop_carry4_CI_O[3])
                                                      0.331     7.307 r  cpu_inst/pc0_inferred__3/i__carry__0/O[3]
                         net (fo=2, unplaced)         0.629     7.936    cpu_inst/instr_mem_inst/in8[6]
                         LUT5 (Prop_lut5_I2_O)        0.307     8.243 r  cpu_inst/instr_mem_inst/instruction_reg_i_3/O
                         net (fo=2, unplaced)         0.800     9.043    cpu_inst/instr_mem_inst/instruction_reg_i_3_n_0
                         RAMB18E1                                     r  cpu_inst/instr_mem_inst/instruction_reg/ADDRARDADDR[10]
  -------------------------------------------------------------------    -------------------

                         (clock sys_clk_pin rise edge)
                                                     10.000    10.000 r  <hidden>
                         propagated clock network latency
                                                      2.678    12.678    <hidden>
                         clock pessimism              0.115    12.793    <hidden>
                         clock uncertainty           -0.035    12.758    <hidden>
                         RAMB18E1 (Setup_ramb18e1_CLKARDCLK_ADDRARDADDR[10])
                                                     -0.566    12.192    cpu_inst/instr_mem_inst/instruction_reg
  -------------------------------------------------------------------
                         required time                         12.192    <hidden>
                         arrival time                          -9.043    <hidden>
  -------------------------------------------------------------------
                         slack                                  3.149    <hidden>

Slack (MET) :             3.149ns  (required time - arrival time)
  Source:                 cpu_inst/pc_reg[5]/C
                            (rising edge-triggered cell FDRE clocked by sys_clk_pin  {rise@0.000ns fall@5.000ns period=10.000ns})
  Destination:            cpu_inst/instr_mem_inst/instruction_reg/ADDRBWRADDR[10]
                            (rising edge-triggered cell RAMB18E1 clocked by sys_clk_pin  {rise@0.000ns fall@5.000ns period=10.000ns})
  Path Group:             sys_clk_pin
  Path Type:              Setup (Max at Slow Process Corner)
  Requirement:            10.000ns  (sys_clk_pin rise@10.000ns - sys_clk_pin rise@0.000ns)
  Data Path Delay:        6.105ns  (logic 3.134ns (51.337%)  route 2.971ns (48.663%))
  Logic Levels:           8  (CARRY4=5 LUT4=1 LUT5=1 LUT6=1)
  Clock Path Skew:        -0.145ns (DCD - SCD + CPR)
    Destination Clock Delay (DCD):    2.678ns = ( 12.678 - 10.000 ) 
    Source Clock Delay      (SCD):    2.938ns
    Clock Pessimism Removal (CPR):    0.115ns
  Clock Uncertainty:      0.035ns  ((TSJ^2 + TIJ^2)^1/2 + DJ) / 2 + PE
    Total System Jitter     (TSJ):    0.071ns
    Total Input Jitter      (TIJ):    0.000ns
    Discrete Jitter          (DJ):    0.000ns
    Phase Error              (PE):    0.000ns

    Location             Delay type                Incr(ns)  Path(ns)    Netlist Resource(s)
  -------------------------------------------------------------------    -------------------
                         (clock sys_clk_pin rise edge)
                                                      0.000     0.000 r  <hidden>
                         propagated clock network latency
                                                      2.938     2.938    <hidden>
                         FDRE                         0.000     2.938 r  cpu_inst/pc_reg[5]/C
                         FDRE (Prop_fdre_C_Q)         0.456     3.394 r  cpu_inst/pc_reg[5]/Q
                         net (fo=6, unplaced)         0.997     4.391    cpu_inst/led_OBUF[3]
                         LUT6 (Prop_lut6_I0_O)        0.295     4.686 r  cpu_inst/buffered_prefetch_match0_carry_i_3/O
                         net (fo=1, unplaced)         0.000     4.686    cpu_inst/buffered_prefetch_match0_carry_i_3_n_0
                         CARRY4 (Prop_carry4_S[1]_CO[3])
                                                      0.533     5.219 r  cpu_inst/buffered_prefetch_match0_carry/CO[3]
                         net (fo=1, unplaced)         0.009     5.228    cpu_inst/buffered_prefetch_match0_carry_n_0
                         CARRY4 (Prop_carry4_CI_CO[3])
                                                      0.117     5.345 r  cpu_inst/buffered_prefetch_match0_carry__0/CO[3]
                         net (fo=1, unplaced)         0.000     5.345    cpu_inst/buffered_prefetch_match0_carry__0_n_0
                         CARRY4 (Prop_carry4_CI_CO[2])
                                                      0.252     5.597 r  cpu_inst/buffered_prefetch_match0_carry__1/CO[2]
                         net (fo=38, unplaced)        0.527     6.124    cpu_inst/buffered_prefetch_match0
                         LUT4 (Prop_lut4_I1_O)        0.310     6.434 r  cpu_inst/i__carry_i_3/O
                         net (fo=1, unplaced)         0.000     6.434    cpu_inst/i__carry_i_3_n_0
                         CARRY4 (Prop_carry4_S[1]_CO[3])
                                                      0.533     6.967 r  cpu_inst/pc0_inferred__3/i__carry/CO[3]
                         net (fo=1, unplaced)         0.009     6.976    cpu_inst/pc0_inferred__3/i__carry_n_0
                         CARRY4 (Prop_carry4_CI_O[3])
                                                      0.331     7.307 r  cpu_inst/pc0_inferred__3/i__carry__0/O[3]
                         net (fo=2, unplaced)         0.629     7.936    cpu_inst/instr_mem_inst/in8[6]
                         LUT5 (Prop_lut5_I2_O)        0.307     8.243 r  cpu_inst/instr_mem_inst/instruction_reg_i_3/O
                         net (fo=2, unplaced)         0.800     9.043    cpu_inst/instr_mem_inst/instruction_reg_i_3_n_0
                         RAMB18E1                                     r  cpu_inst/instr_mem_inst/instruction_reg/ADDRBWRADDR[10]
  -------------------------------------------------------------------    -------------------

                         (clock sys_clk_pin rise edge)
                                                     10.000    10.000 r  <hidden>
                         propagated clock network latency
                                                      2.678    12.678    <hidden>
                         clock pessimism              0.115    12.793    <hidden>
                         clock uncertainty           -0.035    12.758    <hidden>
                         RAMB18E1 (Setup_ramb18e1_CLKBWRCLK_ADDRBWRADDR[10])
                                                     -0.566    12.192    cpu_inst/instr_mem_inst/instruction_reg
  -------------------------------------------------------------------
                         required time                         12.192    <hidden>
                         arrival time                          -9.043    <hidden>
  -------------------------------------------------------------------
                         slack                                  3.149    <hidden>

Slack (MET) :             3.375ns  (required time - arrival time)
  Source:                 cpu_inst/pc_reg[5]/C
                            (rising edge-triggered cell FDRE clocked by sys_clk_pin  {rise@0.000ns fall@5.000ns period=10.000ns})
  Destination:            cpu_inst/pc_reg[28]/D
                            (rising edge-triggered cell FDRE clocked by sys_clk_pin  {rise@0.000ns fall@5.000ns period=10.000ns})
  Path Group:             sys_clk_pin
  Path Type:              Setup (Max at Slow Process Corner)
  Requirement:            10.000ns  (sys_clk_pin rise@10.000ns - sys_clk_pin rise@0.000ns)
  Data Path Delay:        6.474ns  (logic 3.843ns (59.361%)  route 2.631ns (40.639%))
  Logic Levels:           14  (CARRY4=10 LUT4=1 LUT6=3)
  Clock Path Skew:        -0.145ns (DCD - SCD + CPR)
    Destination Clock Delay (DCD):    2.678ns = ( 12.678 - 10.000 ) 
    Source Clock Delay      (SCD):    2.938ns
    Clock Pessimism Removal (CPR):    0.115ns
  Clock Uncertainty:      0.035ns  ((TSJ^2 + TIJ^2)^1/2 + DJ) / 2 + PE
    Total System Jitter     (TSJ):    0.071ns
    Total Input Jitter      (TIJ):    0.000ns
    Discrete Jitter          (DJ):    0.000ns
    Phase Error              (PE):    0.000ns

    Location             Delay type                Incr(ns)  Path(ns)    Netlist Resource(s)
  -------------------------------------------------------------------    -------------------
                         (clock sys_clk_pin rise edge)
                                                      0.000     0.000 r  <hidden>
                         propagated clock network latency
                                                      2.938     2.938    <hidden>
                         FDRE                         0.000     2.938 r  cpu_inst/pc_reg[5]/C
                         FDRE (Prop_fdre_C_Q)         0.456     3.394 r  cpu_inst/pc_reg[5]/Q
                         net (fo=6, unplaced)         0.997     4.391    cpu_inst/led_OBUF[3]
                         LUT6 (Prop_lut6_I0_O)        0.295     4.686 r  cpu_inst/buffered_prefetch_match0_carry_i_3/O
                         net (fo=1, unplaced)         0.000     4.686    cpu_inst/buffered_prefetch_match0_carry_i_3_n_0
                         CARRY4 (Prop_carry4_S[1]_CO[3])
                                                      0.533     5.219 r  cpu_inst/buffered_prefetch_match0_carry/CO[3]
                         net (fo=1, unplaced)         0.009     5.228    cpu_inst/buffered_prefetch_match0_carry_n_0
                         CARRY4 (Prop_carry4_CI_CO[3])
                                                      0.117     5.345 r  cpu_inst/buffered_prefetch_match0_carry__0/CO[3]
                         net (fo=1, unplaced)         0.000     5.345    cpu_inst/buffered_prefetch_match0_carry__0_n_0
                         CARRY4 (Prop_carry4_CI_CO[2])
                                                      0.252     5.597 r  cpu_inst/buffered_prefetch_match0_carry__1/CO[2]
                         net (fo=38, unplaced)        0.527     6.124    cpu_inst/buffered_prefetch_match0
                         LUT4 (Prop_lut4_I1_O)        0.310     6.434 r  cpu_inst/i__carry_i_3/O
                         net (fo=1, unplaced)         0.000     6.434    cpu_inst/i__carry_i_3_n_0
                         CARRY4 (Prop_carry4_S[1]_CO[3])
                                                      0.533     6.967 r  cpu_inst/pc0_inferred__3/i__carry/CO[3]
                         net (fo=1, unplaced)         0.009     6.976    cpu_inst/pc0_inferred__3/i__carry_n_0
                         CARRY4 (Prop_carry4_CI_CO[3])
                                                      0.117     7.093 r  cpu_inst/pc0_inferred__3/i__carry__0/CO[3]
                         net (fo=1, unplaced)         0.000     7.093    cpu_inst/pc0_inferred__3/i__carry__0_n_0
                         CARRY4 (Prop_carry4_CI_CO[3])
                                                      0.117     7.210 r  cpu_inst/pc0_inferred__3/i__carry__1/CO[3]
                         net (fo=1, unplaced)         0.000     7.210    cpu_inst/pc0_inferred__3/i__carry__1_n_0
                         CARRY4 (Prop_carry4_CI_CO[3])
                                                      0.117     7.327 r  cpu_inst/pc0_inferred__3/i__carry__2/CO[3]
                         net (fo=1, unplaced)         0.000     7.327    cpu_inst/pc0_inferred__3/i__carry__2_n_0
                         CARRY4 (Prop_carry4_CI_CO[3])
                                                      0.117     7.444 r  cpu_inst/pc0_inferred__3/i__carry__3/CO[3]
                         net (fo=1, unplaced)         0.000     7.444    cpu_inst/pc0_inferred__3/i__carry__3_n_0
                         CARRY4 (Prop_carry4_CI_CO[3])
                                                      0.117     7.561 r  cpu_inst/pc0_inferred__3/i__carry__4/CO[3]
                         net (fo=1, unplaced)         0.000     7.561    cpu_inst/pc0_inferred__3/i__carry__4_n_0
                         CARRY4 (Prop_carry4_CI_O[3])
                                                      0.331     7.892 r  cpu_inst/pc0_inferred__3/i__carry__5/O[3]
                         net (fo=2, unplaced)         0.629     8.521    cpu_inst/in8[28]
                         LUT6 (Prop_lut6_I1_O)        0.307     8.828 r  cpu_inst/prefetch_request_pc[28]_i_1/O
                         net (fo=2, unplaced)         0.460     9.288    cpu_inst/prefetch_request_pc[28]
                         LUT6 (Prop_lut6_I0_O)        0.124     9.412 r  cpu_inst/pc[28]_i_1/O
                         net (fo=1, unplaced)         0.000     9.412    cpu_inst/pc[28]
                         FDRE                                         r  cpu_inst/pc_reg[28]/D
  -------------------------------------------------------------------    -------------------

                         (clock sys_clk_pin rise edge)
                                                     10.000    10.000 r  <hidden>
                         propagated clock network latency
                                                      2.678    12.678    <hidden>
                         clock pessimism              0.115    12.793    <hidden>
                         clock uncertainty           -0.035    12.758    <hidden>
                         FDRE (Setup_fdre_C_D)        0.029    12.787    cpu_inst/pc_reg[28]
  -------------------------------------------------------------------
                         required time                         12.787    <hidden>
                         arrival time                          -9.412    <hidden>
  -------------------------------------------------------------------
                         slack                                  3.375    <hidden>

Slack (MET) :             3.379ns  (required time - arrival time)
  Source:                 cpu_inst/pc_reg[5]/C
                            (rising edge-triggered cell FDRE clocked by sys_clk_pin  {rise@0.000ns fall@5.000ns period=10.000ns})
  Destination:            cpu_inst/instr_mem_inst/instruction_reg/ADDRARDADDR[6]
                            (rising edge-triggered cell RAMB18E1 clocked by sys_clk_pin  {rise@0.000ns fall@5.000ns period=10.000ns})
  Path Group:             sys_clk_pin
  Path Type:              Setup (Max at Slow Process Corner)
  Requirement:            10.000ns  (sys_clk_pin rise@10.000ns - sys_clk_pin rise@0.000ns)
  Data Path Delay:        5.875ns  (logic 2.913ns (49.585%)  route 2.962ns (50.415%))
  Logic Levels:           7  (CARRY4=4 LUT4=1 LUT5=1 LUT6=1)
  Clock Path Skew:        -0.145ns (DCD - SCD + CPR)
    Destination Clock Delay (DCD):    2.678ns = ( 12.678 - 10.000 ) 
    Source Clock Delay      (SCD):    2.938ns
    Clock Pessimism Removal (CPR):    0.115ns
  Clock Uncertainty:      0.035ns  ((TSJ^2 + TIJ^2)^1/2 + DJ) / 2 + PE
    Total System Jitter     (TSJ):    0.071ns
    Total Input Jitter      (TIJ):    0.000ns
    Discrete Jitter          (DJ):    0.000ns
    Phase Error              (PE):    0.000ns

    Location             Delay type                Incr(ns)  Path(ns)    Netlist Resource(s)
  -------------------------------------------------------------------    -------------------
                         (clock sys_clk_pin rise edge)
                                                      0.000     0.000 r  <hidden>
                         propagated clock network latency
                                                      2.938     2.938    <hidden>
                         FDRE                         0.000     2.938 r  cpu_inst/pc_reg[5]/C
                         FDRE (Prop_fdre_C_Q)         0.456     3.394 r  cpu_inst/pc_reg[5]/Q
                         net (fo=6, unplaced)         0.997     4.391    cpu_inst/led_OBUF[3]
                         LUT6 (Prop_lut6_I0_O)        0.295     4.686 r  cpu_inst/buffered_prefetch_match0_carry_i_3/O
                         net (fo=1, unplaced)         0.000     4.686    cpu_inst/buffered_prefetch_match0_carry_i_3_n_0
                         CARRY4 (Prop_carry4_S[1]_CO[3])
                                                      0.533     5.219 r  cpu_inst/buffered_prefetch_match0_carry/CO[3]
                         net (fo=1, unplaced)         0.009     5.228    cpu_inst/buffered_prefetch_match0_carry_n_0
                         CARRY4 (Prop_carry4_CI_CO[3])
                                                      0.117     5.345 r  cpu_inst/buffered_prefetch_match0_carry__0/CO[3]
                         net (fo=1, unplaced)         0.000     5.345    cpu_inst/buffered_prefetch_match0_carry__0_n_0
                         CARRY4 (Prop_carry4_CI_CO[2])
                                                      0.252     5.597 r  cpu_inst/buffered_prefetch_match0_carry__1/CO[2]
                         net (fo=38, unplaced)        0.527     6.124    cpu_inst/buffered_prefetch_match0
                         LUT4 (Prop_lut4_I1_O)        0.310     6.434 r  cpu_inst/i__carry_i_3/O
                         net (fo=1, unplaced)         0.000     6.434    cpu_inst/i__carry_i_3_n_0
                         CARRY4 (Prop_carry4_S[1]_O[3])
                                                      0.643     7.077 r  cpu_inst/pc0_inferred__3/i__carry/O[3]
                         net (fo=2, unplaced)         0.629     7.706    cpu_inst/instr_mem_inst/in8[2]
                         LUT5 (Prop_lut5_I2_O)        0.307     8.013 r  cpu_inst/instr_mem_inst/instruction_reg_i_7/O
                         net (fo=2, unplaced)         0.800     8.813    cpu_inst/instr_mem_inst/instruction_reg_i_7_n_0
                         RAMB18E1                                     r  cpu_inst/instr_mem_inst/instruction_reg/ADDRARDADDR[6]
  -------------------------------------------------------------------    -------------------

                         (clock sys_clk_pin rise edge)
                                                     10.000    10.000 r  <hidden>
                         propagated clock network latency
                                                      2.678    12.678    <hidden>
                         clock pessimism              0.115    12.793    <hidden>
                         clock uncertainty           -0.035    12.758    <hidden>
                         RAMB18E1 (Setup_ramb18e1_CLKARDCLK_ADDRARDADDR[6])
                                                     -0.566    12.192    cpu_inst/instr_mem_inst/instruction_reg
  -------------------------------------------------------------------
                         required time                         12.192    <hidden>
                         arrival time                          -8.813    <hidden>
  -------------------------------------------------------------------
                         slack                                  3.379    <hidden>

Slack (MET) :             3.379ns  (required time - arrival time)
  Source:                 cpu_inst/pc_reg[5]/C
                            (rising edge-triggered cell FDRE clocked by sys_clk_pin  {rise@0.000ns fall@5.000ns period=10.000ns})
  Destination:            cpu_inst/instr_mem_inst/instruction_reg/ADDRBWRADDR[6]
                            (rising edge-triggered cell RAMB18E1 clocked by sys_clk_pin  {rise@0.000ns fall@5.000ns period=10.000ns})
  Path Group:             sys_clk_pin
  Path Type:              Setup (Max at Slow Process Corner)
  Requirement:            10.000ns  (sys_clk_pin rise@10.000ns - sys_clk_pin rise@0.000ns)
  Data Path Delay:        5.875ns  (logic 2.913ns (49.585%)  route 2.962ns (50.415%))
  Logic Levels:           7  (CARRY4=4 LUT4=1 LUT5=1 LUT6=1)
  Clock Path Skew:        -0.145ns (DCD - SCD + CPR)
    Destination Clock Delay (DCD):    2.678ns = ( 12.678 - 10.000 ) 
    Source Clock Delay      (SCD):    2.938ns
    Clock Pessimism Removal (CPR):    0.115ns
  Clock Uncertainty:      0.035ns  ((TSJ^2 + TIJ^2)^1/2 + DJ) / 2 + PE
    Total System Jitter     (TSJ):    0.071ns
    Total Input Jitter      (TIJ):    0.000ns
    Discrete Jitter          (DJ):    0.000ns
    Phase Error              (PE):    0.000ns

    Location             Delay type                Incr(ns)  Path(ns)    Netlist Resource(s)
  -------------------------------------------------------------------    -------------------
                         (clock sys_clk_pin rise edge)
                                                      0.000     0.000 r  <hidden>
                         propagated clock network latency
                                                      2.938     2.938    <hidden>
                         FDRE                         0.000     2.938 r  cpu_inst/pc_reg[5]/C
                         FDRE (Prop_fdre_C_Q)         0.456     3.394 r  cpu_inst/pc_reg[5]/Q
                         net (fo=6, unplaced)         0.997     4.391    cpu_inst/led_OBUF[3]
                         LUT6 (Prop_lut6_I0_O)        0.295     4.686 r  cpu_inst/buffered_prefetch_match0_carry_i_3/O
                         net (fo=1, unplaced)         0.000     4.686    cpu_inst/buffered_prefetch_match0_carry_i_3_n_0
                         CARRY4 (Prop_carry4_S[1]_CO[3])
                                                      0.533     5.219 r  cpu_inst/buffered_prefetch_match0_carry/CO[3]
                         net (fo=1, unplaced)         0.009     5.228    cpu_inst/buffered_prefetch_match0_carry_n_0
                         CARRY4 (Prop_carry4_CI_CO[3])
                                                      0.117     5.345 r  cpu_inst/buffered_prefetch_match0_carry__0/CO[3]
                         net (fo=1, unplaced)         0.000     5.345    cpu_inst/buffered_prefetch_match0_carry__0_n_0
                         CARRY4 (Prop_carry4_CI_CO[2])
                                                      0.252     5.597 r  cpu_inst/buffered_prefetch_match0_carry__1/CO[2]
                         net (fo=38, unplaced)        0.527     6.124    cpu_inst/buffered_prefetch_match0
                         LUT4 (Prop_lut4_I1_O)        0.310     6.434 r  cpu_inst/i__carry_i_3/O
                         net (fo=1, unplaced)         0.000     6.434    cpu_inst/i__carry_i_3_n_0
                         CARRY4 (Prop_carry4_S[1]_O[3])
                                                      0.643     7.077 r  cpu_inst/pc0_inferred__3/i__carry/O[3]
                         net (fo=2, unplaced)         0.629     7.706    cpu_inst/instr_mem_inst/in8[2]
                         LUT5 (Prop_lut5_I2_O)        0.307     8.013 r  cpu_inst/instr_mem_inst/instruction_reg_i_7/O
                         net (fo=2, unplaced)         0.800     8.813    cpu_inst/instr_mem_inst/instruction_reg_i_7_n_0
                         RAMB18E1                                     r  cpu_inst/instr_mem_inst/instruction_reg/ADDRBWRADDR[6]
  -------------------------------------------------------------------    -------------------

                         (clock sys_clk_pin rise edge)
                                                     10.000    10.000 r  <hidden>
                         propagated clock network latency
                                                      2.678    12.678    <hidden>
                         clock pessimism              0.115    12.793    <hidden>
                         clock uncertainty           -0.035    12.758    <hidden>
                         RAMB18E1 (Setup_ramb18e1_CLKBWRCLK_ADDRBWRADDR[6])
                                                     -0.566    12.192    cpu_inst/instr_mem_inst/instruction_reg
  -------------------------------------------------------------------
                         required time                         12.192    <hidden>
                         arrival time                          -8.813    <hidden>
  -------------------------------------------------------------------
                         slack                                  3.379    <hidden>

Slack (MET) :             3.396ns  (required time - arrival time)
  Source:                 cpu_inst/pc_reg[5]/C
                            (rising edge-triggered cell FDRE clocked by sys_clk_pin  {rise@0.000ns fall@5.000ns period=10.000ns})
  Destination:            cpu_inst/instr_mem_inst/instruction_reg/ADDRARDADDR[9]
                            (rising edge-triggered cell RAMB18E1 clocked by sys_clk_pin  {rise@0.000ns fall@5.000ns period=10.000ns})
  Path Group:             sys_clk_pin
  Path Type:              Setup (Max at Slow Process Corner)
  Requirement:            10.000ns  (sys_clk_pin rise@10.000ns - sys_clk_pin rise@0.000ns)
  Data Path Delay:        5.858ns  (logic 3.053ns (52.119%)  route 2.805ns (47.881%))
  Logic Levels:           8  (CARRY4=5 LUT4=1 LUT5=1 LUT6=1)
  Clock Path Skew:        -0.145ns (DCD - SCD + CPR)
    Destination Clock Delay (DCD):    2.678ns = ( 12.678 - 10.000 ) 
    Source Clock Delay      (SCD):    2.938ns
    Clock Pessimism Removal (CPR):    0.115ns
  Clock Uncertainty:      0.035ns  ((TSJ^2 + TIJ^2)^1/2 + DJ) / 2 + PE
    Total System Jitter     (TSJ):    0.071ns
    Total Input Jitter      (TIJ):    0.000ns
    Discrete Jitter          (DJ):    0.000ns
    Phase Error              (PE):    0.000ns

    Location             Delay type                Incr(ns)  Path(ns)    Netlist Resource(s)
  -------------------------------------------------------------------    -------------------
                         (clock sys_clk_pin rise edge)
                                                      0.000     0.000 r  <hidden>
                         propagated clock network latency
                                                      2.938     2.938    <hidden>
                         FDRE                         0.000     2.938 r  cpu_inst/pc_reg[5]/C
                         FDRE (Prop_fdre_C_Q)         0.456     3.394 r  cpu_inst/pc_reg[5]/Q
                         net (fo=6, unplaced)         0.997     4.391    cpu_inst/led_OBUF[3]
                         LUT6 (Prop_lut6_I0_O)        0.295     4.686 r  cpu_inst/buffered_prefetch_match0_carry_i_3/O
                         net (fo=1, unplaced)         0.000     4.686    cpu_inst/buffered_prefetch_match0_carry_i_3_n_0
                         CARRY4 (Prop_carry4_S[1]_CO[3])
                                                      0.533     5.219 r  cpu_inst/buffered_prefetch_match0_carry/CO[3]
                         net (fo=1, unplaced)         0.009     5.228    cpu_inst/buffered_prefetch_match0_carry_n_0
                         CARRY4 (Prop_carry4_CI_CO[3])
                                                      0.117     5.345 r  cpu_inst/buffered_prefetch_match0_carry__0/CO[3]
                         net (fo=1, unplaced)         0.000     5.345    cpu_inst/buffered_prefetch_match0_carry__0_n_0
                         CARRY4 (Prop_carry4_CI_CO[2])
                                                      0.252     5.597 r  cpu_inst/buffered_prefetch_match0_carry__1/CO[2]
                         net (fo=38, unplaced)        0.527     6.124    cpu_inst/buffered_prefetch_match0
                         LUT4 (Prop_lut4_I1_O)        0.310     6.434 r  cpu_inst/i__carry_i_3/O
                         net (fo=1, unplaced)         0.000     6.434    cpu_inst/i__carry_i_3_n_0
                         CARRY4 (Prop_carry4_S[1]_CO[3])
                                                      0.533     6.967 r  cpu_inst/pc0_inferred__3/i__carry/CO[3]
                         net (fo=1, unplaced)         0.009     6.976    cpu_inst/pc0_inferred__3/i__carry_n_0
                         CARRY4 (Prop_carry4_CI_O[2])
                                                      0.256     7.232 r  cpu_inst/pc0_inferred__3/i__carry__0/O[2]
                         net (fo=2, unplaced)         0.463     7.695    cpu_inst/instr_mem_inst/in8[5]
                         LUT5 (Prop_lut5_I2_O)        0.301     7.996 r  cpu_inst/instr_mem_inst/instruction_reg_i_4/O
                         net (fo=2, unplaced)         0.800     8.796    cpu_inst/instr_mem_inst/instruction_reg_i_4_n_0
                         RAMB18E1                                     r  cpu_inst/instr_mem_inst/instruction_reg/ADDRARDADDR[9]
  -------------------------------------------------------------------    -------------------

                         (clock sys_clk_pin rise edge)
                                                     10.000    10.000 r  <hidden>
                         propagated clock network latency
                                                      2.678    12.678    <hidden>
                         clock pessimism              0.115    12.793    <hidden>
                         clock uncertainty           -0.035    12.758    <hidden>
                         RAMB18E1 (Setup_ramb18e1_CLKARDCLK_ADDRARDADDR[9])
                                                     -0.566    12.192    cpu_inst/instr_mem_inst/instruction_reg
  -------------------------------------------------------------------
                         required time                         12.192    <hidden>
                         arrival time                          -8.796    <hidden>
  -------------------------------------------------------------------
                         slack                                  3.396    <hidden>

Slack (MET) :             3.396ns  (required time - arrival time)
  Source:                 cpu_inst/pc_reg[5]/C
                            (rising edge-triggered cell FDRE clocked by sys_clk_pin  {rise@0.000ns fall@5.000ns period=10.000ns})
  Destination:            cpu_inst/instr_mem_inst/instruction_reg/ADDRBWRADDR[9]
                            (rising edge-triggered cell RAMB18E1 clocked by sys_clk_pin  {rise@0.000ns fall@5.000ns period=10.000ns})
  Path Group:             sys_clk_pin
  Path Type:              Setup (Max at Slow Process Corner)
  Requirement:            10.000ns  (sys_clk_pin rise@10.000ns - sys_clk_pin rise@0.000ns)
  Data Path Delay:        5.858ns  (logic 3.053ns (52.119%)  route 2.805ns (47.881%))
  Logic Levels:           8  (CARRY4=5 LUT4=1 LUT5=1 LUT6=1)
  Clock Path Skew:        -0.145ns (DCD - SCD + CPR)
    Destination Clock Delay (DCD):    2.678ns = ( 12.678 - 10.000 ) 
    Source Clock Delay      (SCD):    2.938ns
    Clock Pessimism Removal (CPR):    0.115ns
  Clock Uncertainty:      0.035ns  ((TSJ^2 + TIJ^2)^1/2 + DJ) / 2 + PE
    Total System Jitter     (TSJ):    0.071ns
    Total Input Jitter      (TIJ):    0.000ns
    Discrete Jitter          (DJ):    0.000ns
    Phase Error              (PE):    0.000ns

    Location             Delay type                Incr(ns)  Path(ns)    Netlist Resource(s)
  -------------------------------------------------------------------    -------------------
                         (clock sys_clk_pin rise edge)
                                                      0.000     0.000 r  <hidden>
                         propagated clock network latency
                                                      2.938     2.938    <hidden>
                         FDRE                         0.000     2.938 r  cpu_inst/pc_reg[5]/C
                         FDRE (Prop_fdre_C_Q)         0.456     3.394 r  cpu_inst/pc_reg[5]/Q
                         net (fo=6, unplaced)         0.997     4.391    cpu_inst/led_OBUF[3]
                         LUT6 (Prop_lut6_I0_O)        0.295     4.686 r  cpu_inst/buffered_prefetch_match0_carry_i_3/O
                         net (fo=1, unplaced)         0.000     4.686    cpu_inst/buffered_prefetch_match0_carry_i_3_n_0
                         CARRY4 (Prop_carry4_S[1]_CO[3])
                                                      0.533     5.219 r  cpu_inst/buffered_prefetch_match0_carry/CO[3]
                         net (fo=1, unplaced)         0.009     5.228    cpu_inst/buffered_prefetch_match0_carry_n_0
                         CARRY4 (Prop_carry4_CI_CO[3])
                                                      0.117     5.345 r  cpu_inst/buffered_prefetch_match0_carry__0/CO[3]
                         net (fo=1, unplaced)         0.000     5.345    cpu_inst/buffered_prefetch_match0_carry__0_n_0
                         CARRY4 (Prop_carry4_CI_CO[2])
                                                      0.252     5.597 r  cpu_inst/buffered_prefetch_match0_carry__1/CO[2]
                         net (fo=38, unplaced)        0.527     6.124    cpu_inst/buffered_prefetch_match0
                         LUT4 (Prop_lut4_I1_O)        0.310     6.434 r  cpu_inst/i__carry_i_3/O
                         net (fo=1, unplaced)         0.000     6.434    cpu_inst/i__carry_i_3_n_0
                         CARRY4 (Prop_carry4_S[1]_CO[3])
                                                      0.533     6.967 r  cpu_inst/pc0_inferred__3/i__carry/CO[3]
                         net (fo=1, unplaced)         0.009     6.976    cpu_inst/pc0_inferred__3/i__carry_n_0
                         CARRY4 (Prop_carry4_CI_O[2])
                                                      0.256     7.232 r  cpu_inst/pc0_inferred__3/i__carry__0/O[2]
                         net (fo=2, unplaced)         0.463     7.695    cpu_inst/instr_mem_inst/in8[5]
                         LUT5 (Prop_lut5_I2_O)        0.301     7.996 r  cpu_inst/instr_mem_inst/instruction_reg_i_4/O
                         net (fo=2, unplaced)         0.800     8.796    cpu_inst/instr_mem_inst/instruction_reg_i_4_n_0
                         RAMB18E1                                     r  cpu_inst/instr_mem_inst/instruction_reg/ADDRBWRADDR[9]
  -------------------------------------------------------------------    -------------------

                         (clock sys_clk_pin rise edge)
                                                     10.000    10.000 r  <hidden>
                         propagated clock network latency
                                                      2.678    12.678    <hidden>
                         clock pessimism              0.115    12.793    <hidden>
                         clock uncertainty           -0.035    12.758    <hidden>
                         RAMB18E1 (Setup_ramb18e1_CLKBWRCLK_ADDRBWRADDR[9])
                                                     -0.566    12.192    cpu_inst/instr_mem_inst/instruction_reg
  -------------------------------------------------------------------
                         required time                         12.192    <hidden>
                         arrival time                          -8.796    <hidden>
  -------------------------------------------------------------------
                         slack                                  3.396    <hidden>

Slack (MET) :             3.450ns  (required time - arrival time)
  Source:                 cpu_inst/pc_reg[5]/C
                            (rising edge-triggered cell FDRE clocked by sys_clk_pin  {rise@0.000ns fall@5.000ns period=10.000ns})
  Destination:            cpu_inst/instr_mem_inst/instruction_reg/ADDRARDADDR[11]
                            (rising edge-triggered cell RAMB18E1 clocked by sys_clk_pin  {rise@0.000ns fall@5.000ns period=10.000ns})
  Path Group:             sys_clk_pin
  Path Type:              Setup (Max at Slow Process Corner)
  Requirement:            10.000ns  (sys_clk_pin rise@10.000ns - sys_clk_pin rise@0.000ns)
  Data Path Delay:        5.804ns  (logic 3.140ns (54.103%)  route 2.664ns (45.897%))
  Logic Levels:           9  (CARRY4=6 LUT4=1 LUT5=1 LUT6=1)
  Clock Path Skew:        -0.145ns (DCD - SCD + CPR)
    Destination Clock Delay (DCD):    2.678ns = ( 12.678 - 10.000 ) 
    Source Clock Delay      (SCD):    2.938ns
    Clock Pessimism Removal (CPR):    0.115ns
  Clock Uncertainty:      0.035ns  ((TSJ^2 + TIJ^2)^1/2 + DJ) / 2 + PE
    Total System Jitter     (TSJ):    0.071ns
    Total Input Jitter      (TIJ):    0.000ns
    Discrete Jitter          (DJ):    0.000ns
    Phase Error              (PE):    0.000ns

    Location             Delay type                Incr(ns)  Path(ns)    Netlist Resource(s)
  -------------------------------------------------------------------    -------------------
                         (clock sys_clk_pin rise edge)
                                                      0.000     0.000 r  <hidden>
                         propagated clock network latency
                                                      2.938     2.938    <hidden>
                         FDRE                         0.000     2.938 r  cpu_inst/pc_reg[5]/C
                         FDRE (Prop_fdre_C_Q)         0.456     3.394 r  cpu_inst/pc_reg[5]/Q
                         net (fo=6, unplaced)         0.997     4.391    cpu_inst/led_OBUF[3]
                         LUT6 (Prop_lut6_I0_O)        0.295     4.686 r  cpu_inst/buffered_prefetch_match0_carry_i_3/O
                         net (fo=1, unplaced)         0.000     4.686    cpu_inst/buffered_prefetch_match0_carry_i_3_n_0
                         CARRY4 (Prop_carry4_S[1]_CO[3])
                                                      0.533     5.219 r  cpu_inst/buffered_prefetch_match0_carry/CO[3]
                         net (fo=1, unplaced)         0.009     5.228    cpu_inst/buffered_prefetch_match0_carry_n_0
                         CARRY4 (Prop_carry4_CI_CO[3])
                                                      0.117     5.345 r  cpu_inst/buffered_prefetch_match0_carry__0/CO[3]
                         net (fo=1, unplaced)         0.000     5.345    cpu_inst/buffered_prefetch_match0_carry__0_n_0
                         CARRY4 (Prop_carry4_CI_CO[2])
                                                      0.252     5.597 r  cpu_inst/buffered_prefetch_match0_carry__1/CO[2]
                         net (fo=38, unplaced)        0.527     6.124    cpu_inst/buffered_prefetch_match0
                         LUT4 (Prop_lut4_I1_O)        0.310     6.434 r  cpu_inst/i__carry_i_3/O
                         net (fo=1, unplaced)         0.000     6.434    cpu_inst/i__carry_i_3_n_0
                         CARRY4 (Prop_carry4_S[1]_CO[3])
                                                      0.533     6.967 r  cpu_inst/pc0_inferred__3/i__carry/CO[3]
                         net (fo=1, unplaced)         0.009     6.976    cpu_inst/pc0_inferred__3/i__carry_n_0
                         CARRY4 (Prop_carry4_CI_CO[3])
                                                      0.117     7.093 r  cpu_inst/pc0_inferred__3/i__carry__0/CO[3]
                         net (fo=1, unplaced)         0.000     7.093    cpu_inst/pc0_inferred__3/i__carry__0_n_0
                         CARRY4 (Prop_carry4_CI_O[0])
                                                      0.232     7.325 r  cpu_inst/pc0_inferred__3/i__carry__1/O[0]
                         net (fo=2, unplaced)         0.322     7.647    cpu_inst/instr_mem_inst/in8[7]
                         LUT5 (Prop_lut5_I2_O)        0.295     7.942 r  cpu_inst/instr_mem_inst/instruction_reg_i_2/O
                         net (fo=2, unplaced)         0.800     8.742    cpu_inst/instr_mem_inst/instruction_reg_i_2_n_0
                         RAMB18E1                                     r  cpu_inst/instr_mem_inst/instruction_reg/ADDRARDADDR[11]
  -------------------------------------------------------------------    -------------------

                         (clock sys_clk_pin rise edge)
                                                     10.000    10.000 r  <hidden>
                         propagated clock network latency
                                                      2.678    12.678    <hidden>
                         clock pessimism              0.115    12.793    <hidden>
                         clock uncertainty           -0.035    12.758    <hidden>
                         RAMB18E1 (Setup_ramb18e1_CLKARDCLK_ADDRARDADDR[11])
                                                     -0.566    12.192    cpu_inst/instr_mem_inst/instruction_reg
  -------------------------------------------------------------------
                         required time                         12.192    <hidden>
                         arrival time                          -8.742    <hidden>
  -------------------------------------------------------------------
                         slack                                  3.450    <hidden>




