Copyright 1986-2022 Xilinx, Inc. All Rights Reserved. Copyright 2022-2026 Advanced Micro Devices, Inc. All Rights Reserved.
--------------------------------------------------------------------------------------------------------------------------------------------------
| Tool Version : Vivado v.2026.1 (win64) Build 6511674 Tue Jun 16 11:02:23 MDT 2026
| Date         : Fri Jul 10 12:27:48 2026
| Host         : DESKTOP-4GB7DVJ running 64-bit major release  (build 9200)
| Command      : report_timing -max_paths 10 -path_type full -file reports/phase11c/timing/fpga_top_multicycle_bram_prefetch_impl_worst_paths.rpt
| Design       : fpga_top_multicycle_bram_prefetch
| Device       : 7a35t-cpg236
| Speed File   : -1  PRODUCTION 1.23 2018-06-13
| Design State : Routed
--------------------------------------------------------------------------------------------------------------------------------------------------

Timing Report

Slack (MET) :             1.247ns  (required time - arrival time)
  Source:                 cpu_inst/pc_reg[6]/C
                            (rising edge-triggered cell FDRE clocked by sys_clk_pin  {rise@0.000ns fall@5.000ns period=10.000ns})
  Destination:            cpu_inst/instr_mem_inst/instruction_reg/RSTRAMB
                            (rising edge-triggered cell RAMB18E1 clocked by sys_clk_pin  {rise@0.000ns fall@5.000ns period=10.000ns})
  Path Group:             sys_clk_pin
  Path Type:              Setup (Max at Slow Process Corner)
  Requirement:            10.000ns  (sys_clk_pin rise@10.000ns - sys_clk_pin rise@0.000ns)
  Data Path Delay:        8.301ns  (logic 3.603ns (43.406%)  route 4.698ns (56.594%))
  Logic Levels:           15  (CARRY4=10 LUT4=2 LUT6=3)
  Clock Path Skew:        -0.058ns (DCD - SCD + CPR)
    Destination Clock Delay (DCD):    4.819ns = ( 14.819 - 10.000 ) 
    Source Clock Delay      (SCD):    5.136ns
    Clock Pessimism Removal (CPR):    0.260ns
  Clock Uncertainty:      0.035ns  ((TSJ^2 + TIJ^2)^1/2 + DJ) / 2 + PE
    Total System Jitter     (TSJ):    0.071ns
    Total Input Jitter      (TIJ):    0.000ns
    Discrete Jitter          (DJ):    0.000ns
    Phase Error              (PE):    0.000ns

    Location             Delay type                Incr(ns)  Path(ns)    Netlist Resource(s)
  -------------------------------------------------------------------    -------------------
                         (clock sys_clk_pin rise edge)
                                                      0.000     0.000 r  <hidden>
                         propagated clock network latency
                                                      5.136     5.136    <hidden>
    SLICE_X5Y25          FDRE                         0.000     5.136 r  cpu_inst/pc_reg[6]/C
    SLICE_X5Y25          FDRE (Prop_fdre_C_Q)         0.456     5.592 r  cpu_inst/pc_reg[6]/Q
                         net (fo=5, routed)           1.181     6.773    cpu_inst/pc_reg_n_0_[6]
    SLICE_X2Y28          LUT6 (Prop_lut6_I2_O)        0.124     6.897 r  cpu_inst/buffered_prefetch_match0_carry_i_2/O
                         net (fo=1, routed)           0.000     6.897    cpu_inst/buffered_prefetch_match0_carry_i_2_n_0
    SLICE_X2Y28          CARRY4 (Prop_carry4_S[2]_CO[3])
                                                      0.380     7.277 r  cpu_inst/buffered_prefetch_match0_carry/CO[3]
                         net (fo=1, routed)           0.000     7.277    cpu_inst/buffered_prefetch_match0_carry_n_0
    SLICE_X2Y29          CARRY4 (Prop_carry4_CI_CO[3])
                                                      0.117     7.394 r  cpu_inst/buffered_prefetch_match0_carry__0/CO[3]
                         net (fo=1, routed)           0.000     7.394    cpu_inst/buffered_prefetch_match0_carry__0_n_0
    SLICE_X2Y30          CARRY4 (Prop_carry4_CI_CO[2])
                                                      0.229     7.623 r  cpu_inst/buffered_prefetch_match0_carry__1/CO[2]
                         net (fo=38, routed)          0.855     8.478    cpu_inst/buffered_prefetch_match0
    SLICE_X1Y25          LUT4 (Prop_lut4_I1_O)        0.310     8.788 r  cpu_inst/i__carry_i_3/O
                         net (fo=1, routed)           0.000     8.788    cpu_inst/i__carry_i_3_n_0
    SLICE_X1Y25          CARRY4 (Prop_carry4_S[1]_CO[3])
                                                      0.550     9.338 r  cpu_inst/pc0_inferred__3/i__carry/CO[3]
                         net (fo=1, routed)           0.000     9.338    cpu_inst/pc0_inferred__3/i__carry_n_0
    SLICE_X1Y26          CARRY4 (Prop_carry4_CI_CO[3])
                                                      0.114     9.452 r  cpu_inst/pc0_inferred__3/i__carry__0/CO[3]
                         net (fo=1, routed)           0.000     9.452    cpu_inst/pc0_inferred__3/i__carry__0_n_0
    SLICE_X1Y27          CARRY4 (Prop_carry4_CI_CO[3])
                                                      0.114     9.566 r  cpu_inst/pc0_inferred__3/i__carry__1/CO[3]
                         net (fo=1, routed)           0.000     9.566    cpu_inst/pc0_inferred__3/i__carry__1_n_0
    SLICE_X1Y28          CARRY4 (Prop_carry4_CI_CO[3])
                                                      0.114     9.680 r  cpu_inst/pc0_inferred__3/i__carry__2/CO[3]
                         net (fo=1, routed)           0.000     9.680    cpu_inst/pc0_inferred__3/i__carry__2_n_0
    SLICE_X1Y29          CARRY4 (Prop_carry4_CI_CO[3])
                                                      0.114     9.794 r  cpu_inst/pc0_inferred__3/i__carry__3/CO[3]
                         net (fo=1, routed)           0.000     9.794    cpu_inst/pc0_inferred__3/i__carry__3_n_0
    SLICE_X1Y30          CARRY4 (Prop_carry4_CI_CO[3])
                                                      0.114     9.908 r  cpu_inst/pc0_inferred__3/i__carry__4/CO[3]
                         net (fo=1, routed)           0.000     9.908    cpu_inst/pc0_inferred__3/i__carry__4_n_0
    SLICE_X1Y31          CARRY4 (Prop_carry4_CI_O[3])
                                                      0.313    10.221 r  cpu_inst/pc0_inferred__3/i__carry__5/O[3]
                         net (fo=2, routed)           0.774    10.995    cpu_inst/instr_mem_inst/in8[26]
    SLICE_X6Y28          LUT4 (Prop_lut4_I1_O)        0.306    11.301 f  cpu_inst/instr_mem_inst/instruction_reg_i_25/O
                         net (fo=1, routed)           0.634    11.935    cpu_inst/instr_mem_inst/instruction_reg_i_25_n_0
    SLICE_X7Y27          LUT6 (Prop_lut6_I0_O)        0.124    12.059 f  cpu_inst/instr_mem_inst/instruction_reg_i_14/O
                         net (fo=1, routed)           0.480    12.539    cpu_inst/instr_mem_inst/instruction_reg_i_14_n_0
    SLICE_X7Y28          LUT6 (Prop_lut6_I4_O)        0.124    12.663 r  cpu_inst/instr_mem_inst/instruction_reg_i_1/O
                         net (fo=2, routed)           0.774    13.437    cpu_inst/instr_mem_inst/instruction_reg_i_1_n_0
    RAMB18_X0Y10         RAMB18E1                                     r  cpu_inst/instr_mem_inst/instruction_reg/RSTRAMB
  -------------------------------------------------------------------    -------------------

                         (clock sys_clk_pin rise edge)
                                                     10.000    10.000 r  <hidden>
                         propagated clock network latency
                                                      4.819    14.819    <hidden>
                         clock pessimism              0.260    15.079    <hidden>
                         clock uncertainty           -0.035    15.043    <hidden>
    RAMB18_X0Y10         RAMB18E1 (Setup_ramb18e1_CLKBWRCLK_RSTRAMB)
                                                     -0.359    14.684    cpu_inst/instr_mem_inst/instruction_reg
  -------------------------------------------------------------------
                         required time                         14.684    <hidden>
                         arrival time                         -13.437    <hidden>
  -------------------------------------------------------------------
                         slack                                  1.247    <hidden>

Slack (MET) :             1.391ns  (required time - arrival time)
  Source:                 cpu_inst/pc_reg[6]/C
                            (rising edge-triggered cell FDRE clocked by sys_clk_pin  {rise@0.000ns fall@5.000ns period=10.000ns})
  Destination:            cpu_inst/instr_mem_inst/instruction_reg/RSTRAMARSTRAM
                            (rising edge-triggered cell RAMB18E1 clocked by sys_clk_pin  {rise@0.000ns fall@5.000ns period=10.000ns})
  Path Group:             sys_clk_pin
  Path Type:              Setup (Max at Slow Process Corner)
  Requirement:            10.000ns  (sys_clk_pin rise@10.000ns - sys_clk_pin rise@0.000ns)
  Data Path Delay:        8.160ns  (logic 3.603ns (44.156%)  route 4.557ns (55.844%))
  Logic Levels:           15  (CARRY4=10 LUT4=2 LUT6=3)
  Clock Path Skew:        -0.055ns (DCD - SCD + CPR)
    Destination Clock Delay (DCD):    4.822ns = ( 14.822 - 10.000 ) 
    Source Clock Delay      (SCD):    5.136ns
    Clock Pessimism Removal (CPR):    0.260ns
  Clock Uncertainty:      0.035ns  ((TSJ^2 + TIJ^2)^1/2 + DJ) / 2 + PE
    Total System Jitter     (TSJ):    0.071ns
    Total Input Jitter      (TIJ):    0.000ns
    Discrete Jitter          (DJ):    0.000ns
    Phase Error              (PE):    0.000ns

    Location             Delay type                Incr(ns)  Path(ns)    Netlist Resource(s)
  -------------------------------------------------------------------    -------------------
                         (clock sys_clk_pin rise edge)
                                                      0.000     0.000 r  <hidden>
                         propagated clock network latency
                                                      5.136     5.136    <hidden>
    SLICE_X5Y25          FDRE                         0.000     5.136 r  cpu_inst/pc_reg[6]/C
    SLICE_X5Y25          FDRE (Prop_fdre_C_Q)         0.456     5.592 r  cpu_inst/pc_reg[6]/Q
                         net (fo=5, routed)           1.181     6.773    cpu_inst/pc_reg_n_0_[6]
    SLICE_X2Y28          LUT6 (Prop_lut6_I2_O)        0.124     6.897 r  cpu_inst/buffered_prefetch_match0_carry_i_2/O
                         net (fo=1, routed)           0.000     6.897    cpu_inst/buffered_prefetch_match0_carry_i_2_n_0
    SLICE_X2Y28          CARRY4 (Prop_carry4_S[2]_CO[3])
                                                      0.380     7.277 r  cpu_inst/buffered_prefetch_match0_carry/CO[3]
                         net (fo=1, routed)           0.000     7.277    cpu_inst/buffered_prefetch_match0_carry_n_0
    SLICE_X2Y29          CARRY4 (Prop_carry4_CI_CO[3])
                                                      0.117     7.394 r  cpu_inst/buffered_prefetch_match0_carry__0/CO[3]
                         net (fo=1, routed)           0.000     7.394    cpu_inst/buffered_prefetch_match0_carry__0_n_0
    SLICE_X2Y30          CARRY4 (Prop_carry4_CI_CO[2])
                                                      0.229     7.623 r  cpu_inst/buffered_prefetch_match0_carry__1/CO[2]
                         net (fo=38, routed)          0.855     8.478    cpu_inst/buffered_prefetch_match0
    SLICE_X1Y25          LUT4 (Prop_lut4_I1_O)        0.310     8.788 r  cpu_inst/i__carry_i_3/O
                         net (fo=1, routed)           0.000     8.788    cpu_inst/i__carry_i_3_n_0
    SLICE_X1Y25          CARRY4 (Prop_carry4_S[1]_CO[3])
                                                      0.550     9.338 r  cpu_inst/pc0_inferred__3/i__carry/CO[3]
                         net (fo=1, routed)           0.000     9.338    cpu_inst/pc0_inferred__3/i__carry_n_0
    SLICE_X1Y26          CARRY4 (Prop_carry4_CI_CO[3])
                                                      0.114     9.452 r  cpu_inst/pc0_inferred__3/i__carry__0/CO[3]
                         net (fo=1, routed)           0.000     9.452    cpu_inst/pc0_inferred__3/i__carry__0_n_0
    SLICE_X1Y27          CARRY4 (Prop_carry4_CI_CO[3])
                                                      0.114     9.566 r  cpu_inst/pc0_inferred__3/i__carry__1/CO[3]
                         net (fo=1, routed)           0.000     9.566    cpu_inst/pc0_inferred__3/i__carry__1_n_0
    SLICE_X1Y28          CARRY4 (Prop_carry4_CI_CO[3])
                                                      0.114     9.680 r  cpu_inst/pc0_inferred__3/i__carry__2/CO[3]
                         net (fo=1, routed)           0.000     9.680    cpu_inst/pc0_inferred__3/i__carry__2_n_0
    SLICE_X1Y29          CARRY4 (Prop_carry4_CI_CO[3])
                                                      0.114     9.794 r  cpu_inst/pc0_inferred__3/i__carry__3/CO[3]
                         net (fo=1, routed)           0.000     9.794    cpu_inst/pc0_inferred__3/i__carry__3_n_0
    SLICE_X1Y30          CARRY4 (Prop_carry4_CI_CO[3])
                                                      0.114     9.908 r  cpu_inst/pc0_inferred__3/i__carry__4/CO[3]
                         net (fo=1, routed)           0.000     9.908    cpu_inst/pc0_inferred__3/i__carry__4_n_0
    SLICE_X1Y31          CARRY4 (Prop_carry4_CI_O[3])
                                                      0.313    10.221 r  cpu_inst/pc0_inferred__3/i__carry__5/O[3]
                         net (fo=2, routed)           0.774    10.995    cpu_inst/instr_mem_inst/in8[26]
    SLICE_X6Y28          LUT4 (Prop_lut4_I1_O)        0.306    11.301 f  cpu_inst/instr_mem_inst/instruction_reg_i_25/O
                         net (fo=1, routed)           0.634    11.935    cpu_inst/instr_mem_inst/instruction_reg_i_25_n_0
    SLICE_X7Y27          LUT6 (Prop_lut6_I0_O)        0.124    12.059 f  cpu_inst/instr_mem_inst/instruction_reg_i_14/O
                         net (fo=1, routed)           0.480    12.539    cpu_inst/instr_mem_inst/instruction_reg_i_14_n_0
    SLICE_X7Y28          LUT6 (Prop_lut6_I4_O)        0.124    12.663 r  cpu_inst/instr_mem_inst/instruction_reg_i_1/O
                         net (fo=2, routed)           0.633    13.296    cpu_inst/instr_mem_inst/instruction_reg_i_1_n_0
    RAMB18_X0Y10         RAMB18E1                                     r  cpu_inst/instr_mem_inst/instruction_reg/RSTRAMARSTRAM
  -------------------------------------------------------------------    -------------------

                         (clock sys_clk_pin rise edge)
                                                     10.000    10.000 r  <hidden>
                         propagated clock network latency
                                                      4.822    14.822    <hidden>
                         clock pessimism              0.260    15.082    <hidden>
                         clock uncertainty           -0.035    15.046    <hidden>
    RAMB18_X0Y10         RAMB18E1 (Setup_ramb18e1_CLKARDCLK_RSTRAMARSTRAM)
                                                     -0.359    14.687    cpu_inst/instr_mem_inst/instruction_reg
  -------------------------------------------------------------------
                         required time                         14.687    <hidden>
                         arrival time                         -13.296    <hidden>
  -------------------------------------------------------------------
                         slack                                  1.391    <hidden>

Slack (MET) :             2.451ns  (required time - arrival time)
  Source:                 cpu_inst/operand_a_reg_reg[20]/C
                            (rising edge-triggered cell FDRE clocked by sys_clk_pin  {rise@0.000ns fall@5.000ns period=10.000ns})
  Destination:            cpu_inst/operand_a_reg_reg[30]/CE
                            (rising edge-triggered cell FDRE clocked by sys_clk_pin  {rise@0.000ns fall@5.000ns period=10.000ns})
  Path Group:             sys_clk_pin
  Path Type:              Setup (Max at Slow Process Corner)
  Requirement:            10.000ns  (sys_clk_pin rise@10.000ns - sys_clk_pin rise@0.000ns)
  Data Path Delay:        7.147ns  (logic 2.065ns (28.892%)  route 5.082ns (71.108%))
  Logic Levels:           6  (CARRY4=2 LUT5=1 LUT6=3)
  Clock Path Skew:        -0.198ns (DCD - SCD + CPR)
    Destination Clock Delay (DCD):    4.783ns = ( 14.783 - 10.000 ) 
    Source Clock Delay      (SCD):    5.160ns
    Clock Pessimism Removal (CPR):    0.180ns
  Clock Uncertainty:      0.035ns  ((TSJ^2 + TIJ^2)^1/2 + DJ) / 2 + PE
    Total System Jitter     (TSJ):    0.071ns
    Total Input Jitter      (TIJ):    0.000ns
    Discrete Jitter          (DJ):    0.000ns
    Phase Error              (PE):    0.000ns

    Location             Delay type                Incr(ns)  Path(ns)    Netlist Resource(s)
  -------------------------------------------------------------------    -------------------
                         (clock sys_clk_pin rise edge)
                                                      0.000     0.000 r  <hidden>
                         propagated clock network latency
                                                      5.160     5.160    <hidden>
    SLICE_X2Y48          FDRE                         0.000     5.160 r  cpu_inst/operand_a_reg_reg[20]/C
    SLICE_X2Y48          FDRE (Prop_fdre_C_Q)         0.518     5.678 r  cpu_inst/operand_a_reg_reg[20]/Q
                         net (fo=10, routed)          1.625     7.304    cpu_inst/operand_a[20]
    SLICE_X11Y36         LUT6 (Prop_lut6_I2_O)        0.124     7.428 r  cpu_inst/i__carry__0_i_2__0/O
                         net (fo=1, routed)           0.000     7.428    cpu_inst/i__carry__0_i_2__0_n_0
    SLICE_X11Y36         CARRY4 (Prop_carry4_S[2]_CO[3])
                                                      0.398     7.826 r  cpu_inst/branch_taken0_inferred__0/i__carry__0/CO[3]
                         net (fo=1, routed)           0.000     7.826    cpu_inst/branch_taken0_inferred__0/i__carry__0_n_0
    SLICE_X11Y37         CARRY4 (Prop_carry4_CI_CO[2])
                                                      0.228     8.054 r  cpu_inst/branch_taken0_inferred__0/i__carry__1/CO[2]
                         net (fo=4, routed)           0.877     8.930    cpu_inst/instr_mem_inst/CO[0]
    SLICE_X8Y26          LUT6 (Prop_lut6_I5_O)        0.313     9.243 f  cpu_inst/instr_mem_inst/prefetch_instruction[31]_i_2/O
                         net (fo=11, routed)          0.676     9.919    cpu_inst/instr_mem_inst_n_36
    SLICE_X10Y26         LUT5 (Prop_lut5_I0_O)        0.153    10.072 f  cpu_inst/pc[31]_i_4/O
                         net (fo=2, routed)           0.313    10.385    cpu_inst/pc[31]_i_4_n_0
    SLICE_X11Y26         LUT6 (Prop_lut6_I0_O)        0.331    10.716 r  cpu_inst/opcode_reg[3]_i_1/O
                         net (fo=90, routed)          1.591    12.308    cpu_inst/opcode_reg[3]_i_1_n_0
    SLICE_X10Y52         FDRE                                         r  cpu_inst/operand_a_reg_reg[30]/CE
  -------------------------------------------------------------------    -------------------

                         (clock sys_clk_pin rise edge)
                                                     10.000    10.000 r  <hidden>
                         propagated clock network latency
                                                      4.783    14.783    <hidden>
                         clock pessimism              0.180    14.963    <hidden>
                         clock uncertainty           -0.035    14.927    <hidden>
    SLICE_X10Y52         FDRE (Setup_fdre_C_CE)      -0.169    14.758    cpu_inst/operand_a_reg_reg[30]
  -------------------------------------------------------------------
                         required time                         14.758    <hidden>
                         arrival time                         -12.308    <hidden>
  -------------------------------------------------------------------
                         slack                                  2.451    <hidden>

Slack (MET) :             2.451ns  (required time - arrival time)
  Source:                 cpu_inst/operand_a_reg_reg[20]/C
                            (rising edge-triggered cell FDRE clocked by sys_clk_pin  {rise@0.000ns fall@5.000ns period=10.000ns})
  Destination:            cpu_inst/operand_a_reg_reg[31]/CE
                            (rising edge-triggered cell FDRE clocked by sys_clk_pin  {rise@0.000ns fall@5.000ns period=10.000ns})
  Path Group:             sys_clk_pin
  Path Type:              Setup (Max at Slow Process Corner)
  Requirement:            10.000ns  (sys_clk_pin rise@10.000ns - sys_clk_pin rise@0.000ns)
  Data Path Delay:        7.147ns  (logic 2.065ns (28.892%)  route 5.082ns (71.108%))
  Logic Levels:           6  (CARRY4=2 LUT5=1 LUT6=3)
  Clock Path Skew:        -0.198ns (DCD - SCD + CPR)
    Destination Clock Delay (DCD):    4.783ns = ( 14.783 - 10.000 ) 
    Source Clock Delay      (SCD):    5.160ns
    Clock Pessimism Removal (CPR):    0.180ns
  Clock Uncertainty:      0.035ns  ((TSJ^2 + TIJ^2)^1/2 + DJ) / 2 + PE
    Total System Jitter     (TSJ):    0.071ns
    Total Input Jitter      (TIJ):    0.000ns
    Discrete Jitter          (DJ):    0.000ns
    Phase Error              (PE):    0.000ns

    Location             Delay type                Incr(ns)  Path(ns)    Netlist Resource(s)
  -------------------------------------------------------------------    -------------------
                         (clock sys_clk_pin rise edge)
                                                      0.000     0.000 r  <hidden>
                         propagated clock network latency
                                                      5.160     5.160    <hidden>
    SLICE_X2Y48          FDRE                         0.000     5.160 r  cpu_inst/operand_a_reg_reg[20]/C
    SLICE_X2Y48          FDRE (Prop_fdre_C_Q)         0.518     5.678 r  cpu_inst/operand_a_reg_reg[20]/Q
                         net (fo=10, routed)          1.625     7.304    cpu_inst/operand_a[20]
    SLICE_X11Y36         LUT6 (Prop_lut6_I2_O)        0.124     7.428 r  cpu_inst/i__carry__0_i_2__0/O
                         net (fo=1, routed)           0.000     7.428    cpu_inst/i__carry__0_i_2__0_n_0
    SLICE_X11Y36         CARRY4 (Prop_carry4_S[2]_CO[3])
                                                      0.398     7.826 r  cpu_inst/branch_taken0_inferred__0/i__carry__0/CO[3]
                         net (fo=1, routed)           0.000     7.826    cpu_inst/branch_taken0_inferred__0/i__carry__0_n_0
    SLICE_X11Y37         CARRY4 (Prop_carry4_CI_CO[2])
                                                      0.228     8.054 r  cpu_inst/branch_taken0_inferred__0/i__carry__1/CO[2]
                         net (fo=4, routed)           0.877     8.930    cpu_inst/instr_mem_inst/CO[0]
    SLICE_X8Y26          LUT6 (Prop_lut6_I5_O)        0.313     9.243 f  cpu_inst/instr_mem_inst/prefetch_instruction[31]_i_2/O
                         net (fo=11, routed)          0.676     9.919    cpu_inst/instr_mem_inst_n_36
    SLICE_X10Y26         LUT5 (Prop_lut5_I0_O)        0.153    10.072 f  cpu_inst/pc[31]_i_4/O
                         net (fo=2, routed)           0.313    10.385    cpu_inst/pc[31]_i_4_n_0
    SLICE_X11Y26         LUT6 (Prop_lut6_I0_O)        0.331    10.716 r  cpu_inst/opcode_reg[3]_i_1/O
                         net (fo=90, routed)          1.591    12.308    cpu_inst/opcode_reg[3]_i_1_n_0
    SLICE_X10Y52         FDRE                                         r  cpu_inst/operand_a_reg_reg[31]/CE
  -------------------------------------------------------------------    -------------------

                         (clock sys_clk_pin rise edge)
                                                     10.000    10.000 r  <hidden>
                         propagated clock network latency
                                                      4.783    14.783    <hidden>
                         clock pessimism              0.180    14.963    <hidden>
                         clock uncertainty           -0.035    14.927    <hidden>
    SLICE_X10Y52         FDRE (Setup_fdre_C_CE)      -0.169    14.758    cpu_inst/operand_a_reg_reg[31]
  -------------------------------------------------------------------
                         required time                         14.758    <hidden>
                         arrival time                         -12.308    <hidden>
  -------------------------------------------------------------------
                         slack                                  2.451    <hidden>

Slack (MET) :             2.451ns  (required time - arrival time)
  Source:                 cpu_inst/operand_a_reg_reg[20]/C
                            (rising edge-triggered cell FDRE clocked by sys_clk_pin  {rise@0.000ns fall@5.000ns period=10.000ns})
  Destination:            cpu_inst/operand_b_reg_reg[31]/CE
                            (rising edge-triggered cell FDRE clocked by sys_clk_pin  {rise@0.000ns fall@5.000ns period=10.000ns})
  Path Group:             sys_clk_pin
  Path Type:              Setup (Max at Slow Process Corner)
  Requirement:            10.000ns  (sys_clk_pin rise@10.000ns - sys_clk_pin rise@0.000ns)
  Data Path Delay:        7.147ns  (logic 2.065ns (28.892%)  route 5.082ns (71.108%))
  Logic Levels:           6  (CARRY4=2 LUT5=1 LUT6=3)
  Clock Path Skew:        -0.198ns (DCD - SCD + CPR)
    Destination Clock Delay (DCD):    4.783ns = ( 14.783 - 10.000 ) 
    Source Clock Delay      (SCD):    5.160ns
    Clock Pessimism Removal (CPR):    0.180ns
  Clock Uncertainty:      0.035ns  ((TSJ^2 + TIJ^2)^1/2 + DJ) / 2 + PE
    Total System Jitter     (TSJ):    0.071ns
    Total Input Jitter      (TIJ):    0.000ns
    Discrete Jitter          (DJ):    0.000ns
    Phase Error              (PE):    0.000ns

    Location             Delay type                Incr(ns)  Path(ns)    Netlist Resource(s)
  -------------------------------------------------------------------    -------------------
                         (clock sys_clk_pin rise edge)
                                                      0.000     0.000 r  <hidden>
                         propagated clock network latency
                                                      5.160     5.160    <hidden>
    SLICE_X2Y48          FDRE                         0.000     5.160 r  cpu_inst/operand_a_reg_reg[20]/C
    SLICE_X2Y48          FDRE (Prop_fdre_C_Q)         0.518     5.678 r  cpu_inst/operand_a_reg_reg[20]/Q
                         net (fo=10, routed)          1.625     7.304    cpu_inst/operand_a[20]
    SLICE_X11Y36         LUT6 (Prop_lut6_I2_O)        0.124     7.428 r  cpu_inst/i__carry__0_i_2__0/O
                         net (fo=1, routed)           0.000     7.428    cpu_inst/i__carry__0_i_2__0_n_0
    SLICE_X11Y36         CARRY4 (Prop_carry4_S[2]_CO[3])
                                                      0.398     7.826 r  cpu_inst/branch_taken0_inferred__0/i__carry__0/CO[3]
                         net (fo=1, routed)           0.000     7.826    cpu_inst/branch_taken0_inferred__0/i__carry__0_n_0
    SLICE_X11Y37         CARRY4 (Prop_carry4_CI_CO[2])
                                                      0.228     8.054 r  cpu_inst/branch_taken0_inferred__0/i__carry__1/CO[2]
                         net (fo=4, routed)           0.877     8.930    cpu_inst/instr_mem_inst/CO[0]
    SLICE_X8Y26          LUT6 (Prop_lut6_I5_O)        0.313     9.243 f  cpu_inst/instr_mem_inst/prefetch_instruction[31]_i_2/O
                         net (fo=11, routed)          0.676     9.919    cpu_inst/instr_mem_inst_n_36
    SLICE_X10Y26         LUT5 (Prop_lut5_I0_O)        0.153    10.072 f  cpu_inst/pc[31]_i_4/O
                         net (fo=2, routed)           0.313    10.385    cpu_inst/pc[31]_i_4_n_0
    SLICE_X11Y26         LUT6 (Prop_lut6_I0_O)        0.331    10.716 r  cpu_inst/opcode_reg[3]_i_1/O
                         net (fo=90, routed)          1.591    12.308    cpu_inst/opcode_reg[3]_i_1_n_0
    SLICE_X10Y52         FDRE                                         r  cpu_inst/operand_b_reg_reg[31]/CE
  -------------------------------------------------------------------    -------------------

                         (clock sys_clk_pin rise edge)
                                                     10.000    10.000 r  <hidden>
                         propagated clock network latency
                                                      4.783    14.783    <hidden>
                         clock pessimism              0.180    14.963    <hidden>
                         clock uncertainty           -0.035    14.927    <hidden>
    SLICE_X10Y52         FDRE (Setup_fdre_C_CE)      -0.169    14.758    cpu_inst/operand_b_reg_reg[31]
  -------------------------------------------------------------------
                         required time                         14.758    <hidden>
                         arrival time                         -12.308    <hidden>
  -------------------------------------------------------------------
                         slack                                  2.451    <hidden>

Slack (MET) :             2.514ns  (required time - arrival time)
  Source:                 cpu_inst/operand_a_reg_reg[23]/C
                            (rising edge-triggered cell FDRE clocked by sys_clk_pin  {rise@0.000ns fall@5.000ns period=10.000ns})
  Destination:            cpu_inst/operand_b_reg_reg[20]/CE
                            (rising edge-triggered cell FDRE clocked by sys_clk_pin  {rise@0.000ns fall@5.000ns period=10.000ns})
  Path Group:             sys_clk_pin
  Path Type:              Setup (Max at Slow Process Corner)
  Requirement:            10.000ns  (sys_clk_pin rise@10.000ns - sys_clk_pin rise@0.000ns)
  Data Path Delay:        7.142ns  (logic 2.006ns (28.088%)  route 5.136ns (71.912%))
  Logic Levels:           6  (CARRY4=2 LUT5=1 LUT6=3)
  Clock Path Skew:        -0.104ns (DCD - SCD + CPR)
    Destination Clock Delay (DCD):    4.861ns = ( 14.861 - 10.000 ) 
    Source Clock Delay      (SCD):    5.145ns
    Clock Pessimism Removal (CPR):    0.180ns
  Clock Uncertainty:      0.035ns  ((TSJ^2 + TIJ^2)^1/2 + DJ) / 2 + PE
    Total System Jitter     (TSJ):    0.071ns
    Total Input Jitter      (TIJ):    0.000ns
    Discrete Jitter          (DJ):    0.000ns
    Phase Error              (PE):    0.000ns

    Location             Delay type                Incr(ns)  Path(ns)    Netlist Resource(s)
  -------------------------------------------------------------------    -------------------
                         (clock sys_clk_pin rise edge)
                                                      0.000     0.000 r  <hidden>
                         propagated clock network latency
                                                      5.145     5.145    <hidden>
    SLICE_X4Y52          FDRE                         0.000     5.145 r  cpu_inst/operand_a_reg_reg[23]/C
    SLICE_X4Y52          FDRE (Prop_fdre_C_Q)         0.456     5.601 r  cpu_inst/operand_a_reg_reg[23]/Q
                         net (fo=10, routed)          1.768     7.369    cpu_inst/operand_a[23]
    SLICE_X11Y36         LUT6 (Prop_lut6_I0_O)        0.124     7.493 r  cpu_inst/i__carry__0_i_1__0/O
                         net (fo=1, routed)           0.000     7.493    cpu_inst/i__carry__0_i_1__0_n_0
    SLICE_X11Y36         CARRY4 (Prop_carry4_S[3]_CO[3])
                                                      0.401     7.894 r  cpu_inst/branch_taken0_inferred__0/i__carry__0/CO[3]
                         net (fo=1, routed)           0.000     7.894    cpu_inst/branch_taken0_inferred__0/i__carry__0_n_0
    SLICE_X11Y37         CARRY4 (Prop_carry4_CI_CO[2])
                                                      0.228     8.122 r  cpu_inst/branch_taken0_inferred__0/i__carry__1/CO[2]
                         net (fo=4, routed)           0.877     8.998    cpu_inst/instr_mem_inst/CO[0]
    SLICE_X8Y26          LUT6 (Prop_lut6_I5_O)        0.313     9.311 f  cpu_inst/instr_mem_inst/prefetch_instruction[31]_i_2/O
                         net (fo=11, routed)          0.676     9.987    cpu_inst/instr_mem_inst_n_36
    SLICE_X10Y26         LUT5 (Prop_lut5_I0_O)        0.153    10.140 f  cpu_inst/pc[31]_i_4/O
                         net (fo=2, routed)           0.313    10.453    cpu_inst/pc[31]_i_4_n_0
    SLICE_X11Y26         LUT6 (Prop_lut6_I0_O)        0.331    10.784 r  cpu_inst/opcode_reg[3]_i_1/O
                         net (fo=90, routed)          1.502    12.287    cpu_inst/opcode_reg[3]_i_1_n_0
    SLICE_X3Y47          FDRE                                         r  cpu_inst/operand_b_reg_reg[20]/CE
  -------------------------------------------------------------------    -------------------

                         (clock sys_clk_pin rise edge)
                                                     10.000    10.000 r  <hidden>
                         propagated clock network latency
                                                      4.861    14.861    <hidden>
                         clock pessimism              0.180    15.041    <hidden>
                         clock uncertainty           -0.035    15.006    <hidden>
    SLICE_X3Y47          FDRE (Setup_fdre_C_CE)      -0.205    14.801    cpu_inst/operand_b_reg_reg[20]
  -------------------------------------------------------------------
                         required time                         14.801    <hidden>
                         arrival time                         -12.287    <hidden>
  -------------------------------------------------------------------
                         slack                                  2.514    <hidden>

Slack (MET) :             2.516ns  (required time - arrival time)
  Source:                 cpu_inst/operand_a_reg_reg[23]/C
                            (rising edge-triggered cell FDRE clocked by sys_clk_pin  {rise@0.000ns fall@5.000ns period=10.000ns})
  Destination:            cpu_inst/operand_a_reg_reg[22]/CE
                            (rising edge-triggered cell FDRE clocked by sys_clk_pin  {rise@0.000ns fall@5.000ns period=10.000ns})
  Path Group:             sys_clk_pin
  Path Type:              Setup (Max at Slow Process Corner)
  Requirement:            10.000ns  (sys_clk_pin rise@10.000ns - sys_clk_pin rise@0.000ns)
  Data Path Delay:        7.139ns  (logic 2.006ns (28.101%)  route 5.133ns (71.899%))
  Logic Levels:           6  (CARRY4=2 LUT5=1 LUT6=3)
  Clock Path Skew:        -0.106ns (DCD - SCD + CPR)
    Destination Clock Delay (DCD):    4.859ns = ( 14.859 - 10.000 ) 
    Source Clock Delay      (SCD):    5.145ns
    Clock Pessimism Removal (CPR):    0.180ns
  Clock Uncertainty:      0.035ns  ((TSJ^2 + TIJ^2)^1/2 + DJ) / 2 + PE
    Total System Jitter     (TSJ):    0.071ns
    Total Input Jitter      (TIJ):    0.000ns
    Discrete Jitter          (DJ):    0.000ns
    Phase Error              (PE):    0.000ns

    Location             Delay type                Incr(ns)  Path(ns)    Netlist Resource(s)
  -------------------------------------------------------------------    -------------------
                         (clock sys_clk_pin rise edge)
                                                      0.000     0.000 r  <hidden>
                         propagated clock network latency
                                                      5.145     5.145    <hidden>
    SLICE_X4Y52          FDRE                         0.000     5.145 r  cpu_inst/operand_a_reg_reg[23]/C
    SLICE_X4Y52          FDRE (Prop_fdre_C_Q)         0.456     5.601 r  cpu_inst/operand_a_reg_reg[23]/Q
                         net (fo=10, routed)          1.768     7.369    cpu_inst/operand_a[23]
    SLICE_X11Y36         LUT6 (Prop_lut6_I0_O)        0.124     7.493 r  cpu_inst/i__carry__0_i_1__0/O
                         net (fo=1, routed)           0.000     7.493    cpu_inst/i__carry__0_i_1__0_n_0
    SLICE_X11Y36         CARRY4 (Prop_carry4_S[3]_CO[3])
                                                      0.401     7.894 r  cpu_inst/branch_taken0_inferred__0/i__carry__0/CO[3]
                         net (fo=1, routed)           0.000     7.894    cpu_inst/branch_taken0_inferred__0/i__carry__0_n_0
    SLICE_X11Y37         CARRY4 (Prop_carry4_CI_CO[2])
                                                      0.228     8.122 r  cpu_inst/branch_taken0_inferred__0/i__carry__1/CO[2]
                         net (fo=4, routed)           0.877     8.998    cpu_inst/instr_mem_inst/CO[0]
    SLICE_X8Y26          LUT6 (Prop_lut6_I5_O)        0.313     9.311 f  cpu_inst/instr_mem_inst/prefetch_instruction[31]_i_2/O
                         net (fo=11, routed)          0.676     9.987    cpu_inst/instr_mem_inst_n_36
    SLICE_X10Y26         LUT5 (Prop_lut5_I0_O)        0.153    10.140 f  cpu_inst/pc[31]_i_4/O
                         net (fo=2, routed)           0.313    10.453    cpu_inst/pc[31]_i_4_n_0
    SLICE_X11Y26         LUT6 (Prop_lut6_I0_O)        0.331    10.784 r  cpu_inst/opcode_reg[3]_i_1/O
                         net (fo=90, routed)          1.499    12.283    cpu_inst/opcode_reg[3]_i_1_n_0
    SLICE_X5Y49          FDRE                                         r  cpu_inst/operand_a_reg_reg[22]/CE
  -------------------------------------------------------------------    -------------------

                         (clock sys_clk_pin rise edge)
                                                     10.000    10.000 r  <hidden>
                         propagated clock network latency
                                                      4.859    14.859    <hidden>
                         clock pessimism              0.180    15.039    <hidden>
                         clock uncertainty           -0.035    15.004    <hidden>
    SLICE_X5Y49          FDRE (Setup_fdre_C_CE)      -0.205    14.799    cpu_inst/operand_a_reg_reg[22]
  -------------------------------------------------------------------
                         required time                         14.799    <hidden>
                         arrival time                         -12.283    <hidden>
  -------------------------------------------------------------------
                         slack                                  2.516    <hidden>

Slack (MET) :             2.534ns  (required time - arrival time)
  Source:                 cpu_inst/operand_a_reg_reg[23]/C
                            (rising edge-triggered cell FDRE clocked by sys_clk_pin  {rise@0.000ns fall@5.000ns period=10.000ns})
  Destination:            cpu_inst/operand_a_reg_reg[27]/CE
                            (rising edge-triggered cell FDRE clocked by sys_clk_pin  {rise@0.000ns fall@5.000ns period=10.000ns})
  Path Group:             sys_clk_pin
  Path Type:              Setup (Max at Slow Process Corner)
  Requirement:            10.000ns  (sys_clk_pin rise@10.000ns - sys_clk_pin rise@0.000ns)
  Data Path Delay:        7.090ns  (logic 2.006ns (28.294%)  route 5.084ns (71.706%))
  Logic Levels:           6  (CARRY4=2 LUT5=1 LUT6=3)
  Clock Path Skew:        -0.172ns (DCD - SCD + CPR)
    Destination Clock Delay (DCD):    4.793ns = ( 14.793 - 10.000 ) 
    Source Clock Delay      (SCD):    5.145ns
    Clock Pessimism Removal (CPR):    0.180ns
  Clock Uncertainty:      0.035ns  ((TSJ^2 + TIJ^2)^1/2 + DJ) / 2 + PE
    Total System Jitter     (TSJ):    0.071ns
    Total Input Jitter      (TIJ):    0.000ns
    Discrete Jitter          (DJ):    0.000ns
    Phase Error              (PE):    0.000ns

    Location             Delay type                Incr(ns)  Path(ns)    Netlist Resource(s)
  -------------------------------------------------------------------    -------------------
                         (clock sys_clk_pin rise edge)
                                                      0.000     0.000 r  <hidden>
                         propagated clock network latency
                                                      5.145     5.145    <hidden>
    SLICE_X4Y52          FDRE                         0.000     5.145 r  cpu_inst/operand_a_reg_reg[23]/C
    SLICE_X4Y52          FDRE (Prop_fdre_C_Q)         0.456     5.601 r  cpu_inst/operand_a_reg_reg[23]/Q
                         net (fo=10, routed)          1.768     7.369    cpu_inst/operand_a[23]
    SLICE_X11Y36         LUT6 (Prop_lut6_I0_O)        0.124     7.493 r  cpu_inst/i__carry__0_i_1__0/O
                         net (fo=1, routed)           0.000     7.493    cpu_inst/i__carry__0_i_1__0_n_0
    SLICE_X11Y36         CARRY4 (Prop_carry4_S[3]_CO[3])
                                                      0.401     7.894 r  cpu_inst/branch_taken0_inferred__0/i__carry__0/CO[3]
                         net (fo=1, routed)           0.000     7.894    cpu_inst/branch_taken0_inferred__0/i__carry__0_n_0
    SLICE_X11Y37         CARRY4 (Prop_carry4_CI_CO[2])
                                                      0.228     8.122 r  cpu_inst/branch_taken0_inferred__0/i__carry__1/CO[2]
                         net (fo=4, routed)           0.877     8.998    cpu_inst/instr_mem_inst/CO[0]
    SLICE_X8Y26          LUT6 (Prop_lut6_I5_O)        0.313     9.311 f  cpu_inst/instr_mem_inst/prefetch_instruction[31]_i_2/O
                         net (fo=11, routed)          0.676     9.987    cpu_inst/instr_mem_inst_n_36
    SLICE_X10Y26         LUT5 (Prop_lut5_I0_O)        0.153    10.140 f  cpu_inst/pc[31]_i_4/O
                         net (fo=2, routed)           0.313    10.453    cpu_inst/pc[31]_i_4_n_0
    SLICE_X11Y26         LUT6 (Prop_lut6_I0_O)        0.331    10.784 r  cpu_inst/opcode_reg[3]_i_1/O
                         net (fo=90, routed)          1.450    12.235    cpu_inst/opcode_reg[3]_i_1_n_0
    SLICE_X10Y49         FDRE                                         r  cpu_inst/operand_a_reg_reg[27]/CE
  -------------------------------------------------------------------    -------------------

                         (clock sys_clk_pin rise edge)
                                                     10.000    10.000 r  <hidden>
                         propagated clock network latency
                                                      4.793    14.793    <hidden>
                         clock pessimism              0.180    14.973    <hidden>
                         clock uncertainty           -0.035    14.938    <hidden>
    SLICE_X10Y49         FDRE (Setup_fdre_C_CE)      -0.169    14.769    cpu_inst/operand_a_reg_reg[27]
  -------------------------------------------------------------------
                         required time                         14.769    <hidden>
                         arrival time                         -12.235    <hidden>
  -------------------------------------------------------------------
                         slack                                  2.534    <hidden>

Slack (MET) :             2.534ns  (required time - arrival time)
  Source:                 cpu_inst/operand_a_reg_reg[23]/C
                            (rising edge-triggered cell FDRE clocked by sys_clk_pin  {rise@0.000ns fall@5.000ns period=10.000ns})
  Destination:            cpu_inst/operand_a_reg_reg[29]/CE
                            (rising edge-triggered cell FDRE clocked by sys_clk_pin  {rise@0.000ns fall@5.000ns period=10.000ns})
  Path Group:             sys_clk_pin
  Path Type:              Setup (Max at Slow Process Corner)
  Requirement:            10.000ns  (sys_clk_pin rise@10.000ns - sys_clk_pin rise@0.000ns)
  Data Path Delay:        7.090ns  (logic 2.006ns (28.294%)  route 5.084ns (71.706%))
  Logic Levels:           6  (CARRY4=2 LUT5=1 LUT6=3)
  Clock Path Skew:        -0.172ns (DCD - SCD + CPR)
    Destination Clock Delay (DCD):    4.793ns = ( 14.793 - 10.000 ) 
    Source Clock Delay      (SCD):    5.145ns
    Clock Pessimism Removal (CPR):    0.180ns
  Clock Uncertainty:      0.035ns  ((TSJ^2 + TIJ^2)^1/2 + DJ) / 2 + PE
    Total System Jitter     (TSJ):    0.071ns
    Total Input Jitter      (TIJ):    0.000ns
    Discrete Jitter          (DJ):    0.000ns
    Phase Error              (PE):    0.000ns

    Location             Delay type                Incr(ns)  Path(ns)    Netlist Resource(s)
  -------------------------------------------------------------------    -------------------
                         (clock sys_clk_pin rise edge)
                                                      0.000     0.000 r  <hidden>
                         propagated clock network latency
                                                      5.145     5.145    <hidden>
    SLICE_X4Y52          FDRE                         0.000     5.145 r  cpu_inst/operand_a_reg_reg[23]/C
    SLICE_X4Y52          FDRE (Prop_fdre_C_Q)         0.456     5.601 r  cpu_inst/operand_a_reg_reg[23]/Q
                         net (fo=10, routed)          1.768     7.369    cpu_inst/operand_a[23]
    SLICE_X11Y36         LUT6 (Prop_lut6_I0_O)        0.124     7.493 r  cpu_inst/i__carry__0_i_1__0/O
                         net (fo=1, routed)           0.000     7.493    cpu_inst/i__carry__0_i_1__0_n_0
    SLICE_X11Y36         CARRY4 (Prop_carry4_S[3]_CO[3])
                                                      0.401     7.894 r  cpu_inst/branch_taken0_inferred__0/i__carry__0/CO[3]
                         net (fo=1, routed)           0.000     7.894    cpu_inst/branch_taken0_inferred__0/i__carry__0_n_0
    SLICE_X11Y37         CARRY4 (Prop_carry4_CI_CO[2])
                                                      0.228     8.122 r  cpu_inst/branch_taken0_inferred__0/i__carry__1/CO[2]
                         net (fo=4, routed)           0.877     8.998    cpu_inst/instr_mem_inst/CO[0]
    SLICE_X8Y26          LUT6 (Prop_lut6_I5_O)        0.313     9.311 f  cpu_inst/instr_mem_inst/prefetch_instruction[31]_i_2/O
                         net (fo=11, routed)          0.676     9.987    cpu_inst/instr_mem_inst_n_36
    SLICE_X10Y26         LUT5 (Prop_lut5_I0_O)        0.153    10.140 f  cpu_inst/pc[31]_i_4/O
                         net (fo=2, routed)           0.313    10.453    cpu_inst/pc[31]_i_4_n_0
    SLICE_X11Y26         LUT6 (Prop_lut6_I0_O)        0.331    10.784 r  cpu_inst/opcode_reg[3]_i_1/O
                         net (fo=90, routed)          1.450    12.235    cpu_inst/opcode_reg[3]_i_1_n_0
    SLICE_X10Y49         FDRE                                         r  cpu_inst/operand_a_reg_reg[29]/CE
  -------------------------------------------------------------------    -------------------

                         (clock sys_clk_pin rise edge)
                                                     10.000    10.000 r  <hidden>
                         propagated clock network latency
                                                      4.793    14.793    <hidden>
                         clock pessimism              0.180    14.973    <hidden>
                         clock uncertainty           -0.035    14.938    <hidden>
    SLICE_X10Y49         FDRE (Setup_fdre_C_CE)      -0.169    14.769    cpu_inst/operand_a_reg_reg[29]
  -------------------------------------------------------------------
                         required time                         14.769    <hidden>
                         arrival time                         -12.235    <hidden>
  -------------------------------------------------------------------
                         slack                                  2.534    <hidden>

Slack (MET) :             2.534ns  (required time - arrival time)
  Source:                 cpu_inst/operand_a_reg_reg[23]/C
                            (rising edge-triggered cell FDRE clocked by sys_clk_pin  {rise@0.000ns fall@5.000ns period=10.000ns})
  Destination:            cpu_inst/operand_b_reg_reg[27]/CE
                            (rising edge-triggered cell FDRE clocked by sys_clk_pin  {rise@0.000ns fall@5.000ns period=10.000ns})
  Path Group:             sys_clk_pin
  Path Type:              Setup (Max at Slow Process Corner)
  Requirement:            10.000ns  (sys_clk_pin rise@10.000ns - sys_clk_pin rise@0.000ns)
  Data Path Delay:        7.090ns  (logic 2.006ns (28.294%)  route 5.084ns (71.706%))
  Logic Levels:           6  (CARRY4=2 LUT5=1 LUT6=3)
  Clock Path Skew:        -0.172ns (DCD - SCD + CPR)
    Destination Clock Delay (DCD):    4.793ns = ( 14.793 - 10.000 ) 
    Source Clock Delay      (SCD):    5.145ns
    Clock Pessimism Removal (CPR):    0.180ns
  Clock Uncertainty:      0.035ns  ((TSJ^2 + TIJ^2)^1/2 + DJ) / 2 + PE
    Total System Jitter     (TSJ):    0.071ns
    Total Input Jitter      (TIJ):    0.000ns
    Discrete Jitter          (DJ):    0.000ns
    Phase Error              (PE):    0.000ns

    Location             Delay type                Incr(ns)  Path(ns)    Netlist Resource(s)
  -------------------------------------------------------------------    -------------------
                         (clock sys_clk_pin rise edge)
                                                      0.000     0.000 r  <hidden>
                         propagated clock network latency
                                                      5.145     5.145    <hidden>
    SLICE_X4Y52          FDRE                         0.000     5.145 r  cpu_inst/operand_a_reg_reg[23]/C
    SLICE_X4Y52          FDRE (Prop_fdre_C_Q)         0.456     5.601 r  cpu_inst/operand_a_reg_reg[23]/Q
                         net (fo=10, routed)          1.768     7.369    cpu_inst/operand_a[23]
    SLICE_X11Y36         LUT6 (Prop_lut6_I0_O)        0.124     7.493 r  cpu_inst/i__carry__0_i_1__0/O
                         net (fo=1, routed)           0.000     7.493    cpu_inst/i__carry__0_i_1__0_n_0
    SLICE_X11Y36         CARRY4 (Prop_carry4_S[3]_CO[3])
                                                      0.401     7.894 r  cpu_inst/branch_taken0_inferred__0/i__carry__0/CO[3]
                         net (fo=1, routed)           0.000     7.894    cpu_inst/branch_taken0_inferred__0/i__carry__0_n_0
    SLICE_X11Y37         CARRY4 (Prop_carry4_CI_CO[2])
                                                      0.228     8.122 r  cpu_inst/branch_taken0_inferred__0/i__carry__1/CO[2]
                         net (fo=4, routed)           0.877     8.998    cpu_inst/instr_mem_inst/CO[0]
    SLICE_X8Y26          LUT6 (Prop_lut6_I5_O)        0.313     9.311 f  cpu_inst/instr_mem_inst/prefetch_instruction[31]_i_2/O
                         net (fo=11, routed)          0.676     9.987    cpu_inst/instr_mem_inst_n_36
    SLICE_X10Y26         LUT5 (Prop_lut5_I0_O)        0.153    10.140 f  cpu_inst/pc[31]_i_4/O
                         net (fo=2, routed)           0.313    10.453    cpu_inst/pc[31]_i_4_n_0
    SLICE_X11Y26         LUT6 (Prop_lut6_I0_O)        0.331    10.784 r  cpu_inst/opcode_reg[3]_i_1/O
                         net (fo=90, routed)          1.450    12.235    cpu_inst/opcode_reg[3]_i_1_n_0
    SLICE_X10Y49         FDRE                                         r  cpu_inst/operand_b_reg_reg[27]/CE
  -------------------------------------------------------------------    -------------------

                         (clock sys_clk_pin rise edge)
                                                     10.000    10.000 r  <hidden>
                         propagated clock network latency
                                                      4.793    14.793    <hidden>
                         clock pessimism              0.180    14.973    <hidden>
                         clock uncertainty           -0.035    14.938    <hidden>
    SLICE_X10Y49         FDRE (Setup_fdre_C_CE)      -0.169    14.769    cpu_inst/operand_b_reg_reg[27]
  -------------------------------------------------------------------
                         required time                         14.769    <hidden>
                         arrival time                         -12.235    <hidden>
  -------------------------------------------------------------------
                         slack                                  2.534    <hidden>




