Copyright 1986-2022 Xilinx, Inc. All Rights Reserved. Copyright 2022-2026 Advanced Micro Devices, Inc. All Rights Reserved.
----------------------------------------------------------------------------------------------------------------------------------------------------------------------------
| Tool Version : Vivado v.2026.1 (win64) Build 6511674 Tue Jun 16 11:02:23 MDT 2026
| Date         : Mon Jul 13 13:51:55 2026
| Host         : DESKTOP-4GB7DVJ running 64-bit major release  (build 9200)
| Command      : report_timing -max_paths 10 -path_type full -file reports/phase13i_strategy/fanout_opt_8p700ns/timing/fpga_top_pipeline_forwardtiming_impl_worst_paths.rpt
| Design       : fpga_top_pipeline_forwardtiming
| Device       : 7a35t-cpg236
| Speed File   : -1  PRODUCTION 1.23 2018-06-13
| Design State : Physopt postRoute
----------------------------------------------------------------------------------------------------------------------------------------------------------------------------

Timing Report

Slack (MET) :             0.034ns  (required time - arrival time)
  Source:                 cpu_inst/data_mem_inst/mem_reg/CLKARDCLK
                            (rising edge-triggered cell RAMB18E1 clocked by sys_clk_pin  {rise@0.000ns fall@4.350ns period=8.700ns})
  Destination:            cpu_inst/id_ex_reg_reg[operand_a][0]/R
                            (rising edge-triggered cell FDRE clocked by sys_clk_pin  {rise@0.000ns fall@4.350ns period=8.700ns})
  Path Group:             sys_clk_pin
  Path Type:              Setup (Max at Slow Process Corner)
  Requirement:            8.700ns  (sys_clk_pin rise@8.700ns - sys_clk_pin rise@0.000ns)
  Data Path Delay:        8.093ns  (logic 4.155ns (51.339%)  route 3.938ns (48.661%))
  Logic Levels:           8  (CARRY4=3 LUT5=3 LUT6=2)
  Clock Path Skew:        -0.013ns (DCD - SCD + CPR)
    Destination Clock Delay (DCD):    4.858ns = ( 13.558 - 8.700 ) 
    Source Clock Delay      (SCD):    5.132ns
    Clock Pessimism Removal (CPR):    0.260ns
  Clock Uncertainty:      0.035ns  ((TSJ^2 + TIJ^2)^1/2 + DJ) / 2 + PE
    Total System Jitter     (TSJ):    0.071ns
    Total Input Jitter      (TIJ):    0.000ns
    Discrete Jitter          (DJ):    0.000ns
    Phase Error              (PE):    0.000ns

    Location             Delay type                Incr(ns)  Path(ns)    Netlist Resource(s)
  -------------------------------------------------------------------    -------------------
                         (clock sys_clk_pin rise edge)
                                                      0.000     0.000 r  <hidden>
                         propagated clock network latency
                                                      5.132     5.132    <hidden>
    RAMB18_X0Y3          RAMB18E1                     0.000     5.132 r  cpu_inst/data_mem_inst/mem_reg/CLKARDCLK
    RAMB18_X0Y3          RAMB18E1 (Prop_ramb18e1_CLKARDCLK_DOADO[5])
                                                      2.454     7.586 r  cpu_inst/data_mem_inst/mem_reg/DOADO[5]
                         net (fo=5, routed)           1.128     8.714    cpu_inst/data_mem_inst/mem_reg_n_10
    SLICE_X5Y5           LUT5 (Prop_lut5_I0_O)        0.124     8.838 r  cpu_inst/data_mem_inst/ex_mem_reg[store_data][5]_i_2/O
                         net (fo=2, routed)           0.167     9.005    cpu_inst/data_mem_inst/ex_mem_reg[store_data][5]_i_2_n_0
    SLICE_X5Y5           LUT5 (Prop_lut5_I1_O)        0.124     9.129 r  cpu_inst/data_mem_inst/ex_mem_reg[store_data][5]_i_1/O
                         net (fo=5, routed)           0.983    10.112    cpu_inst/data_mem_inst/ex_store_data[5]
    SLICE_X7Y7           LUT6 (Prop_lut6_I2_O)        0.124    10.236 r  cpu_inst/data_mem_inst/i__carry_i_3/O
                         net (fo=1, routed)           0.000    10.236    cpu_inst/data_mem_inst_n_223
    SLICE_X7Y7           CARRY4 (Prop_carry4_S[1]_CO[3])
                                                      0.550    10.786 r  cpu_inst/ex_branch_taken0_inferred__0/i__carry/CO[3]
                         net (fo=1, routed)           0.000    10.786    cpu_inst/ex_branch_taken0_inferred__0/i__carry_n_0
    SLICE_X7Y8           CARRY4 (Prop_carry4_CI_CO[3])
                                                      0.114    10.900 r  cpu_inst/ex_branch_taken0_inferred__0/i__carry__0/CO[3]
                         net (fo=1, routed)           0.000    10.900    cpu_inst/ex_branch_taken0_inferred__0/i__carry__0_n_0
    SLICE_X7Y9           CARRY4 (Prop_carry4_CI_CO[2])
                                                      0.228    11.128 f  cpu_inst/ex_branch_taken0_inferred__0/i__carry__1/CO[2]
                         net (fo=41, routed)          0.832    11.960    cpu_inst/data_mem_inst/CO[0]
    SLICE_X2Y3           LUT5 (Prop_lut5_I0_O)        0.313    12.273 r  cpu_inst/data_mem_inst/id_ex_reg[imm_ext][12]_i_3/O
                         net (fo=2, routed)           0.309    12.582    cpu_inst/data_mem_inst/id_ex_reg[imm_ext][12]_i_3_n_0
    SLICE_X5Y3           LUT6 (Prop_lut6_I4_O)        0.124    12.706 r  cpu_inst/data_mem_inst/id_ex_reg[operand_a][31]_i_1_comp/O
                         net (fo=32, routed)          0.519    13.225    cpu_inst/data_mem_inst_n_163
    SLICE_X6Y4           FDRE                                         r  cpu_inst/id_ex_reg_reg[operand_a][0]/R
  -------------------------------------------------------------------    -------------------

                         (clock sys_clk_pin rise edge)
                                                      8.700     8.700 r  <hidden>
                         propagated clock network latency
                                                      4.858    13.558    <hidden>
                         clock pessimism              0.260    13.818    <hidden>
                         clock uncertainty           -0.035    13.783    <hidden>
    SLICE_X6Y4           FDRE (Setup_fdre_C_R)       -0.524    13.259    cpu_inst/id_ex_reg_reg[operand_a][0]
  -------------------------------------------------------------------
                         required time                         13.259    <hidden>
                         arrival time                         -13.225    <hidden>
  -------------------------------------------------------------------
                         slack                                  0.034    <hidden>

Slack (MET) :             0.034ns  (required time - arrival time)
  Source:                 cpu_inst/data_mem_inst/mem_reg/CLKARDCLK
                            (rising edge-triggered cell RAMB18E1 clocked by sys_clk_pin  {rise@0.000ns fall@4.350ns period=8.700ns})
  Destination:            cpu_inst/id_ex_reg_reg[operand_a][12]/R
                            (rising edge-triggered cell FDRE clocked by sys_clk_pin  {rise@0.000ns fall@4.350ns period=8.700ns})
  Path Group:             sys_clk_pin
  Path Type:              Setup (Max at Slow Process Corner)
  Requirement:            8.700ns  (sys_clk_pin rise@8.700ns - sys_clk_pin rise@0.000ns)
  Data Path Delay:        8.093ns  (logic 4.155ns (51.339%)  route 3.938ns (48.661%))
  Logic Levels:           8  (CARRY4=3 LUT5=3 LUT6=2)
  Clock Path Skew:        -0.013ns (DCD - SCD + CPR)
    Destination Clock Delay (DCD):    4.858ns = ( 13.558 - 8.700 ) 
    Source Clock Delay      (SCD):    5.132ns
    Clock Pessimism Removal (CPR):    0.260ns
  Clock Uncertainty:      0.035ns  ((TSJ^2 + TIJ^2)^1/2 + DJ) / 2 + PE
    Total System Jitter     (TSJ):    0.071ns
    Total Input Jitter      (TIJ):    0.000ns
    Discrete Jitter          (DJ):    0.000ns
    Phase Error              (PE):    0.000ns

    Location             Delay type                Incr(ns)  Path(ns)    Netlist Resource(s)
  -------------------------------------------------------------------    -------------------
                         (clock sys_clk_pin rise edge)
                                                      0.000     0.000 r  <hidden>
                         propagated clock network latency
                                                      5.132     5.132    <hidden>
    RAMB18_X0Y3          RAMB18E1                     0.000     5.132 r  cpu_inst/data_mem_inst/mem_reg/CLKARDCLK
    RAMB18_X0Y3          RAMB18E1 (Prop_ramb18e1_CLKARDCLK_DOADO[5])
                                                      2.454     7.586 r  cpu_inst/data_mem_inst/mem_reg/DOADO[5]
                         net (fo=5, routed)           1.128     8.714    cpu_inst/data_mem_inst/mem_reg_n_10
    SLICE_X5Y5           LUT5 (Prop_lut5_I0_O)        0.124     8.838 r  cpu_inst/data_mem_inst/ex_mem_reg[store_data][5]_i_2/O
                         net (fo=2, routed)           0.167     9.005    cpu_inst/data_mem_inst/ex_mem_reg[store_data][5]_i_2_n_0
    SLICE_X5Y5           LUT5 (Prop_lut5_I1_O)        0.124     9.129 r  cpu_inst/data_mem_inst/ex_mem_reg[store_data][5]_i_1/O
                         net (fo=5, routed)           0.983    10.112    cpu_inst/data_mem_inst/ex_store_data[5]
    SLICE_X7Y7           LUT6 (Prop_lut6_I2_O)        0.124    10.236 r  cpu_inst/data_mem_inst/i__carry_i_3/O
                         net (fo=1, routed)           0.000    10.236    cpu_inst/data_mem_inst_n_223
    SLICE_X7Y7           CARRY4 (Prop_carry4_S[1]_CO[3])
                                                      0.550    10.786 r  cpu_inst/ex_branch_taken0_inferred__0/i__carry/CO[3]
                         net (fo=1, routed)           0.000    10.786    cpu_inst/ex_branch_taken0_inferred__0/i__carry_n_0
    SLICE_X7Y8           CARRY4 (Prop_carry4_CI_CO[3])
                                                      0.114    10.900 r  cpu_inst/ex_branch_taken0_inferred__0/i__carry__0/CO[3]
                         net (fo=1, routed)           0.000    10.900    cpu_inst/ex_branch_taken0_inferred__0/i__carry__0_n_0
    SLICE_X7Y9           CARRY4 (Prop_carry4_CI_CO[2])
                                                      0.228    11.128 f  cpu_inst/ex_branch_taken0_inferred__0/i__carry__1/CO[2]
                         net (fo=41, routed)          0.832    11.960    cpu_inst/data_mem_inst/CO[0]
    SLICE_X2Y3           LUT5 (Prop_lut5_I0_O)        0.313    12.273 r  cpu_inst/data_mem_inst/id_ex_reg[imm_ext][12]_i_3/O
                         net (fo=2, routed)           0.309    12.582    cpu_inst/data_mem_inst/id_ex_reg[imm_ext][12]_i_3_n_0
    SLICE_X5Y3           LUT6 (Prop_lut6_I4_O)        0.124    12.706 r  cpu_inst/data_mem_inst/id_ex_reg[operand_a][31]_i_1_comp/O
                         net (fo=32, routed)          0.519    13.225    cpu_inst/data_mem_inst_n_163
    SLICE_X6Y4           FDRE                                         r  cpu_inst/id_ex_reg_reg[operand_a][12]/R
  -------------------------------------------------------------------    -------------------

                         (clock sys_clk_pin rise edge)
                                                      8.700     8.700 r  <hidden>
                         propagated clock network latency
                                                      4.858    13.558    <hidden>
                         clock pessimism              0.260    13.818    <hidden>
                         clock uncertainty           -0.035    13.783    <hidden>
    SLICE_X6Y4           FDRE (Setup_fdre_C_R)       -0.524    13.259    cpu_inst/id_ex_reg_reg[operand_a][12]
  -------------------------------------------------------------------
                         required time                         13.259    <hidden>
                         arrival time                         -13.225    <hidden>
  -------------------------------------------------------------------
                         slack                                  0.034    <hidden>

Slack (MET) :             0.034ns  (required time - arrival time)
  Source:                 cpu_inst/data_mem_inst/mem_reg/CLKARDCLK
                            (rising edge-triggered cell RAMB18E1 clocked by sys_clk_pin  {rise@0.000ns fall@4.350ns period=8.700ns})
  Destination:            cpu_inst/id_ex_reg_reg[operand_a][14]/R
                            (rising edge-triggered cell FDRE clocked by sys_clk_pin  {rise@0.000ns fall@4.350ns period=8.700ns})
  Path Group:             sys_clk_pin
  Path Type:              Setup (Max at Slow Process Corner)
  Requirement:            8.700ns  (sys_clk_pin rise@8.700ns - sys_clk_pin rise@0.000ns)
  Data Path Delay:        8.093ns  (logic 4.155ns (51.339%)  route 3.938ns (48.661%))
  Logic Levels:           8  (CARRY4=3 LUT5=3 LUT6=2)
  Clock Path Skew:        -0.013ns (DCD - SCD + CPR)
    Destination Clock Delay (DCD):    4.858ns = ( 13.558 - 8.700 ) 
    Source Clock Delay      (SCD):    5.132ns
    Clock Pessimism Removal (CPR):    0.260ns
  Clock Uncertainty:      0.035ns  ((TSJ^2 + TIJ^2)^1/2 + DJ) / 2 + PE
    Total System Jitter     (TSJ):    0.071ns
    Total Input Jitter      (TIJ):    0.000ns
    Discrete Jitter          (DJ):    0.000ns
    Phase Error              (PE):    0.000ns

    Location             Delay type                Incr(ns)  Path(ns)    Netlist Resource(s)
  -------------------------------------------------------------------    -------------------
                         (clock sys_clk_pin rise edge)
                                                      0.000     0.000 r  <hidden>
                         propagated clock network latency
                                                      5.132     5.132    <hidden>
    RAMB18_X0Y3          RAMB18E1                     0.000     5.132 r  cpu_inst/data_mem_inst/mem_reg/CLKARDCLK
    RAMB18_X0Y3          RAMB18E1 (Prop_ramb18e1_CLKARDCLK_DOADO[5])
                                                      2.454     7.586 r  cpu_inst/data_mem_inst/mem_reg/DOADO[5]
                         net (fo=5, routed)           1.128     8.714    cpu_inst/data_mem_inst/mem_reg_n_10
    SLICE_X5Y5           LUT5 (Prop_lut5_I0_O)        0.124     8.838 r  cpu_inst/data_mem_inst/ex_mem_reg[store_data][5]_i_2/O
                         net (fo=2, routed)           0.167     9.005    cpu_inst/data_mem_inst/ex_mem_reg[store_data][5]_i_2_n_0
    SLICE_X5Y5           LUT5 (Prop_lut5_I1_O)        0.124     9.129 r  cpu_inst/data_mem_inst/ex_mem_reg[store_data][5]_i_1/O
                         net (fo=5, routed)           0.983    10.112    cpu_inst/data_mem_inst/ex_store_data[5]
    SLICE_X7Y7           LUT6 (Prop_lut6_I2_O)        0.124    10.236 r  cpu_inst/data_mem_inst/i__carry_i_3/O
                         net (fo=1, routed)           0.000    10.236    cpu_inst/data_mem_inst_n_223
    SLICE_X7Y7           CARRY4 (Prop_carry4_S[1]_CO[3])
                                                      0.550    10.786 r  cpu_inst/ex_branch_taken0_inferred__0/i__carry/CO[3]
                         net (fo=1, routed)           0.000    10.786    cpu_inst/ex_branch_taken0_inferred__0/i__carry_n_0
    SLICE_X7Y8           CARRY4 (Prop_carry4_CI_CO[3])
                                                      0.114    10.900 r  cpu_inst/ex_branch_taken0_inferred__0/i__carry__0/CO[3]
                         net (fo=1, routed)           0.000    10.900    cpu_inst/ex_branch_taken0_inferred__0/i__carry__0_n_0
    SLICE_X7Y9           CARRY4 (Prop_carry4_CI_CO[2])
                                                      0.228    11.128 f  cpu_inst/ex_branch_taken0_inferred__0/i__carry__1/CO[2]
                         net (fo=41, routed)          0.832    11.960    cpu_inst/data_mem_inst/CO[0]
    SLICE_X2Y3           LUT5 (Prop_lut5_I0_O)        0.313    12.273 r  cpu_inst/data_mem_inst/id_ex_reg[imm_ext][12]_i_3/O
                         net (fo=2, routed)           0.309    12.582    cpu_inst/data_mem_inst/id_ex_reg[imm_ext][12]_i_3_n_0
    SLICE_X5Y3           LUT6 (Prop_lut6_I4_O)        0.124    12.706 r  cpu_inst/data_mem_inst/id_ex_reg[operand_a][31]_i_1_comp/O
                         net (fo=32, routed)          0.519    13.225    cpu_inst/data_mem_inst_n_163
    SLICE_X6Y4           FDRE                                         r  cpu_inst/id_ex_reg_reg[operand_a][14]/R
  -------------------------------------------------------------------    -------------------

                         (clock sys_clk_pin rise edge)
                                                      8.700     8.700 r  <hidden>
                         propagated clock network latency
                                                      4.858    13.558    <hidden>
                         clock pessimism              0.260    13.818    <hidden>
                         clock uncertainty           -0.035    13.783    <hidden>
    SLICE_X6Y4           FDRE (Setup_fdre_C_R)       -0.524    13.259    cpu_inst/id_ex_reg_reg[operand_a][14]
  -------------------------------------------------------------------
                         required time                         13.259    <hidden>
                         arrival time                         -13.225    <hidden>
  -------------------------------------------------------------------
                         slack                                  0.034    <hidden>

Slack (MET) :             0.034ns  (required time - arrival time)
  Source:                 cpu_inst/data_mem_inst/mem_reg/CLKARDCLK
                            (rising edge-triggered cell RAMB18E1 clocked by sys_clk_pin  {rise@0.000ns fall@4.350ns period=8.700ns})
  Destination:            cpu_inst/id_ex_reg_reg[operand_a][21]/R
                            (rising edge-triggered cell FDRE clocked by sys_clk_pin  {rise@0.000ns fall@4.350ns period=8.700ns})
  Path Group:             sys_clk_pin
  Path Type:              Setup (Max at Slow Process Corner)
  Requirement:            8.700ns  (sys_clk_pin rise@8.700ns - sys_clk_pin rise@0.000ns)
  Data Path Delay:        8.093ns  (logic 4.155ns (51.339%)  route 3.938ns (48.661%))
  Logic Levels:           8  (CARRY4=3 LUT5=3 LUT6=2)
  Clock Path Skew:        -0.013ns (DCD - SCD + CPR)
    Destination Clock Delay (DCD):    4.858ns = ( 13.558 - 8.700 ) 
    Source Clock Delay      (SCD):    5.132ns
    Clock Pessimism Removal (CPR):    0.260ns
  Clock Uncertainty:      0.035ns  ((TSJ^2 + TIJ^2)^1/2 + DJ) / 2 + PE
    Total System Jitter     (TSJ):    0.071ns
    Total Input Jitter      (TIJ):    0.000ns
    Discrete Jitter          (DJ):    0.000ns
    Phase Error              (PE):    0.000ns

    Location             Delay type                Incr(ns)  Path(ns)    Netlist Resource(s)
  -------------------------------------------------------------------    -------------------
                         (clock sys_clk_pin rise edge)
                                                      0.000     0.000 r  <hidden>
                         propagated clock network latency
                                                      5.132     5.132    <hidden>
    RAMB18_X0Y3          RAMB18E1                     0.000     5.132 r  cpu_inst/data_mem_inst/mem_reg/CLKARDCLK
    RAMB18_X0Y3          RAMB18E1 (Prop_ramb18e1_CLKARDCLK_DOADO[5])
                                                      2.454     7.586 r  cpu_inst/data_mem_inst/mem_reg/DOADO[5]
                         net (fo=5, routed)           1.128     8.714    cpu_inst/data_mem_inst/mem_reg_n_10
    SLICE_X5Y5           LUT5 (Prop_lut5_I0_O)        0.124     8.838 r  cpu_inst/data_mem_inst/ex_mem_reg[store_data][5]_i_2/O
                         net (fo=2, routed)           0.167     9.005    cpu_inst/data_mem_inst/ex_mem_reg[store_data][5]_i_2_n_0
    SLICE_X5Y5           LUT5 (Prop_lut5_I1_O)        0.124     9.129 r  cpu_inst/data_mem_inst/ex_mem_reg[store_data][5]_i_1/O
                         net (fo=5, routed)           0.983    10.112    cpu_inst/data_mem_inst/ex_store_data[5]
    SLICE_X7Y7           LUT6 (Prop_lut6_I2_O)        0.124    10.236 r  cpu_inst/data_mem_inst/i__carry_i_3/O
                         net (fo=1, routed)           0.000    10.236    cpu_inst/data_mem_inst_n_223
    SLICE_X7Y7           CARRY4 (Prop_carry4_S[1]_CO[3])
                                                      0.550    10.786 r  cpu_inst/ex_branch_taken0_inferred__0/i__carry/CO[3]
                         net (fo=1, routed)           0.000    10.786    cpu_inst/ex_branch_taken0_inferred__0/i__carry_n_0
    SLICE_X7Y8           CARRY4 (Prop_carry4_CI_CO[3])
                                                      0.114    10.900 r  cpu_inst/ex_branch_taken0_inferred__0/i__carry__0/CO[3]
                         net (fo=1, routed)           0.000    10.900    cpu_inst/ex_branch_taken0_inferred__0/i__carry__0_n_0
    SLICE_X7Y9           CARRY4 (Prop_carry4_CI_CO[2])
                                                      0.228    11.128 f  cpu_inst/ex_branch_taken0_inferred__0/i__carry__1/CO[2]
                         net (fo=41, routed)          0.832    11.960    cpu_inst/data_mem_inst/CO[0]
    SLICE_X2Y3           LUT5 (Prop_lut5_I0_O)        0.313    12.273 r  cpu_inst/data_mem_inst/id_ex_reg[imm_ext][12]_i_3/O
                         net (fo=2, routed)           0.309    12.582    cpu_inst/data_mem_inst/id_ex_reg[imm_ext][12]_i_3_n_0
    SLICE_X5Y3           LUT6 (Prop_lut6_I4_O)        0.124    12.706 r  cpu_inst/data_mem_inst/id_ex_reg[operand_a][31]_i_1_comp/O
                         net (fo=32, routed)          0.519    13.225    cpu_inst/data_mem_inst_n_163
    SLICE_X6Y4           FDRE                                         r  cpu_inst/id_ex_reg_reg[operand_a][21]/R
  -------------------------------------------------------------------    -------------------

                         (clock sys_clk_pin rise edge)
                                                      8.700     8.700 r  <hidden>
                         propagated clock network latency
                                                      4.858    13.558    <hidden>
                         clock pessimism              0.260    13.818    <hidden>
                         clock uncertainty           -0.035    13.783    <hidden>
    SLICE_X6Y4           FDRE (Setup_fdre_C_R)       -0.524    13.259    cpu_inst/id_ex_reg_reg[operand_a][21]
  -------------------------------------------------------------------
                         required time                         13.259    <hidden>
                         arrival time                         -13.225    <hidden>
  -------------------------------------------------------------------
                         slack                                  0.034    <hidden>

Slack (MET) :             0.034ns  (required time - arrival time)
  Source:                 cpu_inst/data_mem_inst/mem_reg/CLKARDCLK
                            (rising edge-triggered cell RAMB18E1 clocked by sys_clk_pin  {rise@0.000ns fall@4.350ns period=8.700ns})
  Destination:            cpu_inst/id_ex_reg_reg[operand_a][23]/R
                            (rising edge-triggered cell FDRE clocked by sys_clk_pin  {rise@0.000ns fall@4.350ns period=8.700ns})
  Path Group:             sys_clk_pin
  Path Type:              Setup (Max at Slow Process Corner)
  Requirement:            8.700ns  (sys_clk_pin rise@8.700ns - sys_clk_pin rise@0.000ns)
  Data Path Delay:        8.093ns  (logic 4.155ns (51.339%)  route 3.938ns (48.661%))
  Logic Levels:           8  (CARRY4=3 LUT5=3 LUT6=2)
  Clock Path Skew:        -0.013ns (DCD - SCD + CPR)
    Destination Clock Delay (DCD):    4.858ns = ( 13.558 - 8.700 ) 
    Source Clock Delay      (SCD):    5.132ns
    Clock Pessimism Removal (CPR):    0.260ns
  Clock Uncertainty:      0.035ns  ((TSJ^2 + TIJ^2)^1/2 + DJ) / 2 + PE
    Total System Jitter     (TSJ):    0.071ns
    Total Input Jitter      (TIJ):    0.000ns
    Discrete Jitter          (DJ):    0.000ns
    Phase Error              (PE):    0.000ns

    Location             Delay type                Incr(ns)  Path(ns)    Netlist Resource(s)
  -------------------------------------------------------------------    -------------------
                         (clock sys_clk_pin rise edge)
                                                      0.000     0.000 r  <hidden>
                         propagated clock network latency
                                                      5.132     5.132    <hidden>
    RAMB18_X0Y3          RAMB18E1                     0.000     5.132 r  cpu_inst/data_mem_inst/mem_reg/CLKARDCLK
    RAMB18_X0Y3          RAMB18E1 (Prop_ramb18e1_CLKARDCLK_DOADO[5])
                                                      2.454     7.586 r  cpu_inst/data_mem_inst/mem_reg/DOADO[5]
                         net (fo=5, routed)           1.128     8.714    cpu_inst/data_mem_inst/mem_reg_n_10
    SLICE_X5Y5           LUT5 (Prop_lut5_I0_O)        0.124     8.838 r  cpu_inst/data_mem_inst/ex_mem_reg[store_data][5]_i_2/O
                         net (fo=2, routed)           0.167     9.005    cpu_inst/data_mem_inst/ex_mem_reg[store_data][5]_i_2_n_0
    SLICE_X5Y5           LUT5 (Prop_lut5_I1_O)        0.124     9.129 r  cpu_inst/data_mem_inst/ex_mem_reg[store_data][5]_i_1/O
                         net (fo=5, routed)           0.983    10.112    cpu_inst/data_mem_inst/ex_store_data[5]
    SLICE_X7Y7           LUT6 (Prop_lut6_I2_O)        0.124    10.236 r  cpu_inst/data_mem_inst/i__carry_i_3/O
                         net (fo=1, routed)           0.000    10.236    cpu_inst/data_mem_inst_n_223
    SLICE_X7Y7           CARRY4 (Prop_carry4_S[1]_CO[3])
                                                      0.550    10.786 r  cpu_inst/ex_branch_taken0_inferred__0/i__carry/CO[3]
                         net (fo=1, routed)           0.000    10.786    cpu_inst/ex_branch_taken0_inferred__0/i__carry_n_0
    SLICE_X7Y8           CARRY4 (Prop_carry4_CI_CO[3])
                                                      0.114    10.900 r  cpu_inst/ex_branch_taken0_inferred__0/i__carry__0/CO[3]
                         net (fo=1, routed)           0.000    10.900    cpu_inst/ex_branch_taken0_inferred__0/i__carry__0_n_0
    SLICE_X7Y9           CARRY4 (Prop_carry4_CI_CO[2])
                                                      0.228    11.128 f  cpu_inst/ex_branch_taken0_inferred__0/i__carry__1/CO[2]
                         net (fo=41, routed)          0.832    11.960    cpu_inst/data_mem_inst/CO[0]
    SLICE_X2Y3           LUT5 (Prop_lut5_I0_O)        0.313    12.273 r  cpu_inst/data_mem_inst/id_ex_reg[imm_ext][12]_i_3/O
                         net (fo=2, routed)           0.309    12.582    cpu_inst/data_mem_inst/id_ex_reg[imm_ext][12]_i_3_n_0
    SLICE_X5Y3           LUT6 (Prop_lut6_I4_O)        0.124    12.706 r  cpu_inst/data_mem_inst/id_ex_reg[operand_a][31]_i_1_comp/O
                         net (fo=32, routed)          0.519    13.225    cpu_inst/data_mem_inst_n_163
    SLICE_X6Y4           FDRE                                         r  cpu_inst/id_ex_reg_reg[operand_a][23]/R
  -------------------------------------------------------------------    -------------------

                         (clock sys_clk_pin rise edge)
                                                      8.700     8.700 r  <hidden>
                         propagated clock network latency
                                                      4.858    13.558    <hidden>
                         clock pessimism              0.260    13.818    <hidden>
                         clock uncertainty           -0.035    13.783    <hidden>
    SLICE_X6Y4           FDRE (Setup_fdre_C_R)       -0.524    13.259    cpu_inst/id_ex_reg_reg[operand_a][23]
  -------------------------------------------------------------------
                         required time                         13.259    <hidden>
                         arrival time                         -13.225    <hidden>
  -------------------------------------------------------------------
                         slack                                  0.034    <hidden>

Slack (MET) :             0.034ns  (required time - arrival time)
  Source:                 cpu_inst/data_mem_inst/mem_reg/CLKARDCLK
                            (rising edge-triggered cell RAMB18E1 clocked by sys_clk_pin  {rise@0.000ns fall@4.350ns period=8.700ns})
  Destination:            cpu_inst/id_ex_reg_reg[operand_a][24]/R
                            (rising edge-triggered cell FDRE clocked by sys_clk_pin  {rise@0.000ns fall@4.350ns period=8.700ns})
  Path Group:             sys_clk_pin
  Path Type:              Setup (Max at Slow Process Corner)
  Requirement:            8.700ns  (sys_clk_pin rise@8.700ns - sys_clk_pin rise@0.000ns)
  Data Path Delay:        8.093ns  (logic 4.155ns (51.339%)  route 3.938ns (48.661%))
  Logic Levels:           8  (CARRY4=3 LUT5=3 LUT6=2)
  Clock Path Skew:        -0.013ns (DCD - SCD + CPR)
    Destination Clock Delay (DCD):    4.858ns = ( 13.558 - 8.700 ) 
    Source Clock Delay      (SCD):    5.132ns
    Clock Pessimism Removal (CPR):    0.260ns
  Clock Uncertainty:      0.035ns  ((TSJ^2 + TIJ^2)^1/2 + DJ) / 2 + PE
    Total System Jitter     (TSJ):    0.071ns
    Total Input Jitter      (TIJ):    0.000ns
    Discrete Jitter          (DJ):    0.000ns
    Phase Error              (PE):    0.000ns

    Location             Delay type                Incr(ns)  Path(ns)    Netlist Resource(s)
  -------------------------------------------------------------------    -------------------
                         (clock sys_clk_pin rise edge)
                                                      0.000     0.000 r  <hidden>
                         propagated clock network latency
                                                      5.132     5.132    <hidden>
    RAMB18_X0Y3          RAMB18E1                     0.000     5.132 r  cpu_inst/data_mem_inst/mem_reg/CLKARDCLK
    RAMB18_X0Y3          RAMB18E1 (Prop_ramb18e1_CLKARDCLK_DOADO[5])
                                                      2.454     7.586 r  cpu_inst/data_mem_inst/mem_reg/DOADO[5]
                         net (fo=5, routed)           1.128     8.714    cpu_inst/data_mem_inst/mem_reg_n_10
    SLICE_X5Y5           LUT5 (Prop_lut5_I0_O)        0.124     8.838 r  cpu_inst/data_mem_inst/ex_mem_reg[store_data][5]_i_2/O
                         net (fo=2, routed)           0.167     9.005    cpu_inst/data_mem_inst/ex_mem_reg[store_data][5]_i_2_n_0
    SLICE_X5Y5           LUT5 (Prop_lut5_I1_O)        0.124     9.129 r  cpu_inst/data_mem_inst/ex_mem_reg[store_data][5]_i_1/O
                         net (fo=5, routed)           0.983    10.112    cpu_inst/data_mem_inst/ex_store_data[5]
    SLICE_X7Y7           LUT6 (Prop_lut6_I2_O)        0.124    10.236 r  cpu_inst/data_mem_inst/i__carry_i_3/O
                         net (fo=1, routed)           0.000    10.236    cpu_inst/data_mem_inst_n_223
    SLICE_X7Y7           CARRY4 (Prop_carry4_S[1]_CO[3])
                                                      0.550    10.786 r  cpu_inst/ex_branch_taken0_inferred__0/i__carry/CO[3]
                         net (fo=1, routed)           0.000    10.786    cpu_inst/ex_branch_taken0_inferred__0/i__carry_n_0
    SLICE_X7Y8           CARRY4 (Prop_carry4_CI_CO[3])
                                                      0.114    10.900 r  cpu_inst/ex_branch_taken0_inferred__0/i__carry__0/CO[3]
                         net (fo=1, routed)           0.000    10.900    cpu_inst/ex_branch_taken0_inferred__0/i__carry__0_n_0
    SLICE_X7Y9           CARRY4 (Prop_carry4_CI_CO[2])
                                                      0.228    11.128 f  cpu_inst/ex_branch_taken0_inferred__0/i__carry__1/CO[2]
                         net (fo=41, routed)          0.832    11.960    cpu_inst/data_mem_inst/CO[0]
    SLICE_X2Y3           LUT5 (Prop_lut5_I0_O)        0.313    12.273 r  cpu_inst/data_mem_inst/id_ex_reg[imm_ext][12]_i_3/O
                         net (fo=2, routed)           0.309    12.582    cpu_inst/data_mem_inst/id_ex_reg[imm_ext][12]_i_3_n_0
    SLICE_X5Y3           LUT6 (Prop_lut6_I4_O)        0.124    12.706 r  cpu_inst/data_mem_inst/id_ex_reg[operand_a][31]_i_1_comp/O
                         net (fo=32, routed)          0.519    13.225    cpu_inst/data_mem_inst_n_163
    SLICE_X6Y4           FDRE                                         r  cpu_inst/id_ex_reg_reg[operand_a][24]/R
  -------------------------------------------------------------------    -------------------

                         (clock sys_clk_pin rise edge)
                                                      8.700     8.700 r  <hidden>
                         propagated clock network latency
                                                      4.858    13.558    <hidden>
                         clock pessimism              0.260    13.818    <hidden>
                         clock uncertainty           -0.035    13.783    <hidden>
    SLICE_X6Y4           FDRE (Setup_fdre_C_R)       -0.524    13.259    cpu_inst/id_ex_reg_reg[operand_a][24]
  -------------------------------------------------------------------
                         required time                         13.259    <hidden>
                         arrival time                         -13.225    <hidden>
  -------------------------------------------------------------------
                         slack                                  0.034    <hidden>

Slack (MET) :             0.034ns  (required time - arrival time)
  Source:                 cpu_inst/data_mem_inst/mem_reg/CLKARDCLK
                            (rising edge-triggered cell RAMB18E1 clocked by sys_clk_pin  {rise@0.000ns fall@4.350ns period=8.700ns})
  Destination:            cpu_inst/id_ex_reg_reg[operand_a][2]/R
                            (rising edge-triggered cell FDRE clocked by sys_clk_pin  {rise@0.000ns fall@4.350ns period=8.700ns})
  Path Group:             sys_clk_pin
  Path Type:              Setup (Max at Slow Process Corner)
  Requirement:            8.700ns  (sys_clk_pin rise@8.700ns - sys_clk_pin rise@0.000ns)
  Data Path Delay:        8.093ns  (logic 4.155ns (51.339%)  route 3.938ns (48.661%))
  Logic Levels:           8  (CARRY4=3 LUT5=3 LUT6=2)
  Clock Path Skew:        -0.013ns (DCD - SCD + CPR)
    Destination Clock Delay (DCD):    4.858ns = ( 13.558 - 8.700 ) 
    Source Clock Delay      (SCD):    5.132ns
    Clock Pessimism Removal (CPR):    0.260ns
  Clock Uncertainty:      0.035ns  ((TSJ^2 + TIJ^2)^1/2 + DJ) / 2 + PE
    Total System Jitter     (TSJ):    0.071ns
    Total Input Jitter      (TIJ):    0.000ns
    Discrete Jitter          (DJ):    0.000ns
    Phase Error              (PE):    0.000ns

    Location             Delay type                Incr(ns)  Path(ns)    Netlist Resource(s)
  -------------------------------------------------------------------    -------------------
                         (clock sys_clk_pin rise edge)
                                                      0.000     0.000 r  <hidden>
                         propagated clock network latency
                                                      5.132     5.132    <hidden>
    RAMB18_X0Y3          RAMB18E1                     0.000     5.132 r  cpu_inst/data_mem_inst/mem_reg/CLKARDCLK
    RAMB18_X0Y3          RAMB18E1 (Prop_ramb18e1_CLKARDCLK_DOADO[5])
                                                      2.454     7.586 r  cpu_inst/data_mem_inst/mem_reg/DOADO[5]
                         net (fo=5, routed)           1.128     8.714    cpu_inst/data_mem_inst/mem_reg_n_10
    SLICE_X5Y5           LUT5 (Prop_lut5_I0_O)        0.124     8.838 r  cpu_inst/data_mem_inst/ex_mem_reg[store_data][5]_i_2/O
                         net (fo=2, routed)           0.167     9.005    cpu_inst/data_mem_inst/ex_mem_reg[store_data][5]_i_2_n_0
    SLICE_X5Y5           LUT5 (Prop_lut5_I1_O)        0.124     9.129 r  cpu_inst/data_mem_inst/ex_mem_reg[store_data][5]_i_1/O
                         net (fo=5, routed)           0.983    10.112    cpu_inst/data_mem_inst/ex_store_data[5]
    SLICE_X7Y7           LUT6 (Prop_lut6_I2_O)        0.124    10.236 r  cpu_inst/data_mem_inst/i__carry_i_3/O
                         net (fo=1, routed)           0.000    10.236    cpu_inst/data_mem_inst_n_223
    SLICE_X7Y7           CARRY4 (Prop_carry4_S[1]_CO[3])
                                                      0.550    10.786 r  cpu_inst/ex_branch_taken0_inferred__0/i__carry/CO[3]
                         net (fo=1, routed)           0.000    10.786    cpu_inst/ex_branch_taken0_inferred__0/i__carry_n_0
    SLICE_X7Y8           CARRY4 (Prop_carry4_CI_CO[3])
                                                      0.114    10.900 r  cpu_inst/ex_branch_taken0_inferred__0/i__carry__0/CO[3]
                         net (fo=1, routed)           0.000    10.900    cpu_inst/ex_branch_taken0_inferred__0/i__carry__0_n_0
    SLICE_X7Y9           CARRY4 (Prop_carry4_CI_CO[2])
                                                      0.228    11.128 f  cpu_inst/ex_branch_taken0_inferred__0/i__carry__1/CO[2]
                         net (fo=41, routed)          0.832    11.960    cpu_inst/data_mem_inst/CO[0]
    SLICE_X2Y3           LUT5 (Prop_lut5_I0_O)        0.313    12.273 r  cpu_inst/data_mem_inst/id_ex_reg[imm_ext][12]_i_3/O
                         net (fo=2, routed)           0.309    12.582    cpu_inst/data_mem_inst/id_ex_reg[imm_ext][12]_i_3_n_0
    SLICE_X5Y3           LUT6 (Prop_lut6_I4_O)        0.124    12.706 r  cpu_inst/data_mem_inst/id_ex_reg[operand_a][31]_i_1_comp/O
                         net (fo=32, routed)          0.519    13.225    cpu_inst/data_mem_inst_n_163
    SLICE_X6Y4           FDRE                                         r  cpu_inst/id_ex_reg_reg[operand_a][2]/R
  -------------------------------------------------------------------    -------------------

                         (clock sys_clk_pin rise edge)
                                                      8.700     8.700 r  <hidden>
                         propagated clock network latency
                                                      4.858    13.558    <hidden>
                         clock pessimism              0.260    13.818    <hidden>
                         clock uncertainty           -0.035    13.783    <hidden>
    SLICE_X6Y4           FDRE (Setup_fdre_C_R)       -0.524    13.259    cpu_inst/id_ex_reg_reg[operand_a][2]
  -------------------------------------------------------------------
                         required time                         13.259    <hidden>
                         arrival time                         -13.225    <hidden>
  -------------------------------------------------------------------
                         slack                                  0.034    <hidden>

Slack (MET) :             0.034ns  (required time - arrival time)
  Source:                 cpu_inst/data_mem_inst/mem_reg/CLKARDCLK
                            (rising edge-triggered cell RAMB18E1 clocked by sys_clk_pin  {rise@0.000ns fall@4.350ns period=8.700ns})
  Destination:            cpu_inst/id_ex_reg_reg[operand_a][7]/R
                            (rising edge-triggered cell FDRE clocked by sys_clk_pin  {rise@0.000ns fall@4.350ns period=8.700ns})
  Path Group:             sys_clk_pin
  Path Type:              Setup (Max at Slow Process Corner)
  Requirement:            8.700ns  (sys_clk_pin rise@8.700ns - sys_clk_pin rise@0.000ns)
  Data Path Delay:        8.093ns  (logic 4.155ns (51.339%)  route 3.938ns (48.661%))
  Logic Levels:           8  (CARRY4=3 LUT5=3 LUT6=2)
  Clock Path Skew:        -0.013ns (DCD - SCD + CPR)
    Destination Clock Delay (DCD):    4.858ns = ( 13.558 - 8.700 ) 
    Source Clock Delay      (SCD):    5.132ns
    Clock Pessimism Removal (CPR):    0.260ns
  Clock Uncertainty:      0.035ns  ((TSJ^2 + TIJ^2)^1/2 + DJ) / 2 + PE
    Total System Jitter     (TSJ):    0.071ns
    Total Input Jitter      (TIJ):    0.000ns
    Discrete Jitter          (DJ):    0.000ns
    Phase Error              (PE):    0.000ns

    Location             Delay type                Incr(ns)  Path(ns)    Netlist Resource(s)
  -------------------------------------------------------------------    -------------------
                         (clock sys_clk_pin rise edge)
                                                      0.000     0.000 r  <hidden>
                         propagated clock network latency
                                                      5.132     5.132    <hidden>
    RAMB18_X0Y3          RAMB18E1                     0.000     5.132 r  cpu_inst/data_mem_inst/mem_reg/CLKARDCLK
    RAMB18_X0Y3          RAMB18E1 (Prop_ramb18e1_CLKARDCLK_DOADO[5])
                                                      2.454     7.586 r  cpu_inst/data_mem_inst/mem_reg/DOADO[5]
                         net (fo=5, routed)           1.128     8.714    cpu_inst/data_mem_inst/mem_reg_n_10
    SLICE_X5Y5           LUT5 (Prop_lut5_I0_O)        0.124     8.838 r  cpu_inst/data_mem_inst/ex_mem_reg[store_data][5]_i_2/O
                         net (fo=2, routed)           0.167     9.005    cpu_inst/data_mem_inst/ex_mem_reg[store_data][5]_i_2_n_0
    SLICE_X5Y5           LUT5 (Prop_lut5_I1_O)        0.124     9.129 r  cpu_inst/data_mem_inst/ex_mem_reg[store_data][5]_i_1/O
                         net (fo=5, routed)           0.983    10.112    cpu_inst/data_mem_inst/ex_store_data[5]
    SLICE_X7Y7           LUT6 (Prop_lut6_I2_O)        0.124    10.236 r  cpu_inst/data_mem_inst/i__carry_i_3/O
                         net (fo=1, routed)           0.000    10.236    cpu_inst/data_mem_inst_n_223
    SLICE_X7Y7           CARRY4 (Prop_carry4_S[1]_CO[3])
                                                      0.550    10.786 r  cpu_inst/ex_branch_taken0_inferred__0/i__carry/CO[3]
                         net (fo=1, routed)           0.000    10.786    cpu_inst/ex_branch_taken0_inferred__0/i__carry_n_0
    SLICE_X7Y8           CARRY4 (Prop_carry4_CI_CO[3])
                                                      0.114    10.900 r  cpu_inst/ex_branch_taken0_inferred__0/i__carry__0/CO[3]
                         net (fo=1, routed)           0.000    10.900    cpu_inst/ex_branch_taken0_inferred__0/i__carry__0_n_0
    SLICE_X7Y9           CARRY4 (Prop_carry4_CI_CO[2])
                                                      0.228    11.128 f  cpu_inst/ex_branch_taken0_inferred__0/i__carry__1/CO[2]
                         net (fo=41, routed)          0.832    11.960    cpu_inst/data_mem_inst/CO[0]
    SLICE_X2Y3           LUT5 (Prop_lut5_I0_O)        0.313    12.273 r  cpu_inst/data_mem_inst/id_ex_reg[imm_ext][12]_i_3/O
                         net (fo=2, routed)           0.309    12.582    cpu_inst/data_mem_inst/id_ex_reg[imm_ext][12]_i_3_n_0
    SLICE_X5Y3           LUT6 (Prop_lut6_I4_O)        0.124    12.706 r  cpu_inst/data_mem_inst/id_ex_reg[operand_a][31]_i_1_comp/O
                         net (fo=32, routed)          0.519    13.225    cpu_inst/data_mem_inst_n_163
    SLICE_X6Y4           FDRE                                         r  cpu_inst/id_ex_reg_reg[operand_a][7]/R
  -------------------------------------------------------------------    -------------------

                         (clock sys_clk_pin rise edge)
                                                      8.700     8.700 r  <hidden>
                         propagated clock network latency
                                                      4.858    13.558    <hidden>
                         clock pessimism              0.260    13.818    <hidden>
                         clock uncertainty           -0.035    13.783    <hidden>
    SLICE_X6Y4           FDRE (Setup_fdre_C_R)       -0.524    13.259    cpu_inst/id_ex_reg_reg[operand_a][7]
  -------------------------------------------------------------------
                         required time                         13.259    <hidden>
                         arrival time                         -13.225    <hidden>
  -------------------------------------------------------------------
                         slack                                  0.034    <hidden>

Slack (MET) :             0.074ns  (required time - arrival time)
  Source:                 cpu_inst/data_mem_inst/mem_reg/CLKARDCLK
                            (rising edge-triggered cell RAMB18E1 clocked by sys_clk_pin  {rise@0.000ns fall@4.350ns period=8.700ns})
  Destination:            cpu_inst/id_ex_reg_reg[operand_a][11]/R
                            (rising edge-triggered cell FDRE clocked by sys_clk_pin  {rise@0.000ns fall@4.350ns period=8.700ns})
  Path Group:             sys_clk_pin
  Path Type:              Setup (Max at Slow Process Corner)
  Requirement:            8.700ns  (sys_clk_pin rise@8.700ns - sys_clk_pin rise@0.000ns)
  Data Path Delay:        8.149ns  (logic 4.155ns (50.990%)  route 3.994ns (49.010%))
  Logic Levels:           8  (CARRY4=3 LUT5=3 LUT6=2)
  Clock Path Skew:        -0.013ns (DCD - SCD + CPR)
    Destination Clock Delay (DCD):    4.858ns = ( 13.558 - 8.700 ) 
    Source Clock Delay      (SCD):    5.132ns
    Clock Pessimism Removal (CPR):    0.260ns
  Clock Uncertainty:      0.035ns  ((TSJ^2 + TIJ^2)^1/2 + DJ) / 2 + PE
    Total System Jitter     (TSJ):    0.071ns
    Total Input Jitter      (TIJ):    0.000ns
    Discrete Jitter          (DJ):    0.000ns
    Phase Error              (PE):    0.000ns

    Location             Delay type                Incr(ns)  Path(ns)    Netlist Resource(s)
  -------------------------------------------------------------------    -------------------
                         (clock sys_clk_pin rise edge)
                                                      0.000     0.000 r  <hidden>
                         propagated clock network latency
                                                      5.132     5.132    <hidden>
    RAMB18_X0Y3          RAMB18E1                     0.000     5.132 r  cpu_inst/data_mem_inst/mem_reg/CLKARDCLK
    RAMB18_X0Y3          RAMB18E1 (Prop_ramb18e1_CLKARDCLK_DOADO[5])
                                                      2.454     7.586 r  cpu_inst/data_mem_inst/mem_reg/DOADO[5]
                         net (fo=5, routed)           1.128     8.714    cpu_inst/data_mem_inst/mem_reg_n_10
    SLICE_X5Y5           LUT5 (Prop_lut5_I0_O)        0.124     8.838 r  cpu_inst/data_mem_inst/ex_mem_reg[store_data][5]_i_2/O
                         net (fo=2, routed)           0.167     9.005    cpu_inst/data_mem_inst/ex_mem_reg[store_data][5]_i_2_n_0
    SLICE_X5Y5           LUT5 (Prop_lut5_I1_O)        0.124     9.129 r  cpu_inst/data_mem_inst/ex_mem_reg[store_data][5]_i_1/O
                         net (fo=5, routed)           0.983    10.112    cpu_inst/data_mem_inst/ex_store_data[5]
    SLICE_X7Y7           LUT6 (Prop_lut6_I2_O)        0.124    10.236 r  cpu_inst/data_mem_inst/i__carry_i_3/O
                         net (fo=1, routed)           0.000    10.236    cpu_inst/data_mem_inst_n_223
    SLICE_X7Y7           CARRY4 (Prop_carry4_S[1]_CO[3])
                                                      0.550    10.786 r  cpu_inst/ex_branch_taken0_inferred__0/i__carry/CO[3]
                         net (fo=1, routed)           0.000    10.786    cpu_inst/ex_branch_taken0_inferred__0/i__carry_n_0
    SLICE_X7Y8           CARRY4 (Prop_carry4_CI_CO[3])
                                                      0.114    10.900 r  cpu_inst/ex_branch_taken0_inferred__0/i__carry__0/CO[3]
                         net (fo=1, routed)           0.000    10.900    cpu_inst/ex_branch_taken0_inferred__0/i__carry__0_n_0
    SLICE_X7Y9           CARRY4 (Prop_carry4_CI_CO[2])
                                                      0.228    11.128 f  cpu_inst/ex_branch_taken0_inferred__0/i__carry__1/CO[2]
                         net (fo=41, routed)          0.832    11.960    cpu_inst/data_mem_inst/CO[0]
    SLICE_X2Y3           LUT5 (Prop_lut5_I0_O)        0.313    12.273 r  cpu_inst/data_mem_inst/id_ex_reg[imm_ext][12]_i_3/O
                         net (fo=2, routed)           0.309    12.582    cpu_inst/data_mem_inst/id_ex_reg[imm_ext][12]_i_3_n_0
    SLICE_X5Y3           LUT6 (Prop_lut6_I4_O)        0.124    12.706 r  cpu_inst/data_mem_inst/id_ex_reg[operand_a][31]_i_1_comp/O
                         net (fo=32, routed)          0.574    13.280    cpu_inst/data_mem_inst_n_163
    SLICE_X4Y4           FDRE                                         r  cpu_inst/id_ex_reg_reg[operand_a][11]/R
  -------------------------------------------------------------------    -------------------

                         (clock sys_clk_pin rise edge)
                                                      8.700     8.700 r  <hidden>
                         propagated clock network latency
                                                      4.858    13.558    <hidden>
                         clock pessimism              0.260    13.818    <hidden>
                         clock uncertainty           -0.035    13.783    <hidden>
    SLICE_X4Y4           FDRE (Setup_fdre_C_R)       -0.429    13.354    cpu_inst/id_ex_reg_reg[operand_a][11]
  -------------------------------------------------------------------
                         required time                         13.354    <hidden>
                         arrival time                         -13.280    <hidden>
  -------------------------------------------------------------------
                         slack                                  0.074    <hidden>

Slack (MET) :             0.074ns  (required time - arrival time)
  Source:                 cpu_inst/data_mem_inst/mem_reg/CLKARDCLK
                            (rising edge-triggered cell RAMB18E1 clocked by sys_clk_pin  {rise@0.000ns fall@4.350ns period=8.700ns})
  Destination:            cpu_inst/id_ex_reg_reg[operand_a][22]/R
                            (rising edge-triggered cell FDRE clocked by sys_clk_pin  {rise@0.000ns fall@4.350ns period=8.700ns})
  Path Group:             sys_clk_pin
  Path Type:              Setup (Max at Slow Process Corner)
  Requirement:            8.700ns  (sys_clk_pin rise@8.700ns - sys_clk_pin rise@0.000ns)
  Data Path Delay:        8.149ns  (logic 4.155ns (50.990%)  route 3.994ns (49.010%))
  Logic Levels:           8  (CARRY4=3 LUT5=3 LUT6=2)
  Clock Path Skew:        -0.013ns (DCD - SCD + CPR)
    Destination Clock Delay (DCD):    4.858ns = ( 13.558 - 8.700 ) 
    Source Clock Delay      (SCD):    5.132ns
    Clock Pessimism Removal (CPR):    0.260ns
  Clock Uncertainty:      0.035ns  ((TSJ^2 + TIJ^2)^1/2 + DJ) / 2 + PE
    Total System Jitter     (TSJ):    0.071ns
    Total Input Jitter      (TIJ):    0.000ns
    Discrete Jitter          (DJ):    0.000ns
    Phase Error              (PE):    0.000ns

    Location             Delay type                Incr(ns)  Path(ns)    Netlist Resource(s)
  -------------------------------------------------------------------    -------------------
                         (clock sys_clk_pin rise edge)
                                                      0.000     0.000 r  <hidden>
                         propagated clock network latency
                                                      5.132     5.132    <hidden>
    RAMB18_X0Y3          RAMB18E1                     0.000     5.132 r  cpu_inst/data_mem_inst/mem_reg/CLKARDCLK
    RAMB18_X0Y3          RAMB18E1 (Prop_ramb18e1_CLKARDCLK_DOADO[5])
                                                      2.454     7.586 r  cpu_inst/data_mem_inst/mem_reg/DOADO[5]
                         net (fo=5, routed)           1.128     8.714    cpu_inst/data_mem_inst/mem_reg_n_10
    SLICE_X5Y5           LUT5 (Prop_lut5_I0_O)        0.124     8.838 r  cpu_inst/data_mem_inst/ex_mem_reg[store_data][5]_i_2/O
                         net (fo=2, routed)           0.167     9.005    cpu_inst/data_mem_inst/ex_mem_reg[store_data][5]_i_2_n_0
    SLICE_X5Y5           LUT5 (Prop_lut5_I1_O)        0.124     9.129 r  cpu_inst/data_mem_inst/ex_mem_reg[store_data][5]_i_1/O
                         net (fo=5, routed)           0.983    10.112    cpu_inst/data_mem_inst/ex_store_data[5]
    SLICE_X7Y7           LUT6 (Prop_lut6_I2_O)        0.124    10.236 r  cpu_inst/data_mem_inst/i__carry_i_3/O
                         net (fo=1, routed)           0.000    10.236    cpu_inst/data_mem_inst_n_223
    SLICE_X7Y7           CARRY4 (Prop_carry4_S[1]_CO[3])
                                                      0.550    10.786 r  cpu_inst/ex_branch_taken0_inferred__0/i__carry/CO[3]
                         net (fo=1, routed)           0.000    10.786    cpu_inst/ex_branch_taken0_inferred__0/i__carry_n_0
    SLICE_X7Y8           CARRY4 (Prop_carry4_CI_CO[3])
                                                      0.114    10.900 r  cpu_inst/ex_branch_taken0_inferred__0/i__carry__0/CO[3]
                         net (fo=1, routed)           0.000    10.900    cpu_inst/ex_branch_taken0_inferred__0/i__carry__0_n_0
    SLICE_X7Y9           CARRY4 (Prop_carry4_CI_CO[2])
                                                      0.228    11.128 f  cpu_inst/ex_branch_taken0_inferred__0/i__carry__1/CO[2]
                         net (fo=41, routed)          0.832    11.960    cpu_inst/data_mem_inst/CO[0]
    SLICE_X2Y3           LUT5 (Prop_lut5_I0_O)        0.313    12.273 r  cpu_inst/data_mem_inst/id_ex_reg[imm_ext][12]_i_3/O
                         net (fo=2, routed)           0.309    12.582    cpu_inst/data_mem_inst/id_ex_reg[imm_ext][12]_i_3_n_0
    SLICE_X5Y3           LUT6 (Prop_lut6_I4_O)        0.124    12.706 r  cpu_inst/data_mem_inst/id_ex_reg[operand_a][31]_i_1_comp/O
                         net (fo=32, routed)          0.574    13.280    cpu_inst/data_mem_inst_n_163
    SLICE_X4Y4           FDRE                                         r  cpu_inst/id_ex_reg_reg[operand_a][22]/R
  -------------------------------------------------------------------    -------------------

                         (clock sys_clk_pin rise edge)
                                                      8.700     8.700 r  <hidden>
                         propagated clock network latency
                                                      4.858    13.558    <hidden>
                         clock pessimism              0.260    13.818    <hidden>
                         clock uncertainty           -0.035    13.783    <hidden>
    SLICE_X4Y4           FDRE (Setup_fdre_C_R)       -0.429    13.354    cpu_inst/id_ex_reg_reg[operand_a][22]
  -------------------------------------------------------------------
                         required time                         13.354    <hidden>
                         arrival time                         -13.280    <hidden>
  -------------------------------------------------------------------
                         slack                                  0.074    <hidden>




