Copyright 1986-2022 Xilinx, Inc. All Rights Reserved. Copyright 2022-2026 Advanced Micro Devices, Inc. All Rights Reserved.
------------------------------------------------------------------------------------------------------------------------------------------------------------------------------
| Tool Version : Vivado v.2026.1 (win64) Build 6511674 Tue Jun 16 11:02:23 MDT 2026
| Date         : Sun Jul 12 19:49:57 2026
| Host         : DESKTOP-4GB7DVJ running 64-bit major release  (build 9200)
| Command      : report_timing -max_paths 10 -path_type full -file reports/phase13e_timing/perf_directive_9p100ns/timing/fpga_top_pipeline_forwardtiming_impl_worst_paths.rpt
| Design       : fpga_top_pipeline_forwardtiming
| Device       : 7a35t-cpg236
| Speed File   : -1  PRODUCTION 1.23 2018-06-13
| Design State : Physopt postRoute
------------------------------------------------------------------------------------------------------------------------------------------------------------------------------

Timing Report

Slack (MET) :             0.284ns  (required time - arrival time)
  Source:                 cpu_inst/data_mem_inst/mem_reg/CLKARDCLK
                            (rising edge-triggered cell RAMB18E1 clocked by sys_clk_pin  {rise@0.000ns fall@4.550ns period=9.100ns})
  Destination:            cpu_inst/id_ex_reg_reg[operand_a][6]/R
                            (rising edge-triggered cell FDRE clocked by sys_clk_pin  {rise@0.000ns fall@4.550ns period=9.100ns})
  Path Group:             sys_clk_pin
  Path Type:              Setup (Max at Slow Process Corner)
  Requirement:            9.100ns  (sys_clk_pin rise@9.100ns - sys_clk_pin rise@0.000ns)
  Data Path Delay:        8.168ns  (logic 4.002ns (48.997%)  route 4.166ns (51.003%))
  Logic Levels:           7  (CARRY4=2 LUT3=1 LUT4=1 LUT5=1 LUT6=2)
  Clock Path Skew:        -0.088ns (DCD - SCD + CPR)
    Destination Clock Delay (DCD):    4.784ns = ( 13.884 - 9.100 ) 
    Source Clock Delay      (SCD):    5.133ns
    Clock Pessimism Removal (CPR):    0.260ns
  Clock Uncertainty:      0.035ns  ((TSJ^2 + TIJ^2)^1/2 + DJ) / 2 + PE
    Total System Jitter     (TSJ):    0.071ns
    Total Input Jitter      (TIJ):    0.000ns
    Discrete Jitter          (DJ):    0.000ns
    Phase Error              (PE):    0.000ns

    Location             Delay type                Incr(ns)  Path(ns)    Netlist Resource(s)
  -------------------------------------------------------------------    -------------------
                         (clock sys_clk_pin rise edge)
                                                      0.000     0.000 r  <hidden>
                         propagated clock network latency
                                                      5.133     5.133    <hidden>
    RAMB18_X0Y1          RAMB18E1                     0.000     5.133 r  cpu_inst/data_mem_inst/mem_reg/CLKARDCLK
    RAMB18_X0Y1          RAMB18E1 (Prop_ramb18e1_CLKARDCLK_DOADO[14])
                                                      2.454     7.587 r  cpu_inst/data_mem_inst/mem_reg/DOADO[14]
                         net (fo=5, routed)           0.798     8.385    cpu_inst/data_mem_inst/mem_reg_n_1
    SLICE_X11Y4          LUT5 (Prop_lut5_I0_O)        0.124     8.509 r  cpu_inst/data_mem_inst/i__carry__2_i_11/O
                         net (fo=1, routed)           0.762     9.271    cpu_inst/data_mem_inst/i__carry__2_i_11_n_0
    SLICE_X8Y7           LUT3 (Prop_lut3_I2_O)        0.124     9.395 r  cpu_inst/data_mem_inst/i__carry__2_i_2/O
                         net (fo=7, routed)           0.851    10.246    cpu_inst/data_mem_inst/ex_mem_reg_reg[alu_result][14]
    SLICE_X8Y9           LUT6 (Prop_lut6_I0_O)        0.124    10.370 r  cpu_inst/data_mem_inst/i__carry__0_i_4/O
                         net (fo=1, routed)           0.000    10.370    cpu_inst/data_mem_inst_n_208
    SLICE_X8Y9           CARRY4 (Prop_carry4_S[0]_CO[3])
                                                      0.513    10.883 r  cpu_inst/ex_branch_taken0_inferred__0/i__carry__0/CO[3]
                         net (fo=1, routed)           0.000    10.883    cpu_inst/ex_branch_taken0_inferred__0/i__carry__0_n_0
    SLICE_X8Y10          CARRY4 (Prop_carry4_CI_CO[2])
                                                      0.229    11.112 f  cpu_inst/ex_branch_taken0_inferred__0/i__carry__1/CO[2]
                         net (fo=39, routed)          0.633    11.745    cpu_inst/data_mem_inst/CO[0]
    SLICE_X8Y12          LUT6 (Prop_lut6_I5_O)        0.310    12.055 r  cpu_inst/data_mem_inst/id_ex_reg[imm_ext][12]_i_2_comp/O
                         net (fo=8, routed)           0.589    12.644    cpu_inst/data_mem_inst/id_ex_reg[imm_ext][12]_i_2_n_0
    SLICE_X9Y16          LUT4 (Prop_lut4_I2_O)        0.124    12.768 r  cpu_inst/data_mem_inst/id_ex_reg[operand_a][31]_i_1/O
                         net (fo=32, routed)          0.533    13.301    cpu_inst/data_mem_inst_n_163
    SLICE_X10Y17         FDRE                                         r  cpu_inst/id_ex_reg_reg[operand_a][6]/R
  -------------------------------------------------------------------    -------------------

                         (clock sys_clk_pin rise edge)
                                                      9.100     9.100 r  <hidden>
                         propagated clock network latency
                                                      4.784    13.884    <hidden>
                         clock pessimism              0.260    14.144    <hidden>
                         clock uncertainty           -0.035    14.109    <hidden>
    SLICE_X10Y17         FDRE (Setup_fdre_C_R)       -0.524    13.585    cpu_inst/id_ex_reg_reg[operand_a][6]
  -------------------------------------------------------------------
                         required time                         13.585    <hidden>
                         arrival time                         -13.301    <hidden>
  -------------------------------------------------------------------
                         slack                                  0.284    <hidden>

Slack (MET) :             0.284ns  (required time - arrival time)
  Source:                 cpu_inst/data_mem_inst/mem_reg/CLKARDCLK
                            (rising edge-triggered cell RAMB18E1 clocked by sys_clk_pin  {rise@0.000ns fall@4.550ns period=9.100ns})
  Destination:            cpu_inst/id_ex_reg_reg[operand_a][8]/R
                            (rising edge-triggered cell FDRE clocked by sys_clk_pin  {rise@0.000ns fall@4.550ns period=9.100ns})
  Path Group:             sys_clk_pin
  Path Type:              Setup (Max at Slow Process Corner)
  Requirement:            9.100ns  (sys_clk_pin rise@9.100ns - sys_clk_pin rise@0.000ns)
  Data Path Delay:        8.168ns  (logic 4.002ns (48.997%)  route 4.166ns (51.003%))
  Logic Levels:           7  (CARRY4=2 LUT3=1 LUT4=1 LUT5=1 LUT6=2)
  Clock Path Skew:        -0.088ns (DCD - SCD + CPR)
    Destination Clock Delay (DCD):    4.784ns = ( 13.884 - 9.100 ) 
    Source Clock Delay      (SCD):    5.133ns
    Clock Pessimism Removal (CPR):    0.260ns
  Clock Uncertainty:      0.035ns  ((TSJ^2 + TIJ^2)^1/2 + DJ) / 2 + PE
    Total System Jitter     (TSJ):    0.071ns
    Total Input Jitter      (TIJ):    0.000ns
    Discrete Jitter          (DJ):    0.000ns
    Phase Error              (PE):    0.000ns

    Location             Delay type                Incr(ns)  Path(ns)    Netlist Resource(s)
  -------------------------------------------------------------------    -------------------
                         (clock sys_clk_pin rise edge)
                                                      0.000     0.000 r  <hidden>
                         propagated clock network latency
                                                      5.133     5.133    <hidden>
    RAMB18_X0Y1          RAMB18E1                     0.000     5.133 r  cpu_inst/data_mem_inst/mem_reg/CLKARDCLK
    RAMB18_X0Y1          RAMB18E1 (Prop_ramb18e1_CLKARDCLK_DOADO[14])
                                                      2.454     7.587 r  cpu_inst/data_mem_inst/mem_reg/DOADO[14]
                         net (fo=5, routed)           0.798     8.385    cpu_inst/data_mem_inst/mem_reg_n_1
    SLICE_X11Y4          LUT5 (Prop_lut5_I0_O)        0.124     8.509 r  cpu_inst/data_mem_inst/i__carry__2_i_11/O
                         net (fo=1, routed)           0.762     9.271    cpu_inst/data_mem_inst/i__carry__2_i_11_n_0
    SLICE_X8Y7           LUT3 (Prop_lut3_I2_O)        0.124     9.395 r  cpu_inst/data_mem_inst/i__carry__2_i_2/O
                         net (fo=7, routed)           0.851    10.246    cpu_inst/data_mem_inst/ex_mem_reg_reg[alu_result][14]
    SLICE_X8Y9           LUT6 (Prop_lut6_I0_O)        0.124    10.370 r  cpu_inst/data_mem_inst/i__carry__0_i_4/O
                         net (fo=1, routed)           0.000    10.370    cpu_inst/data_mem_inst_n_208
    SLICE_X8Y9           CARRY4 (Prop_carry4_S[0]_CO[3])
                                                      0.513    10.883 r  cpu_inst/ex_branch_taken0_inferred__0/i__carry__0/CO[3]
                         net (fo=1, routed)           0.000    10.883    cpu_inst/ex_branch_taken0_inferred__0/i__carry__0_n_0
    SLICE_X8Y10          CARRY4 (Prop_carry4_CI_CO[2])
                                                      0.229    11.112 f  cpu_inst/ex_branch_taken0_inferred__0/i__carry__1/CO[2]
                         net (fo=39, routed)          0.633    11.745    cpu_inst/data_mem_inst/CO[0]
    SLICE_X8Y12          LUT6 (Prop_lut6_I5_O)        0.310    12.055 r  cpu_inst/data_mem_inst/id_ex_reg[imm_ext][12]_i_2_comp/O
                         net (fo=8, routed)           0.589    12.644    cpu_inst/data_mem_inst/id_ex_reg[imm_ext][12]_i_2_n_0
    SLICE_X9Y16          LUT4 (Prop_lut4_I2_O)        0.124    12.768 r  cpu_inst/data_mem_inst/id_ex_reg[operand_a][31]_i_1/O
                         net (fo=32, routed)          0.533    13.301    cpu_inst/data_mem_inst_n_163
    SLICE_X10Y17         FDRE                                         r  cpu_inst/id_ex_reg_reg[operand_a][8]/R
  -------------------------------------------------------------------    -------------------

                         (clock sys_clk_pin rise edge)
                                                      9.100     9.100 r  <hidden>
                         propagated clock network latency
                                                      4.784    13.884    <hidden>
                         clock pessimism              0.260    14.144    <hidden>
                         clock uncertainty           -0.035    14.109    <hidden>
    SLICE_X10Y17         FDRE (Setup_fdre_C_R)       -0.524    13.585    cpu_inst/id_ex_reg_reg[operand_a][8]
  -------------------------------------------------------------------
                         required time                         13.585    <hidden>
                         arrival time                         -13.301    <hidden>
  -------------------------------------------------------------------
                         slack                                  0.284    <hidden>

Slack (MET) :             0.301ns  (required time - arrival time)
  Source:                 cpu_inst/data_mem_inst/mem_reg/CLKARDCLK
                            (rising edge-triggered cell RAMB18E1 clocked by sys_clk_pin  {rise@0.000ns fall@4.550ns period=9.100ns})
  Destination:            cpu_inst/id_ex_reg_reg[operand_a][0]/R
                            (rising edge-triggered cell FDRE clocked by sys_clk_pin  {rise@0.000ns fall@4.550ns period=9.100ns})
  Path Group:             sys_clk_pin
  Path Type:              Setup (Max at Slow Process Corner)
  Requirement:            9.100ns  (sys_clk_pin rise@9.100ns - sys_clk_pin rise@0.000ns)
  Data Path Delay:        8.154ns  (logic 4.002ns (49.083%)  route 4.152ns (50.917%))
  Logic Levels:           7  (CARRY4=2 LUT3=1 LUT4=1 LUT5=1 LUT6=2)
  Clock Path Skew:        -0.086ns (DCD - SCD + CPR)
    Destination Clock Delay (DCD):    4.786ns = ( 13.886 - 9.100 ) 
    Source Clock Delay      (SCD):    5.133ns
    Clock Pessimism Removal (CPR):    0.260ns
  Clock Uncertainty:      0.035ns  ((TSJ^2 + TIJ^2)^1/2 + DJ) / 2 + PE
    Total System Jitter     (TSJ):    0.071ns
    Total Input Jitter      (TIJ):    0.000ns
    Discrete Jitter          (DJ):    0.000ns
    Phase Error              (PE):    0.000ns

    Location             Delay type                Incr(ns)  Path(ns)    Netlist Resource(s)
  -------------------------------------------------------------------    -------------------
                         (clock sys_clk_pin rise edge)
                                                      0.000     0.000 r  <hidden>
                         propagated clock network latency
                                                      5.133     5.133    <hidden>
    RAMB18_X0Y1          RAMB18E1                     0.000     5.133 r  cpu_inst/data_mem_inst/mem_reg/CLKARDCLK
    RAMB18_X0Y1          RAMB18E1 (Prop_ramb18e1_CLKARDCLK_DOADO[14])
                                                      2.454     7.587 r  cpu_inst/data_mem_inst/mem_reg/DOADO[14]
                         net (fo=5, routed)           0.798     8.385    cpu_inst/data_mem_inst/mem_reg_n_1
    SLICE_X11Y4          LUT5 (Prop_lut5_I0_O)        0.124     8.509 r  cpu_inst/data_mem_inst/i__carry__2_i_11/O
                         net (fo=1, routed)           0.762     9.271    cpu_inst/data_mem_inst/i__carry__2_i_11_n_0
    SLICE_X8Y7           LUT3 (Prop_lut3_I2_O)        0.124     9.395 r  cpu_inst/data_mem_inst/i__carry__2_i_2/O
                         net (fo=7, routed)           0.851    10.246    cpu_inst/data_mem_inst/ex_mem_reg_reg[alu_result][14]
    SLICE_X8Y9           LUT6 (Prop_lut6_I0_O)        0.124    10.370 r  cpu_inst/data_mem_inst/i__carry__0_i_4/O
                         net (fo=1, routed)           0.000    10.370    cpu_inst/data_mem_inst_n_208
    SLICE_X8Y9           CARRY4 (Prop_carry4_S[0]_CO[3])
                                                      0.513    10.883 r  cpu_inst/ex_branch_taken0_inferred__0/i__carry__0/CO[3]
                         net (fo=1, routed)           0.000    10.883    cpu_inst/ex_branch_taken0_inferred__0/i__carry__0_n_0
    SLICE_X8Y10          CARRY4 (Prop_carry4_CI_CO[2])
                                                      0.229    11.112 f  cpu_inst/ex_branch_taken0_inferred__0/i__carry__1/CO[2]
                         net (fo=39, routed)          0.633    11.745    cpu_inst/data_mem_inst/CO[0]
    SLICE_X8Y12          LUT6 (Prop_lut6_I5_O)        0.310    12.055 r  cpu_inst/data_mem_inst/id_ex_reg[imm_ext][12]_i_2_comp/O
                         net (fo=8, routed)           0.589    12.644    cpu_inst/data_mem_inst/id_ex_reg[imm_ext][12]_i_2_n_0
    SLICE_X9Y16          LUT4 (Prop_lut4_I2_O)        0.124    12.768 r  cpu_inst/data_mem_inst/id_ex_reg[operand_a][31]_i_1/O
                         net (fo=32, routed)          0.518    13.286    cpu_inst/data_mem_inst_n_163
    SLICE_X10Y15         FDRE                                         r  cpu_inst/id_ex_reg_reg[operand_a][0]/R
  -------------------------------------------------------------------    -------------------

                         (clock sys_clk_pin rise edge)
                                                      9.100     9.100 r  <hidden>
                         propagated clock network latency
                                                      4.786    13.886    <hidden>
                         clock pessimism              0.260    14.146    <hidden>
                         clock uncertainty           -0.035    14.111    <hidden>
    SLICE_X10Y15         FDRE (Setup_fdre_C_R)       -0.524    13.587    cpu_inst/id_ex_reg_reg[operand_a][0]
  -------------------------------------------------------------------
                         required time                         13.587    <hidden>
                         arrival time                         -13.286    <hidden>
  -------------------------------------------------------------------
                         slack                                  0.301    <hidden>

Slack (MET) :             0.301ns  (required time - arrival time)
  Source:                 cpu_inst/data_mem_inst/mem_reg/CLKARDCLK
                            (rising edge-triggered cell RAMB18E1 clocked by sys_clk_pin  {rise@0.000ns fall@4.550ns period=9.100ns})
  Destination:            cpu_inst/id_ex_reg_reg[operand_a][11]/R
                            (rising edge-triggered cell FDRE clocked by sys_clk_pin  {rise@0.000ns fall@4.550ns period=9.100ns})
  Path Group:             sys_clk_pin
  Path Type:              Setup (Max at Slow Process Corner)
  Requirement:            9.100ns  (sys_clk_pin rise@9.100ns - sys_clk_pin rise@0.000ns)
  Data Path Delay:        8.154ns  (logic 4.002ns (49.083%)  route 4.152ns (50.917%))
  Logic Levels:           7  (CARRY4=2 LUT3=1 LUT4=1 LUT5=1 LUT6=2)
  Clock Path Skew:        -0.086ns (DCD - SCD + CPR)
    Destination Clock Delay (DCD):    4.786ns = ( 13.886 - 9.100 ) 
    Source Clock Delay      (SCD):    5.133ns
    Clock Pessimism Removal (CPR):    0.260ns
  Clock Uncertainty:      0.035ns  ((TSJ^2 + TIJ^2)^1/2 + DJ) / 2 + PE
    Total System Jitter     (TSJ):    0.071ns
    Total Input Jitter      (TIJ):    0.000ns
    Discrete Jitter          (DJ):    0.000ns
    Phase Error              (PE):    0.000ns

    Location             Delay type                Incr(ns)  Path(ns)    Netlist Resource(s)
  -------------------------------------------------------------------    -------------------
                         (clock sys_clk_pin rise edge)
                                                      0.000     0.000 r  <hidden>
                         propagated clock network latency
                                                      5.133     5.133    <hidden>
    RAMB18_X0Y1          RAMB18E1                     0.000     5.133 r  cpu_inst/data_mem_inst/mem_reg/CLKARDCLK
    RAMB18_X0Y1          RAMB18E1 (Prop_ramb18e1_CLKARDCLK_DOADO[14])
                                                      2.454     7.587 r  cpu_inst/data_mem_inst/mem_reg/DOADO[14]
                         net (fo=5, routed)           0.798     8.385    cpu_inst/data_mem_inst/mem_reg_n_1
    SLICE_X11Y4          LUT5 (Prop_lut5_I0_O)        0.124     8.509 r  cpu_inst/data_mem_inst/i__carry__2_i_11/O
                         net (fo=1, routed)           0.762     9.271    cpu_inst/data_mem_inst/i__carry__2_i_11_n_0
    SLICE_X8Y7           LUT3 (Prop_lut3_I2_O)        0.124     9.395 r  cpu_inst/data_mem_inst/i__carry__2_i_2/O
                         net (fo=7, routed)           0.851    10.246    cpu_inst/data_mem_inst/ex_mem_reg_reg[alu_result][14]
    SLICE_X8Y9           LUT6 (Prop_lut6_I0_O)        0.124    10.370 r  cpu_inst/data_mem_inst/i__carry__0_i_4/O
                         net (fo=1, routed)           0.000    10.370    cpu_inst/data_mem_inst_n_208
    SLICE_X8Y9           CARRY4 (Prop_carry4_S[0]_CO[3])
                                                      0.513    10.883 r  cpu_inst/ex_branch_taken0_inferred__0/i__carry__0/CO[3]
                         net (fo=1, routed)           0.000    10.883    cpu_inst/ex_branch_taken0_inferred__0/i__carry__0_n_0
    SLICE_X8Y10          CARRY4 (Prop_carry4_CI_CO[2])
                                                      0.229    11.112 f  cpu_inst/ex_branch_taken0_inferred__0/i__carry__1/CO[2]
                         net (fo=39, routed)          0.633    11.745    cpu_inst/data_mem_inst/CO[0]
    SLICE_X8Y12          LUT6 (Prop_lut6_I5_O)        0.310    12.055 r  cpu_inst/data_mem_inst/id_ex_reg[imm_ext][12]_i_2_comp/O
                         net (fo=8, routed)           0.589    12.644    cpu_inst/data_mem_inst/id_ex_reg[imm_ext][12]_i_2_n_0
    SLICE_X9Y16          LUT4 (Prop_lut4_I2_O)        0.124    12.768 r  cpu_inst/data_mem_inst/id_ex_reg[operand_a][31]_i_1/O
                         net (fo=32, routed)          0.518    13.286    cpu_inst/data_mem_inst_n_163
    SLICE_X10Y15         FDRE                                         r  cpu_inst/id_ex_reg_reg[operand_a][11]/R
  -------------------------------------------------------------------    -------------------

                         (clock sys_clk_pin rise edge)
                                                      9.100     9.100 r  <hidden>
                         propagated clock network latency
                                                      4.786    13.886    <hidden>
                         clock pessimism              0.260    14.146    <hidden>
                         clock uncertainty           -0.035    14.111    <hidden>
    SLICE_X10Y15         FDRE (Setup_fdre_C_R)       -0.524    13.587    cpu_inst/id_ex_reg_reg[operand_a][11]
  -------------------------------------------------------------------
                         required time                         13.587    <hidden>
                         arrival time                         -13.286    <hidden>
  -------------------------------------------------------------------
                         slack                                  0.301    <hidden>

Slack (MET) :             0.301ns  (required time - arrival time)
  Source:                 cpu_inst/data_mem_inst/mem_reg/CLKARDCLK
                            (rising edge-triggered cell RAMB18E1 clocked by sys_clk_pin  {rise@0.000ns fall@4.550ns period=9.100ns})
  Destination:            cpu_inst/id_ex_reg_reg[operand_a][16]/R
                            (rising edge-triggered cell FDRE clocked by sys_clk_pin  {rise@0.000ns fall@4.550ns period=9.100ns})
  Path Group:             sys_clk_pin
  Path Type:              Setup (Max at Slow Process Corner)
  Requirement:            9.100ns  (sys_clk_pin rise@9.100ns - sys_clk_pin rise@0.000ns)
  Data Path Delay:        8.154ns  (logic 4.002ns (49.083%)  route 4.152ns (50.917%))
  Logic Levels:           7  (CARRY4=2 LUT3=1 LUT4=1 LUT5=1 LUT6=2)
  Clock Path Skew:        -0.086ns (DCD - SCD + CPR)
    Destination Clock Delay (DCD):    4.786ns = ( 13.886 - 9.100 ) 
    Source Clock Delay      (SCD):    5.133ns
    Clock Pessimism Removal (CPR):    0.260ns
  Clock Uncertainty:      0.035ns  ((TSJ^2 + TIJ^2)^1/2 + DJ) / 2 + PE
    Total System Jitter     (TSJ):    0.071ns
    Total Input Jitter      (TIJ):    0.000ns
    Discrete Jitter          (DJ):    0.000ns
    Phase Error              (PE):    0.000ns

    Location             Delay type                Incr(ns)  Path(ns)    Netlist Resource(s)
  -------------------------------------------------------------------    -------------------
                         (clock sys_clk_pin rise edge)
                                                      0.000     0.000 r  <hidden>
                         propagated clock network latency
                                                      5.133     5.133    <hidden>
    RAMB18_X0Y1          RAMB18E1                     0.000     5.133 r  cpu_inst/data_mem_inst/mem_reg/CLKARDCLK
    RAMB18_X0Y1          RAMB18E1 (Prop_ramb18e1_CLKARDCLK_DOADO[14])
                                                      2.454     7.587 r  cpu_inst/data_mem_inst/mem_reg/DOADO[14]
                         net (fo=5, routed)           0.798     8.385    cpu_inst/data_mem_inst/mem_reg_n_1
    SLICE_X11Y4          LUT5 (Prop_lut5_I0_O)        0.124     8.509 r  cpu_inst/data_mem_inst/i__carry__2_i_11/O
                         net (fo=1, routed)           0.762     9.271    cpu_inst/data_mem_inst/i__carry__2_i_11_n_0
    SLICE_X8Y7           LUT3 (Prop_lut3_I2_O)        0.124     9.395 r  cpu_inst/data_mem_inst/i__carry__2_i_2/O
                         net (fo=7, routed)           0.851    10.246    cpu_inst/data_mem_inst/ex_mem_reg_reg[alu_result][14]
    SLICE_X8Y9           LUT6 (Prop_lut6_I0_O)        0.124    10.370 r  cpu_inst/data_mem_inst/i__carry__0_i_4/O
                         net (fo=1, routed)           0.000    10.370    cpu_inst/data_mem_inst_n_208
    SLICE_X8Y9           CARRY4 (Prop_carry4_S[0]_CO[3])
                                                      0.513    10.883 r  cpu_inst/ex_branch_taken0_inferred__0/i__carry__0/CO[3]
                         net (fo=1, routed)           0.000    10.883    cpu_inst/ex_branch_taken0_inferred__0/i__carry__0_n_0
    SLICE_X8Y10          CARRY4 (Prop_carry4_CI_CO[2])
                                                      0.229    11.112 f  cpu_inst/ex_branch_taken0_inferred__0/i__carry__1/CO[2]
                         net (fo=39, routed)          0.633    11.745    cpu_inst/data_mem_inst/CO[0]
    SLICE_X8Y12          LUT6 (Prop_lut6_I5_O)        0.310    12.055 r  cpu_inst/data_mem_inst/id_ex_reg[imm_ext][12]_i_2_comp/O
                         net (fo=8, routed)           0.589    12.644    cpu_inst/data_mem_inst/id_ex_reg[imm_ext][12]_i_2_n_0
    SLICE_X9Y16          LUT4 (Prop_lut4_I2_O)        0.124    12.768 r  cpu_inst/data_mem_inst/id_ex_reg[operand_a][31]_i_1/O
                         net (fo=32, routed)          0.518    13.286    cpu_inst/data_mem_inst_n_163
    SLICE_X10Y15         FDRE                                         r  cpu_inst/id_ex_reg_reg[operand_a][16]/R
  -------------------------------------------------------------------    -------------------

                         (clock sys_clk_pin rise edge)
                                                      9.100     9.100 r  <hidden>
                         propagated clock network latency
                                                      4.786    13.886    <hidden>
                         clock pessimism              0.260    14.146    <hidden>
                         clock uncertainty           -0.035    14.111    <hidden>
    SLICE_X10Y15         FDRE (Setup_fdre_C_R)       -0.524    13.587    cpu_inst/id_ex_reg_reg[operand_a][16]
  -------------------------------------------------------------------
                         required time                         13.587    <hidden>
                         arrival time                         -13.286    <hidden>
  -------------------------------------------------------------------
                         slack                                  0.301    <hidden>

Slack (MET) :             0.304ns  (required time - arrival time)
  Source:                 cpu_inst/mem_wb_reg_reg[rd][3]_replica/C
                            (rising edge-triggered cell FDRE clocked by sys_clk_pin  {rise@0.000ns fall@4.550ns period=9.100ns})
  Destination:            cpu_inst/ex_mem_reg_reg[alu_result][25]/D
                            (rising edge-triggered cell FDRE clocked by sys_clk_pin  {rise@0.000ns fall@4.550ns period=9.100ns})
  Path Group:             sys_clk_pin
  Path Type:              Setup (Max at Slow Process Corner)
  Requirement:            9.100ns  (sys_clk_pin rise@9.100ns - sys_clk_pin rise@0.000ns)
  Data Path Delay:        8.761ns  (logic 2.618ns (29.881%)  route 6.143ns (70.119%))
  Logic Levels:           12  (CARRY4=5 LUT2=1 LUT3=1 LUT4=1 LUT5=1 LUT6=3)
  Clock Path Skew:        -0.030ns (DCD - SCD + CPR)
    Destination Clock Delay (DCD):    4.784ns = ( 13.884 - 9.100 ) 
    Source Clock Delay      (SCD):    5.088ns
    Clock Pessimism Removal (CPR):    0.274ns
  Clock Uncertainty:      0.035ns  ((TSJ^2 + TIJ^2)^1/2 + DJ) / 2 + PE
    Total System Jitter     (TSJ):    0.071ns
    Total Input Jitter      (TIJ):    0.000ns
    Discrete Jitter          (DJ):    0.000ns
    Phase Error              (PE):    0.000ns

    Location             Delay type                Incr(ns)  Path(ns)    Netlist Resource(s)
  -------------------------------------------------------------------    -------------------
                         (clock sys_clk_pin rise edge)
                                                      0.000     0.000 r  <hidden>
                         propagated clock network latency
                                                      5.088     5.088    <hidden>
    SLICE_X12Y10         FDRE                         0.000     5.088 r  cpu_inst/mem_wb_reg_reg[rd][3]_replica/C
    SLICE_X12Y10         FDRE (Prop_fdre_C_Q)         0.518     5.606 r  cpu_inst/mem_wb_reg_reg[rd][3]_replica/Q
                         net (fo=2, routed)           0.613     6.219    cpu_inst/mem_wb_reg_reg[rd][3]_repN
    SLICE_X15Y8          LUT2 (Prop_lut2_I0_O)        0.124     6.343 f  cpu_inst/i__carry__2_i_18/O
                         net (fo=2, routed)           0.964     7.307    cpu_inst/i__carry__2_i_18_n_0
    SLICE_X13Y10         LUT6 (Prop_lut6_I5_O)        0.124     7.431 r  cpu_inst/i__carry__2_i_17/O
                         net (fo=32, routed)          0.978     8.409    cpu_inst/data_mem_inst/i__carry__6_i_12_1
    SLICE_X15Y3          LUT5 (Prop_lut5_I1_O)        0.124     8.533 r  cpu_inst/data_mem_inst/i__carry__1_i_9/O
                         net (fo=2, routed)           0.969     9.502    cpu_inst/data_mem_inst/i__carry__1_i_9_n_0
    SLICE_X9Y16          LUT3 (Prop_lut3_I2_O)        0.124     9.626 r  cpu_inst/data_mem_inst/i__carry__1_i_1/O
                         net (fo=4, routed)           1.041    10.667    cpu_inst/data_mem_inst/ex_mem_reg_reg[alu_result][11]
    SLICE_X12Y10         LUT4 (Prop_lut4_I0_O)        0.124    10.791 r  cpu_inst/data_mem_inst/ex_mem_reg[alu_result][11]_i_3/O
                         net (fo=2, routed)           0.000    10.791    cpu_inst/data_mem_inst_n_8
    SLICE_X12Y10         CARRY4 (Prop_carry4_S[3]_CO[3])
                                                      0.376    11.167 r  cpu_inst/p_0_out_inferred__2/i__carry__1/CO[3]
                         net (fo=1, routed)           0.000    11.167    cpu_inst/p_0_out_inferred__2/i__carry__1_n_0
    SLICE_X12Y11         CARRY4 (Prop_carry4_CI_CO[3])
                                                      0.117    11.284 r  cpu_inst/p_0_out_inferred__2/i__carry__2/CO[3]
                         net (fo=1, routed)           0.000    11.284    cpu_inst/p_0_out_inferred__2/i__carry__2_n_0
    SLICE_X12Y12         CARRY4 (Prop_carry4_CI_CO[3])
                                                      0.117    11.401 r  cpu_inst/p_0_out_inferred__2/i__carry__3/CO[3]
                         net (fo=1, routed)           0.000    11.401    cpu_inst/p_0_out_inferred__2/i__carry__3_n_0
    SLICE_X12Y13         CARRY4 (Prop_carry4_CI_CO[3])
                                                      0.117    11.518 r  cpu_inst/p_0_out_inferred__2/i__carry__4/CO[3]
                         net (fo=1, routed)           0.000    11.518    cpu_inst/p_0_out_inferred__2/i__carry__4_n_0
    SLICE_X12Y14         CARRY4 (Prop_carry4_CI_O[1])
                                                      0.323    11.841 r  cpu_inst/p_0_out_inferred__2/i__carry__5/O[1]
                         net (fo=1, routed)           0.791    12.633    cpu_inst/p_0_out_inferred__2/i__carry__5_n_6
    SLICE_X11Y7          LUT6 (Prop_lut6_I0_O)        0.306    12.939 r  cpu_inst/ex_mem_reg[alu_result][25]_i_3/O
                         net (fo=1, routed)           0.787    13.726    cpu_inst/data_mem_inst/ex_mem_reg_reg[alu_result][25]_0
    SLICE_X13Y16         LUT6 (Prop_lut6_I3_O)        0.124    13.850 r  cpu_inst/data_mem_inst/ex_mem_reg[alu_result][25]_i_1/O
                         net (fo=1, routed)           0.000    13.850    cpu_inst/ex_alu_result[25]
    SLICE_X13Y16         FDRE                                         r  cpu_inst/ex_mem_reg_reg[alu_result][25]/D
  -------------------------------------------------------------------    -------------------

                         (clock sys_clk_pin rise edge)
                                                      9.100     9.100 r  <hidden>
                         propagated clock network latency
                                                      4.784    13.884    <hidden>
                         clock pessimism              0.274    14.158    <hidden>
                         clock uncertainty           -0.035    14.123    <hidden>
    SLICE_X13Y16         FDRE (Setup_fdre_C_D)        0.031    14.154    cpu_inst/ex_mem_reg_reg[alu_result][25]
  -------------------------------------------------------------------
                         required time                         14.154    <hidden>
                         arrival time                         -13.850    <hidden>
  -------------------------------------------------------------------
                         slack                                  0.304    <hidden>

Slack (MET) :             0.322ns  (required time - arrival time)
  Source:                 cpu_inst/data_mem_inst/mem_reg/CLKARDCLK
                            (rising edge-triggered cell RAMB18E1 clocked by sys_clk_pin  {rise@0.000ns fall@4.550ns period=9.100ns})
  Destination:            cpu_inst/id_ex_reg_reg[operand_a][0]/CE
                            (rising edge-triggered cell FDRE clocked by sys_clk_pin  {rise@0.000ns fall@4.550ns period=9.100ns})
  Path Group:             sys_clk_pin
  Path Type:              Setup (Max at Slow Process Corner)
  Requirement:            9.100ns  (sys_clk_pin rise@9.100ns - sys_clk_pin rise@0.000ns)
  Data Path Delay:        8.487ns  (logic 4.002ns (47.152%)  route 4.485ns (52.848%))
  Logic Levels:           7  (CARRY4=2 LUT2=1 LUT3=1 LUT5=1 LUT6=2)
  Clock Path Skew:        -0.086ns (DCD - SCD + CPR)
    Destination Clock Delay (DCD):    4.786ns = ( 13.886 - 9.100 ) 
    Source Clock Delay      (SCD):    5.133ns
    Clock Pessimism Removal (CPR):    0.260ns
  Clock Uncertainty:      0.035ns  ((TSJ^2 + TIJ^2)^1/2 + DJ) / 2 + PE
    Total System Jitter     (TSJ):    0.071ns
    Total Input Jitter      (TIJ):    0.000ns
    Discrete Jitter          (DJ):    0.000ns
    Phase Error              (PE):    0.000ns

    Location             Delay type                Incr(ns)  Path(ns)    Netlist Resource(s)
  -------------------------------------------------------------------    -------------------
                         (clock sys_clk_pin rise edge)
                                                      0.000     0.000 r  <hidden>
                         propagated clock network latency
                                                      5.133     5.133    <hidden>
    RAMB18_X0Y1          RAMB18E1                     0.000     5.133 r  cpu_inst/data_mem_inst/mem_reg/CLKARDCLK
    RAMB18_X0Y1          RAMB18E1 (Prop_ramb18e1_CLKARDCLK_DOADO[14])
                                                      2.454     7.587 r  cpu_inst/data_mem_inst/mem_reg/DOADO[14]
                         net (fo=5, routed)           0.798     8.385    cpu_inst/data_mem_inst/mem_reg_n_1
    SLICE_X11Y4          LUT5 (Prop_lut5_I0_O)        0.124     8.509 r  cpu_inst/data_mem_inst/i__carry__2_i_11/O
                         net (fo=1, routed)           0.762     9.271    cpu_inst/data_mem_inst/i__carry__2_i_11_n_0
    SLICE_X8Y7           LUT3 (Prop_lut3_I2_O)        0.124     9.395 r  cpu_inst/data_mem_inst/i__carry__2_i_2/O
                         net (fo=7, routed)           0.851    10.246    cpu_inst/data_mem_inst/ex_mem_reg_reg[alu_result][14]
    SLICE_X8Y9           LUT6 (Prop_lut6_I0_O)        0.124    10.370 r  cpu_inst/data_mem_inst/i__carry__0_i_4/O
                         net (fo=1, routed)           0.000    10.370    cpu_inst/data_mem_inst_n_208
    SLICE_X8Y9           CARRY4 (Prop_carry4_S[0]_CO[3])
                                                      0.513    10.883 r  cpu_inst/ex_branch_taken0_inferred__0/i__carry__0/CO[3]
                         net (fo=1, routed)           0.000    10.883    cpu_inst/ex_branch_taken0_inferred__0/i__carry__0_n_0
    SLICE_X8Y10          CARRY4 (Prop_carry4_CI_CO[2])
                                                      0.229    11.112 f  cpu_inst/ex_branch_taken0_inferred__0/i__carry__1/CO[2]
                         net (fo=39, routed)          0.633    11.745    cpu_inst/data_mem_inst/CO[0]
    SLICE_X8Y12          LUT6 (Prop_lut6_I5_O)        0.310    12.055 r  cpu_inst/data_mem_inst/id_ex_reg[imm_ext][12]_i_2_comp/O
                         net (fo=8, routed)           0.529    12.584    cpu_inst/data_mem_inst/id_ex_reg[imm_ext][12]_i_2_n_0
    SLICE_X13Y12         LUT2 (Prop_lut2_I0_O)        0.124    12.708 r  cpu_inst/data_mem_inst/id_ex_reg[imm_ext][12]_i_1/O
                         net (fo=131, routed)         0.912    13.620    cpu_inst/data_mem_inst_n_14
    SLICE_X10Y15         FDRE                                         r  cpu_inst/id_ex_reg_reg[operand_a][0]/CE
  -------------------------------------------------------------------    -------------------

                         (clock sys_clk_pin rise edge)
                                                      9.100     9.100 r  <hidden>
                         propagated clock network latency
                                                      4.786    13.886    <hidden>
                         clock pessimism              0.260    14.146    <hidden>
                         clock uncertainty           -0.035    14.111    <hidden>
    SLICE_X10Y15         FDRE (Setup_fdre_C_CE)      -0.169    13.942    cpu_inst/id_ex_reg_reg[operand_a][0]
  -------------------------------------------------------------------
                         required time                         13.942    <hidden>
                         arrival time                         -13.620    <hidden>
  -------------------------------------------------------------------
                         slack                                  0.322    <hidden>

Slack (MET) :             0.322ns  (required time - arrival time)
  Source:                 cpu_inst/data_mem_inst/mem_reg/CLKARDCLK
                            (rising edge-triggered cell RAMB18E1 clocked by sys_clk_pin  {rise@0.000ns fall@4.550ns period=9.100ns})
  Destination:            cpu_inst/id_ex_reg_reg[operand_a][11]/CE
                            (rising edge-triggered cell FDRE clocked by sys_clk_pin  {rise@0.000ns fall@4.550ns period=9.100ns})
  Path Group:             sys_clk_pin
  Path Type:              Setup (Max at Slow Process Corner)
  Requirement:            9.100ns  (sys_clk_pin rise@9.100ns - sys_clk_pin rise@0.000ns)
  Data Path Delay:        8.487ns  (logic 4.002ns (47.152%)  route 4.485ns (52.848%))
  Logic Levels:           7  (CARRY4=2 LUT2=1 LUT3=1 LUT5=1 LUT6=2)
  Clock Path Skew:        -0.086ns (DCD - SCD + CPR)
    Destination Clock Delay (DCD):    4.786ns = ( 13.886 - 9.100 ) 
    Source Clock Delay      (SCD):    5.133ns
    Clock Pessimism Removal (CPR):    0.260ns
  Clock Uncertainty:      0.035ns  ((TSJ^2 + TIJ^2)^1/2 + DJ) / 2 + PE
    Total System Jitter     (TSJ):    0.071ns
    Total Input Jitter      (TIJ):    0.000ns
    Discrete Jitter          (DJ):    0.000ns
    Phase Error              (PE):    0.000ns

    Location             Delay type                Incr(ns)  Path(ns)    Netlist Resource(s)
  -------------------------------------------------------------------    -------------------
                         (clock sys_clk_pin rise edge)
                                                      0.000     0.000 r  <hidden>
                         propagated clock network latency
                                                      5.133     5.133    <hidden>
    RAMB18_X0Y1          RAMB18E1                     0.000     5.133 r  cpu_inst/data_mem_inst/mem_reg/CLKARDCLK
    RAMB18_X0Y1          RAMB18E1 (Prop_ramb18e1_CLKARDCLK_DOADO[14])
                                                      2.454     7.587 r  cpu_inst/data_mem_inst/mem_reg/DOADO[14]
                         net (fo=5, routed)           0.798     8.385    cpu_inst/data_mem_inst/mem_reg_n_1
    SLICE_X11Y4          LUT5 (Prop_lut5_I0_O)        0.124     8.509 r  cpu_inst/data_mem_inst/i__carry__2_i_11/O
                         net (fo=1, routed)           0.762     9.271    cpu_inst/data_mem_inst/i__carry__2_i_11_n_0
    SLICE_X8Y7           LUT3 (Prop_lut3_I2_O)        0.124     9.395 r  cpu_inst/data_mem_inst/i__carry__2_i_2/O
                         net (fo=7, routed)           0.851    10.246    cpu_inst/data_mem_inst/ex_mem_reg_reg[alu_result][14]
    SLICE_X8Y9           LUT6 (Prop_lut6_I0_O)        0.124    10.370 r  cpu_inst/data_mem_inst/i__carry__0_i_4/O
                         net (fo=1, routed)           0.000    10.370    cpu_inst/data_mem_inst_n_208
    SLICE_X8Y9           CARRY4 (Prop_carry4_S[0]_CO[3])
                                                      0.513    10.883 r  cpu_inst/ex_branch_taken0_inferred__0/i__carry__0/CO[3]
                         net (fo=1, routed)           0.000    10.883    cpu_inst/ex_branch_taken0_inferred__0/i__carry__0_n_0
    SLICE_X8Y10          CARRY4 (Prop_carry4_CI_CO[2])
                                                      0.229    11.112 f  cpu_inst/ex_branch_taken0_inferred__0/i__carry__1/CO[2]
                         net (fo=39, routed)          0.633    11.745    cpu_inst/data_mem_inst/CO[0]
    SLICE_X8Y12          LUT6 (Prop_lut6_I5_O)        0.310    12.055 r  cpu_inst/data_mem_inst/id_ex_reg[imm_ext][12]_i_2_comp/O
                         net (fo=8, routed)           0.529    12.584    cpu_inst/data_mem_inst/id_ex_reg[imm_ext][12]_i_2_n_0
    SLICE_X13Y12         LUT2 (Prop_lut2_I0_O)        0.124    12.708 r  cpu_inst/data_mem_inst/id_ex_reg[imm_ext][12]_i_1/O
                         net (fo=131, routed)         0.912    13.620    cpu_inst/data_mem_inst_n_14
    SLICE_X10Y15         FDRE                                         r  cpu_inst/id_ex_reg_reg[operand_a][11]/CE
  -------------------------------------------------------------------    -------------------

                         (clock sys_clk_pin rise edge)
                                                      9.100     9.100 r  <hidden>
                         propagated clock network latency
                                                      4.786    13.886    <hidden>
                         clock pessimism              0.260    14.146    <hidden>
                         clock uncertainty           -0.035    14.111    <hidden>
    SLICE_X10Y15         FDRE (Setup_fdre_C_CE)      -0.169    13.942    cpu_inst/id_ex_reg_reg[operand_a][11]
  -------------------------------------------------------------------
                         required time                         13.942    <hidden>
                         arrival time                         -13.620    <hidden>
  -------------------------------------------------------------------
                         slack                                  0.322    <hidden>

Slack (MET) :             0.322ns  (required time - arrival time)
  Source:                 cpu_inst/data_mem_inst/mem_reg/CLKARDCLK
                            (rising edge-triggered cell RAMB18E1 clocked by sys_clk_pin  {rise@0.000ns fall@4.550ns period=9.100ns})
  Destination:            cpu_inst/id_ex_reg_reg[operand_a][16]/CE
                            (rising edge-triggered cell FDRE clocked by sys_clk_pin  {rise@0.000ns fall@4.550ns period=9.100ns})
  Path Group:             sys_clk_pin
  Path Type:              Setup (Max at Slow Process Corner)
  Requirement:            9.100ns  (sys_clk_pin rise@9.100ns - sys_clk_pin rise@0.000ns)
  Data Path Delay:        8.487ns  (logic 4.002ns (47.152%)  route 4.485ns (52.848%))
  Logic Levels:           7  (CARRY4=2 LUT2=1 LUT3=1 LUT5=1 LUT6=2)
  Clock Path Skew:        -0.086ns (DCD - SCD + CPR)
    Destination Clock Delay (DCD):    4.786ns = ( 13.886 - 9.100 ) 
    Source Clock Delay      (SCD):    5.133ns
    Clock Pessimism Removal (CPR):    0.260ns
  Clock Uncertainty:      0.035ns  ((TSJ^2 + TIJ^2)^1/2 + DJ) / 2 + PE
    Total System Jitter     (TSJ):    0.071ns
    Total Input Jitter      (TIJ):    0.000ns
    Discrete Jitter          (DJ):    0.000ns
    Phase Error              (PE):    0.000ns

    Location             Delay type                Incr(ns)  Path(ns)    Netlist Resource(s)
  -------------------------------------------------------------------    -------------------
                         (clock sys_clk_pin rise edge)
                                                      0.000     0.000 r  <hidden>
                         propagated clock network latency
                                                      5.133     5.133    <hidden>
    RAMB18_X0Y1          RAMB18E1                     0.000     5.133 r  cpu_inst/data_mem_inst/mem_reg/CLKARDCLK
    RAMB18_X0Y1          RAMB18E1 (Prop_ramb18e1_CLKARDCLK_DOADO[14])
                                                      2.454     7.587 r  cpu_inst/data_mem_inst/mem_reg/DOADO[14]
                         net (fo=5, routed)           0.798     8.385    cpu_inst/data_mem_inst/mem_reg_n_1
    SLICE_X11Y4          LUT5 (Prop_lut5_I0_O)        0.124     8.509 r  cpu_inst/data_mem_inst/i__carry__2_i_11/O
                         net (fo=1, routed)           0.762     9.271    cpu_inst/data_mem_inst/i__carry__2_i_11_n_0
    SLICE_X8Y7           LUT3 (Prop_lut3_I2_O)        0.124     9.395 r  cpu_inst/data_mem_inst/i__carry__2_i_2/O
                         net (fo=7, routed)           0.851    10.246    cpu_inst/data_mem_inst/ex_mem_reg_reg[alu_result][14]
    SLICE_X8Y9           LUT6 (Prop_lut6_I0_O)        0.124    10.370 r  cpu_inst/data_mem_inst/i__carry__0_i_4/O
                         net (fo=1, routed)           0.000    10.370    cpu_inst/data_mem_inst_n_208
    SLICE_X8Y9           CARRY4 (Prop_carry4_S[0]_CO[3])
                                                      0.513    10.883 r  cpu_inst/ex_branch_taken0_inferred__0/i__carry__0/CO[3]
                         net (fo=1, routed)           0.000    10.883    cpu_inst/ex_branch_taken0_inferred__0/i__carry__0_n_0
    SLICE_X8Y10          CARRY4 (Prop_carry4_CI_CO[2])
                                                      0.229    11.112 f  cpu_inst/ex_branch_taken0_inferred__0/i__carry__1/CO[2]
                         net (fo=39, routed)          0.633    11.745    cpu_inst/data_mem_inst/CO[0]
    SLICE_X8Y12          LUT6 (Prop_lut6_I5_O)        0.310    12.055 r  cpu_inst/data_mem_inst/id_ex_reg[imm_ext][12]_i_2_comp/O
                         net (fo=8, routed)           0.529    12.584    cpu_inst/data_mem_inst/id_ex_reg[imm_ext][12]_i_2_n_0
    SLICE_X13Y12         LUT2 (Prop_lut2_I0_O)        0.124    12.708 r  cpu_inst/data_mem_inst/id_ex_reg[imm_ext][12]_i_1/O
                         net (fo=131, routed)         0.912    13.620    cpu_inst/data_mem_inst_n_14
    SLICE_X10Y15         FDRE                                         r  cpu_inst/id_ex_reg_reg[operand_a][16]/CE
  -------------------------------------------------------------------    -------------------

                         (clock sys_clk_pin rise edge)
                                                      9.100     9.100 r  <hidden>
                         propagated clock network latency
                                                      4.786    13.886    <hidden>
                         clock pessimism              0.260    14.146    <hidden>
                         clock uncertainty           -0.035    14.111    <hidden>
    SLICE_X10Y15         FDRE (Setup_fdre_C_CE)      -0.169    13.942    cpu_inst/id_ex_reg_reg[operand_a][16]
  -------------------------------------------------------------------
                         required time                         13.942    <hidden>
                         arrival time                         -13.620    <hidden>
  -------------------------------------------------------------------
                         slack                                  0.322    <hidden>

Slack (MET) :             0.329ns  (required time - arrival time)
  Source:                 cpu_inst/data_mem_inst/mem_reg/CLKARDCLK
                            (rising edge-triggered cell RAMB18E1 clocked by sys_clk_pin  {rise@0.000ns fall@4.550ns period=9.100ns})
  Destination:            cpu_inst/id_ex_reg_reg[operand_a][1]/CE
                            (rising edge-triggered cell FDRE clocked by sys_clk_pin  {rise@0.000ns fall@4.550ns period=9.100ns})
  Path Group:             sys_clk_pin
  Path Type:              Setup (Max at Slow Process Corner)
  Requirement:            9.100ns  (sys_clk_pin rise@9.100ns - sys_clk_pin rise@0.000ns)
  Data Path Delay:        8.443ns  (logic 4.002ns (47.399%)  route 4.441ns (52.601%))
  Logic Levels:           7  (CARRY4=2 LUT2=1 LUT3=1 LUT5=1 LUT6=2)
  Clock Path Skew:        -0.087ns (DCD - SCD + CPR)
    Destination Clock Delay (DCD):    4.785ns = ( 13.885 - 9.100 ) 
    Source Clock Delay      (SCD):    5.133ns
    Clock Pessimism Removal (CPR):    0.260ns
  Clock Uncertainty:      0.035ns  ((TSJ^2 + TIJ^2)^1/2 + DJ) / 2 + PE
    Total System Jitter     (TSJ):    0.071ns
    Total Input Jitter      (TIJ):    0.000ns
    Discrete Jitter          (DJ):    0.000ns
    Phase Error              (PE):    0.000ns

    Location             Delay type                Incr(ns)  Path(ns)    Netlist Resource(s)
  -------------------------------------------------------------------    -------------------
                         (clock sys_clk_pin rise edge)
                                                      0.000     0.000 r  <hidden>
                         propagated clock network latency
                                                      5.133     5.133    <hidden>
    RAMB18_X0Y1          RAMB18E1                     0.000     5.133 r  cpu_inst/data_mem_inst/mem_reg/CLKARDCLK
    RAMB18_X0Y1          RAMB18E1 (Prop_ramb18e1_CLKARDCLK_DOADO[14])
                                                      2.454     7.587 r  cpu_inst/data_mem_inst/mem_reg/DOADO[14]
                         net (fo=5, routed)           0.798     8.385    cpu_inst/data_mem_inst/mem_reg_n_1
    SLICE_X11Y4          LUT5 (Prop_lut5_I0_O)        0.124     8.509 r  cpu_inst/data_mem_inst/i__carry__2_i_11/O
                         net (fo=1, routed)           0.762     9.271    cpu_inst/data_mem_inst/i__carry__2_i_11_n_0
    SLICE_X8Y7           LUT3 (Prop_lut3_I2_O)        0.124     9.395 r  cpu_inst/data_mem_inst/i__carry__2_i_2/O
                         net (fo=7, routed)           0.851    10.246    cpu_inst/data_mem_inst/ex_mem_reg_reg[alu_result][14]
    SLICE_X8Y9           LUT6 (Prop_lut6_I0_O)        0.124    10.370 r  cpu_inst/data_mem_inst/i__carry__0_i_4/O
                         net (fo=1, routed)           0.000    10.370    cpu_inst/data_mem_inst_n_208
    SLICE_X8Y9           CARRY4 (Prop_carry4_S[0]_CO[3])
                                                      0.513    10.883 r  cpu_inst/ex_branch_taken0_inferred__0/i__carry__0/CO[3]
                         net (fo=1, routed)           0.000    10.883    cpu_inst/ex_branch_taken0_inferred__0/i__carry__0_n_0
    SLICE_X8Y10          CARRY4 (Prop_carry4_CI_CO[2])
                                                      0.229    11.112 f  cpu_inst/ex_branch_taken0_inferred__0/i__carry__1/CO[2]
                         net (fo=39, routed)          0.633    11.745    cpu_inst/data_mem_inst/CO[0]
    SLICE_X8Y12          LUT6 (Prop_lut6_I5_O)        0.310    12.055 r  cpu_inst/data_mem_inst/id_ex_reg[imm_ext][12]_i_2_comp/O
                         net (fo=8, routed)           0.529    12.584    cpu_inst/data_mem_inst/id_ex_reg[imm_ext][12]_i_2_n_0
    SLICE_X13Y12         LUT2 (Prop_lut2_I0_O)        0.124    12.708 r  cpu_inst/data_mem_inst/id_ex_reg[imm_ext][12]_i_1/O
                         net (fo=131, routed)         0.868    13.576    cpu_inst/data_mem_inst_n_14
    SLICE_X11Y16         FDRE                                         r  cpu_inst/id_ex_reg_reg[operand_a][1]/CE
  -------------------------------------------------------------------    -------------------

                         (clock sys_clk_pin rise edge)
                                                      9.100     9.100 r  <hidden>
                         propagated clock network latency
                                                      4.785    13.885    <hidden>
                         clock pessimism              0.260    14.145    <hidden>
                         clock uncertainty           -0.035    14.110    <hidden>
    SLICE_X11Y16         FDRE (Setup_fdre_C_CE)      -0.205    13.905    cpu_inst/id_ex_reg_reg[operand_a][1]
  -------------------------------------------------------------------
                         required time                         13.905    <hidden>
                         arrival time                         -13.576    <hidden>
  -------------------------------------------------------------------
                         slack                                  0.329    <hidden>




