Copyright 1986-2022 Xilinx, Inc. All Rights Reserved. Copyright 2022-2026 Advanced Micro Devices, Inc. All Rights Reserved.
-----------------------------------------------------------------------------------------------------------------------------------------------------------
| Tool Version : Vivado v.2026.1 (win64) Build 6511674 Tue Jun 16 11:02:23 MDT 2026
| Date         : Tue Jul 14 12:09:36 2026
| Host         : DESKTOP-4GB7DVJ running 64-bit major release  (build 9200)
| Command      : report_timing -max_paths 10 -path_type full -file reports/phase14g_impl/fanout_opt_6p500ns/timing/fpga_top_pipeline6_impl_worst_paths.rpt
| Design       : fpga_top_pipeline6
| Device       : 7a35t-cpg236
| Speed File   : -1  PRODUCTION 1.23 2018-06-13
| Design State : Physopt postRoute
-----------------------------------------------------------------------------------------------------------------------------------------------------------

Timing Report

Slack (MET) :             0.129ns  (required time - arrival time)
  Source:                 cpu_inst/op_ex_reg_reg[operand_a][7]/C
                            (rising edge-triggered cell FDRE clocked by sys_clk_pin  {rise@0.000ns fall@3.250ns period=6.500ns})
  Destination:            cpu_inst/op_ex_reg_reg[store_data][20]/R
                            (rising edge-triggered cell FDRE clocked by sys_clk_pin  {rise@0.000ns fall@3.250ns period=6.500ns})
  Path Group:             sys_clk_pin
  Path Type:              Setup (Max at Slow Process Corner)
  Requirement:            6.500ns  (sys_clk_pin rise@6.500ns - sys_clk_pin rise@0.000ns)
  Data Path Delay:        5.568ns  (logic 1.845ns (33.136%)  route 3.723ns (66.864%))
  Logic Levels:           6  (CARRY4=3 LUT4=1 LUT6=2)
  Clock Path Skew:        -0.042ns (DCD - SCD + CPR)
    Destination Clock Delay (DCD):    4.779ns = ( 11.279 - 6.500 ) 
    Source Clock Delay      (SCD):    5.081ns
    Clock Pessimism Removal (CPR):    0.260ns
  Clock Uncertainty:      0.035ns  ((TSJ^2 + TIJ^2)^1/2 + DJ) / 2 + PE
    Total System Jitter     (TSJ):    0.071ns
    Total Input Jitter      (TIJ):    0.000ns
    Discrete Jitter          (DJ):    0.000ns
    Phase Error              (PE):    0.000ns

    Location             Delay type                Incr(ns)  Path(ns)    Netlist Resource(s)
  -------------------------------------------------------------------    -------------------
                         (clock sys_clk_pin rise edge)
                                                      0.000     0.000 r  <hidden>
                         propagated clock network latency
                                                      5.081     5.081    <hidden>
    SLICE_X10Y17         FDRE                         0.000     5.081 r  cpu_inst/op_ex_reg_reg[operand_a][7]/C
    SLICE_X10Y17         FDRE (Prop_fdre_C_Q)         0.518     5.599 r  cpu_inst/op_ex_reg_reg[operand_a][7]/Q
                         net (fo=9, routed)           1.195     6.794    cpu_inst/op_ex_reg_reg[operand_a][7]
    SLICE_X7Y19          LUT6 (Prop_lut6_I2_O)        0.124     6.918 r  cpu_inst/branch_taken0_carry_i_2/O
                         net (fo=1, routed)           0.000     6.918    cpu_inst/branch_taken0_carry_i_2_n_0
    SLICE_X7Y19          CARRY4 (Prop_carry4_S[2]_CO[3])
                                                      0.398     7.316 r  cpu_inst/branch_taken0_carry/CO[3]
                         net (fo=1, routed)           0.000     7.316    cpu_inst/branch_taken0_carry_n_0
    SLICE_X7Y20          CARRY4 (Prop_carry4_CI_CO[3])
                                                      0.114     7.430 r  cpu_inst/branch_taken0_carry__0/CO[3]
                         net (fo=1, routed)           0.000     7.430    cpu_inst/branch_taken0_carry__0_n_0
    SLICE_X7Y21          CARRY4 (Prop_carry4_CI_CO[2])
                                                      0.228     7.658 r  cpu_inst/branch_taken0_carry__1/CO[2]
                         net (fo=1, routed)           0.439     8.097    cpu_inst/branch_taken0
    SLICE_X7Y18          LUT6 (Prop_lut6_I5_O)        0.313     8.410 r  cpu_inst/paused_response_instruction_reg[31]_i_3/O
                         net (fo=116, routed)         1.048     9.458    cpu_inst/redirect_valid__0
    SLICE_X7Y23          LUT4 (Prop_lut4_I0_O)        0.150     9.608 r  cpu_inst/op_ex_reg[imm_ext][14]_i_1/O
                         net (fo=119, routed)         1.041    10.649    cpu_inst/op_ex_reg[imm_ext][14]_i_1_n_0
    SLICE_X8Y28          FDRE                                         r  cpu_inst/op_ex_reg_reg[store_data][20]/R
  -------------------------------------------------------------------    -------------------

                         (clock sys_clk_pin rise edge)
                                                      6.500     6.500 r  <hidden>
                         propagated clock network latency
                                                      4.779    11.279    <hidden>
                         clock pessimism              0.260    11.539    <hidden>
                         clock uncertainty           -0.035    11.504    <hidden>
    SLICE_X8Y28          FDRE (Setup_fdre_C_R)       -0.726    10.778    cpu_inst/op_ex_reg_reg[store_data][20]
  -------------------------------------------------------------------
                         required time                         10.778    <hidden>
                         arrival time                         -10.649    <hidden>
  -------------------------------------------------------------------
                         slack                                  0.129    <hidden>

Slack (MET) :             0.222ns  (required time - arrival time)
  Source:                 cpu_inst/op_ex_reg_reg[operand_a][7]/C
                            (rising edge-triggered cell FDRE clocked by sys_clk_pin  {rise@0.000ns fall@3.250ns period=6.500ns})
  Destination:            cpu_inst/op_ex_reg_reg[store_data][18]/R
                            (rising edge-triggered cell FDRE clocked by sys_clk_pin  {rise@0.000ns fall@3.250ns period=6.500ns})
  Path Group:             sys_clk_pin
  Path Type:              Setup (Max at Slow Process Corner)
  Requirement:            6.500ns  (sys_clk_pin rise@6.500ns - sys_clk_pin rise@0.000ns)
  Data Path Delay:        5.487ns  (logic 1.845ns (33.624%)  route 3.642ns (66.376%))
  Logic Levels:           6  (CARRY4=3 LUT4=1 LUT6=2)
  Clock Path Skew:        -0.030ns (DCD - SCD + CPR)
    Destination Clock Delay (DCD):    4.778ns = ( 11.278 - 6.500 ) 
    Source Clock Delay      (SCD):    5.081ns
    Clock Pessimism Removal (CPR):    0.273ns
  Clock Uncertainty:      0.035ns  ((TSJ^2 + TIJ^2)^1/2 + DJ) / 2 + PE
    Total System Jitter     (TSJ):    0.071ns
    Total Input Jitter      (TIJ):    0.000ns
    Discrete Jitter          (DJ):    0.000ns
    Phase Error              (PE):    0.000ns

    Location             Delay type                Incr(ns)  Path(ns)    Netlist Resource(s)
  -------------------------------------------------------------------    -------------------
                         (clock sys_clk_pin rise edge)
                                                      0.000     0.000 r  <hidden>
                         propagated clock network latency
                                                      5.081     5.081    <hidden>
    SLICE_X10Y17         FDRE                         0.000     5.081 r  cpu_inst/op_ex_reg_reg[operand_a][7]/C
    SLICE_X10Y17         FDRE (Prop_fdre_C_Q)         0.518     5.599 r  cpu_inst/op_ex_reg_reg[operand_a][7]/Q
                         net (fo=9, routed)           1.195     6.794    cpu_inst/op_ex_reg_reg[operand_a][7]
    SLICE_X7Y19          LUT6 (Prop_lut6_I2_O)        0.124     6.918 r  cpu_inst/branch_taken0_carry_i_2/O
                         net (fo=1, routed)           0.000     6.918    cpu_inst/branch_taken0_carry_i_2_n_0
    SLICE_X7Y19          CARRY4 (Prop_carry4_S[2]_CO[3])
                                                      0.398     7.316 r  cpu_inst/branch_taken0_carry/CO[3]
                         net (fo=1, routed)           0.000     7.316    cpu_inst/branch_taken0_carry_n_0
    SLICE_X7Y20          CARRY4 (Prop_carry4_CI_CO[3])
                                                      0.114     7.430 r  cpu_inst/branch_taken0_carry__0/CO[3]
                         net (fo=1, routed)           0.000     7.430    cpu_inst/branch_taken0_carry__0_n_0
    SLICE_X7Y21          CARRY4 (Prop_carry4_CI_CO[2])
                                                      0.228     7.658 r  cpu_inst/branch_taken0_carry__1/CO[2]
                         net (fo=1, routed)           0.439     8.097    cpu_inst/branch_taken0
    SLICE_X7Y18          LUT6 (Prop_lut6_I5_O)        0.313     8.410 r  cpu_inst/paused_response_instruction_reg[31]_i_3/O
                         net (fo=116, routed)         1.048     9.458    cpu_inst/redirect_valid__0
    SLICE_X7Y23          LUT4 (Prop_lut4_I0_O)        0.150     9.608 r  cpu_inst/op_ex_reg[imm_ext][14]_i_1/O
                         net (fo=119, routed)         0.960    10.568    cpu_inst/op_ex_reg[imm_ext][14]_i_1_n_0
    SLICE_X10Y22         FDRE                                         r  cpu_inst/op_ex_reg_reg[store_data][18]/R
  -------------------------------------------------------------------    -------------------

                         (clock sys_clk_pin rise edge)
                                                      6.500     6.500 r  <hidden>
                         propagated clock network latency
                                                      4.778    11.278    <hidden>
                         clock pessimism              0.273    11.551    <hidden>
                         clock uncertainty           -0.035    11.516    <hidden>
    SLICE_X10Y22         FDRE (Setup_fdre_C_R)       -0.726    10.790    cpu_inst/op_ex_reg_reg[store_data][18]
  -------------------------------------------------------------------
                         required time                         10.790    <hidden>
                         arrival time                         -10.568    <hidden>
  -------------------------------------------------------------------
                         slack                                  0.222    <hidden>

Slack (MET) :             0.270ns  (required time - arrival time)
  Source:                 cpu_inst/op_ex_reg_reg[operand_a][7]/C
                            (rising edge-triggered cell FDRE clocked by sys_clk_pin  {rise@0.000ns fall@3.250ns period=6.500ns})
  Destination:            cpu_inst/op_ex_reg_reg[rd][1]/R
                            (rising edge-triggered cell FDRE clocked by sys_clk_pin  {rise@0.000ns fall@3.250ns period=6.500ns})
  Path Group:             sys_clk_pin
  Path Type:              Setup (Max at Slow Process Corner)
  Requirement:            6.500ns  (sys_clk_pin rise@6.500ns - sys_clk_pin rise@0.000ns)
  Data Path Delay:        5.596ns  (logic 1.845ns (32.971%)  route 3.751ns (67.029%))
  Logic Levels:           6  (CARRY4=3 LUT4=1 LUT6=2)
  Clock Path Skew:        0.032ns (DCD - SCD + CPR)
    Destination Clock Delay (DCD):    4.853ns = ( 11.353 - 6.500 ) 
    Source Clock Delay      (SCD):    5.081ns
    Clock Pessimism Removal (CPR):    0.260ns
  Clock Uncertainty:      0.035ns  ((TSJ^2 + TIJ^2)^1/2 + DJ) / 2 + PE
    Total System Jitter     (TSJ):    0.071ns
    Total Input Jitter      (TIJ):    0.000ns
    Discrete Jitter          (DJ):    0.000ns
    Phase Error              (PE):    0.000ns

    Location             Delay type                Incr(ns)  Path(ns)    Netlist Resource(s)
  -------------------------------------------------------------------    -------------------
                         (clock sys_clk_pin rise edge)
                                                      0.000     0.000 r  <hidden>
                         propagated clock network latency
                                                      5.081     5.081    <hidden>
    SLICE_X10Y17         FDRE                         0.000     5.081 r  cpu_inst/op_ex_reg_reg[operand_a][7]/C
    SLICE_X10Y17         FDRE (Prop_fdre_C_Q)         0.518     5.599 r  cpu_inst/op_ex_reg_reg[operand_a][7]/Q
                         net (fo=9, routed)           1.195     6.794    cpu_inst/op_ex_reg_reg[operand_a][7]
    SLICE_X7Y19          LUT6 (Prop_lut6_I2_O)        0.124     6.918 r  cpu_inst/branch_taken0_carry_i_2/O
                         net (fo=1, routed)           0.000     6.918    cpu_inst/branch_taken0_carry_i_2_n_0
    SLICE_X7Y19          CARRY4 (Prop_carry4_S[2]_CO[3])
                                                      0.398     7.316 r  cpu_inst/branch_taken0_carry/CO[3]
                         net (fo=1, routed)           0.000     7.316    cpu_inst/branch_taken0_carry_n_0
    SLICE_X7Y20          CARRY4 (Prop_carry4_CI_CO[3])
                                                      0.114     7.430 r  cpu_inst/branch_taken0_carry__0/CO[3]
                         net (fo=1, routed)           0.000     7.430    cpu_inst/branch_taken0_carry__0_n_0
    SLICE_X7Y21          CARRY4 (Prop_carry4_CI_CO[2])
                                                      0.228     7.658 r  cpu_inst/branch_taken0_carry__1/CO[2]
                         net (fo=1, routed)           0.439     8.097    cpu_inst/branch_taken0
    SLICE_X7Y18          LUT6 (Prop_lut6_I5_O)        0.313     8.410 r  cpu_inst/paused_response_instruction_reg[31]_i_3/O
                         net (fo=116, routed)         1.048     9.458    cpu_inst/redirect_valid__0
    SLICE_X7Y23          LUT4 (Prop_lut4_I0_O)        0.150     9.608 r  cpu_inst/op_ex_reg[imm_ext][14]_i_1/O
                         net (fo=119, routed)         1.069    10.677    cpu_inst/op_ex_reg[imm_ext][14]_i_1_n_0
    SLICE_X1Y16          FDRE                                         r  cpu_inst/op_ex_reg_reg[rd][1]/R
  -------------------------------------------------------------------    -------------------

                         (clock sys_clk_pin rise edge)
                                                      6.500     6.500 r  <hidden>
                         propagated clock network latency
                                                      4.853    11.353    <hidden>
                         clock pessimism              0.260    11.613    <hidden>
                         clock uncertainty           -0.035    11.578    <hidden>
    SLICE_X1Y16          FDRE (Setup_fdre_C_R)       -0.631    10.947    cpu_inst/op_ex_reg_reg[rd][1]
  -------------------------------------------------------------------
                         required time                         10.947    <hidden>
                         arrival time                         -10.677    <hidden>
  -------------------------------------------------------------------
                         slack                                  0.270    <hidden>

Slack (MET) :             0.270ns  (required time - arrival time)
  Source:                 cpu_inst/op_ex_reg_reg[operand_a][7]/C
                            (rising edge-triggered cell FDRE clocked by sys_clk_pin  {rise@0.000ns fall@3.250ns period=6.500ns})
  Destination:            cpu_inst/op_ex_reg_reg[rd][2]/R
                            (rising edge-triggered cell FDRE clocked by sys_clk_pin  {rise@0.000ns fall@3.250ns period=6.500ns})
  Path Group:             sys_clk_pin
  Path Type:              Setup (Max at Slow Process Corner)
  Requirement:            6.500ns  (sys_clk_pin rise@6.500ns - sys_clk_pin rise@0.000ns)
  Data Path Delay:        5.596ns  (logic 1.845ns (32.971%)  route 3.751ns (67.029%))
  Logic Levels:           6  (CARRY4=3 LUT4=1 LUT6=2)
  Clock Path Skew:        0.032ns (DCD - SCD + CPR)
    Destination Clock Delay (DCD):    4.853ns = ( 11.353 - 6.500 ) 
    Source Clock Delay      (SCD):    5.081ns
    Clock Pessimism Removal (CPR):    0.260ns
  Clock Uncertainty:      0.035ns  ((TSJ^2 + TIJ^2)^1/2 + DJ) / 2 + PE
    Total System Jitter     (TSJ):    0.071ns
    Total Input Jitter      (TIJ):    0.000ns
    Discrete Jitter          (DJ):    0.000ns
    Phase Error              (PE):    0.000ns

    Location             Delay type                Incr(ns)  Path(ns)    Netlist Resource(s)
  -------------------------------------------------------------------    -------------------
                         (clock sys_clk_pin rise edge)
                                                      0.000     0.000 r  <hidden>
                         propagated clock network latency
                                                      5.081     5.081    <hidden>
    SLICE_X10Y17         FDRE                         0.000     5.081 r  cpu_inst/op_ex_reg_reg[operand_a][7]/C
    SLICE_X10Y17         FDRE (Prop_fdre_C_Q)         0.518     5.599 r  cpu_inst/op_ex_reg_reg[operand_a][7]/Q
                         net (fo=9, routed)           1.195     6.794    cpu_inst/op_ex_reg_reg[operand_a][7]
    SLICE_X7Y19          LUT6 (Prop_lut6_I2_O)        0.124     6.918 r  cpu_inst/branch_taken0_carry_i_2/O
                         net (fo=1, routed)           0.000     6.918    cpu_inst/branch_taken0_carry_i_2_n_0
    SLICE_X7Y19          CARRY4 (Prop_carry4_S[2]_CO[3])
                                                      0.398     7.316 r  cpu_inst/branch_taken0_carry/CO[3]
                         net (fo=1, routed)           0.000     7.316    cpu_inst/branch_taken0_carry_n_0
    SLICE_X7Y20          CARRY4 (Prop_carry4_CI_CO[3])
                                                      0.114     7.430 r  cpu_inst/branch_taken0_carry__0/CO[3]
                         net (fo=1, routed)           0.000     7.430    cpu_inst/branch_taken0_carry__0_n_0
    SLICE_X7Y21          CARRY4 (Prop_carry4_CI_CO[2])
                                                      0.228     7.658 r  cpu_inst/branch_taken0_carry__1/CO[2]
                         net (fo=1, routed)           0.439     8.097    cpu_inst/branch_taken0
    SLICE_X7Y18          LUT6 (Prop_lut6_I5_O)        0.313     8.410 r  cpu_inst/paused_response_instruction_reg[31]_i_3/O
                         net (fo=116, routed)         1.048     9.458    cpu_inst/redirect_valid__0
    SLICE_X7Y23          LUT4 (Prop_lut4_I0_O)        0.150     9.608 r  cpu_inst/op_ex_reg[imm_ext][14]_i_1/O
                         net (fo=119, routed)         1.069    10.677    cpu_inst/op_ex_reg[imm_ext][14]_i_1_n_0
    SLICE_X1Y16          FDRE                                         r  cpu_inst/op_ex_reg_reg[rd][2]/R
  -------------------------------------------------------------------    -------------------

                         (clock sys_clk_pin rise edge)
                                                      6.500     6.500 r  <hidden>
                         propagated clock network latency
                                                      4.853    11.353    <hidden>
                         clock pessimism              0.260    11.613    <hidden>
                         clock uncertainty           -0.035    11.578    <hidden>
    SLICE_X1Y16          FDRE (Setup_fdre_C_R)       -0.631    10.947    cpu_inst/op_ex_reg_reg[rd][2]
  -------------------------------------------------------------------
                         required time                         10.947    <hidden>
                         arrival time                         -10.677    <hidden>
  -------------------------------------------------------------------
                         slack                                  0.270    <hidden>

Slack (MET) :             0.305ns  (required time - arrival time)
  Source:                 cpu_inst/op_ex_reg_reg[operand_a][7]/C
                            (rising edge-triggered cell FDRE clocked by sys_clk_pin  {rise@0.000ns fall@3.250ns period=6.500ns})
  Destination:            cpu_inst/op_ex_reg_reg[opcode][0]/R
                            (rising edge-triggered cell FDRE clocked by sys_clk_pin  {rise@0.000ns fall@3.250ns period=6.500ns})
  Path Group:             sys_clk_pin
  Path Type:              Setup (Max at Slow Process Corner)
  Requirement:            6.500ns  (sys_clk_pin rise@6.500ns - sys_clk_pin rise@0.000ns)
  Data Path Delay:        5.556ns  (logic 1.845ns (33.209%)  route 3.711ns (66.791%))
  Logic Levels:           6  (CARRY4=3 LUT4=1 LUT6=2)
  Clock Path Skew:        0.027ns (DCD - SCD + CPR)
    Destination Clock Delay (DCD):    4.848ns = ( 11.348 - 6.500 ) 
    Source Clock Delay      (SCD):    5.081ns
    Clock Pessimism Removal (CPR):    0.260ns
  Clock Uncertainty:      0.035ns  ((TSJ^2 + TIJ^2)^1/2 + DJ) / 2 + PE
    Total System Jitter     (TSJ):    0.071ns
    Total Input Jitter      (TIJ):    0.000ns
    Discrete Jitter          (DJ):    0.000ns
    Phase Error              (PE):    0.000ns

    Location             Delay type                Incr(ns)  Path(ns)    Netlist Resource(s)
  -------------------------------------------------------------------    -------------------
                         (clock sys_clk_pin rise edge)
                                                      0.000     0.000 r  <hidden>
                         propagated clock network latency
                                                      5.081     5.081    <hidden>
    SLICE_X10Y17         FDRE                         0.000     5.081 r  cpu_inst/op_ex_reg_reg[operand_a][7]/C
    SLICE_X10Y17         FDRE (Prop_fdre_C_Q)         0.518     5.599 r  cpu_inst/op_ex_reg_reg[operand_a][7]/Q
                         net (fo=9, routed)           1.195     6.794    cpu_inst/op_ex_reg_reg[operand_a][7]
    SLICE_X7Y19          LUT6 (Prop_lut6_I2_O)        0.124     6.918 r  cpu_inst/branch_taken0_carry_i_2/O
                         net (fo=1, routed)           0.000     6.918    cpu_inst/branch_taken0_carry_i_2_n_0
    SLICE_X7Y19          CARRY4 (Prop_carry4_S[2]_CO[3])
                                                      0.398     7.316 r  cpu_inst/branch_taken0_carry/CO[3]
                         net (fo=1, routed)           0.000     7.316    cpu_inst/branch_taken0_carry_n_0
    SLICE_X7Y20          CARRY4 (Prop_carry4_CI_CO[3])
                                                      0.114     7.430 r  cpu_inst/branch_taken0_carry__0/CO[3]
                         net (fo=1, routed)           0.000     7.430    cpu_inst/branch_taken0_carry__0_n_0
    SLICE_X7Y21          CARRY4 (Prop_carry4_CI_CO[2])
                                                      0.228     7.658 r  cpu_inst/branch_taken0_carry__1/CO[2]
                         net (fo=1, routed)           0.439     8.097    cpu_inst/branch_taken0
    SLICE_X7Y18          LUT6 (Prop_lut6_I5_O)        0.313     8.410 r  cpu_inst/paused_response_instruction_reg[31]_i_3/O
                         net (fo=116, routed)         1.048     9.458    cpu_inst/redirect_valid__0
    SLICE_X7Y23          LUT4 (Prop_lut4_I0_O)        0.150     9.608 r  cpu_inst/op_ex_reg[imm_ext][14]_i_1/O
                         net (fo=119, routed)         1.029    10.637    cpu_inst/op_ex_reg[imm_ext][14]_i_1_n_0
    SLICE_X5Y18          FDRE                                         r  cpu_inst/op_ex_reg_reg[opcode][0]/R
  -------------------------------------------------------------------    -------------------

                         (clock sys_clk_pin rise edge)
                                                      6.500     6.500 r  <hidden>
                         propagated clock network latency
                                                      4.848    11.348    <hidden>
                         clock pessimism              0.260    11.608    <hidden>
                         clock uncertainty           -0.035    11.573    <hidden>
    SLICE_X5Y18          FDRE (Setup_fdre_C_R)       -0.631    10.942    cpu_inst/op_ex_reg_reg[opcode][0]
  -------------------------------------------------------------------
                         required time                         10.942    <hidden>
                         arrival time                         -10.637    <hidden>
  -------------------------------------------------------------------
                         slack                                  0.305    <hidden>

Slack (MET) :             0.305ns  (required time - arrival time)
  Source:                 cpu_inst/op_ex_reg_reg[operand_a][7]/C
                            (rising edge-triggered cell FDRE clocked by sys_clk_pin  {rise@0.000ns fall@3.250ns period=6.500ns})
  Destination:            cpu_inst/op_ex_reg_reg[opcode][1]/R
                            (rising edge-triggered cell FDRE clocked by sys_clk_pin  {rise@0.000ns fall@3.250ns period=6.500ns})
  Path Group:             sys_clk_pin
  Path Type:              Setup (Max at Slow Process Corner)
  Requirement:            6.500ns  (sys_clk_pin rise@6.500ns - sys_clk_pin rise@0.000ns)
  Data Path Delay:        5.556ns  (logic 1.845ns (33.209%)  route 3.711ns (66.791%))
  Logic Levels:           6  (CARRY4=3 LUT4=1 LUT6=2)
  Clock Path Skew:        0.027ns (DCD - SCD + CPR)
    Destination Clock Delay (DCD):    4.848ns = ( 11.348 - 6.500 ) 
    Source Clock Delay      (SCD):    5.081ns
    Clock Pessimism Removal (CPR):    0.260ns
  Clock Uncertainty:      0.035ns  ((TSJ^2 + TIJ^2)^1/2 + DJ) / 2 + PE
    Total System Jitter     (TSJ):    0.071ns
    Total Input Jitter      (TIJ):    0.000ns
    Discrete Jitter          (DJ):    0.000ns
    Phase Error              (PE):    0.000ns

    Location             Delay type                Incr(ns)  Path(ns)    Netlist Resource(s)
  -------------------------------------------------------------------    -------------------
                         (clock sys_clk_pin rise edge)
                                                      0.000     0.000 r  <hidden>
                         propagated clock network latency
                                                      5.081     5.081    <hidden>
    SLICE_X10Y17         FDRE                         0.000     5.081 r  cpu_inst/op_ex_reg_reg[operand_a][7]/C
    SLICE_X10Y17         FDRE (Prop_fdre_C_Q)         0.518     5.599 r  cpu_inst/op_ex_reg_reg[operand_a][7]/Q
                         net (fo=9, routed)           1.195     6.794    cpu_inst/op_ex_reg_reg[operand_a][7]
    SLICE_X7Y19          LUT6 (Prop_lut6_I2_O)        0.124     6.918 r  cpu_inst/branch_taken0_carry_i_2/O
                         net (fo=1, routed)           0.000     6.918    cpu_inst/branch_taken0_carry_i_2_n_0
    SLICE_X7Y19          CARRY4 (Prop_carry4_S[2]_CO[3])
                                                      0.398     7.316 r  cpu_inst/branch_taken0_carry/CO[3]
                         net (fo=1, routed)           0.000     7.316    cpu_inst/branch_taken0_carry_n_0
    SLICE_X7Y20          CARRY4 (Prop_carry4_CI_CO[3])
                                                      0.114     7.430 r  cpu_inst/branch_taken0_carry__0/CO[3]
                         net (fo=1, routed)           0.000     7.430    cpu_inst/branch_taken0_carry__0_n_0
    SLICE_X7Y21          CARRY4 (Prop_carry4_CI_CO[2])
                                                      0.228     7.658 r  cpu_inst/branch_taken0_carry__1/CO[2]
                         net (fo=1, routed)           0.439     8.097    cpu_inst/branch_taken0
    SLICE_X7Y18          LUT6 (Prop_lut6_I5_O)        0.313     8.410 r  cpu_inst/paused_response_instruction_reg[31]_i_3/O
                         net (fo=116, routed)         1.048     9.458    cpu_inst/redirect_valid__0
    SLICE_X7Y23          LUT4 (Prop_lut4_I0_O)        0.150     9.608 r  cpu_inst/op_ex_reg[imm_ext][14]_i_1/O
                         net (fo=119, routed)         1.029    10.637    cpu_inst/op_ex_reg[imm_ext][14]_i_1_n_0
    SLICE_X5Y18          FDRE                                         r  cpu_inst/op_ex_reg_reg[opcode][1]/R
  -------------------------------------------------------------------    -------------------

                         (clock sys_clk_pin rise edge)
                                                      6.500     6.500 r  <hidden>
                         propagated clock network latency
                                                      4.848    11.348    <hidden>
                         clock pessimism              0.260    11.608    <hidden>
                         clock uncertainty           -0.035    11.573    <hidden>
    SLICE_X5Y18          FDRE (Setup_fdre_C_R)       -0.631    10.942    cpu_inst/op_ex_reg_reg[opcode][1]
  -------------------------------------------------------------------
                         required time                         10.942    <hidden>
                         arrival time                         -10.637    <hidden>
  -------------------------------------------------------------------
                         slack                                  0.305    <hidden>

Slack (MET) :             0.305ns  (required time - arrival time)
  Source:                 cpu_inst/op_ex_reg_reg[operand_a][7]/C
                            (rising edge-triggered cell FDRE clocked by sys_clk_pin  {rise@0.000ns fall@3.250ns period=6.500ns})
  Destination:            cpu_inst/op_ex_reg_reg[opcode][2]/R
                            (rising edge-triggered cell FDRE clocked by sys_clk_pin  {rise@0.000ns fall@3.250ns period=6.500ns})
  Path Group:             sys_clk_pin
  Path Type:              Setup (Max at Slow Process Corner)
  Requirement:            6.500ns  (sys_clk_pin rise@6.500ns - sys_clk_pin rise@0.000ns)
  Data Path Delay:        5.556ns  (logic 1.845ns (33.209%)  route 3.711ns (66.791%))
  Logic Levels:           6  (CARRY4=3 LUT4=1 LUT6=2)
  Clock Path Skew:        0.027ns (DCD - SCD + CPR)
    Destination Clock Delay (DCD):    4.848ns = ( 11.348 - 6.500 ) 
    Source Clock Delay      (SCD):    5.081ns
    Clock Pessimism Removal (CPR):    0.260ns
  Clock Uncertainty:      0.035ns  ((TSJ^2 + TIJ^2)^1/2 + DJ) / 2 + PE
    Total System Jitter     (TSJ):    0.071ns
    Total Input Jitter      (TIJ):    0.000ns
    Discrete Jitter          (DJ):    0.000ns
    Phase Error              (PE):    0.000ns

    Location             Delay type                Incr(ns)  Path(ns)    Netlist Resource(s)
  -------------------------------------------------------------------    -------------------
                         (clock sys_clk_pin rise edge)
                                                      0.000     0.000 r  <hidden>
                         propagated clock network latency
                                                      5.081     5.081    <hidden>
    SLICE_X10Y17         FDRE                         0.000     5.081 r  cpu_inst/op_ex_reg_reg[operand_a][7]/C
    SLICE_X10Y17         FDRE (Prop_fdre_C_Q)         0.518     5.599 r  cpu_inst/op_ex_reg_reg[operand_a][7]/Q
                         net (fo=9, routed)           1.195     6.794    cpu_inst/op_ex_reg_reg[operand_a][7]
    SLICE_X7Y19          LUT6 (Prop_lut6_I2_O)        0.124     6.918 r  cpu_inst/branch_taken0_carry_i_2/O
                         net (fo=1, routed)           0.000     6.918    cpu_inst/branch_taken0_carry_i_2_n_0
    SLICE_X7Y19          CARRY4 (Prop_carry4_S[2]_CO[3])
                                                      0.398     7.316 r  cpu_inst/branch_taken0_carry/CO[3]
                         net (fo=1, routed)           0.000     7.316    cpu_inst/branch_taken0_carry_n_0
    SLICE_X7Y20          CARRY4 (Prop_carry4_CI_CO[3])
                                                      0.114     7.430 r  cpu_inst/branch_taken0_carry__0/CO[3]
                         net (fo=1, routed)           0.000     7.430    cpu_inst/branch_taken0_carry__0_n_0
    SLICE_X7Y21          CARRY4 (Prop_carry4_CI_CO[2])
                                                      0.228     7.658 r  cpu_inst/branch_taken0_carry__1/CO[2]
                         net (fo=1, routed)           0.439     8.097    cpu_inst/branch_taken0
    SLICE_X7Y18          LUT6 (Prop_lut6_I5_O)        0.313     8.410 r  cpu_inst/paused_response_instruction_reg[31]_i_3/O
                         net (fo=116, routed)         1.048     9.458    cpu_inst/redirect_valid__0
    SLICE_X7Y23          LUT4 (Prop_lut4_I0_O)        0.150     9.608 r  cpu_inst/op_ex_reg[imm_ext][14]_i_1/O
                         net (fo=119, routed)         1.029    10.637    cpu_inst/op_ex_reg[imm_ext][14]_i_1_n_0
    SLICE_X5Y18          FDRE                                         r  cpu_inst/op_ex_reg_reg[opcode][2]/R
  -------------------------------------------------------------------    -------------------

                         (clock sys_clk_pin rise edge)
                                                      6.500     6.500 r  <hidden>
                         propagated clock network latency
                                                      4.848    11.348    <hidden>
                         clock pessimism              0.260    11.608    <hidden>
                         clock uncertainty           -0.035    11.573    <hidden>
    SLICE_X5Y18          FDRE (Setup_fdre_C_R)       -0.631    10.942    cpu_inst/op_ex_reg_reg[opcode][2]
  -------------------------------------------------------------------
                         required time                         10.942    <hidden>
                         arrival time                         -10.637    <hidden>
  -------------------------------------------------------------------
                         slack                                  0.305    <hidden>

Slack (MET) :             0.305ns  (required time - arrival time)
  Source:                 cpu_inst/op_ex_reg_reg[operand_a][7]/C
                            (rising edge-triggered cell FDRE clocked by sys_clk_pin  {rise@0.000ns fall@3.250ns period=6.500ns})
  Destination:            cpu_inst/op_ex_reg_reg[operand_b][1]/R
                            (rising edge-triggered cell FDRE clocked by sys_clk_pin  {rise@0.000ns fall@3.250ns period=6.500ns})
  Path Group:             sys_clk_pin
  Path Type:              Setup (Max at Slow Process Corner)
  Requirement:            6.500ns  (sys_clk_pin rise@6.500ns - sys_clk_pin rise@0.000ns)
  Data Path Delay:        5.556ns  (logic 1.845ns (33.209%)  route 3.711ns (66.791%))
  Logic Levels:           6  (CARRY4=3 LUT4=1 LUT6=2)
  Clock Path Skew:        0.027ns (DCD - SCD + CPR)
    Destination Clock Delay (DCD):    4.848ns = ( 11.348 - 6.500 ) 
    Source Clock Delay      (SCD):    5.081ns
    Clock Pessimism Removal (CPR):    0.260ns
  Clock Uncertainty:      0.035ns  ((TSJ^2 + TIJ^2)^1/2 + DJ) / 2 + PE
    Total System Jitter     (TSJ):    0.071ns
    Total Input Jitter      (TIJ):    0.000ns
    Discrete Jitter          (DJ):    0.000ns
    Phase Error              (PE):    0.000ns

    Location             Delay type                Incr(ns)  Path(ns)    Netlist Resource(s)
  -------------------------------------------------------------------    -------------------
                         (clock sys_clk_pin rise edge)
                                                      0.000     0.000 r  <hidden>
                         propagated clock network latency
                                                      5.081     5.081    <hidden>
    SLICE_X10Y17         FDRE                         0.000     5.081 r  cpu_inst/op_ex_reg_reg[operand_a][7]/C
    SLICE_X10Y17         FDRE (Prop_fdre_C_Q)         0.518     5.599 r  cpu_inst/op_ex_reg_reg[operand_a][7]/Q
                         net (fo=9, routed)           1.195     6.794    cpu_inst/op_ex_reg_reg[operand_a][7]
    SLICE_X7Y19          LUT6 (Prop_lut6_I2_O)        0.124     6.918 r  cpu_inst/branch_taken0_carry_i_2/O
                         net (fo=1, routed)           0.000     6.918    cpu_inst/branch_taken0_carry_i_2_n_0
    SLICE_X7Y19          CARRY4 (Prop_carry4_S[2]_CO[3])
                                                      0.398     7.316 r  cpu_inst/branch_taken0_carry/CO[3]
                         net (fo=1, routed)           0.000     7.316    cpu_inst/branch_taken0_carry_n_0
    SLICE_X7Y20          CARRY4 (Prop_carry4_CI_CO[3])
                                                      0.114     7.430 r  cpu_inst/branch_taken0_carry__0/CO[3]
                         net (fo=1, routed)           0.000     7.430    cpu_inst/branch_taken0_carry__0_n_0
    SLICE_X7Y21          CARRY4 (Prop_carry4_CI_CO[2])
                                                      0.228     7.658 r  cpu_inst/branch_taken0_carry__1/CO[2]
                         net (fo=1, routed)           0.439     8.097    cpu_inst/branch_taken0
    SLICE_X7Y18          LUT6 (Prop_lut6_I5_O)        0.313     8.410 r  cpu_inst/paused_response_instruction_reg[31]_i_3/O
                         net (fo=116, routed)         1.048     9.458    cpu_inst/redirect_valid__0
    SLICE_X7Y23          LUT4 (Prop_lut4_I0_O)        0.150     9.608 r  cpu_inst/op_ex_reg[imm_ext][14]_i_1/O
                         net (fo=119, routed)         1.029    10.637    cpu_inst/op_ex_reg[imm_ext][14]_i_1_n_0
    SLICE_X5Y18          FDRE                                         r  cpu_inst/op_ex_reg_reg[operand_b][1]/R
  -------------------------------------------------------------------    -------------------

                         (clock sys_clk_pin rise edge)
                                                      6.500     6.500 r  <hidden>
                         propagated clock network latency
                                                      4.848    11.348    <hidden>
                         clock pessimism              0.260    11.608    <hidden>
                         clock uncertainty           -0.035    11.573    <hidden>
    SLICE_X5Y18          FDRE (Setup_fdre_C_R)       -0.631    10.942    cpu_inst/op_ex_reg_reg[operand_b][1]
  -------------------------------------------------------------------
                         required time                         10.942    <hidden>
                         arrival time                         -10.637    <hidden>
  -------------------------------------------------------------------
                         slack                                  0.305    <hidden>

Slack (MET) :             0.305ns  (required time - arrival time)
  Source:                 cpu_inst/op_ex_reg_reg[operand_a][7]/C
                            (rising edge-triggered cell FDRE clocked by sys_clk_pin  {rise@0.000ns fall@3.250ns period=6.500ns})
  Destination:            cpu_inst/op_ex_reg_reg[operand_b][2]/R
                            (rising edge-triggered cell FDRE clocked by sys_clk_pin  {rise@0.000ns fall@3.250ns period=6.500ns})
  Path Group:             sys_clk_pin
  Path Type:              Setup (Max at Slow Process Corner)
  Requirement:            6.500ns  (sys_clk_pin rise@6.500ns - sys_clk_pin rise@0.000ns)
  Data Path Delay:        5.556ns  (logic 1.845ns (33.209%)  route 3.711ns (66.791%))
  Logic Levels:           6  (CARRY4=3 LUT4=1 LUT6=2)
  Clock Path Skew:        0.027ns (DCD - SCD + CPR)
    Destination Clock Delay (DCD):    4.848ns = ( 11.348 - 6.500 ) 
    Source Clock Delay      (SCD):    5.081ns
    Clock Pessimism Removal (CPR):    0.260ns
  Clock Uncertainty:      0.035ns  ((TSJ^2 + TIJ^2)^1/2 + DJ) / 2 + PE
    Total System Jitter     (TSJ):    0.071ns
    Total Input Jitter      (TIJ):    0.000ns
    Discrete Jitter          (DJ):    0.000ns
    Phase Error              (PE):    0.000ns

    Location             Delay type                Incr(ns)  Path(ns)    Netlist Resource(s)
  -------------------------------------------------------------------    -------------------
                         (clock sys_clk_pin rise edge)
                                                      0.000     0.000 r  <hidden>
                         propagated clock network latency
                                                      5.081     5.081    <hidden>
    SLICE_X10Y17         FDRE                         0.000     5.081 r  cpu_inst/op_ex_reg_reg[operand_a][7]/C
    SLICE_X10Y17         FDRE (Prop_fdre_C_Q)         0.518     5.599 r  cpu_inst/op_ex_reg_reg[operand_a][7]/Q
                         net (fo=9, routed)           1.195     6.794    cpu_inst/op_ex_reg_reg[operand_a][7]
    SLICE_X7Y19          LUT6 (Prop_lut6_I2_O)        0.124     6.918 r  cpu_inst/branch_taken0_carry_i_2/O
                         net (fo=1, routed)           0.000     6.918    cpu_inst/branch_taken0_carry_i_2_n_0
    SLICE_X7Y19          CARRY4 (Prop_carry4_S[2]_CO[3])
                                                      0.398     7.316 r  cpu_inst/branch_taken0_carry/CO[3]
                         net (fo=1, routed)           0.000     7.316    cpu_inst/branch_taken0_carry_n_0
    SLICE_X7Y20          CARRY4 (Prop_carry4_CI_CO[3])
                                                      0.114     7.430 r  cpu_inst/branch_taken0_carry__0/CO[3]
                         net (fo=1, routed)           0.000     7.430    cpu_inst/branch_taken0_carry__0_n_0
    SLICE_X7Y21          CARRY4 (Prop_carry4_CI_CO[2])
                                                      0.228     7.658 r  cpu_inst/branch_taken0_carry__1/CO[2]
                         net (fo=1, routed)           0.439     8.097    cpu_inst/branch_taken0
    SLICE_X7Y18          LUT6 (Prop_lut6_I5_O)        0.313     8.410 r  cpu_inst/paused_response_instruction_reg[31]_i_3/O
                         net (fo=116, routed)         1.048     9.458    cpu_inst/redirect_valid__0
    SLICE_X7Y23          LUT4 (Prop_lut4_I0_O)        0.150     9.608 r  cpu_inst/op_ex_reg[imm_ext][14]_i_1/O
                         net (fo=119, routed)         1.029    10.637    cpu_inst/op_ex_reg[imm_ext][14]_i_1_n_0
    SLICE_X5Y18          FDRE                                         r  cpu_inst/op_ex_reg_reg[operand_b][2]/R
  -------------------------------------------------------------------    -------------------

                         (clock sys_clk_pin rise edge)
                                                      6.500     6.500 r  <hidden>
                         propagated clock network latency
                                                      4.848    11.348    <hidden>
                         clock pessimism              0.260    11.608    <hidden>
                         clock uncertainty           -0.035    11.573    <hidden>
    SLICE_X5Y18          FDRE (Setup_fdre_C_R)       -0.631    10.942    cpu_inst/op_ex_reg_reg[operand_b][2]
  -------------------------------------------------------------------
                         required time                         10.942    <hidden>
                         arrival time                         -10.637    <hidden>
  -------------------------------------------------------------------
                         slack                                  0.305    <hidden>

Slack (MET) :             0.341ns  (required time - arrival time)
  Source:                 cpu_inst/op_ex_reg_reg[operand_a][7]/C
                            (rising edge-triggered cell FDRE clocked by sys_clk_pin  {rise@0.000ns fall@3.250ns period=6.500ns})
  Destination:            cpu_inst/op_ex_reg_reg[store_data][13]/R
                            (rising edge-triggered cell FDRE clocked by sys_clk_pin  {rise@0.000ns fall@3.250ns period=6.500ns})
  Path Group:             sys_clk_pin
  Path Type:              Setup (Max at Slow Process Corner)
  Requirement:            6.500ns  (sys_clk_pin rise@6.500ns - sys_clk_pin rise@0.000ns)
  Data Path Delay:        5.421ns  (logic 1.845ns (34.034%)  route 3.576ns (65.966%))
  Logic Levels:           6  (CARRY4=3 LUT4=1 LUT6=2)
  Clock Path Skew:        0.023ns (DCD - SCD + CPR)
    Destination Clock Delay (DCD):    4.844ns = ( 11.344 - 6.500 ) 
    Source Clock Delay      (SCD):    5.081ns
    Clock Pessimism Removal (CPR):    0.260ns
  Clock Uncertainty:      0.035ns  ((TSJ^2 + TIJ^2)^1/2 + DJ) / 2 + PE
    Total System Jitter     (TSJ):    0.071ns
    Total Input Jitter      (TIJ):    0.000ns
    Discrete Jitter          (DJ):    0.000ns
    Phase Error              (PE):    0.000ns

    Location             Delay type                Incr(ns)  Path(ns)    Netlist Resource(s)
  -------------------------------------------------------------------    -------------------
                         (clock sys_clk_pin rise edge)
                                                      0.000     0.000 r  <hidden>
                         propagated clock network latency
                                                      5.081     5.081    <hidden>
    SLICE_X10Y17         FDRE                         0.000     5.081 r  cpu_inst/op_ex_reg_reg[operand_a][7]/C
    SLICE_X10Y17         FDRE (Prop_fdre_C_Q)         0.518     5.599 r  cpu_inst/op_ex_reg_reg[operand_a][7]/Q
                         net (fo=9, routed)           1.195     6.794    cpu_inst/op_ex_reg_reg[operand_a][7]
    SLICE_X7Y19          LUT6 (Prop_lut6_I2_O)        0.124     6.918 r  cpu_inst/branch_taken0_carry_i_2/O
                         net (fo=1, routed)           0.000     6.918    cpu_inst/branch_taken0_carry_i_2_n_0
    SLICE_X7Y19          CARRY4 (Prop_carry4_S[2]_CO[3])
                                                      0.398     7.316 r  cpu_inst/branch_taken0_carry/CO[3]
                         net (fo=1, routed)           0.000     7.316    cpu_inst/branch_taken0_carry_n_0
    SLICE_X7Y20          CARRY4 (Prop_carry4_CI_CO[3])
                                                      0.114     7.430 r  cpu_inst/branch_taken0_carry__0/CO[3]
                         net (fo=1, routed)           0.000     7.430    cpu_inst/branch_taken0_carry__0_n_0
    SLICE_X7Y21          CARRY4 (Prop_carry4_CI_CO[2])
                                                      0.228     7.658 r  cpu_inst/branch_taken0_carry__1/CO[2]
                         net (fo=1, routed)           0.439     8.097    cpu_inst/branch_taken0
    SLICE_X7Y18          LUT6 (Prop_lut6_I5_O)        0.313     8.410 r  cpu_inst/paused_response_instruction_reg[31]_i_3/O
                         net (fo=116, routed)         1.048     9.458    cpu_inst/redirect_valid__0
    SLICE_X7Y23          LUT4 (Prop_lut4_I0_O)        0.150     9.608 r  cpu_inst/op_ex_reg[imm_ext][14]_i_1/O
                         net (fo=119, routed)         0.894    10.502    cpu_inst/op_ex_reg[imm_ext][14]_i_1_n_0
    SLICE_X6Y27          FDRE                                         r  cpu_inst/op_ex_reg_reg[store_data][13]/R
  -------------------------------------------------------------------    -------------------

                         (clock sys_clk_pin rise edge)
                                                      6.500     6.500 r  <hidden>
                         propagated clock network latency
                                                      4.844    11.344    <hidden>
                         clock pessimism              0.260    11.604    <hidden>
                         clock uncertainty           -0.035    11.569    <hidden>
    SLICE_X6Y27          FDRE (Setup_fdre_C_R)       -0.726    10.843    cpu_inst/op_ex_reg_reg[store_data][13]
  -------------------------------------------------------------------
                         required time                         10.843    <hidden>
                         arrival time                         -10.502    <hidden>
  -------------------------------------------------------------------
                         slack                                  0.341    <hidden>




