Copyright 1986-2022 Xilinx, Inc. All Rights Reserved. Copyright 2022-2026 Advanced Micro Devices, Inc. All Rights Reserved.
-------------------------------------------------------------------------------------------------------------------------------------------------------
| Tool Version : Vivado v.2026.1 (win64) Build 6511674 Tue Jun 16 11:02:23 MDT 2026
| Date         : Sun Jul 12 21:30:09 2026
| Host         : DESKTOP-4GB7DVJ running 64-bit major release  (build 9200)
| Command      : report_timing_summary -file reports/phase13f_timing/perf_directive_8p900ns/timing/fpga_top_pipeline_targetbuf_impl_timing_summary.rpt
| Design       : fpga_top_pipeline_targetbuf
| Device       : 7a35t-cpg236
| Speed File   : -1  PRODUCTION 1.23 2018-06-13
| Design State : Physopt postRoute
-------------------------------------------------------------------------------------------------------------------------------------------------------

Timing Summary Report

------------------------------------------------------------------------------------------------
| Timer Settings
| --------------
------------------------------------------------------------------------------------------------

  Enable Multi Corner Analysis               :  Yes
  Enable Pessimism Removal                   :  Yes
  Pessimism Removal Resolution               :  Nearest Common Node
  Enable Input Delay Default Clock           :  No
  Enable Preset / Clear Arcs                 :  No
  Disable Flight Delays                      :  No
  Ignore I/O Paths                           :  No
  Timing Early Launch at Borrowing Latches   :  No
  Borrow Time for Max Delay Exceptions       :  Yes
  Merge Timing Exceptions                    :  Yes
  Inter-SLR Compensation                     :  Conservative

  Corner  Analyze    Analyze    
  Name    Max Paths  Min Paths  
  ------  ---------  ---------  
  Slow    Yes        Yes        
  Fast    Yes        Yes        


------------------------------------------------------------------------------------------------
| Report Methodology
| ------------------
------------------------------------------------------------------------------------------------

No report available as report_methodology has not been run prior. Run report_methodology on the current design for the summary of methodology violations.



check_timing report

Table of Contents
-----------------
1. checking no_clock (0)
2. checking constant_clock (0)
3. checking pulse_width_clock (0)
4. checking unconstrained_internal_endpoints (0)
5. checking no_input_delay (2)
6. checking no_output_delay (16)
7. checking multiple_clock (0)
8. checking generated_clocks (0)
9. checking loops (0)
10. checking partial_input_delay (0)
11. checking partial_output_delay (0)
12. checking latch_loops (0)

1. checking no_clock (0)
------------------------
 There are 0 register/latch pins with no clock.


2. checking constant_clock (0)
------------------------------
 There are 0 register/latch pins with constant_clock.


3. checking pulse_width_clock (0)
---------------------------------
 There are 0 register/latch pins which need pulse_width check


4. checking unconstrained_internal_endpoints (0)
------------------------------------------------
 There are 0 pins that are not constrained for maximum delay.

 There are 0 pins that are not constrained for maximum delay due to constant clock.


5. checking no_input_delay (2)
------------------------------
 There are 2 input ports with no input delay specified. (HIGH)

 There are 0 input ports with no input delay but user has a false path constraint.


6. checking no_output_delay (16)
--------------------------------
 There are 16 ports with no output delay specified. (HIGH)

 There are 0 ports with no output delay but user has a false path constraint

 There are 0 ports with no output delay but with a timing clock defined on it or propagating through it


7. checking multiple_clock (0)
------------------------------
 There are 0 register/latch pins with multiple clocks.


8. checking generated_clocks (0)
--------------------------------
 There are 0 generated clocks that are not connected to a clock source.


9. checking loops (0)
---------------------
 There are 0 combinational loops in the design.


10. checking partial_input_delay (0)
------------------------------------
 There are 0 input ports with partial input delay specified.


11. checking partial_output_delay (0)
-------------------------------------
 There are 0 ports with partial output delay specified.


12. checking latch_loops (0)
----------------------------
 There are 0 combinational latch loops in the design through latch input



------------------------------------------------------------------------------------------------
| Design Timing Summary
| ---------------------
------------------------------------------------------------------------------------------------

    WNS(ns)      TNS(ns)  TNS Failing Endpoints  TNS Total Endpoints      WHS(ns)      THS(ns)  THS Failing Endpoints  THS Total Endpoints     WPWS(ns)     TPWS(ns)  TPWS Failing Endpoints  TPWS Total Endpoints  
    -------      -------  ---------------------  -------------------      -------      -------  ---------------------  -------------------     --------     --------  ----------------------  --------------------  
     -2.002      -13.822                     45                 3171        0.034        0.000                      0                 3171        3.950        0.000                       0                  1592  


Timing constraints are not met.


------------------------------------------------------------------------------------------------
| Clock Summary
| -------------
------------------------------------------------------------------------------------------------

Clock        Waveform(ns)         Period(ns)      Frequency(MHz)
-----        ------------         ----------      --------------
sys_clk_pin  {0.000 4.450}        8.900           112.360         


------------------------------------------------------------------------------------------------
| Intra Clock Table
| -----------------
------------------------------------------------------------------------------------------------

Clock             WNS(ns)      TNS(ns)  TNS Failing Endpoints  TNS Total Endpoints      WHS(ns)      THS(ns)  THS Failing Endpoints  THS Total Endpoints     WPWS(ns)     TPWS(ns)  TPWS Failing Endpoints  TPWS Total Endpoints  
-----             -------      -------  ---------------------  -------------------      -------      -------  ---------------------  -------------------     --------     --------  ----------------------  --------------------  
sys_clk_pin        -2.002      -13.822                     45                 3171        0.034        0.000                      0                 3171        3.950        0.000                       0                  1592  


------------------------------------------------------------------------------------------------
| Inter Clock Table
| -----------------
------------------------------------------------------------------------------------------------

From Clock    To Clock          WNS(ns)      TNS(ns)  TNS Failing Endpoints  TNS Total Endpoints      WHS(ns)      THS(ns)  THS Failing Endpoints  THS Total Endpoints  
----------    --------          -------      -------  ---------------------  -------------------      -------      -------  ---------------------  -------------------  


------------------------------------------------------------------------------------------------
| Other Path Groups Table
| -----------------------
------------------------------------------------------------------------------------------------

Path Group    From Clock    To Clock          WNS(ns)      TNS(ns)  TNS Failing Endpoints  TNS Total Endpoints      WHS(ns)      THS(ns)  THS Failing Endpoints  THS Total Endpoints  
----------    ----------    --------          -------      -------  ---------------------  -------------------      -------      -------  ---------------------  -------------------  


------------------------------------------------------------------------------------------------
| Timing Details
| --------------
------------------------------------------------------------------------------------------------


---------------------------------------------------------------------------------------------------
From Clock:  sys_clk_pin
  To Clock:  sys_clk_pin

Setup :           45  Failing Endpoints,  Worst Slack       -2.002ns,  Total Violation      -13.822ns
Hold  :            0  Failing Endpoints,  Worst Slack        0.034ns,  Total Violation        0.000ns
PW    :            0  Failing Endpoints,  Worst Slack        3.950ns,  Total Violation        0.000ns
---------------------------------------------------------------------------------------------------


Max Delay Paths
--------------------------------------------------------------------------------------
Slack (VIOLATED) :        -2.002ns  (required time - arrival time)
  Source:                 cpu_inst/data_mem_inst/mem_reg/CLKARDCLK
                            (rising edge-triggered cell RAMB18E1 clocked by sys_clk_pin  {rise@0.000ns fall@4.450ns period=8.900ns})
  Destination:            cpu_inst/instr_mem_inst/instruction_reg/RSTRAMARSTRAM
                            (rising edge-triggered cell RAMB18E1 clocked by sys_clk_pin  {rise@0.000ns fall@4.450ns period=8.900ns})
  Path Group:             sys_clk_pin
  Path Type:              Setup (Max at Slow Process Corner)
  Requirement:            8.900ns  (sys_clk_pin rise@8.900ns - sys_clk_pin rise@0.000ns)
  Data Path Delay:        10.486ns  (logic 5.867ns (55.952%)  route 4.619ns (44.048%))
  Logic Levels:           17  (CARRY4=10 LUT3=2 LUT5=1 LUT6=4)
  Clock Path Skew:        -0.022ns (DCD - SCD + CPR)
    Destination Clock Delay (DCD):    4.834ns = ( 13.734 - 8.900 ) 
    Source Clock Delay      (SCD):    5.133ns
    Clock Pessimism Removal (CPR):    0.277ns
  Clock Uncertainty:      0.035ns  ((TSJ^2 + TIJ^2)^1/2 + DJ) / 2 + PE
    Total System Jitter     (TSJ):    0.071ns
    Total Input Jitter      (TIJ):    0.000ns
    Discrete Jitter          (DJ):    0.000ns
    Phase Error              (PE):    0.000ns

    Location             Delay type                Incr(ns)  Path(ns)    Netlist Resource(s)
  -------------------------------------------------------------------    -------------------
                         (clock sys_clk_pin rise edge)
                                                      0.000     0.000 r  <hidden>
    W5                                                0.000     0.000 r  clk
                         net (fo=0)                   0.000     0.000    clk
    W5                   IBUF (Prop_ibuf_I_O)         1.458     1.458 r  clk_IBUF_inst/O
                         net (fo=1, routed)           1.967     3.425    clk_IBUF
    BUFGCTRL_X0Y0        BUFG (Prop_bufg_I_O)         0.096     3.521 r  clk_IBUF_BUFG_inst/O
                         net (fo=1591, routed)        1.612     5.133    cpu_inst/data_mem_inst/clk_IBUF_BUFG
    RAMB18_X0Y0          RAMB18E1                                     r  cpu_inst/data_mem_inst/mem_reg/CLKARDCLK
  -------------------------------------------------------------------    -------------------
    RAMB18_X0Y0          RAMB18E1 (Prop_ramb18e1_CLKARDCLK_DOADO[6])
                                                      2.454     7.587 r  cpu_inst/data_mem_inst/mem_reg/DOADO[6]
                         net (fo=6, routed)           0.989     8.576    cpu_inst/data_mem_inst/mem_reg_n_9
    SLICE_X7Y0           LUT5 (Prop_lut5_I4_O)        0.124     8.700 r  cpu_inst/data_mem_inst/ex_mem_reg[alu_result][6]_i_6/O
                         net (fo=2, routed)           0.459     9.158    cpu_inst/data_mem_inst/ex_mem_reg[alu_result][6]_i_6_n_0
    SLICE_X6Y1           LUT3 (Prop_lut3_I2_O)        0.124     9.282 r  cpu_inst/data_mem_inst/ex_mem_reg[alu_result][6]_i_4/O
                         net (fo=5, routed)           0.614     9.896    cpu_inst/data_mem_inst/ex_mem_reg[alu_result][6]_i_4_n_0
    SLICE_X6Y2           LUT6 (Prop_lut6_I3_O)        0.124    10.020 r  cpu_inst/data_mem_inst/led_OBUF[12]_inst_i_15/O
                         net (fo=1, routed)           0.000    10.020    cpu_inst/data_mem_inst/led_OBUF[12]_inst_i_15_n_0
    SLICE_X6Y2           CARRY4 (Prop_carry4_S[2]_CO[3])
                                                      0.380    10.400 r  cpu_inst/data_mem_inst/led_OBUF[12]_inst_i_9/CO[3]
                         net (fo=1, routed)           0.000    10.400    cpu_inst/data_mem_inst/led_OBUF[12]_inst_i_9_n_0
    SLICE_X6Y3           CARRY4 (Prop_carry4_CI_CO[3])
                                                      0.117    10.517 r  cpu_inst/data_mem_inst/led_OBUF[12]_inst_i_4/CO[3]
                         net (fo=1, routed)           0.000    10.517    cpu_inst/data_mem_inst/led_OBUF[12]_inst_i_4_n_0
    SLICE_X6Y4           CARRY4 (Prop_carry4_CI_CO[2])
                                                      0.229    10.746 r  cpu_inst/data_mem_inst/led_OBUF[12]_inst_i_2/CO[2]
                         net (fo=114, routed)         0.404    11.150    cpu_inst/data_mem_inst/ex_branch_taken0
    SLICE_X7Y4           LUT6 (Prop_lut6_I2_O)        0.310    11.460 r  cpu_inst/data_mem_inst/instruction_reg_i_69/O
                         net (fo=1, routed)           0.000    11.460    cpu_inst/data_mem_inst/instruction_reg_i_69_n_0
    SLICE_X7Y4           CARRY4 (Prop_carry4_S[1]_CO[3])
                                                      0.550    12.010 r  cpu_inst/data_mem_inst/instruction_reg_i_32/CO[3]
                         net (fo=1, routed)           0.000    12.010    cpu_inst/data_mem_inst/instruction_reg_i_32_n_0
    SLICE_X7Y5           CARRY4 (Prop_carry4_CI_CO[3])
                                                      0.114    12.124 r  cpu_inst/data_mem_inst/instruction_reg_i_23/CO[3]
                         net (fo=1, routed)           0.000    12.124    cpu_inst/data_mem_inst/instruction_reg_i_23_n_0
    SLICE_X7Y6           CARRY4 (Prop_carry4_CI_CO[3])
                                                      0.114    12.238 r  cpu_inst/data_mem_inst/instruction_reg_i_20/CO[3]
                         net (fo=1, routed)           0.000    12.238    cpu_inst/data_mem_inst/instruction_reg_i_20_n_0
    SLICE_X7Y7           CARRY4 (Prop_carry4_CI_CO[3])
                                                      0.114    12.352 r  cpu_inst/data_mem_inst/instruction_reg_i_42/CO[3]
                         net (fo=1, routed)           0.000    12.352    cpu_inst/data_mem_inst/instruction_reg_i_42_n_0
    SLICE_X7Y8           CARRY4 (Prop_carry4_CI_CO[3])
                                                      0.114    12.466 r  cpu_inst/data_mem_inst/instruction_reg_i_40/CO[3]
                         net (fo=1, routed)           0.000    12.466    cpu_inst/data_mem_inst/instruction_reg_i_40_n_0
    SLICE_X7Y9           CARRY4 (Prop_carry4_CI_CO[3])
                                                      0.114    12.580 r  cpu_inst/data_mem_inst/instruction_reg_i_39/CO[3]
                         net (fo=1, routed)           0.000    12.580    cpu_inst/data_mem_inst/instruction_reg_i_39_n_0
    SLICE_X7Y10          CARRY4 (Prop_carry4_CI_O[1])
                                                      0.334    12.914 r  cpu_inst/data_mem_inst/instruction_reg_i_37/O[1]
                         net (fo=1, routed)           0.426    13.340    cpu_inst/data_mem_inst/data0[26]
    SLICE_X4Y9           LUT3 (Prop_lut3_I2_O)        0.303    13.643 r  cpu_inst/data_mem_inst/instruction_reg_i_90_comp/O
                         net (fo=1, routed)           0.280    13.923    cpu_inst/data_mem_inst/instruction_reg_i_90_n_0
    SLICE_X4Y9           LUT6 (Prop_lut6_I4_O)        0.124    14.047 r  cpu_inst/data_mem_inst/instruction_reg_i_43_comp/O
                         net (fo=1, routed)           0.598    14.644    cpu_inst/data_mem_inst/instruction_reg_i_43_n_0
    SLICE_X6Y8           LUT6 (Prop_lut6_I4_O)        0.124    14.768 r  cpu_inst/data_mem_inst/instruction_reg_i_1_comp/O
                         net (fo=2, routed)           0.850    15.619    cpu_inst/instr_mem_inst/instruction_reg_12
    RAMB18_X0Y1          RAMB18E1                                     r  cpu_inst/instr_mem_inst/instruction_reg/RSTRAMARSTRAM
  -------------------------------------------------------------------    -------------------

                         (clock sys_clk_pin rise edge)
                                                      8.900     8.900 r  <hidden>
    W5                                                0.000     8.900 r  clk
                         net (fo=0)                   0.000     8.900    clk
    W5                   IBUF (Prop_ibuf_I_O)         1.388    10.288 r  clk_IBUF_inst/O
                         net (fo=1, routed)           1.862    12.150    clk_IBUF
    BUFGCTRL_X0Y0        BUFG (Prop_bufg_I_O)         0.091    12.241 r  clk_IBUF_BUFG_inst/O
                         net (fo=1591, routed)        1.493    13.734    cpu_inst/instr_mem_inst/clk_IBUF_BUFG
    RAMB18_X0Y1          RAMB18E1                                     r  cpu_inst/instr_mem_inst/instruction_reg/CLKARDCLK
                         clock pessimism              0.277    14.011    <hidden>
                         clock uncertainty           -0.035    13.975    <hidden>
    RAMB18_X0Y1          RAMB18E1 (Setup_ramb18e1_CLKARDCLK_RSTRAMARSTRAM)
                                                     -0.359    13.616    cpu_inst/instr_mem_inst/instruction_reg
  -------------------------------------------------------------------
                         required time                         13.616    <hidden>
                         arrival time                         -15.619    <hidden>
  -------------------------------------------------------------------
                         slack                                 -2.002    <hidden>





Min Delay Paths
--------------------------------------------------------------------------------------
Slack (MET) :             0.034ns  (arrival time - required time)
  Source:                 cpu_inst/ex_mem_reg_reg[store_data][19]/C
                            (rising edge-triggered cell FDRE clocked by sys_clk_pin  {rise@0.000ns fall@4.450ns period=8.900ns})
  Destination:            cpu_inst/data_mem_inst/mem_reg/DIBDI[1]
                            (rising edge-triggered cell RAMB18E1 clocked by sys_clk_pin  {rise@0.000ns fall@4.450ns period=8.900ns})
  Path Group:             sys_clk_pin
  Path Type:              Hold (Min at Fast Process Corner)
  Requirement:            0.000ns  (sys_clk_pin rise@0.000ns - sys_clk_pin rise@0.000ns)
  Data Path Delay:        0.247ns  (logic 0.141ns (57.072%)  route 0.106ns (42.928%))
  Logic Levels:           0  
  Clock Path Skew:        0.058ns (DCD - SCD - CPR)
    Destination Clock Delay (DCD):    2.007ns
    Source Clock Delay      (SCD):    1.450ns
    Clock Pessimism Removal (CPR):    0.498ns

    Location             Delay type                Incr(ns)  Path(ns)    Netlist Resource(s)
  -------------------------------------------------------------------    -------------------
                         (clock sys_clk_pin rise edge)
                                                      0.000     0.000 r  <hidden>
    W5                                                0.000     0.000 r  clk
                         net (fo=0)                   0.000     0.000    clk
    W5                   IBUF (Prop_ibuf_I_O)         0.226     0.226 r  clk_IBUF_inst/O
                         net (fo=1, routed)           0.631     0.858    clk_IBUF
    BUFGCTRL_X0Y0        BUFG (Prop_bufg_I_O)         0.026     0.884 r  clk_IBUF_BUFG_inst/O
                         net (fo=1591, routed)        0.567     1.450    cpu_inst/clk_IBUF_BUFG
    SLICE_X9Y1           FDRE                                         r  cpu_inst/ex_mem_reg_reg[store_data][19]/C
  -------------------------------------------------------------------    -------------------
    SLICE_X9Y1           FDRE (Prop_fdre_C_Q)         0.141     1.591 r  cpu_inst/ex_mem_reg_reg[store_data][19]/Q
                         net (fo=1, routed)           0.106     1.697    cpu_inst/data_mem_inst/mem_reg_2[19]
    RAMB18_X0Y0          RAMB18E1                                     r  cpu_inst/data_mem_inst/mem_reg/DIBDI[1]
  -------------------------------------------------------------------    -------------------

                         (clock sys_clk_pin rise edge)
                                                      0.000     0.000 r  <hidden>
    W5                                                0.000     0.000 r  clk
                         net (fo=0)                   0.000     0.000    clk
    W5                   IBUF (Prop_ibuf_I_O)         0.414     0.414 r  clk_IBUF_inst/O
                         net (fo=1, routed)           0.685     1.099    clk_IBUF
    BUFGCTRL_X0Y0        BUFG (Prop_bufg_I_O)         0.029     1.128 r  clk_IBUF_BUFG_inst/O
                         net (fo=1591, routed)        0.879     2.007    cpu_inst/data_mem_inst/clk_IBUF_BUFG
    RAMB18_X0Y0          RAMB18E1                                     r  cpu_inst/data_mem_inst/mem_reg/CLKBWRCLK
                         clock pessimism             -0.498     1.509    <hidden>
    RAMB18_X0Y0          RAMB18E1 (Hold_ramb18e1_CLKBWRCLK_DIBDI[1])
                                                      0.155     1.664    cpu_inst/data_mem_inst/mem_reg
  -------------------------------------------------------------------
                         required time                         -1.664    <hidden>
                         arrival time                           1.697    <hidden>
  -------------------------------------------------------------------
                         slack                                  0.034    <hidden>





Pulse Width Checks
--------------------------------------------------------------------------------------
Clock Name:         sys_clk_pin
Waveform(ns):       { 0.000 4.450 }
Period(ns):         8.900
Sources:            { clk }

Check Type        Corner  Lib Pin             Reference Pin  Required(ns)  Actual(ns)  Slack(ns)  Location     Pin
Min Period        n/a     RAMB18E1/CLKARDCLK  n/a            2.944         8.900       5.956      RAMB18_X0Y0  cpu_inst/data_mem_inst/mem_reg/CLKARDCLK
Low Pulse Width   Slow    FDRE/C              n/a            0.500         4.450       3.950      SLICE_X4Y0   cpu_inst/ex_mem_reg_reg[alu_result][0]/C
High Pulse Width  Slow    FDRE/C              n/a            0.500         4.450       3.950      SLICE_X4Y0   cpu_inst/ex_mem_reg_reg[alu_result][0]/C



