Copyright 1986-2022 Xilinx, Inc. All Rights Reserved. Copyright 2022-2026 Advanced Micro Devices, Inc. All Rights Reserved.
------------------------------------------------------------------------------------------------------------------------------------------------------------------------
| Tool Version : Vivado v.2026.1 (win64) Build 6511674 Tue Jun 16 11:02:23 MDT 2026
| Date         : Sun Jul 12 14:00:47 2026
| Host         : DESKTOP-4GB7DVJ running 64-bit major release  (build 9200)
| Command      : report_timing -max_paths 10 -path_type full -file reports/phase13c_timing/sweep/period_9p100ns/timing/fpga_top_pipeline_timingopt_impl_worst_paths.rpt
| Design       : fpga_top_pipeline_timingopt
| Device       : 7a35t-cpg236
| Speed File   : -1  PRODUCTION 1.23 2018-06-13
| Design State : Routed
------------------------------------------------------------------------------------------------------------------------------------------------------------------------

Timing Report

Slack (VIOLATED) :        -0.194ns  (required time - arrival time)
  Source:                 cpu_inst/data_mem_inst/mem_reg/CLKARDCLK
                            (rising edge-triggered cell RAMB18E1 clocked by sys_clk_pin  {rise@0.000ns fall@4.550ns period=9.100ns})
  Destination:            cpu_inst/id_ex_reg_reg[operand_b][25]/R
                            (rising edge-triggered cell FDRE clocked by sys_clk_pin  {rise@0.000ns fall@4.550ns period=9.100ns})
  Path Group:             sys_clk_pin
  Path Type:              Setup (Max at Slow Process Corner)
  Requirement:            9.100ns  (sys_clk_pin rise@9.100ns - sys_clk_pin rise@0.000ns)
  Data Path Delay:        8.664ns  (logic 4.155ns (47.956%)  route 4.509ns (52.044%))
  Logic Levels:           8  (CARRY4=3 LUT3=2 LUT5=1 LUT6=2)
  Clock Path Skew:        -0.070ns (DCD - SCD + CPR)
    Destination Clock Delay (DCD):    4.783ns = ( 13.883 - 9.100 ) 
    Source Clock Delay      (SCD):    5.128ns
    Clock Pessimism Removal (CPR):    0.274ns
  Clock Uncertainty:      0.035ns  ((TSJ^2 + TIJ^2)^1/2 + DJ) / 2 + PE
    Total System Jitter     (TSJ):    0.071ns
    Total Input Jitter      (TIJ):    0.000ns
    Discrete Jitter          (DJ):    0.000ns
    Phase Error              (PE):    0.000ns

    Location             Delay type                Incr(ns)  Path(ns)    Netlist Resource(s)
  -------------------------------------------------------------------    -------------------
                         (clock sys_clk_pin rise edge)
                                                      0.000     0.000 r  <hidden>
                         propagated clock network latency
                                                      5.128     5.128    <hidden>
    RAMB18_X0Y4          RAMB18E1                     0.000     5.128 r  cpu_inst/data_mem_inst/mem_reg/CLKARDCLK
    RAMB18_X0Y4          RAMB18E1 (Prop_ramb18e1_CLKARDCLK_DOADO[5])
                                                      2.454     7.582 r  cpu_inst/data_mem_inst/mem_reg/DOADO[5]
                         net (fo=2, routed)           0.995     8.577    cpu_inst/data_mem_inst/mem_reg_n_10
    SLICE_X9Y4           LUT3 (Prop_lut3_I0_O)        0.124     8.701 r  cpu_inst/data_mem_inst/regs[1][5]_i_1/O
                         net (fo=35, routed)          0.598     9.299    cpu_inst/data_mem_inst/wb_write_data[5]
    SLICE_X9Y5           LUT5 (Prop_lut5_I4_O)        0.124     9.423 r  cpu_inst/data_mem_inst/ex_mem_reg[store_data][5]_i_1/O
                         net (fo=4, routed)           1.141    10.564    cpu_inst/data_mem_inst/ex_store_data[5]
    SLICE_X7Y11          LUT6 (Prop_lut6_I0_O)        0.124    10.688 r  cpu_inst/data_mem_inst/i__carry_i_3/O
                         net (fo=1, routed)           0.000    10.688    cpu_inst/data_mem_inst_n_244
    SLICE_X7Y11          CARRY4 (Prop_carry4_S[1]_CO[3])
                                                      0.550    11.238 r  cpu_inst/ex_branch_taken0_inferred__0/i__carry/CO[3]
                         net (fo=1, routed)           0.000    11.238    cpu_inst/ex_branch_taken0_inferred__0/i__carry_n_0
    SLICE_X7Y12          CARRY4 (Prop_carry4_CI_CO[3])
                                                      0.114    11.352 r  cpu_inst/ex_branch_taken0_inferred__0/i__carry__0/CO[3]
                         net (fo=1, routed)           0.000    11.352    cpu_inst/ex_branch_taken0_inferred__0/i__carry__0_n_0
    SLICE_X7Y13          CARRY4 (Prop_carry4_CI_CO[2])
                                                      0.228    11.580 f  cpu_inst/ex_branch_taken0_inferred__0/i__carry__1/CO[2]
                         net (fo=39, routed)          0.502    12.082    cpu_inst/data_mem_inst/CO[0]
    SLICE_X6Y13          LUT6 (Prop_lut6_I4_O)        0.313    12.395 r  cpu_inst/data_mem_inst/id_ex_reg[imm_ext][12]_i_1/O
                         net (fo=130, routed)         0.666    13.061    cpu_inst/data_mem_inst/id_ex_reg_reg[valid]_1
    SLICE_X9Y12          LUT3 (Prop_lut3_I2_O)        0.124    13.185 r  cpu_inst/data_mem_inst/id_ex_reg[operand_b][31]_i_1/O
                         net (fo=32, routed)          0.606    13.792    cpu_inst/data_mem_inst_n_143
    SLICE_X8Y17          FDRE                                         r  cpu_inst/id_ex_reg_reg[operand_b][25]/R
  -------------------------------------------------------------------    -------------------

                         (clock sys_clk_pin rise edge)
                                                      9.100     9.100 r  <hidden>
                         propagated clock network latency
                                                      4.783    13.883    <hidden>
                         clock pessimism              0.274    14.157    <hidden>
                         clock uncertainty           -0.035    14.122    <hidden>
    SLICE_X8Y17          FDRE (Setup_fdre_C_R)       -0.524    13.598    cpu_inst/id_ex_reg_reg[operand_b][25]
  -------------------------------------------------------------------
                         required time                         13.598    <hidden>
                         arrival time                         -13.792    <hidden>
  -------------------------------------------------------------------
                         slack                                 -0.194    <hidden>

Slack (VIOLATED) :        -0.194ns  (required time - arrival time)
  Source:                 cpu_inst/data_mem_inst/mem_reg/CLKARDCLK
                            (rising edge-triggered cell RAMB18E1 clocked by sys_clk_pin  {rise@0.000ns fall@4.550ns period=9.100ns})
  Destination:            cpu_inst/id_ex_reg_reg[operand_b][26]/R
                            (rising edge-triggered cell FDRE clocked by sys_clk_pin  {rise@0.000ns fall@4.550ns period=9.100ns})
  Path Group:             sys_clk_pin
  Path Type:              Setup (Max at Slow Process Corner)
  Requirement:            9.100ns  (sys_clk_pin rise@9.100ns - sys_clk_pin rise@0.000ns)
  Data Path Delay:        8.664ns  (logic 4.155ns (47.956%)  route 4.509ns (52.044%))
  Logic Levels:           8  (CARRY4=3 LUT3=2 LUT5=1 LUT6=2)
  Clock Path Skew:        -0.070ns (DCD - SCD + CPR)
    Destination Clock Delay (DCD):    4.783ns = ( 13.883 - 9.100 ) 
    Source Clock Delay      (SCD):    5.128ns
    Clock Pessimism Removal (CPR):    0.274ns
  Clock Uncertainty:      0.035ns  ((TSJ^2 + TIJ^2)^1/2 + DJ) / 2 + PE
    Total System Jitter     (TSJ):    0.071ns
    Total Input Jitter      (TIJ):    0.000ns
    Discrete Jitter          (DJ):    0.000ns
    Phase Error              (PE):    0.000ns

    Location             Delay type                Incr(ns)  Path(ns)    Netlist Resource(s)
  -------------------------------------------------------------------    -------------------
                         (clock sys_clk_pin rise edge)
                                                      0.000     0.000 r  <hidden>
                         propagated clock network latency
                                                      5.128     5.128    <hidden>
    RAMB18_X0Y4          RAMB18E1                     0.000     5.128 r  cpu_inst/data_mem_inst/mem_reg/CLKARDCLK
    RAMB18_X0Y4          RAMB18E1 (Prop_ramb18e1_CLKARDCLK_DOADO[5])
                                                      2.454     7.582 r  cpu_inst/data_mem_inst/mem_reg/DOADO[5]
                         net (fo=2, routed)           0.995     8.577    cpu_inst/data_mem_inst/mem_reg_n_10
    SLICE_X9Y4           LUT3 (Prop_lut3_I0_O)        0.124     8.701 r  cpu_inst/data_mem_inst/regs[1][5]_i_1/O
                         net (fo=35, routed)          0.598     9.299    cpu_inst/data_mem_inst/wb_write_data[5]
    SLICE_X9Y5           LUT5 (Prop_lut5_I4_O)        0.124     9.423 r  cpu_inst/data_mem_inst/ex_mem_reg[store_data][5]_i_1/O
                         net (fo=4, routed)           1.141    10.564    cpu_inst/data_mem_inst/ex_store_data[5]
    SLICE_X7Y11          LUT6 (Prop_lut6_I0_O)        0.124    10.688 r  cpu_inst/data_mem_inst/i__carry_i_3/O
                         net (fo=1, routed)           0.000    10.688    cpu_inst/data_mem_inst_n_244
    SLICE_X7Y11          CARRY4 (Prop_carry4_S[1]_CO[3])
                                                      0.550    11.238 r  cpu_inst/ex_branch_taken0_inferred__0/i__carry/CO[3]
                         net (fo=1, routed)           0.000    11.238    cpu_inst/ex_branch_taken0_inferred__0/i__carry_n_0
    SLICE_X7Y12          CARRY4 (Prop_carry4_CI_CO[3])
                                                      0.114    11.352 r  cpu_inst/ex_branch_taken0_inferred__0/i__carry__0/CO[3]
                         net (fo=1, routed)           0.000    11.352    cpu_inst/ex_branch_taken0_inferred__0/i__carry__0_n_0
    SLICE_X7Y13          CARRY4 (Prop_carry4_CI_CO[2])
                                                      0.228    11.580 f  cpu_inst/ex_branch_taken0_inferred__0/i__carry__1/CO[2]
                         net (fo=39, routed)          0.502    12.082    cpu_inst/data_mem_inst/CO[0]
    SLICE_X6Y13          LUT6 (Prop_lut6_I4_O)        0.313    12.395 r  cpu_inst/data_mem_inst/id_ex_reg[imm_ext][12]_i_1/O
                         net (fo=130, routed)         0.666    13.061    cpu_inst/data_mem_inst/id_ex_reg_reg[valid]_1
    SLICE_X9Y12          LUT3 (Prop_lut3_I2_O)        0.124    13.185 r  cpu_inst/data_mem_inst/id_ex_reg[operand_b][31]_i_1/O
                         net (fo=32, routed)          0.606    13.792    cpu_inst/data_mem_inst_n_143
    SLICE_X8Y17          FDRE                                         r  cpu_inst/id_ex_reg_reg[operand_b][26]/R
  -------------------------------------------------------------------    -------------------

                         (clock sys_clk_pin rise edge)
                                                      9.100     9.100 r  <hidden>
                         propagated clock network latency
                                                      4.783    13.883    <hidden>
                         clock pessimism              0.274    14.157    <hidden>
                         clock uncertainty           -0.035    14.122    <hidden>
    SLICE_X8Y17          FDRE (Setup_fdre_C_R)       -0.524    13.598    cpu_inst/id_ex_reg_reg[operand_b][26]
  -------------------------------------------------------------------
                         required time                         13.598    <hidden>
                         arrival time                         -13.792    <hidden>
  -------------------------------------------------------------------
                         slack                                 -0.194    <hidden>

Slack (VIOLATED) :        -0.194ns  (required time - arrival time)
  Source:                 cpu_inst/data_mem_inst/mem_reg/CLKARDCLK
                            (rising edge-triggered cell RAMB18E1 clocked by sys_clk_pin  {rise@0.000ns fall@4.550ns period=9.100ns})
  Destination:            cpu_inst/id_ex_reg_reg[operand_b][3]/R
                            (rising edge-triggered cell FDRE clocked by sys_clk_pin  {rise@0.000ns fall@4.550ns period=9.100ns})
  Path Group:             sys_clk_pin
  Path Type:              Setup (Max at Slow Process Corner)
  Requirement:            9.100ns  (sys_clk_pin rise@9.100ns - sys_clk_pin rise@0.000ns)
  Data Path Delay:        8.664ns  (logic 4.155ns (47.956%)  route 4.509ns (52.044%))
  Logic Levels:           8  (CARRY4=3 LUT3=2 LUT5=1 LUT6=2)
  Clock Path Skew:        -0.070ns (DCD - SCD + CPR)
    Destination Clock Delay (DCD):    4.783ns = ( 13.883 - 9.100 ) 
    Source Clock Delay      (SCD):    5.128ns
    Clock Pessimism Removal (CPR):    0.274ns
  Clock Uncertainty:      0.035ns  ((TSJ^2 + TIJ^2)^1/2 + DJ) / 2 + PE
    Total System Jitter     (TSJ):    0.071ns
    Total Input Jitter      (TIJ):    0.000ns
    Discrete Jitter          (DJ):    0.000ns
    Phase Error              (PE):    0.000ns

    Location             Delay type                Incr(ns)  Path(ns)    Netlist Resource(s)
  -------------------------------------------------------------------    -------------------
                         (clock sys_clk_pin rise edge)
                                                      0.000     0.000 r  <hidden>
                         propagated clock network latency
                                                      5.128     5.128    <hidden>
    RAMB18_X0Y4          RAMB18E1                     0.000     5.128 r  cpu_inst/data_mem_inst/mem_reg/CLKARDCLK
    RAMB18_X0Y4          RAMB18E1 (Prop_ramb18e1_CLKARDCLK_DOADO[5])
                                                      2.454     7.582 r  cpu_inst/data_mem_inst/mem_reg/DOADO[5]
                         net (fo=2, routed)           0.995     8.577    cpu_inst/data_mem_inst/mem_reg_n_10
    SLICE_X9Y4           LUT3 (Prop_lut3_I0_O)        0.124     8.701 r  cpu_inst/data_mem_inst/regs[1][5]_i_1/O
                         net (fo=35, routed)          0.598     9.299    cpu_inst/data_mem_inst/wb_write_data[5]
    SLICE_X9Y5           LUT5 (Prop_lut5_I4_O)        0.124     9.423 r  cpu_inst/data_mem_inst/ex_mem_reg[store_data][5]_i_1/O
                         net (fo=4, routed)           1.141    10.564    cpu_inst/data_mem_inst/ex_store_data[5]
    SLICE_X7Y11          LUT6 (Prop_lut6_I0_O)        0.124    10.688 r  cpu_inst/data_mem_inst/i__carry_i_3/O
                         net (fo=1, routed)           0.000    10.688    cpu_inst/data_mem_inst_n_244
    SLICE_X7Y11          CARRY4 (Prop_carry4_S[1]_CO[3])
                                                      0.550    11.238 r  cpu_inst/ex_branch_taken0_inferred__0/i__carry/CO[3]
                         net (fo=1, routed)           0.000    11.238    cpu_inst/ex_branch_taken0_inferred__0/i__carry_n_0
    SLICE_X7Y12          CARRY4 (Prop_carry4_CI_CO[3])
                                                      0.114    11.352 r  cpu_inst/ex_branch_taken0_inferred__0/i__carry__0/CO[3]
                         net (fo=1, routed)           0.000    11.352    cpu_inst/ex_branch_taken0_inferred__0/i__carry__0_n_0
    SLICE_X7Y13          CARRY4 (Prop_carry4_CI_CO[2])
                                                      0.228    11.580 f  cpu_inst/ex_branch_taken0_inferred__0/i__carry__1/CO[2]
                         net (fo=39, routed)          0.502    12.082    cpu_inst/data_mem_inst/CO[0]
    SLICE_X6Y13          LUT6 (Prop_lut6_I4_O)        0.313    12.395 r  cpu_inst/data_mem_inst/id_ex_reg[imm_ext][12]_i_1/O
                         net (fo=130, routed)         0.666    13.061    cpu_inst/data_mem_inst/id_ex_reg_reg[valid]_1
    SLICE_X9Y12          LUT3 (Prop_lut3_I2_O)        0.124    13.185 r  cpu_inst/data_mem_inst/id_ex_reg[operand_b][31]_i_1/O
                         net (fo=32, routed)          0.606    13.792    cpu_inst/data_mem_inst_n_143
    SLICE_X8Y17          FDRE                                         r  cpu_inst/id_ex_reg_reg[operand_b][3]/R
  -------------------------------------------------------------------    -------------------

                         (clock sys_clk_pin rise edge)
                                                      9.100     9.100 r  <hidden>
                         propagated clock network latency
                                                      4.783    13.883    <hidden>
                         clock pessimism              0.274    14.157    <hidden>
                         clock uncertainty           -0.035    14.122    <hidden>
    SLICE_X8Y17          FDRE (Setup_fdre_C_R)       -0.524    13.598    cpu_inst/id_ex_reg_reg[operand_b][3]
  -------------------------------------------------------------------
                         required time                         13.598    <hidden>
                         arrival time                         -13.792    <hidden>
  -------------------------------------------------------------------
                         slack                                 -0.194    <hidden>

Slack (VIOLATED) :        -0.176ns  (required time - arrival time)
  Source:                 cpu_inst/data_mem_inst/mem_reg/CLKARDCLK
                            (rising edge-triggered cell RAMB18E1 clocked by sys_clk_pin  {rise@0.000ns fall@4.550ns period=9.100ns})
  Destination:            cpu_inst/id_ex_reg_reg[operand_b][7]/R
                            (rising edge-triggered cell FDRE clocked by sys_clk_pin  {rise@0.000ns fall@4.550ns period=9.100ns})
  Path Group:             sys_clk_pin
  Path Type:              Setup (Max at Slow Process Corner)
  Requirement:            9.100ns  (sys_clk_pin rise@9.100ns - sys_clk_pin rise@0.000ns)
  Data Path Delay:        8.731ns  (logic 4.155ns (47.587%)  route 4.576ns (52.413%))
  Logic Levels:           8  (CARRY4=3 LUT3=2 LUT5=1 LUT6=2)
  Clock Path Skew:        -0.080ns (DCD - SCD + CPR)
    Destination Clock Delay (DCD):    4.787ns = ( 13.887 - 9.100 ) 
    Source Clock Delay      (SCD):    5.128ns
    Clock Pessimism Removal (CPR):    0.260ns
  Clock Uncertainty:      0.035ns  ((TSJ^2 + TIJ^2)^1/2 + DJ) / 2 + PE
    Total System Jitter     (TSJ):    0.071ns
    Total Input Jitter      (TIJ):    0.000ns
    Discrete Jitter          (DJ):    0.000ns
    Phase Error              (PE):    0.000ns

    Location             Delay type                Incr(ns)  Path(ns)    Netlist Resource(s)
  -------------------------------------------------------------------    -------------------
                         (clock sys_clk_pin rise edge)
                                                      0.000     0.000 r  <hidden>
                         propagated clock network latency
                                                      5.128     5.128    <hidden>
    RAMB18_X0Y4          RAMB18E1                     0.000     5.128 r  cpu_inst/data_mem_inst/mem_reg/CLKARDCLK
    RAMB18_X0Y4          RAMB18E1 (Prop_ramb18e1_CLKARDCLK_DOADO[5])
                                                      2.454     7.582 r  cpu_inst/data_mem_inst/mem_reg/DOADO[5]
                         net (fo=2, routed)           0.995     8.577    cpu_inst/data_mem_inst/mem_reg_n_10
    SLICE_X9Y4           LUT3 (Prop_lut3_I0_O)        0.124     8.701 r  cpu_inst/data_mem_inst/regs[1][5]_i_1/O
                         net (fo=35, routed)          0.598     9.299    cpu_inst/data_mem_inst/wb_write_data[5]
    SLICE_X9Y5           LUT5 (Prop_lut5_I4_O)        0.124     9.423 r  cpu_inst/data_mem_inst/ex_mem_reg[store_data][5]_i_1/O
                         net (fo=4, routed)           1.141    10.564    cpu_inst/data_mem_inst/ex_store_data[5]
    SLICE_X7Y11          LUT6 (Prop_lut6_I0_O)        0.124    10.688 r  cpu_inst/data_mem_inst/i__carry_i_3/O
                         net (fo=1, routed)           0.000    10.688    cpu_inst/data_mem_inst_n_244
    SLICE_X7Y11          CARRY4 (Prop_carry4_S[1]_CO[3])
                                                      0.550    11.238 r  cpu_inst/ex_branch_taken0_inferred__0/i__carry/CO[3]
                         net (fo=1, routed)           0.000    11.238    cpu_inst/ex_branch_taken0_inferred__0/i__carry_n_0
    SLICE_X7Y12          CARRY4 (Prop_carry4_CI_CO[3])
                                                      0.114    11.352 r  cpu_inst/ex_branch_taken0_inferred__0/i__carry__0/CO[3]
                         net (fo=1, routed)           0.000    11.352    cpu_inst/ex_branch_taken0_inferred__0/i__carry__0_n_0
    SLICE_X7Y13          CARRY4 (Prop_carry4_CI_CO[2])
                                                      0.228    11.580 f  cpu_inst/ex_branch_taken0_inferred__0/i__carry__1/CO[2]
                         net (fo=39, routed)          0.502    12.082    cpu_inst/data_mem_inst/CO[0]
    SLICE_X6Y13          LUT6 (Prop_lut6_I4_O)        0.313    12.395 r  cpu_inst/data_mem_inst/id_ex_reg[imm_ext][12]_i_1/O
                         net (fo=130, routed)         0.666    13.061    cpu_inst/data_mem_inst/id_ex_reg_reg[valid]_1
    SLICE_X9Y12          LUT3 (Prop_lut3_I2_O)        0.124    13.185 r  cpu_inst/data_mem_inst/id_ex_reg[operand_b][31]_i_1/O
                         net (fo=32, routed)          0.674    13.859    cpu_inst/data_mem_inst_n_143
    SLICE_X11Y13         FDRE                                         r  cpu_inst/id_ex_reg_reg[operand_b][7]/R
  -------------------------------------------------------------------    -------------------

                         (clock sys_clk_pin rise edge)
                                                      9.100     9.100 r  <hidden>
                         propagated clock network latency
                                                      4.787    13.887    <hidden>
                         clock pessimism              0.260    14.147    <hidden>
                         clock uncertainty           -0.035    14.112    <hidden>
    SLICE_X11Y13         FDRE (Setup_fdre_C_R)       -0.429    13.683    cpu_inst/id_ex_reg_reg[operand_b][7]
  -------------------------------------------------------------------
                         required time                         13.683    <hidden>
                         arrival time                         -13.859    <hidden>
  -------------------------------------------------------------------
                         slack                                 -0.176    <hidden>

Slack (VIOLATED) :        -0.175ns  (required time - arrival time)
  Source:                 cpu_inst/data_mem_inst/mem_reg/CLKARDCLK
                            (rising edge-triggered cell RAMB18E1 clocked by sys_clk_pin  {rise@0.000ns fall@4.550ns period=9.100ns})
  Destination:            cpu_inst/id_ex_reg_reg[operand_b][16]/R
                            (rising edge-triggered cell FDRE clocked by sys_clk_pin  {rise@0.000ns fall@4.550ns period=9.100ns})
  Path Group:             sys_clk_pin
  Path Type:              Setup (Max at Slow Process Corner)
  Requirement:            9.100ns  (sys_clk_pin rise@9.100ns - sys_clk_pin rise@0.000ns)
  Data Path Delay:        8.653ns  (logic 4.155ns (48.019%)  route 4.498ns (51.981%))
  Logic Levels:           8  (CARRY4=3 LUT3=2 LUT5=1 LUT6=2)
  Clock Path Skew:        -0.062ns (DCD - SCD + CPR)
    Destination Clock Delay (DCD):    4.791ns = ( 13.891 - 9.100 ) 
    Source Clock Delay      (SCD):    5.128ns
    Clock Pessimism Removal (CPR):    0.274ns
  Clock Uncertainty:      0.035ns  ((TSJ^2 + TIJ^2)^1/2 + DJ) / 2 + PE
    Total System Jitter     (TSJ):    0.071ns
    Total Input Jitter      (TIJ):    0.000ns
    Discrete Jitter          (DJ):    0.000ns
    Phase Error              (PE):    0.000ns

    Location             Delay type                Incr(ns)  Path(ns)    Netlist Resource(s)
  -------------------------------------------------------------------    -------------------
                         (clock sys_clk_pin rise edge)
                                                      0.000     0.000 r  <hidden>
                         propagated clock network latency
                                                      5.128     5.128    <hidden>
    RAMB18_X0Y4          RAMB18E1                     0.000     5.128 r  cpu_inst/data_mem_inst/mem_reg/CLKARDCLK
    RAMB18_X0Y4          RAMB18E1 (Prop_ramb18e1_CLKARDCLK_DOADO[5])
                                                      2.454     7.582 r  cpu_inst/data_mem_inst/mem_reg/DOADO[5]
                         net (fo=2, routed)           0.995     8.577    cpu_inst/data_mem_inst/mem_reg_n_10
    SLICE_X9Y4           LUT3 (Prop_lut3_I0_O)        0.124     8.701 r  cpu_inst/data_mem_inst/regs[1][5]_i_1/O
                         net (fo=35, routed)          0.598     9.299    cpu_inst/data_mem_inst/wb_write_data[5]
    SLICE_X9Y5           LUT5 (Prop_lut5_I4_O)        0.124     9.423 r  cpu_inst/data_mem_inst/ex_mem_reg[store_data][5]_i_1/O
                         net (fo=4, routed)           1.141    10.564    cpu_inst/data_mem_inst/ex_store_data[5]
    SLICE_X7Y11          LUT6 (Prop_lut6_I0_O)        0.124    10.688 r  cpu_inst/data_mem_inst/i__carry_i_3/O
                         net (fo=1, routed)           0.000    10.688    cpu_inst/data_mem_inst_n_244
    SLICE_X7Y11          CARRY4 (Prop_carry4_S[1]_CO[3])
                                                      0.550    11.238 r  cpu_inst/ex_branch_taken0_inferred__0/i__carry/CO[3]
                         net (fo=1, routed)           0.000    11.238    cpu_inst/ex_branch_taken0_inferred__0/i__carry_n_0
    SLICE_X7Y12          CARRY4 (Prop_carry4_CI_CO[3])
                                                      0.114    11.352 r  cpu_inst/ex_branch_taken0_inferred__0/i__carry__0/CO[3]
                         net (fo=1, routed)           0.000    11.352    cpu_inst/ex_branch_taken0_inferred__0/i__carry__0_n_0
    SLICE_X7Y13          CARRY4 (Prop_carry4_CI_CO[2])
                                                      0.228    11.580 f  cpu_inst/ex_branch_taken0_inferred__0/i__carry__1/CO[2]
                         net (fo=39, routed)          0.502    12.082    cpu_inst/data_mem_inst/CO[0]
    SLICE_X6Y13          LUT6 (Prop_lut6_I4_O)        0.313    12.395 r  cpu_inst/data_mem_inst/id_ex_reg[imm_ext][12]_i_1/O
                         net (fo=130, routed)         0.666    13.061    cpu_inst/data_mem_inst/id_ex_reg_reg[valid]_1
    SLICE_X9Y12          LUT3 (Prop_lut3_I2_O)        0.124    13.185 r  cpu_inst/data_mem_inst/id_ex_reg[operand_b][31]_i_1/O
                         net (fo=32, routed)          0.595    13.781    cpu_inst/data_mem_inst_n_143
    SLICE_X8Y4           FDRE                                         r  cpu_inst/id_ex_reg_reg[operand_b][16]/R
  -------------------------------------------------------------------    -------------------

                         (clock sys_clk_pin rise edge)
                                                      9.100     9.100 r  <hidden>
                         propagated clock network latency
                                                      4.791    13.891    <hidden>
                         clock pessimism              0.274    14.165    <hidden>
                         clock uncertainty           -0.035    14.130    <hidden>
    SLICE_X8Y4           FDRE (Setup_fdre_C_R)       -0.524    13.606    cpu_inst/id_ex_reg_reg[operand_b][16]
  -------------------------------------------------------------------
                         required time                         13.606    <hidden>
                         arrival time                         -13.781    <hidden>
  -------------------------------------------------------------------
                         slack                                 -0.175    <hidden>

Slack (VIOLATED) :        -0.175ns  (required time - arrival time)
  Source:                 cpu_inst/data_mem_inst/mem_reg/CLKARDCLK
                            (rising edge-triggered cell RAMB18E1 clocked by sys_clk_pin  {rise@0.000ns fall@4.550ns period=9.100ns})
  Destination:            cpu_inst/id_ex_reg_reg[operand_b][17]/R
                            (rising edge-triggered cell FDRE clocked by sys_clk_pin  {rise@0.000ns fall@4.550ns period=9.100ns})
  Path Group:             sys_clk_pin
  Path Type:              Setup (Max at Slow Process Corner)
  Requirement:            9.100ns  (sys_clk_pin rise@9.100ns - sys_clk_pin rise@0.000ns)
  Data Path Delay:        8.653ns  (logic 4.155ns (48.019%)  route 4.498ns (51.981%))
  Logic Levels:           8  (CARRY4=3 LUT3=2 LUT5=1 LUT6=2)
  Clock Path Skew:        -0.062ns (DCD - SCD + CPR)
    Destination Clock Delay (DCD):    4.791ns = ( 13.891 - 9.100 ) 
    Source Clock Delay      (SCD):    5.128ns
    Clock Pessimism Removal (CPR):    0.274ns
  Clock Uncertainty:      0.035ns  ((TSJ^2 + TIJ^2)^1/2 + DJ) / 2 + PE
    Total System Jitter     (TSJ):    0.071ns
    Total Input Jitter      (TIJ):    0.000ns
    Discrete Jitter          (DJ):    0.000ns
    Phase Error              (PE):    0.000ns

    Location             Delay type                Incr(ns)  Path(ns)    Netlist Resource(s)
  -------------------------------------------------------------------    -------------------
                         (clock sys_clk_pin rise edge)
                                                      0.000     0.000 r  <hidden>
                         propagated clock network latency
                                                      5.128     5.128    <hidden>
    RAMB18_X0Y4          RAMB18E1                     0.000     5.128 r  cpu_inst/data_mem_inst/mem_reg/CLKARDCLK
    RAMB18_X0Y4          RAMB18E1 (Prop_ramb18e1_CLKARDCLK_DOADO[5])
                                                      2.454     7.582 r  cpu_inst/data_mem_inst/mem_reg/DOADO[5]
                         net (fo=2, routed)           0.995     8.577    cpu_inst/data_mem_inst/mem_reg_n_10
    SLICE_X9Y4           LUT3 (Prop_lut3_I0_O)        0.124     8.701 r  cpu_inst/data_mem_inst/regs[1][5]_i_1/O
                         net (fo=35, routed)          0.598     9.299    cpu_inst/data_mem_inst/wb_write_data[5]
    SLICE_X9Y5           LUT5 (Prop_lut5_I4_O)        0.124     9.423 r  cpu_inst/data_mem_inst/ex_mem_reg[store_data][5]_i_1/O
                         net (fo=4, routed)           1.141    10.564    cpu_inst/data_mem_inst/ex_store_data[5]
    SLICE_X7Y11          LUT6 (Prop_lut6_I0_O)        0.124    10.688 r  cpu_inst/data_mem_inst/i__carry_i_3/O
                         net (fo=1, routed)           0.000    10.688    cpu_inst/data_mem_inst_n_244
    SLICE_X7Y11          CARRY4 (Prop_carry4_S[1]_CO[3])
                                                      0.550    11.238 r  cpu_inst/ex_branch_taken0_inferred__0/i__carry/CO[3]
                         net (fo=1, routed)           0.000    11.238    cpu_inst/ex_branch_taken0_inferred__0/i__carry_n_0
    SLICE_X7Y12          CARRY4 (Prop_carry4_CI_CO[3])
                                                      0.114    11.352 r  cpu_inst/ex_branch_taken0_inferred__0/i__carry__0/CO[3]
                         net (fo=1, routed)           0.000    11.352    cpu_inst/ex_branch_taken0_inferred__0/i__carry__0_n_0
    SLICE_X7Y13          CARRY4 (Prop_carry4_CI_CO[2])
                                                      0.228    11.580 f  cpu_inst/ex_branch_taken0_inferred__0/i__carry__1/CO[2]
                         net (fo=39, routed)          0.502    12.082    cpu_inst/data_mem_inst/CO[0]
    SLICE_X6Y13          LUT6 (Prop_lut6_I4_O)        0.313    12.395 r  cpu_inst/data_mem_inst/id_ex_reg[imm_ext][12]_i_1/O
                         net (fo=130, routed)         0.666    13.061    cpu_inst/data_mem_inst/id_ex_reg_reg[valid]_1
    SLICE_X9Y12          LUT3 (Prop_lut3_I2_O)        0.124    13.185 r  cpu_inst/data_mem_inst/id_ex_reg[operand_b][31]_i_1/O
                         net (fo=32, routed)          0.595    13.781    cpu_inst/data_mem_inst_n_143
    SLICE_X8Y4           FDRE                                         r  cpu_inst/id_ex_reg_reg[operand_b][17]/R
  -------------------------------------------------------------------    -------------------

                         (clock sys_clk_pin rise edge)
                                                      9.100     9.100 r  <hidden>
                         propagated clock network latency
                                                      4.791    13.891    <hidden>
                         clock pessimism              0.274    14.165    <hidden>
                         clock uncertainty           -0.035    14.130    <hidden>
    SLICE_X8Y4           FDRE (Setup_fdre_C_R)       -0.524    13.606    cpu_inst/id_ex_reg_reg[operand_b][17]
  -------------------------------------------------------------------
                         required time                         13.606    <hidden>
                         arrival time                         -13.781    <hidden>
  -------------------------------------------------------------------
                         slack                                 -0.175    <hidden>

Slack (VIOLATED) :        -0.175ns  (required time - arrival time)
  Source:                 cpu_inst/data_mem_inst/mem_reg/CLKARDCLK
                            (rising edge-triggered cell RAMB18E1 clocked by sys_clk_pin  {rise@0.000ns fall@4.550ns period=9.100ns})
  Destination:            cpu_inst/id_ex_reg_reg[operand_b][4]/R
                            (rising edge-triggered cell FDRE clocked by sys_clk_pin  {rise@0.000ns fall@4.550ns period=9.100ns})
  Path Group:             sys_clk_pin
  Path Type:              Setup (Max at Slow Process Corner)
  Requirement:            9.100ns  (sys_clk_pin rise@9.100ns - sys_clk_pin rise@0.000ns)
  Data Path Delay:        8.653ns  (logic 4.155ns (48.019%)  route 4.498ns (51.981%))
  Logic Levels:           8  (CARRY4=3 LUT3=2 LUT5=1 LUT6=2)
  Clock Path Skew:        -0.062ns (DCD - SCD + CPR)
    Destination Clock Delay (DCD):    4.791ns = ( 13.891 - 9.100 ) 
    Source Clock Delay      (SCD):    5.128ns
    Clock Pessimism Removal (CPR):    0.274ns
  Clock Uncertainty:      0.035ns  ((TSJ^2 + TIJ^2)^1/2 + DJ) / 2 + PE
    Total System Jitter     (TSJ):    0.071ns
    Total Input Jitter      (TIJ):    0.000ns
    Discrete Jitter          (DJ):    0.000ns
    Phase Error              (PE):    0.000ns

    Location             Delay type                Incr(ns)  Path(ns)    Netlist Resource(s)
  -------------------------------------------------------------------    -------------------
                         (clock sys_clk_pin rise edge)
                                                      0.000     0.000 r  <hidden>
                         propagated clock network latency
                                                      5.128     5.128    <hidden>
    RAMB18_X0Y4          RAMB18E1                     0.000     5.128 r  cpu_inst/data_mem_inst/mem_reg/CLKARDCLK
    RAMB18_X0Y4          RAMB18E1 (Prop_ramb18e1_CLKARDCLK_DOADO[5])
                                                      2.454     7.582 r  cpu_inst/data_mem_inst/mem_reg/DOADO[5]
                         net (fo=2, routed)           0.995     8.577    cpu_inst/data_mem_inst/mem_reg_n_10
    SLICE_X9Y4           LUT3 (Prop_lut3_I0_O)        0.124     8.701 r  cpu_inst/data_mem_inst/regs[1][5]_i_1/O
                         net (fo=35, routed)          0.598     9.299    cpu_inst/data_mem_inst/wb_write_data[5]
    SLICE_X9Y5           LUT5 (Prop_lut5_I4_O)        0.124     9.423 r  cpu_inst/data_mem_inst/ex_mem_reg[store_data][5]_i_1/O
                         net (fo=4, routed)           1.141    10.564    cpu_inst/data_mem_inst/ex_store_data[5]
    SLICE_X7Y11          LUT6 (Prop_lut6_I0_O)        0.124    10.688 r  cpu_inst/data_mem_inst/i__carry_i_3/O
                         net (fo=1, routed)           0.000    10.688    cpu_inst/data_mem_inst_n_244
    SLICE_X7Y11          CARRY4 (Prop_carry4_S[1]_CO[3])
                                                      0.550    11.238 r  cpu_inst/ex_branch_taken0_inferred__0/i__carry/CO[3]
                         net (fo=1, routed)           0.000    11.238    cpu_inst/ex_branch_taken0_inferred__0/i__carry_n_0
    SLICE_X7Y12          CARRY4 (Prop_carry4_CI_CO[3])
                                                      0.114    11.352 r  cpu_inst/ex_branch_taken0_inferred__0/i__carry__0/CO[3]
                         net (fo=1, routed)           0.000    11.352    cpu_inst/ex_branch_taken0_inferred__0/i__carry__0_n_0
    SLICE_X7Y13          CARRY4 (Prop_carry4_CI_CO[2])
                                                      0.228    11.580 f  cpu_inst/ex_branch_taken0_inferred__0/i__carry__1/CO[2]
                         net (fo=39, routed)          0.502    12.082    cpu_inst/data_mem_inst/CO[0]
    SLICE_X6Y13          LUT6 (Prop_lut6_I4_O)        0.313    12.395 r  cpu_inst/data_mem_inst/id_ex_reg[imm_ext][12]_i_1/O
                         net (fo=130, routed)         0.666    13.061    cpu_inst/data_mem_inst/id_ex_reg_reg[valid]_1
    SLICE_X9Y12          LUT3 (Prop_lut3_I2_O)        0.124    13.185 r  cpu_inst/data_mem_inst/id_ex_reg[operand_b][31]_i_1/O
                         net (fo=32, routed)          0.595    13.781    cpu_inst/data_mem_inst_n_143
    SLICE_X8Y4           FDRE                                         r  cpu_inst/id_ex_reg_reg[operand_b][4]/R
  -------------------------------------------------------------------    -------------------

                         (clock sys_clk_pin rise edge)
                                                      9.100     9.100 r  <hidden>
                         propagated clock network latency
                                                      4.791    13.891    <hidden>
                         clock pessimism              0.274    14.165    <hidden>
                         clock uncertainty           -0.035    14.130    <hidden>
    SLICE_X8Y4           FDRE (Setup_fdre_C_R)       -0.524    13.606    cpu_inst/id_ex_reg_reg[operand_b][4]
  -------------------------------------------------------------------
                         required time                         13.606    <hidden>
                         arrival time                         -13.781    <hidden>
  -------------------------------------------------------------------
                         slack                                 -0.175    <hidden>

Slack (VIOLATED) :        -0.175ns  (required time - arrival time)
  Source:                 cpu_inst/data_mem_inst/mem_reg/CLKARDCLK
                            (rising edge-triggered cell RAMB18E1 clocked by sys_clk_pin  {rise@0.000ns fall@4.550ns period=9.100ns})
  Destination:            cpu_inst/id_ex_reg_reg[operand_b][5]/R
                            (rising edge-triggered cell FDRE clocked by sys_clk_pin  {rise@0.000ns fall@4.550ns period=9.100ns})
  Path Group:             sys_clk_pin
  Path Type:              Setup (Max at Slow Process Corner)
  Requirement:            9.100ns  (sys_clk_pin rise@9.100ns - sys_clk_pin rise@0.000ns)
  Data Path Delay:        8.653ns  (logic 4.155ns (48.019%)  route 4.498ns (51.981%))
  Logic Levels:           8  (CARRY4=3 LUT3=2 LUT5=1 LUT6=2)
  Clock Path Skew:        -0.062ns (DCD - SCD + CPR)
    Destination Clock Delay (DCD):    4.791ns = ( 13.891 - 9.100 ) 
    Source Clock Delay      (SCD):    5.128ns
    Clock Pessimism Removal (CPR):    0.274ns
  Clock Uncertainty:      0.035ns  ((TSJ^2 + TIJ^2)^1/2 + DJ) / 2 + PE
    Total System Jitter     (TSJ):    0.071ns
    Total Input Jitter      (TIJ):    0.000ns
    Discrete Jitter          (DJ):    0.000ns
    Phase Error              (PE):    0.000ns

    Location             Delay type                Incr(ns)  Path(ns)    Netlist Resource(s)
  -------------------------------------------------------------------    -------------------
                         (clock sys_clk_pin rise edge)
                                                      0.000     0.000 r  <hidden>
                         propagated clock network latency
                                                      5.128     5.128    <hidden>
    RAMB18_X0Y4          RAMB18E1                     0.000     5.128 r  cpu_inst/data_mem_inst/mem_reg/CLKARDCLK
    RAMB18_X0Y4          RAMB18E1 (Prop_ramb18e1_CLKARDCLK_DOADO[5])
                                                      2.454     7.582 r  cpu_inst/data_mem_inst/mem_reg/DOADO[5]
                         net (fo=2, routed)           0.995     8.577    cpu_inst/data_mem_inst/mem_reg_n_10
    SLICE_X9Y4           LUT3 (Prop_lut3_I0_O)        0.124     8.701 r  cpu_inst/data_mem_inst/regs[1][5]_i_1/O
                         net (fo=35, routed)          0.598     9.299    cpu_inst/data_mem_inst/wb_write_data[5]
    SLICE_X9Y5           LUT5 (Prop_lut5_I4_O)        0.124     9.423 r  cpu_inst/data_mem_inst/ex_mem_reg[store_data][5]_i_1/O
                         net (fo=4, routed)           1.141    10.564    cpu_inst/data_mem_inst/ex_store_data[5]
    SLICE_X7Y11          LUT6 (Prop_lut6_I0_O)        0.124    10.688 r  cpu_inst/data_mem_inst/i__carry_i_3/O
                         net (fo=1, routed)           0.000    10.688    cpu_inst/data_mem_inst_n_244
    SLICE_X7Y11          CARRY4 (Prop_carry4_S[1]_CO[3])
                                                      0.550    11.238 r  cpu_inst/ex_branch_taken0_inferred__0/i__carry/CO[3]
                         net (fo=1, routed)           0.000    11.238    cpu_inst/ex_branch_taken0_inferred__0/i__carry_n_0
    SLICE_X7Y12          CARRY4 (Prop_carry4_CI_CO[3])
                                                      0.114    11.352 r  cpu_inst/ex_branch_taken0_inferred__0/i__carry__0/CO[3]
                         net (fo=1, routed)           0.000    11.352    cpu_inst/ex_branch_taken0_inferred__0/i__carry__0_n_0
    SLICE_X7Y13          CARRY4 (Prop_carry4_CI_CO[2])
                                                      0.228    11.580 f  cpu_inst/ex_branch_taken0_inferred__0/i__carry__1/CO[2]
                         net (fo=39, routed)          0.502    12.082    cpu_inst/data_mem_inst/CO[0]
    SLICE_X6Y13          LUT6 (Prop_lut6_I4_O)        0.313    12.395 r  cpu_inst/data_mem_inst/id_ex_reg[imm_ext][12]_i_1/O
                         net (fo=130, routed)         0.666    13.061    cpu_inst/data_mem_inst/id_ex_reg_reg[valid]_1
    SLICE_X9Y12          LUT3 (Prop_lut3_I2_O)        0.124    13.185 r  cpu_inst/data_mem_inst/id_ex_reg[operand_b][31]_i_1/O
                         net (fo=32, routed)          0.595    13.781    cpu_inst/data_mem_inst_n_143
    SLICE_X8Y4           FDRE                                         r  cpu_inst/id_ex_reg_reg[operand_b][5]/R
  -------------------------------------------------------------------    -------------------

                         (clock sys_clk_pin rise edge)
                                                      9.100     9.100 r  <hidden>
                         propagated clock network latency
                                                      4.791    13.891    <hidden>
                         clock pessimism              0.274    14.165    <hidden>
                         clock uncertainty           -0.035    14.130    <hidden>
    SLICE_X8Y4           FDRE (Setup_fdre_C_R)       -0.524    13.606    cpu_inst/id_ex_reg_reg[operand_b][5]
  -------------------------------------------------------------------
                         required time                         13.606    <hidden>
                         arrival time                         -13.781    <hidden>
  -------------------------------------------------------------------
                         slack                                 -0.175    <hidden>

Slack (VIOLATED) :        -0.132ns  (required time - arrival time)
  Source:                 cpu_inst/data_mem_inst/mem_reg/CLKARDCLK
                            (rising edge-triggered cell RAMB18E1 clocked by sys_clk_pin  {rise@0.000ns fall@4.550ns period=9.100ns})
  Destination:            cpu_inst/id_ex_reg_reg[operand_b][12]/R
                            (rising edge-triggered cell FDRE clocked by sys_clk_pin  {rise@0.000ns fall@4.550ns period=9.100ns})
  Path Group:             sys_clk_pin
  Path Type:              Setup (Max at Slow Process Corner)
  Requirement:            9.100ns  (sys_clk_pin rise@9.100ns - sys_clk_pin rise@0.000ns)
  Data Path Delay:        8.605ns  (logic 4.155ns (48.286%)  route 4.450ns (51.714%))
  Logic Levels:           8  (CARRY4=3 LUT3=2 LUT5=1 LUT6=2)
  Clock Path Skew:        -0.067ns (DCD - SCD + CPR)
    Destination Clock Delay (DCD):    4.786ns = ( 13.886 - 9.100 ) 
    Source Clock Delay      (SCD):    5.128ns
    Clock Pessimism Removal (CPR):    0.274ns
  Clock Uncertainty:      0.035ns  ((TSJ^2 + TIJ^2)^1/2 + DJ) / 2 + PE
    Total System Jitter     (TSJ):    0.071ns
    Total Input Jitter      (TIJ):    0.000ns
    Discrete Jitter          (DJ):    0.000ns
    Phase Error              (PE):    0.000ns

    Location             Delay type                Incr(ns)  Path(ns)    Netlist Resource(s)
  -------------------------------------------------------------------    -------------------
                         (clock sys_clk_pin rise edge)
                                                      0.000     0.000 r  <hidden>
                         propagated clock network latency
                                                      5.128     5.128    <hidden>
    RAMB18_X0Y4          RAMB18E1                     0.000     5.128 r  cpu_inst/data_mem_inst/mem_reg/CLKARDCLK
    RAMB18_X0Y4          RAMB18E1 (Prop_ramb18e1_CLKARDCLK_DOADO[5])
                                                      2.454     7.582 r  cpu_inst/data_mem_inst/mem_reg/DOADO[5]
                         net (fo=2, routed)           0.995     8.577    cpu_inst/data_mem_inst/mem_reg_n_10
    SLICE_X9Y4           LUT3 (Prop_lut3_I0_O)        0.124     8.701 r  cpu_inst/data_mem_inst/regs[1][5]_i_1/O
                         net (fo=35, routed)          0.598     9.299    cpu_inst/data_mem_inst/wb_write_data[5]
    SLICE_X9Y5           LUT5 (Prop_lut5_I4_O)        0.124     9.423 r  cpu_inst/data_mem_inst/ex_mem_reg[store_data][5]_i_1/O
                         net (fo=4, routed)           1.141    10.564    cpu_inst/data_mem_inst/ex_store_data[5]
    SLICE_X7Y11          LUT6 (Prop_lut6_I0_O)        0.124    10.688 r  cpu_inst/data_mem_inst/i__carry_i_3/O
                         net (fo=1, routed)           0.000    10.688    cpu_inst/data_mem_inst_n_244
    SLICE_X7Y11          CARRY4 (Prop_carry4_S[1]_CO[3])
                                                      0.550    11.238 r  cpu_inst/ex_branch_taken0_inferred__0/i__carry/CO[3]
                         net (fo=1, routed)           0.000    11.238    cpu_inst/ex_branch_taken0_inferred__0/i__carry_n_0
    SLICE_X7Y12          CARRY4 (Prop_carry4_CI_CO[3])
                                                      0.114    11.352 r  cpu_inst/ex_branch_taken0_inferred__0/i__carry__0/CO[3]
                         net (fo=1, routed)           0.000    11.352    cpu_inst/ex_branch_taken0_inferred__0/i__carry__0_n_0
    SLICE_X7Y13          CARRY4 (Prop_carry4_CI_CO[2])
                                                      0.228    11.580 f  cpu_inst/ex_branch_taken0_inferred__0/i__carry__1/CO[2]
                         net (fo=39, routed)          0.502    12.082    cpu_inst/data_mem_inst/CO[0]
    SLICE_X6Y13          LUT6 (Prop_lut6_I4_O)        0.313    12.395 r  cpu_inst/data_mem_inst/id_ex_reg[imm_ext][12]_i_1/O
                         net (fo=130, routed)         0.666    13.061    cpu_inst/data_mem_inst/id_ex_reg_reg[valid]_1
    SLICE_X9Y12          LUT3 (Prop_lut3_I2_O)        0.124    13.185 r  cpu_inst/data_mem_inst/id_ex_reg[operand_b][31]_i_1/O
                         net (fo=32, routed)          0.547    13.733    cpu_inst/data_mem_inst_n_143
    SLICE_X8Y14          FDRE                                         r  cpu_inst/id_ex_reg_reg[operand_b][12]/R
  -------------------------------------------------------------------    -------------------

                         (clock sys_clk_pin rise edge)
                                                      9.100     9.100 r  <hidden>
                         propagated clock network latency
                                                      4.786    13.886    <hidden>
                         clock pessimism              0.274    14.160    <hidden>
                         clock uncertainty           -0.035    14.125    <hidden>
    SLICE_X8Y14          FDRE (Setup_fdre_C_R)       -0.524    13.601    cpu_inst/id_ex_reg_reg[operand_b][12]
  -------------------------------------------------------------------
                         required time                         13.601    <hidden>
                         arrival time                         -13.733    <hidden>
  -------------------------------------------------------------------
                         slack                                 -0.132    <hidden>

Slack (VIOLATED) :        -0.132ns  (required time - arrival time)
  Source:                 cpu_inst/data_mem_inst/mem_reg/CLKARDCLK
                            (rising edge-triggered cell RAMB18E1 clocked by sys_clk_pin  {rise@0.000ns fall@4.550ns period=9.100ns})
  Destination:            cpu_inst/id_ex_reg_reg[operand_b][13]/R
                            (rising edge-triggered cell FDRE clocked by sys_clk_pin  {rise@0.000ns fall@4.550ns period=9.100ns})
  Path Group:             sys_clk_pin
  Path Type:              Setup (Max at Slow Process Corner)
  Requirement:            9.100ns  (sys_clk_pin rise@9.100ns - sys_clk_pin rise@0.000ns)
  Data Path Delay:        8.605ns  (logic 4.155ns (48.286%)  route 4.450ns (51.714%))
  Logic Levels:           8  (CARRY4=3 LUT3=2 LUT5=1 LUT6=2)
  Clock Path Skew:        -0.067ns (DCD - SCD + CPR)
    Destination Clock Delay (DCD):    4.786ns = ( 13.886 - 9.100 ) 
    Source Clock Delay      (SCD):    5.128ns
    Clock Pessimism Removal (CPR):    0.274ns
  Clock Uncertainty:      0.035ns  ((TSJ^2 + TIJ^2)^1/2 + DJ) / 2 + PE
    Total System Jitter     (TSJ):    0.071ns
    Total Input Jitter      (TIJ):    0.000ns
    Discrete Jitter          (DJ):    0.000ns
    Phase Error              (PE):    0.000ns

    Location             Delay type                Incr(ns)  Path(ns)    Netlist Resource(s)
  -------------------------------------------------------------------    -------------------
                         (clock sys_clk_pin rise edge)
                                                      0.000     0.000 r  <hidden>
                         propagated clock network latency
                                                      5.128     5.128    <hidden>
    RAMB18_X0Y4          RAMB18E1                     0.000     5.128 r  cpu_inst/data_mem_inst/mem_reg/CLKARDCLK
    RAMB18_X0Y4          RAMB18E1 (Prop_ramb18e1_CLKARDCLK_DOADO[5])
                                                      2.454     7.582 r  cpu_inst/data_mem_inst/mem_reg/DOADO[5]
                         net (fo=2, routed)           0.995     8.577    cpu_inst/data_mem_inst/mem_reg_n_10
    SLICE_X9Y4           LUT3 (Prop_lut3_I0_O)        0.124     8.701 r  cpu_inst/data_mem_inst/regs[1][5]_i_1/O
                         net (fo=35, routed)          0.598     9.299    cpu_inst/data_mem_inst/wb_write_data[5]
    SLICE_X9Y5           LUT5 (Prop_lut5_I4_O)        0.124     9.423 r  cpu_inst/data_mem_inst/ex_mem_reg[store_data][5]_i_1/O
                         net (fo=4, routed)           1.141    10.564    cpu_inst/data_mem_inst/ex_store_data[5]
    SLICE_X7Y11          LUT6 (Prop_lut6_I0_O)        0.124    10.688 r  cpu_inst/data_mem_inst/i__carry_i_3/O
                         net (fo=1, routed)           0.000    10.688    cpu_inst/data_mem_inst_n_244
    SLICE_X7Y11          CARRY4 (Prop_carry4_S[1]_CO[3])
                                                      0.550    11.238 r  cpu_inst/ex_branch_taken0_inferred__0/i__carry/CO[3]
                         net (fo=1, routed)           0.000    11.238    cpu_inst/ex_branch_taken0_inferred__0/i__carry_n_0
    SLICE_X7Y12          CARRY4 (Prop_carry4_CI_CO[3])
                                                      0.114    11.352 r  cpu_inst/ex_branch_taken0_inferred__0/i__carry__0/CO[3]
                         net (fo=1, routed)           0.000    11.352    cpu_inst/ex_branch_taken0_inferred__0/i__carry__0_n_0
    SLICE_X7Y13          CARRY4 (Prop_carry4_CI_CO[2])
                                                      0.228    11.580 f  cpu_inst/ex_branch_taken0_inferred__0/i__carry__1/CO[2]
                         net (fo=39, routed)          0.502    12.082    cpu_inst/data_mem_inst/CO[0]
    SLICE_X6Y13          LUT6 (Prop_lut6_I4_O)        0.313    12.395 r  cpu_inst/data_mem_inst/id_ex_reg[imm_ext][12]_i_1/O
                         net (fo=130, routed)         0.666    13.061    cpu_inst/data_mem_inst/id_ex_reg_reg[valid]_1
    SLICE_X9Y12          LUT3 (Prop_lut3_I2_O)        0.124    13.185 r  cpu_inst/data_mem_inst/id_ex_reg[operand_b][31]_i_1/O
                         net (fo=32, routed)          0.547    13.733    cpu_inst/data_mem_inst_n_143
    SLICE_X8Y14          FDRE                                         r  cpu_inst/id_ex_reg_reg[operand_b][13]/R
  -------------------------------------------------------------------    -------------------

                         (clock sys_clk_pin rise edge)
                                                      9.100     9.100 r  <hidden>
                         propagated clock network latency
                                                      4.786    13.886    <hidden>
                         clock pessimism              0.274    14.160    <hidden>
                         clock uncertainty           -0.035    14.125    <hidden>
    SLICE_X8Y14          FDRE (Setup_fdre_C_R)       -0.524    13.601    cpu_inst/id_ex_reg_reg[operand_b][13]
  -------------------------------------------------------------------
                         required time                         13.601    <hidden>
                         arrival time                         -13.733    <hidden>
  -------------------------------------------------------------------
                         slack                                 -0.132    <hidden>




