Copyright 1986-2022 Xilinx, Inc. All Rights Reserved. Copyright 2022-2026 Advanced Micro Devices, Inc. All Rights Reserved.
---------------------------------------------------------------------------------------------------------------------------------------------
| Tool Version : Vivado v.2026.1 (win64) Build 6511674 Tue Jun 16 11:02:23 MDT 2026
| Date         : Sat Aug 22 12:29:45 2026
| Host         : DESKTOP-4GB7DVJ running 64-bit major release  (build 9200)
| Command      : report_timing -max_paths 10 -file C:/FPGA/systemverilog-fpga-cpu/reports/vector_stage14/stage14_worst_paths.rpt
| Design       : vector_load_overlap_program_core_synth_top
| Device       : 7a35t-cpg236
| Speed File   : -1  PRODUCTION 1.23 2018-06-13
| Design State : Routed
---------------------------------------------------------------------------------------------------------------------------------------------

Timing Report

Slack (MET) :             0.221ns  (required time - arrival time)
  Source:                 core/current_pc_reg[1]/C
                            (rising edge-triggered cell FDRE clocked by sys_clk  {rise@0.000ns fall@6.250ns period=12.500ns})
  Destination:            core/eu/vector_register_file_inst/regs_reg[3][69]/D
                            (rising edge-triggered cell FDRE clocked by sys_clk  {rise@0.000ns fall@6.250ns period=12.500ns})
  Path Group:             sys_clk
  Path Type:              Setup (Max at Slow Process Corner)
  Requirement:            12.500ns  (sys_clk rise@12.500ns - sys_clk rise@0.000ns)
  Data Path Delay:        12.131ns  (logic 2.038ns (16.800%)  route 10.093ns (83.200%))
  Logic Levels:           9  (LUT3=1 LUT4=1 LUT6=6 RAMD32=1)
  Clock Path Skew:        -0.052ns (DCD - SCD + CPR)
    Destination Clock Delay (DCD):    4.481ns = ( 16.981 - 12.500 ) 
    Source Clock Delay      (SCD):    4.868ns
    Clock Pessimism Removal (CPR):    0.335ns
  Clock Uncertainty:      0.035ns  ((TSJ^2 + TIJ^2)^1/2 + DJ) / 2 + PE
    Total System Jitter     (TSJ):    0.071ns
    Total Input Jitter      (TIJ):    0.000ns
    Discrete Jitter          (DJ):    0.000ns
    Phase Error              (PE):    0.000ns

    Location             Delay type                Incr(ns)  Path(ns)    Netlist Resource(s)
  -------------------------------------------------------------------    -------------------
                         (clock sys_clk rise edge)    0.000     0.000 r  <hidden>
    C17                                               0.000     0.000 r  clk
                         net (fo=0)                   0.000     0.000    clk
    C17                  IBUF (Prop_ibuf_I_O)         0.933     0.933 r  clk_IBUF_inst/O
                         net (fo=1, routed)           2.273     3.207    clk_IBUF
    BUFGCTRL_X0Y16       BUFG (Prop_bufg_I_O)         0.096     3.303 r  clk_IBUF_BUFG_inst/O
                         net (fo=1662, routed)        1.565     4.868    core/clk_IBUF_BUFG
    SLICE_X39Y9          FDRE                                         r  core/current_pc_reg[1]/C
  -------------------------------------------------------------------    -------------------
    SLICE_X39Y9          FDRE (Prop_fdre_C_Q)         0.456     5.324 r  core/current_pc_reg[1]/Q
                         net (fo=64, routed)          1.214     6.539    core/pim/memory_reg_0_15_6_11/ADDRC1
    SLICE_X38Y9          RAMD32 (Prop_ramd32_RADR1_O)
                                                      0.153     6.692 r  core/pim/memory_reg_0_15_6_11/RAMC/O
                         net (fo=3, routed)           0.664     7.356    core/pim/current_instruction[10]
    SLICE_X37Y10         LUT6 (Prop_lut6_I1_O)        0.331     7.687 r  core/pim/memory_reg_0_i_356/O
                         net (fo=4, routed)           1.037     8.724    core/pim/src_a[1]
    SLICE_X50Y22         LUT4 (Prop_lut4_I3_O)        0.124     8.848 r  core/pim/memory_reg_0_i_332/O
                         net (fo=64, routed)          1.131     9.979    core/eu/vector_register_file_inst/regs[0][95]_i_33_0
    SLICE_X50Y33         LUT6 (Prop_lut6_I2_O)        0.124    10.103 r  core/eu/vector_register_file_inst/memory_reg_1_i_132/O
                         net (fo=7, routed)           1.083    11.186    core/eu/vector_register_file_inst/memory_reg_1_i_132_n_0
    SLICE_X48Y26         LUT3 (Prop_lut3_I2_O)        0.152    11.338 r  core/eu/vector_register_file_inst/memory_reg_1_i_66/O
                         net (fo=22, routed)          1.653    12.991    core/eu/vector_register_file_inst/debug_read_data[94]
    SLICE_X60Y24         LUT6 (Prop_lut6_I0_O)        0.326    13.317 r  core/eu/vector_register_file_inst/regs[0][85]_i_11/O
                         net (fo=6, routed)           0.989    14.306    core/eu/vector_register_file_inst/regs[0][85]_i_11_n_0
    SLICE_X60Y23         LUT6 (Prop_lut6_I1_O)        0.124    14.430 r  core/eu/vector_register_file_inst/regs[0][69]_i_5/O
                         net (fo=2, routed)           0.722    15.152    core/eu/vector_register_file_inst/regs[0][69]_i_5_n_0
    SLICE_X61Y23         LUT6 (Prop_lut6_I0_O)        0.124    15.276 r  core/eu/vector_register_file_inst/regs[0][69]_i_3/O
                         net (fo=1, routed)           0.748    16.024    core/pim/regs_reg[7][69]
    SLICE_X48Y23         LUT6 (Prop_lut6_I2_O)        0.124    16.148 r  core/pim/regs[0][69]_i_1/O
                         net (fo=8, routed)           0.851    16.999    core/eu/vector_register_file_inst/D[69]
    SLICE_X47Y24         FDRE                                         r  core/eu/vector_register_file_inst/regs_reg[3][69]/D
  -------------------------------------------------------------------    -------------------

                         (clock sys_clk rise edge)   12.500    12.500 r  <hidden>
    C17                                               0.000    12.500 r  clk
                         net (fo=0)                   0.000    12.500    clk
    C17                  IBUF (Prop_ibuf_I_O)         0.800    13.300 r  clk_IBUF_inst/O
                         net (fo=1, routed)           2.155    15.455    clk_IBUF
    BUFGCTRL_X0Y16       BUFG (Prop_bufg_I_O)         0.091    15.546 r  clk_IBUF_BUFG_inst/O
                         net (fo=1662, routed)        1.434    16.981    core/eu/vector_register_file_inst/clk_IBUF_BUFG
    SLICE_X47Y24         FDRE                                         r  core/eu/vector_register_file_inst/regs_reg[3][69]/C
                         clock pessimism              0.335    17.316    <hidden>
                         clock uncertainty           -0.035    17.281    <hidden>
    SLICE_X47Y24         FDRE (Setup_fdre_C_D)       -0.061    17.220    core/eu/vector_register_file_inst/regs_reg[3][69]
  -------------------------------------------------------------------
                         required time                         17.220    <hidden>
                         arrival time                         -16.999    <hidden>
  -------------------------------------------------------------------
                         slack                                  0.221    <hidden>

Slack (MET) :             0.427ns  (required time - arrival time)
  Source:                 core/current_pc_reg[0]/C
                            (rising edge-triggered cell FDRE clocked by sys_clk  {rise@0.000ns fall@6.250ns period=12.500ns})
  Destination:            core/eu/vector_register_file_inst/regs_reg[3][63]/D
                            (rising edge-triggered cell FDRE clocked by sys_clk  {rise@0.000ns fall@6.250ns period=12.500ns})
  Path Group:             sys_clk
  Path Type:              Setup (Max at Slow Process Corner)
  Requirement:            12.500ns  (sys_clk rise@12.500ns - sys_clk rise@0.000ns)
  Data Path Delay:        11.939ns  (logic 3.417ns (28.620%)  route 8.522ns (71.380%))
  Logic Levels:           16  (CARRY4=7 LUT2=1 LUT3=1 LUT4=1 LUT5=1 LUT6=4 RAMD32=1)
  Clock Path Skew:        -0.037ns (DCD - SCD + CPR)
    Destination Clock Delay (DCD):    4.483ns = ( 16.983 - 12.500 ) 
    Source Clock Delay      (SCD):    4.869ns
    Clock Pessimism Removal (CPR):    0.349ns
  Clock Uncertainty:      0.035ns  ((TSJ^2 + TIJ^2)^1/2 + DJ) / 2 + PE
    Total System Jitter     (TSJ):    0.071ns
    Total Input Jitter      (TIJ):    0.000ns
    Discrete Jitter          (DJ):    0.000ns
    Phase Error              (PE):    0.000ns

    Location             Delay type                Incr(ns)  Path(ns)    Netlist Resource(s)
  -------------------------------------------------------------------    -------------------
                         (clock sys_clk rise edge)    0.000     0.000 r  <hidden>
    C17                                               0.000     0.000 r  clk
                         net (fo=0)                   0.000     0.000    clk
    C17                  IBUF (Prop_ibuf_I_O)         0.933     0.933 r  clk_IBUF_inst/O
                         net (fo=1, routed)           2.273     3.207    clk_IBUF
    BUFGCTRL_X0Y16       BUFG (Prop_bufg_I_O)         0.096     3.303 r  clk_IBUF_BUFG_inst/O
                         net (fo=1662, routed)        1.566     4.869    core/clk_IBUF_BUFG
    SLICE_X40Y10         FDRE                                         r  core/current_pc_reg[0]/C
  -------------------------------------------------------------------    -------------------
    SLICE_X40Y10         FDRE (Prop_fdre_C_Q)         0.456     5.325 r  core/current_pc_reg[0]/Q
                         net (fo=84, routed)          0.976     6.301    core/pim/memory_reg_0_15_12_15/ADDRA0
    SLICE_X38Y10         RAMD32 (Prop_ramd32_RADR0_O)
                                                      0.150     6.451 r  core/pim/memory_reg_0_15_12_15/RAMA/O
                         net (fo=16, routed)          0.892     7.343    core/pim/current_instruction[12]
    SLICE_X40Y10         LUT6 (Prop_lut6_I0_O)        0.328     7.671 r  core/pim/memory_reg_0_i_357/O
                         net (fo=4, routed)           0.599     8.270    core/pim/src_a[0]
    SLICE_X41Y13         LUT4 (Prop_lut4_I3_O)        0.124     8.394 r  core/pim/memory_reg_0_i_331/O
                         net (fo=64, routed)          0.888     9.282    core/eu/vector_register_file_inst/regs[0][63]_i_33_1
    SLICE_X34Y11         LUT6 (Prop_lut6_I4_O)        0.124     9.406 r  core/eu/vector_register_file_inst/memory_reg_0_i_294/O
                         net (fo=7, routed)           1.621    11.027    core/eu/vector_register_file_inst/memory_reg_0_i_294_n_0
    SLICE_X49Y21         LUT3 (Prop_lut3_I0_O)        0.124    11.151 r  core/eu/vector_register_file_inst/memory_reg_0_i_161/O
                         net (fo=16, routed)          1.045    12.196    core/eu/vector_register_file_inst/debug_read_data[37]
    SLICE_X41Y15         LUT2 (Prop_lut2_I1_O)        0.124    12.320 r  core/eu/vector_register_file_inst/regs[0][39]_i_25/O
                         net (fo=1, routed)           0.000    12.320    core/eu/vector_register_file_inst/regs[0][39]_i_25_n_0
    SLICE_X41Y15         CARRY4 (Prop_carry4_S[1]_CO[3])
                                                      0.550    12.870 r  core/eu/vector_register_file_inst/regs_reg[0][39]_i_14/CO[3]
                         net (fo=1, routed)           0.000    12.870    core/eu/vector_register_file_inst/regs_reg[0][39]_i_14_n_0
    SLICE_X41Y16         CARRY4 (Prop_carry4_CI_CO[3])
                                                      0.114    12.984 r  core/eu/vector_register_file_inst/regs_reg[0][43]_i_16/CO[3]
                         net (fo=1, routed)           0.000    12.984    core/eu/vector_register_file_inst/regs_reg[0][43]_i_16_n_0
    SLICE_X41Y17         CARRY4 (Prop_carry4_CI_CO[3])
                                                      0.114    13.098 r  core/eu/vector_register_file_inst/regs_reg[0][47]_i_17/CO[3]
                         net (fo=1, routed)           0.000    13.098    core/eu/vector_register_file_inst/regs_reg[0][47]_i_17_n_0
    SLICE_X41Y18         CARRY4 (Prop_carry4_CI_CO[3])
                                                      0.114    13.212 r  core/eu/vector_register_file_inst/regs_reg[0][51]_i_15/CO[3]
                         net (fo=1, routed)           0.000    13.212    core/eu/vector_register_file_inst/regs_reg[0][51]_i_15_n_0
    SLICE_X41Y19         CARRY4 (Prop_carry4_CI_CO[3])
                                                      0.114    13.326 r  core/eu/vector_register_file_inst/regs_reg[0][55]_i_18/CO[3]
                         net (fo=1, routed)           0.000    13.326    core/eu/vector_register_file_inst/regs_reg[0][55]_i_18_n_0
    SLICE_X41Y20         CARRY4 (Prop_carry4_CI_CO[3])
                                                      0.114    13.440 r  core/eu/vector_register_file_inst/regs_reg[0][59]_i_15/CO[3]
                         net (fo=1, routed)           0.000    13.440    core/eu/vector_register_file_inst/regs_reg[0][59]_i_15_n_0
    SLICE_X41Y21         CARRY4 (Prop_carry4_CI_O[3])
                                                      0.313    13.753 r  core/eu/vector_register_file_inst/regs_reg[0][63]_i_21/O[3]
                         net (fo=1, routed)           0.747    14.500    core/eu/vector_register_file_inst/regs_reg[0][63]_i_21_n_4
    SLICE_X39Y22         LUT6 (Prop_lut6_I3_O)        0.306    14.806 r  core/eu/vector_register_file_inst/regs[0][63]_i_9/O
                         net (fo=1, routed)           0.526    15.332    core/eu/vector_register_file_inst/regs[0][63]_i_9_n_0
    SLICE_X38Y22         LUT6 (Prop_lut6_I5_O)        0.124    15.456 r  core/eu/vector_register_file_inst/regs[0][63]_i_4/O
                         net (fo=1, routed)           0.569    16.026    core/pim/regs_reg[7][63]_0
    SLICE_X41Y22         LUT5 (Prop_lut5_I4_O)        0.124    16.150 r  core/pim/regs[0][63]_i_1/O
                         net (fo=8, routed)           0.659    16.808    core/eu/vector_register_file_inst/D[63]
    SLICE_X40Y22         FDRE                                         r  core/eu/vector_register_file_inst/regs_reg[3][63]/D
  -------------------------------------------------------------------    -------------------

                         (clock sys_clk rise edge)   12.500    12.500 r  <hidden>
    C17                                               0.000    12.500 r  clk
                         net (fo=0)                   0.000    12.500    clk
    C17                  IBUF (Prop_ibuf_I_O)         0.800    13.300 r  clk_IBUF_inst/O
                         net (fo=1, routed)           2.155    15.455    clk_IBUF
    BUFGCTRL_X0Y16       BUFG (Prop_bufg_I_O)         0.091    15.546 r  clk_IBUF_BUFG_inst/O
                         net (fo=1662, routed)        1.436    16.983    core/eu/vector_register_file_inst/clk_IBUF_BUFG
    SLICE_X40Y22         FDRE                                         r  core/eu/vector_register_file_inst/regs_reg[3][63]/C
                         clock pessimism              0.349    17.332    <hidden>
                         clock uncertainty           -0.035    17.297    <hidden>
    SLICE_X40Y22         FDRE (Setup_fdre_C_D)       -0.061    17.236    core/eu/vector_register_file_inst/regs_reg[3][63]
  -------------------------------------------------------------------
                         required time                         17.236    <hidden>
                         arrival time                         -16.808    <hidden>
  -------------------------------------------------------------------
                         slack                                  0.427    <hidden>

Slack (MET) :             0.434ns  (required time - arrival time)
  Source:                 core/current_pc_reg[0]/C
                            (rising edge-triggered cell FDRE clocked by sys_clk  {rise@0.000ns fall@6.250ns period=12.500ns})
  Destination:            core/eu/vector_register_file_inst/regs_reg[3][64]/D
                            (rising edge-triggered cell FDRE clocked by sys_clk  {rise@0.000ns fall@6.250ns period=12.500ns})
  Path Group:             sys_clk
  Path Type:              Setup (Max at Slow Process Corner)
  Requirement:            12.500ns  (sys_clk rise@12.500ns - sys_clk rise@0.000ns)
  Data Path Delay:        11.943ns  (logic 3.280ns (27.464%)  route 8.663ns (72.536%))
  Logic Levels:           13  (CARRY4=2 LUT2=1 LUT3=1 LUT4=3 LUT5=1 LUT6=3 MUXF7=1 RAMD32=1)
  Clock Path Skew:        -0.043ns (DCD - SCD + CPR)
    Destination Clock Delay (DCD):    4.491ns = ( 16.991 - 12.500 ) 
    Source Clock Delay      (SCD):    4.869ns
    Clock Pessimism Removal (CPR):    0.335ns
  Clock Uncertainty:      0.035ns  ((TSJ^2 + TIJ^2)^1/2 + DJ) / 2 + PE
    Total System Jitter     (TSJ):    0.071ns
    Total Input Jitter      (TIJ):    0.000ns
    Discrete Jitter          (DJ):    0.000ns
    Phase Error              (PE):    0.000ns

    Location             Delay type                Incr(ns)  Path(ns)    Netlist Resource(s)
  -------------------------------------------------------------------    -------------------
                         (clock sys_clk rise edge)    0.000     0.000 r  <hidden>
    C17                                               0.000     0.000 r  clk
                         net (fo=0)                   0.000     0.000    clk
    C17                  IBUF (Prop_ibuf_I_O)         0.933     0.933 r  clk_IBUF_inst/O
                         net (fo=1, routed)           2.273     3.207    clk_IBUF
    BUFGCTRL_X0Y16       BUFG (Prop_bufg_I_O)         0.096     3.303 r  clk_IBUF_BUFG_inst/O
                         net (fo=1662, routed)        1.566     4.869    core/clk_IBUF_BUFG
    SLICE_X40Y10         FDRE                                         r  core/current_pc_reg[0]/C
  -------------------------------------------------------------------    -------------------
    SLICE_X40Y10         FDRE (Prop_fdre_C_Q)         0.456     5.325 r  core/current_pc_reg[0]/Q
                         net (fo=84, routed)          0.976     6.301    core/pim/memory_reg_0_15_12_15/ADDRA0
    SLICE_X38Y10         RAMD32 (Prop_ramd32_RADR0_O)
                                                      0.150     6.451 r  core/pim/memory_reg_0_15_12_15/RAMA/O
                         net (fo=16, routed)          0.892     7.343    core/pim/current_instruction[12]
    SLICE_X40Y10         LUT6 (Prop_lut6_I0_O)        0.328     7.671 r  core/pim/memory_reg_0_i_357/O
                         net (fo=4, routed)           0.860     8.531    core/pim/src_a[0]
    SLICE_X47Y21         LUT4 (Prop_lut4_I3_O)        0.124     8.655 r  core/pim/memory_reg_0_i_333/O
                         net (fo=64, routed)          1.462    10.117    core/eu/vector_register_file_inst/regs[0][95]_i_33_1
    SLICE_X61Y27         LUT6 (Prop_lut6_I4_O)        0.124    10.241 r  core/eu/vector_register_file_inst/memory_reg_1_i_157/O
                         net (fo=7, routed)           0.964    11.205    core/eu/vector_register_file_inst/memory_reg_1_i_157_n_0
    SLICE_X57Y27         LUT3 (Prop_lut3_I0_O)        0.124    11.329 r  core/eu/vector_register_file_inst/memory_reg_1_i_79/O
                         net (fo=11, routed)          1.047    12.376    core/eu/vector_register_file_inst/debug_read_data[81]
    SLICE_X52Y26         LUT2 (Prop_lut2_I0_O)        0.124    12.500 r  core/eu/vector_register_file_inst/regs[0][81]_i_8/O
                         net (fo=3, routed)           0.599    13.100    core/eu/vector_register_file_inst/regs[0][83]_i_27_n_0
    SLICE_X51Y26         LUT4 (Prop_lut4_I2_O)        0.124    13.224 r  core/eu/vector_register_file_inst/regs[0][64]_i_46/O
                         net (fo=1, routed)           0.000    13.224    core/eu/vector_register_file_inst/regs[0][64]_i_46_n_0
    SLICE_X51Y26         CARRY4 (Prop_carry4_S[1]_CO[3])
                                                      0.550    13.774 r  core/eu/vector_register_file_inst/regs_reg[0][64]_i_30/CO[3]
                         net (fo=1, routed)           0.000    13.774    core/eu/vector_register_file_inst/regs_reg[0][64]_i_30_n_0
    SLICE_X51Y27         CARRY4 (Prop_carry4_CI_CO[2])
                                                      0.228    14.002 r  core/eu/vector_register_file_inst/regs_reg[0][64]_i_20/CO[2]
                         net (fo=1, routed)           0.572    14.574    core/eu/vector_register_file_inst/regs_reg[0][64]_i_20_n_1
    SLICE_X48Y28         LUT4 (Prop_lut4_I0_O)        0.313    14.887 r  core/eu/vector_register_file_inst/regs[0][64]_i_10/O
                         net (fo=1, routed)           0.312    15.199    core/eu/vector_register_file_inst/regs[0][64]_i_10_n_0
    SLICE_X50Y28         LUT6 (Prop_lut6_I5_O)        0.124    15.323 r  core/eu/vector_register_file_inst/regs[0][64]_i_7/O
                         net (fo=1, routed)           0.000    15.323    core/eu/vector_register_file_inst/regs[0][64]_i_7_n_0
    SLICE_X50Y28         MUXF7 (Prop_muxf7_I1_O)      0.214    15.537 r  core/eu/vector_register_file_inst/regs_reg[0][64]_i_4/O
                         net (fo=1, routed)           0.303    15.840    core/pim/regs_reg[7][64]_0
    SLICE_X49Y28         LUT5 (Prop_lut5_I4_O)        0.297    16.137 r  core/pim/regs[0][64]_i_1/O
                         net (fo=8, routed)           0.675    16.812    core/eu/vector_register_file_inst/D[64]
    SLICE_X50Y29         FDRE                                         r  core/eu/vector_register_file_inst/regs_reg[3][64]/D
  -------------------------------------------------------------------    -------------------

                         (clock sys_clk rise edge)   12.500    12.500 r  <hidden>
    C17                                               0.000    12.500 r  clk
                         net (fo=0)                   0.000    12.500    clk
    C17                  IBUF (Prop_ibuf_I_O)         0.800    13.300 r  clk_IBUF_inst/O
                         net (fo=1, routed)           2.155    15.455    clk_IBUF
    BUFGCTRL_X0Y16       BUFG (Prop_bufg_I_O)         0.091    15.546 r  clk_IBUF_BUFG_inst/O
                         net (fo=1662, routed)        1.444    16.991    core/eu/vector_register_file_inst/clk_IBUF_BUFG
    SLICE_X50Y29         FDRE                                         r  core/eu/vector_register_file_inst/regs_reg[3][64]/C
                         clock pessimism              0.335    17.326    <hidden>
                         clock uncertainty           -0.035    17.291    <hidden>
    SLICE_X50Y29         FDRE (Setup_fdre_C_D)       -0.045    17.246    core/eu/vector_register_file_inst/regs_reg[3][64]
  -------------------------------------------------------------------
                         required time                         17.246    <hidden>
                         arrival time                         -16.812    <hidden>
  -------------------------------------------------------------------
                         slack                                  0.434    <hidden>

Slack (MET) :             0.449ns  (required time - arrival time)
  Source:                 core/current_pc_reg[1]/C
                            (rising edge-triggered cell FDRE clocked by sys_clk  {rise@0.000ns fall@6.250ns period=12.500ns})
  Destination:            core/eu/vector_register_file_inst/regs_reg[5][69]/D
                            (rising edge-triggered cell FDRE clocked by sys_clk  {rise@0.000ns fall@6.250ns period=12.500ns})
  Path Group:             sys_clk
  Path Type:              Setup (Max at Slow Process Corner)
  Requirement:            12.500ns  (sys_clk rise@12.500ns - sys_clk rise@0.000ns)
  Data Path Delay:        11.908ns  (logic 2.038ns (17.115%)  route 9.870ns (82.885%))
  Logic Levels:           9  (LUT3=1 LUT4=1 LUT6=6 RAMD32=1)
  Clock Path Skew:        -0.047ns (DCD - SCD + CPR)
    Destination Clock Delay (DCD):    4.486ns = ( 16.986 - 12.500 ) 
    Source Clock Delay      (SCD):    4.868ns
    Clock Pessimism Removal (CPR):    0.335ns
  Clock Uncertainty:      0.035ns  ((TSJ^2 + TIJ^2)^1/2 + DJ) / 2 + PE
    Total System Jitter     (TSJ):    0.071ns
    Total Input Jitter      (TIJ):    0.000ns
    Discrete Jitter          (DJ):    0.000ns
    Phase Error              (PE):    0.000ns

    Location             Delay type                Incr(ns)  Path(ns)    Netlist Resource(s)
  -------------------------------------------------------------------    -------------------
                         (clock sys_clk rise edge)    0.000     0.000 r  <hidden>
    C17                                               0.000     0.000 r  clk
                         net (fo=0)                   0.000     0.000    clk
    C17                  IBUF (Prop_ibuf_I_O)         0.933     0.933 r  clk_IBUF_inst/O
                         net (fo=1, routed)           2.273     3.207    clk_IBUF
    BUFGCTRL_X0Y16       BUFG (Prop_bufg_I_O)         0.096     3.303 r  clk_IBUF_BUFG_inst/O
                         net (fo=1662, routed)        1.565     4.868    core/clk_IBUF_BUFG
    SLICE_X39Y9          FDRE                                         r  core/current_pc_reg[1]/C
  -------------------------------------------------------------------    -------------------
    SLICE_X39Y9          FDRE (Prop_fdre_C_Q)         0.456     5.324 r  core/current_pc_reg[1]/Q
                         net (fo=64, routed)          1.214     6.539    core/pim/memory_reg_0_15_6_11/ADDRC1
    SLICE_X38Y9          RAMD32 (Prop_ramd32_RADR1_O)
                                                      0.153     6.692 r  core/pim/memory_reg_0_15_6_11/RAMC/O
                         net (fo=3, routed)           0.664     7.356    core/pim/current_instruction[10]
    SLICE_X37Y10         LUT6 (Prop_lut6_I1_O)        0.331     7.687 r  core/pim/memory_reg_0_i_356/O
                         net (fo=4, routed)           1.037     8.724    core/pim/src_a[1]
    SLICE_X50Y22         LUT4 (Prop_lut4_I3_O)        0.124     8.848 r  core/pim/memory_reg_0_i_332/O
                         net (fo=64, routed)          1.131     9.979    core/eu/vector_register_file_inst/regs[0][95]_i_33_0
    SLICE_X50Y33         LUT6 (Prop_lut6_I2_O)        0.124    10.103 r  core/eu/vector_register_file_inst/memory_reg_1_i_132/O
                         net (fo=7, routed)           1.083    11.186    core/eu/vector_register_file_inst/memory_reg_1_i_132_n_0
    SLICE_X48Y26         LUT3 (Prop_lut3_I2_O)        0.152    11.338 r  core/eu/vector_register_file_inst/memory_reg_1_i_66/O
                         net (fo=22, routed)          1.653    12.991    core/eu/vector_register_file_inst/debug_read_data[94]
    SLICE_X60Y24         LUT6 (Prop_lut6_I0_O)        0.326    13.317 r  core/eu/vector_register_file_inst/regs[0][85]_i_11/O
                         net (fo=6, routed)           0.989    14.306    core/eu/vector_register_file_inst/regs[0][85]_i_11_n_0
    SLICE_X60Y23         LUT6 (Prop_lut6_I1_O)        0.124    14.430 r  core/eu/vector_register_file_inst/regs[0][69]_i_5/O
                         net (fo=2, routed)           0.722    15.152    core/eu/vector_register_file_inst/regs[0][69]_i_5_n_0
    SLICE_X61Y23         LUT6 (Prop_lut6_I0_O)        0.124    15.276 r  core/eu/vector_register_file_inst/regs[0][69]_i_3/O
                         net (fo=1, routed)           0.748    16.024    core/pim/regs_reg[7][69]
    SLICE_X48Y23         LUT6 (Prop_lut6_I2_O)        0.124    16.148 r  core/pim/regs[0][69]_i_1/O
                         net (fo=8, routed)           0.628    16.776    core/eu/vector_register_file_inst/D[69]
    SLICE_X49Y23         FDRE                                         r  core/eu/vector_register_file_inst/regs_reg[5][69]/D
  -------------------------------------------------------------------    -------------------

                         (clock sys_clk rise edge)   12.500    12.500 r  <hidden>
    C17                                               0.000    12.500 r  clk
                         net (fo=0)                   0.000    12.500    clk
    C17                  IBUF (Prop_ibuf_I_O)         0.800    13.300 r  clk_IBUF_inst/O
                         net (fo=1, routed)           2.155    15.455    clk_IBUF
    BUFGCTRL_X0Y16       BUFG (Prop_bufg_I_O)         0.091    15.546 r  clk_IBUF_BUFG_inst/O
                         net (fo=1662, routed)        1.439    16.986    core/eu/vector_register_file_inst/clk_IBUF_BUFG
    SLICE_X49Y23         FDRE                                         r  core/eu/vector_register_file_inst/regs_reg[5][69]/C
                         clock pessimism              0.335    17.321    <hidden>
                         clock uncertainty           -0.035    17.286    <hidden>
    SLICE_X49Y23         FDRE (Setup_fdre_C_D)       -0.061    17.225    core/eu/vector_register_file_inst/regs_reg[5][69]
  -------------------------------------------------------------------
                         required time                         17.225    <hidden>
                         arrival time                         -16.776    <hidden>
  -------------------------------------------------------------------
                         slack                                  0.449    <hidden>

Slack (MET) :             0.457ns  (required time - arrival time)
  Source:                 core/current_pc_reg[1]/C
                            (rising edge-triggered cell FDRE clocked by sys_clk  {rise@0.000ns fall@6.250ns period=12.500ns})
  Destination:            core/eu/vector_register_file_inst/regs_reg[7][69]/D
                            (rising edge-triggered cell FDRE clocked by sys_clk  {rise@0.000ns fall@6.250ns period=12.500ns})
  Path Group:             sys_clk
  Path Type:              Setup (Max at Slow Process Corner)
  Requirement:            12.500ns  (sys_clk rise@12.500ns - sys_clk rise@0.000ns)
  Data Path Delay:        11.912ns  (logic 2.038ns (17.108%)  route 9.874ns (82.892%))
  Logic Levels:           9  (LUT3=1 LUT4=1 LUT6=6 RAMD32=1)
  Clock Path Skew:        -0.050ns (DCD - SCD + CPR)
    Destination Clock Delay (DCD):    4.483ns = ( 16.983 - 12.500 ) 
    Source Clock Delay      (SCD):    4.868ns
    Clock Pessimism Removal (CPR):    0.335ns
  Clock Uncertainty:      0.035ns  ((TSJ^2 + TIJ^2)^1/2 + DJ) / 2 + PE
    Total System Jitter     (TSJ):    0.071ns
    Total Input Jitter      (TIJ):    0.000ns
    Discrete Jitter          (DJ):    0.000ns
    Phase Error              (PE):    0.000ns

    Location             Delay type                Incr(ns)  Path(ns)    Netlist Resource(s)
  -------------------------------------------------------------------    -------------------
                         (clock sys_clk rise edge)    0.000     0.000 r  <hidden>
    C17                                               0.000     0.000 r  clk
                         net (fo=0)                   0.000     0.000    clk
    C17                  IBUF (Prop_ibuf_I_O)         0.933     0.933 r  clk_IBUF_inst/O
                         net (fo=1, routed)           2.273     3.207    clk_IBUF
    BUFGCTRL_X0Y16       BUFG (Prop_bufg_I_O)         0.096     3.303 r  clk_IBUF_BUFG_inst/O
                         net (fo=1662, routed)        1.565     4.868    core/clk_IBUF_BUFG
    SLICE_X39Y9          FDRE                                         r  core/current_pc_reg[1]/C
  -------------------------------------------------------------------    -------------------
    SLICE_X39Y9          FDRE (Prop_fdre_C_Q)         0.456     5.324 r  core/current_pc_reg[1]/Q
                         net (fo=64, routed)          1.214     6.539    core/pim/memory_reg_0_15_6_11/ADDRC1
    SLICE_X38Y9          RAMD32 (Prop_ramd32_RADR1_O)
                                                      0.153     6.692 r  core/pim/memory_reg_0_15_6_11/RAMC/O
                         net (fo=3, routed)           0.664     7.356    core/pim/current_instruction[10]
    SLICE_X37Y10         LUT6 (Prop_lut6_I1_O)        0.331     7.687 r  core/pim/memory_reg_0_i_356/O
                         net (fo=4, routed)           1.037     8.724    core/pim/src_a[1]
    SLICE_X50Y22         LUT4 (Prop_lut4_I3_O)        0.124     8.848 r  core/pim/memory_reg_0_i_332/O
                         net (fo=64, routed)          1.131     9.979    core/eu/vector_register_file_inst/regs[0][95]_i_33_0
    SLICE_X50Y33         LUT6 (Prop_lut6_I2_O)        0.124    10.103 r  core/eu/vector_register_file_inst/memory_reg_1_i_132/O
                         net (fo=7, routed)           1.083    11.186    core/eu/vector_register_file_inst/memory_reg_1_i_132_n_0
    SLICE_X48Y26         LUT3 (Prop_lut3_I2_O)        0.152    11.338 r  core/eu/vector_register_file_inst/memory_reg_1_i_66/O
                         net (fo=22, routed)          1.653    12.991    core/eu/vector_register_file_inst/debug_read_data[94]
    SLICE_X60Y24         LUT6 (Prop_lut6_I0_O)        0.326    13.317 r  core/eu/vector_register_file_inst/regs[0][85]_i_11/O
                         net (fo=6, routed)           0.989    14.306    core/eu/vector_register_file_inst/regs[0][85]_i_11_n_0
    SLICE_X60Y23         LUT6 (Prop_lut6_I1_O)        0.124    14.430 r  core/eu/vector_register_file_inst/regs[0][69]_i_5/O
                         net (fo=2, routed)           0.722    15.152    core/eu/vector_register_file_inst/regs[0][69]_i_5_n_0
    SLICE_X61Y23         LUT6 (Prop_lut6_I0_O)        0.124    15.276 r  core/eu/vector_register_file_inst/regs[0][69]_i_3/O
                         net (fo=1, routed)           0.748    16.024    core/pim/regs_reg[7][69]
    SLICE_X48Y23         LUT6 (Prop_lut6_I2_O)        0.124    16.148 r  core/pim/regs[0][69]_i_1/O
                         net (fo=8, routed)           0.633    16.781    core/eu/vector_register_file_inst/D[69]
    SLICE_X46Y23         FDRE                                         r  core/eu/vector_register_file_inst/regs_reg[7][69]/D
  -------------------------------------------------------------------    -------------------

                         (clock sys_clk rise edge)   12.500    12.500 r  <hidden>
    C17                                               0.000    12.500 r  clk
                         net (fo=0)                   0.000    12.500    clk
    C17                  IBUF (Prop_ibuf_I_O)         0.800    13.300 r  clk_IBUF_inst/O
                         net (fo=1, routed)           2.155    15.455    clk_IBUF
    BUFGCTRL_X0Y16       BUFG (Prop_bufg_I_O)         0.091    15.546 r  clk_IBUF_BUFG_inst/O
                         net (fo=1662, routed)        1.436    16.983    core/eu/vector_register_file_inst/clk_IBUF_BUFG
    SLICE_X46Y23         FDRE                                         r  core/eu/vector_register_file_inst/regs_reg[7][69]/C
                         clock pessimism              0.335    17.318    <hidden>
                         clock uncertainty           -0.035    17.283    <hidden>
    SLICE_X46Y23         FDRE (Setup_fdre_C_D)       -0.045    17.238    core/eu/vector_register_file_inst/regs_reg[7][69]
  -------------------------------------------------------------------
                         required time                         17.238    <hidden>
                         arrival time                         -16.781    <hidden>
  -------------------------------------------------------------------
                         slack                                  0.457    <hidden>

Slack (MET) :             0.459ns  (required time - arrival time)
  Source:                 core/current_pc_reg[1]/C
                            (rising edge-triggered cell FDRE clocked by sys_clk  {rise@0.000ns fall@6.250ns period=12.500ns})
  Destination:            core/eu/vector_register_file_inst/regs_reg[6][69]/D
                            (rising edge-triggered cell FDRE clocked by sys_clk  {rise@0.000ns fall@6.250ns period=12.500ns})
  Path Group:             sys_clk
  Path Type:              Setup (Max at Slow Process Corner)
  Requirement:            12.500ns  (sys_clk rise@12.500ns - sys_clk rise@0.000ns)
  Data Path Delay:        11.895ns  (logic 2.038ns (17.134%)  route 9.857ns (82.866%))
  Logic Levels:           9  (LUT3=1 LUT4=1 LUT6=6 RAMD32=1)
  Clock Path Skew:        -0.050ns (DCD - SCD + CPR)
    Destination Clock Delay (DCD):    4.483ns = ( 16.983 - 12.500 ) 
    Source Clock Delay      (SCD):    4.868ns
    Clock Pessimism Removal (CPR):    0.335ns
  Clock Uncertainty:      0.035ns  ((TSJ^2 + TIJ^2)^1/2 + DJ) / 2 + PE
    Total System Jitter     (TSJ):    0.071ns
    Total Input Jitter      (TIJ):    0.000ns
    Discrete Jitter          (DJ):    0.000ns
    Phase Error              (PE):    0.000ns

    Location             Delay type                Incr(ns)  Path(ns)    Netlist Resource(s)
  -------------------------------------------------------------------    -------------------
                         (clock sys_clk rise edge)    0.000     0.000 r  <hidden>
    C17                                               0.000     0.000 r  clk
                         net (fo=0)                   0.000     0.000    clk
    C17                  IBUF (Prop_ibuf_I_O)         0.933     0.933 r  clk_IBUF_inst/O
                         net (fo=1, routed)           2.273     3.207    clk_IBUF
    BUFGCTRL_X0Y16       BUFG (Prop_bufg_I_O)         0.096     3.303 r  clk_IBUF_BUFG_inst/O
                         net (fo=1662, routed)        1.565     4.868    core/clk_IBUF_BUFG
    SLICE_X39Y9          FDRE                                         r  core/current_pc_reg[1]/C
  -------------------------------------------------------------------    -------------------
    SLICE_X39Y9          FDRE (Prop_fdre_C_Q)         0.456     5.324 r  core/current_pc_reg[1]/Q
                         net (fo=64, routed)          1.214     6.539    core/pim/memory_reg_0_15_6_11/ADDRC1
    SLICE_X38Y9          RAMD32 (Prop_ramd32_RADR1_O)
                                                      0.153     6.692 r  core/pim/memory_reg_0_15_6_11/RAMC/O
                         net (fo=3, routed)           0.664     7.356    core/pim/current_instruction[10]
    SLICE_X37Y10         LUT6 (Prop_lut6_I1_O)        0.331     7.687 r  core/pim/memory_reg_0_i_356/O
                         net (fo=4, routed)           1.037     8.724    core/pim/src_a[1]
    SLICE_X50Y22         LUT4 (Prop_lut4_I3_O)        0.124     8.848 r  core/pim/memory_reg_0_i_332/O
                         net (fo=64, routed)          1.131     9.979    core/eu/vector_register_file_inst/regs[0][95]_i_33_0
    SLICE_X50Y33         LUT6 (Prop_lut6_I2_O)        0.124    10.103 r  core/eu/vector_register_file_inst/memory_reg_1_i_132/O
                         net (fo=7, routed)           1.083    11.186    core/eu/vector_register_file_inst/memory_reg_1_i_132_n_0
    SLICE_X48Y26         LUT3 (Prop_lut3_I2_O)        0.152    11.338 r  core/eu/vector_register_file_inst/memory_reg_1_i_66/O
                         net (fo=22, routed)          1.653    12.991    core/eu/vector_register_file_inst/debug_read_data[94]
    SLICE_X60Y24         LUT6 (Prop_lut6_I0_O)        0.326    13.317 r  core/eu/vector_register_file_inst/regs[0][85]_i_11/O
                         net (fo=6, routed)           0.989    14.306    core/eu/vector_register_file_inst/regs[0][85]_i_11_n_0
    SLICE_X60Y23         LUT6 (Prop_lut6_I1_O)        0.124    14.430 r  core/eu/vector_register_file_inst/regs[0][69]_i_5/O
                         net (fo=2, routed)           0.722    15.152    core/eu/vector_register_file_inst/regs[0][69]_i_5_n_0
    SLICE_X61Y23         LUT6 (Prop_lut6_I0_O)        0.124    15.276 r  core/eu/vector_register_file_inst/regs[0][69]_i_3/O
                         net (fo=1, routed)           0.748    16.024    core/pim/regs_reg[7][69]
    SLICE_X48Y23         LUT6 (Prop_lut6_I2_O)        0.124    16.148 r  core/pim/regs[0][69]_i_1/O
                         net (fo=8, routed)           0.615    16.763    core/eu/vector_register_file_inst/D[69]
    SLICE_X44Y23         FDRE                                         r  core/eu/vector_register_file_inst/regs_reg[6][69]/D
  -------------------------------------------------------------------    -------------------

                         (clock sys_clk rise edge)   12.500    12.500 r  <hidden>
    C17                                               0.000    12.500 r  clk
                         net (fo=0)                   0.000    12.500    clk
    C17                  IBUF (Prop_ibuf_I_O)         0.800    13.300 r  clk_IBUF_inst/O
                         net (fo=1, routed)           2.155    15.455    clk_IBUF
    BUFGCTRL_X0Y16       BUFG (Prop_bufg_I_O)         0.091    15.546 r  clk_IBUF_BUFG_inst/O
                         net (fo=1662, routed)        1.436    16.983    core/eu/vector_register_file_inst/clk_IBUF_BUFG
    SLICE_X44Y23         FDRE                                         r  core/eu/vector_register_file_inst/regs_reg[6][69]/C
                         clock pessimism              0.335    17.318    <hidden>
                         clock uncertainty           -0.035    17.283    <hidden>
    SLICE_X44Y23         FDRE (Setup_fdre_C_D)       -0.061    17.222    core/eu/vector_register_file_inst/regs_reg[6][69]
  -------------------------------------------------------------------
                         required time                         17.222    <hidden>
                         arrival time                         -16.763    <hidden>
  -------------------------------------------------------------------
                         slack                                  0.459    <hidden>

Slack (MET) :             0.464ns  (required time - arrival time)
  Source:                 core/current_pc_reg[1]/C
                            (rising edge-triggered cell FDRE clocked by sys_clk  {rise@0.000ns fall@6.250ns period=12.500ns})
  Destination:            core/eu/vector_register_file_inst/regs_reg[2][69]/D
                            (rising edge-triggered cell FDRE clocked by sys_clk  {rise@0.000ns fall@6.250ns period=12.500ns})
  Path Group:             sys_clk
  Path Type:              Setup (Max at Slow Process Corner)
  Requirement:            12.500ns  (sys_clk rise@12.500ns - sys_clk rise@0.000ns)
  Data Path Delay:        11.889ns  (logic 2.038ns (17.142%)  route 9.851ns (82.858%))
  Logic Levels:           9  (LUT3=1 LUT4=1 LUT6=6 RAMD32=1)
  Clock Path Skew:        -0.050ns (DCD - SCD + CPR)
    Destination Clock Delay (DCD):    4.483ns = ( 16.983 - 12.500 ) 
    Source Clock Delay      (SCD):    4.868ns
    Clock Pessimism Removal (CPR):    0.335ns
  Clock Uncertainty:      0.035ns  ((TSJ^2 + TIJ^2)^1/2 + DJ) / 2 + PE
    Total System Jitter     (TSJ):    0.071ns
    Total Input Jitter      (TIJ):    0.000ns
    Discrete Jitter          (DJ):    0.000ns
    Phase Error              (PE):    0.000ns

    Location             Delay type                Incr(ns)  Path(ns)    Netlist Resource(s)
  -------------------------------------------------------------------    -------------------
                         (clock sys_clk rise edge)    0.000     0.000 r  <hidden>
    C17                                               0.000     0.000 r  clk
                         net (fo=0)                   0.000     0.000    clk
    C17                  IBUF (Prop_ibuf_I_O)         0.933     0.933 r  clk_IBUF_inst/O
                         net (fo=1, routed)           2.273     3.207    clk_IBUF
    BUFGCTRL_X0Y16       BUFG (Prop_bufg_I_O)         0.096     3.303 r  clk_IBUF_BUFG_inst/O
                         net (fo=1662, routed)        1.565     4.868    core/clk_IBUF_BUFG
    SLICE_X39Y9          FDRE                                         r  core/current_pc_reg[1]/C
  -------------------------------------------------------------------    -------------------
    SLICE_X39Y9          FDRE (Prop_fdre_C_Q)         0.456     5.324 r  core/current_pc_reg[1]/Q
                         net (fo=64, routed)          1.214     6.539    core/pim/memory_reg_0_15_6_11/ADDRC1
    SLICE_X38Y9          RAMD32 (Prop_ramd32_RADR1_O)
                                                      0.153     6.692 r  core/pim/memory_reg_0_15_6_11/RAMC/O
                         net (fo=3, routed)           0.664     7.356    core/pim/current_instruction[10]
    SLICE_X37Y10         LUT6 (Prop_lut6_I1_O)        0.331     7.687 r  core/pim/memory_reg_0_i_356/O
                         net (fo=4, routed)           1.037     8.724    core/pim/src_a[1]
    SLICE_X50Y22         LUT4 (Prop_lut4_I3_O)        0.124     8.848 r  core/pim/memory_reg_0_i_332/O
                         net (fo=64, routed)          1.131     9.979    core/eu/vector_register_file_inst/regs[0][95]_i_33_0
    SLICE_X50Y33         LUT6 (Prop_lut6_I2_O)        0.124    10.103 r  core/eu/vector_register_file_inst/memory_reg_1_i_132/O
                         net (fo=7, routed)           1.083    11.186    core/eu/vector_register_file_inst/memory_reg_1_i_132_n_0
    SLICE_X48Y26         LUT3 (Prop_lut3_I2_O)        0.152    11.338 r  core/eu/vector_register_file_inst/memory_reg_1_i_66/O
                         net (fo=22, routed)          1.653    12.991    core/eu/vector_register_file_inst/debug_read_data[94]
    SLICE_X60Y24         LUT6 (Prop_lut6_I0_O)        0.326    13.317 r  core/eu/vector_register_file_inst/regs[0][85]_i_11/O
                         net (fo=6, routed)           0.989    14.306    core/eu/vector_register_file_inst/regs[0][85]_i_11_n_0
    SLICE_X60Y23         LUT6 (Prop_lut6_I1_O)        0.124    14.430 r  core/eu/vector_register_file_inst/regs[0][69]_i_5/O
                         net (fo=2, routed)           0.722    15.152    core/eu/vector_register_file_inst/regs[0][69]_i_5_n_0
    SLICE_X61Y23         LUT6 (Prop_lut6_I0_O)        0.124    15.276 r  core/eu/vector_register_file_inst/regs[0][69]_i_3/O
                         net (fo=1, routed)           0.748    16.024    core/pim/regs_reg[7][69]
    SLICE_X48Y23         LUT6 (Prop_lut6_I2_O)        0.124    16.148 r  core/pim/regs[0][69]_i_1/O
                         net (fo=8, routed)           0.610    16.757    core/eu/vector_register_file_inst/D[69]
    SLICE_X47Y23         FDRE                                         r  core/eu/vector_register_file_inst/regs_reg[2][69]/D
  -------------------------------------------------------------------    -------------------

                         (clock sys_clk rise edge)   12.500    12.500 r  <hidden>
    C17                                               0.000    12.500 r  clk
                         net (fo=0)                   0.000    12.500    clk
    C17                  IBUF (Prop_ibuf_I_O)         0.800    13.300 r  clk_IBUF_inst/O
                         net (fo=1, routed)           2.155    15.455    clk_IBUF
    BUFGCTRL_X0Y16       BUFG (Prop_bufg_I_O)         0.091    15.546 r  clk_IBUF_BUFG_inst/O
                         net (fo=1662, routed)        1.436    16.983    core/eu/vector_register_file_inst/clk_IBUF_BUFG
    SLICE_X47Y23         FDRE                                         r  core/eu/vector_register_file_inst/regs_reg[2][69]/C
                         clock pessimism              0.335    17.318    <hidden>
                         clock uncertainty           -0.035    17.283    <hidden>
    SLICE_X47Y23         FDRE (Setup_fdre_C_D)       -0.061    17.222    core/eu/vector_register_file_inst/regs_reg[2][69]
  -------------------------------------------------------------------
                         required time                         17.222    <hidden>
                         arrival time                         -16.757    <hidden>
  -------------------------------------------------------------------
                         slack                                  0.464    <hidden>

Slack (MET) :             0.472ns  (required time - arrival time)
  Source:                 core/current_pc_reg[0]/C
                            (rising edge-triggered cell FDRE clocked by sys_clk  {rise@0.000ns fall@6.250ns period=12.500ns})
  Destination:            core/eu/vector_register_file_inst/regs_reg[5][64]/D
                            (rising edge-triggered cell FDRE clocked by sys_clk  {rise@0.000ns fall@6.250ns period=12.500ns})
  Path Group:             sys_clk
  Path Type:              Setup (Max at Slow Process Corner)
  Requirement:            12.500ns  (sys_clk rise@12.500ns - sys_clk rise@0.000ns)
  Data Path Delay:        11.868ns  (logic 3.280ns (27.637%)  route 8.588ns (72.363%))
  Logic Levels:           13  (CARRY4=2 LUT2=1 LUT3=1 LUT4=3 LUT5=1 LUT6=3 MUXF7=1 RAMD32=1)
  Clock Path Skew:        -0.044ns (DCD - SCD + CPR)
    Destination Clock Delay (DCD):    4.490ns = ( 16.990 - 12.500 ) 
    Source Clock Delay      (SCD):    4.869ns
    Clock Pessimism Removal (CPR):    0.335ns
  Clock Uncertainty:      0.035ns  ((TSJ^2 + TIJ^2)^1/2 + DJ) / 2 + PE
    Total System Jitter     (TSJ):    0.071ns
    Total Input Jitter      (TIJ):    0.000ns
    Discrete Jitter          (DJ):    0.000ns
    Phase Error              (PE):    0.000ns

    Location             Delay type                Incr(ns)  Path(ns)    Netlist Resource(s)
  -------------------------------------------------------------------    -------------------
                         (clock sys_clk rise edge)    0.000     0.000 r  <hidden>
    C17                                               0.000     0.000 r  clk
                         net (fo=0)                   0.000     0.000    clk
    C17                  IBUF (Prop_ibuf_I_O)         0.933     0.933 r  clk_IBUF_inst/O
                         net (fo=1, routed)           2.273     3.207    clk_IBUF
    BUFGCTRL_X0Y16       BUFG (Prop_bufg_I_O)         0.096     3.303 r  clk_IBUF_BUFG_inst/O
                         net (fo=1662, routed)        1.566     4.869    core/clk_IBUF_BUFG
    SLICE_X40Y10         FDRE                                         r  core/current_pc_reg[0]/C
  -------------------------------------------------------------------    -------------------
    SLICE_X40Y10         FDRE (Prop_fdre_C_Q)         0.456     5.325 r  core/current_pc_reg[0]/Q
                         net (fo=84, routed)          0.976     6.301    core/pim/memory_reg_0_15_12_15/ADDRA0
    SLICE_X38Y10         RAMD32 (Prop_ramd32_RADR0_O)
                                                      0.150     6.451 r  core/pim/memory_reg_0_15_12_15/RAMA/O
                         net (fo=16, routed)          0.892     7.343    core/pim/current_instruction[12]
    SLICE_X40Y10         LUT6 (Prop_lut6_I0_O)        0.328     7.671 r  core/pim/memory_reg_0_i_357/O
                         net (fo=4, routed)           0.860     8.531    core/pim/src_a[0]
    SLICE_X47Y21         LUT4 (Prop_lut4_I3_O)        0.124     8.655 r  core/pim/memory_reg_0_i_333/O
                         net (fo=64, routed)          1.462    10.117    core/eu/vector_register_file_inst/regs[0][95]_i_33_1
    SLICE_X61Y27         LUT6 (Prop_lut6_I4_O)        0.124    10.241 r  core/eu/vector_register_file_inst/memory_reg_1_i_157/O
                         net (fo=7, routed)           0.964    11.205    core/eu/vector_register_file_inst/memory_reg_1_i_157_n_0
    SLICE_X57Y27         LUT3 (Prop_lut3_I0_O)        0.124    11.329 r  core/eu/vector_register_file_inst/memory_reg_1_i_79/O
                         net (fo=11, routed)          1.047    12.376    core/eu/vector_register_file_inst/debug_read_data[81]
    SLICE_X52Y26         LUT2 (Prop_lut2_I0_O)        0.124    12.500 r  core/eu/vector_register_file_inst/regs[0][81]_i_8/O
                         net (fo=3, routed)           0.599    13.100    core/eu/vector_register_file_inst/regs[0][83]_i_27_n_0
    SLICE_X51Y26         LUT4 (Prop_lut4_I2_O)        0.124    13.224 r  core/eu/vector_register_file_inst/regs[0][64]_i_46/O
                         net (fo=1, routed)           0.000    13.224    core/eu/vector_register_file_inst/regs[0][64]_i_46_n_0
    SLICE_X51Y26         CARRY4 (Prop_carry4_S[1]_CO[3])
                                                      0.550    13.774 r  core/eu/vector_register_file_inst/regs_reg[0][64]_i_30/CO[3]
                         net (fo=1, routed)           0.000    13.774    core/eu/vector_register_file_inst/regs_reg[0][64]_i_30_n_0
    SLICE_X51Y27         CARRY4 (Prop_carry4_CI_CO[2])
                                                      0.228    14.002 r  core/eu/vector_register_file_inst/regs_reg[0][64]_i_20/CO[2]
                         net (fo=1, routed)           0.572    14.574    core/eu/vector_register_file_inst/regs_reg[0][64]_i_20_n_1
    SLICE_X48Y28         LUT4 (Prop_lut4_I0_O)        0.313    14.887 r  core/eu/vector_register_file_inst/regs[0][64]_i_10/O
                         net (fo=1, routed)           0.312    15.199    core/eu/vector_register_file_inst/regs[0][64]_i_10_n_0
    SLICE_X50Y28         LUT6 (Prop_lut6_I5_O)        0.124    15.323 r  core/eu/vector_register_file_inst/regs[0][64]_i_7/O
                         net (fo=1, routed)           0.000    15.323    core/eu/vector_register_file_inst/regs[0][64]_i_7_n_0
    SLICE_X50Y28         MUXF7 (Prop_muxf7_I1_O)      0.214    15.537 r  core/eu/vector_register_file_inst/regs_reg[0][64]_i_4/O
                         net (fo=1, routed)           0.303    15.840    core/pim/regs_reg[7][64]_0
    SLICE_X49Y28         LUT5 (Prop_lut5_I4_O)        0.297    16.137 r  core/pim/regs[0][64]_i_1/O
                         net (fo=8, routed)           0.600    16.737    core/eu/vector_register_file_inst/D[64]
    SLICE_X51Y28         FDRE                                         r  core/eu/vector_register_file_inst/regs_reg[5][64]/D
  -------------------------------------------------------------------    -------------------

                         (clock sys_clk rise edge)   12.500    12.500 r  <hidden>
    C17                                               0.000    12.500 r  clk
                         net (fo=0)                   0.000    12.500    clk
    C17                  IBUF (Prop_ibuf_I_O)         0.800    13.300 r  clk_IBUF_inst/O
                         net (fo=1, routed)           2.155    15.455    clk_IBUF
    BUFGCTRL_X0Y16       BUFG (Prop_bufg_I_O)         0.091    15.546 r  clk_IBUF_BUFG_inst/O
                         net (fo=1662, routed)        1.443    16.990    core/eu/vector_register_file_inst/clk_IBUF_BUFG
    SLICE_X51Y28         FDRE                                         r  core/eu/vector_register_file_inst/regs_reg[5][64]/C
                         clock pessimism              0.335    17.325    <hidden>
                         clock uncertainty           -0.035    17.290    <hidden>
    SLICE_X51Y28         FDRE (Setup_fdre_C_D)       -0.081    17.209    core/eu/vector_register_file_inst/regs_reg[5][64]
  -------------------------------------------------------------------
                         required time                         17.209    <hidden>
                         arrival time                         -16.737    <hidden>
  -------------------------------------------------------------------
                         slack                                  0.472    <hidden>

Slack (MET) :             0.473ns  (required time - arrival time)
  Source:                 core/current_pc_reg[0]/C
                            (rising edge-triggered cell FDRE clocked by sys_clk  {rise@0.000ns fall@6.250ns period=12.500ns})
  Destination:            core/eu/vector_register_file_inst/regs_reg[7][64]/D
                            (rising edge-triggered cell FDRE clocked by sys_clk  {rise@0.000ns fall@6.250ns period=12.500ns})
  Path Group:             sys_clk
  Path Type:              Setup (Max at Slow Process Corner)
  Requirement:            12.500ns  (sys_clk rise@12.500ns - sys_clk rise@0.000ns)
  Data Path Delay:        11.916ns  (logic 3.280ns (27.525%)  route 8.636ns (72.475%))
  Logic Levels:           13  (CARRY4=2 LUT2=1 LUT3=1 LUT4=3 LUT5=1 LUT6=3 MUXF7=1 RAMD32=1)
  Clock Path Skew:        -0.044ns (DCD - SCD + CPR)
    Destination Clock Delay (DCD):    4.490ns = ( 16.990 - 12.500 ) 
    Source Clock Delay      (SCD):    4.869ns
    Clock Pessimism Removal (CPR):    0.335ns
  Clock Uncertainty:      0.035ns  ((TSJ^2 + TIJ^2)^1/2 + DJ) / 2 + PE
    Total System Jitter     (TSJ):    0.071ns
    Total Input Jitter      (TIJ):    0.000ns
    Discrete Jitter          (DJ):    0.000ns
    Phase Error              (PE):    0.000ns

    Location             Delay type                Incr(ns)  Path(ns)    Netlist Resource(s)
  -------------------------------------------------------------------    -------------------
                         (clock sys_clk rise edge)    0.000     0.000 r  <hidden>
    C17                                               0.000     0.000 r  clk
                         net (fo=0)                   0.000     0.000    clk
    C17                  IBUF (Prop_ibuf_I_O)         0.933     0.933 r  clk_IBUF_inst/O
                         net (fo=1, routed)           2.273     3.207    clk_IBUF
    BUFGCTRL_X0Y16       BUFG (Prop_bufg_I_O)         0.096     3.303 r  clk_IBUF_BUFG_inst/O
                         net (fo=1662, routed)        1.566     4.869    core/clk_IBUF_BUFG
    SLICE_X40Y10         FDRE                                         r  core/current_pc_reg[0]/C
  -------------------------------------------------------------------    -------------------
    SLICE_X40Y10         FDRE (Prop_fdre_C_Q)         0.456     5.325 r  core/current_pc_reg[0]/Q
                         net (fo=84, routed)          0.976     6.301    core/pim/memory_reg_0_15_12_15/ADDRA0
    SLICE_X38Y10         RAMD32 (Prop_ramd32_RADR0_O)
                                                      0.150     6.451 r  core/pim/memory_reg_0_15_12_15/RAMA/O
                         net (fo=16, routed)          0.892     7.343    core/pim/current_instruction[12]
    SLICE_X40Y10         LUT6 (Prop_lut6_I0_O)        0.328     7.671 r  core/pim/memory_reg_0_i_357/O
                         net (fo=4, routed)           0.860     8.531    core/pim/src_a[0]
    SLICE_X47Y21         LUT4 (Prop_lut4_I3_O)        0.124     8.655 r  core/pim/memory_reg_0_i_333/O
                         net (fo=64, routed)          1.462    10.117    core/eu/vector_register_file_inst/regs[0][95]_i_33_1
    SLICE_X61Y27         LUT6 (Prop_lut6_I4_O)        0.124    10.241 r  core/eu/vector_register_file_inst/memory_reg_1_i_157/O
                         net (fo=7, routed)           0.964    11.205    core/eu/vector_register_file_inst/memory_reg_1_i_157_n_0
    SLICE_X57Y27         LUT3 (Prop_lut3_I0_O)        0.124    11.329 r  core/eu/vector_register_file_inst/memory_reg_1_i_79/O
                         net (fo=11, routed)          1.047    12.376    core/eu/vector_register_file_inst/debug_read_data[81]
    SLICE_X52Y26         LUT2 (Prop_lut2_I0_O)        0.124    12.500 r  core/eu/vector_register_file_inst/regs[0][81]_i_8/O
                         net (fo=3, routed)           0.599    13.100    core/eu/vector_register_file_inst/regs[0][83]_i_27_n_0
    SLICE_X51Y26         LUT4 (Prop_lut4_I2_O)        0.124    13.224 r  core/eu/vector_register_file_inst/regs[0][64]_i_46/O
                         net (fo=1, routed)           0.000    13.224    core/eu/vector_register_file_inst/regs[0][64]_i_46_n_0
    SLICE_X51Y26         CARRY4 (Prop_carry4_S[1]_CO[3])
                                                      0.550    13.774 r  core/eu/vector_register_file_inst/regs_reg[0][64]_i_30/CO[3]
                         net (fo=1, routed)           0.000    13.774    core/eu/vector_register_file_inst/regs_reg[0][64]_i_30_n_0
    SLICE_X51Y27         CARRY4 (Prop_carry4_CI_CO[2])
                                                      0.228    14.002 r  core/eu/vector_register_file_inst/regs_reg[0][64]_i_20/CO[2]
                         net (fo=1, routed)           0.572    14.574    core/eu/vector_register_file_inst/regs_reg[0][64]_i_20_n_1
    SLICE_X48Y28         LUT4 (Prop_lut4_I0_O)        0.313    14.887 r  core/eu/vector_register_file_inst/regs[0][64]_i_10/O
                         net (fo=1, routed)           0.312    15.199    core/eu/vector_register_file_inst/regs[0][64]_i_10_n_0
    SLICE_X50Y28         LUT6 (Prop_lut6_I5_O)        0.124    15.323 r  core/eu/vector_register_file_inst/regs[0][64]_i_7/O
                         net (fo=1, routed)           0.000    15.323    core/eu/vector_register_file_inst/regs[0][64]_i_7_n_0
    SLICE_X50Y28         MUXF7 (Prop_muxf7_I1_O)      0.214    15.537 r  core/eu/vector_register_file_inst/regs_reg[0][64]_i_4/O
                         net (fo=1, routed)           0.303    15.840    core/pim/regs_reg[7][64]_0
    SLICE_X49Y28         LUT5 (Prop_lut5_I4_O)        0.297    16.137 r  core/pim/regs[0][64]_i_1/O
                         net (fo=8, routed)           0.649    16.785    core/eu/vector_register_file_inst/D[64]
    SLICE_X52Y28         FDRE                                         r  core/eu/vector_register_file_inst/regs_reg[7][64]/D
  -------------------------------------------------------------------    -------------------

                         (clock sys_clk rise edge)   12.500    12.500 r  <hidden>
    C17                                               0.000    12.500 r  clk
                         net (fo=0)                   0.000    12.500    clk
    C17                  IBUF (Prop_ibuf_I_O)         0.800    13.300 r  clk_IBUF_inst/O
                         net (fo=1, routed)           2.155    15.455    clk_IBUF
    BUFGCTRL_X0Y16       BUFG (Prop_bufg_I_O)         0.091    15.546 r  clk_IBUF_BUFG_inst/O
                         net (fo=1662, routed)        1.443    16.990    core/eu/vector_register_file_inst/clk_IBUF_BUFG
    SLICE_X52Y28         FDRE                                         r  core/eu/vector_register_file_inst/regs_reg[7][64]/C
                         clock pessimism              0.335    17.325    <hidden>
                         clock uncertainty           -0.035    17.290    <hidden>
    SLICE_X52Y28         FDRE (Setup_fdre_C_D)       -0.031    17.259    core/eu/vector_register_file_inst/regs_reg[7][64]
  -------------------------------------------------------------------
                         required time                         17.259    <hidden>
                         arrival time                         -16.785    <hidden>
  -------------------------------------------------------------------
                         slack                                  0.473    <hidden>

Slack (MET) :             0.487ns  (required time - arrival time)
  Source:                 core/current_pc_reg[1]/C
                            (rising edge-triggered cell FDRE clocked by sys_clk  {rise@0.000ns fall@6.250ns period=12.500ns})
  Destination:            core/eu/vector_register_file_inst/regs_reg[3][85]/D
                            (rising edge-triggered cell FDRE clocked by sys_clk  {rise@0.000ns fall@6.250ns period=12.500ns})
  Path Group:             sys_clk
  Path Type:              Setup (Max at Slow Process Corner)
  Requirement:            12.500ns  (sys_clk rise@12.500ns - sys_clk rise@0.000ns)
  Data Path Delay:        11.922ns  (logic 3.329ns (27.924%)  route 8.593ns (72.076%))
  Logic Levels:           13  (CARRY4=4 LUT2=1 LUT3=1 LUT4=1 LUT6=5 RAMD32=1)
  Clock Path Skew:        0.025ns (DCD - SCD + CPR)
    Destination Clock Delay (DCD):    4.558ns = ( 17.058 - 12.500 ) 
    Source Clock Delay      (SCD):    4.868ns
    Clock Pessimism Removal (CPR):    0.335ns
  Clock Uncertainty:      0.035ns  ((TSJ^2 + TIJ^2)^1/2 + DJ) / 2 + PE
    Total System Jitter     (TSJ):    0.071ns
    Total Input Jitter      (TIJ):    0.000ns
    Discrete Jitter          (DJ):    0.000ns
    Phase Error              (PE):    0.000ns

    Location             Delay type                Incr(ns)  Path(ns)    Netlist Resource(s)
  -------------------------------------------------------------------    -------------------
                         (clock sys_clk rise edge)    0.000     0.000 r  <hidden>
    C17                                               0.000     0.000 r  clk
                         net (fo=0)                   0.000     0.000    clk
    C17                  IBUF (Prop_ibuf_I_O)         0.933     0.933 r  clk_IBUF_inst/O
                         net (fo=1, routed)           2.273     3.207    clk_IBUF
    BUFGCTRL_X0Y16       BUFG (Prop_bufg_I_O)         0.096     3.303 r  clk_IBUF_BUFG_inst/O
                         net (fo=1662, routed)        1.565     4.868    core/clk_IBUF_BUFG
    SLICE_X39Y9          FDRE                                         r  core/current_pc_reg[1]/C
  -------------------------------------------------------------------    -------------------
    SLICE_X39Y9          FDRE (Prop_fdre_C_Q)         0.456     5.324 r  core/current_pc_reg[1]/Q
                         net (fo=64, routed)          1.214     6.539    core/pim/memory_reg_0_15_6_11/ADDRC1
    SLICE_X38Y9          RAMD32 (Prop_ramd32_RADR1_O)
                                                      0.153     6.692 r  core/pim/memory_reg_0_15_6_11/RAMC/O
                         net (fo=3, routed)           0.664     7.356    core/pim/current_instruction[10]
    SLICE_X37Y10         LUT6 (Prop_lut6_I1_O)        0.331     7.687 r  core/pim/memory_reg_0_i_356/O
                         net (fo=4, routed)           1.037     8.724    core/pim/src_a[1]
    SLICE_X50Y22         LUT4 (Prop_lut4_I3_O)        0.124     8.848 r  core/pim/memory_reg_0_i_332/O
                         net (fo=64, routed)          1.177    10.024    core/eu/vector_register_file_inst/regs[0][95]_i_33_0
    SLICE_X61Y22         LUT6 (Prop_lut6_I2_O)        0.124    10.148 r  core/eu/vector_register_file_inst/memory_reg_1_i_173/O
                         net (fo=7, routed)           1.103    11.252    core/eu/vector_register_file_inst/memory_reg_1_i_173_n_0
    SLICE_X55Y22         LUT3 (Prop_lut3_I0_O)        0.152    11.404 r  core/eu/vector_register_file_inst/memory_reg_1_i_87/O
                         net (fo=13, routed)          1.091    12.494    core/eu/vector_register_file_inst/debug_read_data[73]
    SLICE_X53Y25         LUT2 (Prop_lut2_I0_O)        0.326    12.820 r  core/eu/vector_register_file_inst/regs[0][75]_i_35/O
                         net (fo=1, routed)           0.000    12.820    core/eu/vector_register_file_inst/regs[0][75]_i_35_n_0
    SLICE_X53Y25         CARRY4 (Prop_carry4_S[1]_CO[3])
                                                      0.550    13.370 r  core/eu/vector_register_file_inst/regs_reg[0][75]_i_17/CO[3]
                         net (fo=1, routed)           0.000    13.370    core/eu/vector_register_file_inst/regs_reg[0][75]_i_17_n_0
    SLICE_X53Y26         CARRY4 (Prop_carry4_CI_CO[3])
                                                      0.114    13.484 r  core/eu/vector_register_file_inst/regs_reg[0][79]_i_18/CO[3]
                         net (fo=1, routed)           0.000    13.484    core/eu/vector_register_file_inst/regs_reg[0][79]_i_18_n_0
    SLICE_X53Y27         CARRY4 (Prop_carry4_CI_CO[3])
                                                      0.114    13.598 r  core/eu/vector_register_file_inst/regs_reg[0][83]_i_16/CO[3]
                         net (fo=1, routed)           0.000    13.598    core/eu/vector_register_file_inst/regs_reg[0][83]_i_16_n_0
    SLICE_X53Y28         CARRY4 (Prop_carry4_CI_O[1])
                                                      0.334    13.932 r  core/eu/vector_register_file_inst/regs_reg[0][87]_i_19/O[1]
                         net (fo=1, routed)           0.458    14.390    core/eu/vector_register_file_inst/regs_reg[0][87]_i_19_n_6
    SLICE_X57Y28         LUT6 (Prop_lut6_I5_O)        0.303    14.693 r  core/eu/vector_register_file_inst/regs[0][85]_i_9/O
                         net (fo=1, routed)           0.669    15.362    core/eu/vector_register_file_inst/regs[0][85]_i_9_n_0
    SLICE_X58Y28         LUT6 (Prop_lut6_I5_O)        0.124    15.486 r  core/eu/vector_register_file_inst/regs[0][85]_i_4/O
                         net (fo=1, routed)           0.431    15.917    core/pim/regs_reg[7][85]_0
    SLICE_X59Y30         LUT6 (Prop_lut6_I5_O)        0.124    16.041 r  core/pim/regs[0][85]_i_1/O
                         net (fo=8, routed)           0.749    16.790    core/eu/vector_register_file_inst/D[85]
    SLICE_X62Y30         FDRE                                         r  core/eu/vector_register_file_inst/regs_reg[3][85]/D
  -------------------------------------------------------------------    -------------------

                         (clock sys_clk rise edge)   12.500    12.500 r  <hidden>
    C17                                               0.000    12.500 r  clk
                         net (fo=0)                   0.000    12.500    clk
    C17                  IBUF (Prop_ibuf_I_O)         0.800    13.300 r  clk_IBUF_inst/O
                         net (fo=1, routed)           2.155    15.455    clk_IBUF
    BUFGCTRL_X0Y16       BUFG (Prop_bufg_I_O)         0.091    15.546 r  clk_IBUF_BUFG_inst/O
                         net (fo=1662, routed)        1.511    17.058    core/eu/vector_register_file_inst/clk_IBUF_BUFG
    SLICE_X62Y30         FDRE                                         r  core/eu/vector_register_file_inst/regs_reg[3][85]/C
                         clock pessimism              0.335    17.393    <hidden>
                         clock uncertainty           -0.035    17.358    <hidden>
    SLICE_X62Y30         FDRE (Setup_fdre_C_D)       -0.081    17.277    core/eu/vector_register_file_inst/regs_reg[3][85]
  -------------------------------------------------------------------
                         required time                         17.277    <hidden>
                         arrival time                         -16.790    <hidden>
  -------------------------------------------------------------------
                         slack                                  0.487    <hidden>




