Copyright 1986-2022 Xilinx, Inc. All Rights Reserved. Copyright 2022-2026 Advanced Micro Devices, Inc. All Rights Reserved.
---------------------------------------------------------------------------------------------------------------------------------------------
| Tool Version : Vivado v.2026.1 (win64) Build 6511674 Tue Jun 16 11:02:23 MDT 2026
| Date         : Sat Aug 22 11:39:29 2026
| Host         : DESKTOP-4GB7DVJ running 64-bit major release  (build 9200)
| Command      : report_timing_summary -file C:/FPGA/systemverilog-fpga-cpu/reports/vector_stage12/stage12_80mhz_timing_summary.rpt
| Design       : vector_two_outstanding_prefetch_program_core_synth_top
| Device       : 7a35t-cpg236
| Speed File   : -1  PRODUCTION 1.23 2018-06-13
| Design State : Routed
---------------------------------------------------------------------------------------------------------------------------------------------

Timing Summary Report

------------------------------------------------------------------------------------------------
| Timer Settings
| --------------
------------------------------------------------------------------------------------------------

  Enable Multi Corner Analysis               :  Yes
  Enable Pessimism Removal                   :  Yes
  Pessimism Removal Resolution               :  Nearest Common Node
  Enable Input Delay Default Clock           :  No
  Enable Preset / Clear Arcs                 :  No
  Disable Flight Delays                      :  No
  Ignore I/O Paths                           :  No
  Timing Early Launch at Borrowing Latches   :  No
  Borrow Time for Max Delay Exceptions       :  Yes
  Merge Timing Exceptions                    :  Yes
  Inter-SLR Compensation                     :  Conservative

  Corner  Analyze    Analyze    
  Name    Max Paths  Min Paths  
  ------  ---------  ---------  
  Slow    Yes        Yes        
  Fast    Yes        Yes        


------------------------------------------------------------------------------------------------
| Report Methodology
| ------------------
------------------------------------------------------------------------------------------------

Rule       Severity  Description                                 Violations  
---------  --------  ------------------------------------------  ----------  
SYNTH-6    Warning   Timing of a RAM block might be sub-optimal  2           
TIMING-18  Warning   Missing input or output delay               55          

Note: This report is based on the most recent report_methodology run and may not be up-to-date. Run report_methodology on the current design for the latest report.



check_timing report

Table of Contents
-----------------
1. checking no_clock (0)
2. checking constant_clock (0)
3. checking pulse_width_clock (0)
4. checking unconstrained_internal_endpoints (0)
5. checking no_input_delay (48)
6. checking no_output_delay (7)
7. checking multiple_clock (0)
8. checking generated_clocks (0)
9. checking loops (0)
10. checking partial_input_delay (0)
11. checking partial_output_delay (0)
12. checking latch_loops (0)

1. checking no_clock (0)
------------------------
 There are 0 register/latch pins with no clock.


2. checking constant_clock (0)
------------------------------
 There are 0 register/latch pins with constant_clock.


3. checking pulse_width_clock (0)
---------------------------------
 There are 0 register/latch pins which need pulse_width check


4. checking unconstrained_internal_endpoints (0)
------------------------------------------------
 There are 0 pins that are not constrained for maximum delay.

 There are 0 pins that are not constrained for maximum delay due to constant clock.


5. checking no_input_delay (48)
-------------------------------
 There are 48 input ports with no input delay specified. (HIGH)

 There are 0 input ports with no input delay but user has a false path constraint.


6. checking no_output_delay (7)
-------------------------------
 There are 7 ports with no output delay specified. (HIGH)

 There are 0 ports with no output delay but user has a false path constraint

 There are 0 ports with no output delay but with a timing clock defined on it or propagating through it


7. checking multiple_clock (0)
------------------------------
 There are 0 register/latch pins with multiple clocks.


8. checking generated_clocks (0)
--------------------------------
 There are 0 generated clocks that are not connected to a clock source.


9. checking loops (0)
---------------------
 There are 0 combinational loops in the design.


10. checking partial_input_delay (0)
------------------------------------
 There are 0 input ports with partial input delay specified.


11. checking partial_output_delay (0)
-------------------------------------
 There are 0 ports with partial output delay specified.


12. checking latch_loops (0)
----------------------------
 There are 0 combinational latch loops in the design through latch input



------------------------------------------------------------------------------------------------
| Design Timing Summary
| ---------------------
------------------------------------------------------------------------------------------------

    WNS(ns)      TNS(ns)  TNS Failing Endpoints  TNS Total Endpoints      WHS(ns)      THS(ns)  THS Failing Endpoints  THS Total Endpoints     WPWS(ns)     TPWS(ns)  TPWS Failing Endpoints  TPWS Total Endpoints  
    -------      -------  ---------------------  -------------------      -------      -------  ---------------------  -------------------     --------     --------  ----------------------  --------------------  
      0.348        0.000                      0                 3527        0.200        0.000                      0                 3527        5.000        0.000                       0                  1663  


All user specified timing constraints are met.


------------------------------------------------------------------------------------------------
| Clock Summary
| -------------
------------------------------------------------------------------------------------------------

Clock    Waveform(ns)       Period(ns)      Frequency(MHz)
-----    ------------       ----------      --------------
sys_clk  {0.000 6.250}      12.500          80.000          


------------------------------------------------------------------------------------------------
| Intra Clock Table
| -----------------
------------------------------------------------------------------------------------------------

Clock             WNS(ns)      TNS(ns)  TNS Failing Endpoints  TNS Total Endpoints      WHS(ns)      THS(ns)  THS Failing Endpoints  THS Total Endpoints     WPWS(ns)     TPWS(ns)  TPWS Failing Endpoints  TPWS Total Endpoints  
-----             -------      -------  ---------------------  -------------------      -------      -------  ---------------------  -------------------     --------     --------  ----------------------  --------------------  
sys_clk             0.348        0.000                      0                 3527        0.200        0.000                      0                 3527        5.000        0.000                       0                  1663  


------------------------------------------------------------------------------------------------
| Inter Clock Table
| -----------------
------------------------------------------------------------------------------------------------

From Clock    To Clock          WNS(ns)      TNS(ns)  TNS Failing Endpoints  TNS Total Endpoints      WHS(ns)      THS(ns)  THS Failing Endpoints  THS Total Endpoints  
----------    --------          -------      -------  ---------------------  -------------------      -------      -------  ---------------------  -------------------  


------------------------------------------------------------------------------------------------
| Other Path Groups Table
| -----------------------
------------------------------------------------------------------------------------------------

Path Group    From Clock    To Clock          WNS(ns)      TNS(ns)  TNS Failing Endpoints  TNS Total Endpoints      WHS(ns)      THS(ns)  THS Failing Endpoints  THS Total Endpoints  
----------    ----------    --------          -------      -------  ---------------------  -------------------      -------      -------  ---------------------  -------------------  


------------------------------------------------------------------------------------------------
| Timing Details
| --------------
------------------------------------------------------------------------------------------------


---------------------------------------------------------------------------------------------------
From Clock:  sys_clk
  To Clock:  sys_clk

Setup :            0  Failing Endpoints,  Worst Slack        0.348ns,  Total Violation        0.000ns
Hold  :            0  Failing Endpoints,  Worst Slack        0.200ns,  Total Violation        0.000ns
PW    :            0  Failing Endpoints,  Worst Slack        5.000ns,  Total Violation        0.000ns
---------------------------------------------------------------------------------------------------


Max Delay Paths
--------------------------------------------------------------------------------------
Slack (MET) :             0.348ns  (required time - arrival time)
  Source:                 core/current_pc_reg[1]/C
                            (rising edge-triggered cell FDRE clocked by sys_clk  {rise@0.000ns fall@6.250ns period=12.500ns})
  Destination:            core/eu/vector_register_file_inst/regs_reg[4][64]/D
                            (rising edge-triggered cell FDRE clocked by sys_clk  {rise@0.000ns fall@6.250ns period=12.500ns})
  Path Group:             sys_clk
  Path Type:              Setup (Max at Slow Process Corner)
  Requirement:            12.500ns  (sys_clk rise@12.500ns - sys_clk rise@0.000ns)
  Data Path Delay:        12.052ns  (logic 3.240ns (26.884%)  route 8.812ns (73.116%))
  Logic Levels:           12  (CARRY4=1 LUT2=1 LUT3=2 LUT4=2 LUT5=1 LUT6=3 MUXF7=1 RAMD32=1)
  Clock Path Skew:        -0.025ns (DCD - SCD + CPR)
    Destination Clock Delay (DCD):    4.501ns = ( 17.001 - 12.500 ) 
    Source Clock Delay      (SCD):    4.861ns
    Clock Pessimism Removal (CPR):    0.335ns
  Clock Uncertainty:      0.035ns  ((TSJ^2 + TIJ^2)^1/2 + DJ) / 2 + PE
    Total System Jitter     (TSJ):    0.071ns
    Total Input Jitter      (TIJ):    0.000ns
    Discrete Jitter          (DJ):    0.000ns
    Phase Error              (PE):    0.000ns

    Location             Delay type                Incr(ns)  Path(ns)    Netlist Resource(s)
  -------------------------------------------------------------------    -------------------
                         (clock sys_clk rise edge)    0.000     0.000 r  <hidden>
    C17                                               0.000     0.000 r  clk
                         net (fo=0)                   0.000     0.000    clk
    C17                  IBUF (Prop_ibuf_I_O)         0.933     0.933 r  clk_IBUF_inst/O
                         net (fo=1, routed)           2.273     3.207    clk_IBUF
    BUFGCTRL_X0Y16       BUFG (Prop_bufg_I_O)         0.096     3.303 r  clk_IBUF_BUFG_inst/O
                         net (fo=1662, routed)        1.558     4.861    core/clk_IBUF_BUFG
    SLICE_X47Y31         FDRE                                         r  core/current_pc_reg[1]/C
  -------------------------------------------------------------------    -------------------
    SLICE_X47Y31         FDRE (Prop_fdre_C_Q)         0.456     5.317 r  core/current_pc_reg[1]/Q
                         net (fo=64, routed)          1.168     6.486    core/pim/memory_reg_0_15_6_11/ADDRA1
    SLICE_X46Y31         RAMD32 (Prop_ramd32_RADR1_O)
                                                      0.124     6.610 r  core/pim/memory_reg_0_15_6_11/RAMA_D1/O
                         net (fo=4, routed)           1.280     7.889    core/pim/current_instruction[7]
    SLICE_X48Y37         LUT6 (Prop_lut6_I5_O)        0.124     8.013 r  core/pim/memory_reg_0_i_317/O
                         net (fo=4, routed)           0.290     8.304    core/pim/src_a[1]
    SLICE_X48Y37         LUT4 (Prop_lut4_I3_O)        0.119     8.423 r  core/pim/memory_reg_0_i_315/O
                         net (fo=64, routed)          1.449     9.871    core/eu/vector_register_file_inst/regs[0][95]_i_33_0
    SLICE_X60Y51         LUT6 (Prop_lut6_I2_O)        0.332    10.203 r  core/eu/vector_register_file_inst/memory_reg_1_i_143/O
                         net (fo=7, routed)           1.028    11.231    core/eu/vector_register_file_inst/memory_reg_1_i_143_n_0
    SLICE_X58Y50         LUT3 (Prop_lut3_I0_O)        0.152    11.383 r  core/eu/vector_register_file_inst/memory_reg_1_i_72/O
                         net (fo=12, routed)          0.969    12.352    core/eu/vector_register_file_inst/debug_read_data[88]
    SLICE_X54Y46         LUT2 (Prop_lut2_I0_O)        0.326    12.678 r  core/eu/vector_register_file_inst/regs[0][88]_i_9/O
                         net (fo=4, routed)           0.599    13.277    core/eu/vector_register_file_inst/regs[0][91]_i_26_n_0
    SLICE_X56Y44         LUT3 (Prop_lut3_I1_O)        0.124    13.401 r  core/eu/vector_register_file_inst/regs[0][64]_i_33/O
                         net (fo=1, routed)           0.000    13.401    core/eu/vector_register_file_inst/regs[0][64]_i_33_n_0
    SLICE_X56Y44         CARRY4 (Prop_carry4_S[0]_CO[2])
                                                      0.538    13.939 r  core/eu/vector_register_file_inst/regs_reg[0][64]_i_20/CO[2]
                         net (fo=1, routed)           0.585    14.523    core/eu/vector_register_file_inst/regs_reg[0][64]_i_20_n_1
    SLICE_X57Y40         LUT4 (Prop_lut4_I0_O)        0.310    14.833 r  core/eu/vector_register_file_inst/regs[0][64]_i_10/O
                         net (fo=1, routed)           0.579    15.412    core/eu/vector_register_file_inst/regs[0][64]_i_10_n_0
    SLICE_X54Y39         LUT6 (Prop_lut6_I5_O)        0.124    15.536 r  core/eu/vector_register_file_inst/regs[0][64]_i_7/O
                         net (fo=1, routed)           0.000    15.536    core/eu/vector_register_file_inst/regs[0][64]_i_7_n_0
    SLICE_X54Y39         MUXF7 (Prop_muxf7_I1_O)      0.214    15.750 r  core/eu/vector_register_file_inst/regs_reg[0][64]_i_4/O
                         net (fo=1, routed)           0.339    16.089    core/pim/regs_reg[7][64]_0
    SLICE_X56Y40         LUT5 (Prop_lut5_I4_O)        0.297    16.386 r  core/pim/regs[0][64]_i_1/O
                         net (fo=8, routed)           0.527    16.913    core/eu/vector_register_file_inst/D[64]
    SLICE_X57Y39         FDRE                                         r  core/eu/vector_register_file_inst/regs_reg[4][64]/D
  -------------------------------------------------------------------    -------------------

                         (clock sys_clk rise edge)   12.500    12.500 r  <hidden>
    C17                                               0.000    12.500 r  clk
                         net (fo=0)                   0.000    12.500    clk
    C17                  IBUF (Prop_ibuf_I_O)         0.800    13.300 r  clk_IBUF_inst/O
                         net (fo=1, routed)           2.155    15.455    clk_IBUF
    BUFGCTRL_X0Y16       BUFG (Prop_bufg_I_O)         0.091    15.546 r  clk_IBUF_BUFG_inst/O
                         net (fo=1662, routed)        1.454    17.001    core/eu/vector_register_file_inst/clk_IBUF_BUFG
    SLICE_X57Y39         FDRE                                         r  core/eu/vector_register_file_inst/regs_reg[4][64]/C
                         clock pessimism              0.335    17.336    <hidden>
                         clock uncertainty           -0.035    17.301    <hidden>
    SLICE_X57Y39         FDRE (Setup_fdre_C_D)       -0.040    17.261    core/eu/vector_register_file_inst/regs_reg[4][64]
  -------------------------------------------------------------------
                         required time                         17.261    <hidden>
                         arrival time                         -16.913    <hidden>
  -------------------------------------------------------------------
                         slack                                  0.348    <hidden>





Min Delay Paths
--------------------------------------------------------------------------------------
Slack (MET) :             0.200ns  (arrival time - required time)
  Source:                 core/pending0_addr_reg[2]/C
                            (rising edge-triggered cell FDRE clocked by sys_clk  {rise@0.000ns fall@6.250ns period=12.500ns})
  Destination:            core/entry0_addr_reg[2]/D
                            (rising edge-triggered cell FDRE clocked by sys_clk  {rise@0.000ns fall@6.250ns period=12.500ns})
  Path Group:             sys_clk
  Path Type:              Hold (Min at Fast Process Corner)
  Requirement:            0.000ns  (sys_clk rise@0.000ns - sys_clk rise@0.000ns)
  Data Path Delay:        0.283ns  (logic 0.141ns (49.822%)  route 0.142ns (50.178%))
  Logic Levels:           0  
  Clock Path Skew:        0.013ns (DCD - SCD - CPR)
    Destination Clock Delay (DCD):    2.067ns
    Source Clock Delay      (SCD):    1.545ns
    Clock Pessimism Removal (CPR):    0.509ns

    Location             Delay type                Incr(ns)  Path(ns)    Netlist Resource(s)
  -------------------------------------------------------------------    -------------------
                         (clock sys_clk rise edge)    0.000     0.000 r  <hidden>
    C17                                               0.000     0.000 r  clk
                         net (fo=0)                   0.000     0.000    clk
    C17                  IBUF (Prop_ibuf_I_O)         0.163     0.163 r  clk_IBUF_inst/O
                         net (fo=1, routed)           0.802     0.964    clk_IBUF
    BUFGCTRL_X0Y16       BUFG (Prop_bufg_I_O)         0.026     0.990 r  clk_IBUF_BUFG_inst/O
                         net (fo=1662, routed)        0.555     1.545    core/clk_IBUF_BUFG
    SLICE_X37Y21         FDRE                                         r  core/pending0_addr_reg[2]/C
  -------------------------------------------------------------------    -------------------
    SLICE_X37Y21         FDRE (Prop_fdre_C_Q)         0.141     1.686 r  core/pending0_addr_reg[2]/Q
                         net (fo=9, routed)           0.142     1.828    core/pending0_addr[2]
    SLICE_X36Y21         FDRE                                         r  core/entry0_addr_reg[2]/D
  -------------------------------------------------------------------    -------------------

                         (clock sys_clk rise edge)    0.000     0.000 r  <hidden>
    C17                                               0.000     0.000 r  clk
                         net (fo=0)                   0.000     0.000    clk
    C17                  IBUF (Prop_ibuf_I_O)         0.351     0.351 r  clk_IBUF_inst/O
                         net (fo=1, routed)           0.865     1.216    clk_IBUF
    BUFGCTRL_X0Y16       BUFG (Prop_bufg_I_O)         0.029     1.245 r  clk_IBUF_BUFG_inst/O
                         net (fo=1662, routed)        0.822     2.067    core/clk_IBUF_BUFG
    SLICE_X36Y21         FDRE                                         r  core/entry0_addr_reg[2]/C
                         clock pessimism             -0.509     1.558    <hidden>
    SLICE_X36Y21         FDRE (Hold_fdre_C_D)         0.070     1.628    core/entry0_addr_reg[2]
  -------------------------------------------------------------------
                         required time                         -1.628    <hidden>
                         arrival time                           1.828    <hidden>
  -------------------------------------------------------------------
                         slack                                  0.200    <hidden>





Pulse Width Checks
--------------------------------------------------------------------------------------
Clock Name:         sys_clk
Waveform(ns):       { 0.000 6.250 }
Period(ns):         12.500
Sources:            { clk }

Check Type        Corner  Lib Pin             Reference Pin  Required(ns)  Actual(ns)  Slack(ns)  Location      Pin
Min Period        n/a     RAMB36E1/CLKARDCLK  n/a            2.944         12.500      9.556      RAMB36_X1Y5   core/dm/memory_reg_0/CLKARDCLK
Low Pulse Width   Slow    RAMD32/CLK          n/a            1.250         6.250       5.000      SLICE_X38Y25  core/look/memory_reg_0_15_0_5/RAMA/CLK
High Pulse Width  Slow    RAMD32/CLK          n/a            1.250         6.250       5.000      SLICE_X38Y25  core/look/memory_reg_0_15_0_5/RAMA/CLK



