Copyright 1986-2022 Xilinx, Inc. All Rights Reserved. Copyright 2022-2026 Advanced Micro Devices, Inc. All Rights Reserved.
---------------------------------------------------------------------------------------------------------------------------------------------
| Tool Version : Vivado v.2026.1 (win64) Build 6511674 Tue Jun 16 11:02:23 MDT 2026
| Date         : Sat Aug 22 11:39:29 2026
| Host         : DESKTOP-4GB7DVJ running 64-bit major release  (build 9200)
| Command      : report_timing -max_paths 10 -file C:/FPGA/systemverilog-fpga-cpu/reports/vector_stage12/stage12_worst_paths.rpt
| Design       : vector_two_outstanding_prefetch_program_core_synth_top
| Device       : 7a35t-cpg236
| Speed File   : -1  PRODUCTION 1.23 2018-06-13
| Design State : Routed
---------------------------------------------------------------------------------------------------------------------------------------------

Timing Report

Slack (MET) :             0.348ns  (required time - arrival time)
  Source:                 core/current_pc_reg[1]/C
                            (rising edge-triggered cell FDRE clocked by sys_clk  {rise@0.000ns fall@6.250ns period=12.500ns})
  Destination:            core/eu/vector_register_file_inst/regs_reg[4][64]/D
                            (rising edge-triggered cell FDRE clocked by sys_clk  {rise@0.000ns fall@6.250ns period=12.500ns})
  Path Group:             sys_clk
  Path Type:              Setup (Max at Slow Process Corner)
  Requirement:            12.500ns  (sys_clk rise@12.500ns - sys_clk rise@0.000ns)
  Data Path Delay:        12.052ns  (logic 3.240ns (26.884%)  route 8.812ns (73.116%))
  Logic Levels:           12  (CARRY4=1 LUT2=1 LUT3=2 LUT4=2 LUT5=1 LUT6=3 MUXF7=1 RAMD32=1)
  Clock Path Skew:        -0.025ns (DCD - SCD + CPR)
    Destination Clock Delay (DCD):    4.501ns = ( 17.001 - 12.500 ) 
    Source Clock Delay      (SCD):    4.861ns
    Clock Pessimism Removal (CPR):    0.335ns
  Clock Uncertainty:      0.035ns  ((TSJ^2 + TIJ^2)^1/2 + DJ) / 2 + PE
    Total System Jitter     (TSJ):    0.071ns
    Total Input Jitter      (TIJ):    0.000ns
    Discrete Jitter          (DJ):    0.000ns
    Phase Error              (PE):    0.000ns

    Location             Delay type                Incr(ns)  Path(ns)    Netlist Resource(s)
  -------------------------------------------------------------------    -------------------
                         (clock sys_clk rise edge)    0.000     0.000 r  <hidden>
    C17                                               0.000     0.000 r  clk
                         net (fo=0)                   0.000     0.000    clk
    C17                  IBUF (Prop_ibuf_I_O)         0.933     0.933 r  clk_IBUF_inst/O
                         net (fo=1, routed)           2.273     3.207    clk_IBUF
    BUFGCTRL_X0Y16       BUFG (Prop_bufg_I_O)         0.096     3.303 r  clk_IBUF_BUFG_inst/O
                         net (fo=1662, routed)        1.558     4.861    core/clk_IBUF_BUFG
    SLICE_X47Y31         FDRE                                         r  core/current_pc_reg[1]/C
  -------------------------------------------------------------------    -------------------
    SLICE_X47Y31         FDRE (Prop_fdre_C_Q)         0.456     5.317 r  core/current_pc_reg[1]/Q
                         net (fo=64, routed)          1.168     6.486    core/pim/memory_reg_0_15_6_11/ADDRA1
    SLICE_X46Y31         RAMD32 (Prop_ramd32_RADR1_O)
                                                      0.124     6.610 r  core/pim/memory_reg_0_15_6_11/RAMA_D1/O
                         net (fo=4, routed)           1.280     7.889    core/pim/current_instruction[7]
    SLICE_X48Y37         LUT6 (Prop_lut6_I5_O)        0.124     8.013 r  core/pim/memory_reg_0_i_317/O
                         net (fo=4, routed)           0.290     8.304    core/pim/src_a[1]
    SLICE_X48Y37         LUT4 (Prop_lut4_I3_O)        0.119     8.423 r  core/pim/memory_reg_0_i_315/O
                         net (fo=64, routed)          1.449     9.871    core/eu/vector_register_file_inst/regs[0][95]_i_33_0
    SLICE_X60Y51         LUT6 (Prop_lut6_I2_O)        0.332    10.203 r  core/eu/vector_register_file_inst/memory_reg_1_i_143/O
                         net (fo=7, routed)           1.028    11.231    core/eu/vector_register_file_inst/memory_reg_1_i_143_n_0
    SLICE_X58Y50         LUT3 (Prop_lut3_I0_O)        0.152    11.383 r  core/eu/vector_register_file_inst/memory_reg_1_i_72/O
                         net (fo=12, routed)          0.969    12.352    core/eu/vector_register_file_inst/debug_read_data[88]
    SLICE_X54Y46         LUT2 (Prop_lut2_I0_O)        0.326    12.678 r  core/eu/vector_register_file_inst/regs[0][88]_i_9/O
                         net (fo=4, routed)           0.599    13.277    core/eu/vector_register_file_inst/regs[0][91]_i_26_n_0
    SLICE_X56Y44         LUT3 (Prop_lut3_I1_O)        0.124    13.401 r  core/eu/vector_register_file_inst/regs[0][64]_i_33/O
                         net (fo=1, routed)           0.000    13.401    core/eu/vector_register_file_inst/regs[0][64]_i_33_n_0
    SLICE_X56Y44         CARRY4 (Prop_carry4_S[0]_CO[2])
                                                      0.538    13.939 r  core/eu/vector_register_file_inst/regs_reg[0][64]_i_20/CO[2]
                         net (fo=1, routed)           0.585    14.523    core/eu/vector_register_file_inst/regs_reg[0][64]_i_20_n_1
    SLICE_X57Y40         LUT4 (Prop_lut4_I0_O)        0.310    14.833 r  core/eu/vector_register_file_inst/regs[0][64]_i_10/O
                         net (fo=1, routed)           0.579    15.412    core/eu/vector_register_file_inst/regs[0][64]_i_10_n_0
    SLICE_X54Y39         LUT6 (Prop_lut6_I5_O)        0.124    15.536 r  core/eu/vector_register_file_inst/regs[0][64]_i_7/O
                         net (fo=1, routed)           0.000    15.536    core/eu/vector_register_file_inst/regs[0][64]_i_7_n_0
    SLICE_X54Y39         MUXF7 (Prop_muxf7_I1_O)      0.214    15.750 r  core/eu/vector_register_file_inst/regs_reg[0][64]_i_4/O
                         net (fo=1, routed)           0.339    16.089    core/pim/regs_reg[7][64]_0
    SLICE_X56Y40         LUT5 (Prop_lut5_I4_O)        0.297    16.386 r  core/pim/regs[0][64]_i_1/O
                         net (fo=8, routed)           0.527    16.913    core/eu/vector_register_file_inst/D[64]
    SLICE_X57Y39         FDRE                                         r  core/eu/vector_register_file_inst/regs_reg[4][64]/D
  -------------------------------------------------------------------    -------------------

                         (clock sys_clk rise edge)   12.500    12.500 r  <hidden>
    C17                                               0.000    12.500 r  clk
                         net (fo=0)                   0.000    12.500    clk
    C17                  IBUF (Prop_ibuf_I_O)         0.800    13.300 r  clk_IBUF_inst/O
                         net (fo=1, routed)           2.155    15.455    clk_IBUF
    BUFGCTRL_X0Y16       BUFG (Prop_bufg_I_O)         0.091    15.546 r  clk_IBUF_BUFG_inst/O
                         net (fo=1662, routed)        1.454    17.001    core/eu/vector_register_file_inst/clk_IBUF_BUFG
    SLICE_X57Y39         FDRE                                         r  core/eu/vector_register_file_inst/regs_reg[4][64]/C
                         clock pessimism              0.335    17.336    <hidden>
                         clock uncertainty           -0.035    17.301    <hidden>
    SLICE_X57Y39         FDRE (Setup_fdre_C_D)       -0.040    17.261    core/eu/vector_register_file_inst/regs_reg[4][64]
  -------------------------------------------------------------------
                         required time                         17.261    <hidden>
                         arrival time                         -16.913    <hidden>
  -------------------------------------------------------------------
                         slack                                  0.348    <hidden>

Slack (MET) :             0.361ns  (required time - arrival time)
  Source:                 core/current_pc_reg[1]/C
                            (rising edge-triggered cell FDRE clocked by sys_clk  {rise@0.000ns fall@6.250ns period=12.500ns})
  Destination:            core/eu/vector_register_file_inst/regs_reg[3][96]/D
                            (rising edge-triggered cell FDRE clocked by sys_clk  {rise@0.000ns fall@6.250ns period=12.500ns})
  Path Group:             sys_clk
  Path Type:              Setup (Max at Slow Process Corner)
  Requirement:            12.500ns  (sys_clk rise@12.500ns - sys_clk rise@0.000ns)
  Data Path Delay:        12.006ns  (logic 3.266ns (27.202%)  route 8.740ns (72.798%))
  Logic Levels:           13  (CARRY4=2 LUT2=1 LUT3=1 LUT4=3 LUT5=1 LUT6=3 MUXF7=1 RAMD32=1)
  Clock Path Skew:        -0.030ns (DCD - SCD + CPR)
    Destination Clock Delay (DCD):    4.496ns = ( 16.996 - 12.500 ) 
    Source Clock Delay      (SCD):    4.861ns
    Clock Pessimism Removal (CPR):    0.335ns
  Clock Uncertainty:      0.035ns  ((TSJ^2 + TIJ^2)^1/2 + DJ) / 2 + PE
    Total System Jitter     (TSJ):    0.071ns
    Total Input Jitter      (TIJ):    0.000ns
    Discrete Jitter          (DJ):    0.000ns
    Phase Error              (PE):    0.000ns

    Location             Delay type                Incr(ns)  Path(ns)    Netlist Resource(s)
  -------------------------------------------------------------------    -------------------
                         (clock sys_clk rise edge)    0.000     0.000 r  <hidden>
    C17                                               0.000     0.000 r  clk
                         net (fo=0)                   0.000     0.000    clk
    C17                  IBUF (Prop_ibuf_I_O)         0.933     0.933 r  clk_IBUF_inst/O
                         net (fo=1, routed)           2.273     3.207    clk_IBUF
    BUFGCTRL_X0Y16       BUFG (Prop_bufg_I_O)         0.096     3.303 r  clk_IBUF_BUFG_inst/O
                         net (fo=1662, routed)        1.558     4.861    core/clk_IBUF_BUFG
    SLICE_X47Y31         FDRE                                         r  core/current_pc_reg[1]/C
  -------------------------------------------------------------------    -------------------
    SLICE_X47Y31         FDRE (Prop_fdre_C_Q)         0.456     5.317 r  core/current_pc_reg[1]/Q
                         net (fo=64, routed)          1.168     6.486    core/pim/memory_reg_0_15_6_11/ADDRA1
    SLICE_X46Y31         RAMD32 (Prop_ramd32_RADR1_O)
                                                      0.124     6.610 r  core/pim/memory_reg_0_15_6_11/RAMA_D1/O
                         net (fo=4, routed)           1.280     7.889    core/pim/current_instruction[7]
    SLICE_X48Y37         LUT6 (Prop_lut6_I5_O)        0.124     8.013 r  core/pim/memory_reg_0_i_317/O
                         net (fo=4, routed)           0.656     8.669    core/pim/src_a[1]
    SLICE_X44Y37         LUT4 (Prop_lut4_I3_O)        0.124     8.793 r  core/pim/memory_reg_1_i_225/O
                         net (fo=64, routed)          1.174     9.967    core/eu/vector_register_file_inst/rf_read_addr_a[1]
    SLICE_X29Y44         LUT6 (Prop_lut6_I2_O)        0.124    10.091 r  core/eu/vector_register_file_inst/memory_reg_1_i_209/O
                         net (fo=7, routed)           1.377    11.468    core/eu/vector_register_file_inst/memory_reg_1_i_209_n_0
    SLICE_X41Y44         LUT3 (Prop_lut3_I0_O)        0.152    11.620 r  core/eu/vector_register_file_inst/memory_reg_1_i_105/O
                         net (fo=12, routed)          0.649    12.270    core/eu/vector_register_file_inst/debug_read_data[111]
    SLICE_X39Y43         LUT2 (Prop_lut2_I0_O)        0.326    12.596 r  core/eu/vector_register_file_inst/regs[0][111]_i_9/O
                         net (fo=3, routed)           0.591    13.187    core/eu/vector_register_file_inst/regs[0][111]_i_27_n_0
    SLICE_X38Y45         LUT4 (Prop_lut4_I3_O)        0.124    13.311 r  core/eu/vector_register_file_inst/regs[0][96]_i_46/O
                         net (fo=1, routed)           0.000    13.311    core/eu/vector_register_file_inst/regs[0][96]_i_46_n_0
    SLICE_X38Y45         CARRY4 (Prop_carry4_S[1]_CO[3])
                                                      0.533    13.844 r  core/eu/vector_register_file_inst/regs_reg[0][96]_i_30/CO[3]
                         net (fo=1, routed)           0.000    13.844    core/eu/vector_register_file_inst/regs_reg[0][96]_i_30_n_0
    SLICE_X38Y46         CARRY4 (Prop_carry4_CI_CO[2])
                                                      0.229    14.073 r  core/eu/vector_register_file_inst/regs_reg[0][96]_i_20/CO[2]
                         net (fo=1, routed)           0.555    14.628    core/eu/vector_register_file_inst/vector_alu_inst/data5
    SLICE_X41Y43         LUT4 (Prop_lut4_I0_O)        0.310    14.938 r  core/eu/vector_register_file_inst/regs[0][96]_i_10/O
                         net (fo=1, routed)           0.451    15.388    core/eu/vector_register_file_inst/regs[0][96]_i_10_n_0
    SLICE_X41Y43         LUT6 (Prop_lut6_I5_O)        0.124    15.512 r  core/eu/vector_register_file_inst/regs[0][96]_i_7/O
                         net (fo=1, routed)           0.000    15.512    core/eu/vector_register_file_inst/regs[0][96]_i_7_n_0
    SLICE_X41Y43         MUXF7 (Prop_muxf7_I1_O)      0.217    15.729 r  core/eu/vector_register_file_inst/regs_reg[0][96]_i_4/O
                         net (fo=1, routed)           0.292    16.021    core/pim/regs_reg[7][96]_0
    SLICE_X43Y43         LUT5 (Prop_lut5_I4_O)        0.299    16.320 r  core/pim/regs[0][96]_i_1/O
                         net (fo=8, routed)           0.548    16.868    core/eu/vector_register_file_inst/D[96]
    SLICE_X41Y42         FDRE                                         r  core/eu/vector_register_file_inst/regs_reg[3][96]/D
  -------------------------------------------------------------------    -------------------

                         (clock sys_clk rise edge)   12.500    12.500 r  <hidden>
    C17                                               0.000    12.500 r  clk
                         net (fo=0)                   0.000    12.500    clk
    C17                  IBUF (Prop_ibuf_I_O)         0.800    13.300 r  clk_IBUF_inst/O
                         net (fo=1, routed)           2.155    15.455    clk_IBUF
    BUFGCTRL_X0Y16       BUFG (Prop_bufg_I_O)         0.091    15.546 r  clk_IBUF_BUFG_inst/O
                         net (fo=1662, routed)        1.449    16.996    core/eu/vector_register_file_inst/clk_IBUF_BUFG
    SLICE_X41Y42         FDRE                                         r  core/eu/vector_register_file_inst/regs_reg[3][96]/C
                         clock pessimism              0.335    17.331    <hidden>
                         clock uncertainty           -0.035    17.296    <hidden>
    SLICE_X41Y42         FDRE (Setup_fdre_C_D)       -0.067    17.229    core/eu/vector_register_file_inst/regs_reg[3][96]
  -------------------------------------------------------------------
                         required time                         17.229    <hidden>
                         arrival time                         -16.868    <hidden>
  -------------------------------------------------------------------
                         slack                                  0.361    <hidden>

Slack (MET) :             0.367ns  (required time - arrival time)
  Source:                 core/current_pc_reg[1]/C
                            (rising edge-triggered cell FDRE clocked by sys_clk  {rise@0.000ns fall@6.250ns period=12.500ns})
  Destination:            core/eu/vector_register_file_inst/regs_reg[2][96]/D
                            (rising edge-triggered cell FDRE clocked by sys_clk  {rise@0.000ns fall@6.250ns period=12.500ns})
  Path Group:             sys_clk
  Path Type:              Setup (Max at Slow Process Corner)
  Requirement:            12.500ns  (sys_clk rise@12.500ns - sys_clk rise@0.000ns)
  Data Path Delay:        12.000ns  (logic 3.266ns (27.216%)  route 8.734ns (72.784%))
  Logic Levels:           13  (CARRY4=2 LUT2=1 LUT3=1 LUT4=3 LUT5=1 LUT6=3 MUXF7=1 RAMD32=1)
  Clock Path Skew:        -0.030ns (DCD - SCD + CPR)
    Destination Clock Delay (DCD):    4.496ns = ( 16.996 - 12.500 ) 
    Source Clock Delay      (SCD):    4.861ns
    Clock Pessimism Removal (CPR):    0.335ns
  Clock Uncertainty:      0.035ns  ((TSJ^2 + TIJ^2)^1/2 + DJ) / 2 + PE
    Total System Jitter     (TSJ):    0.071ns
    Total Input Jitter      (TIJ):    0.000ns
    Discrete Jitter          (DJ):    0.000ns
    Phase Error              (PE):    0.000ns

    Location             Delay type                Incr(ns)  Path(ns)    Netlist Resource(s)
  -------------------------------------------------------------------    -------------------
                         (clock sys_clk rise edge)    0.000     0.000 r  <hidden>
    C17                                               0.000     0.000 r  clk
                         net (fo=0)                   0.000     0.000    clk
    C17                  IBUF (Prop_ibuf_I_O)         0.933     0.933 r  clk_IBUF_inst/O
                         net (fo=1, routed)           2.273     3.207    clk_IBUF
    BUFGCTRL_X0Y16       BUFG (Prop_bufg_I_O)         0.096     3.303 r  clk_IBUF_BUFG_inst/O
                         net (fo=1662, routed)        1.558     4.861    core/clk_IBUF_BUFG
    SLICE_X47Y31         FDRE                                         r  core/current_pc_reg[1]/C
  -------------------------------------------------------------------    -------------------
    SLICE_X47Y31         FDRE (Prop_fdre_C_Q)         0.456     5.317 r  core/current_pc_reg[1]/Q
                         net (fo=64, routed)          1.168     6.486    core/pim/memory_reg_0_15_6_11/ADDRA1
    SLICE_X46Y31         RAMD32 (Prop_ramd32_RADR1_O)
                                                      0.124     6.610 r  core/pim/memory_reg_0_15_6_11/RAMA_D1/O
                         net (fo=4, routed)           1.280     7.889    core/pim/current_instruction[7]
    SLICE_X48Y37         LUT6 (Prop_lut6_I5_O)        0.124     8.013 r  core/pim/memory_reg_0_i_317/O
                         net (fo=4, routed)           0.656     8.669    core/pim/src_a[1]
    SLICE_X44Y37         LUT4 (Prop_lut4_I3_O)        0.124     8.793 r  core/pim/memory_reg_1_i_225/O
                         net (fo=64, routed)          1.174     9.967    core/eu/vector_register_file_inst/rf_read_addr_a[1]
    SLICE_X29Y44         LUT6 (Prop_lut6_I2_O)        0.124    10.091 r  core/eu/vector_register_file_inst/memory_reg_1_i_209/O
                         net (fo=7, routed)           1.377    11.468    core/eu/vector_register_file_inst/memory_reg_1_i_209_n_0
    SLICE_X41Y44         LUT3 (Prop_lut3_I0_O)        0.152    11.620 r  core/eu/vector_register_file_inst/memory_reg_1_i_105/O
                         net (fo=12, routed)          0.649    12.270    core/eu/vector_register_file_inst/debug_read_data[111]
    SLICE_X39Y43         LUT2 (Prop_lut2_I0_O)        0.326    12.596 r  core/eu/vector_register_file_inst/regs[0][111]_i_9/O
                         net (fo=3, routed)           0.591    13.187    core/eu/vector_register_file_inst/regs[0][111]_i_27_n_0
    SLICE_X38Y45         LUT4 (Prop_lut4_I3_O)        0.124    13.311 r  core/eu/vector_register_file_inst/regs[0][96]_i_46/O
                         net (fo=1, routed)           0.000    13.311    core/eu/vector_register_file_inst/regs[0][96]_i_46_n_0
    SLICE_X38Y45         CARRY4 (Prop_carry4_S[1]_CO[3])
                                                      0.533    13.844 r  core/eu/vector_register_file_inst/regs_reg[0][96]_i_30/CO[3]
                         net (fo=1, routed)           0.000    13.844    core/eu/vector_register_file_inst/regs_reg[0][96]_i_30_n_0
    SLICE_X38Y46         CARRY4 (Prop_carry4_CI_CO[2])
                                                      0.229    14.073 r  core/eu/vector_register_file_inst/regs_reg[0][96]_i_20/CO[2]
                         net (fo=1, routed)           0.555    14.628    core/eu/vector_register_file_inst/vector_alu_inst/data5
    SLICE_X41Y43         LUT4 (Prop_lut4_I0_O)        0.310    14.938 r  core/eu/vector_register_file_inst/regs[0][96]_i_10/O
                         net (fo=1, routed)           0.451    15.388    core/eu/vector_register_file_inst/regs[0][96]_i_10_n_0
    SLICE_X41Y43         LUT6 (Prop_lut6_I5_O)        0.124    15.512 r  core/eu/vector_register_file_inst/regs[0][96]_i_7/O
                         net (fo=1, routed)           0.000    15.512    core/eu/vector_register_file_inst/regs[0][96]_i_7_n_0
    SLICE_X41Y43         MUXF7 (Prop_muxf7_I1_O)      0.217    15.729 r  core/eu/vector_register_file_inst/regs_reg[0][96]_i_4/O
                         net (fo=1, routed)           0.292    16.021    core/pim/regs_reg[7][96]_0
    SLICE_X43Y43         LUT5 (Prop_lut5_I4_O)        0.299    16.320 r  core/pim/regs[0][96]_i_1/O
                         net (fo=8, routed)           0.541    16.861    core/eu/vector_register_file_inst/D[96]
    SLICE_X43Y42         FDRE                                         r  core/eu/vector_register_file_inst/regs_reg[2][96]/D
  -------------------------------------------------------------------    -------------------

                         (clock sys_clk rise edge)   12.500    12.500 r  <hidden>
    C17                                               0.000    12.500 r  clk
                         net (fo=0)                   0.000    12.500    clk
    C17                  IBUF (Prop_ibuf_I_O)         0.800    13.300 r  clk_IBUF_inst/O
                         net (fo=1, routed)           2.155    15.455    clk_IBUF
    BUFGCTRL_X0Y16       BUFG (Prop_bufg_I_O)         0.091    15.546 r  clk_IBUF_BUFG_inst/O
                         net (fo=1662, routed)        1.449    16.996    core/eu/vector_register_file_inst/clk_IBUF_BUFG
    SLICE_X43Y42         FDRE                                         r  core/eu/vector_register_file_inst/regs_reg[2][96]/C
                         clock pessimism              0.335    17.331    <hidden>
                         clock uncertainty           -0.035    17.296    <hidden>
    SLICE_X43Y42         FDRE (Setup_fdre_C_D)       -0.067    17.229    core/eu/vector_register_file_inst/regs_reg[2][96]
  -------------------------------------------------------------------
                         required time                         17.229    <hidden>
                         arrival time                         -16.861    <hidden>
  -------------------------------------------------------------------
                         slack                                  0.367    <hidden>

Slack (MET) :             0.371ns  (required time - arrival time)
  Source:                 core/current_pc_reg[1]/C
                            (rising edge-triggered cell FDRE clocked by sys_clk  {rise@0.000ns fall@6.250ns period=12.500ns})
  Destination:            core/eu/vector_register_file_inst/regs_reg[0][96]/D
                            (rising edge-triggered cell FDRE clocked by sys_clk  {rise@0.000ns fall@6.250ns period=12.500ns})
  Path Group:             sys_clk
  Path Type:              Setup (Max at Slow Process Corner)
  Requirement:            12.500ns  (sys_clk rise@12.500ns - sys_clk rise@0.000ns)
  Data Path Delay:        11.983ns  (logic 3.266ns (27.254%)  route 8.717ns (72.746%))
  Logic Levels:           13  (CARRY4=2 LUT2=1 LUT3=1 LUT4=3 LUT5=1 LUT6=3 MUXF7=1 RAMD32=1)
  Clock Path Skew:        -0.029ns (DCD - SCD + CPR)
    Destination Clock Delay (DCD):    4.497ns = ( 16.997 - 12.500 ) 
    Source Clock Delay      (SCD):    4.861ns
    Clock Pessimism Removal (CPR):    0.335ns
  Clock Uncertainty:      0.035ns  ((TSJ^2 + TIJ^2)^1/2 + DJ) / 2 + PE
    Total System Jitter     (TSJ):    0.071ns
    Total Input Jitter      (TIJ):    0.000ns
    Discrete Jitter          (DJ):    0.000ns
    Phase Error              (PE):    0.000ns

    Location             Delay type                Incr(ns)  Path(ns)    Netlist Resource(s)
  -------------------------------------------------------------------    -------------------
                         (clock sys_clk rise edge)    0.000     0.000 r  <hidden>
    C17                                               0.000     0.000 r  clk
                         net (fo=0)                   0.000     0.000    clk
    C17                  IBUF (Prop_ibuf_I_O)         0.933     0.933 r  clk_IBUF_inst/O
                         net (fo=1, routed)           2.273     3.207    clk_IBUF
    BUFGCTRL_X0Y16       BUFG (Prop_bufg_I_O)         0.096     3.303 r  clk_IBUF_BUFG_inst/O
                         net (fo=1662, routed)        1.558     4.861    core/clk_IBUF_BUFG
    SLICE_X47Y31         FDRE                                         r  core/current_pc_reg[1]/C
  -------------------------------------------------------------------    -------------------
    SLICE_X47Y31         FDRE (Prop_fdre_C_Q)         0.456     5.317 r  core/current_pc_reg[1]/Q
                         net (fo=64, routed)          1.168     6.486    core/pim/memory_reg_0_15_6_11/ADDRA1
    SLICE_X46Y31         RAMD32 (Prop_ramd32_RADR1_O)
                                                      0.124     6.610 r  core/pim/memory_reg_0_15_6_11/RAMA_D1/O
                         net (fo=4, routed)           1.280     7.889    core/pim/current_instruction[7]
    SLICE_X48Y37         LUT6 (Prop_lut6_I5_O)        0.124     8.013 r  core/pim/memory_reg_0_i_317/O
                         net (fo=4, routed)           0.656     8.669    core/pim/src_a[1]
    SLICE_X44Y37         LUT4 (Prop_lut4_I3_O)        0.124     8.793 r  core/pim/memory_reg_1_i_225/O
                         net (fo=64, routed)          1.174     9.967    core/eu/vector_register_file_inst/rf_read_addr_a[1]
    SLICE_X29Y44         LUT6 (Prop_lut6_I2_O)        0.124    10.091 r  core/eu/vector_register_file_inst/memory_reg_1_i_209/O
                         net (fo=7, routed)           1.377    11.468    core/eu/vector_register_file_inst/memory_reg_1_i_209_n_0
    SLICE_X41Y44         LUT3 (Prop_lut3_I0_O)        0.152    11.620 r  core/eu/vector_register_file_inst/memory_reg_1_i_105/O
                         net (fo=12, routed)          0.649    12.270    core/eu/vector_register_file_inst/debug_read_data[111]
    SLICE_X39Y43         LUT2 (Prop_lut2_I0_O)        0.326    12.596 r  core/eu/vector_register_file_inst/regs[0][111]_i_9/O
                         net (fo=3, routed)           0.591    13.187    core/eu/vector_register_file_inst/regs[0][111]_i_27_n_0
    SLICE_X38Y45         LUT4 (Prop_lut4_I3_O)        0.124    13.311 r  core/eu/vector_register_file_inst/regs[0][96]_i_46/O
                         net (fo=1, routed)           0.000    13.311    core/eu/vector_register_file_inst/regs[0][96]_i_46_n_0
    SLICE_X38Y45         CARRY4 (Prop_carry4_S[1]_CO[3])
                                                      0.533    13.844 r  core/eu/vector_register_file_inst/regs_reg[0][96]_i_30/CO[3]
                         net (fo=1, routed)           0.000    13.844    core/eu/vector_register_file_inst/regs_reg[0][96]_i_30_n_0
    SLICE_X38Y46         CARRY4 (Prop_carry4_CI_CO[2])
                                                      0.229    14.073 r  core/eu/vector_register_file_inst/regs_reg[0][96]_i_20/CO[2]
                         net (fo=1, routed)           0.555    14.628    core/eu/vector_register_file_inst/vector_alu_inst/data5
    SLICE_X41Y43         LUT4 (Prop_lut4_I0_O)        0.310    14.938 r  core/eu/vector_register_file_inst/regs[0][96]_i_10/O
                         net (fo=1, routed)           0.451    15.388    core/eu/vector_register_file_inst/regs[0][96]_i_10_n_0
    SLICE_X41Y43         LUT6 (Prop_lut6_I5_O)        0.124    15.512 r  core/eu/vector_register_file_inst/regs[0][96]_i_7/O
                         net (fo=1, routed)           0.000    15.512    core/eu/vector_register_file_inst/regs[0][96]_i_7_n_0
    SLICE_X41Y43         MUXF7 (Prop_muxf7_I1_O)      0.217    15.729 r  core/eu/vector_register_file_inst/regs_reg[0][96]_i_4/O
                         net (fo=1, routed)           0.292    16.021    core/pim/regs_reg[7][96]_0
    SLICE_X43Y43         LUT5 (Prop_lut5_I4_O)        0.299    16.320 r  core/pim/regs[0][96]_i_1/O
                         net (fo=8, routed)           0.524    16.845    core/eu/vector_register_file_inst/D[96]
    SLICE_X40Y43         FDRE                                         r  core/eu/vector_register_file_inst/regs_reg[0][96]/D
  -------------------------------------------------------------------    -------------------

                         (clock sys_clk rise edge)   12.500    12.500 r  <hidden>
    C17                                               0.000    12.500 r  clk
                         net (fo=0)                   0.000    12.500    clk
    C17                  IBUF (Prop_ibuf_I_O)         0.800    13.300 r  clk_IBUF_inst/O
                         net (fo=1, routed)           2.155    15.455    clk_IBUF
    BUFGCTRL_X0Y16       BUFG (Prop_bufg_I_O)         0.091    15.546 r  clk_IBUF_BUFG_inst/O
                         net (fo=1662, routed)        1.450    16.997    core/eu/vector_register_file_inst/clk_IBUF_BUFG
    SLICE_X40Y43         FDRE                                         r  core/eu/vector_register_file_inst/regs_reg[0][96]/C
                         clock pessimism              0.335    17.332    <hidden>
                         clock uncertainty           -0.035    17.297    <hidden>
    SLICE_X40Y43         FDRE (Setup_fdre_C_D)       -0.081    17.216    core/eu/vector_register_file_inst/regs_reg[0][96]
  -------------------------------------------------------------------
                         required time                         17.216    <hidden>
                         arrival time                         -16.845    <hidden>
  -------------------------------------------------------------------
                         slack                                  0.371    <hidden>

Slack (MET) :             0.375ns  (required time - arrival time)
  Source:                 core/current_pc_reg[1]/C
                            (rising edge-triggered cell FDRE clocked by sys_clk  {rise@0.000ns fall@6.250ns period=12.500ns})
  Destination:            core/eu/vector_register_file_inst/regs_reg[1][64]/D
                            (rising edge-triggered cell FDRE clocked by sys_clk  {rise@0.000ns fall@6.250ns period=12.500ns})
  Path Group:             sys_clk
  Path Type:              Setup (Max at Slow Process Corner)
  Requirement:            12.500ns  (sys_clk rise@12.500ns - sys_clk rise@0.000ns)
  Data Path Delay:        12.052ns  (logic 3.240ns (26.884%)  route 8.812ns (73.116%))
  Logic Levels:           12  (CARRY4=1 LUT2=1 LUT3=2 LUT4=2 LUT5=1 LUT6=3 MUXF7=1 RAMD32=1)
  Clock Path Skew:        -0.025ns (DCD - SCD + CPR)
    Destination Clock Delay (DCD):    4.501ns = ( 17.001 - 12.500 ) 
    Source Clock Delay      (SCD):    4.861ns
    Clock Pessimism Removal (CPR):    0.335ns
  Clock Uncertainty:      0.035ns  ((TSJ^2 + TIJ^2)^1/2 + DJ) / 2 + PE
    Total System Jitter     (TSJ):    0.071ns
    Total Input Jitter      (TIJ):    0.000ns
    Discrete Jitter          (DJ):    0.000ns
    Phase Error              (PE):    0.000ns

    Location             Delay type                Incr(ns)  Path(ns)    Netlist Resource(s)
  -------------------------------------------------------------------    -------------------
                         (clock sys_clk rise edge)    0.000     0.000 r  <hidden>
    C17                                               0.000     0.000 r  clk
                         net (fo=0)                   0.000     0.000    clk
    C17                  IBUF (Prop_ibuf_I_O)         0.933     0.933 r  clk_IBUF_inst/O
                         net (fo=1, routed)           2.273     3.207    clk_IBUF
    BUFGCTRL_X0Y16       BUFG (Prop_bufg_I_O)         0.096     3.303 r  clk_IBUF_BUFG_inst/O
                         net (fo=1662, routed)        1.558     4.861    core/clk_IBUF_BUFG
    SLICE_X47Y31         FDRE                                         r  core/current_pc_reg[1]/C
  -------------------------------------------------------------------    -------------------
    SLICE_X47Y31         FDRE (Prop_fdre_C_Q)         0.456     5.317 r  core/current_pc_reg[1]/Q
                         net (fo=64, routed)          1.168     6.486    core/pim/memory_reg_0_15_6_11/ADDRA1
    SLICE_X46Y31         RAMD32 (Prop_ramd32_RADR1_O)
                                                      0.124     6.610 r  core/pim/memory_reg_0_15_6_11/RAMA_D1/O
                         net (fo=4, routed)           1.280     7.889    core/pim/current_instruction[7]
    SLICE_X48Y37         LUT6 (Prop_lut6_I5_O)        0.124     8.013 r  core/pim/memory_reg_0_i_317/O
                         net (fo=4, routed)           0.290     8.304    core/pim/src_a[1]
    SLICE_X48Y37         LUT4 (Prop_lut4_I3_O)        0.119     8.423 r  core/pim/memory_reg_0_i_315/O
                         net (fo=64, routed)          1.449     9.871    core/eu/vector_register_file_inst/regs[0][95]_i_33_0
    SLICE_X60Y51         LUT6 (Prop_lut6_I2_O)        0.332    10.203 r  core/eu/vector_register_file_inst/memory_reg_1_i_143/O
                         net (fo=7, routed)           1.028    11.231    core/eu/vector_register_file_inst/memory_reg_1_i_143_n_0
    SLICE_X58Y50         LUT3 (Prop_lut3_I0_O)        0.152    11.383 r  core/eu/vector_register_file_inst/memory_reg_1_i_72/O
                         net (fo=12, routed)          0.969    12.352    core/eu/vector_register_file_inst/debug_read_data[88]
    SLICE_X54Y46         LUT2 (Prop_lut2_I0_O)        0.326    12.678 r  core/eu/vector_register_file_inst/regs[0][88]_i_9/O
                         net (fo=4, routed)           0.599    13.277    core/eu/vector_register_file_inst/regs[0][91]_i_26_n_0
    SLICE_X56Y44         LUT3 (Prop_lut3_I1_O)        0.124    13.401 r  core/eu/vector_register_file_inst/regs[0][64]_i_33/O
                         net (fo=1, routed)           0.000    13.401    core/eu/vector_register_file_inst/regs[0][64]_i_33_n_0
    SLICE_X56Y44         CARRY4 (Prop_carry4_S[0]_CO[2])
                                                      0.538    13.939 r  core/eu/vector_register_file_inst/regs_reg[0][64]_i_20/CO[2]
                         net (fo=1, routed)           0.585    14.523    core/eu/vector_register_file_inst/regs_reg[0][64]_i_20_n_1
    SLICE_X57Y40         LUT4 (Prop_lut4_I0_O)        0.310    14.833 r  core/eu/vector_register_file_inst/regs[0][64]_i_10/O
                         net (fo=1, routed)           0.579    15.412    core/eu/vector_register_file_inst/regs[0][64]_i_10_n_0
    SLICE_X54Y39         LUT6 (Prop_lut6_I5_O)        0.124    15.536 r  core/eu/vector_register_file_inst/regs[0][64]_i_7/O
                         net (fo=1, routed)           0.000    15.536    core/eu/vector_register_file_inst/regs[0][64]_i_7_n_0
    SLICE_X54Y39         MUXF7 (Prop_muxf7_I1_O)      0.214    15.750 r  core/eu/vector_register_file_inst/regs_reg[0][64]_i_4/O
                         net (fo=1, routed)           0.339    16.089    core/pim/regs_reg[7][64]_0
    SLICE_X56Y40         LUT5 (Prop_lut5_I4_O)        0.297    16.386 r  core/pim/regs[0][64]_i_1/O
                         net (fo=8, routed)           0.527    16.913    core/eu/vector_register_file_inst/D[64]
    SLICE_X56Y39         FDRE                                         r  core/eu/vector_register_file_inst/regs_reg[1][64]/D
  -------------------------------------------------------------------    -------------------

                         (clock sys_clk rise edge)   12.500    12.500 r  <hidden>
    C17                                               0.000    12.500 r  clk
                         net (fo=0)                   0.000    12.500    clk
    C17                  IBUF (Prop_ibuf_I_O)         0.800    13.300 r  clk_IBUF_inst/O
                         net (fo=1, routed)           2.155    15.455    clk_IBUF
    BUFGCTRL_X0Y16       BUFG (Prop_bufg_I_O)         0.091    15.546 r  clk_IBUF_BUFG_inst/O
                         net (fo=1662, routed)        1.454    17.001    core/eu/vector_register_file_inst/clk_IBUF_BUFG
    SLICE_X56Y39         FDRE                                         r  core/eu/vector_register_file_inst/regs_reg[1][64]/C
                         clock pessimism              0.335    17.336    <hidden>
                         clock uncertainty           -0.035    17.301    <hidden>
    SLICE_X56Y39         FDRE (Setup_fdre_C_D)       -0.013    17.288    core/eu/vector_register_file_inst/regs_reg[1][64]
  -------------------------------------------------------------------
                         required time                         17.288    <hidden>
                         arrival time                         -16.913    <hidden>
  -------------------------------------------------------------------
                         slack                                  0.375    <hidden>

Slack (MET) :             0.388ns  (required time - arrival time)
  Source:                 core/current_pc_reg[1]/C
                            (rising edge-triggered cell FDRE clocked by sys_clk  {rise@0.000ns fall@6.250ns period=12.500ns})
  Destination:            core/eu/vector_register_file_inst/regs_reg[7][96]/D
                            (rising edge-triggered cell FDRE clocked by sys_clk  {rise@0.000ns fall@6.250ns period=12.500ns})
  Path Group:             sys_clk
  Path Type:              Setup (Max at Slow Process Corner)
  Requirement:            12.500ns  (sys_clk rise@12.500ns - sys_clk rise@0.000ns)
  Data Path Delay:        12.019ns  (logic 3.266ns (27.174%)  route 8.753ns (72.826%))
  Logic Levels:           13  (CARRY4=2 LUT2=1 LUT3=1 LUT4=3 LUT5=1 LUT6=3 MUXF7=1 RAMD32=1)
  Clock Path Skew:        -0.030ns (DCD - SCD + CPR)
    Destination Clock Delay (DCD):    4.496ns = ( 16.996 - 12.500 ) 
    Source Clock Delay      (SCD):    4.861ns
    Clock Pessimism Removal (CPR):    0.335ns
  Clock Uncertainty:      0.035ns  ((TSJ^2 + TIJ^2)^1/2 + DJ) / 2 + PE
    Total System Jitter     (TSJ):    0.071ns
    Total Input Jitter      (TIJ):    0.000ns
    Discrete Jitter          (DJ):    0.000ns
    Phase Error              (PE):    0.000ns

    Location             Delay type                Incr(ns)  Path(ns)    Netlist Resource(s)
  -------------------------------------------------------------------    -------------------
                         (clock sys_clk rise edge)    0.000     0.000 r  <hidden>
    C17                                               0.000     0.000 r  clk
                         net (fo=0)                   0.000     0.000    clk
    C17                  IBUF (Prop_ibuf_I_O)         0.933     0.933 r  clk_IBUF_inst/O
                         net (fo=1, routed)           2.273     3.207    clk_IBUF
    BUFGCTRL_X0Y16       BUFG (Prop_bufg_I_O)         0.096     3.303 r  clk_IBUF_BUFG_inst/O
                         net (fo=1662, routed)        1.558     4.861    core/clk_IBUF_BUFG
    SLICE_X47Y31         FDRE                                         r  core/current_pc_reg[1]/C
  -------------------------------------------------------------------    -------------------
    SLICE_X47Y31         FDRE (Prop_fdre_C_Q)         0.456     5.317 r  core/current_pc_reg[1]/Q
                         net (fo=64, routed)          1.168     6.486    core/pim/memory_reg_0_15_6_11/ADDRA1
    SLICE_X46Y31         RAMD32 (Prop_ramd32_RADR1_O)
                                                      0.124     6.610 r  core/pim/memory_reg_0_15_6_11/RAMA_D1/O
                         net (fo=4, routed)           1.280     7.889    core/pim/current_instruction[7]
    SLICE_X48Y37         LUT6 (Prop_lut6_I5_O)        0.124     8.013 r  core/pim/memory_reg_0_i_317/O
                         net (fo=4, routed)           0.656     8.669    core/pim/src_a[1]
    SLICE_X44Y37         LUT4 (Prop_lut4_I3_O)        0.124     8.793 r  core/pim/memory_reg_1_i_225/O
                         net (fo=64, routed)          1.174     9.967    core/eu/vector_register_file_inst/rf_read_addr_a[1]
    SLICE_X29Y44         LUT6 (Prop_lut6_I2_O)        0.124    10.091 r  core/eu/vector_register_file_inst/memory_reg_1_i_209/O
                         net (fo=7, routed)           1.377    11.468    core/eu/vector_register_file_inst/memory_reg_1_i_209_n_0
    SLICE_X41Y44         LUT3 (Prop_lut3_I0_O)        0.152    11.620 r  core/eu/vector_register_file_inst/memory_reg_1_i_105/O
                         net (fo=12, routed)          0.649    12.270    core/eu/vector_register_file_inst/debug_read_data[111]
    SLICE_X39Y43         LUT2 (Prop_lut2_I0_O)        0.326    12.596 r  core/eu/vector_register_file_inst/regs[0][111]_i_9/O
                         net (fo=3, routed)           0.591    13.187    core/eu/vector_register_file_inst/regs[0][111]_i_27_n_0
    SLICE_X38Y45         LUT4 (Prop_lut4_I3_O)        0.124    13.311 r  core/eu/vector_register_file_inst/regs[0][96]_i_46/O
                         net (fo=1, routed)           0.000    13.311    core/eu/vector_register_file_inst/regs[0][96]_i_46_n_0
    SLICE_X38Y45         CARRY4 (Prop_carry4_S[1]_CO[3])
                                                      0.533    13.844 r  core/eu/vector_register_file_inst/regs_reg[0][96]_i_30/CO[3]
                         net (fo=1, routed)           0.000    13.844    core/eu/vector_register_file_inst/regs_reg[0][96]_i_30_n_0
    SLICE_X38Y46         CARRY4 (Prop_carry4_CI_CO[2])
                                                      0.229    14.073 r  core/eu/vector_register_file_inst/regs_reg[0][96]_i_20/CO[2]
                         net (fo=1, routed)           0.555    14.628    core/eu/vector_register_file_inst/vector_alu_inst/data5
    SLICE_X41Y43         LUT4 (Prop_lut4_I0_O)        0.310    14.938 r  core/eu/vector_register_file_inst/regs[0][96]_i_10/O
                         net (fo=1, routed)           0.451    15.388    core/eu/vector_register_file_inst/regs[0][96]_i_10_n_0
    SLICE_X41Y43         LUT6 (Prop_lut6_I5_O)        0.124    15.512 r  core/eu/vector_register_file_inst/regs[0][96]_i_7/O
                         net (fo=1, routed)           0.000    15.512    core/eu/vector_register_file_inst/regs[0][96]_i_7_n_0
    SLICE_X41Y43         MUXF7 (Prop_muxf7_I1_O)      0.217    15.729 r  core/eu/vector_register_file_inst/regs_reg[0][96]_i_4/O
                         net (fo=1, routed)           0.292    16.021    core/pim/regs_reg[7][96]_0
    SLICE_X43Y43         LUT5 (Prop_lut5_I4_O)        0.299    16.320 r  core/pim/regs[0][96]_i_1/O
                         net (fo=8, routed)           0.560    16.880    core/eu/vector_register_file_inst/D[96]
    SLICE_X42Y42         FDRE                                         r  core/eu/vector_register_file_inst/regs_reg[7][96]/D
  -------------------------------------------------------------------    -------------------

                         (clock sys_clk rise edge)   12.500    12.500 r  <hidden>
    C17                                               0.000    12.500 r  clk
                         net (fo=0)                   0.000    12.500    clk
    C17                  IBUF (Prop_ibuf_I_O)         0.800    13.300 r  clk_IBUF_inst/O
                         net (fo=1, routed)           2.155    15.455    clk_IBUF
    BUFGCTRL_X0Y16       BUFG (Prop_bufg_I_O)         0.091    15.546 r  clk_IBUF_BUFG_inst/O
                         net (fo=1662, routed)        1.449    16.996    core/eu/vector_register_file_inst/clk_IBUF_BUFG
    SLICE_X42Y42         FDRE                                         r  core/eu/vector_register_file_inst/regs_reg[7][96]/C
                         clock pessimism              0.335    17.331    <hidden>
                         clock uncertainty           -0.035    17.296    <hidden>
    SLICE_X42Y42         FDRE (Setup_fdre_C_D)       -0.028    17.268    core/eu/vector_register_file_inst/regs_reg[7][96]
  -------------------------------------------------------------------
                         required time                         17.268    <hidden>
                         arrival time                         -16.880    <hidden>
  -------------------------------------------------------------------
                         slack                                  0.388    <hidden>

Slack (MET) :             0.395ns  (required time - arrival time)
  Source:                 core/current_pc_reg[1]/C
                            (rising edge-triggered cell FDRE clocked by sys_clk  {rise@0.000ns fall@6.250ns period=12.500ns})
  Destination:            core/eu/vector_register_file_inst/regs_reg[4][60]/D
                            (rising edge-triggered cell FDRE clocked by sys_clk  {rise@0.000ns fall@6.250ns period=12.500ns})
  Path Group:             sys_clk
  Path Type:              Setup (Max at Slow Process Corner)
  Requirement:            12.500ns  (sys_clk rise@12.500ns - sys_clk rise@0.000ns)
  Data Path Delay:        11.976ns  (logic 3.274ns (27.339%)  route 8.702ns (72.661%))
  Logic Levels:           16  (CARRY4=7 LUT2=1 LUT3=1 LUT4=1 LUT6=5 RAMD32=1)
  Clock Path Skew:        -0.033ns (DCD - SCD + CPR)
    Destination Clock Delay (DCD):    4.493ns = ( 16.993 - 12.500 ) 
    Source Clock Delay      (SCD):    4.861ns
    Clock Pessimism Removal (CPR):    0.335ns
  Clock Uncertainty:      0.035ns  ((TSJ^2 + TIJ^2)^1/2 + DJ) / 2 + PE
    Total System Jitter     (TSJ):    0.071ns
    Total Input Jitter      (TIJ):    0.000ns
    Discrete Jitter          (DJ):    0.000ns
    Phase Error              (PE):    0.000ns

    Location             Delay type                Incr(ns)  Path(ns)    Netlist Resource(s)
  -------------------------------------------------------------------    -------------------
                         (clock sys_clk rise edge)    0.000     0.000 r  <hidden>
    C17                                               0.000     0.000 r  clk
                         net (fo=0)                   0.000     0.000    clk
    C17                  IBUF (Prop_ibuf_I_O)         0.933     0.933 r  clk_IBUF_inst/O
                         net (fo=1, routed)           2.273     3.207    clk_IBUF
    BUFGCTRL_X0Y16       BUFG (Prop_bufg_I_O)         0.096     3.303 r  clk_IBUF_BUFG_inst/O
                         net (fo=1662, routed)        1.558     4.861    core/clk_IBUF_BUFG
    SLICE_X47Y31         FDRE                                         r  core/current_pc_reg[1]/C
  -------------------------------------------------------------------    -------------------
    SLICE_X47Y31         FDRE (Prop_fdre_C_Q)         0.456     5.317 r  core/current_pc_reg[1]/Q
                         net (fo=64, routed)          1.168     6.486    core/pim/memory_reg_0_15_6_11/ADDRA1
    SLICE_X46Y31         RAMD32 (Prop_ramd32_RADR1_O)
                                                      0.124     6.610 r  core/pim/memory_reg_0_15_6_11/RAMA_D1/O
                         net (fo=4, routed)           1.280     7.889    core/pim/current_instruction[7]
    SLICE_X48Y37         LUT6 (Prop_lut6_I5_O)        0.124     8.013 r  core/pim/memory_reg_0_i_317/O
                         net (fo=4, routed)           0.656     8.669    core/pim/src_a[1]
    SLICE_X44Y37         LUT4 (Prop_lut4_I3_O)        0.119     8.788 r  core/pim/memory_reg_0_i_313/O
                         net (fo=64, routed)          1.317    10.105    core/eu/vector_register_file_inst/regs[0][63]_i_33_0
    SLICE_X29Y32         LUT6 (Prop_lut6_I2_O)        0.332    10.437 r  core/eu/vector_register_file_inst/memory_reg_0_i_284/O
                         net (fo=7, routed)           1.156    11.593    core/eu/vector_register_file_inst/memory_reg_0_i_284_n_0
    SLICE_X36Y35         LUT3 (Prop_lut3_I0_O)        0.124    11.717 r  core/eu/vector_register_file_inst/memory_reg_0_i_151/O
                         net (fo=17, routed)          0.674    12.391    core/eu/vector_register_file_inst/debug_read_data[36]
    SLICE_X41Y33         LUT2 (Prop_lut2_I0_O)        0.124    12.515 r  core/eu/vector_register_file_inst/regs[0][39]_i_26/O
                         net (fo=1, routed)           0.000    12.515    core/eu/vector_register_file_inst/regs[0][39]_i_26_n_0
    SLICE_X41Y33         CARRY4 (Prop_carry4_S[0]_CO[3])
                                                      0.532    13.047 r  core/eu/vector_register_file_inst/regs_reg[0][39]_i_14/CO[3]
                         net (fo=1, routed)           0.000    13.047    core/eu/vector_register_file_inst/regs_reg[0][39]_i_14_n_0
    SLICE_X41Y34         CARRY4 (Prop_carry4_CI_CO[3])
                                                      0.114    13.161 r  core/eu/vector_register_file_inst/regs_reg[0][43]_i_16/CO[3]
                         net (fo=1, routed)           0.000    13.161    core/eu/vector_register_file_inst/regs_reg[0][43]_i_16_n_0
    SLICE_X41Y35         CARRY4 (Prop_carry4_CI_CO[3])
                                                      0.114    13.275 r  core/eu/vector_register_file_inst/regs_reg[0][47]_i_17/CO[3]
                         net (fo=1, routed)           0.000    13.275    core/eu/vector_register_file_inst/regs_reg[0][47]_i_17_n_0
    SLICE_X41Y36         CARRY4 (Prop_carry4_CI_CO[3])
                                                      0.114    13.389 r  core/eu/vector_register_file_inst/regs_reg[0][51]_i_15/CO[3]
                         net (fo=1, routed)           0.000    13.389    core/eu/vector_register_file_inst/regs_reg[0][51]_i_15_n_0
    SLICE_X41Y37         CARRY4 (Prop_carry4_CI_CO[3])
                                                      0.114    13.503 r  core/eu/vector_register_file_inst/regs_reg[0][55]_i_18/CO[3]
                         net (fo=1, routed)           0.000    13.503    core/eu/vector_register_file_inst/regs_reg[0][55]_i_18_n_0
    SLICE_X41Y38         CARRY4 (Prop_carry4_CI_CO[3])
                                                      0.114    13.617 r  core/eu/vector_register_file_inst/regs_reg[0][59]_i_15/CO[3]
                         net (fo=1, routed)           0.000    13.617    core/eu/vector_register_file_inst/regs_reg[0][59]_i_15_n_0
    SLICE_X41Y39         CARRY4 (Prop_carry4_CI_O[0])
                                                      0.222    13.839 r  core/eu/vector_register_file_inst/regs_reg[0][63]_i_21/O[0]
                         net (fo=1, routed)           0.696    14.535    core/eu/vector_register_file_inst/regs_reg[0][63]_i_21_n_7
    SLICE_X39Y39         LUT6 (Prop_lut6_I3_O)        0.299    14.834 r  core/eu/vector_register_file_inst/regs[0][60]_i_9/O
                         net (fo=1, routed)           0.520    15.355    core/eu/vector_register_file_inst/regs[0][60]_i_9_n_0
    SLICE_X38Y39         LUT6 (Prop_lut6_I5_O)        0.124    15.479 r  core/eu/vector_register_file_inst/regs[0][60]_i_4/O
                         net (fo=1, routed)           0.492    15.970    core/pim/regs_reg[7][60]_0
    SLICE_X38Y39         LUT6 (Prop_lut6_I5_O)        0.124    16.094 r  core/pim/regs[0][60]_i_1/O
                         net (fo=8, routed)           0.742    16.837    core/eu/vector_register_file_inst/D[60]
    SLICE_X36Y40         FDRE                                         r  core/eu/vector_register_file_inst/regs_reg[4][60]/D
  -------------------------------------------------------------------    -------------------

                         (clock sys_clk rise edge)   12.500    12.500 r  <hidden>
    C17                                               0.000    12.500 r  clk
                         net (fo=0)                   0.000    12.500    clk
    C17                  IBUF (Prop_ibuf_I_O)         0.800    13.300 r  clk_IBUF_inst/O
                         net (fo=1, routed)           2.155    15.455    clk_IBUF
    BUFGCTRL_X0Y16       BUFG (Prop_bufg_I_O)         0.091    15.546 r  clk_IBUF_BUFG_inst/O
                         net (fo=1662, routed)        1.446    16.993    core/eu/vector_register_file_inst/clk_IBUF_BUFG
    SLICE_X36Y40         FDRE                                         r  core/eu/vector_register_file_inst/regs_reg[4][60]/C
                         clock pessimism              0.335    17.328    <hidden>
                         clock uncertainty           -0.035    17.293    <hidden>
    SLICE_X36Y40         FDRE (Setup_fdre_C_D)       -0.061    17.232    core/eu/vector_register_file_inst/regs_reg[4][60]
  -------------------------------------------------------------------
                         required time                         17.232    <hidden>
                         arrival time                         -16.837    <hidden>
  -------------------------------------------------------------------
                         slack                                  0.395    <hidden>

Slack (MET) :             0.402ns  (required time - arrival time)
  Source:                 core/current_pc_reg[1]/C
                            (rising edge-triggered cell FDRE clocked by sys_clk  {rise@0.000ns fall@6.250ns period=12.500ns})
  Destination:            core/eu/vector_register_file_inst/regs_reg[6][96]/D
                            (rising edge-triggered cell FDRE clocked by sys_clk  {rise@0.000ns fall@6.250ns period=12.500ns})
  Path Group:             sys_clk
  Path Type:              Setup (Max at Slow Process Corner)
  Requirement:            12.500ns  (sys_clk rise@12.500ns - sys_clk rise@0.000ns)
  Data Path Delay:        11.991ns  (logic 3.266ns (27.238%)  route 8.725ns (72.762%))
  Logic Levels:           13  (CARRY4=2 LUT2=1 LUT3=1 LUT4=3 LUT5=1 LUT6=3 MUXF7=1 RAMD32=1)
  Clock Path Skew:        -0.029ns (DCD - SCD + CPR)
    Destination Clock Delay (DCD):    4.497ns = ( 16.997 - 12.500 ) 
    Source Clock Delay      (SCD):    4.861ns
    Clock Pessimism Removal (CPR):    0.335ns
  Clock Uncertainty:      0.035ns  ((TSJ^2 + TIJ^2)^1/2 + DJ) / 2 + PE
    Total System Jitter     (TSJ):    0.071ns
    Total Input Jitter      (TIJ):    0.000ns
    Discrete Jitter          (DJ):    0.000ns
    Phase Error              (PE):    0.000ns

    Location             Delay type                Incr(ns)  Path(ns)    Netlist Resource(s)
  -------------------------------------------------------------------    -------------------
                         (clock sys_clk rise edge)    0.000     0.000 r  <hidden>
    C17                                               0.000     0.000 r  clk
                         net (fo=0)                   0.000     0.000    clk
    C17                  IBUF (Prop_ibuf_I_O)         0.933     0.933 r  clk_IBUF_inst/O
                         net (fo=1, routed)           2.273     3.207    clk_IBUF
    BUFGCTRL_X0Y16       BUFG (Prop_bufg_I_O)         0.096     3.303 r  clk_IBUF_BUFG_inst/O
                         net (fo=1662, routed)        1.558     4.861    core/clk_IBUF_BUFG
    SLICE_X47Y31         FDRE                                         r  core/current_pc_reg[1]/C
  -------------------------------------------------------------------    -------------------
    SLICE_X47Y31         FDRE (Prop_fdre_C_Q)         0.456     5.317 r  core/current_pc_reg[1]/Q
                         net (fo=64, routed)          1.168     6.486    core/pim/memory_reg_0_15_6_11/ADDRA1
    SLICE_X46Y31         RAMD32 (Prop_ramd32_RADR1_O)
                                                      0.124     6.610 r  core/pim/memory_reg_0_15_6_11/RAMA_D1/O
                         net (fo=4, routed)           1.280     7.889    core/pim/current_instruction[7]
    SLICE_X48Y37         LUT6 (Prop_lut6_I5_O)        0.124     8.013 r  core/pim/memory_reg_0_i_317/O
                         net (fo=4, routed)           0.656     8.669    core/pim/src_a[1]
    SLICE_X44Y37         LUT4 (Prop_lut4_I3_O)        0.124     8.793 r  core/pim/memory_reg_1_i_225/O
                         net (fo=64, routed)          1.174     9.967    core/eu/vector_register_file_inst/rf_read_addr_a[1]
    SLICE_X29Y44         LUT6 (Prop_lut6_I2_O)        0.124    10.091 r  core/eu/vector_register_file_inst/memory_reg_1_i_209/O
                         net (fo=7, routed)           1.377    11.468    core/eu/vector_register_file_inst/memory_reg_1_i_209_n_0
    SLICE_X41Y44         LUT3 (Prop_lut3_I0_O)        0.152    11.620 r  core/eu/vector_register_file_inst/memory_reg_1_i_105/O
                         net (fo=12, routed)          0.649    12.270    core/eu/vector_register_file_inst/debug_read_data[111]
    SLICE_X39Y43         LUT2 (Prop_lut2_I0_O)        0.326    12.596 r  core/eu/vector_register_file_inst/regs[0][111]_i_9/O
                         net (fo=3, routed)           0.591    13.187    core/eu/vector_register_file_inst/regs[0][111]_i_27_n_0
    SLICE_X38Y45         LUT4 (Prop_lut4_I3_O)        0.124    13.311 r  core/eu/vector_register_file_inst/regs[0][96]_i_46/O
                         net (fo=1, routed)           0.000    13.311    core/eu/vector_register_file_inst/regs[0][96]_i_46_n_0
    SLICE_X38Y45         CARRY4 (Prop_carry4_S[1]_CO[3])
                                                      0.533    13.844 r  core/eu/vector_register_file_inst/regs_reg[0][96]_i_30/CO[3]
                         net (fo=1, routed)           0.000    13.844    core/eu/vector_register_file_inst/regs_reg[0][96]_i_30_n_0
    SLICE_X38Y46         CARRY4 (Prop_carry4_CI_CO[2])
                                                      0.229    14.073 r  core/eu/vector_register_file_inst/regs_reg[0][96]_i_20/CO[2]
                         net (fo=1, routed)           0.555    14.628    core/eu/vector_register_file_inst/vector_alu_inst/data5
    SLICE_X41Y43         LUT4 (Prop_lut4_I0_O)        0.310    14.938 r  core/eu/vector_register_file_inst/regs[0][96]_i_10/O
                         net (fo=1, routed)           0.451    15.388    core/eu/vector_register_file_inst/regs[0][96]_i_10_n_0
    SLICE_X41Y43         LUT6 (Prop_lut6_I5_O)        0.124    15.512 r  core/eu/vector_register_file_inst/regs[0][96]_i_7/O
                         net (fo=1, routed)           0.000    15.512    core/eu/vector_register_file_inst/regs[0][96]_i_7_n_0
    SLICE_X41Y43         MUXF7 (Prop_muxf7_I1_O)      0.217    15.729 r  core/eu/vector_register_file_inst/regs_reg[0][96]_i_4/O
                         net (fo=1, routed)           0.292    16.021    core/pim/regs_reg[7][96]_0
    SLICE_X43Y43         LUT5 (Prop_lut5_I4_O)        0.299    16.320 r  core/pim/regs[0][96]_i_1/O
                         net (fo=8, routed)           0.532    16.852    core/eu/vector_register_file_inst/D[96]
    SLICE_X43Y44         FDRE                                         r  core/eu/vector_register_file_inst/regs_reg[6][96]/D
  -------------------------------------------------------------------    -------------------

                         (clock sys_clk rise edge)   12.500    12.500 r  <hidden>
    C17                                               0.000    12.500 r  clk
                         net (fo=0)                   0.000    12.500    clk
    C17                  IBUF (Prop_ibuf_I_O)         0.800    13.300 r  clk_IBUF_inst/O
                         net (fo=1, routed)           2.155    15.455    clk_IBUF
    BUFGCTRL_X0Y16       BUFG (Prop_bufg_I_O)         0.091    15.546 r  clk_IBUF_BUFG_inst/O
                         net (fo=1662, routed)        1.450    16.997    core/eu/vector_register_file_inst/clk_IBUF_BUFG
    SLICE_X43Y44         FDRE                                         r  core/eu/vector_register_file_inst/regs_reg[6][96]/C
                         clock pessimism              0.335    17.332    <hidden>
                         clock uncertainty           -0.035    17.297    <hidden>
    SLICE_X43Y44         FDRE (Setup_fdre_C_D)       -0.043    17.254    core/eu/vector_register_file_inst/regs_reg[6][96]
  -------------------------------------------------------------------
                         required time                         17.254    <hidden>
                         arrival time                         -16.852    <hidden>
  -------------------------------------------------------------------
                         slack                                  0.402    <hidden>

Slack (MET) :             0.405ns  (required time - arrival time)
  Source:                 core/current_pc_reg[0]/C
                            (rising edge-triggered cell FDRE clocked by sys_clk  {rise@0.000ns fall@6.250ns period=12.500ns})
  Destination:            core/eu/vector_register_file_inst/regs_reg[6][31]/D
                            (rising edge-triggered cell FDRE clocked by sys_clk  {rise@0.000ns fall@6.250ns period=12.500ns})
  Path Group:             sys_clk
  Path Type:              Setup (Max at Slow Process Corner)
  Requirement:            12.500ns  (sys_clk rise@12.500ns - sys_clk rise@0.000ns)
  Data Path Delay:        11.986ns  (logic 3.986ns (33.256%)  route 8.000ns (66.744%))
  Logic Levels:           17  (CARRY4=8 LUT2=1 LUT3=1 LUT4=1 LUT5=1 LUT6=4 RAMD32=1)
  Clock Path Skew:        -0.029ns (DCD - SCD + CPR)
    Destination Clock Delay (DCD):    4.497ns = ( 16.997 - 12.500 ) 
    Source Clock Delay      (SCD):    4.861ns
    Clock Pessimism Removal (CPR):    0.335ns
  Clock Uncertainty:      0.035ns  ((TSJ^2 + TIJ^2)^1/2 + DJ) / 2 + PE
    Total System Jitter     (TSJ):    0.071ns
    Total Input Jitter      (TIJ):    0.000ns
    Discrete Jitter          (DJ):    0.000ns
    Phase Error              (PE):    0.000ns

    Location             Delay type                Incr(ns)  Path(ns)    Netlist Resource(s)
  -------------------------------------------------------------------    -------------------
                         (clock sys_clk rise edge)    0.000     0.000 r  <hidden>
    C17                                               0.000     0.000 r  clk
                         net (fo=0)                   0.000     0.000    clk
    C17                  IBUF (Prop_ibuf_I_O)         0.933     0.933 r  clk_IBUF_inst/O
                         net (fo=1, routed)           2.273     3.207    clk_IBUF
    BUFGCTRL_X0Y16       BUFG (Prop_bufg_I_O)         0.096     3.303 r  clk_IBUF_BUFG_inst/O
                         net (fo=1662, routed)        1.558     4.861    core/clk_IBUF_BUFG
    SLICE_X47Y31         FDRE                                         r  core/current_pc_reg[0]/C
  -------------------------------------------------------------------    -------------------
    SLICE_X47Y31         FDRE (Prop_fdre_C_Q)         0.456     5.317 r  core/current_pc_reg[0]/Q
                         net (fo=84, routed)          1.073     6.390    core/pim/memory_reg_0_15_12_15/ADDRB0
    SLICE_X46Y32         RAMD32 (Prop_ramd32_RADR0_O)
                                                      0.152     6.542 f  core/pim/memory_reg_0_15_12_15/RAMB/O
                         net (fo=44, routed)          0.696     7.238    core/pim/read_data[0]
    SLICE_X47Y32         LUT6 (Prop_lut6_I3_O)        0.348     7.586 r  core/pim/memory_reg_0_i_318/O
                         net (fo=4, routed)           0.433     8.020    core/pim/src_a[0]
    SLICE_X47Y34         LUT4 (Prop_lut4_I3_O)        0.119     8.139 r  core/pim/memory_reg_0_i_312/O
                         net (fo=64, routed)          1.670     9.809    core/eu/vector_register_file_inst/regs[0][31]_i_33_1
    SLICE_X59Y22         LUT6 (Prop_lut6_I4_O)        0.332    10.141 r  core/eu/vector_register_file_inst/memory_reg_0_i_226/O
                         net (fo=5, routed)           0.992    11.133    core/eu/vector_register_file_inst/memory_reg_0_i_226_n_0
    SLICE_X61Y22         LUT3 (Prop_lut3_I2_O)        0.152    11.285 r  core/eu/vector_register_file_inst/memory_reg_0_i_122/O
                         net (fo=20, routed)          0.961    12.247    core/eu/vector_register_file_inst/debug_read_data[1]
    SLICE_X59Y26         LUT2 (Prop_lut2_I1_O)        0.326    12.573 r  core/eu/vector_register_file_inst/regs[0][3]_i_32/O
                         net (fo=1, routed)           0.000    12.573    core/eu/vector_register_file_inst/regs[0][3]_i_32_n_0
    SLICE_X59Y26         CARRY4 (Prop_carry4_S[1]_CO[3])
                                                      0.550    13.123 r  core/eu/vector_register_file_inst/regs_reg[0][3]_i_13/CO[3]
                         net (fo=1, routed)           0.000    13.123    core/eu/vector_register_file_inst/regs_reg[0][3]_i_13_n_0
    SLICE_X59Y27         CARRY4 (Prop_carry4_CI_CO[3])
                                                      0.114    13.237 r  core/eu/vector_register_file_inst/regs_reg[0][7]_i_15/CO[3]
                         net (fo=1, routed)           0.000    13.237    core/eu/vector_register_file_inst/regs_reg[0][7]_i_15_n_0
    SLICE_X59Y28         CARRY4 (Prop_carry4_CI_CO[3])
                                                      0.114    13.351 r  core/eu/vector_register_file_inst/regs_reg[0][11]_i_17/CO[3]
                         net (fo=1, routed)           0.000    13.351    core/eu/vector_register_file_inst/regs_reg[0][11]_i_17_n_0
    SLICE_X59Y29         CARRY4 (Prop_carry4_CI_CO[3])
                                                      0.114    13.465 r  core/eu/vector_register_file_inst/regs_reg[0][15]_i_18/CO[3]
                         net (fo=1, routed)           0.000    13.465    core/eu/vector_register_file_inst/regs_reg[0][15]_i_18_n_0
    SLICE_X59Y30         CARRY4 (Prop_carry4_CI_CO[3])
                                                      0.114    13.579 r  core/eu/vector_register_file_inst/regs_reg[0][19]_i_16/CO[3]
                         net (fo=1, routed)           0.000    13.579    core/eu/vector_register_file_inst/regs_reg[0][19]_i_16_n_0
    SLICE_X59Y31         CARRY4 (Prop_carry4_CI_CO[3])
                                                      0.114    13.693 r  core/eu/vector_register_file_inst/regs_reg[0][23]_i_19/CO[3]
                         net (fo=1, routed)           0.000    13.693    core/eu/vector_register_file_inst/regs_reg[0][23]_i_19_n_0
    SLICE_X59Y32         CARRY4 (Prop_carry4_CI_CO[3])
                                                      0.114    13.807 r  core/eu/vector_register_file_inst/regs_reg[0][27]_i_16/CO[3]
                         net (fo=1, routed)           0.000    13.807    core/eu/vector_register_file_inst/regs_reg[0][27]_i_16_n_0
    SLICE_X59Y33         CARRY4 (Prop_carry4_CI_O[3])
                                                      0.313    14.120 r  core/eu/vector_register_file_inst/regs_reg[0][31]_i_22/O[3]
                         net (fo=1, routed)           0.432    14.551    core/eu/vector_register_file_inst/regs_reg[0][31]_i_22_n_4
    SLICE_X59Y34         LUT6 (Prop_lut6_I5_O)        0.306    14.857 r  core/eu/vector_register_file_inst/regs[0][31]_i_9/O
                         net (fo=1, routed)           0.626    15.483    core/eu/vector_register_file_inst/regs[0][31]_i_9_n_0
    SLICE_X57Y34         LUT6 (Prop_lut6_I5_O)        0.124    15.607 r  core/eu/vector_register_file_inst/regs[0][31]_i_4/O
                         net (fo=1, routed)           0.429    16.037    core/pim/regs_reg[7][31]_0
    SLICE_X55Y35         LUT5 (Prop_lut5_I4_O)        0.124    16.161 r  core/pim/regs[0][31]_i_1/O
                         net (fo=8, routed)           0.686    16.847    core/eu/vector_register_file_inst/D[31]
    SLICE_X54Y35         FDRE                                         r  core/eu/vector_register_file_inst/regs_reg[6][31]/D
  -------------------------------------------------------------------    -------------------

                         (clock sys_clk rise edge)   12.500    12.500 r  <hidden>
    C17                                               0.000    12.500 r  clk
                         net (fo=0)                   0.000    12.500    clk
    C17                  IBUF (Prop_ibuf_I_O)         0.800    13.300 r  clk_IBUF_inst/O
                         net (fo=1, routed)           2.155    15.455    clk_IBUF
    BUFGCTRL_X0Y16       BUFG (Prop_bufg_I_O)         0.091    15.546 r  clk_IBUF_BUFG_inst/O
                         net (fo=1662, routed)        1.450    16.997    core/eu/vector_register_file_inst/clk_IBUF_BUFG
    SLICE_X54Y35         FDRE                                         r  core/eu/vector_register_file_inst/regs_reg[6][31]/C
                         clock pessimism              0.335    17.332    <hidden>
                         clock uncertainty           -0.035    17.297    <hidden>
    SLICE_X54Y35         FDRE (Setup_fdre_C_D)       -0.045    17.252    core/eu/vector_register_file_inst/regs_reg[6][31]
  -------------------------------------------------------------------
                         required time                         17.252    <hidden>
                         arrival time                         -16.847    <hidden>
  -------------------------------------------------------------------
                         slack                                  0.405    <hidden>

Slack (MET) :             0.407ns  (required time - arrival time)
  Source:                 core/current_pc_reg[1]/C
                            (rising edge-triggered cell FDRE clocked by sys_clk  {rise@0.000ns fall@6.250ns period=12.500ns})
  Destination:            core/eu/vector_register_file_inst/regs_reg[6][64]/D
                            (rising edge-triggered cell FDRE clocked by sys_clk  {rise@0.000ns fall@6.250ns period=12.500ns})
  Path Group:             sys_clk
  Path Type:              Setup (Max at Slow Process Corner)
  Requirement:            12.500ns  (sys_clk rise@12.500ns - sys_clk rise@0.000ns)
  Data Path Delay:        11.951ns  (logic 3.240ns (27.110%)  route 8.711ns (72.890%))
  Logic Levels:           12  (CARRY4=1 LUT2=1 LUT3=2 LUT4=2 LUT5=1 LUT6=3 MUXF7=1 RAMD32=1)
  Clock Path Skew:        -0.025ns (DCD - SCD + CPR)
    Destination Clock Delay (DCD):    4.501ns = ( 17.001 - 12.500 ) 
    Source Clock Delay      (SCD):    4.861ns
    Clock Pessimism Removal (CPR):    0.335ns
  Clock Uncertainty:      0.035ns  ((TSJ^2 + TIJ^2)^1/2 + DJ) / 2 + PE
    Total System Jitter     (TSJ):    0.071ns
    Total Input Jitter      (TIJ):    0.000ns
    Discrete Jitter          (DJ):    0.000ns
    Phase Error              (PE):    0.000ns

    Location             Delay type                Incr(ns)  Path(ns)    Netlist Resource(s)
  -------------------------------------------------------------------    -------------------
                         (clock sys_clk rise edge)    0.000     0.000 r  <hidden>
    C17                                               0.000     0.000 r  clk
                         net (fo=0)                   0.000     0.000    clk
    C17                  IBUF (Prop_ibuf_I_O)         0.933     0.933 r  clk_IBUF_inst/O
                         net (fo=1, routed)           2.273     3.207    clk_IBUF
    BUFGCTRL_X0Y16       BUFG (Prop_bufg_I_O)         0.096     3.303 r  clk_IBUF_BUFG_inst/O
                         net (fo=1662, routed)        1.558     4.861    core/clk_IBUF_BUFG
    SLICE_X47Y31         FDRE                                         r  core/current_pc_reg[1]/C
  -------------------------------------------------------------------    -------------------
    SLICE_X47Y31         FDRE (Prop_fdre_C_Q)         0.456     5.317 r  core/current_pc_reg[1]/Q
                         net (fo=64, routed)          1.168     6.486    core/pim/memory_reg_0_15_6_11/ADDRA1
    SLICE_X46Y31         RAMD32 (Prop_ramd32_RADR1_O)
                                                      0.124     6.610 r  core/pim/memory_reg_0_15_6_11/RAMA_D1/O
                         net (fo=4, routed)           1.280     7.889    core/pim/current_instruction[7]
    SLICE_X48Y37         LUT6 (Prop_lut6_I5_O)        0.124     8.013 r  core/pim/memory_reg_0_i_317/O
                         net (fo=4, routed)           0.290     8.304    core/pim/src_a[1]
    SLICE_X48Y37         LUT4 (Prop_lut4_I3_O)        0.119     8.423 r  core/pim/memory_reg_0_i_315/O
                         net (fo=64, routed)          1.449     9.871    core/eu/vector_register_file_inst/regs[0][95]_i_33_0
    SLICE_X60Y51         LUT6 (Prop_lut6_I2_O)        0.332    10.203 r  core/eu/vector_register_file_inst/memory_reg_1_i_143/O
                         net (fo=7, routed)           1.028    11.231    core/eu/vector_register_file_inst/memory_reg_1_i_143_n_0
    SLICE_X58Y50         LUT3 (Prop_lut3_I0_O)        0.152    11.383 r  core/eu/vector_register_file_inst/memory_reg_1_i_72/O
                         net (fo=12, routed)          0.969    12.352    core/eu/vector_register_file_inst/debug_read_data[88]
    SLICE_X54Y46         LUT2 (Prop_lut2_I0_O)        0.326    12.678 r  core/eu/vector_register_file_inst/regs[0][88]_i_9/O
                         net (fo=4, routed)           0.599    13.277    core/eu/vector_register_file_inst/regs[0][91]_i_26_n_0
    SLICE_X56Y44         LUT3 (Prop_lut3_I1_O)        0.124    13.401 r  core/eu/vector_register_file_inst/regs[0][64]_i_33/O
                         net (fo=1, routed)           0.000    13.401    core/eu/vector_register_file_inst/regs[0][64]_i_33_n_0
    SLICE_X56Y44         CARRY4 (Prop_carry4_S[0]_CO[2])
                                                      0.538    13.939 r  core/eu/vector_register_file_inst/regs_reg[0][64]_i_20/CO[2]
                         net (fo=1, routed)           0.585    14.523    core/eu/vector_register_file_inst/regs_reg[0][64]_i_20_n_1
    SLICE_X57Y40         LUT4 (Prop_lut4_I0_O)        0.310    14.833 r  core/eu/vector_register_file_inst/regs[0][64]_i_10/O
                         net (fo=1, routed)           0.579    15.412    core/eu/vector_register_file_inst/regs[0][64]_i_10_n_0
    SLICE_X54Y39         LUT6 (Prop_lut6_I5_O)        0.124    15.536 r  core/eu/vector_register_file_inst/regs[0][64]_i_7/O
                         net (fo=1, routed)           0.000    15.536    core/eu/vector_register_file_inst/regs[0][64]_i_7_n_0
    SLICE_X54Y39         MUXF7 (Prop_muxf7_I1_O)      0.214    15.750 r  core/eu/vector_register_file_inst/regs_reg[0][64]_i_4/O
                         net (fo=1, routed)           0.339    16.089    core/pim/regs_reg[7][64]_0
    SLICE_X56Y40         LUT5 (Prop_lut5_I4_O)        0.297    16.386 r  core/pim/regs[0][64]_i_1/O
                         net (fo=8, routed)           0.426    16.812    core/eu/vector_register_file_inst/D[64]
    SLICE_X57Y40         FDRE                                         r  core/eu/vector_register_file_inst/regs_reg[6][64]/D
  -------------------------------------------------------------------    -------------------

                         (clock sys_clk rise edge)   12.500    12.500 r  <hidden>
    C17                                               0.000    12.500 r  clk
                         net (fo=0)                   0.000    12.500    clk
    C17                  IBUF (Prop_ibuf_I_O)         0.800    13.300 r  clk_IBUF_inst/O
                         net (fo=1, routed)           2.155    15.455    clk_IBUF
    BUFGCTRL_X0Y16       BUFG (Prop_bufg_I_O)         0.091    15.546 r  clk_IBUF_BUFG_inst/O
                         net (fo=1662, routed)        1.454    17.001    core/eu/vector_register_file_inst/clk_IBUF_BUFG
    SLICE_X57Y40         FDRE                                         r  core/eu/vector_register_file_inst/regs_reg[6][64]/C
                         clock pessimism              0.335    17.336    <hidden>
                         clock uncertainty           -0.035    17.301    <hidden>
    SLICE_X57Y40         FDRE (Setup_fdre_C_D)       -0.081    17.220    core/eu/vector_register_file_inst/regs_reg[6][64]
  -------------------------------------------------------------------
                         required time                         17.220    <hidden>
                         arrival time                         -16.812    <hidden>
  -------------------------------------------------------------------
                         slack                                  0.407    <hidden>




