Copyright 1986-2022 Xilinx, Inc. All Rights Reserved. Copyright 2022-2026 Advanced Micro Devices, Inc. All Rights Reserved.
---------------------------------------------------------------------------------------------------------------------------------------------
| Tool Version : Vivado v.2026.1 (win64) Build 6511674 Tue Jun 16 11:02:23 MDT 2026
| Date         : Tue Jul 14 12:51:49 2026
| Host         : DESKTOP-4GB7DVJ running 64-bit major release  (build 9200)
| Command      : report_timing_summary -file reports/phase14g_impl/fanout_opt_6p100ns/timing/fpga_top_pipeline6_impl_timing_summary.rpt
| Design       : fpga_top_pipeline6
| Device       : 7a35t-cpg236
| Speed File   : -1  PRODUCTION 1.23 2018-06-13
| Design State : Physopt postRoute
---------------------------------------------------------------------------------------------------------------------------------------------

Timing Summary Report

------------------------------------------------------------------------------------------------
| Timer Settings
| --------------
------------------------------------------------------------------------------------------------

  Enable Multi Corner Analysis               :  Yes
  Enable Pessimism Removal                   :  Yes
  Pessimism Removal Resolution               :  Nearest Common Node
  Enable Input Delay Default Clock           :  No
  Enable Preset / Clear Arcs                 :  No
  Disable Flight Delays                      :  No
  Ignore I/O Paths                           :  No
  Timing Early Launch at Borrowing Latches   :  No
  Borrow Time for Max Delay Exceptions       :  Yes
  Merge Timing Exceptions                    :  Yes
  Inter-SLR Compensation                     :  Conservative

  Corner  Analyze    Analyze    
  Name    Max Paths  Min Paths  
  ------  ---------  ---------  
  Slow    Yes        Yes        
  Fast    Yes        Yes        


------------------------------------------------------------------------------------------------
| Report Methodology
| ------------------
------------------------------------------------------------------------------------------------

No report available as report_methodology has not been run prior. Run report_methodology on the current design for the summary of methodology violations.



check_timing report

Table of Contents
-----------------
1. checking no_clock (0)
2. checking constant_clock (0)
3. checking pulse_width_clock (0)
4. checking unconstrained_internal_endpoints (0)
5. checking no_input_delay (2)
6. checking no_output_delay (16)
7. checking multiple_clock (0)
8. checking generated_clocks (0)
9. checking loops (0)
10. checking partial_input_delay (0)
11. checking partial_output_delay (0)
12. checking latch_loops (0)

1. checking no_clock (0)
------------------------
 There are 0 register/latch pins with no clock.


2. checking constant_clock (0)
------------------------------
 There are 0 register/latch pins with constant_clock.


3. checking pulse_width_clock (0)
---------------------------------
 There are 0 register/latch pins which need pulse_width check


4. checking unconstrained_internal_endpoints (0)
------------------------------------------------
 There are 0 pins that are not constrained for maximum delay.

 There are 0 pins that are not constrained for maximum delay due to constant clock.


5. checking no_input_delay (2)
------------------------------
 There are 2 input ports with no input delay specified. (HIGH)

 There are 0 input ports with no input delay but user has a false path constraint.


6. checking no_output_delay (16)
--------------------------------
 There are 16 ports with no output delay specified. (HIGH)

 There are 0 ports with no output delay but user has a false path constraint

 There are 0 ports with no output delay but with a timing clock defined on it or propagating through it


7. checking multiple_clock (0)
------------------------------
 There are 0 register/latch pins with multiple clocks.


8. checking generated_clocks (0)
--------------------------------
 There are 0 generated clocks that are not connected to a clock source.


9. checking loops (0)
---------------------
 There are 0 combinational loops in the design.


10. checking partial_input_delay (0)
------------------------------------
 There are 0 input ports with partial input delay specified.


11. checking partial_output_delay (0)
-------------------------------------
 There are 0 ports with partial output delay specified.


12. checking latch_loops (0)
----------------------------
 There are 0 combinational latch loops in the design through latch input



------------------------------------------------------------------------------------------------
| Design Timing Summary
| ---------------------
------------------------------------------------------------------------------------------------

    WNS(ns)      TNS(ns)  TNS Failing Endpoints  TNS Total Endpoints      WHS(ns)      THS(ns)  THS Failing Endpoints  THS Total Endpoints     WPWS(ns)     TPWS(ns)  TPWS Failing Endpoints  TPWS Total Endpoints  
    -------      -------  ---------------------  -------------------      -------      -------  ---------------------  -------------------     --------     --------  ----------------------  --------------------  
      0.041        0.000                      0                 3278        0.101        0.000                      0                 3278        2.550        0.000                       0                  1608  


All user specified timing constraints are met.


------------------------------------------------------------------------------------------------
| Clock Summary
| -------------
------------------------------------------------------------------------------------------------

Clock        Waveform(ns)         Period(ns)      Frequency(MHz)
-----        ------------         ----------      --------------
sys_clk_pin  {0.000 3.050}        6.100           163.934         


------------------------------------------------------------------------------------------------
| Intra Clock Table
| -----------------
------------------------------------------------------------------------------------------------

Clock             WNS(ns)      TNS(ns)  TNS Failing Endpoints  TNS Total Endpoints      WHS(ns)      THS(ns)  THS Failing Endpoints  THS Total Endpoints     WPWS(ns)     TPWS(ns)  TPWS Failing Endpoints  TPWS Total Endpoints  
-----             -------      -------  ---------------------  -------------------      -------      -------  ---------------------  -------------------     --------     --------  ----------------------  --------------------  
sys_clk_pin         0.041        0.000                      0                 3278        0.101        0.000                      0                 3278        2.550        0.000                       0                  1608  


------------------------------------------------------------------------------------------------
| Inter Clock Table
| -----------------
------------------------------------------------------------------------------------------------

From Clock    To Clock          WNS(ns)      TNS(ns)  TNS Failing Endpoints  TNS Total Endpoints      WHS(ns)      THS(ns)  THS Failing Endpoints  THS Total Endpoints  
----------    --------          -------      -------  ---------------------  -------------------      -------      -------  ---------------------  -------------------  


------------------------------------------------------------------------------------------------
| Other Path Groups Table
| -----------------------
------------------------------------------------------------------------------------------------

Path Group    From Clock    To Clock          WNS(ns)      TNS(ns)  TNS Failing Endpoints  TNS Total Endpoints      WHS(ns)      THS(ns)  THS Failing Endpoints  THS Total Endpoints  
----------    ----------    --------          -------      -------  ---------------------  -------------------      -------      -------  ---------------------  -------------------  


------------------------------------------------------------------------------------------------
| Timing Details
| --------------
------------------------------------------------------------------------------------------------


---------------------------------------------------------------------------------------------------
From Clock:  sys_clk_pin
  To Clock:  sys_clk_pin

Setup :            0  Failing Endpoints,  Worst Slack        0.041ns,  Total Violation        0.000ns
Hold  :            0  Failing Endpoints,  Worst Slack        0.101ns,  Total Violation        0.000ns
PW    :            0  Failing Endpoints,  Worst Slack        2.550ns,  Total Violation        0.000ns
---------------------------------------------------------------------------------------------------


Max Delay Paths
--------------------------------------------------------------------------------------
Slack (MET) :             0.041ns  (required time - arrival time)
  Source:                 cpu_inst/op_ex_reg_reg[operand_b][5]/C
                            (rising edge-triggered cell FDRE clocked by sys_clk_pin  {rise@0.000ns fall@3.050ns period=6.100ns})
  Destination:            cpu_inst/fetch_pc_reg_reg[30]/D
                            (rising edge-triggered cell FDRE clocked by sys_clk_pin  {rise@0.000ns fall@3.050ns period=6.100ns})
  Path Group:             sys_clk_pin
  Path Type:              Setup (Max at Slow Process Corner)
  Requirement:            6.100ns  (sys_clk_pin rise@6.100ns - sys_clk_pin rise@0.000ns)
  Data Path Delay:        6.114ns  (logic 3.539ns (57.887%)  route 2.575ns (42.113%))
  Logic Levels:           14  (CARRY4=11 LUT3=1 LUT6=2)
  Clock Path Skew:        0.028ns (DCD - SCD + CPR)
    Destination Clock Delay (DCD):    5.082ns = ( 11.182 - 6.100 ) 
    Source Clock Delay      (SCD):    5.326ns
    Clock Pessimism Removal (CPR):    0.272ns
  Clock Uncertainty:      0.035ns  ((TSJ^2 + TIJ^2)^1/2 + DJ) / 2 + PE
    Total System Jitter     (TSJ):    0.071ns
    Total Input Jitter      (TIJ):    0.000ns
    Discrete Jitter          (DJ):    0.000ns
    Phase Error              (PE):    0.000ns

    Location             Delay type                Incr(ns)  Path(ns)    Netlist Resource(s)
  -------------------------------------------------------------------    -------------------
                         (clock sys_clk_pin rise edge)
                                                      0.000     0.000 r  <hidden>
    W5                                                0.000     0.000 r  clk
                         net (fo=0)                   0.000     0.000    clk
    W5                   IBUF (Prop_ibuf_I_O)         1.458     1.458 r  clk_IBUF_inst/O
                         net (fo=1, routed)           1.967     3.425    clk_IBUF
    BUFGCTRL_X0Y1        BUFG (Prop_bufg_I_O)         0.096     3.521 r  clk_IBUF_BUFG_inst_replica/O
                         net (fo=4, routed)           0.140     3.661    clk_IBUF_BUFG_repN
    BUFGCTRL_X0Y0        BUFG (Prop_bufg_I_O)         0.096     3.757 r  clk_IBUF_BUFG_inst/O
                         net (fo=1603, routed)        1.569     5.326    cpu_inst/clk_IBUF_BUFG
    SLICE_X8Y44          FDRE                                         r  cpu_inst/op_ex_reg_reg[operand_b][5]/C
  -------------------------------------------------------------------    -------------------
    SLICE_X8Y44          FDRE (Prop_fdre_C_Q)         0.518     5.844 r  cpu_inst/op_ex_reg_reg[operand_b][5]/Q
                         net (fo=5, routed)           0.939     6.784    cpu_inst/op_ex_reg_reg[operand_b][5]
    SLICE_X7Y44          LUT6 (Prop_lut6_I1_O)        0.124     6.908 r  cpu_inst/branch_taken0_carry_i_3/O
                         net (fo=1, routed)           0.000     6.908    cpu_inst/branch_taken0_carry_i_3_n_0
    SLICE_X7Y44          CARRY4 (Prop_carry4_S[1]_CO[3])
                                                      0.550     7.458 r  cpu_inst/branch_taken0_carry/CO[3]
                         net (fo=1, routed)           0.000     7.458    cpu_inst/branch_taken0_carry_n_0
    SLICE_X7Y45          CARRY4 (Prop_carry4_CI_CO[3])
                                                      0.114     7.572 r  cpu_inst/branch_taken0_carry__0/CO[3]
                         net (fo=1, routed)           0.000     7.572    cpu_inst/branch_taken0_carry__0_n_0
    SLICE_X7Y46          CARRY4 (Prop_carry4_CI_CO[2])
                                                      0.228     7.800 r  cpu_inst/branch_taken0_carry__1/CO[2]
                         net (fo=2, routed)           0.664     8.464    cpu_inst/branch_taken0
    SLICE_X4Y38          LUT6 (Prop_lut6_I5_O)        0.313     8.777 r  cpu_inst/paused_response_instruction_reg[31]_i_3/O
                         net (fo=115, routed)         0.971     9.748    cpu_inst/redirect_valid__0
    SLICE_X7Y36          LUT3 (Prop_lut3_I2_O)        0.124     9.872 r  cpu_inst/fetch_pc_reg[1]_i_5/O
                         net (fo=1, routed)           0.000     9.872    cpu_inst/fetch_pc_reg[1]_i_5_n_0
    SLICE_X7Y36          CARRY4 (Prop_carry4_S[1]_CO[3])
                                                      0.550    10.422 r  cpu_inst/fetch_pc_reg_reg[1]_i_1/CO[3]
                         net (fo=1, routed)           0.000    10.422    cpu_inst/fetch_pc_reg_reg[1]_i_1_n_0
    SLICE_X7Y37          CARRY4 (Prop_carry4_CI_CO[3])
                                                      0.114    10.536 r  cpu_inst/fetch_pc_reg_reg[5]_i_1/CO[3]
                         net (fo=1, routed)           0.000    10.536    cpu_inst/fetch_pc_reg_reg[5]_i_1_n_0
    SLICE_X7Y38          CARRY4 (Prop_carry4_CI_CO[3])
                                                      0.114    10.650 r  cpu_inst/fetch_pc_reg_reg[9]_i_1/CO[3]
                         net (fo=1, routed)           0.000    10.650    cpu_inst/fetch_pc_reg_reg[9]_i_1_n_0
    SLICE_X7Y39          CARRY4 (Prop_carry4_CI_CO[3])
                                                      0.114    10.764 r  cpu_inst/fetch_pc_reg_reg[13]_i_1/CO[3]
                         net (fo=1, routed)           0.000    10.764    cpu_inst/fetch_pc_reg_reg[13]_i_1_n_0
    SLICE_X7Y40          CARRY4 (Prop_carry4_CI_CO[3])
                                                      0.114    10.878 r  cpu_inst/fetch_pc_reg_reg[17]_i_1/CO[3]
                         net (fo=1, routed)           0.000    10.878    cpu_inst/fetch_pc_reg_reg[17]_i_1_n_0
    SLICE_X7Y41          CARRY4 (Prop_carry4_CI_CO[3])
                                                      0.114    10.992 r  cpu_inst/fetch_pc_reg_reg[21]_i_1/CO[3]
                         net (fo=1, routed)           0.000    10.992    cpu_inst/fetch_pc_reg_reg[21]_i_1_n_0
    SLICE_X7Y42          CARRY4 (Prop_carry4_CI_CO[3])
                                                      0.114    11.106 r  cpu_inst/fetch_pc_reg_reg[25]_i_1/CO[3]
                         net (fo=1, routed)           0.000    11.106    cpu_inst/fetch_pc_reg_reg[25]_i_1_n_0
    SLICE_X7Y43          CARRY4 (Prop_carry4_CI_O[1])
                                                      0.334    11.440 r  cpu_inst/fetch_pc_reg_reg[29]_i_1/O[1]
                         net (fo=1, routed)           0.000    11.440    cpu_inst/fetch_pc_reg_reg[29]_i_1_n_6
    SLICE_X7Y43          FDRE                                         r  cpu_inst/fetch_pc_reg_reg[30]/D
  -------------------------------------------------------------------    -------------------

                         (clock sys_clk_pin rise edge)
                                                      6.100     6.100 r  <hidden>
    W5                                                0.000     6.100 r  clk
                         net (fo=0)                   0.000     6.100    clk
    W5                   IBUF (Prop_ibuf_I_O)         1.388     7.488 r  clk_IBUF_inst/O
                         net (fo=1, routed)           1.862     9.350    clk_IBUF
    BUFGCTRL_X0Y1        BUFG (Prop_bufg_I_O)         0.091     9.441 r  clk_IBUF_BUFG_inst_replica/O
                         net (fo=4, routed)           0.133     9.574    clk_IBUF_BUFG_repN
    BUFGCTRL_X0Y0        BUFG (Prop_bufg_I_O)         0.091     9.665 r  clk_IBUF_BUFG_inst/O
                         net (fo=1603, routed)        1.517    11.182    cpu_inst/clk_IBUF_BUFG
    SLICE_X7Y43          FDRE                                         r  cpu_inst/fetch_pc_reg_reg[30]/C
                         clock pessimism              0.272    11.454    <hidden>
                         clock uncertainty           -0.035    11.419    <hidden>
    SLICE_X7Y43          FDRE (Setup_fdre_C_D)        0.062    11.481    cpu_inst/fetch_pc_reg_reg[30]
  -------------------------------------------------------------------
                         required time                         11.481    <hidden>
                         arrival time                         -11.440    <hidden>
  -------------------------------------------------------------------
                         slack                                  0.041    <hidden>





Min Delay Paths
--------------------------------------------------------------------------------------
Slack (MET) :             0.101ns  (arrival time - required time)
  Source:                 cpu_inst/ex_mem_reg_reg[store_data][11]/C
                            (rising edge-triggered cell FDRE clocked by sys_clk_pin  {rise@0.000ns fall@3.050ns period=6.100ns})
  Destination:            cpu_inst/data_mem_inst/mem_reg/DIADI[11]
                            (rising edge-triggered cell RAMB18E1 clocked by sys_clk_pin  {rise@0.000ns fall@3.050ns period=6.100ns})
  Path Group:             sys_clk_pin
  Path Type:              Hold (Min at Fast Process Corner)
  Requirement:            0.000ns  (sys_clk_pin rise@0.000ns - sys_clk_pin rise@0.000ns)
  Data Path Delay:        0.336ns  (logic 0.141ns (42.026%)  route 0.195ns (57.974%))
  Logic Levels:           0  
  Clock Path Skew:        0.079ns (DCD - SCD - CPR)
    Destination Clock Delay (DCD):    2.069ns
    Source Clock Delay      (SCD):    1.505ns
    Clock Pessimism Removal (CPR):    0.484ns

    Location             Delay type                Incr(ns)  Path(ns)    Netlist Resource(s)
  -------------------------------------------------------------------    -------------------
                         (clock sys_clk_pin rise edge)
                                                      0.000     0.000 r  <hidden>
    W5                                                0.000     0.000 r  clk
                         net (fo=0)                   0.000     0.000    clk
    W5                   IBUF (Prop_ibuf_I_O)         0.226     0.226 r  clk_IBUF_inst/O
                         net (fo=1, routed)           0.631     0.858    clk_IBUF
    BUFGCTRL_X0Y1        BUFG (Prop_bufg_I_O)         0.026     0.884 r  clk_IBUF_BUFG_inst_replica/O
                         net (fo=4, routed)           0.030     0.914    clk_IBUF_BUFG_repN
    BUFGCTRL_X0Y0        BUFG (Prop_bufg_I_O)         0.026     0.940 r  clk_IBUF_BUFG_inst/O
                         net (fo=1603, routed)        0.566     1.505    cpu_inst/clk_IBUF_BUFG
    SLICE_X11Y44         FDRE                                         r  cpu_inst/ex_mem_reg_reg[store_data][11]/C
  -------------------------------------------------------------------    -------------------
    SLICE_X11Y44         FDRE (Prop_fdre_C_Q)         0.141     1.646 r  cpu_inst/ex_mem_reg_reg[store_data][11]/Q
                         net (fo=1, routed)           0.195     1.841    cpu_inst/data_mem_inst/mem_reg_1[11]
    RAMB18_X0Y19         RAMB18E1                                     r  cpu_inst/data_mem_inst/mem_reg/DIADI[11]
  -------------------------------------------------------------------    -------------------

                         (clock sys_clk_pin rise edge)
                                                      0.000     0.000 r  <hidden>
    W5                                                0.000     0.000 r  clk
                         net (fo=0)                   0.000     0.000    clk
    W5                   IBUF (Prop_ibuf_I_O)         0.414     0.414 r  clk_IBUF_inst/O
                         net (fo=1, routed)           0.685     1.099    clk_IBUF
    BUFGCTRL_X0Y1        BUFG (Prop_bufg_I_O)         0.029     1.128 r  clk_IBUF_BUFG_inst_replica/O
                         net (fo=4, routed)           0.033     1.161    clk_IBUF_BUFG_repN
    BUFGCTRL_X0Y0        BUFG (Prop_bufg_I_O)         0.029     1.190 r  clk_IBUF_BUFG_inst/O
                         net (fo=1603, routed)        0.879     2.069    cpu_inst/data_mem_inst/clk_IBUF_BUFG
    RAMB18_X0Y19         RAMB18E1                                     r  cpu_inst/data_mem_inst/mem_reg/CLKARDCLK
                         clock pessimism             -0.484     1.585    <hidden>
    RAMB18_X0Y19         RAMB18E1 (Hold_ramb18e1_CLKARDCLK_DIADI[11])
                                                      0.155     1.740    cpu_inst/data_mem_inst/mem_reg
  -------------------------------------------------------------------
                         required time                         -1.740    <hidden>
                         arrival time                           1.841    <hidden>
  -------------------------------------------------------------------
                         slack                                  0.101    <hidden>





Pulse Width Checks
--------------------------------------------------------------------------------------
Clock Name:         sys_clk_pin
Waveform(ns):       { 0.000 3.050 }
Period(ns):         6.100
Sources:            { clk }

Check Type        Corner  Lib Pin             Reference Pin  Required(ns)  Actual(ns)  Slack(ns)  Location      Pin
Min Period        n/a     RAMB18E1/CLKARDCLK  n/a            2.944         6.100       3.156      RAMB18_X0Y19  cpu_inst/data_mem_inst/mem_reg/CLKARDCLK
Low Pulse Width   Slow    FDRE/C              n/a            0.500         3.050       2.550      SLICE_X2Y36   cpu_inst/debug_reg_write_reg/C
High Pulse Width  Slow    FDRE/C              n/a            0.500         3.050       2.550      SLICE_X2Y36   cpu_inst/debug_reg_write_reg/C



