Copyright 1986-2022 Xilinx, Inc. All Rights Reserved. Copyright 2022-2026 Advanced Micro Devices, Inc. All Rights Reserved.
---------------------------------------------------------------------------------------------------------------------------------------------
| Tool Version : Vivado v.2026.1 (win64) Build 6511674 Tue Jun 16 11:02:23 MDT 2026
| Date         : Wed Aug 12 11:54:55 2026
| Host         : DESKTOP-4GB7DVJ running 64-bit major release  (build 9200)
| Command      : report_timing_summary -file reports/vector_stage5a/80mhz/timing_summary.rpt
| Design       : vector_program_core_synth_top
| Device       : 7a35t-cpg236
| Speed File   : -1  PRODUCTION 1.23 2018-06-13
| Design State : Routed
---------------------------------------------------------------------------------------------------------------------------------------------

Timing Summary Report

------------------------------------------------------------------------------------------------
| Timer Settings
| --------------
------------------------------------------------------------------------------------------------

  Enable Multi Corner Analysis               :  Yes
  Enable Pessimism Removal                   :  Yes
  Pessimism Removal Resolution               :  Nearest Common Node
  Enable Input Delay Default Clock           :  No
  Enable Preset / Clear Arcs                 :  No
  Disable Flight Delays                      :  No
  Ignore I/O Paths                           :  No
  Timing Early Launch at Borrowing Latches   :  No
  Borrow Time for Max Delay Exceptions       :  Yes
  Merge Timing Exceptions                    :  Yes
  Inter-SLR Compensation                     :  Conservative

  Corner  Analyze    Analyze    
  Name    Max Paths  Min Paths  
  ------  ---------  ---------  
  Slow    Yes        Yes        
  Fast    Yes        Yes        


------------------------------------------------------------------------------------------------
| Report Methodology
| ------------------
------------------------------------------------------------------------------------------------

No report available as report_methodology has not been run prior. Run report_methodology on the current design for the summary of methodology violations.



check_timing report

Table of Contents
-----------------
1. checking no_clock (0)
2. checking constant_clock (0)
3. checking pulse_width_clock (0)
4. checking unconstrained_internal_endpoints (0)
5. checking no_input_delay (36)
6. checking no_output_delay (9)
7. checking multiple_clock (0)
8. checking generated_clocks (0)
9. checking loops (0)
10. checking partial_input_delay (0)
11. checking partial_output_delay (0)
12. checking latch_loops (0)

1. checking no_clock (0)
------------------------
 There are 0 register/latch pins with no clock.


2. checking constant_clock (0)
------------------------------
 There are 0 register/latch pins with constant_clock.


3. checking pulse_width_clock (0)
---------------------------------
 There are 0 register/latch pins which need pulse_width check


4. checking unconstrained_internal_endpoints (0)
------------------------------------------------
 There are 0 pins that are not constrained for maximum delay.

 There are 0 pins that are not constrained for maximum delay due to constant clock.


5. checking no_input_delay (36)
-------------------------------
 There are 36 input ports with no input delay specified. (HIGH)

 There are 0 input ports with no input delay but user has a false path constraint.


6. checking no_output_delay (9)
-------------------------------
 There are 9 ports with no output delay specified. (HIGH)

 There are 0 ports with no output delay but user has a false path constraint

 There are 0 ports with no output delay but with a timing clock defined on it or propagating through it


7. checking multiple_clock (0)
------------------------------
 There are 0 register/latch pins with multiple clocks.


8. checking generated_clocks (0)
--------------------------------
 There are 0 generated clocks that are not connected to a clock source.


9. checking loops (0)
---------------------
 There are 0 combinational loops in the design.


10. checking partial_input_delay (0)
------------------------------------
 There are 0 input ports with partial input delay specified.


11. checking partial_output_delay (0)
-------------------------------------
 There are 0 ports with partial output delay specified.


12. checking latch_loops (0)
----------------------------
 There are 0 combinational latch loops in the design through latch input



------------------------------------------------------------------------------------------------
| Design Timing Summary
| ---------------------
------------------------------------------------------------------------------------------------

    WNS(ns)      TNS(ns)  TNS Failing Endpoints  TNS Total Endpoints      WHS(ns)      THS(ns)  THS Failing Endpoints  THS Total Endpoints     WPWS(ns)     TPWS(ns)  TPWS Failing Endpoints  TPWS Total Endpoints  
    -------      -------  ---------------------  -------------------      -------      -------  ---------------------  -------------------     --------     --------  ----------------------  --------------------  
      0.480        0.000                      0                 2092        0.311        0.000                      0                 2092        5.000        0.000                       0                  1060  


All user specified timing constraints are met.


------------------------------------------------------------------------------------------------
| Clock Summary
| -------------
------------------------------------------------------------------------------------------------

Clock            Waveform(ns)       Period(ns)      Frequency(MHz)
-----            ------------       ----------      --------------
vector_core_clk  {0.000 6.250}      12.500          80.000          


------------------------------------------------------------------------------------------------
| Intra Clock Table
| -----------------
------------------------------------------------------------------------------------------------

Clock                WNS(ns)      TNS(ns)  TNS Failing Endpoints  TNS Total Endpoints      WHS(ns)      THS(ns)  THS Failing Endpoints  THS Total Endpoints     WPWS(ns)     TPWS(ns)  TPWS Failing Endpoints  TPWS Total Endpoints  
-----                -------      -------  ---------------------  -------------------      -------      -------  ---------------------  -------------------     --------     --------  ----------------------  --------------------  
vector_core_clk        0.480        0.000                      0                 2092        0.311        0.000                      0                 2092        5.000        0.000                       0                  1060  


------------------------------------------------------------------------------------------------
| Inter Clock Table
| -----------------
------------------------------------------------------------------------------------------------

From Clock    To Clock          WNS(ns)      TNS(ns)  TNS Failing Endpoints  TNS Total Endpoints      WHS(ns)      THS(ns)  THS Failing Endpoints  THS Total Endpoints  
----------    --------          -------      -------  ---------------------  -------------------      -------      -------  ---------------------  -------------------  


------------------------------------------------------------------------------------------------
| Other Path Groups Table
| -----------------------
------------------------------------------------------------------------------------------------

Path Group    From Clock    To Clock          WNS(ns)      TNS(ns)  TNS Failing Endpoints  TNS Total Endpoints      WHS(ns)      THS(ns)  THS Failing Endpoints  THS Total Endpoints  
----------    ----------    --------          -------      -------  ---------------------  -------------------      -------      -------  ---------------------  -------------------  


------------------------------------------------------------------------------------------------
| Timing Details
| --------------
------------------------------------------------------------------------------------------------


---------------------------------------------------------------------------------------------------
From Clock:  vector_core_clk
  To Clock:  vector_core_clk

Setup :            0  Failing Endpoints,  Worst Slack        0.480ns,  Total Violation        0.000ns
Hold  :            0  Failing Endpoints,  Worst Slack        0.311ns,  Total Violation        0.000ns
PW    :            0  Failing Endpoints,  Worst Slack        5.000ns,  Total Violation        0.000ns
---------------------------------------------------------------------------------------------------


Max Delay Paths
--------------------------------------------------------------------------------------
Slack (MET) :             0.480ns  (required time - arrival time)
  Source:                 core_inst/current_pc_reg[0]/C
                            (rising edge-triggered cell FDRE clocked by vector_core_clk  {rise@0.000ns fall@6.250ns period=12.500ns})
  Destination:            core_inst/execution_unit_inst/execution_unit_inst/vector_register_file_inst/regs_reg[5][64]/D
                            (rising edge-triggered cell FDRE clocked by vector_core_clk  {rise@0.000ns fall@6.250ns period=12.500ns})
  Path Group:             vector_core_clk
  Path Type:              Setup (Max at Slow Process Corner)
  Requirement:            12.500ns  (vector_core_clk rise@12.500ns - vector_core_clk rise@0.000ns)
  Data Path Delay:        11.953ns  (logic 2.772ns (23.190%)  route 9.181ns (76.810%))
  Logic Levels:           11  (CARRY4=2 LUT2=1 LUT3=2 LUT4=1 LUT6=4 RAMD32=1)
  Clock Path Skew:        0.036ns (DCD - SCD + CPR)
    Destination Clock Delay (DCD):    4.852ns = ( 17.352 - 12.500 ) 
    Source Clock Delay      (SCD):    5.076ns
    Clock Pessimism Removal (CPR):    0.260ns
  Clock Uncertainty:      0.035ns  ((TSJ^2 + TIJ^2)^1/2 + DJ) / 2 + PE
    Total System Jitter     (TSJ):    0.071ns
    Total Input Jitter      (TIJ):    0.000ns
    Discrete Jitter          (DJ):    0.000ns
    Phase Error              (PE):    0.000ns

    Location             Delay type                Incr(ns)  Path(ns)    Netlist Resource(s)
  -------------------------------------------------------------------    -------------------
                         (clock vector_core_clk rise edge)
                                                      0.000     0.000 r  <hidden>
    W5                                                0.000     0.000 r  clk
                         net (fo=0)                   0.000     0.000    clk
    W5                   IBUF (Prop_ibuf_I_O)         1.458     1.458 r  clk_IBUF_inst/O
                         net (fo=1, routed)           1.967     3.425    clk_IBUF
    BUFGCTRL_X0Y0        BUFG (Prop_bufg_I_O)         0.096     3.521 r  clk_IBUF_BUFG_inst/O
                         net (fo=1059, routed)        1.555     5.076    core_inst/clk
    SLICE_X28Y18         FDRE                                         r  core_inst/current_pc_reg[0]/C
  -------------------------------------------------------------------    -------------------
    SLICE_X28Y18         FDRE (Prop_fdre_C_Q)         0.456     5.532 r  core_inst/current_pc_reg[0]/Q
                         net (fo=24, routed)          1.021     6.553    core_inst/instruction_memory_inst/memory_reg_0_15_12_15/ADDRB0
    SLICE_X30Y18         RAMD32 (Prop_ramd32_RADR0_O)
                                                      0.152     6.705 f  core_inst/instruction_memory_inst/memory_reg_0_15_12_15/RAMB/O
                         net (fo=27, routed)          1.042     7.747    core_inst/instruction_memory_inst/current_instruction[14]
    SLICE_X15Y18         LUT6 (Prop_lut6_I3_O)        0.348     8.095 r  core_inst/instruction_memory_inst/regs[0][127]_i_56/O
                         net (fo=96, routed)          1.364     9.459    core_inst/execution_unit_inst/execution_unit_inst/vector_register_file_inst/regs[0][58]_i_18_0
    SLICE_X1Y24          LUT6 (Prop_lut6_I2_O)        0.124     9.583 r  core_inst/execution_unit_inst/execution_unit_inst/vector_register_file_inst/debug_read_data_parity_OBUF_inst_i_195/O
                         net (fo=3, routed)           1.465    11.049    core_inst/execution_unit_inst/execution_unit_inst/vector_register_file_inst/debug_read_data_parity_OBUF_inst_i_195_n_0
    SLICE_X30Y23         LUT3 (Prop_lut3_I0_O)        0.124    11.173 r  core_inst/execution_unit_inst/execution_unit_inst/vector_register_file_inst/debug_read_data_parity_OBUF_inst_i_59/O
                         net (fo=14, routed)          1.263    12.436    core_inst/execution_unit_inst/execution_unit_inst/vector_register_file_inst/debug_read_data[81]
    SLICE_X10Y24         LUT2 (Prop_lut2_I0_O)        0.124    12.560 r  core_inst/execution_unit_inst/execution_unit_inst/vector_register_file_inst/regs[0][81]_i_11/O
                         net (fo=3, routed)           0.688    13.247    core_inst/execution_unit_inst/execution_unit_inst/vector_register_file_inst/regs[0][83]_i_12_0[1]
    SLICE_X8Y20          LUT3 (Prop_lut3_I1_O)        0.124    13.371 r  core_inst/execution_unit_inst/execution_unit_inst/vector_register_file_inst/regs[0][64]_i_50/O
                         net (fo=1, routed)           0.000    13.371    core_inst/execution_unit_inst/execution_unit_inst/vector_alu_inst/regs_reg[0][64]_i_20_0[1]
    SLICE_X8Y20          CARRY4 (Prop_carry4_S[1]_CO[3])
                                                      0.533    13.904 r  core_inst/execution_unit_inst/execution_unit_inst/vector_alu_inst/regs_reg[0][64]_i_34/CO[3]
                         net (fo=1, routed)           0.000    13.904    core_inst/execution_unit_inst/execution_unit_inst/vector_alu_inst/regs_reg[0][64]_i_34_n_0
    SLICE_X8Y21          CARRY4 (Prop_carry4_CI_CO[2])
                                                      0.229    14.133 r  core_inst/execution_unit_inst/execution_unit_inst/vector_alu_inst/regs_reg[0][64]_i_20/CO[2]
                         net (fo=1, routed)           0.723    14.856    core_inst/execution_unit_inst/execution_unit_inst/vector_register_file_inst/regs[0][64]_i_3_0[0]
    SLICE_X6Y17          LUT4 (Prop_lut4_I0_O)        0.310    15.166 r  core_inst/execution_unit_inst/execution_unit_inst/vector_register_file_inst/regs[0][64]_i_7/O
                         net (fo=1, routed)           0.638    15.805    core_inst/execution_unit_inst/execution_unit_inst/vector_register_file_inst/regs[0][64]_i_7_n_0
    SLICE_X6Y17          LUT6 (Prop_lut6_I5_O)        0.124    15.929 r  core_inst/execution_unit_inst/execution_unit_inst/vector_register_file_inst/regs[0][64]_i_3/O
                         net (fo=1, routed)           0.296    16.225    core_inst/execution_unit_inst/execution_unit_inst/vector_register_file_inst/regs[0][64]_i_3_n_0
    SLICE_X5Y16          LUT6 (Prop_lut6_I2_O)        0.124    16.349 r  core_inst/execution_unit_inst/execution_unit_inst/vector_register_file_inst/regs[0][64]_i_1/O
                         net (fo=8, routed)           0.681    17.029    core_inst/execution_unit_inst/execution_unit_inst/vector_register_file_inst/regs[0][64]_i_1_n_0
    SLICE_X5Y15          FDRE                                         r  core_inst/execution_unit_inst/execution_unit_inst/vector_register_file_inst/regs_reg[5][64]/D
  -------------------------------------------------------------------    -------------------

                         (clock vector_core_clk rise edge)
                                                     12.500    12.500 r  <hidden>
    W5                                                0.000    12.500 r  clk
                         net (fo=0)                   0.000    12.500    clk
    W5                   IBUF (Prop_ibuf_I_O)         1.388    13.888 r  clk_IBUF_inst/O
                         net (fo=1, routed)           1.862    15.750    clk_IBUF
    BUFGCTRL_X0Y0        BUFG (Prop_bufg_I_O)         0.091    15.841 r  clk_IBUF_BUFG_inst/O
                         net (fo=1059, routed)        1.511    17.352    core_inst/execution_unit_inst/execution_unit_inst/vector_register_file_inst/clk
    SLICE_X5Y15          FDRE                                         r  core_inst/execution_unit_inst/execution_unit_inst/vector_register_file_inst/regs_reg[5][64]/C
                         clock pessimism              0.260    17.612    <hidden>
                         clock uncertainty           -0.035    17.577    <hidden>
    SLICE_X5Y15          FDRE (Setup_fdre_C_D)       -0.067    17.510    core_inst/execution_unit_inst/execution_unit_inst/vector_register_file_inst/regs_reg[5][64]
  -------------------------------------------------------------------
                         required time                         17.510    <hidden>
                         arrival time                         -17.029    <hidden>
  -------------------------------------------------------------------
                         slack                                  0.480    <hidden>





Min Delay Paths
--------------------------------------------------------------------------------------
Slack (MET) :             0.311ns  (arrival time - required time)
  Source:                 core_inst/current_pc_reg[0]/C
                            (rising edge-triggered cell FDRE clocked by vector_core_clk  {rise@0.000ns fall@6.250ns period=12.500ns})
  Destination:            core_inst/current_pc_reg[1]/D
                            (rising edge-triggered cell FDRE clocked by vector_core_clk  {rise@0.000ns fall@6.250ns period=12.500ns})
  Path Group:             vector_core_clk
  Path Type:              Hold (Min at Fast Process Corner)
  Requirement:            0.000ns  (vector_core_clk rise@0.000ns - vector_core_clk rise@0.000ns)
  Data Path Delay:        0.418ns  (logic 0.183ns (43.801%)  route 0.235ns (56.199%))
  Logic Levels:           1  (LUT2=1)
  Clock Path Skew:        0.000ns (DCD - SCD - CPR)
    Destination Clock Delay (DCD):    1.951ns
    Source Clock Delay      (SCD):    1.439ns
    Clock Pessimism Removal (CPR):    0.512ns

    Location             Delay type                Incr(ns)  Path(ns)    Netlist Resource(s)
  -------------------------------------------------------------------    -------------------
                         (clock vector_core_clk rise edge)
                                                      0.000     0.000 r  <hidden>
    W5                                                0.000     0.000 r  clk
                         net (fo=0)                   0.000     0.000    clk
    W5                   IBUF (Prop_ibuf_I_O)         0.226     0.226 r  clk_IBUF_inst/O
                         net (fo=1, routed)           0.631     0.858    clk_IBUF
    BUFGCTRL_X0Y0        BUFG (Prop_bufg_I_O)         0.026     0.884 r  clk_IBUF_BUFG_inst/O
                         net (fo=1059, routed)        0.556     1.439    core_inst/clk
    SLICE_X28Y18         FDRE                                         r  core_inst/current_pc_reg[0]/C
  -------------------------------------------------------------------    -------------------
    SLICE_X28Y18         FDRE (Prop_fdre_C_Q)         0.141     1.580 r  core_inst/current_pc_reg[0]/Q
                         net (fo=24, routed)          0.235     1.815    core_inst/current_pc[0]
    SLICE_X28Y18         LUT2 (Prop_lut2_I0_O)        0.042     1.857 r  core_inst/current_pc[1]_i_1/O
                         net (fo=1, routed)           0.000     1.857    core_inst/p_0_in[1]
    SLICE_X28Y18         FDRE                                         r  core_inst/current_pc_reg[1]/D
  -------------------------------------------------------------------    -------------------

                         (clock vector_core_clk rise edge)
                                                      0.000     0.000 r  <hidden>
    W5                                                0.000     0.000 r  clk
                         net (fo=0)                   0.000     0.000    clk
    W5                   IBUF (Prop_ibuf_I_O)         0.414     0.414 r  clk_IBUF_inst/O
                         net (fo=1, routed)           0.685     1.099    clk_IBUF
    BUFGCTRL_X0Y0        BUFG (Prop_bufg_I_O)         0.029     1.128 r  clk_IBUF_BUFG_inst/O
                         net (fo=1059, routed)        0.824     1.951    core_inst/clk
    SLICE_X28Y18         FDRE                                         r  core_inst/current_pc_reg[1]/C
                         clock pessimism             -0.512     1.439    <hidden>
    SLICE_X28Y18         FDRE (Hold_fdre_C_D)         0.107     1.546    core_inst/current_pc_reg[1]
  -------------------------------------------------------------------
                         required time                         -1.546    <hidden>
                         arrival time                           1.857    <hidden>
  -------------------------------------------------------------------
                         slack                                  0.311    <hidden>





Pulse Width Checks
--------------------------------------------------------------------------------------
Clock Name:         vector_core_clk
Waveform(ns):       { 0.000 6.250 }
Period(ns):         12.500
Sources:            { clk }

Check Type        Corner  Lib Pin     Reference Pin  Required(ns)  Actual(ns)  Slack(ns)  Location       Pin
Min Period        n/a     BUFG/I      n/a            2.155         12.500      10.345     BUFGCTRL_X0Y0  clk_IBUF_BUFG_inst/I
Low Pulse Width   Slow    RAMD32/CLK  n/a            1.250         6.250       5.000      SLICE_X6Y16    core_inst/instruction_memory_inst/memory_reg_0_15_0_5/RAMA/CLK
High Pulse Width  Slow    RAMD32/CLK  n/a            1.250         6.250       5.000      SLICE_X6Y16    core_inst/instruction_memory_inst/memory_reg_0_15_0_5/RAMA/CLK



