Copyright 1986-2022 Xilinx, Inc. All Rights Reserved. Copyright 2022-2026 Advanced Micro Devices, Inc. All Rights Reserved.
---------------------------------------------------------------------------------------------------------------------------------------------
| Tool Version : Vivado v.2026.1 (win64) Build 6511674 Tue Jun 16 11:02:23 MDT 2026
| Date         : Wed Aug 12 14:57:10 2026
| Host         : DESKTOP-4GB7DVJ running 64-bit major release  (build 9200)
| Command      : report_timing_summary -file reports/vector_stage9/stage9_80mhz_timing_summary.rpt
| Design       : vector_prefetch_program_core_synth_top
| Device       : 7a35t-cpg236
| Speed File   : -1  PRODUCTION 1.23 2018-06-13
| Design State : Routed
---------------------------------------------------------------------------------------------------------------------------------------------

Timing Summary Report

------------------------------------------------------------------------------------------------
| Timer Settings
| --------------
------------------------------------------------------------------------------------------------

  Enable Multi Corner Analysis               :  Yes
  Enable Pessimism Removal                   :  Yes
  Pessimism Removal Resolution               :  Nearest Common Node
  Enable Input Delay Default Clock           :  No
  Enable Preset / Clear Arcs                 :  No
  Disable Flight Delays                      :  No
  Ignore I/O Paths                           :  No
  Timing Early Launch at Borrowing Latches   :  No
  Borrow Time for Max Delay Exceptions       :  Yes
  Merge Timing Exceptions                    :  Yes
  Inter-SLR Compensation                     :  Conservative

  Corner  Analyze    Analyze    
  Name    Max Paths  Min Paths  
  ------  ---------  ---------  
  Slow    Yes        Yes        
  Fast    Yes        Yes        


------------------------------------------------------------------------------------------------
| Report Methodology
| ------------------
------------------------------------------------------------------------------------------------

No report available as report_methodology has not been run prior. Run report_methodology on the current design for the summary of methodology violations.



check_timing report

Table of Contents
-----------------
1. checking no_clock (0)
2. checking constant_clock (0)
3. checking pulse_width_clock (0)
4. checking unconstrained_internal_endpoints (0)
5. checking no_input_delay (48)
6. checking no_output_delay (7)
7. checking multiple_clock (0)
8. checking generated_clocks (0)
9. checking loops (0)
10. checking partial_input_delay (0)
11. checking partial_output_delay (0)
12. checking latch_loops (0)

1. checking no_clock (0)
------------------------
 There are 0 register/latch pins with no clock.


2. checking constant_clock (0)
------------------------------
 There are 0 register/latch pins with constant_clock.


3. checking pulse_width_clock (0)
---------------------------------
 There are 0 register/latch pins which need pulse_width check


4. checking unconstrained_internal_endpoints (0)
------------------------------------------------
 There are 0 pins that are not constrained for maximum delay.

 There are 0 pins that are not constrained for maximum delay due to constant clock.


5. checking no_input_delay (48)
-------------------------------
 There are 48 input ports with no input delay specified. (HIGH)

 There are 0 input ports with no input delay but user has a false path constraint.


6. checking no_output_delay (7)
-------------------------------
 There are 7 ports with no output delay specified. (HIGH)

 There are 0 ports with no output delay but user has a false path constraint

 There are 0 ports with no output delay but with a timing clock defined on it or propagating through it


7. checking multiple_clock (0)
------------------------------
 There are 0 register/latch pins with multiple clocks.


8. checking generated_clocks (0)
--------------------------------
 There are 0 generated clocks that are not connected to a clock source.


9. checking loops (0)
---------------------
 There are 0 combinational loops in the design.


10. checking partial_input_delay (0)
------------------------------------
 There are 0 input ports with partial input delay specified.


11. checking partial_output_delay (0)
-------------------------------------
 There are 0 ports with partial output delay specified.


12. checking latch_loops (0)
----------------------------
 There are 0 combinational latch loops in the design through latch input



------------------------------------------------------------------------------------------------
| Design Timing Summary
| ---------------------
------------------------------------------------------------------------------------------------

    WNS(ns)      TNS(ns)  TNS Failing Endpoints  TNS Total Endpoints      WHS(ns)      THS(ns)  THS Failing Endpoints  THS Total Endpoints     WPWS(ns)     TPWS(ns)  TPWS Failing Endpoints  TPWS Total Endpoints  
    -------      -------  ---------------------  -------------------      -------      -------  ---------------------  -------------------     --------     --------  ----------------------  --------------------  
      0.138        0.000                      0                 2578        0.261        0.000                      0                 2578        5.000        0.000                       0                  1187  


All user specified timing constraints are met.


------------------------------------------------------------------------------------------------
| Clock Summary
| -------------
------------------------------------------------------------------------------------------------

Clock                Waveform(ns)       Period(ns)      Frequency(MHz)
-----                ------------       ----------      --------------
vector_prefetch_clk  {0.000 6.250}      12.500          80.000          


------------------------------------------------------------------------------------------------
| Intra Clock Table
| -----------------
------------------------------------------------------------------------------------------------

Clock                    WNS(ns)      TNS(ns)  TNS Failing Endpoints  TNS Total Endpoints      WHS(ns)      THS(ns)  THS Failing Endpoints  THS Total Endpoints     WPWS(ns)     TPWS(ns)  TPWS Failing Endpoints  TPWS Total Endpoints  
-----                    -------      -------  ---------------------  -------------------      -------      -------  ---------------------  -------------------     --------     --------  ----------------------  --------------------  
vector_prefetch_clk        0.138        0.000                      0                 2578        0.261        0.000                      0                 2578        5.000        0.000                       0                  1187  


------------------------------------------------------------------------------------------------
| Inter Clock Table
| -----------------
------------------------------------------------------------------------------------------------

From Clock    To Clock          WNS(ns)      TNS(ns)  TNS Failing Endpoints  TNS Total Endpoints      WHS(ns)      THS(ns)  THS Failing Endpoints  THS Total Endpoints  
----------    --------          -------      -------  ---------------------  -------------------      -------      -------  ---------------------  -------------------  


------------------------------------------------------------------------------------------------
| Other Path Groups Table
| -----------------------
------------------------------------------------------------------------------------------------

Path Group    From Clock    To Clock          WNS(ns)      TNS(ns)  TNS Failing Endpoints  TNS Total Endpoints      WHS(ns)      THS(ns)  THS Failing Endpoints  THS Total Endpoints  
----------    ----------    --------          -------      -------  ---------------------  -------------------      -------      -------  ---------------------  -------------------  


------------------------------------------------------------------------------------------------
| Timing Details
| --------------
------------------------------------------------------------------------------------------------


---------------------------------------------------------------------------------------------------
From Clock:  vector_prefetch_clk
  To Clock:  vector_prefetch_clk

Setup :            0  Failing Endpoints,  Worst Slack        0.138ns,  Total Violation        0.000ns
Hold  :            0  Failing Endpoints,  Worst Slack        0.261ns,  Total Violation        0.000ns
PW    :            0  Failing Endpoints,  Worst Slack        5.000ns,  Total Violation        0.000ns
---------------------------------------------------------------------------------------------------


Max Delay Paths
--------------------------------------------------------------------------------------
Slack (MET) :             0.138ns  (required time - arrival time)
  Source:                 core/current_pc_reg[2]/C
                            (rising edge-triggered cell FDRE clocked by vector_prefetch_clk  {rise@0.000ns fall@6.250ns period=12.500ns})
  Destination:            core/eu/vector_register_file_inst/regs_reg[2][64]/D
                            (rising edge-triggered cell FDRE clocked by vector_prefetch_clk  {rise@0.000ns fall@6.250ns period=12.500ns})
  Path Group:             vector_prefetch_clk
  Path Type:              Setup (Max at Slow Process Corner)
  Requirement:            12.500ns  (vector_prefetch_clk rise@12.500ns - vector_prefetch_clk rise@0.000ns)
  Data Path Delay:        12.231ns  (logic 3.512ns (28.714%)  route 8.719ns (71.286%))
  Logic Levels:           13  (CARRY4=2 LUT2=1 LUT3=3 LUT4=1 LUT6=4 MUXF7=1 RAMD32=1)
  Clock Path Skew:        -0.029ns (DCD - SCD + CPR)
    Destination Clock Delay (DCD):    4.790ns = ( 17.290 - 12.500 ) 
    Source Clock Delay      (SCD):    5.079ns
    Clock Pessimism Removal (CPR):    0.260ns
  Clock Uncertainty:      0.035ns  ((TSJ^2 + TIJ^2)^1/2 + DJ) / 2 + PE
    Total System Jitter     (TSJ):    0.071ns
    Total Input Jitter      (TIJ):    0.000ns
    Discrete Jitter          (DJ):    0.000ns
    Phase Error              (PE):    0.000ns

    Location             Delay type                Incr(ns)  Path(ns)    Netlist Resource(s)
  -------------------------------------------------------------------    -------------------
                         (clock vector_prefetch_clk rise edge)
                                                      0.000     0.000 r  <hidden>
    W5                                                0.000     0.000 r  clk
                         net (fo=0)                   0.000     0.000    clk
    W5                   IBUF (Prop_ibuf_I_O)         1.458     1.458 r  clk_IBUF_inst/O
                         net (fo=1, routed)           1.967     3.425    clk_IBUF
    BUFGCTRL_X0Y0        BUFG (Prop_bufg_I_O)         0.096     3.521 r  clk_IBUF_BUFG_inst/O
                         net (fo=1186, routed)        1.558     5.079    core/clk_IBUF_BUFG
    SLICE_X11Y18         FDRE                                         r  core/current_pc_reg[2]/C
  -------------------------------------------------------------------    -------------------
    SLICE_X11Y18         FDRE (Prop_fdre_C_Q)         0.456     5.535 r  core/current_pc_reg[2]/Q
                         net (fo=24, routed)          0.996     6.531    core/pim/memory_reg_0_15_12_15/ADDRB2
    SLICE_X10Y18         RAMD32 (Prop_ramd32_RADR2_O)
                                                      0.150     6.681 r  core/pim/memory_reg_0_15_12_15/RAMB/O
                         net (fo=31, routed)          0.789     7.470    core/pim/read_data[2]
    SLICE_X13Y18         LUT3 (Prop_lut3_I1_O)        0.348     7.818 r  core/pim/regs[0][127]_i_13/O
                         net (fo=15, routed)          0.620     8.437    core/pim/regs[0][127]_i_13_n_0
    SLICE_X13Y15         LUT6 (Prop_lut6_I3_O)        0.124     8.561 r  core/pim/memory_reg_0_i_317/O
                         net (fo=64, routed)          1.282     9.844    core/eu/vector_register_file_inst/regs[0][95]_i_32_0
    SLICE_X1Y2           LUT6 (Prop_lut6_I2_O)        0.124     9.968 r  core/eu/vector_register_file_inst/memory_reg_1_i_167/O
                         net (fo=7, routed)           1.330    11.297    core/eu/vector_register_file_inst/memory_reg_1_i_167_n_0
    SLICE_X9Y3           LUT3 (Prop_lut3_I0_O)        0.152    11.449 r  core/eu/vector_register_file_inst/memory_reg_1_i_84/O
                         net (fo=12, routed)          0.909    12.358    core/eu/vector_register_file_inst/debug_read_data[76]
    SLICE_X10Y8          LUT2 (Prop_lut2_I0_O)        0.326    12.684 r  core/eu/vector_register_file_inst/regs[0][76]_i_8/O
                         net (fo=4, routed)           0.484    13.168    core/eu/vector_register_file_inst/regs[0][79]_i_30_n_0
    SLICE_X9Y9           LUT3 (Prop_lut3_I1_O)        0.124    13.292 r  core/eu/vector_register_file_inst/regs[0][64]_i_46/O
                         net (fo=1, routed)           0.000    13.292    core/eu/vector_register_file_inst/regs[0][64]_i_46_n_0
    SLICE_X9Y9           CARRY4 (Prop_carry4_S[0]_CO[3])
                                                      0.532    13.824 r  core/eu/vector_register_file_inst/regs_reg[0][64]_i_29/CO[3]
                         net (fo=1, routed)           0.000    13.824    core/eu/vector_register_file_inst/regs_reg[0][64]_i_29_n_0
    SLICE_X9Y10          CARRY4 (Prop_carry4_CI_CO[2])
                                                      0.228    14.052 r  core/eu/vector_register_file_inst/regs_reg[0][64]_i_19/CO[2]
                         net (fo=1, routed)           0.482    14.534    core/eu/vector_register_file_inst/regs_reg[0][64]_i_19_n_1
    SLICE_X12Y10         LUT4 (Prop_lut4_I0_O)        0.313    14.847 r  core/eu/vector_register_file_inst/regs[0][64]_i_9/O
                         net (fo=1, routed)           0.641    15.488    core/eu/vector_register_file_inst/regs[0][64]_i_9_n_0
    SLICE_X12Y10         LUT6 (Prop_lut6_I5_O)        0.124    15.612 r  core/eu/vector_register_file_inst/regs[0][64]_i_6/O
                         net (fo=1, routed)           0.000    15.612    core/eu/vector_register_file_inst/regs[0][64]_i_6_n_0
    SLICE_X12Y10         MUXF7 (Prop_muxf7_I1_O)      0.214    15.826 r  core/eu/vector_register_file_inst/regs_reg[0][64]_i_3/O
                         net (fo=1, routed)           0.452    16.278    core/pim/regs_reg[7][64]_0
    SLICE_X12Y10         LUT6 (Prop_lut6_I5_O)        0.297    16.575 r  core/pim/regs[0][64]_i_1/O
                         net (fo=8, routed)           0.735    17.310    core/eu/vector_register_file_inst/D[64]
    SLICE_X13Y7          FDRE                                         r  core/eu/vector_register_file_inst/regs_reg[2][64]/D
  -------------------------------------------------------------------    -------------------

                         (clock vector_prefetch_clk rise edge)
                                                     12.500    12.500 r  <hidden>
    W5                                                0.000    12.500 r  clk
                         net (fo=0)                   0.000    12.500    clk
    W5                   IBUF (Prop_ibuf_I_O)         1.388    13.888 r  clk_IBUF_inst/O
                         net (fo=1, routed)           1.862    15.750    clk_IBUF
    BUFGCTRL_X0Y0        BUFG (Prop_bufg_I_O)         0.091    15.841 r  clk_IBUF_BUFG_inst/O
                         net (fo=1186, routed)        1.449    17.290    core/eu/vector_register_file_inst/clk_IBUF_BUFG
    SLICE_X13Y7          FDRE                                         r  core/eu/vector_register_file_inst/regs_reg[2][64]/C
                         clock pessimism              0.260    17.550    <hidden>
                         clock uncertainty           -0.035    17.515    <hidden>
    SLICE_X13Y7          FDRE (Setup_fdre_C_D)       -0.067    17.448    core/eu/vector_register_file_inst/regs_reg[2][64]
  -------------------------------------------------------------------
                         required time                         17.448    <hidden>
                         arrival time                         -17.310    <hidden>
  -------------------------------------------------------------------
                         slack                                  0.138    <hidden>





Min Delay Paths
--------------------------------------------------------------------------------------
Slack (MET) :             0.261ns  (arrival time - required time)
  Source:                 core/prefetch_request_count_reg[27]/C
                            (rising edge-triggered cell FDRE clocked by vector_prefetch_clk  {rise@0.000ns fall@6.250ns period=12.500ns})
  Destination:            core/prefetch_request_count_reg[27]/D
                            (rising edge-triggered cell FDRE clocked by vector_prefetch_clk  {rise@0.000ns fall@6.250ns period=12.500ns})
  Path Group:             vector_prefetch_clk
  Path Type:              Hold (Min at Fast Process Corner)
  Requirement:            0.000ns  (vector_prefetch_clk rise@0.000ns - vector_prefetch_clk rise@0.000ns)
  Data Path Delay:        0.366ns  (logic 0.249ns (67.994%)  route 0.117ns (32.006%))
  Logic Levels:           1  (CARRY4=1)
  Clock Path Skew:        0.000ns (DCD - SCD - CPR)
    Destination Clock Delay (DCD):    1.980ns
    Source Clock Delay      (SCD):    1.468ns
    Clock Pessimism Removal (CPR):    0.512ns

    Location             Delay type                Incr(ns)  Path(ns)    Netlist Resource(s)
  -------------------------------------------------------------------    -------------------
                         (clock vector_prefetch_clk rise edge)
                                                      0.000     0.000 r  <hidden>
    W5                                                0.000     0.000 r  clk
                         net (fo=0)                   0.000     0.000    clk
    W5                   IBUF (Prop_ibuf_I_O)         0.226     0.226 r  clk_IBUF_inst/O
                         net (fo=1, routed)           0.631     0.858    clk_IBUF
    BUFGCTRL_X0Y0        BUFG (Prop_bufg_I_O)         0.026     0.884 r  clk_IBUF_BUFG_inst/O
                         net (fo=1186, routed)        0.585     1.468    core/clk_IBUF_BUFG
    SLICE_X3Y22          FDRE                                         r  core/prefetch_request_count_reg[27]/C
  -------------------------------------------------------------------    -------------------
    SLICE_X3Y22          FDRE (Prop_fdre_C_Q)         0.141     1.609 r  core/prefetch_request_count_reg[27]/Q
                         net (fo=2, routed)           0.117     1.726    core/prefetch_request_count[27]
    SLICE_X3Y22          CARRY4 (Prop_carry4_S[3]_O[3])
                                                      0.108     1.834 r  core/prefetch_request_count_reg[24]_i_1/O[3]
                         net (fo=1, routed)           0.000     1.834    core/prefetch_request_count_reg[24]_i_1_n_4
    SLICE_X3Y22          FDRE                                         r  core/prefetch_request_count_reg[27]/D
  -------------------------------------------------------------------    -------------------

                         (clock vector_prefetch_clk rise edge)
                                                      0.000     0.000 r  <hidden>
    W5                                                0.000     0.000 r  clk
                         net (fo=0)                   0.000     0.000    clk
    W5                   IBUF (Prop_ibuf_I_O)         0.414     0.414 r  clk_IBUF_inst/O
                         net (fo=1, routed)           0.685     1.099    clk_IBUF
    BUFGCTRL_X0Y0        BUFG (Prop_bufg_I_O)         0.029     1.128 r  clk_IBUF_BUFG_inst/O
                         net (fo=1186, routed)        0.853     1.980    core/clk_IBUF_BUFG
    SLICE_X3Y22          FDRE                                         r  core/prefetch_request_count_reg[27]/C
                         clock pessimism             -0.512     1.468    <hidden>
    SLICE_X3Y22          FDRE (Hold_fdre_C_D)         0.105     1.573    core/prefetch_request_count_reg[27]
  -------------------------------------------------------------------
                         required time                         -1.573    <hidden>
                         arrival time                           1.834    <hidden>
  -------------------------------------------------------------------
                         slack                                  0.261    <hidden>





Pulse Width Checks
--------------------------------------------------------------------------------------
Clock Name:         vector_prefetch_clk
Waveform(ns):       { 0.000 6.250 }
Period(ns):         12.500
Sources:            { clk }

Check Type        Corner  Lib Pin             Reference Pin  Required(ns)  Actual(ns)  Slack(ns)  Location     Pin
Min Period        n/a     RAMB36E1/CLKARDCLK  n/a            2.944         12.500      9.556      RAMB36_X0Y4  core/data_mem/memory_reg_0/CLKARDCLK
Low Pulse Width   Slow    RAMD32/CLK          n/a            1.250         6.250       5.000      SLICE_X8Y17  core/next_pim/memory_reg_0_15_0_5/RAMA/CLK
High Pulse Width  Slow    RAMD32/CLK          n/a            1.250         6.250       5.000      SLICE_X8Y17  core/next_pim/memory_reg_0_15_0_5/RAMA/CLK



