Copyright 1986-2022 Xilinx, Inc. All Rights Reserved. Copyright 2022-2026 Advanced Micro Devices, Inc. All Rights Reserved.
------------------------------------------------------------------------------------------------------------------------------------------------------------------------------
| Tool Version : Vivado v.2026.1 (win64) Build 6511674 Tue Jun 16 11:02:23 MDT 2026
| Date         : Mon Jul 13 11:38:22 2026
| Host         : DESKTOP-4GB7DVJ running 64-bit major release  (build 9200)
| Command      : report_timing -max_paths 10 -path_type full -file reports/phase13g_timing/perf_directive_8p900ns/timing/fpga_top_pipeline_targetbuf_reg_impl_worst_paths.rpt
| Design       : fpga_top_pipeline_targetbuf_reg
| Device       : 7a35t-cpg236
| Speed File   : -1  PRODUCTION 1.23 2018-06-13
| Design State : Physopt postRoute
------------------------------------------------------------------------------------------------------------------------------------------------------------------------------

Timing Report

Slack (MET) :             0.058ns  (required time - arrival time)
  Source:                 cpu_inst/mem_wb_reg_reg[rd][4]_replica/C
                            (rising edge-triggered cell FDRE clocked by sys_clk_pin  {rise@0.000ns fall@4.450ns period=8.900ns})
  Destination:            cpu_inst/targetbuf_lookup_instruction_reg[24]/R
                            (rising edge-triggered cell FDRE clocked by sys_clk_pin  {rise@0.000ns fall@4.450ns period=8.900ns})
  Path Group:             sys_clk_pin
  Path Type:              Setup (Max at Slow Process Corner)
  Requirement:            8.900ns  (sys_clk_pin rise@8.900ns - sys_clk_pin rise@0.000ns)
  Data Path Delay:        8.330ns  (logic 2.291ns (27.503%)  route 6.039ns (72.497%))
  Logic Levels:           9  (CARRY4=2 LUT4=1 LUT5=3 LUT6=3)
  Clock Path Skew:        -0.048ns (DCD - SCD + CPR)
    Destination Clock Delay (DCD):    5.006ns = ( 13.906 - 8.900 ) 
    Source Clock Delay      (SCD):    5.326ns
    Clock Pessimism Removal (CPR):    0.272ns
  Clock Uncertainty:      0.035ns  ((TSJ^2 + TIJ^2)^1/2 + DJ) / 2 + PE
    Total System Jitter     (TSJ):    0.071ns
    Total Input Jitter      (TIJ):    0.000ns
    Discrete Jitter          (DJ):    0.000ns
    Phase Error              (PE):    0.000ns

    Location             Delay type                Incr(ns)  Path(ns)    Netlist Resource(s)
  -------------------------------------------------------------------    -------------------
                         (clock sys_clk_pin rise edge)
                                                      0.000     0.000 r  <hidden>
                         propagated clock network latency
                                                      5.326     5.326    <hidden>
    SLICE_X13Y5          FDRE                         0.000     5.326 r  cpu_inst/mem_wb_reg_reg[rd][4]_replica/C
    SLICE_X13Y5          FDRE (Prop_fdre_C_Q)         0.456     5.782 f  cpu_inst/mem_wb_reg_reg[rd][4]_replica/Q
                         net (fo=4, routed)           0.823     6.606    cpu_inst/mem_wb_reg_reg[rd][4]_repN
    SLICE_X15Y5          LUT5 (Prop_lut5_I0_O)        0.124     6.730 r  cpu_inst/ex_mem_reg[store_data][31]_i_9_replica/O
                         net (fo=2, routed)           0.827     7.557    cpu_inst/ex_mem_reg[store_data][31]_i_9_n_0_repN
    SLICE_X12Y4          LUT6 (Prop_lut6_I0_O)        0.124     7.681 f  cpu_inst/ex_mem_reg[store_data][27]_i_3/O
                         net (fo=27, routed)          0.983     8.664    cpu_inst/ex_mem_reg[store_data][27]_i_3_n_0
    SLICE_X14Y8          LUT4 (Prop_lut4_I1_O)        0.124     8.788 f  cpu_inst/ex_mem_reg[store_data][15]_i_3/O
                         net (fo=1, routed)           0.602     9.390    cpu_inst/data_mem_inst/ex_mem_reg_reg[store_data][15]
    SLICE_X9Y10          LUT5 (Prop_lut5_I1_O)        0.124     9.514 r  cpu_inst/data_mem_inst/ex_mem_reg[store_data][15]_i_2/O
                         net (fo=6, routed)           0.846    10.360    cpu_inst/data_mem_inst/ex_store_data[15]
    SLICE_X9Y8           LUT6 (Prop_lut6_I2_O)        0.124    10.484 r  cpu_inst/data_mem_inst/led_OBUF[12]_inst_i_12/O
                         net (fo=1, routed)           0.000    10.484    cpu_inst/data_mem_inst/led_OBUF[12]_inst_i_12_n_0
    SLICE_X9Y8           CARRY4 (Prop_carry4_S[1]_CO[3])
                                                      0.550    11.034 r  cpu_inst/data_mem_inst/led_OBUF[12]_inst_i_4/CO[3]
                         net (fo=1, routed)           0.000    11.034    cpu_inst/data_mem_inst/led_OBUF[12]_inst_i_4_n_0
    SLICE_X9Y9           CARRY4 (Prop_carry4_CI_CO[2])
                                                      0.228    11.262 r  cpu_inst/data_mem_inst/led_OBUF[12]_inst_i_2/CO[2]
                         net (fo=42, routed)          0.803    12.064    cpu_inst/data_mem_inst/ex_branch_taken0
    SLICE_X9Y13          LUT6 (Prop_lut6_I3_O)        0.313    12.377 f  cpu_inst/data_mem_inst/targetbuf_lookup_instruction[31]_i_3/O
                         net (fo=4, routed)           0.439    12.816    cpu_inst/data_mem_inst/id_jump_redirect
    SLICE_X9Y15          LUT5 (Prop_lut5_I1_O)        0.124    12.940 r  cpu_inst/data_mem_inst/targetbuf_lookup_instruction[31]_i_1/O
                         net (fo=32, routed)          0.716    13.656    cpu_inst/data_mem_inst_n_107
    SLICE_X11Y18         FDRE                                         r  cpu_inst/targetbuf_lookup_instruction_reg[24]/R
  -------------------------------------------------------------------    -------------------

                         (clock sys_clk_pin rise edge)
                                                      8.900     8.900 r  <hidden>
                         propagated clock network latency
                                                      5.006    13.906    <hidden>
                         clock pessimism              0.272    14.178    <hidden>
                         clock uncertainty           -0.035    14.143    <hidden>
    SLICE_X11Y18         FDRE (Setup_fdre_C_R)       -0.429    13.714    cpu_inst/targetbuf_lookup_instruction_reg[24]
  -------------------------------------------------------------------
                         required time                         13.714    <hidden>
                         arrival time                         -13.656    <hidden>
  -------------------------------------------------------------------
                         slack                                  0.058    <hidden>

Slack (MET) :             0.058ns  (required time - arrival time)
  Source:                 cpu_inst/mem_wb_reg_reg[rd][4]_replica/C
                            (rising edge-triggered cell FDRE clocked by sys_clk_pin  {rise@0.000ns fall@4.450ns period=8.900ns})
  Destination:            cpu_inst/targetbuf_lookup_instruction_reg[2]/R
                            (rising edge-triggered cell FDRE clocked by sys_clk_pin  {rise@0.000ns fall@4.450ns period=8.900ns})
  Path Group:             sys_clk_pin
  Path Type:              Setup (Max at Slow Process Corner)
  Requirement:            8.900ns  (sys_clk_pin rise@8.900ns - sys_clk_pin rise@0.000ns)
  Data Path Delay:        8.330ns  (logic 2.291ns (27.503%)  route 6.039ns (72.497%))
  Logic Levels:           9  (CARRY4=2 LUT4=1 LUT5=3 LUT6=3)
  Clock Path Skew:        -0.048ns (DCD - SCD + CPR)
    Destination Clock Delay (DCD):    5.006ns = ( 13.906 - 8.900 ) 
    Source Clock Delay      (SCD):    5.326ns
    Clock Pessimism Removal (CPR):    0.272ns
  Clock Uncertainty:      0.035ns  ((TSJ^2 + TIJ^2)^1/2 + DJ) / 2 + PE
    Total System Jitter     (TSJ):    0.071ns
    Total Input Jitter      (TIJ):    0.000ns
    Discrete Jitter          (DJ):    0.000ns
    Phase Error              (PE):    0.000ns

    Location             Delay type                Incr(ns)  Path(ns)    Netlist Resource(s)
  -------------------------------------------------------------------    -------------------
                         (clock sys_clk_pin rise edge)
                                                      0.000     0.000 r  <hidden>
                         propagated clock network latency
                                                      5.326     5.326    <hidden>
    SLICE_X13Y5          FDRE                         0.000     5.326 r  cpu_inst/mem_wb_reg_reg[rd][4]_replica/C
    SLICE_X13Y5          FDRE (Prop_fdre_C_Q)         0.456     5.782 f  cpu_inst/mem_wb_reg_reg[rd][4]_replica/Q
                         net (fo=4, routed)           0.823     6.606    cpu_inst/mem_wb_reg_reg[rd][4]_repN
    SLICE_X15Y5          LUT5 (Prop_lut5_I0_O)        0.124     6.730 r  cpu_inst/ex_mem_reg[store_data][31]_i_9_replica/O
                         net (fo=2, routed)           0.827     7.557    cpu_inst/ex_mem_reg[store_data][31]_i_9_n_0_repN
    SLICE_X12Y4          LUT6 (Prop_lut6_I0_O)        0.124     7.681 f  cpu_inst/ex_mem_reg[store_data][27]_i_3/O
                         net (fo=27, routed)          0.983     8.664    cpu_inst/ex_mem_reg[store_data][27]_i_3_n_0
    SLICE_X14Y8          LUT4 (Prop_lut4_I1_O)        0.124     8.788 f  cpu_inst/ex_mem_reg[store_data][15]_i_3/O
                         net (fo=1, routed)           0.602     9.390    cpu_inst/data_mem_inst/ex_mem_reg_reg[store_data][15]
    SLICE_X9Y10          LUT5 (Prop_lut5_I1_O)        0.124     9.514 r  cpu_inst/data_mem_inst/ex_mem_reg[store_data][15]_i_2/O
                         net (fo=6, routed)           0.846    10.360    cpu_inst/data_mem_inst/ex_store_data[15]
    SLICE_X9Y8           LUT6 (Prop_lut6_I2_O)        0.124    10.484 r  cpu_inst/data_mem_inst/led_OBUF[12]_inst_i_12/O
                         net (fo=1, routed)           0.000    10.484    cpu_inst/data_mem_inst/led_OBUF[12]_inst_i_12_n_0
    SLICE_X9Y8           CARRY4 (Prop_carry4_S[1]_CO[3])
                                                      0.550    11.034 r  cpu_inst/data_mem_inst/led_OBUF[12]_inst_i_4/CO[3]
                         net (fo=1, routed)           0.000    11.034    cpu_inst/data_mem_inst/led_OBUF[12]_inst_i_4_n_0
    SLICE_X9Y9           CARRY4 (Prop_carry4_CI_CO[2])
                                                      0.228    11.262 r  cpu_inst/data_mem_inst/led_OBUF[12]_inst_i_2/CO[2]
                         net (fo=42, routed)          0.803    12.064    cpu_inst/data_mem_inst/ex_branch_taken0
    SLICE_X9Y13          LUT6 (Prop_lut6_I3_O)        0.313    12.377 f  cpu_inst/data_mem_inst/targetbuf_lookup_instruction[31]_i_3/O
                         net (fo=4, routed)           0.439    12.816    cpu_inst/data_mem_inst/id_jump_redirect
    SLICE_X9Y15          LUT5 (Prop_lut5_I1_O)        0.124    12.940 r  cpu_inst/data_mem_inst/targetbuf_lookup_instruction[31]_i_1/O
                         net (fo=32, routed)          0.716    13.656    cpu_inst/data_mem_inst_n_107
    SLICE_X11Y18         FDRE                                         r  cpu_inst/targetbuf_lookup_instruction_reg[2]/R
  -------------------------------------------------------------------    -------------------

                         (clock sys_clk_pin rise edge)
                                                      8.900     8.900 r  <hidden>
                         propagated clock network latency
                                                      5.006    13.906    <hidden>
                         clock pessimism              0.272    14.178    <hidden>
                         clock uncertainty           -0.035    14.143    <hidden>
    SLICE_X11Y18         FDRE (Setup_fdre_C_R)       -0.429    13.714    cpu_inst/targetbuf_lookup_instruction_reg[2]
  -------------------------------------------------------------------
                         required time                         13.714    <hidden>
                         arrival time                         -13.656    <hidden>
  -------------------------------------------------------------------
                         slack                                  0.058    <hidden>

Slack (MET) :             0.058ns  (required time - arrival time)
  Source:                 cpu_inst/mem_wb_reg_reg[rd][4]_replica/C
                            (rising edge-triggered cell FDRE clocked by sys_clk_pin  {rise@0.000ns fall@4.450ns period=8.900ns})
  Destination:            cpu_inst/targetbuf_lookup_instruction_reg[4]/R
                            (rising edge-triggered cell FDRE clocked by sys_clk_pin  {rise@0.000ns fall@4.450ns period=8.900ns})
  Path Group:             sys_clk_pin
  Path Type:              Setup (Max at Slow Process Corner)
  Requirement:            8.900ns  (sys_clk_pin rise@8.900ns - sys_clk_pin rise@0.000ns)
  Data Path Delay:        8.330ns  (logic 2.291ns (27.503%)  route 6.039ns (72.497%))
  Logic Levels:           9  (CARRY4=2 LUT4=1 LUT5=3 LUT6=3)
  Clock Path Skew:        -0.048ns (DCD - SCD + CPR)
    Destination Clock Delay (DCD):    5.006ns = ( 13.906 - 8.900 ) 
    Source Clock Delay      (SCD):    5.326ns
    Clock Pessimism Removal (CPR):    0.272ns
  Clock Uncertainty:      0.035ns  ((TSJ^2 + TIJ^2)^1/2 + DJ) / 2 + PE
    Total System Jitter     (TSJ):    0.071ns
    Total Input Jitter      (TIJ):    0.000ns
    Discrete Jitter          (DJ):    0.000ns
    Phase Error              (PE):    0.000ns

    Location             Delay type                Incr(ns)  Path(ns)    Netlist Resource(s)
  -------------------------------------------------------------------    -------------------
                         (clock sys_clk_pin rise edge)
                                                      0.000     0.000 r  <hidden>
                         propagated clock network latency
                                                      5.326     5.326    <hidden>
    SLICE_X13Y5          FDRE                         0.000     5.326 r  cpu_inst/mem_wb_reg_reg[rd][4]_replica/C
    SLICE_X13Y5          FDRE (Prop_fdre_C_Q)         0.456     5.782 f  cpu_inst/mem_wb_reg_reg[rd][4]_replica/Q
                         net (fo=4, routed)           0.823     6.606    cpu_inst/mem_wb_reg_reg[rd][4]_repN
    SLICE_X15Y5          LUT5 (Prop_lut5_I0_O)        0.124     6.730 r  cpu_inst/ex_mem_reg[store_data][31]_i_9_replica/O
                         net (fo=2, routed)           0.827     7.557    cpu_inst/ex_mem_reg[store_data][31]_i_9_n_0_repN
    SLICE_X12Y4          LUT6 (Prop_lut6_I0_O)        0.124     7.681 f  cpu_inst/ex_mem_reg[store_data][27]_i_3/O
                         net (fo=27, routed)          0.983     8.664    cpu_inst/ex_mem_reg[store_data][27]_i_3_n_0
    SLICE_X14Y8          LUT4 (Prop_lut4_I1_O)        0.124     8.788 f  cpu_inst/ex_mem_reg[store_data][15]_i_3/O
                         net (fo=1, routed)           0.602     9.390    cpu_inst/data_mem_inst/ex_mem_reg_reg[store_data][15]
    SLICE_X9Y10          LUT5 (Prop_lut5_I1_O)        0.124     9.514 r  cpu_inst/data_mem_inst/ex_mem_reg[store_data][15]_i_2/O
                         net (fo=6, routed)           0.846    10.360    cpu_inst/data_mem_inst/ex_store_data[15]
    SLICE_X9Y8           LUT6 (Prop_lut6_I2_O)        0.124    10.484 r  cpu_inst/data_mem_inst/led_OBUF[12]_inst_i_12/O
                         net (fo=1, routed)           0.000    10.484    cpu_inst/data_mem_inst/led_OBUF[12]_inst_i_12_n_0
    SLICE_X9Y8           CARRY4 (Prop_carry4_S[1]_CO[3])
                                                      0.550    11.034 r  cpu_inst/data_mem_inst/led_OBUF[12]_inst_i_4/CO[3]
                         net (fo=1, routed)           0.000    11.034    cpu_inst/data_mem_inst/led_OBUF[12]_inst_i_4_n_0
    SLICE_X9Y9           CARRY4 (Prop_carry4_CI_CO[2])
                                                      0.228    11.262 r  cpu_inst/data_mem_inst/led_OBUF[12]_inst_i_2/CO[2]
                         net (fo=42, routed)          0.803    12.064    cpu_inst/data_mem_inst/ex_branch_taken0
    SLICE_X9Y13          LUT6 (Prop_lut6_I3_O)        0.313    12.377 f  cpu_inst/data_mem_inst/targetbuf_lookup_instruction[31]_i_3/O
                         net (fo=4, routed)           0.439    12.816    cpu_inst/data_mem_inst/id_jump_redirect
    SLICE_X9Y15          LUT5 (Prop_lut5_I1_O)        0.124    12.940 r  cpu_inst/data_mem_inst/targetbuf_lookup_instruction[31]_i_1/O
                         net (fo=32, routed)          0.716    13.656    cpu_inst/data_mem_inst_n_107
    SLICE_X11Y18         FDRE                                         r  cpu_inst/targetbuf_lookup_instruction_reg[4]/R
  -------------------------------------------------------------------    -------------------

                         (clock sys_clk_pin rise edge)
                                                      8.900     8.900 r  <hidden>
                         propagated clock network latency
                                                      5.006    13.906    <hidden>
                         clock pessimism              0.272    14.178    <hidden>
                         clock uncertainty           -0.035    14.143    <hidden>
    SLICE_X11Y18         FDRE (Setup_fdre_C_R)       -0.429    13.714    cpu_inst/targetbuf_lookup_instruction_reg[4]
  -------------------------------------------------------------------
                         required time                         13.714    <hidden>
                         arrival time                         -13.656    <hidden>
  -------------------------------------------------------------------
                         slack                                  0.058    <hidden>

Slack (MET) :             0.058ns  (required time - arrival time)
  Source:                 cpu_inst/mem_wb_reg_reg[rd][4]_replica/C
                            (rising edge-triggered cell FDRE clocked by sys_clk_pin  {rise@0.000ns fall@4.450ns period=8.900ns})
  Destination:            cpu_inst/targetbuf_lookup_instruction_reg[5]/R
                            (rising edge-triggered cell FDRE clocked by sys_clk_pin  {rise@0.000ns fall@4.450ns period=8.900ns})
  Path Group:             sys_clk_pin
  Path Type:              Setup (Max at Slow Process Corner)
  Requirement:            8.900ns  (sys_clk_pin rise@8.900ns - sys_clk_pin rise@0.000ns)
  Data Path Delay:        8.330ns  (logic 2.291ns (27.503%)  route 6.039ns (72.497%))
  Logic Levels:           9  (CARRY4=2 LUT4=1 LUT5=3 LUT6=3)
  Clock Path Skew:        -0.048ns (DCD - SCD + CPR)
    Destination Clock Delay (DCD):    5.006ns = ( 13.906 - 8.900 ) 
    Source Clock Delay      (SCD):    5.326ns
    Clock Pessimism Removal (CPR):    0.272ns
  Clock Uncertainty:      0.035ns  ((TSJ^2 + TIJ^2)^1/2 + DJ) / 2 + PE
    Total System Jitter     (TSJ):    0.071ns
    Total Input Jitter      (TIJ):    0.000ns
    Discrete Jitter          (DJ):    0.000ns
    Phase Error              (PE):    0.000ns

    Location             Delay type                Incr(ns)  Path(ns)    Netlist Resource(s)
  -------------------------------------------------------------------    -------------------
                         (clock sys_clk_pin rise edge)
                                                      0.000     0.000 r  <hidden>
                         propagated clock network latency
                                                      5.326     5.326    <hidden>
    SLICE_X13Y5          FDRE                         0.000     5.326 r  cpu_inst/mem_wb_reg_reg[rd][4]_replica/C
    SLICE_X13Y5          FDRE (Prop_fdre_C_Q)         0.456     5.782 f  cpu_inst/mem_wb_reg_reg[rd][4]_replica/Q
                         net (fo=4, routed)           0.823     6.606    cpu_inst/mem_wb_reg_reg[rd][4]_repN
    SLICE_X15Y5          LUT5 (Prop_lut5_I0_O)        0.124     6.730 r  cpu_inst/ex_mem_reg[store_data][31]_i_9_replica/O
                         net (fo=2, routed)           0.827     7.557    cpu_inst/ex_mem_reg[store_data][31]_i_9_n_0_repN
    SLICE_X12Y4          LUT6 (Prop_lut6_I0_O)        0.124     7.681 f  cpu_inst/ex_mem_reg[store_data][27]_i_3/O
                         net (fo=27, routed)          0.983     8.664    cpu_inst/ex_mem_reg[store_data][27]_i_3_n_0
    SLICE_X14Y8          LUT4 (Prop_lut4_I1_O)        0.124     8.788 f  cpu_inst/ex_mem_reg[store_data][15]_i_3/O
                         net (fo=1, routed)           0.602     9.390    cpu_inst/data_mem_inst/ex_mem_reg_reg[store_data][15]
    SLICE_X9Y10          LUT5 (Prop_lut5_I1_O)        0.124     9.514 r  cpu_inst/data_mem_inst/ex_mem_reg[store_data][15]_i_2/O
                         net (fo=6, routed)           0.846    10.360    cpu_inst/data_mem_inst/ex_store_data[15]
    SLICE_X9Y8           LUT6 (Prop_lut6_I2_O)        0.124    10.484 r  cpu_inst/data_mem_inst/led_OBUF[12]_inst_i_12/O
                         net (fo=1, routed)           0.000    10.484    cpu_inst/data_mem_inst/led_OBUF[12]_inst_i_12_n_0
    SLICE_X9Y8           CARRY4 (Prop_carry4_S[1]_CO[3])
                                                      0.550    11.034 r  cpu_inst/data_mem_inst/led_OBUF[12]_inst_i_4/CO[3]
                         net (fo=1, routed)           0.000    11.034    cpu_inst/data_mem_inst/led_OBUF[12]_inst_i_4_n_0
    SLICE_X9Y9           CARRY4 (Prop_carry4_CI_CO[2])
                                                      0.228    11.262 r  cpu_inst/data_mem_inst/led_OBUF[12]_inst_i_2/CO[2]
                         net (fo=42, routed)          0.803    12.064    cpu_inst/data_mem_inst/ex_branch_taken0
    SLICE_X9Y13          LUT6 (Prop_lut6_I3_O)        0.313    12.377 f  cpu_inst/data_mem_inst/targetbuf_lookup_instruction[31]_i_3/O
                         net (fo=4, routed)           0.439    12.816    cpu_inst/data_mem_inst/id_jump_redirect
    SLICE_X9Y15          LUT5 (Prop_lut5_I1_O)        0.124    12.940 r  cpu_inst/data_mem_inst/targetbuf_lookup_instruction[31]_i_1/O
                         net (fo=32, routed)          0.716    13.656    cpu_inst/data_mem_inst_n_107
    SLICE_X11Y18         FDRE                                         r  cpu_inst/targetbuf_lookup_instruction_reg[5]/R
  -------------------------------------------------------------------    -------------------

                         (clock sys_clk_pin rise edge)
                                                      8.900     8.900 r  <hidden>
                         propagated clock network latency
                                                      5.006    13.906    <hidden>
                         clock pessimism              0.272    14.178    <hidden>
                         clock uncertainty           -0.035    14.143    <hidden>
    SLICE_X11Y18         FDRE (Setup_fdre_C_R)       -0.429    13.714    cpu_inst/targetbuf_lookup_instruction_reg[5]
  -------------------------------------------------------------------
                         required time                         13.714    <hidden>
                         arrival time                         -13.656    <hidden>
  -------------------------------------------------------------------
                         slack                                  0.058    <hidden>

Slack (MET) :             0.101ns  (required time - arrival time)
  Source:                 cpu_inst/mem_wb_reg_reg[rd][4]_replica/C
                            (rising edge-triggered cell FDRE clocked by sys_clk_pin  {rise@0.000ns fall@4.450ns period=8.900ns})
  Destination:            cpu_inst/targetbuf_lookup_instruction_reg[0]/R
                            (rising edge-triggered cell FDRE clocked by sys_clk_pin  {rise@0.000ns fall@4.450ns period=8.900ns})
  Path Group:             sys_clk_pin
  Path Type:              Setup (Max at Slow Process Corner)
  Requirement:            8.900ns  (sys_clk_pin rise@8.900ns - sys_clk_pin rise@0.000ns)
  Data Path Delay:        8.290ns  (logic 2.291ns (27.637%)  route 5.999ns (72.363%))
  Logic Levels:           9  (CARRY4=2 LUT4=1 LUT5=3 LUT6=3)
  Clock Path Skew:        -0.045ns (DCD - SCD + CPR)
    Destination Clock Delay (DCD):    5.009ns = ( 13.909 - 8.900 ) 
    Source Clock Delay      (SCD):    5.326ns
    Clock Pessimism Removal (CPR):    0.272ns
  Clock Uncertainty:      0.035ns  ((TSJ^2 + TIJ^2)^1/2 + DJ) / 2 + PE
    Total System Jitter     (TSJ):    0.071ns
    Total Input Jitter      (TIJ):    0.000ns
    Discrete Jitter          (DJ):    0.000ns
    Phase Error              (PE):    0.000ns

    Location             Delay type                Incr(ns)  Path(ns)    Netlist Resource(s)
  -------------------------------------------------------------------    -------------------
                         (clock sys_clk_pin rise edge)
                                                      0.000     0.000 r  <hidden>
                         propagated clock network latency
                                                      5.326     5.326    <hidden>
    SLICE_X13Y5          FDRE                         0.000     5.326 r  cpu_inst/mem_wb_reg_reg[rd][4]_replica/C
    SLICE_X13Y5          FDRE (Prop_fdre_C_Q)         0.456     5.782 f  cpu_inst/mem_wb_reg_reg[rd][4]_replica/Q
                         net (fo=4, routed)           0.823     6.606    cpu_inst/mem_wb_reg_reg[rd][4]_repN
    SLICE_X15Y5          LUT5 (Prop_lut5_I0_O)        0.124     6.730 r  cpu_inst/ex_mem_reg[store_data][31]_i_9_replica/O
                         net (fo=2, routed)           0.827     7.557    cpu_inst/ex_mem_reg[store_data][31]_i_9_n_0_repN
    SLICE_X12Y4          LUT6 (Prop_lut6_I0_O)        0.124     7.681 f  cpu_inst/ex_mem_reg[store_data][27]_i_3/O
                         net (fo=27, routed)          0.983     8.664    cpu_inst/ex_mem_reg[store_data][27]_i_3_n_0
    SLICE_X14Y8          LUT4 (Prop_lut4_I1_O)        0.124     8.788 f  cpu_inst/ex_mem_reg[store_data][15]_i_3/O
                         net (fo=1, routed)           0.602     9.390    cpu_inst/data_mem_inst/ex_mem_reg_reg[store_data][15]
    SLICE_X9Y10          LUT5 (Prop_lut5_I1_O)        0.124     9.514 r  cpu_inst/data_mem_inst/ex_mem_reg[store_data][15]_i_2/O
                         net (fo=6, routed)           0.846    10.360    cpu_inst/data_mem_inst/ex_store_data[15]
    SLICE_X9Y8           LUT6 (Prop_lut6_I2_O)        0.124    10.484 r  cpu_inst/data_mem_inst/led_OBUF[12]_inst_i_12/O
                         net (fo=1, routed)           0.000    10.484    cpu_inst/data_mem_inst/led_OBUF[12]_inst_i_12_n_0
    SLICE_X9Y8           CARRY4 (Prop_carry4_S[1]_CO[3])
                                                      0.550    11.034 r  cpu_inst/data_mem_inst/led_OBUF[12]_inst_i_4/CO[3]
                         net (fo=1, routed)           0.000    11.034    cpu_inst/data_mem_inst/led_OBUF[12]_inst_i_4_n_0
    SLICE_X9Y9           CARRY4 (Prop_carry4_CI_CO[2])
                                                      0.228    11.262 r  cpu_inst/data_mem_inst/led_OBUF[12]_inst_i_2/CO[2]
                         net (fo=42, routed)          0.803    12.064    cpu_inst/data_mem_inst/ex_branch_taken0
    SLICE_X9Y13          LUT6 (Prop_lut6_I3_O)        0.313    12.377 f  cpu_inst/data_mem_inst/targetbuf_lookup_instruction[31]_i_3/O
                         net (fo=4, routed)           0.439    12.816    cpu_inst/data_mem_inst/id_jump_redirect
    SLICE_X9Y15          LUT5 (Prop_lut5_I1_O)        0.124    12.940 r  cpu_inst/data_mem_inst/targetbuf_lookup_instruction[31]_i_1/O
                         net (fo=32, routed)          0.676    13.616    cpu_inst/data_mem_inst_n_107
    SLICE_X9Y15          FDRE                                         r  cpu_inst/targetbuf_lookup_instruction_reg[0]/R
  -------------------------------------------------------------------    -------------------

                         (clock sys_clk_pin rise edge)
                                                      8.900     8.900 r  <hidden>
                         propagated clock network latency
                                                      5.009    13.909    <hidden>
                         clock pessimism              0.272    14.181    <hidden>
                         clock uncertainty           -0.035    14.146    <hidden>
    SLICE_X9Y15          FDRE (Setup_fdre_C_R)       -0.429    13.717    cpu_inst/targetbuf_lookup_instruction_reg[0]
  -------------------------------------------------------------------
                         required time                         13.717    <hidden>
                         arrival time                         -13.616    <hidden>
  -------------------------------------------------------------------
                         slack                                  0.101    <hidden>

Slack (MET) :             0.101ns  (required time - arrival time)
  Source:                 cpu_inst/mem_wb_reg_reg[rd][4]_replica/C
                            (rising edge-triggered cell FDRE clocked by sys_clk_pin  {rise@0.000ns fall@4.450ns period=8.900ns})
  Destination:            cpu_inst/targetbuf_lookup_instruction_reg[11]/R
                            (rising edge-triggered cell FDRE clocked by sys_clk_pin  {rise@0.000ns fall@4.450ns period=8.900ns})
  Path Group:             sys_clk_pin
  Path Type:              Setup (Max at Slow Process Corner)
  Requirement:            8.900ns  (sys_clk_pin rise@8.900ns - sys_clk_pin rise@0.000ns)
  Data Path Delay:        8.290ns  (logic 2.291ns (27.637%)  route 5.999ns (72.363%))
  Logic Levels:           9  (CARRY4=2 LUT4=1 LUT5=3 LUT6=3)
  Clock Path Skew:        -0.045ns (DCD - SCD + CPR)
    Destination Clock Delay (DCD):    5.009ns = ( 13.909 - 8.900 ) 
    Source Clock Delay      (SCD):    5.326ns
    Clock Pessimism Removal (CPR):    0.272ns
  Clock Uncertainty:      0.035ns  ((TSJ^2 + TIJ^2)^1/2 + DJ) / 2 + PE
    Total System Jitter     (TSJ):    0.071ns
    Total Input Jitter      (TIJ):    0.000ns
    Discrete Jitter          (DJ):    0.000ns
    Phase Error              (PE):    0.000ns

    Location             Delay type                Incr(ns)  Path(ns)    Netlist Resource(s)
  -------------------------------------------------------------------    -------------------
                         (clock sys_clk_pin rise edge)
                                                      0.000     0.000 r  <hidden>
                         propagated clock network latency
                                                      5.326     5.326    <hidden>
    SLICE_X13Y5          FDRE                         0.000     5.326 r  cpu_inst/mem_wb_reg_reg[rd][4]_replica/C
    SLICE_X13Y5          FDRE (Prop_fdre_C_Q)         0.456     5.782 f  cpu_inst/mem_wb_reg_reg[rd][4]_replica/Q
                         net (fo=4, routed)           0.823     6.606    cpu_inst/mem_wb_reg_reg[rd][4]_repN
    SLICE_X15Y5          LUT5 (Prop_lut5_I0_O)        0.124     6.730 r  cpu_inst/ex_mem_reg[store_data][31]_i_9_replica/O
                         net (fo=2, routed)           0.827     7.557    cpu_inst/ex_mem_reg[store_data][31]_i_9_n_0_repN
    SLICE_X12Y4          LUT6 (Prop_lut6_I0_O)        0.124     7.681 f  cpu_inst/ex_mem_reg[store_data][27]_i_3/O
                         net (fo=27, routed)          0.983     8.664    cpu_inst/ex_mem_reg[store_data][27]_i_3_n_0
    SLICE_X14Y8          LUT4 (Prop_lut4_I1_O)        0.124     8.788 f  cpu_inst/ex_mem_reg[store_data][15]_i_3/O
                         net (fo=1, routed)           0.602     9.390    cpu_inst/data_mem_inst/ex_mem_reg_reg[store_data][15]
    SLICE_X9Y10          LUT5 (Prop_lut5_I1_O)        0.124     9.514 r  cpu_inst/data_mem_inst/ex_mem_reg[store_data][15]_i_2/O
                         net (fo=6, routed)           0.846    10.360    cpu_inst/data_mem_inst/ex_store_data[15]
    SLICE_X9Y8           LUT6 (Prop_lut6_I2_O)        0.124    10.484 r  cpu_inst/data_mem_inst/led_OBUF[12]_inst_i_12/O
                         net (fo=1, routed)           0.000    10.484    cpu_inst/data_mem_inst/led_OBUF[12]_inst_i_12_n_0
    SLICE_X9Y8           CARRY4 (Prop_carry4_S[1]_CO[3])
                                                      0.550    11.034 r  cpu_inst/data_mem_inst/led_OBUF[12]_inst_i_4/CO[3]
                         net (fo=1, routed)           0.000    11.034    cpu_inst/data_mem_inst/led_OBUF[12]_inst_i_4_n_0
    SLICE_X9Y9           CARRY4 (Prop_carry4_CI_CO[2])
                                                      0.228    11.262 r  cpu_inst/data_mem_inst/led_OBUF[12]_inst_i_2/CO[2]
                         net (fo=42, routed)          0.803    12.064    cpu_inst/data_mem_inst/ex_branch_taken0
    SLICE_X9Y13          LUT6 (Prop_lut6_I3_O)        0.313    12.377 f  cpu_inst/data_mem_inst/targetbuf_lookup_instruction[31]_i_3/O
                         net (fo=4, routed)           0.439    12.816    cpu_inst/data_mem_inst/id_jump_redirect
    SLICE_X9Y15          LUT5 (Prop_lut5_I1_O)        0.124    12.940 r  cpu_inst/data_mem_inst/targetbuf_lookup_instruction[31]_i_1/O
                         net (fo=32, routed)          0.676    13.616    cpu_inst/data_mem_inst_n_107
    SLICE_X9Y15          FDRE                                         r  cpu_inst/targetbuf_lookup_instruction_reg[11]/R
  -------------------------------------------------------------------    -------------------

                         (clock sys_clk_pin rise edge)
                                                      8.900     8.900 r  <hidden>
                         propagated clock network latency
                                                      5.009    13.909    <hidden>
                         clock pessimism              0.272    14.181    <hidden>
                         clock uncertainty           -0.035    14.146    <hidden>
    SLICE_X9Y15          FDRE (Setup_fdre_C_R)       -0.429    13.717    cpu_inst/targetbuf_lookup_instruction_reg[11]
  -------------------------------------------------------------------
                         required time                         13.717    <hidden>
                         arrival time                         -13.616    <hidden>
  -------------------------------------------------------------------
                         slack                                  0.101    <hidden>

Slack (MET) :             0.101ns  (required time - arrival time)
  Source:                 cpu_inst/mem_wb_reg_reg[rd][4]_replica/C
                            (rising edge-triggered cell FDRE clocked by sys_clk_pin  {rise@0.000ns fall@4.450ns period=8.900ns})
  Destination:            cpu_inst/targetbuf_lookup_instruction_reg[25]/R
                            (rising edge-triggered cell FDRE clocked by sys_clk_pin  {rise@0.000ns fall@4.450ns period=8.900ns})
  Path Group:             sys_clk_pin
  Path Type:              Setup (Max at Slow Process Corner)
  Requirement:            8.900ns  (sys_clk_pin rise@8.900ns - sys_clk_pin rise@0.000ns)
  Data Path Delay:        8.290ns  (logic 2.291ns (27.637%)  route 5.999ns (72.363%))
  Logic Levels:           9  (CARRY4=2 LUT4=1 LUT5=3 LUT6=3)
  Clock Path Skew:        -0.045ns (DCD - SCD + CPR)
    Destination Clock Delay (DCD):    5.009ns = ( 13.909 - 8.900 ) 
    Source Clock Delay      (SCD):    5.326ns
    Clock Pessimism Removal (CPR):    0.272ns
  Clock Uncertainty:      0.035ns  ((TSJ^2 + TIJ^2)^1/2 + DJ) / 2 + PE
    Total System Jitter     (TSJ):    0.071ns
    Total Input Jitter      (TIJ):    0.000ns
    Discrete Jitter          (DJ):    0.000ns
    Phase Error              (PE):    0.000ns

    Location             Delay type                Incr(ns)  Path(ns)    Netlist Resource(s)
  -------------------------------------------------------------------    -------------------
                         (clock sys_clk_pin rise edge)
                                                      0.000     0.000 r  <hidden>
                         propagated clock network latency
                                                      5.326     5.326    <hidden>
    SLICE_X13Y5          FDRE                         0.000     5.326 r  cpu_inst/mem_wb_reg_reg[rd][4]_replica/C
    SLICE_X13Y5          FDRE (Prop_fdre_C_Q)         0.456     5.782 f  cpu_inst/mem_wb_reg_reg[rd][4]_replica/Q
                         net (fo=4, routed)           0.823     6.606    cpu_inst/mem_wb_reg_reg[rd][4]_repN
    SLICE_X15Y5          LUT5 (Prop_lut5_I0_O)        0.124     6.730 r  cpu_inst/ex_mem_reg[store_data][31]_i_9_replica/O
                         net (fo=2, routed)           0.827     7.557    cpu_inst/ex_mem_reg[store_data][31]_i_9_n_0_repN
    SLICE_X12Y4          LUT6 (Prop_lut6_I0_O)        0.124     7.681 f  cpu_inst/ex_mem_reg[store_data][27]_i_3/O
                         net (fo=27, routed)          0.983     8.664    cpu_inst/ex_mem_reg[store_data][27]_i_3_n_0
    SLICE_X14Y8          LUT4 (Prop_lut4_I1_O)        0.124     8.788 f  cpu_inst/ex_mem_reg[store_data][15]_i_3/O
                         net (fo=1, routed)           0.602     9.390    cpu_inst/data_mem_inst/ex_mem_reg_reg[store_data][15]
    SLICE_X9Y10          LUT5 (Prop_lut5_I1_O)        0.124     9.514 r  cpu_inst/data_mem_inst/ex_mem_reg[store_data][15]_i_2/O
                         net (fo=6, routed)           0.846    10.360    cpu_inst/data_mem_inst/ex_store_data[15]
    SLICE_X9Y8           LUT6 (Prop_lut6_I2_O)        0.124    10.484 r  cpu_inst/data_mem_inst/led_OBUF[12]_inst_i_12/O
                         net (fo=1, routed)           0.000    10.484    cpu_inst/data_mem_inst/led_OBUF[12]_inst_i_12_n_0
    SLICE_X9Y8           CARRY4 (Prop_carry4_S[1]_CO[3])
                                                      0.550    11.034 r  cpu_inst/data_mem_inst/led_OBUF[12]_inst_i_4/CO[3]
                         net (fo=1, routed)           0.000    11.034    cpu_inst/data_mem_inst/led_OBUF[12]_inst_i_4_n_0
    SLICE_X9Y9           CARRY4 (Prop_carry4_CI_CO[2])
                                                      0.228    11.262 r  cpu_inst/data_mem_inst/led_OBUF[12]_inst_i_2/CO[2]
                         net (fo=42, routed)          0.803    12.064    cpu_inst/data_mem_inst/ex_branch_taken0
    SLICE_X9Y13          LUT6 (Prop_lut6_I3_O)        0.313    12.377 f  cpu_inst/data_mem_inst/targetbuf_lookup_instruction[31]_i_3/O
                         net (fo=4, routed)           0.439    12.816    cpu_inst/data_mem_inst/id_jump_redirect
    SLICE_X9Y15          LUT5 (Prop_lut5_I1_O)        0.124    12.940 r  cpu_inst/data_mem_inst/targetbuf_lookup_instruction[31]_i_1/O
                         net (fo=32, routed)          0.676    13.616    cpu_inst/data_mem_inst_n_107
    SLICE_X9Y15          FDRE                                         r  cpu_inst/targetbuf_lookup_instruction_reg[25]/R
  -------------------------------------------------------------------    -------------------

                         (clock sys_clk_pin rise edge)
                                                      8.900     8.900 r  <hidden>
                         propagated clock network latency
                                                      5.009    13.909    <hidden>
                         clock pessimism              0.272    14.181    <hidden>
                         clock uncertainty           -0.035    14.146    <hidden>
    SLICE_X9Y15          FDRE (Setup_fdre_C_R)       -0.429    13.717    cpu_inst/targetbuf_lookup_instruction_reg[25]
  -------------------------------------------------------------------
                         required time                         13.717    <hidden>
                         arrival time                         -13.616    <hidden>
  -------------------------------------------------------------------
                         slack                                  0.101    <hidden>

Slack (MET) :             0.101ns  (required time - arrival time)
  Source:                 cpu_inst/mem_wb_reg_reg[rd][4]_replica/C
                            (rising edge-triggered cell FDRE clocked by sys_clk_pin  {rise@0.000ns fall@4.450ns period=8.900ns})
  Destination:            cpu_inst/targetbuf_lookup_instruction_reg[27]/R
                            (rising edge-triggered cell FDRE clocked by sys_clk_pin  {rise@0.000ns fall@4.450ns period=8.900ns})
  Path Group:             sys_clk_pin
  Path Type:              Setup (Max at Slow Process Corner)
  Requirement:            8.900ns  (sys_clk_pin rise@8.900ns - sys_clk_pin rise@0.000ns)
  Data Path Delay:        8.290ns  (logic 2.291ns (27.637%)  route 5.999ns (72.363%))
  Logic Levels:           9  (CARRY4=2 LUT4=1 LUT5=3 LUT6=3)
  Clock Path Skew:        -0.045ns (DCD - SCD + CPR)
    Destination Clock Delay (DCD):    5.009ns = ( 13.909 - 8.900 ) 
    Source Clock Delay      (SCD):    5.326ns
    Clock Pessimism Removal (CPR):    0.272ns
  Clock Uncertainty:      0.035ns  ((TSJ^2 + TIJ^2)^1/2 + DJ) / 2 + PE
    Total System Jitter     (TSJ):    0.071ns
    Total Input Jitter      (TIJ):    0.000ns
    Discrete Jitter          (DJ):    0.000ns
    Phase Error              (PE):    0.000ns

    Location             Delay type                Incr(ns)  Path(ns)    Netlist Resource(s)
  -------------------------------------------------------------------    -------------------
                         (clock sys_clk_pin rise edge)
                                                      0.000     0.000 r  <hidden>
                         propagated clock network latency
                                                      5.326     5.326    <hidden>
    SLICE_X13Y5          FDRE                         0.000     5.326 r  cpu_inst/mem_wb_reg_reg[rd][4]_replica/C
    SLICE_X13Y5          FDRE (Prop_fdre_C_Q)         0.456     5.782 f  cpu_inst/mem_wb_reg_reg[rd][4]_replica/Q
                         net (fo=4, routed)           0.823     6.606    cpu_inst/mem_wb_reg_reg[rd][4]_repN
    SLICE_X15Y5          LUT5 (Prop_lut5_I0_O)        0.124     6.730 r  cpu_inst/ex_mem_reg[store_data][31]_i_9_replica/O
                         net (fo=2, routed)           0.827     7.557    cpu_inst/ex_mem_reg[store_data][31]_i_9_n_0_repN
    SLICE_X12Y4          LUT6 (Prop_lut6_I0_O)        0.124     7.681 f  cpu_inst/ex_mem_reg[store_data][27]_i_3/O
                         net (fo=27, routed)          0.983     8.664    cpu_inst/ex_mem_reg[store_data][27]_i_3_n_0
    SLICE_X14Y8          LUT4 (Prop_lut4_I1_O)        0.124     8.788 f  cpu_inst/ex_mem_reg[store_data][15]_i_3/O
                         net (fo=1, routed)           0.602     9.390    cpu_inst/data_mem_inst/ex_mem_reg_reg[store_data][15]
    SLICE_X9Y10          LUT5 (Prop_lut5_I1_O)        0.124     9.514 r  cpu_inst/data_mem_inst/ex_mem_reg[store_data][15]_i_2/O
                         net (fo=6, routed)           0.846    10.360    cpu_inst/data_mem_inst/ex_store_data[15]
    SLICE_X9Y8           LUT6 (Prop_lut6_I2_O)        0.124    10.484 r  cpu_inst/data_mem_inst/led_OBUF[12]_inst_i_12/O
                         net (fo=1, routed)           0.000    10.484    cpu_inst/data_mem_inst/led_OBUF[12]_inst_i_12_n_0
    SLICE_X9Y8           CARRY4 (Prop_carry4_S[1]_CO[3])
                                                      0.550    11.034 r  cpu_inst/data_mem_inst/led_OBUF[12]_inst_i_4/CO[3]
                         net (fo=1, routed)           0.000    11.034    cpu_inst/data_mem_inst/led_OBUF[12]_inst_i_4_n_0
    SLICE_X9Y9           CARRY4 (Prop_carry4_CI_CO[2])
                                                      0.228    11.262 r  cpu_inst/data_mem_inst/led_OBUF[12]_inst_i_2/CO[2]
                         net (fo=42, routed)          0.803    12.064    cpu_inst/data_mem_inst/ex_branch_taken0
    SLICE_X9Y13          LUT6 (Prop_lut6_I3_O)        0.313    12.377 f  cpu_inst/data_mem_inst/targetbuf_lookup_instruction[31]_i_3/O
                         net (fo=4, routed)           0.439    12.816    cpu_inst/data_mem_inst/id_jump_redirect
    SLICE_X9Y15          LUT5 (Prop_lut5_I1_O)        0.124    12.940 r  cpu_inst/data_mem_inst/targetbuf_lookup_instruction[31]_i_1/O
                         net (fo=32, routed)          0.676    13.616    cpu_inst/data_mem_inst_n_107
    SLICE_X9Y15          FDRE                                         r  cpu_inst/targetbuf_lookup_instruction_reg[27]/R
  -------------------------------------------------------------------    -------------------

                         (clock sys_clk_pin rise edge)
                                                      8.900     8.900 r  <hidden>
                         propagated clock network latency
                                                      5.009    13.909    <hidden>
                         clock pessimism              0.272    14.181    <hidden>
                         clock uncertainty           -0.035    14.146    <hidden>
    SLICE_X9Y15          FDRE (Setup_fdre_C_R)       -0.429    13.717    cpu_inst/targetbuf_lookup_instruction_reg[27]
  -------------------------------------------------------------------
                         required time                         13.717    <hidden>
                         arrival time                         -13.616    <hidden>
  -------------------------------------------------------------------
                         slack                                  0.101    <hidden>

Slack (MET) :             0.101ns  (required time - arrival time)
  Source:                 cpu_inst/mem_wb_reg_reg[rd][4]_replica/C
                            (rising edge-triggered cell FDRE clocked by sys_clk_pin  {rise@0.000ns fall@4.450ns period=8.900ns})
  Destination:            cpu_inst/targetbuf_lookup_instruction_reg[3]/R
                            (rising edge-triggered cell FDRE clocked by sys_clk_pin  {rise@0.000ns fall@4.450ns period=8.900ns})
  Path Group:             sys_clk_pin
  Path Type:              Setup (Max at Slow Process Corner)
  Requirement:            8.900ns  (sys_clk_pin rise@8.900ns - sys_clk_pin rise@0.000ns)
  Data Path Delay:        8.290ns  (logic 2.291ns (27.637%)  route 5.999ns (72.363%))
  Logic Levels:           9  (CARRY4=2 LUT4=1 LUT5=3 LUT6=3)
  Clock Path Skew:        -0.045ns (DCD - SCD + CPR)
    Destination Clock Delay (DCD):    5.009ns = ( 13.909 - 8.900 ) 
    Source Clock Delay      (SCD):    5.326ns
    Clock Pessimism Removal (CPR):    0.272ns
  Clock Uncertainty:      0.035ns  ((TSJ^2 + TIJ^2)^1/2 + DJ) / 2 + PE
    Total System Jitter     (TSJ):    0.071ns
    Total Input Jitter      (TIJ):    0.000ns
    Discrete Jitter          (DJ):    0.000ns
    Phase Error              (PE):    0.000ns

    Location             Delay type                Incr(ns)  Path(ns)    Netlist Resource(s)
  -------------------------------------------------------------------    -------------------
                         (clock sys_clk_pin rise edge)
                                                      0.000     0.000 r  <hidden>
                         propagated clock network latency
                                                      5.326     5.326    <hidden>
    SLICE_X13Y5          FDRE                         0.000     5.326 r  cpu_inst/mem_wb_reg_reg[rd][4]_replica/C
    SLICE_X13Y5          FDRE (Prop_fdre_C_Q)         0.456     5.782 f  cpu_inst/mem_wb_reg_reg[rd][4]_replica/Q
                         net (fo=4, routed)           0.823     6.606    cpu_inst/mem_wb_reg_reg[rd][4]_repN
    SLICE_X15Y5          LUT5 (Prop_lut5_I0_O)        0.124     6.730 r  cpu_inst/ex_mem_reg[store_data][31]_i_9_replica/O
                         net (fo=2, routed)           0.827     7.557    cpu_inst/ex_mem_reg[store_data][31]_i_9_n_0_repN
    SLICE_X12Y4          LUT6 (Prop_lut6_I0_O)        0.124     7.681 f  cpu_inst/ex_mem_reg[store_data][27]_i_3/O
                         net (fo=27, routed)          0.983     8.664    cpu_inst/ex_mem_reg[store_data][27]_i_3_n_0
    SLICE_X14Y8          LUT4 (Prop_lut4_I1_O)        0.124     8.788 f  cpu_inst/ex_mem_reg[store_data][15]_i_3/O
                         net (fo=1, routed)           0.602     9.390    cpu_inst/data_mem_inst/ex_mem_reg_reg[store_data][15]
    SLICE_X9Y10          LUT5 (Prop_lut5_I1_O)        0.124     9.514 r  cpu_inst/data_mem_inst/ex_mem_reg[store_data][15]_i_2/O
                         net (fo=6, routed)           0.846    10.360    cpu_inst/data_mem_inst/ex_store_data[15]
    SLICE_X9Y8           LUT6 (Prop_lut6_I2_O)        0.124    10.484 r  cpu_inst/data_mem_inst/led_OBUF[12]_inst_i_12/O
                         net (fo=1, routed)           0.000    10.484    cpu_inst/data_mem_inst/led_OBUF[12]_inst_i_12_n_0
    SLICE_X9Y8           CARRY4 (Prop_carry4_S[1]_CO[3])
                                                      0.550    11.034 r  cpu_inst/data_mem_inst/led_OBUF[12]_inst_i_4/CO[3]
                         net (fo=1, routed)           0.000    11.034    cpu_inst/data_mem_inst/led_OBUF[12]_inst_i_4_n_0
    SLICE_X9Y9           CARRY4 (Prop_carry4_CI_CO[2])
                                                      0.228    11.262 r  cpu_inst/data_mem_inst/led_OBUF[12]_inst_i_2/CO[2]
                         net (fo=42, routed)          0.803    12.064    cpu_inst/data_mem_inst/ex_branch_taken0
    SLICE_X9Y13          LUT6 (Prop_lut6_I3_O)        0.313    12.377 f  cpu_inst/data_mem_inst/targetbuf_lookup_instruction[31]_i_3/O
                         net (fo=4, routed)           0.439    12.816    cpu_inst/data_mem_inst/id_jump_redirect
    SLICE_X9Y15          LUT5 (Prop_lut5_I1_O)        0.124    12.940 r  cpu_inst/data_mem_inst/targetbuf_lookup_instruction[31]_i_1/O
                         net (fo=32, routed)          0.676    13.616    cpu_inst/data_mem_inst_n_107
    SLICE_X9Y15          FDRE                                         r  cpu_inst/targetbuf_lookup_instruction_reg[3]/R
  -------------------------------------------------------------------    -------------------

                         (clock sys_clk_pin rise edge)
                                                      8.900     8.900 r  <hidden>
                         propagated clock network latency
                                                      5.009    13.909    <hidden>
                         clock pessimism              0.272    14.181    <hidden>
                         clock uncertainty           -0.035    14.146    <hidden>
    SLICE_X9Y15          FDRE (Setup_fdre_C_R)       -0.429    13.717    cpu_inst/targetbuf_lookup_instruction_reg[3]
  -------------------------------------------------------------------
                         required time                         13.717    <hidden>
                         arrival time                         -13.616    <hidden>
  -------------------------------------------------------------------
                         slack                                  0.101    <hidden>

Slack (MET) :             0.105ns  (required time - arrival time)
  Source:                 cpu_inst/mem_wb_reg_reg[rd][4]_replica/C
                            (rising edge-triggered cell FDRE clocked by sys_clk_pin  {rise@0.000ns fall@4.450ns period=8.900ns})
  Destination:            cpu_inst/id_ex_reg_reg[operand_a][9]/R
                            (rising edge-triggered cell FDRE clocked by sys_clk_pin  {rise@0.000ns fall@4.450ns period=8.900ns})
  Path Group:             sys_clk_pin
  Path Type:              Setup (Max at Slow Process Corner)
  Requirement:            8.900ns  (sys_clk_pin rise@8.900ns - sys_clk_pin rise@0.000ns)
  Data Path Delay:        8.190ns  (logic 2.291ns (27.973%)  route 5.899ns (72.027%))
  Logic Levels:           9  (CARRY4=2 LUT4=1 LUT5=4 LUT6=2)
  Clock Path Skew:        -0.046ns (DCD - SCD + CPR)
    Destination Clock Delay (DCD):    5.008ns = ( 13.908 - 8.900 ) 
    Source Clock Delay      (SCD):    5.326ns
    Clock Pessimism Removal (CPR):    0.272ns
  Clock Uncertainty:      0.035ns  ((TSJ^2 + TIJ^2)^1/2 + DJ) / 2 + PE
    Total System Jitter     (TSJ):    0.071ns
    Total Input Jitter      (TIJ):    0.000ns
    Discrete Jitter          (DJ):    0.000ns
    Phase Error              (PE):    0.000ns

    Location             Delay type                Incr(ns)  Path(ns)    Netlist Resource(s)
  -------------------------------------------------------------------    -------------------
                         (clock sys_clk_pin rise edge)
                                                      0.000     0.000 r  <hidden>
                         propagated clock network latency
                                                      5.326     5.326    <hidden>
    SLICE_X13Y5          FDRE                         0.000     5.326 r  cpu_inst/mem_wb_reg_reg[rd][4]_replica/C
    SLICE_X13Y5          FDRE (Prop_fdre_C_Q)         0.456     5.782 f  cpu_inst/mem_wb_reg_reg[rd][4]_replica/Q
                         net (fo=4, routed)           0.823     6.606    cpu_inst/mem_wb_reg_reg[rd][4]_repN
    SLICE_X15Y5          LUT5 (Prop_lut5_I0_O)        0.124     6.730 r  cpu_inst/ex_mem_reg[store_data][31]_i_9_replica/O
                         net (fo=2, routed)           0.827     7.557    cpu_inst/ex_mem_reg[store_data][31]_i_9_n_0_repN
    SLICE_X12Y4          LUT6 (Prop_lut6_I0_O)        0.124     7.681 f  cpu_inst/ex_mem_reg[store_data][27]_i_3/O
                         net (fo=27, routed)          0.983     8.664    cpu_inst/ex_mem_reg[store_data][27]_i_3_n_0
    SLICE_X14Y8          LUT4 (Prop_lut4_I1_O)        0.124     8.788 f  cpu_inst/ex_mem_reg[store_data][15]_i_3/O
                         net (fo=1, routed)           0.602     9.390    cpu_inst/data_mem_inst/ex_mem_reg_reg[store_data][15]
    SLICE_X9Y10          LUT5 (Prop_lut5_I1_O)        0.124     9.514 r  cpu_inst/data_mem_inst/ex_mem_reg[store_data][15]_i_2/O
                         net (fo=6, routed)           0.846    10.360    cpu_inst/data_mem_inst/ex_store_data[15]
    SLICE_X9Y8           LUT6 (Prop_lut6_I2_O)        0.124    10.484 r  cpu_inst/data_mem_inst/led_OBUF[12]_inst_i_12/O
                         net (fo=1, routed)           0.000    10.484    cpu_inst/data_mem_inst/led_OBUF[12]_inst_i_12_n_0
    SLICE_X9Y8           CARRY4 (Prop_carry4_S[1]_CO[3])
                                                      0.550    11.034 r  cpu_inst/data_mem_inst/led_OBUF[12]_inst_i_4/CO[3]
                         net (fo=1, routed)           0.000    11.034    cpu_inst/data_mem_inst/led_OBUF[12]_inst_i_4_n_0
    SLICE_X9Y9           CARRY4 (Prop_carry4_CI_CO[2])
                                                      0.228    11.262 f  cpu_inst/data_mem_inst/led_OBUF[12]_inst_i_2/CO[2]
                         net (fo=42, routed)          0.651    11.912    cpu_inst/data_mem_inst/ex_branch_taken0
    SLICE_X9Y11          LUT5 (Prop_lut5_I2_O)        0.313    12.225 f  cpu_inst/data_mem_inst/id_ex_reg[imm_ext][12]_i_2/O
                         net (fo=8, routed)           0.648    12.873    cpu_inst/data_mem_inst/id_ex_reg[imm_ext][12]_i_2_n_0
    SLICE_X10Y15         LUT5 (Prop_lut5_I2_O)        0.124    12.997 r  cpu_inst/data_mem_inst/id_ex_reg[operand_a][31]_i_1/O
                         net (fo=32, routed)          0.519    13.516    cpu_inst/data_mem_inst_n_144
    SLICE_X10Y17         FDRE                                         r  cpu_inst/id_ex_reg_reg[operand_a][9]/R
  -------------------------------------------------------------------    -------------------

                         (clock sys_clk_pin rise edge)
                                                      8.900     8.900 r  <hidden>
                         propagated clock network latency
                                                      5.008    13.908    <hidden>
                         clock pessimism              0.272    14.180    <hidden>
                         clock uncertainty           -0.035    14.145    <hidden>
    SLICE_X10Y17         FDRE (Setup_fdre_C_R)       -0.524    13.621    cpu_inst/id_ex_reg_reg[operand_a][9]
  -------------------------------------------------------------------
                         required time                         13.621    <hidden>
                         arrival time                         -13.516    <hidden>
  -------------------------------------------------------------------
                         slack                                  0.105    <hidden>




