Copyright 1986-2022 Xilinx, Inc. All Rights Reserved. Copyright 2022-2026 Advanced Micro Devices, Inc. All Rights Reserved.
-----------------------------------------------------------------------------------------------------------------------------------------------------------
| Tool Version : Vivado v.2026.1 (win64) Build 6511674 Tue Jun 16 11:02:23 MDT 2026
| Date         : Mon Jul 13 11:38:22 2026
| Host         : DESKTOP-4GB7DVJ running 64-bit major release  (build 9200)
| Command      : report_timing_summary -file reports/phase13g_timing/perf_directive_8p900ns/timing/fpga_top_pipeline_targetbuf_reg_impl_timing_summary.rpt
| Design       : fpga_top_pipeline_targetbuf_reg
| Device       : 7a35t-cpg236
| Speed File   : -1  PRODUCTION 1.23 2018-06-13
| Design State : Physopt postRoute
-----------------------------------------------------------------------------------------------------------------------------------------------------------

Timing Summary Report

------------------------------------------------------------------------------------------------
| Timer Settings
| --------------
------------------------------------------------------------------------------------------------

  Enable Multi Corner Analysis               :  Yes
  Enable Pessimism Removal                   :  Yes
  Pessimism Removal Resolution               :  Nearest Common Node
  Enable Input Delay Default Clock           :  No
  Enable Preset / Clear Arcs                 :  No
  Disable Flight Delays                      :  No
  Ignore I/O Paths                           :  No
  Timing Early Launch at Borrowing Latches   :  No
  Borrow Time for Max Delay Exceptions       :  Yes
  Merge Timing Exceptions                    :  Yes
  Inter-SLR Compensation                     :  Conservative

  Corner  Analyze    Analyze    
  Name    Max Paths  Min Paths  
  ------  ---------  ---------  
  Slow    Yes        Yes        
  Fast    Yes        Yes        


------------------------------------------------------------------------------------------------
| Report Methodology
| ------------------
------------------------------------------------------------------------------------------------

No report available as report_methodology has not been run prior. Run report_methodology on the current design for the summary of methodology violations.



check_timing report

Table of Contents
-----------------
1. checking no_clock (0)
2. checking constant_clock (0)
3. checking pulse_width_clock (0)
4. checking unconstrained_internal_endpoints (0)
5. checking no_input_delay (2)
6. checking no_output_delay (16)
7. checking multiple_clock (0)
8. checking generated_clocks (0)
9. checking loops (0)
10. checking partial_input_delay (0)
11. checking partial_output_delay (0)
12. checking latch_loops (0)

1. checking no_clock (0)
------------------------
 There are 0 register/latch pins with no clock.


2. checking constant_clock (0)
------------------------------
 There are 0 register/latch pins with constant_clock.


3. checking pulse_width_clock (0)
---------------------------------
 There are 0 register/latch pins which need pulse_width check


4. checking unconstrained_internal_endpoints (0)
------------------------------------------------
 There are 0 pins that are not constrained for maximum delay.

 There are 0 pins that are not constrained for maximum delay due to constant clock.


5. checking no_input_delay (2)
------------------------------
 There are 2 input ports with no input delay specified. (HIGH)

 There are 0 input ports with no input delay but user has a false path constraint.


6. checking no_output_delay (16)
--------------------------------
 There are 16 ports with no output delay specified. (HIGH)

 There are 0 ports with no output delay but user has a false path constraint

 There are 0 ports with no output delay but with a timing clock defined on it or propagating through it


7. checking multiple_clock (0)
------------------------------
 There are 0 register/latch pins with multiple clocks.


8. checking generated_clocks (0)
--------------------------------
 There are 0 generated clocks that are not connected to a clock source.


9. checking loops (0)
---------------------
 There are 0 combinational loops in the design.


10. checking partial_input_delay (0)
------------------------------------
 There are 0 input ports with partial input delay specified.


11. checking partial_output_delay (0)
-------------------------------------
 There are 0 ports with partial output delay specified.


12. checking latch_loops (0)
----------------------------
 There are 0 combinational latch loops in the design through latch input



------------------------------------------------------------------------------------------------
| Design Timing Summary
| ---------------------
------------------------------------------------------------------------------------------------

    WNS(ns)      TNS(ns)  TNS Failing Endpoints  TNS Total Endpoints      WHS(ns)      THS(ns)  THS Failing Endpoints  THS Total Endpoints     WPWS(ns)     TPWS(ns)  TPWS Failing Endpoints  TPWS Total Endpoints  
    -------      -------  ---------------------  -------------------      -------      -------  ---------------------  -------------------     --------     --------  ----------------------  --------------------  
      0.058        0.000                      0                 3264        0.041        0.000                      0                 3264        3.950        0.000                       0                  1621  


All user specified timing constraints are met.


------------------------------------------------------------------------------------------------
| Clock Summary
| -------------
------------------------------------------------------------------------------------------------

Clock        Waveform(ns)         Period(ns)      Frequency(MHz)
-----        ------------         ----------      --------------
sys_clk_pin  {0.000 4.450}        8.900           112.360         


------------------------------------------------------------------------------------------------
| Intra Clock Table
| -----------------
------------------------------------------------------------------------------------------------

Clock             WNS(ns)      TNS(ns)  TNS Failing Endpoints  TNS Total Endpoints      WHS(ns)      THS(ns)  THS Failing Endpoints  THS Total Endpoints     WPWS(ns)     TPWS(ns)  TPWS Failing Endpoints  TPWS Total Endpoints  
-----             -------      -------  ---------------------  -------------------      -------      -------  ---------------------  -------------------     --------     --------  ----------------------  --------------------  
sys_clk_pin         0.058        0.000                      0                 3264        0.041        0.000                      0                 3264        3.950        0.000                       0                  1621  


------------------------------------------------------------------------------------------------
| Inter Clock Table
| -----------------
------------------------------------------------------------------------------------------------

From Clock    To Clock          WNS(ns)      TNS(ns)  TNS Failing Endpoints  TNS Total Endpoints      WHS(ns)      THS(ns)  THS Failing Endpoints  THS Total Endpoints  
----------    --------          -------      -------  ---------------------  -------------------      -------      -------  ---------------------  -------------------  


------------------------------------------------------------------------------------------------
| Other Path Groups Table
| -----------------------
------------------------------------------------------------------------------------------------

Path Group    From Clock    To Clock          WNS(ns)      TNS(ns)  TNS Failing Endpoints  TNS Total Endpoints      WHS(ns)      THS(ns)  THS Failing Endpoints  THS Total Endpoints  
----------    ----------    --------          -------      -------  ---------------------  -------------------      -------      -------  ---------------------  -------------------  


------------------------------------------------------------------------------------------------
| Timing Details
| --------------
------------------------------------------------------------------------------------------------


---------------------------------------------------------------------------------------------------
From Clock:  sys_clk_pin
  To Clock:  sys_clk_pin

Setup :            0  Failing Endpoints,  Worst Slack        0.058ns,  Total Violation        0.000ns
Hold  :            0  Failing Endpoints,  Worst Slack        0.041ns,  Total Violation        0.000ns
PW    :            0  Failing Endpoints,  Worst Slack        3.950ns,  Total Violation        0.000ns
---------------------------------------------------------------------------------------------------


Max Delay Paths
--------------------------------------------------------------------------------------
Slack (MET) :             0.058ns  (required time - arrival time)
  Source:                 cpu_inst/mem_wb_reg_reg[rd][4]_replica/C
                            (rising edge-triggered cell FDRE clocked by sys_clk_pin  {rise@0.000ns fall@4.450ns period=8.900ns})
  Destination:            cpu_inst/targetbuf_lookup_instruction_reg[24]/R
                            (rising edge-triggered cell FDRE clocked by sys_clk_pin  {rise@0.000ns fall@4.450ns period=8.900ns})
  Path Group:             sys_clk_pin
  Path Type:              Setup (Max at Slow Process Corner)
  Requirement:            8.900ns  (sys_clk_pin rise@8.900ns - sys_clk_pin rise@0.000ns)
  Data Path Delay:        8.330ns  (logic 2.291ns (27.503%)  route 6.039ns (72.497%))
  Logic Levels:           9  (CARRY4=2 LUT4=1 LUT5=3 LUT6=3)
  Clock Path Skew:        -0.048ns (DCD - SCD + CPR)
    Destination Clock Delay (DCD):    5.006ns = ( 13.906 - 8.900 ) 
    Source Clock Delay      (SCD):    5.326ns
    Clock Pessimism Removal (CPR):    0.272ns
  Clock Uncertainty:      0.035ns  ((TSJ^2 + TIJ^2)^1/2 + DJ) / 2 + PE
    Total System Jitter     (TSJ):    0.071ns
    Total Input Jitter      (TIJ):    0.000ns
    Discrete Jitter          (DJ):    0.000ns
    Phase Error              (PE):    0.000ns

    Location             Delay type                Incr(ns)  Path(ns)    Netlist Resource(s)
  -------------------------------------------------------------------    -------------------
                         (clock sys_clk_pin rise edge)
                                                      0.000     0.000 r  <hidden>
    W5                                                0.000     0.000 r  clk
                         net (fo=0)                   0.000     0.000    clk
    W5                   IBUF (Prop_ibuf_I_O)         1.458     1.458 r  clk_IBUF_inst/O
                         net (fo=1, routed)           1.967     3.425    clk_IBUF
    BUFGCTRL_X0Y1        BUFG (Prop_bufg_I_O)         0.096     3.521 r  clk_IBUF_BUFG_inst_replica/O
                         net (fo=5, routed)           0.140     3.661    clk_IBUF_BUFG_repN
    BUFGCTRL_X0Y0        BUFG (Prop_bufg_I_O)         0.096     3.757 r  clk_IBUF_BUFG_inst/O
                         net (fo=1615, routed)        1.569     5.326    cpu_inst/clk_IBUF_BUFG
    SLICE_X13Y5          FDRE                                         r  cpu_inst/mem_wb_reg_reg[rd][4]_replica/C
  -------------------------------------------------------------------    -------------------
    SLICE_X13Y5          FDRE (Prop_fdre_C_Q)         0.456     5.782 f  cpu_inst/mem_wb_reg_reg[rd][4]_replica/Q
                         net (fo=4, routed)           0.823     6.606    cpu_inst/mem_wb_reg_reg[rd][4]_repN
    SLICE_X15Y5          LUT5 (Prop_lut5_I0_O)        0.124     6.730 r  cpu_inst/ex_mem_reg[store_data][31]_i_9_replica/O
                         net (fo=2, routed)           0.827     7.557    cpu_inst/ex_mem_reg[store_data][31]_i_9_n_0_repN
    SLICE_X12Y4          LUT6 (Prop_lut6_I0_O)        0.124     7.681 f  cpu_inst/ex_mem_reg[store_data][27]_i_3/O
                         net (fo=27, routed)          0.983     8.664    cpu_inst/ex_mem_reg[store_data][27]_i_3_n_0
    SLICE_X14Y8          LUT4 (Prop_lut4_I1_O)        0.124     8.788 f  cpu_inst/ex_mem_reg[store_data][15]_i_3/O
                         net (fo=1, routed)           0.602     9.390    cpu_inst/data_mem_inst/ex_mem_reg_reg[store_data][15]
    SLICE_X9Y10          LUT5 (Prop_lut5_I1_O)        0.124     9.514 r  cpu_inst/data_mem_inst/ex_mem_reg[store_data][15]_i_2/O
                         net (fo=6, routed)           0.846    10.360    cpu_inst/data_mem_inst/ex_store_data[15]
    SLICE_X9Y8           LUT6 (Prop_lut6_I2_O)        0.124    10.484 r  cpu_inst/data_mem_inst/led_OBUF[12]_inst_i_12/O
                         net (fo=1, routed)           0.000    10.484    cpu_inst/data_mem_inst/led_OBUF[12]_inst_i_12_n_0
    SLICE_X9Y8           CARRY4 (Prop_carry4_S[1]_CO[3])
                                                      0.550    11.034 r  cpu_inst/data_mem_inst/led_OBUF[12]_inst_i_4/CO[3]
                         net (fo=1, routed)           0.000    11.034    cpu_inst/data_mem_inst/led_OBUF[12]_inst_i_4_n_0
    SLICE_X9Y9           CARRY4 (Prop_carry4_CI_CO[2])
                                                      0.228    11.262 r  cpu_inst/data_mem_inst/led_OBUF[12]_inst_i_2/CO[2]
                         net (fo=42, routed)          0.803    12.064    cpu_inst/data_mem_inst/ex_branch_taken0
    SLICE_X9Y13          LUT6 (Prop_lut6_I3_O)        0.313    12.377 f  cpu_inst/data_mem_inst/targetbuf_lookup_instruction[31]_i_3/O
                         net (fo=4, routed)           0.439    12.816    cpu_inst/data_mem_inst/id_jump_redirect
    SLICE_X9Y15          LUT5 (Prop_lut5_I1_O)        0.124    12.940 r  cpu_inst/data_mem_inst/targetbuf_lookup_instruction[31]_i_1/O
                         net (fo=32, routed)          0.716    13.656    cpu_inst/data_mem_inst_n_107
    SLICE_X11Y18         FDRE                                         r  cpu_inst/targetbuf_lookup_instruction_reg[24]/R
  -------------------------------------------------------------------    -------------------

                         (clock sys_clk_pin rise edge)
                                                      8.900     8.900 r  <hidden>
    W5                                                0.000     8.900 r  clk
                         net (fo=0)                   0.000     8.900    clk
    W5                   IBUF (Prop_ibuf_I_O)         1.388    10.288 r  clk_IBUF_inst/O
                         net (fo=1, routed)           1.862    12.150    clk_IBUF
    BUFGCTRL_X0Y1        BUFG (Prop_bufg_I_O)         0.091    12.241 r  clk_IBUF_BUFG_inst_replica/O
                         net (fo=5, routed)           0.133    12.374    clk_IBUF_BUFG_repN
    BUFGCTRL_X0Y0        BUFG (Prop_bufg_I_O)         0.091    12.465 r  clk_IBUF_BUFG_inst/O
                         net (fo=1615, routed)        1.441    13.906    cpu_inst/clk_IBUF_BUFG
    SLICE_X11Y18         FDRE                                         r  cpu_inst/targetbuf_lookup_instruction_reg[24]/C
                         clock pessimism              0.272    14.178    <hidden>
                         clock uncertainty           -0.035    14.143    <hidden>
    SLICE_X11Y18         FDRE (Setup_fdre_C_R)       -0.429    13.714    cpu_inst/targetbuf_lookup_instruction_reg[24]
  -------------------------------------------------------------------
                         required time                         13.714    <hidden>
                         arrival time                         -13.656    <hidden>
  -------------------------------------------------------------------
                         slack                                  0.058    <hidden>





Min Delay Paths
--------------------------------------------------------------------------------------
Slack (MET) :             0.041ns  (arrival time - required time)
  Source:                 cpu_inst/ex_mem_reg_reg[rd][3]/C
                            (rising edge-triggered cell FDRE clocked by sys_clk_pin  {rise@0.000ns fall@4.450ns period=8.900ns})
  Destination:            cpu_inst/mem_wb_reg_reg[rd][3]/D
                            (rising edge-triggered cell FDRE clocked by sys_clk_pin  {rise@0.000ns fall@4.450ns period=8.900ns})
  Path Group:             sys_clk_pin
  Path Type:              Hold (Min at Fast Process Corner)
  Requirement:            0.000ns  (sys_clk_pin rise@0.000ns - sys_clk_pin rise@0.000ns)
  Data Path Delay:        0.319ns  (logic 0.141ns (44.165%)  route 0.178ns (55.835%))
  Logic Levels:           0  
  Clock Path Skew:        0.215ns (DCD - SCD - CPR)
    Destination Clock Delay (DCD):    1.963ns
    Source Clock Delay      (SCD):    1.504ns
    Clock Pessimism Removal (CPR):    0.244ns

    Location             Delay type                Incr(ns)  Path(ns)    Netlist Resource(s)
  -------------------------------------------------------------------    -------------------
                         (clock sys_clk_pin rise edge)
                                                      0.000     0.000 r  <hidden>
    W5                                                0.000     0.000 r  clk
                         net (fo=0)                   0.000     0.000    clk
    W5                   IBUF (Prop_ibuf_I_O)         0.226     0.226 r  clk_IBUF_inst/O
                         net (fo=1, routed)           0.631     0.858    clk_IBUF
    BUFGCTRL_X0Y1        BUFG (Prop_bufg_I_O)         0.026     0.884 r  clk_IBUF_BUFG_inst_replica/O
                         net (fo=5, routed)           0.030     0.914    clk_IBUF_BUFG_repN
    BUFGCTRL_X0Y0        BUFG (Prop_bufg_I_O)         0.026     0.940 r  clk_IBUF_BUFG_inst/O
                         net (fo=1615, routed)        0.565     1.504    cpu_inst/clk_IBUF_BUFG
    SLICE_X15Y7          FDRE                                         r  cpu_inst/ex_mem_reg_reg[rd][3]/C
  -------------------------------------------------------------------    -------------------
    SLICE_X15Y7          FDRE (Prop_fdre_C_Q)         0.141     1.645 r  cpu_inst/ex_mem_reg_reg[rd][3]/Q
                         net (fo=5, routed)           0.178     1.823    cpu_inst/ex_mem_reg_reg[rd][3]
    SLICE_X14Y6          FDRE                                         r  cpu_inst/mem_wb_reg_reg[rd][3]/D
  -------------------------------------------------------------------    -------------------

                         (clock sys_clk_pin rise edge)
                                                      0.000     0.000 r  <hidden>
    W5                                                0.000     0.000 r  clk
                         net (fo=0)                   0.000     0.000    clk
    W5                   IBUF (Prop_ibuf_I_O)         0.414     0.414 r  clk_IBUF_inst/O
                         net (fo=1, routed)           0.685     1.099    clk_IBUF
    BUFGCTRL_X0Y1        BUFG (Prop_bufg_I_O)         0.029     1.128 r  clk_IBUF_BUFG_inst_replica/O
                         net (fo=5, routed)           0.836     1.963    cpu_inst/clk_IBUF_BUFG_repN_alias
    SLICE_X14Y6          FDRE                                         r  cpu_inst/mem_wb_reg_reg[rd][3]/C
                         clock pessimism             -0.244     1.719    <hidden>
    SLICE_X14Y6          FDRE (Hold_fdre_C_D)         0.063     1.782    cpu_inst/mem_wb_reg_reg[rd][3]
  -------------------------------------------------------------------
                         required time                         -1.782    <hidden>
                         arrival time                           1.823    <hidden>
  -------------------------------------------------------------------
                         slack                                  0.041    <hidden>





Pulse Width Checks
--------------------------------------------------------------------------------------
Clock Name:         sys_clk_pin
Waveform(ns):       { 0.000 4.450 }
Period(ns):         8.900
Sources:            { clk }

Check Type        Corner  Lib Pin             Reference Pin  Required(ns)  Actual(ns)  Slack(ns)  Location     Pin
Min Period        n/a     RAMB18E1/CLKARDCLK  n/a            2.944         8.900       5.956      RAMB18_X0Y2  cpu_inst/data_mem_inst/mem_reg/CLKARDCLK
Low Pulse Width   Slow    FDRE/C              n/a            0.500         4.450       3.950      SLICE_X14Y3  cpu_inst/ex_mem_reg_reg[alu_result][0]/C
High Pulse Width  Slow    FDRE/C              n/a            0.500         4.450       3.950      SLICE_X14Y3  cpu_inst/ex_mem_reg_reg[alu_result][0]/C



