Copyright 1986-2022 Xilinx, Inc. All Rights Reserved. Copyright 2022-2026 Advanced Micro Devices, Inc. All Rights Reserved.
---------------------------------------------------------------------------------------------------------------------------------------------
| Tool Version : Vivado v.2026.1 (win64) Build 6511674 Tue Jun 16 11:02:23 MDT 2026
| Date         : Sat Jul 11 20:29:31 2026
| Host         : DESKTOP-4GB7DVJ running 64-bit major release  (build 9200)
| Command      : report_timing_summary -file reports/phase13b/timing/fpga_top_pipeline_branchprefetch_impl_timing_summary.rpt
| Design       : fpga_top_pipeline_branchprefetch
| Device       : 7a35t-cpg236
| Speed File   : -1  PRODUCTION 1.23 2018-06-13
| Design State : Routed
---------------------------------------------------------------------------------------------------------------------------------------------

Timing Summary Report

------------------------------------------------------------------------------------------------
| Timer Settings
| --------------
------------------------------------------------------------------------------------------------

  Enable Multi Corner Analysis               :  Yes
  Enable Pessimism Removal                   :  Yes
  Pessimism Removal Resolution               :  Nearest Common Node
  Enable Input Delay Default Clock           :  No
  Enable Preset / Clear Arcs                 :  No
  Disable Flight Delays                      :  No
  Ignore I/O Paths                           :  No
  Timing Early Launch at Borrowing Latches   :  No
  Borrow Time for Max Delay Exceptions       :  Yes
  Merge Timing Exceptions                    :  Yes
  Inter-SLR Compensation                     :  Conservative

  Corner  Analyze    Analyze    
  Name    Max Paths  Min Paths  
  ------  ---------  ---------  
  Slow    Yes        Yes        
  Fast    Yes        Yes        


------------------------------------------------------------------------------------------------
| Report Methodology
| ------------------
------------------------------------------------------------------------------------------------

No report available as report_methodology has not been run prior. Run report_methodology on the current design for the summary of methodology violations.



check_timing report

Table of Contents
-----------------
1. checking no_clock (0)
2. checking constant_clock (0)
3. checking pulse_width_clock (0)
4. checking unconstrained_internal_endpoints (0)
5. checking no_input_delay (2)
6. checking no_output_delay (16)
7. checking multiple_clock (0)
8. checking generated_clocks (0)
9. checking loops (0)
10. checking partial_input_delay (0)
11. checking partial_output_delay (0)
12. checking latch_loops (0)

1. checking no_clock (0)
------------------------
 There are 0 register/latch pins with no clock.


2. checking constant_clock (0)
------------------------------
 There are 0 register/latch pins with constant_clock.


3. checking pulse_width_clock (0)
---------------------------------
 There are 0 register/latch pins which need pulse_width check


4. checking unconstrained_internal_endpoints (0)
------------------------------------------------
 There are 0 pins that are not constrained for maximum delay.

 There are 0 pins that are not constrained for maximum delay due to constant clock.


5. checking no_input_delay (2)
------------------------------
 There are 2 input ports with no input delay specified. (HIGH)

 There are 0 input ports with no input delay but user has a false path constraint.


6. checking no_output_delay (16)
--------------------------------
 There are 16 ports with no output delay specified. (HIGH)

 There are 0 ports with no output delay but user has a false path constraint

 There are 0 ports with no output delay but with a timing clock defined on it or propagating through it


7. checking multiple_clock (0)
------------------------------
 There are 0 register/latch pins with multiple clocks.


8. checking generated_clocks (0)
--------------------------------
 There are 0 generated clocks that are not connected to a clock source.


9. checking loops (0)
---------------------
 There are 0 combinational loops in the design.


10. checking partial_input_delay (0)
------------------------------------
 There are 0 input ports with partial input delay specified.


11. checking partial_output_delay (0)
-------------------------------------
 There are 0 ports with partial output delay specified.


12. checking latch_loops (0)
----------------------------
 There are 0 combinational latch loops in the design through latch input



------------------------------------------------------------------------------------------------
| Design Timing Summary
| ---------------------
------------------------------------------------------------------------------------------------

    WNS(ns)      TNS(ns)  TNS Failing Endpoints  TNS Total Endpoints      WHS(ns)      THS(ns)  THS Failing Endpoints  THS Total Endpoints     WPWS(ns)     TPWS(ns)  TPWS Failing Endpoints  TPWS Total Endpoints  
    -------      -------  ---------------------  -------------------      -------      -------  ---------------------  -------------------     --------     --------  ----------------------  --------------------  
      0.008        0.000                      0                 3387        0.037        0.000                      0                 3387        4.500        0.000                       0                  1607  


All user specified timing constraints are met.


------------------------------------------------------------------------------------------------
| Clock Summary
| -------------
------------------------------------------------------------------------------------------------

Clock        Waveform(ns)       Period(ns)      Frequency(MHz)
-----        ------------       ----------      --------------
sys_clk_pin  {0.000 5.000}      10.000          100.000         


------------------------------------------------------------------------------------------------
| Intra Clock Table
| -----------------
------------------------------------------------------------------------------------------------

Clock             WNS(ns)      TNS(ns)  TNS Failing Endpoints  TNS Total Endpoints      WHS(ns)      THS(ns)  THS Failing Endpoints  THS Total Endpoints     WPWS(ns)     TPWS(ns)  TPWS Failing Endpoints  TPWS Total Endpoints  
-----             -------      -------  ---------------------  -------------------      -------      -------  ---------------------  -------------------     --------     --------  ----------------------  --------------------  
sys_clk_pin         0.008        0.000                      0                 3387        0.037        0.000                      0                 3387        4.500        0.000                       0                  1607  


------------------------------------------------------------------------------------------------
| Inter Clock Table
| -----------------
------------------------------------------------------------------------------------------------

From Clock    To Clock          WNS(ns)      TNS(ns)  TNS Failing Endpoints  TNS Total Endpoints      WHS(ns)      THS(ns)  THS Failing Endpoints  THS Total Endpoints  
----------    --------          -------      -------  ---------------------  -------------------      -------      -------  ---------------------  -------------------  


------------------------------------------------------------------------------------------------
| Other Path Groups Table
| -----------------------
------------------------------------------------------------------------------------------------

Path Group    From Clock    To Clock          WNS(ns)      TNS(ns)  TNS Failing Endpoints  TNS Total Endpoints      WHS(ns)      THS(ns)  THS Failing Endpoints  THS Total Endpoints  
----------    ----------    --------          -------      -------  ---------------------  -------------------      -------      -------  ---------------------  -------------------  


------------------------------------------------------------------------------------------------
| Timing Details
| --------------
------------------------------------------------------------------------------------------------


---------------------------------------------------------------------------------------------------
From Clock:  sys_clk_pin
  To Clock:  sys_clk_pin

Setup :            0  Failing Endpoints,  Worst Slack        0.008ns,  Total Violation        0.000ns
Hold  :            0  Failing Endpoints,  Worst Slack        0.037ns,  Total Violation        0.000ns
PW    :            0  Failing Endpoints,  Worst Slack        4.500ns,  Total Violation        0.000ns
---------------------------------------------------------------------------------------------------


Max Delay Paths
--------------------------------------------------------------------------------------
Slack (MET) :             0.008ns  (required time - arrival time)
  Source:                 cpu_inst/data_mem_inst/mem_reg/CLKBWRCLK
                            (rising edge-triggered cell RAMB18E1 clocked by sys_clk_pin  {rise@0.000ns fall@5.000ns period=10.000ns})
  Destination:            cpu_inst/redirect_pending_target_reg[29]/D
                            (rising edge-triggered cell FDRE clocked by sys_clk_pin  {rise@0.000ns fall@5.000ns period=10.000ns})
  Path Group:             sys_clk_pin
  Path Type:              Setup (Max at Slow Process Corner)
  Requirement:            10.000ns  (sys_clk_pin rise@10.000ns - sys_clk_pin rise@0.000ns)
  Data Path Delay:        9.989ns  (logic 5.405ns (54.107%)  route 4.584ns (45.893%))
  Logic Levels:           12  (CARRY4=7 LUT2=1 LUT3=1 LUT4=1 LUT5=1 LUT6=1)
  Clock Path Skew:        -0.076ns (DCD - SCD + CPR)
    Destination Clock Delay (DCD):    4.774ns = ( 14.774 - 10.000 ) 
    Source Clock Delay      (SCD):    5.125ns
    Clock Pessimism Removal (CPR):    0.274ns
  Clock Uncertainty:      0.035ns  ((TSJ^2 + TIJ^2)^1/2 + DJ) / 2 + PE
    Total System Jitter     (TSJ):    0.071ns
    Total Input Jitter      (TIJ):    0.000ns
    Discrete Jitter          (DJ):    0.000ns
    Phase Error              (PE):    0.000ns

    Location             Delay type                Incr(ns)  Path(ns)    Netlist Resource(s)
  -------------------------------------------------------------------    -------------------
                         (clock sys_clk_pin rise edge)
                                                      0.000     0.000 r  <hidden>
    W5                                                0.000     0.000 r  clk
                         net (fo=0)                   0.000     0.000    clk
    W5                   IBUF (Prop_ibuf_I_O)         1.458     1.458 r  clk_IBUF_inst/O
                         net (fo=1, routed)           1.967     3.425    clk_IBUF
    BUFGCTRL_X0Y0        BUFG (Prop_bufg_I_O)         0.096     3.521 r  clk_IBUF_BUFG_inst/O
                         net (fo=1606, routed)        1.604     5.125    cpu_inst/data_mem_inst/clk
    RAMB18_X0Y6          RAMB18E1                                     r  cpu_inst/data_mem_inst/mem_reg/CLKBWRCLK
  -------------------------------------------------------------------    -------------------
    RAMB18_X0Y6          RAMB18E1 (Prop_ramb18e1_CLKBWRCLK_DOBDO[10])
                                                      2.454     7.579 r  cpu_inst/data_mem_inst/mem_reg/DOBDO[10]
                         net (fo=1, routed)           1.019     8.598    cpu_inst/data_mem_inst/mem_reg_n_21
    SLICE_X8Y10          LUT3 (Prop_lut3_I0_O)        0.124     8.722 r  cpu_inst/data_mem_inst/regs[1][28]_i_1/O
                         net (fo=35, routed)          0.751     9.472    cpu_inst/data_mem_inst/wb_write_data[28]
    SLICE_X9Y9           LUT5 (Prop_lut5_I2_O)        0.124     9.596 r  cpu_inst/data_mem_inst/ex_mem_reg[alu_result][28]_i_3/O
                         net (fo=6, routed)           1.038    10.635    cpu_inst/data_mem_inst/ex_operand_a[28]
    SLICE_X10Y17         LUT6 (Prop_lut6_I5_O)        0.124    10.759 r  cpu_inst/data_mem_inst/led_OBUF[12]_inst_i_8/O
                         net (fo=1, routed)           0.000    10.759    cpu_inst/data_mem_inst/led_OBUF[12]_inst_i_8_n_0
    SLICE_X10Y17         CARRY4 (Prop_carry4_S[1]_CO[2])
                                                      0.574    11.333 f  cpu_inst/data_mem_inst/led_OBUF[12]_inst_i_5/CO[2]
                         net (fo=4, routed)           0.560    11.893    cpu_inst/data_mem_inst/ex_branch_taken0
    SLICE_X9Y16          LUT4 (Prop_lut4_I0_O)        0.310    12.203 f  cpu_inst/data_mem_inst/beq_prefetch_target_pc[31]_i_4/O
                         net (fo=115, routed)         0.742    12.945    cpu_inst/data_mem_inst/beq_prefetch_target_pc[31]_i_4_n_0
    SLICE_X8Y17          LUT2 (Prop_lut2_I1_O)        0.150    13.095 r  cpu_inst/data_mem_inst/redirect_pending_target[11]_i_5/O
                         net (fo=1, routed)           0.474    13.569    cpu_inst/data_mem_inst/redirect_pending_target[11]_i_5_n_0
    SLICE_X8Y19          CARRY4 (Prop_carry4_DI[0]_CO[3])
                                                      0.754    14.323 r  cpu_inst/data_mem_inst/redirect_pending_target_reg[11]_i_1/CO[3]
                         net (fo=1, routed)           0.000    14.323    cpu_inst/data_mem_inst/redirect_pending_target_reg[11]_i_1_n_0
    SLICE_X8Y20          CARRY4 (Prop_carry4_CI_CO[3])
                                                      0.117    14.440 r  cpu_inst/data_mem_inst/redirect_pending_target_reg[15]_i_1/CO[3]
                         net (fo=1, routed)           0.000    14.440    cpu_inst/data_mem_inst/redirect_pending_target_reg[15]_i_1_n_0
    SLICE_X8Y21          CARRY4 (Prop_carry4_CI_CO[3])
                                                      0.117    14.557 r  cpu_inst/data_mem_inst/redirect_pending_target_reg[19]_i_1/CO[3]
                         net (fo=1, routed)           0.000    14.557    cpu_inst/data_mem_inst/redirect_pending_target_reg[19]_i_1_n_0
    SLICE_X8Y22          CARRY4 (Prop_carry4_CI_CO[3])
                                                      0.117    14.674 r  cpu_inst/data_mem_inst/redirect_pending_target_reg[23]_i_1/CO[3]
                         net (fo=1, routed)           0.000    14.674    cpu_inst/data_mem_inst/redirect_pending_target_reg[23]_i_1_n_0
    SLICE_X8Y23          CARRY4 (Prop_carry4_CI_CO[3])
                                                      0.117    14.791 r  cpu_inst/data_mem_inst/redirect_pending_target_reg[27]_i_1/CO[3]
                         net (fo=1, routed)           0.000    14.791    cpu_inst/data_mem_inst/redirect_pending_target_reg[27]_i_1_n_0
    SLICE_X8Y24          CARRY4 (Prop_carry4_CI_O[1])
                                                      0.323    15.114 r  cpu_inst/data_mem_inst/redirect_pending_target_reg[31]_i_3/O[1]
                         net (fo=1, routed)           0.000    15.114    cpu_inst/data_mem_inst_n_179
    SLICE_X8Y24          FDRE                                         r  cpu_inst/redirect_pending_target_reg[29]/D
  -------------------------------------------------------------------    -------------------

                         (clock sys_clk_pin rise edge)
                                                     10.000    10.000 r  <hidden>
    W5                                                0.000    10.000 r  clk
                         net (fo=0)                   0.000    10.000    clk
    W5                   IBUF (Prop_ibuf_I_O)         1.388    11.388 r  clk_IBUF_inst/O
                         net (fo=1, routed)           1.862    13.250    clk_IBUF
    BUFGCTRL_X0Y0        BUFG (Prop_bufg_I_O)         0.091    13.341 r  clk_IBUF_BUFG_inst/O
                         net (fo=1606, routed)        1.433    14.774    cpu_inst/clk
    SLICE_X8Y24          FDRE                                         r  cpu_inst/redirect_pending_target_reg[29]/C
                         clock pessimism              0.274    15.048    <hidden>
                         clock uncertainty           -0.035    15.013    <hidden>
    SLICE_X8Y24          FDRE (Setup_fdre_C_D)        0.109    15.122    cpu_inst/redirect_pending_target_reg[29]
  -------------------------------------------------------------------
                         required time                         15.122    <hidden>
                         arrival time                         -15.114    <hidden>
  -------------------------------------------------------------------
                         slack                                  0.008    <hidden>





Min Delay Paths
--------------------------------------------------------------------------------------
Slack (MET) :             0.037ns  (arrival time - required time)
  Source:                 cpu_inst/ex_mem_reg_reg[store_data][26]/C
                            (rising edge-triggered cell FDRE clocked by sys_clk_pin  {rise@0.000ns fall@5.000ns period=10.000ns})
  Destination:            cpu_inst/data_mem_inst/mem_reg/DIBDI[8]
                            (rising edge-triggered cell RAMB18E1 clocked by sys_clk_pin  {rise@0.000ns fall@5.000ns period=10.000ns})
  Path Group:             sys_clk_pin
  Path Type:              Hold (Min at Fast Process Corner)
  Requirement:            0.000ns  (sys_clk_pin rise@0.000ns - sys_clk_pin rise@0.000ns)
  Data Path Delay:        0.248ns  (logic 0.141ns (56.898%)  route 0.107ns (43.102%))
  Logic Levels:           0  
  Clock Path Skew:        0.055ns (DCD - SCD - CPR)
    Destination Clock Delay (DCD):    1.999ns
    Source Clock Delay      (SCD):    1.445ns
    Clock Pessimism Removal (CPR):    0.498ns

    Location             Delay type                Incr(ns)  Path(ns)    Netlist Resource(s)
  -------------------------------------------------------------------    -------------------
                         (clock sys_clk_pin rise edge)
                                                      0.000     0.000 r  <hidden>
    W5                                                0.000     0.000 r  clk
                         net (fo=0)                   0.000     0.000    clk
    W5                   IBUF (Prop_ibuf_I_O)         0.226     0.226 r  clk_IBUF_inst/O
                         net (fo=1, routed)           0.631     0.858    clk_IBUF
    BUFGCTRL_X0Y0        BUFG (Prop_bufg_I_O)         0.026     0.884 r  clk_IBUF_BUFG_inst/O
                         net (fo=1606, routed)        0.562     1.445    cpu_inst/clk
    SLICE_X9Y15          FDRE                                         r  cpu_inst/ex_mem_reg_reg[store_data][26]/C
  -------------------------------------------------------------------    -------------------
    SLICE_X9Y15          FDRE (Prop_fdre_C_Q)         0.141     1.586 r  cpu_inst/ex_mem_reg_reg[store_data][26]/Q
                         net (fo=1, routed)           0.107     1.693    cpu_inst/data_mem_inst/mem_reg_1[26]
    RAMB18_X0Y6          RAMB18E1                                     r  cpu_inst/data_mem_inst/mem_reg/DIBDI[8]
  -------------------------------------------------------------------    -------------------

                         (clock sys_clk_pin rise edge)
                                                      0.000     0.000 r  <hidden>
    W5                                                0.000     0.000 r  clk
                         net (fo=0)                   0.000     0.000    clk
    W5                   IBUF (Prop_ibuf_I_O)         0.414     0.414 r  clk_IBUF_inst/O
                         net (fo=1, routed)           0.685     1.099    clk_IBUF
    BUFGCTRL_X0Y0        BUFG (Prop_bufg_I_O)         0.029     1.128 r  clk_IBUF_BUFG_inst/O
                         net (fo=1606, routed)        0.871     1.999    cpu_inst/data_mem_inst/clk
    RAMB18_X0Y6          RAMB18E1                                     r  cpu_inst/data_mem_inst/mem_reg/CLKBWRCLK
                         clock pessimism             -0.498     1.501    <hidden>
    RAMB18_X0Y6          RAMB18E1 (Hold_ramb18e1_CLKBWRCLK_DIBDI[8])
                                                      0.155     1.656    cpu_inst/data_mem_inst/mem_reg
  -------------------------------------------------------------------
                         required time                         -1.656    <hidden>
                         arrival time                           1.693    <hidden>
  -------------------------------------------------------------------
                         slack                                  0.037    <hidden>





Pulse Width Checks
--------------------------------------------------------------------------------------
Clock Name:         sys_clk_pin
Waveform(ns):       { 0.000 5.000 }
Period(ns):         10.000
Sources:            { clk }

Check Type        Corner  Lib Pin             Reference Pin  Required(ns)  Actual(ns)  Slack(ns)  Location     Pin
Min Period        n/a     RAMB18E1/CLKARDCLK  n/a            2.944         10.000      7.056      RAMB18_X0Y6  cpu_inst/data_mem_inst/mem_reg/CLKARDCLK
Low Pulse Width   Slow    FDRE/C              n/a            0.500         5.000       4.500      SLICE_X9Y22  cpu_inst/beq_prefetch_branch_pc_reg[0]/C
High Pulse Width  Slow    FDRE/C              n/a            0.500         5.000       4.500      SLICE_X9Y22  cpu_inst/beq_prefetch_branch_pc_reg[0]/C



