Copyright 1986-2022 Xilinx, Inc. All Rights Reserved. Copyright 2022-2026 Advanced Micro Devices, Inc. All Rights Reserved.
--------------------------------------------------------------------------------------------------------------------------------------------------
| Tool Version : Vivado v.2026.1 (win64) Build 6511674 Tue Jun 16 11:02:23 MDT 2026
| Date         : Sat Jul 11 20:21:07 2026
| Host         : DESKTOP-4GB7DVJ running 64-bit major release  (build 9200)
| Command      : report_timing -max_paths 10 -path_type full -file reports/phase13b/timing/fpga_top_pipeline_branchprefetch_synth_worst_paths.rpt
| Design       : fpga_top_pipeline_branchprefetch
| Device       : 7a35t-cpg236
| Speed File   : -1  PRODUCTION 1.23 2018-06-13
| Design State : Synthesized
--------------------------------------------------------------------------------------------------------------------------------------------------

Timing Report

Slack (VIOLATED) :        -2.423ns  (required time - arrival time)
  Source:                 cpu_inst/data_mem_inst/mem_reg/CLKARDCLK
                            (rising edge-triggered cell RAMB18E1 clocked by sys_clk_pin  {rise@0.000ns fall@5.000ns period=10.000ns})
  Destination:            cpu_inst/instr_mem_inst/instruction_b_reg/RSTRAMARSTRAM
                            (rising edge-triggered cell RAMB18E1 clocked by sys_clk_pin  {rise@0.000ns fall@5.000ns period=10.000ns})
  Path Group:             sys_clk_pin
  Path Type:              Setup (Max at Slow Process Corner)
  Requirement:            10.000ns  (sys_clk_pin rise@10.000ns - sys_clk_pin rise@0.000ns)
  Data Path Delay:        11.883ns  (logic 4.534ns (38.154%)  route 7.349ns (61.846%))
  Logic Levels:           11  (CARRY4=3 LUT2=1 LUT3=1 LUT4=1 LUT5=2 LUT6=3)
  Clock Path Skew:        -0.145ns (DCD - SCD + CPR)
    Destination Clock Delay (DCD):    2.678ns = ( 12.678 - 10.000 ) 
    Source Clock Delay      (SCD):    2.938ns
    Clock Pessimism Removal (CPR):    0.115ns
  Clock Uncertainty:      0.035ns  ((TSJ^2 + TIJ^2)^1/2 + DJ) / 2 + PE
    Total System Jitter     (TSJ):    0.071ns
    Total Input Jitter      (TIJ):    0.000ns
    Discrete Jitter          (DJ):    0.000ns
    Phase Error              (PE):    0.000ns

    Location             Delay type                Incr(ns)  Path(ns)    Netlist Resource(s)
  -------------------------------------------------------------------    -------------------
                         (clock sys_clk_pin rise edge)
                                                      0.000     0.000 r  <hidden>
                         propagated clock network latency
                                                      2.938     2.938    <hidden>
                         RAMB18E1                     0.000     2.938 r  cpu_inst/data_mem_inst/mem_reg/CLKARDCLK
                         RAMB18E1 (Prop_ramb18e1_CLKARDCLK_DOADO[3])
                                                      2.454     5.392 r  cpu_inst/data_mem_inst/mem_reg/DOADO[3]
                         net (fo=1, unplaced)         0.800     6.192    cpu_inst/data_mem_inst/mem_reg_n_12
                         LUT3 (Prop_lut3_I0_O)        0.124     6.316 r  cpu_inst/data_mem_inst/regs[1][3]_i_1/O
                         net (fo=35, unplaced)        0.975     7.291    cpu_inst/data_mem_inst/wb_write_data[3]
                         LUT5 (Prop_lut5_I2_O)        0.124     7.415 r  cpu_inst/data_mem_inst/ex_mem_reg[store_data][3]_i_1/O
                         net (fo=3, unplaced)         1.129     8.544    cpu_inst/data_mem_inst/ex_mem_reg_reg[alu_result][31][3]
                         LUT6 (Prop_lut6_I1_O)        0.124     8.668 r  cpu_inst/data_mem_inst/led_OBUF[12]_inst_i_16/O
                         net (fo=1, unplaced)         0.000     8.668    cpu_inst/data_mem_inst/led_OBUF[12]_inst_i_16_n_0
                         CARRY4 (Prop_carry4_S[1]_CO[3])
                                                      0.533     9.201 r  cpu_inst/data_mem_inst/led_OBUF[12]_inst_i_9/CO[3]
                         net (fo=1, unplaced)         0.009     9.210    cpu_inst/data_mem_inst/led_OBUF[12]_inst_i_9_n_0
                         CARRY4 (Prop_carry4_CI_CO[3])
                                                      0.117     9.327 r  cpu_inst/data_mem_inst/led_OBUF[12]_inst_i_5/CO[3]
                         net (fo=1, unplaced)         0.000     9.327    cpu_inst/data_mem_inst/led_OBUF[12]_inst_i_5_n_0
                         CARRY4 (Prop_carry4_CI_CO[2])
                                                      0.252     9.579 f  cpu_inst/data_mem_inst/led_OBUF[12]_inst_i_4/CO[2]
                         net (fo=5, unplaced)         0.480    10.059    cpu_inst/data_mem_inst/ex_branch_taken0
                         LUT4 (Prop_lut4_I1_O)        0.310    10.369 f  cpu_inst/data_mem_inst/fetch_buffer_instruction[31]_i_4/O
                         net (fo=110, unplaced)       0.551    10.920    cpu_inst/data_mem_inst/fetch_buffer_instruction[31]_i_4_n_0
                         LUT2 (Prop_lut2_I0_O)        0.124    11.044 f  cpu_inst/data_mem_inst/id_ex_reg[use_imm]_i_3/O
                         net (fo=87, unplaced)        0.545    11.589    cpu_inst/data_mem_inst/beq_prefetch_pending1
                         LUT5 (Prop_lut5_I4_O)        0.124    11.713 r  cpu_inst/data_mem_inst/instruction_b_reg_i_16/O
                         net (fo=12, unplaced)        0.950    12.663    cpu_inst/instr_mem_inst/id_beq_prefetch_request
                         LUT6 (Prop_lut6_I2_O)        0.124    12.787 r  cpu_inst/instr_mem_inst/p_0_out_inferred__0/instruction_b_reg_i_11/O
                         net (fo=1, unplaced)         1.111    13.898    cpu_inst/instr_mem_inst/p_0_out_inferred__0/instruction_b_reg_i_11_n_0
                         LUT6 (Prop_lut6_I1_O)        0.124    14.022 r  cpu_inst/instr_mem_inst/p_0_out_inferred__0/instruction_b_reg_i_1/O
                         net (fo=2, unplaced)         0.800    14.822    cpu_inst/instr_mem_inst/p_0_out_inferred__0/instruction_b_reg_i_1_n_0
                         RAMB18E1                                     r  cpu_inst/instr_mem_inst/instruction_b_reg/RSTRAMARSTRAM
  -------------------------------------------------------------------    -------------------

                         (clock sys_clk_pin rise edge)
                                                     10.000    10.000 r  <hidden>
                         propagated clock network latency
                                                      2.678    12.678    <hidden>
                         clock pessimism              0.115    12.793    <hidden>
                         clock uncertainty           -0.035    12.758    <hidden>
                         RAMB18E1 (Setup_ramb18e1_CLKARDCLK_RSTRAMARSTRAM)
                                                     -0.359    12.399    cpu_inst/instr_mem_inst/instruction_b_reg
  -------------------------------------------------------------------
                         required time                         12.399    <hidden>
                         arrival time                         -14.822    <hidden>
  -------------------------------------------------------------------
                         slack                                 -2.423    <hidden>

Slack (VIOLATED) :        -2.423ns  (required time - arrival time)
  Source:                 cpu_inst/data_mem_inst/mem_reg/CLKARDCLK
                            (rising edge-triggered cell RAMB18E1 clocked by sys_clk_pin  {rise@0.000ns fall@5.000ns period=10.000ns})
  Destination:            cpu_inst/instr_mem_inst/instruction_b_reg/RSTRAMB
                            (rising edge-triggered cell RAMB18E1 clocked by sys_clk_pin  {rise@0.000ns fall@5.000ns period=10.000ns})
  Path Group:             sys_clk_pin
  Path Type:              Setup (Max at Slow Process Corner)
  Requirement:            10.000ns  (sys_clk_pin rise@10.000ns - sys_clk_pin rise@0.000ns)
  Data Path Delay:        11.883ns  (logic 4.534ns (38.154%)  route 7.349ns (61.846%))
  Logic Levels:           11  (CARRY4=3 LUT2=1 LUT3=1 LUT4=1 LUT5=2 LUT6=3)
  Clock Path Skew:        -0.145ns (DCD - SCD + CPR)
    Destination Clock Delay (DCD):    2.678ns = ( 12.678 - 10.000 ) 
    Source Clock Delay      (SCD):    2.938ns
    Clock Pessimism Removal (CPR):    0.115ns
  Clock Uncertainty:      0.035ns  ((TSJ^2 + TIJ^2)^1/2 + DJ) / 2 + PE
    Total System Jitter     (TSJ):    0.071ns
    Total Input Jitter      (TIJ):    0.000ns
    Discrete Jitter          (DJ):    0.000ns
    Phase Error              (PE):    0.000ns

    Location             Delay type                Incr(ns)  Path(ns)    Netlist Resource(s)
  -------------------------------------------------------------------    -------------------
                         (clock sys_clk_pin rise edge)
                                                      0.000     0.000 r  <hidden>
                         propagated clock network latency
                                                      2.938     2.938    <hidden>
                         RAMB18E1                     0.000     2.938 r  cpu_inst/data_mem_inst/mem_reg/CLKARDCLK
                         RAMB18E1 (Prop_ramb18e1_CLKARDCLK_DOADO[3])
                                                      2.454     5.392 r  cpu_inst/data_mem_inst/mem_reg/DOADO[3]
                         net (fo=1, unplaced)         0.800     6.192    cpu_inst/data_mem_inst/mem_reg_n_12
                         LUT3 (Prop_lut3_I0_O)        0.124     6.316 r  cpu_inst/data_mem_inst/regs[1][3]_i_1/O
                         net (fo=35, unplaced)        0.975     7.291    cpu_inst/data_mem_inst/wb_write_data[3]
                         LUT5 (Prop_lut5_I2_O)        0.124     7.415 r  cpu_inst/data_mem_inst/ex_mem_reg[store_data][3]_i_1/O
                         net (fo=3, unplaced)         1.129     8.544    cpu_inst/data_mem_inst/ex_mem_reg_reg[alu_result][31][3]
                         LUT6 (Prop_lut6_I1_O)        0.124     8.668 r  cpu_inst/data_mem_inst/led_OBUF[12]_inst_i_16/O
                         net (fo=1, unplaced)         0.000     8.668    cpu_inst/data_mem_inst/led_OBUF[12]_inst_i_16_n_0
                         CARRY4 (Prop_carry4_S[1]_CO[3])
                                                      0.533     9.201 r  cpu_inst/data_mem_inst/led_OBUF[12]_inst_i_9/CO[3]
                         net (fo=1, unplaced)         0.009     9.210    cpu_inst/data_mem_inst/led_OBUF[12]_inst_i_9_n_0
                         CARRY4 (Prop_carry4_CI_CO[3])
                                                      0.117     9.327 r  cpu_inst/data_mem_inst/led_OBUF[12]_inst_i_5/CO[3]
                         net (fo=1, unplaced)         0.000     9.327    cpu_inst/data_mem_inst/led_OBUF[12]_inst_i_5_n_0
                         CARRY4 (Prop_carry4_CI_CO[2])
                                                      0.252     9.579 f  cpu_inst/data_mem_inst/led_OBUF[12]_inst_i_4/CO[2]
                         net (fo=5, unplaced)         0.480    10.059    cpu_inst/data_mem_inst/ex_branch_taken0
                         LUT4 (Prop_lut4_I1_O)        0.310    10.369 f  cpu_inst/data_mem_inst/fetch_buffer_instruction[31]_i_4/O
                         net (fo=110, unplaced)       0.551    10.920    cpu_inst/data_mem_inst/fetch_buffer_instruction[31]_i_4_n_0
                         LUT2 (Prop_lut2_I0_O)        0.124    11.044 f  cpu_inst/data_mem_inst/id_ex_reg[use_imm]_i_3/O
                         net (fo=87, unplaced)        0.545    11.589    cpu_inst/data_mem_inst/beq_prefetch_pending1
                         LUT5 (Prop_lut5_I4_O)        0.124    11.713 r  cpu_inst/data_mem_inst/instruction_b_reg_i_16/O
                         net (fo=12, unplaced)        0.950    12.663    cpu_inst/instr_mem_inst/id_beq_prefetch_request
                         LUT6 (Prop_lut6_I2_O)        0.124    12.787 r  cpu_inst/instr_mem_inst/p_0_out_inferred__0/instruction_b_reg_i_11/O
                         net (fo=1, unplaced)         1.111    13.898    cpu_inst/instr_mem_inst/p_0_out_inferred__0/instruction_b_reg_i_11_n_0
                         LUT6 (Prop_lut6_I1_O)        0.124    14.022 r  cpu_inst/instr_mem_inst/p_0_out_inferred__0/instruction_b_reg_i_1/O
                         net (fo=2, unplaced)         0.800    14.822    cpu_inst/instr_mem_inst/p_0_out_inferred__0/instruction_b_reg_i_1_n_0
                         RAMB18E1                                     r  cpu_inst/instr_mem_inst/instruction_b_reg/RSTRAMB
  -------------------------------------------------------------------    -------------------

                         (clock sys_clk_pin rise edge)
                                                     10.000    10.000 r  <hidden>
                         propagated clock network latency
                                                      2.678    12.678    <hidden>
                         clock pessimism              0.115    12.793    <hidden>
                         clock uncertainty           -0.035    12.758    <hidden>
                         RAMB18E1 (Setup_ramb18e1_CLKBWRCLK_RSTRAMB)
                                                     -0.359    12.399    cpu_inst/instr_mem_inst/instruction_b_reg
  -------------------------------------------------------------------
                         required time                         12.399    <hidden>
                         arrival time                         -14.822    <hidden>
  -------------------------------------------------------------------
                         slack                                 -2.423    <hidden>

Slack (VIOLATED) :        -0.942ns  (required time - arrival time)
  Source:                 cpu_inst/data_mem_inst/mem_reg/CLKARDCLK
                            (rising edge-triggered cell RAMB18E1 clocked by sys_clk_pin  {rise@0.000ns fall@5.000ns period=10.000ns})
  Destination:            cpu_inst/instr_mem_inst/instruction_b_reg/ADDRARDADDR[10]
                            (rising edge-triggered cell RAMB18E1 clocked by sys_clk_pin  {rise@0.000ns fall@5.000ns period=10.000ns})
  Path Group:             sys_clk_pin
  Path Type:              Setup (Max at Slow Process Corner)
  Requirement:            10.000ns  (sys_clk_pin rise@10.000ns - sys_clk_pin rise@0.000ns)
  Data Path Delay:        10.195ns  (logic 4.410ns (43.255%)  route 5.785ns (56.745%))
  Logic Levels:           10  (CARRY4=3 LUT2=1 LUT3=1 LUT4=2 LUT5=2 LUT6=1)
  Clock Path Skew:        -0.145ns (DCD - SCD + CPR)
    Destination Clock Delay (DCD):    2.678ns = ( 12.678 - 10.000 ) 
    Source Clock Delay      (SCD):    2.938ns
    Clock Pessimism Removal (CPR):    0.115ns
  Clock Uncertainty:      0.035ns  ((TSJ^2 + TIJ^2)^1/2 + DJ) / 2 + PE
    Total System Jitter     (TSJ):    0.071ns
    Total Input Jitter      (TIJ):    0.000ns
    Discrete Jitter          (DJ):    0.000ns
    Phase Error              (PE):    0.000ns

    Location             Delay type                Incr(ns)  Path(ns)    Netlist Resource(s)
  -------------------------------------------------------------------    -------------------
                         (clock sys_clk_pin rise edge)
                                                      0.000     0.000 r  <hidden>
                         propagated clock network latency
                                                      2.938     2.938    <hidden>
                         RAMB18E1                     0.000     2.938 r  cpu_inst/data_mem_inst/mem_reg/CLKARDCLK
                         RAMB18E1 (Prop_ramb18e1_CLKARDCLK_DOADO[3])
                                                      2.454     5.392 r  cpu_inst/data_mem_inst/mem_reg/DOADO[3]
                         net (fo=1, unplaced)         0.800     6.192    cpu_inst/data_mem_inst/mem_reg_n_12
                         LUT3 (Prop_lut3_I0_O)        0.124     6.316 r  cpu_inst/data_mem_inst/regs[1][3]_i_1/O
                         net (fo=35, unplaced)        0.975     7.291    cpu_inst/data_mem_inst/wb_write_data[3]
                         LUT5 (Prop_lut5_I2_O)        0.124     7.415 r  cpu_inst/data_mem_inst/ex_mem_reg[store_data][3]_i_1/O
                         net (fo=3, unplaced)         1.129     8.544    cpu_inst/data_mem_inst/ex_mem_reg_reg[alu_result][31][3]
                         LUT6 (Prop_lut6_I1_O)        0.124     8.668 r  cpu_inst/data_mem_inst/led_OBUF[12]_inst_i_16/O
                         net (fo=1, unplaced)         0.000     8.668    cpu_inst/data_mem_inst/led_OBUF[12]_inst_i_16_n_0
                         CARRY4 (Prop_carry4_S[1]_CO[3])
                                                      0.533     9.201 r  cpu_inst/data_mem_inst/led_OBUF[12]_inst_i_9/CO[3]
                         net (fo=1, unplaced)         0.009     9.210    cpu_inst/data_mem_inst/led_OBUF[12]_inst_i_9_n_0
                         CARRY4 (Prop_carry4_CI_CO[3])
                                                      0.117     9.327 r  cpu_inst/data_mem_inst/led_OBUF[12]_inst_i_5/CO[3]
                         net (fo=1, unplaced)         0.000     9.327    cpu_inst/data_mem_inst/led_OBUF[12]_inst_i_5_n_0
                         CARRY4 (Prop_carry4_CI_CO[2])
                                                      0.252     9.579 f  cpu_inst/data_mem_inst/led_OBUF[12]_inst_i_4/CO[2]
                         net (fo=5, unplaced)         0.480    10.059    cpu_inst/data_mem_inst/ex_branch_taken0
                         LUT4 (Prop_lut4_I1_O)        0.310    10.369 f  cpu_inst/data_mem_inst/fetch_buffer_instruction[31]_i_4/O
                         net (fo=110, unplaced)       0.551    10.920    cpu_inst/data_mem_inst/fetch_buffer_instruction[31]_i_4_n_0
                         LUT2 (Prop_lut2_I0_O)        0.124    11.044 f  cpu_inst/data_mem_inst/id_ex_reg[use_imm]_i_3/O
                         net (fo=87, unplaced)        0.545    11.589    cpu_inst/data_mem_inst/beq_prefetch_pending1
                         LUT5 (Prop_lut5_I4_O)        0.124    11.713 r  cpu_inst/data_mem_inst/instruction_b_reg_i_16/O
                         net (fo=12, unplaced)        0.497    12.210    cpu_inst/data_mem_inst/id_beq_prefetch_request
                         LUT4 (Prop_lut4_I1_O)        0.124    12.334 r  cpu_inst/data_mem_inst/instruction_b_reg_i_3/O
                         net (fo=2, unplaced)         0.800    13.134    cpu_inst/instr_mem_inst/branch_prefetch_addr[6]
                         RAMB18E1                                     r  cpu_inst/instr_mem_inst/instruction_b_reg/ADDRARDADDR[10]
  -------------------------------------------------------------------    -------------------

                         (clock sys_clk_pin rise edge)
                                                     10.000    10.000 r  <hidden>
                         propagated clock network latency
                                                      2.678    12.678    <hidden>
                         clock pessimism              0.115    12.793    <hidden>
                         clock uncertainty           -0.035    12.758    <hidden>
                         RAMB18E1 (Setup_ramb18e1_CLKARDCLK_ADDRARDADDR[10])
                                                     -0.566    12.192    cpu_inst/instr_mem_inst/instruction_b_reg
  -------------------------------------------------------------------
                         required time                         12.192    <hidden>
                         arrival time                         -13.134    <hidden>
  -------------------------------------------------------------------
                         slack                                 -0.942    <hidden>

Slack (VIOLATED) :        -0.942ns  (required time - arrival time)
  Source:                 cpu_inst/data_mem_inst/mem_reg/CLKARDCLK
                            (rising edge-triggered cell RAMB18E1 clocked by sys_clk_pin  {rise@0.000ns fall@5.000ns period=10.000ns})
  Destination:            cpu_inst/instr_mem_inst/instruction_b_reg/ADDRARDADDR[11]
                            (rising edge-triggered cell RAMB18E1 clocked by sys_clk_pin  {rise@0.000ns fall@5.000ns period=10.000ns})
  Path Group:             sys_clk_pin
  Path Type:              Setup (Max at Slow Process Corner)
  Requirement:            10.000ns  (sys_clk_pin rise@10.000ns - sys_clk_pin rise@0.000ns)
  Data Path Delay:        10.195ns  (logic 4.410ns (43.255%)  route 5.785ns (56.745%))
  Logic Levels:           10  (CARRY4=3 LUT2=1 LUT3=1 LUT4=2 LUT5=2 LUT6=1)
  Clock Path Skew:        -0.145ns (DCD - SCD + CPR)
    Destination Clock Delay (DCD):    2.678ns = ( 12.678 - 10.000 ) 
    Source Clock Delay      (SCD):    2.938ns
    Clock Pessimism Removal (CPR):    0.115ns
  Clock Uncertainty:      0.035ns  ((TSJ^2 + TIJ^2)^1/2 + DJ) / 2 + PE
    Total System Jitter     (TSJ):    0.071ns
    Total Input Jitter      (TIJ):    0.000ns
    Discrete Jitter          (DJ):    0.000ns
    Phase Error              (PE):    0.000ns

    Location             Delay type                Incr(ns)  Path(ns)    Netlist Resource(s)
  -------------------------------------------------------------------    -------------------
                         (clock sys_clk_pin rise edge)
                                                      0.000     0.000 r  <hidden>
                         propagated clock network latency
                                                      2.938     2.938    <hidden>
                         RAMB18E1                     0.000     2.938 r  cpu_inst/data_mem_inst/mem_reg/CLKARDCLK
                         RAMB18E1 (Prop_ramb18e1_CLKARDCLK_DOADO[3])
                                                      2.454     5.392 r  cpu_inst/data_mem_inst/mem_reg/DOADO[3]
                         net (fo=1, unplaced)         0.800     6.192    cpu_inst/data_mem_inst/mem_reg_n_12
                         LUT3 (Prop_lut3_I0_O)        0.124     6.316 r  cpu_inst/data_mem_inst/regs[1][3]_i_1/O
                         net (fo=35, unplaced)        0.975     7.291    cpu_inst/data_mem_inst/wb_write_data[3]
                         LUT5 (Prop_lut5_I2_O)        0.124     7.415 r  cpu_inst/data_mem_inst/ex_mem_reg[store_data][3]_i_1/O
                         net (fo=3, unplaced)         1.129     8.544    cpu_inst/data_mem_inst/ex_mem_reg_reg[alu_result][31][3]
                         LUT6 (Prop_lut6_I1_O)        0.124     8.668 r  cpu_inst/data_mem_inst/led_OBUF[12]_inst_i_16/O
                         net (fo=1, unplaced)         0.000     8.668    cpu_inst/data_mem_inst/led_OBUF[12]_inst_i_16_n_0
                         CARRY4 (Prop_carry4_S[1]_CO[3])
                                                      0.533     9.201 r  cpu_inst/data_mem_inst/led_OBUF[12]_inst_i_9/CO[3]
                         net (fo=1, unplaced)         0.009     9.210    cpu_inst/data_mem_inst/led_OBUF[12]_inst_i_9_n_0
                         CARRY4 (Prop_carry4_CI_CO[3])
                                                      0.117     9.327 r  cpu_inst/data_mem_inst/led_OBUF[12]_inst_i_5/CO[3]
                         net (fo=1, unplaced)         0.000     9.327    cpu_inst/data_mem_inst/led_OBUF[12]_inst_i_5_n_0
                         CARRY4 (Prop_carry4_CI_CO[2])
                                                      0.252     9.579 f  cpu_inst/data_mem_inst/led_OBUF[12]_inst_i_4/CO[2]
                         net (fo=5, unplaced)         0.480    10.059    cpu_inst/data_mem_inst/ex_branch_taken0
                         LUT4 (Prop_lut4_I1_O)        0.310    10.369 f  cpu_inst/data_mem_inst/fetch_buffer_instruction[31]_i_4/O
                         net (fo=110, unplaced)       0.551    10.920    cpu_inst/data_mem_inst/fetch_buffer_instruction[31]_i_4_n_0
                         LUT2 (Prop_lut2_I0_O)        0.124    11.044 f  cpu_inst/data_mem_inst/id_ex_reg[use_imm]_i_3/O
                         net (fo=87, unplaced)        0.545    11.589    cpu_inst/data_mem_inst/beq_prefetch_pending1
                         LUT5 (Prop_lut5_I4_O)        0.124    11.713 r  cpu_inst/data_mem_inst/instruction_b_reg_i_16/O
                         net (fo=12, unplaced)        0.497    12.210    cpu_inst/data_mem_inst/id_beq_prefetch_request
                         LUT4 (Prop_lut4_I1_O)        0.124    12.334 r  cpu_inst/data_mem_inst/instruction_b_reg_i_2/O
                         net (fo=2, unplaced)         0.800    13.134    cpu_inst/instr_mem_inst/branch_prefetch_addr[7]
                         RAMB18E1                                     r  cpu_inst/instr_mem_inst/instruction_b_reg/ADDRARDADDR[11]
  -------------------------------------------------------------------    -------------------

                         (clock sys_clk_pin rise edge)
                                                     10.000    10.000 r  <hidden>
                         propagated clock network latency
                                                      2.678    12.678    <hidden>
                         clock pessimism              0.115    12.793    <hidden>
                         clock uncertainty           -0.035    12.758    <hidden>
                         RAMB18E1 (Setup_ramb18e1_CLKARDCLK_ADDRARDADDR[11])
                                                     -0.566    12.192    cpu_inst/instr_mem_inst/instruction_b_reg
  -------------------------------------------------------------------
                         required time                         12.192    <hidden>
                         arrival time                         -13.134    <hidden>
  -------------------------------------------------------------------
                         slack                                 -0.942    <hidden>

Slack (VIOLATED) :        -0.942ns  (required time - arrival time)
  Source:                 cpu_inst/data_mem_inst/mem_reg/CLKARDCLK
                            (rising edge-triggered cell RAMB18E1 clocked by sys_clk_pin  {rise@0.000ns fall@5.000ns period=10.000ns})
  Destination:            cpu_inst/instr_mem_inst/instruction_b_reg/ADDRARDADDR[4]
                            (rising edge-triggered cell RAMB18E1 clocked by sys_clk_pin  {rise@0.000ns fall@5.000ns period=10.000ns})
  Path Group:             sys_clk_pin
  Path Type:              Setup (Max at Slow Process Corner)
  Requirement:            10.000ns  (sys_clk_pin rise@10.000ns - sys_clk_pin rise@0.000ns)
  Data Path Delay:        10.195ns  (logic 4.410ns (43.255%)  route 5.785ns (56.745%))
  Logic Levels:           10  (CARRY4=3 LUT2=1 LUT3=1 LUT4=2 LUT5=2 LUT6=1)
  Clock Path Skew:        -0.145ns (DCD - SCD + CPR)
    Destination Clock Delay (DCD):    2.678ns = ( 12.678 - 10.000 ) 
    Source Clock Delay      (SCD):    2.938ns
    Clock Pessimism Removal (CPR):    0.115ns
  Clock Uncertainty:      0.035ns  ((TSJ^2 + TIJ^2)^1/2 + DJ) / 2 + PE
    Total System Jitter     (TSJ):    0.071ns
    Total Input Jitter      (TIJ):    0.000ns
    Discrete Jitter          (DJ):    0.000ns
    Phase Error              (PE):    0.000ns

    Location             Delay type                Incr(ns)  Path(ns)    Netlist Resource(s)
  -------------------------------------------------------------------    -------------------
                         (clock sys_clk_pin rise edge)
                                                      0.000     0.000 r  <hidden>
                         propagated clock network latency
                                                      2.938     2.938    <hidden>
                         RAMB18E1                     0.000     2.938 r  cpu_inst/data_mem_inst/mem_reg/CLKARDCLK
                         RAMB18E1 (Prop_ramb18e1_CLKARDCLK_DOADO[3])
                                                      2.454     5.392 r  cpu_inst/data_mem_inst/mem_reg/DOADO[3]
                         net (fo=1, unplaced)         0.800     6.192    cpu_inst/data_mem_inst/mem_reg_n_12
                         LUT3 (Prop_lut3_I0_O)        0.124     6.316 r  cpu_inst/data_mem_inst/regs[1][3]_i_1/O
                         net (fo=35, unplaced)        0.975     7.291    cpu_inst/data_mem_inst/wb_write_data[3]
                         LUT5 (Prop_lut5_I2_O)        0.124     7.415 r  cpu_inst/data_mem_inst/ex_mem_reg[store_data][3]_i_1/O
                         net (fo=3, unplaced)         1.129     8.544    cpu_inst/data_mem_inst/ex_mem_reg_reg[alu_result][31][3]
                         LUT6 (Prop_lut6_I1_O)        0.124     8.668 r  cpu_inst/data_mem_inst/led_OBUF[12]_inst_i_16/O
                         net (fo=1, unplaced)         0.000     8.668    cpu_inst/data_mem_inst/led_OBUF[12]_inst_i_16_n_0
                         CARRY4 (Prop_carry4_S[1]_CO[3])
                                                      0.533     9.201 r  cpu_inst/data_mem_inst/led_OBUF[12]_inst_i_9/CO[3]
                         net (fo=1, unplaced)         0.009     9.210    cpu_inst/data_mem_inst/led_OBUF[12]_inst_i_9_n_0
                         CARRY4 (Prop_carry4_CI_CO[3])
                                                      0.117     9.327 r  cpu_inst/data_mem_inst/led_OBUF[12]_inst_i_5/CO[3]
                         net (fo=1, unplaced)         0.000     9.327    cpu_inst/data_mem_inst/led_OBUF[12]_inst_i_5_n_0
                         CARRY4 (Prop_carry4_CI_CO[2])
                                                      0.252     9.579 f  cpu_inst/data_mem_inst/led_OBUF[12]_inst_i_4/CO[2]
                         net (fo=5, unplaced)         0.480    10.059    cpu_inst/data_mem_inst/ex_branch_taken0
                         LUT4 (Prop_lut4_I1_O)        0.310    10.369 f  cpu_inst/data_mem_inst/fetch_buffer_instruction[31]_i_4/O
                         net (fo=110, unplaced)       0.551    10.920    cpu_inst/data_mem_inst/fetch_buffer_instruction[31]_i_4_n_0
                         LUT2 (Prop_lut2_I0_O)        0.124    11.044 f  cpu_inst/data_mem_inst/id_ex_reg[use_imm]_i_3/O
                         net (fo=87, unplaced)        0.545    11.589    cpu_inst/data_mem_inst/beq_prefetch_pending1
                         LUT5 (Prop_lut5_I4_O)        0.124    11.713 r  cpu_inst/data_mem_inst/instruction_b_reg_i_16/O
                         net (fo=12, unplaced)        0.497    12.210    cpu_inst/data_mem_inst/id_beq_prefetch_request
                         LUT4 (Prop_lut4_I1_O)        0.124    12.334 r  cpu_inst/data_mem_inst/instruction_b_reg_i_9/O
                         net (fo=2, unplaced)         0.800    13.134    cpu_inst/instr_mem_inst/branch_prefetch_addr[0]
                         RAMB18E1                                     r  cpu_inst/instr_mem_inst/instruction_b_reg/ADDRARDADDR[4]
  -------------------------------------------------------------------    -------------------

                         (clock sys_clk_pin rise edge)
                                                     10.000    10.000 r  <hidden>
                         propagated clock network latency
                                                      2.678    12.678    <hidden>
                         clock pessimism              0.115    12.793    <hidden>
                         clock uncertainty           -0.035    12.758    <hidden>
                         RAMB18E1 (Setup_ramb18e1_CLKARDCLK_ADDRARDADDR[4])
                                                     -0.566    12.192    cpu_inst/instr_mem_inst/instruction_b_reg
  -------------------------------------------------------------------
                         required time                         12.192    <hidden>
                         arrival time                         -13.134    <hidden>
  -------------------------------------------------------------------
                         slack                                 -0.942    <hidden>

Slack (VIOLATED) :        -0.942ns  (required time - arrival time)
  Source:                 cpu_inst/data_mem_inst/mem_reg/CLKARDCLK
                            (rising edge-triggered cell RAMB18E1 clocked by sys_clk_pin  {rise@0.000ns fall@5.000ns period=10.000ns})
  Destination:            cpu_inst/instr_mem_inst/instruction_b_reg/ADDRARDADDR[5]
                            (rising edge-triggered cell RAMB18E1 clocked by sys_clk_pin  {rise@0.000ns fall@5.000ns period=10.000ns})
  Path Group:             sys_clk_pin
  Path Type:              Setup (Max at Slow Process Corner)
  Requirement:            10.000ns  (sys_clk_pin rise@10.000ns - sys_clk_pin rise@0.000ns)
  Data Path Delay:        10.195ns  (logic 4.410ns (43.255%)  route 5.785ns (56.745%))
  Logic Levels:           10  (CARRY4=3 LUT2=1 LUT3=1 LUT4=2 LUT5=2 LUT6=1)
  Clock Path Skew:        -0.145ns (DCD - SCD + CPR)
    Destination Clock Delay (DCD):    2.678ns = ( 12.678 - 10.000 ) 
    Source Clock Delay      (SCD):    2.938ns
    Clock Pessimism Removal (CPR):    0.115ns
  Clock Uncertainty:      0.035ns  ((TSJ^2 + TIJ^2)^1/2 + DJ) / 2 + PE
    Total System Jitter     (TSJ):    0.071ns
    Total Input Jitter      (TIJ):    0.000ns
    Discrete Jitter          (DJ):    0.000ns
    Phase Error              (PE):    0.000ns

    Location             Delay type                Incr(ns)  Path(ns)    Netlist Resource(s)
  -------------------------------------------------------------------    -------------------
                         (clock sys_clk_pin rise edge)
                                                      0.000     0.000 r  <hidden>
                         propagated clock network latency
                                                      2.938     2.938    <hidden>
                         RAMB18E1                     0.000     2.938 r  cpu_inst/data_mem_inst/mem_reg/CLKARDCLK
                         RAMB18E1 (Prop_ramb18e1_CLKARDCLK_DOADO[3])
                                                      2.454     5.392 r  cpu_inst/data_mem_inst/mem_reg/DOADO[3]
                         net (fo=1, unplaced)         0.800     6.192    cpu_inst/data_mem_inst/mem_reg_n_12
                         LUT3 (Prop_lut3_I0_O)        0.124     6.316 r  cpu_inst/data_mem_inst/regs[1][3]_i_1/O
                         net (fo=35, unplaced)        0.975     7.291    cpu_inst/data_mem_inst/wb_write_data[3]
                         LUT5 (Prop_lut5_I2_O)        0.124     7.415 r  cpu_inst/data_mem_inst/ex_mem_reg[store_data][3]_i_1/O
                         net (fo=3, unplaced)         1.129     8.544    cpu_inst/data_mem_inst/ex_mem_reg_reg[alu_result][31][3]
                         LUT6 (Prop_lut6_I1_O)        0.124     8.668 r  cpu_inst/data_mem_inst/led_OBUF[12]_inst_i_16/O
                         net (fo=1, unplaced)         0.000     8.668    cpu_inst/data_mem_inst/led_OBUF[12]_inst_i_16_n_0
                         CARRY4 (Prop_carry4_S[1]_CO[3])
                                                      0.533     9.201 r  cpu_inst/data_mem_inst/led_OBUF[12]_inst_i_9/CO[3]
                         net (fo=1, unplaced)         0.009     9.210    cpu_inst/data_mem_inst/led_OBUF[12]_inst_i_9_n_0
                         CARRY4 (Prop_carry4_CI_CO[3])
                                                      0.117     9.327 r  cpu_inst/data_mem_inst/led_OBUF[12]_inst_i_5/CO[3]
                         net (fo=1, unplaced)         0.000     9.327    cpu_inst/data_mem_inst/led_OBUF[12]_inst_i_5_n_0
                         CARRY4 (Prop_carry4_CI_CO[2])
                                                      0.252     9.579 f  cpu_inst/data_mem_inst/led_OBUF[12]_inst_i_4/CO[2]
                         net (fo=5, unplaced)         0.480    10.059    cpu_inst/data_mem_inst/ex_branch_taken0
                         LUT4 (Prop_lut4_I1_O)        0.310    10.369 f  cpu_inst/data_mem_inst/fetch_buffer_instruction[31]_i_4/O
                         net (fo=110, unplaced)       0.551    10.920    cpu_inst/data_mem_inst/fetch_buffer_instruction[31]_i_4_n_0
                         LUT2 (Prop_lut2_I0_O)        0.124    11.044 f  cpu_inst/data_mem_inst/id_ex_reg[use_imm]_i_3/O
                         net (fo=87, unplaced)        0.545    11.589    cpu_inst/data_mem_inst/beq_prefetch_pending1
                         LUT5 (Prop_lut5_I4_O)        0.124    11.713 r  cpu_inst/data_mem_inst/instruction_b_reg_i_16/O
                         net (fo=12, unplaced)        0.497    12.210    cpu_inst/data_mem_inst/id_beq_prefetch_request
                         LUT4 (Prop_lut4_I1_O)        0.124    12.334 r  cpu_inst/data_mem_inst/instruction_b_reg_i_8/O
                         net (fo=2, unplaced)         0.800    13.134    cpu_inst/instr_mem_inst/branch_prefetch_addr[1]
                         RAMB18E1                                     r  cpu_inst/instr_mem_inst/instruction_b_reg/ADDRARDADDR[5]
  -------------------------------------------------------------------    -------------------

                         (clock sys_clk_pin rise edge)
                                                     10.000    10.000 r  <hidden>
                         propagated clock network latency
                                                      2.678    12.678    <hidden>
                         clock pessimism              0.115    12.793    <hidden>
                         clock uncertainty           -0.035    12.758    <hidden>
                         RAMB18E1 (Setup_ramb18e1_CLKARDCLK_ADDRARDADDR[5])
                                                     -0.566    12.192    cpu_inst/instr_mem_inst/instruction_b_reg
  -------------------------------------------------------------------
                         required time                         12.192    <hidden>
                         arrival time                         -13.134    <hidden>
  -------------------------------------------------------------------
                         slack                                 -0.942    <hidden>

Slack (VIOLATED) :        -0.942ns  (required time - arrival time)
  Source:                 cpu_inst/data_mem_inst/mem_reg/CLKARDCLK
                            (rising edge-triggered cell RAMB18E1 clocked by sys_clk_pin  {rise@0.000ns fall@5.000ns period=10.000ns})
  Destination:            cpu_inst/instr_mem_inst/instruction_b_reg/ADDRARDADDR[6]
                            (rising edge-triggered cell RAMB18E1 clocked by sys_clk_pin  {rise@0.000ns fall@5.000ns period=10.000ns})
  Path Group:             sys_clk_pin
  Path Type:              Setup (Max at Slow Process Corner)
  Requirement:            10.000ns  (sys_clk_pin rise@10.000ns - sys_clk_pin rise@0.000ns)
  Data Path Delay:        10.195ns  (logic 4.410ns (43.255%)  route 5.785ns (56.745%))
  Logic Levels:           10  (CARRY4=3 LUT2=1 LUT3=1 LUT4=2 LUT5=2 LUT6=1)
  Clock Path Skew:        -0.145ns (DCD - SCD + CPR)
    Destination Clock Delay (DCD):    2.678ns = ( 12.678 - 10.000 ) 
    Source Clock Delay      (SCD):    2.938ns
    Clock Pessimism Removal (CPR):    0.115ns
  Clock Uncertainty:      0.035ns  ((TSJ^2 + TIJ^2)^1/2 + DJ) / 2 + PE
    Total System Jitter     (TSJ):    0.071ns
    Total Input Jitter      (TIJ):    0.000ns
    Discrete Jitter          (DJ):    0.000ns
    Phase Error              (PE):    0.000ns

    Location             Delay type                Incr(ns)  Path(ns)    Netlist Resource(s)
  -------------------------------------------------------------------    -------------------
                         (clock sys_clk_pin rise edge)
                                                      0.000     0.000 r  <hidden>
                         propagated clock network latency
                                                      2.938     2.938    <hidden>
                         RAMB18E1                     0.000     2.938 r  cpu_inst/data_mem_inst/mem_reg/CLKARDCLK
                         RAMB18E1 (Prop_ramb18e1_CLKARDCLK_DOADO[3])
                                                      2.454     5.392 r  cpu_inst/data_mem_inst/mem_reg/DOADO[3]
                         net (fo=1, unplaced)         0.800     6.192    cpu_inst/data_mem_inst/mem_reg_n_12
                         LUT3 (Prop_lut3_I0_O)        0.124     6.316 r  cpu_inst/data_mem_inst/regs[1][3]_i_1/O
                         net (fo=35, unplaced)        0.975     7.291    cpu_inst/data_mem_inst/wb_write_data[3]
                         LUT5 (Prop_lut5_I2_O)        0.124     7.415 r  cpu_inst/data_mem_inst/ex_mem_reg[store_data][3]_i_1/O
                         net (fo=3, unplaced)         1.129     8.544    cpu_inst/data_mem_inst/ex_mem_reg_reg[alu_result][31][3]
                         LUT6 (Prop_lut6_I1_O)        0.124     8.668 r  cpu_inst/data_mem_inst/led_OBUF[12]_inst_i_16/O
                         net (fo=1, unplaced)         0.000     8.668    cpu_inst/data_mem_inst/led_OBUF[12]_inst_i_16_n_0
                         CARRY4 (Prop_carry4_S[1]_CO[3])
                                                      0.533     9.201 r  cpu_inst/data_mem_inst/led_OBUF[12]_inst_i_9/CO[3]
                         net (fo=1, unplaced)         0.009     9.210    cpu_inst/data_mem_inst/led_OBUF[12]_inst_i_9_n_0
                         CARRY4 (Prop_carry4_CI_CO[3])
                                                      0.117     9.327 r  cpu_inst/data_mem_inst/led_OBUF[12]_inst_i_5/CO[3]
                         net (fo=1, unplaced)         0.000     9.327    cpu_inst/data_mem_inst/led_OBUF[12]_inst_i_5_n_0
                         CARRY4 (Prop_carry4_CI_CO[2])
                                                      0.252     9.579 f  cpu_inst/data_mem_inst/led_OBUF[12]_inst_i_4/CO[2]
                         net (fo=5, unplaced)         0.480    10.059    cpu_inst/data_mem_inst/ex_branch_taken0
                         LUT4 (Prop_lut4_I1_O)        0.310    10.369 f  cpu_inst/data_mem_inst/fetch_buffer_instruction[31]_i_4/O
                         net (fo=110, unplaced)       0.551    10.920    cpu_inst/data_mem_inst/fetch_buffer_instruction[31]_i_4_n_0
                         LUT2 (Prop_lut2_I0_O)        0.124    11.044 f  cpu_inst/data_mem_inst/id_ex_reg[use_imm]_i_3/O
                         net (fo=87, unplaced)        0.545    11.589    cpu_inst/data_mem_inst/beq_prefetch_pending1
                         LUT5 (Prop_lut5_I4_O)        0.124    11.713 r  cpu_inst/data_mem_inst/instruction_b_reg_i_16/O
                         net (fo=12, unplaced)        0.497    12.210    cpu_inst/data_mem_inst/id_beq_prefetch_request
                         LUT4 (Prop_lut4_I1_O)        0.124    12.334 r  cpu_inst/data_mem_inst/instruction_b_reg_i_7/O
                         net (fo=2, unplaced)         0.800    13.134    cpu_inst/instr_mem_inst/branch_prefetch_addr[2]
                         RAMB18E1                                     r  cpu_inst/instr_mem_inst/instruction_b_reg/ADDRARDADDR[6]
  -------------------------------------------------------------------    -------------------

                         (clock sys_clk_pin rise edge)
                                                     10.000    10.000 r  <hidden>
                         propagated clock network latency
                                                      2.678    12.678    <hidden>
                         clock pessimism              0.115    12.793    <hidden>
                         clock uncertainty           -0.035    12.758    <hidden>
                         RAMB18E1 (Setup_ramb18e1_CLKARDCLK_ADDRARDADDR[6])
                                                     -0.566    12.192    cpu_inst/instr_mem_inst/instruction_b_reg
  -------------------------------------------------------------------
                         required time                         12.192    <hidden>
                         arrival time                         -13.134    <hidden>
  -------------------------------------------------------------------
                         slack                                 -0.942    <hidden>

Slack (VIOLATED) :        -0.942ns  (required time - arrival time)
  Source:                 cpu_inst/data_mem_inst/mem_reg/CLKARDCLK
                            (rising edge-triggered cell RAMB18E1 clocked by sys_clk_pin  {rise@0.000ns fall@5.000ns period=10.000ns})
  Destination:            cpu_inst/instr_mem_inst/instruction_b_reg/ADDRARDADDR[7]
                            (rising edge-triggered cell RAMB18E1 clocked by sys_clk_pin  {rise@0.000ns fall@5.000ns period=10.000ns})
  Path Group:             sys_clk_pin
  Path Type:              Setup (Max at Slow Process Corner)
  Requirement:            10.000ns  (sys_clk_pin rise@10.000ns - sys_clk_pin rise@0.000ns)
  Data Path Delay:        10.195ns  (logic 4.410ns (43.255%)  route 5.785ns (56.745%))
  Logic Levels:           10  (CARRY4=3 LUT2=1 LUT3=1 LUT4=2 LUT5=2 LUT6=1)
  Clock Path Skew:        -0.145ns (DCD - SCD + CPR)
    Destination Clock Delay (DCD):    2.678ns = ( 12.678 - 10.000 ) 
    Source Clock Delay      (SCD):    2.938ns
    Clock Pessimism Removal (CPR):    0.115ns
  Clock Uncertainty:      0.035ns  ((TSJ^2 + TIJ^2)^1/2 + DJ) / 2 + PE
    Total System Jitter     (TSJ):    0.071ns
    Total Input Jitter      (TIJ):    0.000ns
    Discrete Jitter          (DJ):    0.000ns
    Phase Error              (PE):    0.000ns

    Location             Delay type                Incr(ns)  Path(ns)    Netlist Resource(s)
  -------------------------------------------------------------------    -------------------
                         (clock sys_clk_pin rise edge)
                                                      0.000     0.000 r  <hidden>
                         propagated clock network latency
                                                      2.938     2.938    <hidden>
                         RAMB18E1                     0.000     2.938 r  cpu_inst/data_mem_inst/mem_reg/CLKARDCLK
                         RAMB18E1 (Prop_ramb18e1_CLKARDCLK_DOADO[3])
                                                      2.454     5.392 r  cpu_inst/data_mem_inst/mem_reg/DOADO[3]
                         net (fo=1, unplaced)         0.800     6.192    cpu_inst/data_mem_inst/mem_reg_n_12
                         LUT3 (Prop_lut3_I0_O)        0.124     6.316 r  cpu_inst/data_mem_inst/regs[1][3]_i_1/O
                         net (fo=35, unplaced)        0.975     7.291    cpu_inst/data_mem_inst/wb_write_data[3]
                         LUT5 (Prop_lut5_I2_O)        0.124     7.415 r  cpu_inst/data_mem_inst/ex_mem_reg[store_data][3]_i_1/O
                         net (fo=3, unplaced)         1.129     8.544    cpu_inst/data_mem_inst/ex_mem_reg_reg[alu_result][31][3]
                         LUT6 (Prop_lut6_I1_O)        0.124     8.668 r  cpu_inst/data_mem_inst/led_OBUF[12]_inst_i_16/O
                         net (fo=1, unplaced)         0.000     8.668    cpu_inst/data_mem_inst/led_OBUF[12]_inst_i_16_n_0
                         CARRY4 (Prop_carry4_S[1]_CO[3])
                                                      0.533     9.201 r  cpu_inst/data_mem_inst/led_OBUF[12]_inst_i_9/CO[3]
                         net (fo=1, unplaced)         0.009     9.210    cpu_inst/data_mem_inst/led_OBUF[12]_inst_i_9_n_0
                         CARRY4 (Prop_carry4_CI_CO[3])
                                                      0.117     9.327 r  cpu_inst/data_mem_inst/led_OBUF[12]_inst_i_5/CO[3]
                         net (fo=1, unplaced)         0.000     9.327    cpu_inst/data_mem_inst/led_OBUF[12]_inst_i_5_n_0
                         CARRY4 (Prop_carry4_CI_CO[2])
                                                      0.252     9.579 f  cpu_inst/data_mem_inst/led_OBUF[12]_inst_i_4/CO[2]
                         net (fo=5, unplaced)         0.480    10.059    cpu_inst/data_mem_inst/ex_branch_taken0
                         LUT4 (Prop_lut4_I1_O)        0.310    10.369 f  cpu_inst/data_mem_inst/fetch_buffer_instruction[31]_i_4/O
                         net (fo=110, unplaced)       0.551    10.920    cpu_inst/data_mem_inst/fetch_buffer_instruction[31]_i_4_n_0
                         LUT2 (Prop_lut2_I0_O)        0.124    11.044 f  cpu_inst/data_mem_inst/id_ex_reg[use_imm]_i_3/O
                         net (fo=87, unplaced)        0.545    11.589    cpu_inst/data_mem_inst/beq_prefetch_pending1
                         LUT5 (Prop_lut5_I4_O)        0.124    11.713 r  cpu_inst/data_mem_inst/instruction_b_reg_i_16/O
                         net (fo=12, unplaced)        0.497    12.210    cpu_inst/data_mem_inst/id_beq_prefetch_request
                         LUT4 (Prop_lut4_I1_O)        0.124    12.334 r  cpu_inst/data_mem_inst/instruction_b_reg_i_6/O
                         net (fo=2, unplaced)         0.800    13.134    cpu_inst/instr_mem_inst/branch_prefetch_addr[3]
                         RAMB18E1                                     r  cpu_inst/instr_mem_inst/instruction_b_reg/ADDRARDADDR[7]
  -------------------------------------------------------------------    -------------------

                         (clock sys_clk_pin rise edge)
                                                     10.000    10.000 r  <hidden>
                         propagated clock network latency
                                                      2.678    12.678    <hidden>
                         clock pessimism              0.115    12.793    <hidden>
                         clock uncertainty           -0.035    12.758    <hidden>
                         RAMB18E1 (Setup_ramb18e1_CLKARDCLK_ADDRARDADDR[7])
                                                     -0.566    12.192    cpu_inst/instr_mem_inst/instruction_b_reg
  -------------------------------------------------------------------
                         required time                         12.192    <hidden>
                         arrival time                         -13.134    <hidden>
  -------------------------------------------------------------------
                         slack                                 -0.942    <hidden>

Slack (VIOLATED) :        -0.942ns  (required time - arrival time)
  Source:                 cpu_inst/data_mem_inst/mem_reg/CLKARDCLK
                            (rising edge-triggered cell RAMB18E1 clocked by sys_clk_pin  {rise@0.000ns fall@5.000ns period=10.000ns})
  Destination:            cpu_inst/instr_mem_inst/instruction_b_reg/ADDRARDADDR[8]
                            (rising edge-triggered cell RAMB18E1 clocked by sys_clk_pin  {rise@0.000ns fall@5.000ns period=10.000ns})
  Path Group:             sys_clk_pin
  Path Type:              Setup (Max at Slow Process Corner)
  Requirement:            10.000ns  (sys_clk_pin rise@10.000ns - sys_clk_pin rise@0.000ns)
  Data Path Delay:        10.195ns  (logic 4.410ns (43.255%)  route 5.785ns (56.745%))
  Logic Levels:           10  (CARRY4=3 LUT2=1 LUT3=1 LUT4=2 LUT5=2 LUT6=1)
  Clock Path Skew:        -0.145ns (DCD - SCD + CPR)
    Destination Clock Delay (DCD):    2.678ns = ( 12.678 - 10.000 ) 
    Source Clock Delay      (SCD):    2.938ns
    Clock Pessimism Removal (CPR):    0.115ns
  Clock Uncertainty:      0.035ns  ((TSJ^2 + TIJ^2)^1/2 + DJ) / 2 + PE
    Total System Jitter     (TSJ):    0.071ns
    Total Input Jitter      (TIJ):    0.000ns
    Discrete Jitter          (DJ):    0.000ns
    Phase Error              (PE):    0.000ns

    Location             Delay type                Incr(ns)  Path(ns)    Netlist Resource(s)
  -------------------------------------------------------------------    -------------------
                         (clock sys_clk_pin rise edge)
                                                      0.000     0.000 r  <hidden>
                         propagated clock network latency
                                                      2.938     2.938    <hidden>
                         RAMB18E1                     0.000     2.938 r  cpu_inst/data_mem_inst/mem_reg/CLKARDCLK
                         RAMB18E1 (Prop_ramb18e1_CLKARDCLK_DOADO[3])
                                                      2.454     5.392 r  cpu_inst/data_mem_inst/mem_reg/DOADO[3]
                         net (fo=1, unplaced)         0.800     6.192    cpu_inst/data_mem_inst/mem_reg_n_12
                         LUT3 (Prop_lut3_I0_O)        0.124     6.316 r  cpu_inst/data_mem_inst/regs[1][3]_i_1/O
                         net (fo=35, unplaced)        0.975     7.291    cpu_inst/data_mem_inst/wb_write_data[3]
                         LUT5 (Prop_lut5_I2_O)        0.124     7.415 r  cpu_inst/data_mem_inst/ex_mem_reg[store_data][3]_i_1/O
                         net (fo=3, unplaced)         1.129     8.544    cpu_inst/data_mem_inst/ex_mem_reg_reg[alu_result][31][3]
                         LUT6 (Prop_lut6_I1_O)        0.124     8.668 r  cpu_inst/data_mem_inst/led_OBUF[12]_inst_i_16/O
                         net (fo=1, unplaced)         0.000     8.668    cpu_inst/data_mem_inst/led_OBUF[12]_inst_i_16_n_0
                         CARRY4 (Prop_carry4_S[1]_CO[3])
                                                      0.533     9.201 r  cpu_inst/data_mem_inst/led_OBUF[12]_inst_i_9/CO[3]
                         net (fo=1, unplaced)         0.009     9.210    cpu_inst/data_mem_inst/led_OBUF[12]_inst_i_9_n_0
                         CARRY4 (Prop_carry4_CI_CO[3])
                                                      0.117     9.327 r  cpu_inst/data_mem_inst/led_OBUF[12]_inst_i_5/CO[3]
                         net (fo=1, unplaced)         0.000     9.327    cpu_inst/data_mem_inst/led_OBUF[12]_inst_i_5_n_0
                         CARRY4 (Prop_carry4_CI_CO[2])
                                                      0.252     9.579 f  cpu_inst/data_mem_inst/led_OBUF[12]_inst_i_4/CO[2]
                         net (fo=5, unplaced)         0.480    10.059    cpu_inst/data_mem_inst/ex_branch_taken0
                         LUT4 (Prop_lut4_I1_O)        0.310    10.369 f  cpu_inst/data_mem_inst/fetch_buffer_instruction[31]_i_4/O
                         net (fo=110, unplaced)       0.551    10.920    cpu_inst/data_mem_inst/fetch_buffer_instruction[31]_i_4_n_0
                         LUT2 (Prop_lut2_I0_O)        0.124    11.044 f  cpu_inst/data_mem_inst/id_ex_reg[use_imm]_i_3/O
                         net (fo=87, unplaced)        0.545    11.589    cpu_inst/data_mem_inst/beq_prefetch_pending1
                         LUT5 (Prop_lut5_I4_O)        0.124    11.713 r  cpu_inst/data_mem_inst/instruction_b_reg_i_16/O
                         net (fo=12, unplaced)        0.497    12.210    cpu_inst/data_mem_inst/id_beq_prefetch_request
                         LUT4 (Prop_lut4_I1_O)        0.124    12.334 r  cpu_inst/data_mem_inst/instruction_b_reg_i_5/O
                         net (fo=2, unplaced)         0.800    13.134    cpu_inst/instr_mem_inst/branch_prefetch_addr[4]
                         RAMB18E1                                     r  cpu_inst/instr_mem_inst/instruction_b_reg/ADDRARDADDR[8]
  -------------------------------------------------------------------    -------------------

                         (clock sys_clk_pin rise edge)
                                                     10.000    10.000 r  <hidden>
                         propagated clock network latency
                                                      2.678    12.678    <hidden>
                         clock pessimism              0.115    12.793    <hidden>
                         clock uncertainty           -0.035    12.758    <hidden>
                         RAMB18E1 (Setup_ramb18e1_CLKARDCLK_ADDRARDADDR[8])
                                                     -0.566    12.192    cpu_inst/instr_mem_inst/instruction_b_reg
  -------------------------------------------------------------------
                         required time                         12.192    <hidden>
                         arrival time                         -13.134    <hidden>
  -------------------------------------------------------------------
                         slack                                 -0.942    <hidden>

Slack (VIOLATED) :        -0.942ns  (required time - arrival time)
  Source:                 cpu_inst/data_mem_inst/mem_reg/CLKARDCLK
                            (rising edge-triggered cell RAMB18E1 clocked by sys_clk_pin  {rise@0.000ns fall@5.000ns period=10.000ns})
  Destination:            cpu_inst/instr_mem_inst/instruction_b_reg/ADDRARDADDR[9]
                            (rising edge-triggered cell RAMB18E1 clocked by sys_clk_pin  {rise@0.000ns fall@5.000ns period=10.000ns})
  Path Group:             sys_clk_pin
  Path Type:              Setup (Max at Slow Process Corner)
  Requirement:            10.000ns  (sys_clk_pin rise@10.000ns - sys_clk_pin rise@0.000ns)
  Data Path Delay:        10.195ns  (logic 4.410ns (43.255%)  route 5.785ns (56.745%))
  Logic Levels:           10  (CARRY4=3 LUT2=1 LUT3=1 LUT4=2 LUT5=2 LUT6=1)
  Clock Path Skew:        -0.145ns (DCD - SCD + CPR)
    Destination Clock Delay (DCD):    2.678ns = ( 12.678 - 10.000 ) 
    Source Clock Delay      (SCD):    2.938ns
    Clock Pessimism Removal (CPR):    0.115ns
  Clock Uncertainty:      0.035ns  ((TSJ^2 + TIJ^2)^1/2 + DJ) / 2 + PE
    Total System Jitter     (TSJ):    0.071ns
    Total Input Jitter      (TIJ):    0.000ns
    Discrete Jitter          (DJ):    0.000ns
    Phase Error              (PE):    0.000ns

    Location             Delay type                Incr(ns)  Path(ns)    Netlist Resource(s)
  -------------------------------------------------------------------    -------------------
                         (clock sys_clk_pin rise edge)
                                                      0.000     0.000 r  <hidden>
                         propagated clock network latency
                                                      2.938     2.938    <hidden>
                         RAMB18E1                     0.000     2.938 r  cpu_inst/data_mem_inst/mem_reg/CLKARDCLK
                         RAMB18E1 (Prop_ramb18e1_CLKARDCLK_DOADO[3])
                                                      2.454     5.392 r  cpu_inst/data_mem_inst/mem_reg/DOADO[3]
                         net (fo=1, unplaced)         0.800     6.192    cpu_inst/data_mem_inst/mem_reg_n_12
                         LUT3 (Prop_lut3_I0_O)        0.124     6.316 r  cpu_inst/data_mem_inst/regs[1][3]_i_1/O
                         net (fo=35, unplaced)        0.975     7.291    cpu_inst/data_mem_inst/wb_write_data[3]
                         LUT5 (Prop_lut5_I2_O)        0.124     7.415 r  cpu_inst/data_mem_inst/ex_mem_reg[store_data][3]_i_1/O
                         net (fo=3, unplaced)         1.129     8.544    cpu_inst/data_mem_inst/ex_mem_reg_reg[alu_result][31][3]
                         LUT6 (Prop_lut6_I1_O)        0.124     8.668 r  cpu_inst/data_mem_inst/led_OBUF[12]_inst_i_16/O
                         net (fo=1, unplaced)         0.000     8.668    cpu_inst/data_mem_inst/led_OBUF[12]_inst_i_16_n_0
                         CARRY4 (Prop_carry4_S[1]_CO[3])
                                                      0.533     9.201 r  cpu_inst/data_mem_inst/led_OBUF[12]_inst_i_9/CO[3]
                         net (fo=1, unplaced)         0.009     9.210    cpu_inst/data_mem_inst/led_OBUF[12]_inst_i_9_n_0
                         CARRY4 (Prop_carry4_CI_CO[3])
                                                      0.117     9.327 r  cpu_inst/data_mem_inst/led_OBUF[12]_inst_i_5/CO[3]
                         net (fo=1, unplaced)         0.000     9.327    cpu_inst/data_mem_inst/led_OBUF[12]_inst_i_5_n_0
                         CARRY4 (Prop_carry4_CI_CO[2])
                                                      0.252     9.579 f  cpu_inst/data_mem_inst/led_OBUF[12]_inst_i_4/CO[2]
                         net (fo=5, unplaced)         0.480    10.059    cpu_inst/data_mem_inst/ex_branch_taken0
                         LUT4 (Prop_lut4_I1_O)        0.310    10.369 f  cpu_inst/data_mem_inst/fetch_buffer_instruction[31]_i_4/O
                         net (fo=110, unplaced)       0.551    10.920    cpu_inst/data_mem_inst/fetch_buffer_instruction[31]_i_4_n_0
                         LUT2 (Prop_lut2_I0_O)        0.124    11.044 f  cpu_inst/data_mem_inst/id_ex_reg[use_imm]_i_3/O
                         net (fo=87, unplaced)        0.545    11.589    cpu_inst/data_mem_inst/beq_prefetch_pending1
                         LUT5 (Prop_lut5_I4_O)        0.124    11.713 r  cpu_inst/data_mem_inst/instruction_b_reg_i_16/O
                         net (fo=12, unplaced)        0.497    12.210    cpu_inst/data_mem_inst/id_beq_prefetch_request
                         LUT4 (Prop_lut4_I1_O)        0.124    12.334 r  cpu_inst/data_mem_inst/instruction_b_reg_i_4/O
                         net (fo=2, unplaced)         0.800    13.134    cpu_inst/instr_mem_inst/branch_prefetch_addr[5]
                         RAMB18E1                                     r  cpu_inst/instr_mem_inst/instruction_b_reg/ADDRARDADDR[9]
  -------------------------------------------------------------------    -------------------

                         (clock sys_clk_pin rise edge)
                                                     10.000    10.000 r  <hidden>
                         propagated clock network latency
                                                      2.678    12.678    <hidden>
                         clock pessimism              0.115    12.793    <hidden>
                         clock uncertainty           -0.035    12.758    <hidden>
                         RAMB18E1 (Setup_ramb18e1_CLKARDCLK_ADDRARDADDR[9])
                                                     -0.566    12.192    cpu_inst/instr_mem_inst/instruction_b_reg
  -------------------------------------------------------------------
                         required time                         12.192    <hidden>
                         arrival time                         -13.134    <hidden>
  -------------------------------------------------------------------
                         slack                                 -0.942    <hidden>




