Copyright 1986-2022 Xilinx, Inc. All Rights Reserved. Copyright 2022-2026 Advanced Micro Devices, Inc. All Rights Reserved.
--------------------------------------------------------------------------------------------------------------------------------------------------------------------------
| Tool Version : Vivado v.2026.1 (win64) Build 6511674 Tue Jun 16 11:02:23 MDT 2026
| Date         : Sun Jul 12 14:33:15 2026
| Host         : DESKTOP-4GB7DVJ running 64-bit major release  (build 9200)
| Command      : report_timing -max_paths 10 -path_type full -file reports/phase13c_timing/perf_directive_9p100ns/timing/fpga_top_pipeline_timingopt_impl_worst_paths.rpt
| Design       : fpga_top_pipeline_timingopt
| Device       : 7a35t-cpg236
| Speed File   : -1  PRODUCTION 1.23 2018-06-13
| Design State : Physopt postRoute
--------------------------------------------------------------------------------------------------------------------------------------------------------------------------

Timing Report

Slack (MET) :             0.166ns  (required time - arrival time)
  Source:                 cpu_inst/data_mem_inst/mem_reg/CLKBWRCLK
                            (rising edge-triggered cell RAMB18E1 clocked by sys_clk_pin  {rise@0.000ns fall@4.550ns period=9.100ns})
  Destination:            cpu_inst/id_ex_reg_reg[operand_b][16]/R
                            (rising edge-triggered cell FDRE clocked by sys_clk_pin  {rise@0.000ns fall@4.550ns period=9.100ns})
  Path Group:             sys_clk_pin
  Path Type:              Setup (Max at Slow Process Corner)
  Requirement:            9.100ns  (sys_clk_pin rise@9.100ns - sys_clk_pin rise@0.000ns)
  Data Path Delay:        8.455ns  (logic 3.834ns (45.344%)  route 4.621ns (54.656%))
  Logic Levels:           6  (CARRY4=1 LUT3=2 LUT5=1 LUT6=2)
  Clock Path Skew:        -0.014ns (DCD - SCD + CPR)
    Destination Clock Delay (DCD):    4.858ns = ( 13.958 - 9.100 ) 
    Source Clock Delay      (SCD):    5.133ns
    Clock Pessimism Removal (CPR):    0.260ns
  Clock Uncertainty:      0.035ns  ((TSJ^2 + TIJ^2)^1/2 + DJ) / 2 + PE
    Total System Jitter     (TSJ):    0.071ns
    Total Input Jitter      (TIJ):    0.000ns
    Discrete Jitter          (DJ):    0.000ns
    Phase Error              (PE):    0.000ns

    Location             Delay type                Incr(ns)  Path(ns)    Netlist Resource(s)
  -------------------------------------------------------------------    -------------------
                         (clock sys_clk_pin rise edge)
                                                      0.000     0.000 r  <hidden>
                         propagated clock network latency
                                                      5.133     5.133    <hidden>
    RAMB18_X0Y2          RAMB18E1                     0.000     5.133 r  cpu_inst/data_mem_inst/mem_reg/CLKBWRCLK
    RAMB18_X0Y2          RAMB18E1 (Prop_ramb18e1_CLKBWRCLK_DOBDO[9])
                                                      2.454     7.587 r  cpu_inst/data_mem_inst/mem_reg/DOBDO[9]
                         net (fo=2, routed)           0.897     8.484    cpu_inst/data_mem_inst/mem_reg_n_22
    SLICE_X4Y5           LUT3 (Prop_lut3_I0_O)        0.124     8.608 r  cpu_inst/data_mem_inst/regs[1][27]_i_1/O
                         net (fo=35, routed)          0.902     9.511    cpu_inst/data_mem_inst/wb_write_data[27]
    SLICE_X10Y7          LUT5 (Prop_lut5_I4_O)        0.124     9.635 r  cpu_inst/data_mem_inst/ex_mem_reg[store_data][27]_i_1/O
                         net (fo=4, routed)           0.975    10.610    cpu_inst/data_mem_inst/ex_store_data[27]
    SLICE_X8Y8           LUT6 (Prop_lut6_I2_O)        0.124    10.734 r  cpu_inst/data_mem_inst/i__carry__1_i_2/O
                         net (fo=1, routed)           0.000    10.734    cpu_inst/data_mem_inst_n_251
    SLICE_X8Y8           CARRY4 (Prop_carry4_S[1]_CO[2])
                                                      0.574    11.308 f  cpu_inst/ex_branch_taken0_inferred__0/i__carry__1/CO[2]
                         net (fo=39, routed)          0.576    11.884    cpu_inst/data_mem_inst/CO[0]
    SLICE_X4Y8           LUT6 (Prop_lut6_I4_O)        0.310    12.194 r  cpu_inst/data_mem_inst/id_ex_reg[imm_ext][12]_i_1/O
                         net (fo=130, routed)         0.328    12.522    cpu_inst/data_mem_inst/id_ex_reg_reg[valid]_1
    SLICE_X4Y8           LUT3 (Prop_lut3_I2_O)        0.124    12.646 r  cpu_inst/data_mem_inst/id_ex_reg[operand_b][31]_i_1/O
                         net (fo=32, routed)          0.942    13.588    cpu_inst/data_mem_inst_n_143
    SLICE_X4Y4           FDRE                                         r  cpu_inst/id_ex_reg_reg[operand_b][16]/R
  -------------------------------------------------------------------    -------------------

                         (clock sys_clk_pin rise edge)
                                                      9.100     9.100 r  <hidden>
                         propagated clock network latency
                                                      4.858    13.958    <hidden>
                         clock pessimism              0.260    14.218    <hidden>
                         clock uncertainty           -0.035    14.183    <hidden>
    SLICE_X4Y4           FDRE (Setup_fdre_C_R)       -0.429    13.754    cpu_inst/id_ex_reg_reg[operand_b][16]
  -------------------------------------------------------------------
                         required time                         13.754    <hidden>
                         arrival time                         -13.588    <hidden>
  -------------------------------------------------------------------
                         slack                                  0.166    <hidden>

Slack (MET) :             0.203ns  (required time - arrival time)
  Source:                 cpu_inst/data_mem_inst/mem_reg/CLKBWRCLK
                            (rising edge-triggered cell RAMB18E1 clocked by sys_clk_pin  {rise@0.000ns fall@4.550ns period=9.100ns})
  Destination:            cpu_inst/id_ex_reg_reg[operand_b][13]/R
                            (rising edge-triggered cell FDRE clocked by sys_clk_pin  {rise@0.000ns fall@4.550ns period=9.100ns})
  Path Group:             sys_clk_pin
  Path Type:              Setup (Max at Slow Process Corner)
  Requirement:            9.100ns  (sys_clk_pin rise@9.100ns - sys_clk_pin rise@0.000ns)
  Data Path Delay:        8.420ns  (logic 3.834ns (45.532%)  route 4.586ns (54.468%))
  Logic Levels:           6  (CARRY4=1 LUT3=2 LUT5=1 LUT6=2)
  Clock Path Skew:        -0.012ns (DCD - SCD + CPR)
    Destination Clock Delay (DCD):    4.860ns = ( 13.960 - 9.100 ) 
    Source Clock Delay      (SCD):    5.133ns
    Clock Pessimism Removal (CPR):    0.260ns
  Clock Uncertainty:      0.035ns  ((TSJ^2 + TIJ^2)^1/2 + DJ) / 2 + PE
    Total System Jitter     (TSJ):    0.071ns
    Total Input Jitter      (TIJ):    0.000ns
    Discrete Jitter          (DJ):    0.000ns
    Phase Error              (PE):    0.000ns

    Location             Delay type                Incr(ns)  Path(ns)    Netlist Resource(s)
  -------------------------------------------------------------------    -------------------
                         (clock sys_clk_pin rise edge)
                                                      0.000     0.000 r  <hidden>
                         propagated clock network latency
                                                      5.133     5.133    <hidden>
    RAMB18_X0Y2          RAMB18E1                     0.000     5.133 r  cpu_inst/data_mem_inst/mem_reg/CLKBWRCLK
    RAMB18_X0Y2          RAMB18E1 (Prop_ramb18e1_CLKBWRCLK_DOBDO[9])
                                                      2.454     7.587 r  cpu_inst/data_mem_inst/mem_reg/DOBDO[9]
                         net (fo=2, routed)           0.897     8.484    cpu_inst/data_mem_inst/mem_reg_n_22
    SLICE_X4Y5           LUT3 (Prop_lut3_I0_O)        0.124     8.608 r  cpu_inst/data_mem_inst/regs[1][27]_i_1/O
                         net (fo=35, routed)          0.902     9.511    cpu_inst/data_mem_inst/wb_write_data[27]
    SLICE_X10Y7          LUT5 (Prop_lut5_I4_O)        0.124     9.635 r  cpu_inst/data_mem_inst/ex_mem_reg[store_data][27]_i_1/O
                         net (fo=4, routed)           0.975    10.610    cpu_inst/data_mem_inst/ex_store_data[27]
    SLICE_X8Y8           LUT6 (Prop_lut6_I2_O)        0.124    10.734 r  cpu_inst/data_mem_inst/i__carry__1_i_2/O
                         net (fo=1, routed)           0.000    10.734    cpu_inst/data_mem_inst_n_251
    SLICE_X8Y8           CARRY4 (Prop_carry4_S[1]_CO[2])
                                                      0.574    11.308 f  cpu_inst/ex_branch_taken0_inferred__0/i__carry__1/CO[2]
                         net (fo=39, routed)          0.576    11.884    cpu_inst/data_mem_inst/CO[0]
    SLICE_X4Y8           LUT6 (Prop_lut6_I4_O)        0.310    12.194 r  cpu_inst/data_mem_inst/id_ex_reg[imm_ext][12]_i_1/O
                         net (fo=130, routed)         0.328    12.522    cpu_inst/data_mem_inst/id_ex_reg_reg[valid]_1
    SLICE_X4Y8           LUT3 (Prop_lut3_I2_O)        0.124    12.646 r  cpu_inst/data_mem_inst/id_ex_reg[operand_b][31]_i_1/O
                         net (fo=32, routed)          0.907    13.553    cpu_inst/data_mem_inst_n_143
    SLICE_X3Y5           FDRE                                         r  cpu_inst/id_ex_reg_reg[operand_b][13]/R
  -------------------------------------------------------------------    -------------------

                         (clock sys_clk_pin rise edge)
                                                      9.100     9.100 r  <hidden>
                         propagated clock network latency
                                                      4.860    13.960    <hidden>
                         clock pessimism              0.260    14.220    <hidden>
                         clock uncertainty           -0.035    14.185    <hidden>
    SLICE_X3Y5           FDRE (Setup_fdre_C_R)       -0.429    13.756    cpu_inst/id_ex_reg_reg[operand_b][13]
  -------------------------------------------------------------------
                         required time                         13.756    <hidden>
                         arrival time                         -13.553    <hidden>
  -------------------------------------------------------------------
                         slack                                  0.203    <hidden>

Slack (MET) :             0.212ns  (required time - arrival time)
  Source:                 cpu_inst/data_mem_inst/mem_reg/CLKBWRCLK
                            (rising edge-triggered cell RAMB18E1 clocked by sys_clk_pin  {rise@0.000ns fall@4.550ns period=9.100ns})
  Destination:            cpu_inst/fetch_buffer_instruction_reg[29]/CE
                            (rising edge-triggered cell FDRE clocked by sys_clk_pin  {rise@0.000ns fall@4.550ns period=9.100ns})
  Path Group:             sys_clk_pin
  Path Type:              Setup (Max at Slow Process Corner)
  Requirement:            9.100ns  (sys_clk_pin rise@9.100ns - sys_clk_pin rise@0.000ns)
  Data Path Delay:        8.563ns  (logic 3.834ns (44.776%)  route 4.729ns (55.224%))
  Logic Levels:           6  (CARRY4=1 LUT3=1 LUT4=1 LUT5=1 LUT6=2)
  Clock Path Skew:        -0.085ns (DCD - SCD + CPR)
    Destination Clock Delay (DCD):    4.787ns = ( 13.887 - 9.100 ) 
    Source Clock Delay      (SCD):    5.133ns
    Clock Pessimism Removal (CPR):    0.260ns
  Clock Uncertainty:      0.035ns  ((TSJ^2 + TIJ^2)^1/2 + DJ) / 2 + PE
    Total System Jitter     (TSJ):    0.071ns
    Total Input Jitter      (TIJ):    0.000ns
    Discrete Jitter          (DJ):    0.000ns
    Phase Error              (PE):    0.000ns

    Location             Delay type                Incr(ns)  Path(ns)    Netlist Resource(s)
  -------------------------------------------------------------------    -------------------
                         (clock sys_clk_pin rise edge)
                                                      0.000     0.000 r  <hidden>
                         propagated clock network latency
                                                      5.133     5.133    <hidden>
    RAMB18_X0Y2          RAMB18E1                     0.000     5.133 r  cpu_inst/data_mem_inst/mem_reg/CLKBWRCLK
    RAMB18_X0Y2          RAMB18E1 (Prop_ramb18e1_CLKBWRCLK_DOBDO[9])
                                                      2.454     7.587 r  cpu_inst/data_mem_inst/mem_reg/DOBDO[9]
                         net (fo=2, routed)           0.897     8.484    cpu_inst/data_mem_inst/mem_reg_n_22
    SLICE_X4Y5           LUT3 (Prop_lut3_I0_O)        0.124     8.608 r  cpu_inst/data_mem_inst/regs[1][27]_i_1/O
                         net (fo=35, routed)          0.902     9.511    cpu_inst/data_mem_inst/wb_write_data[27]
    SLICE_X10Y7          LUT5 (Prop_lut5_I4_O)        0.124     9.635 r  cpu_inst/data_mem_inst/ex_mem_reg[store_data][27]_i_1/O
                         net (fo=4, routed)           0.975    10.610    cpu_inst/data_mem_inst/ex_store_data[27]
    SLICE_X8Y8           LUT6 (Prop_lut6_I2_O)        0.124    10.734 r  cpu_inst/data_mem_inst/i__carry__1_i_2/O
                         net (fo=1, routed)           0.000    10.734    cpu_inst/data_mem_inst_n_251
    SLICE_X8Y8           CARRY4 (Prop_carry4_S[1]_CO[2])
                                                      0.574    11.308 f  cpu_inst/ex_branch_taken0_inferred__0/i__carry__1/CO[2]
                         net (fo=39, routed)          0.668    11.976    cpu_inst/data_mem_inst/CO[0]
    SLICE_X8Y11          LUT4 (Prop_lut4_I2_O)        0.310    12.286 f  cpu_inst/data_mem_inst/fetch_buffer_instruction[31]_i_2/O
                         net (fo=8, routed)           0.534    12.820    cpu_inst/data_mem_inst/fetch_buffer_instruction[31]_i_2_n_0
    SLICE_X9Y11          LUT6 (Prop_lut6_I3_O)        0.124    12.944 r  cpu_inst/data_mem_inst/fetch_buffer_instruction[31]_i_1/O
                         net (fo=63, routed)          0.752    13.695    cpu_inst/fetch_buffer_pc[0]
    SLICE_X11Y13         FDRE                                         r  cpu_inst/fetch_buffer_instruction_reg[29]/CE
  -------------------------------------------------------------------    -------------------

                         (clock sys_clk_pin rise edge)
                                                      9.100     9.100 r  <hidden>
                         propagated clock network latency
                                                      4.787    13.887    <hidden>
                         clock pessimism              0.260    14.147    <hidden>
                         clock uncertainty           -0.035    14.112    <hidden>
    SLICE_X11Y13         FDRE (Setup_fdre_C_CE)      -0.205    13.907    cpu_inst/fetch_buffer_instruction_reg[29]
  -------------------------------------------------------------------
                         required time                         13.907    <hidden>
                         arrival time                         -13.695    <hidden>
  -------------------------------------------------------------------
                         slack                                  0.212    <hidden>

Slack (MET) :             0.212ns  (required time - arrival time)
  Source:                 cpu_inst/data_mem_inst/mem_reg/CLKBWRCLK
                            (rising edge-triggered cell RAMB18E1 clocked by sys_clk_pin  {rise@0.000ns fall@4.550ns period=9.100ns})
  Destination:            cpu_inst/fetch_buffer_pc_reg[24]/CE
                            (rising edge-triggered cell FDRE clocked by sys_clk_pin  {rise@0.000ns fall@4.550ns period=9.100ns})
  Path Group:             sys_clk_pin
  Path Type:              Setup (Max at Slow Process Corner)
  Requirement:            9.100ns  (sys_clk_pin rise@9.100ns - sys_clk_pin rise@0.000ns)
  Data Path Delay:        8.563ns  (logic 3.834ns (44.776%)  route 4.729ns (55.224%))
  Logic Levels:           6  (CARRY4=1 LUT3=1 LUT4=1 LUT5=1 LUT6=2)
  Clock Path Skew:        -0.085ns (DCD - SCD + CPR)
    Destination Clock Delay (DCD):    4.787ns = ( 13.887 - 9.100 ) 
    Source Clock Delay      (SCD):    5.133ns
    Clock Pessimism Removal (CPR):    0.260ns
  Clock Uncertainty:      0.035ns  ((TSJ^2 + TIJ^2)^1/2 + DJ) / 2 + PE
    Total System Jitter     (TSJ):    0.071ns
    Total Input Jitter      (TIJ):    0.000ns
    Discrete Jitter          (DJ):    0.000ns
    Phase Error              (PE):    0.000ns

    Location             Delay type                Incr(ns)  Path(ns)    Netlist Resource(s)
  -------------------------------------------------------------------    -------------------
                         (clock sys_clk_pin rise edge)
                                                      0.000     0.000 r  <hidden>
                         propagated clock network latency
                                                      5.133     5.133    <hidden>
    RAMB18_X0Y2          RAMB18E1                     0.000     5.133 r  cpu_inst/data_mem_inst/mem_reg/CLKBWRCLK
    RAMB18_X0Y2          RAMB18E1 (Prop_ramb18e1_CLKBWRCLK_DOBDO[9])
                                                      2.454     7.587 r  cpu_inst/data_mem_inst/mem_reg/DOBDO[9]
                         net (fo=2, routed)           0.897     8.484    cpu_inst/data_mem_inst/mem_reg_n_22
    SLICE_X4Y5           LUT3 (Prop_lut3_I0_O)        0.124     8.608 r  cpu_inst/data_mem_inst/regs[1][27]_i_1/O
                         net (fo=35, routed)          0.902     9.511    cpu_inst/data_mem_inst/wb_write_data[27]
    SLICE_X10Y7          LUT5 (Prop_lut5_I4_O)        0.124     9.635 r  cpu_inst/data_mem_inst/ex_mem_reg[store_data][27]_i_1/O
                         net (fo=4, routed)           0.975    10.610    cpu_inst/data_mem_inst/ex_store_data[27]
    SLICE_X8Y8           LUT6 (Prop_lut6_I2_O)        0.124    10.734 r  cpu_inst/data_mem_inst/i__carry__1_i_2/O
                         net (fo=1, routed)           0.000    10.734    cpu_inst/data_mem_inst_n_251
    SLICE_X8Y8           CARRY4 (Prop_carry4_S[1]_CO[2])
                                                      0.574    11.308 f  cpu_inst/ex_branch_taken0_inferred__0/i__carry__1/CO[2]
                         net (fo=39, routed)          0.668    11.976    cpu_inst/data_mem_inst/CO[0]
    SLICE_X8Y11          LUT4 (Prop_lut4_I2_O)        0.310    12.286 f  cpu_inst/data_mem_inst/fetch_buffer_instruction[31]_i_2/O
                         net (fo=8, routed)           0.534    12.820    cpu_inst/data_mem_inst/fetch_buffer_instruction[31]_i_2_n_0
    SLICE_X9Y11          LUT6 (Prop_lut6_I3_O)        0.124    12.944 r  cpu_inst/data_mem_inst/fetch_buffer_instruction[31]_i_1/O
                         net (fo=63, routed)          0.752    13.695    cpu_inst/fetch_buffer_pc[0]
    SLICE_X11Y13         FDRE                                         r  cpu_inst/fetch_buffer_pc_reg[24]/CE
  -------------------------------------------------------------------    -------------------

                         (clock sys_clk_pin rise edge)
                                                      9.100     9.100 r  <hidden>
                         propagated clock network latency
                                                      4.787    13.887    <hidden>
                         clock pessimism              0.260    14.147    <hidden>
                         clock uncertainty           -0.035    14.112    <hidden>
    SLICE_X11Y13         FDRE (Setup_fdre_C_CE)      -0.205    13.907    cpu_inst/fetch_buffer_pc_reg[24]
  -------------------------------------------------------------------
                         required time                         13.907    <hidden>
                         arrival time                         -13.695    <hidden>
  -------------------------------------------------------------------
                         slack                                  0.212    <hidden>

Slack (MET) :             0.215ns  (required time - arrival time)
  Source:                 cpu_inst/data_mem_inst/mem_reg/CLKBWRCLK
                            (rising edge-triggered cell RAMB18E1 clocked by sys_clk_pin  {rise@0.000ns fall@4.550ns period=9.100ns})
  Destination:            cpu_inst/id_ex_reg_reg[operand_b][10]/R
                            (rising edge-triggered cell FDRE clocked by sys_clk_pin  {rise@0.000ns fall@4.550ns period=9.100ns})
  Path Group:             sys_clk_pin
  Path Type:              Setup (Max at Slow Process Corner)
  Requirement:            9.100ns  (sys_clk_pin rise@9.100ns - sys_clk_pin rise@0.000ns)
  Data Path Delay:        8.312ns  (logic 3.834ns (46.128%)  route 4.478ns (53.872%))
  Logic Levels:           6  (CARRY4=1 LUT3=2 LUT5=1 LUT6=2)
  Clock Path Skew:        -0.013ns (DCD - SCD + CPR)
    Destination Clock Delay (DCD):    4.859ns = ( 13.959 - 9.100 ) 
    Source Clock Delay      (SCD):    5.133ns
    Clock Pessimism Removal (CPR):    0.260ns
  Clock Uncertainty:      0.035ns  ((TSJ^2 + TIJ^2)^1/2 + DJ) / 2 + PE
    Total System Jitter     (TSJ):    0.071ns
    Total Input Jitter      (TIJ):    0.000ns
    Discrete Jitter          (DJ):    0.000ns
    Phase Error              (PE):    0.000ns

    Location             Delay type                Incr(ns)  Path(ns)    Netlist Resource(s)
  -------------------------------------------------------------------    -------------------
                         (clock sys_clk_pin rise edge)
                                                      0.000     0.000 r  <hidden>
                         propagated clock network latency
                                                      5.133     5.133    <hidden>
    RAMB18_X0Y2          RAMB18E1                     0.000     5.133 r  cpu_inst/data_mem_inst/mem_reg/CLKBWRCLK
    RAMB18_X0Y2          RAMB18E1 (Prop_ramb18e1_CLKBWRCLK_DOBDO[9])
                                                      2.454     7.587 r  cpu_inst/data_mem_inst/mem_reg/DOBDO[9]
                         net (fo=2, routed)           0.897     8.484    cpu_inst/data_mem_inst/mem_reg_n_22
    SLICE_X4Y5           LUT3 (Prop_lut3_I0_O)        0.124     8.608 r  cpu_inst/data_mem_inst/regs[1][27]_i_1/O
                         net (fo=35, routed)          0.902     9.511    cpu_inst/data_mem_inst/wb_write_data[27]
    SLICE_X10Y7          LUT5 (Prop_lut5_I4_O)        0.124     9.635 r  cpu_inst/data_mem_inst/ex_mem_reg[store_data][27]_i_1/O
                         net (fo=4, routed)           0.975    10.610    cpu_inst/data_mem_inst/ex_store_data[27]
    SLICE_X8Y8           LUT6 (Prop_lut6_I2_O)        0.124    10.734 r  cpu_inst/data_mem_inst/i__carry__1_i_2/O
                         net (fo=1, routed)           0.000    10.734    cpu_inst/data_mem_inst_n_251
    SLICE_X8Y8           CARRY4 (Prop_carry4_S[1]_CO[2])
                                                      0.574    11.308 f  cpu_inst/ex_branch_taken0_inferred__0/i__carry__1/CO[2]
                         net (fo=39, routed)          0.576    11.884    cpu_inst/data_mem_inst/CO[0]
    SLICE_X4Y8           LUT6 (Prop_lut6_I4_O)        0.310    12.194 r  cpu_inst/data_mem_inst/id_ex_reg[imm_ext][12]_i_1/O
                         net (fo=130, routed)         0.328    12.522    cpu_inst/data_mem_inst/id_ex_reg_reg[valid]_1
    SLICE_X4Y8           LUT3 (Prop_lut3_I2_O)        0.124    12.646 r  cpu_inst/data_mem_inst/id_ex_reg[operand_b][31]_i_1/O
                         net (fo=32, routed)          0.799    13.444    cpu_inst/data_mem_inst_n_143
    SLICE_X2Y7           FDRE                                         r  cpu_inst/id_ex_reg_reg[operand_b][10]/R
  -------------------------------------------------------------------    -------------------

                         (clock sys_clk_pin rise edge)
                                                      9.100     9.100 r  <hidden>
                         propagated clock network latency
                                                      4.859    13.959    <hidden>
                         clock pessimism              0.260    14.219    <hidden>
                         clock uncertainty           -0.035    14.184    <hidden>
    SLICE_X2Y7           FDRE (Setup_fdre_C_R)       -0.524    13.660    cpu_inst/id_ex_reg_reg[operand_b][10]
  -------------------------------------------------------------------
                         required time                         13.660    <hidden>
                         arrival time                         -13.444    <hidden>
  -------------------------------------------------------------------
                         slack                                  0.215    <hidden>

Slack (MET) :             0.215ns  (required time - arrival time)
  Source:                 cpu_inst/data_mem_inst/mem_reg/CLKBWRCLK
                            (rising edge-triggered cell RAMB18E1 clocked by sys_clk_pin  {rise@0.000ns fall@4.550ns period=9.100ns})
  Destination:            cpu_inst/id_ex_reg_reg[operand_b][14]/R
                            (rising edge-triggered cell FDRE clocked by sys_clk_pin  {rise@0.000ns fall@4.550ns period=9.100ns})
  Path Group:             sys_clk_pin
  Path Type:              Setup (Max at Slow Process Corner)
  Requirement:            9.100ns  (sys_clk_pin rise@9.100ns - sys_clk_pin rise@0.000ns)
  Data Path Delay:        8.312ns  (logic 3.834ns (46.128%)  route 4.478ns (53.872%))
  Logic Levels:           6  (CARRY4=1 LUT3=2 LUT5=1 LUT6=2)
  Clock Path Skew:        -0.013ns (DCD - SCD + CPR)
    Destination Clock Delay (DCD):    4.859ns = ( 13.959 - 9.100 ) 
    Source Clock Delay      (SCD):    5.133ns
    Clock Pessimism Removal (CPR):    0.260ns
  Clock Uncertainty:      0.035ns  ((TSJ^2 + TIJ^2)^1/2 + DJ) / 2 + PE
    Total System Jitter     (TSJ):    0.071ns
    Total Input Jitter      (TIJ):    0.000ns
    Discrete Jitter          (DJ):    0.000ns
    Phase Error              (PE):    0.000ns

    Location             Delay type                Incr(ns)  Path(ns)    Netlist Resource(s)
  -------------------------------------------------------------------    -------------------
                         (clock sys_clk_pin rise edge)
                                                      0.000     0.000 r  <hidden>
                         propagated clock network latency
                                                      5.133     5.133    <hidden>
    RAMB18_X0Y2          RAMB18E1                     0.000     5.133 r  cpu_inst/data_mem_inst/mem_reg/CLKBWRCLK
    RAMB18_X0Y2          RAMB18E1 (Prop_ramb18e1_CLKBWRCLK_DOBDO[9])
                                                      2.454     7.587 r  cpu_inst/data_mem_inst/mem_reg/DOBDO[9]
                         net (fo=2, routed)           0.897     8.484    cpu_inst/data_mem_inst/mem_reg_n_22
    SLICE_X4Y5           LUT3 (Prop_lut3_I0_O)        0.124     8.608 r  cpu_inst/data_mem_inst/regs[1][27]_i_1/O
                         net (fo=35, routed)          0.902     9.511    cpu_inst/data_mem_inst/wb_write_data[27]
    SLICE_X10Y7          LUT5 (Prop_lut5_I4_O)        0.124     9.635 r  cpu_inst/data_mem_inst/ex_mem_reg[store_data][27]_i_1/O
                         net (fo=4, routed)           0.975    10.610    cpu_inst/data_mem_inst/ex_store_data[27]
    SLICE_X8Y8           LUT6 (Prop_lut6_I2_O)        0.124    10.734 r  cpu_inst/data_mem_inst/i__carry__1_i_2/O
                         net (fo=1, routed)           0.000    10.734    cpu_inst/data_mem_inst_n_251
    SLICE_X8Y8           CARRY4 (Prop_carry4_S[1]_CO[2])
                                                      0.574    11.308 f  cpu_inst/ex_branch_taken0_inferred__0/i__carry__1/CO[2]
                         net (fo=39, routed)          0.576    11.884    cpu_inst/data_mem_inst/CO[0]
    SLICE_X4Y8           LUT6 (Prop_lut6_I4_O)        0.310    12.194 r  cpu_inst/data_mem_inst/id_ex_reg[imm_ext][12]_i_1/O
                         net (fo=130, routed)         0.328    12.522    cpu_inst/data_mem_inst/id_ex_reg_reg[valid]_1
    SLICE_X4Y8           LUT3 (Prop_lut3_I2_O)        0.124    12.646 r  cpu_inst/data_mem_inst/id_ex_reg[operand_b][31]_i_1/O
                         net (fo=32, routed)          0.799    13.444    cpu_inst/data_mem_inst_n_143
    SLICE_X2Y7           FDRE                                         r  cpu_inst/id_ex_reg_reg[operand_b][14]/R
  -------------------------------------------------------------------    -------------------

                         (clock sys_clk_pin rise edge)
                                                      9.100     9.100 r  <hidden>
                         propagated clock network latency
                                                      4.859    13.959    <hidden>
                         clock pessimism              0.260    14.219    <hidden>
                         clock uncertainty           -0.035    14.184    <hidden>
    SLICE_X2Y7           FDRE (Setup_fdre_C_R)       -0.524    13.660    cpu_inst/id_ex_reg_reg[operand_b][14]
  -------------------------------------------------------------------
                         required time                         13.660    <hidden>
                         arrival time                         -13.444    <hidden>
  -------------------------------------------------------------------
                         slack                                  0.215    <hidden>

Slack (MET) :             0.215ns  (required time - arrival time)
  Source:                 cpu_inst/data_mem_inst/mem_reg/CLKBWRCLK
                            (rising edge-triggered cell RAMB18E1 clocked by sys_clk_pin  {rise@0.000ns fall@4.550ns period=9.100ns})
  Destination:            cpu_inst/id_ex_reg_reg[operand_b][20]/R
                            (rising edge-triggered cell FDRE clocked by sys_clk_pin  {rise@0.000ns fall@4.550ns period=9.100ns})
  Path Group:             sys_clk_pin
  Path Type:              Setup (Max at Slow Process Corner)
  Requirement:            9.100ns  (sys_clk_pin rise@9.100ns - sys_clk_pin rise@0.000ns)
  Data Path Delay:        8.312ns  (logic 3.834ns (46.128%)  route 4.478ns (53.872%))
  Logic Levels:           6  (CARRY4=1 LUT3=2 LUT5=1 LUT6=2)
  Clock Path Skew:        -0.013ns (DCD - SCD + CPR)
    Destination Clock Delay (DCD):    4.859ns = ( 13.959 - 9.100 ) 
    Source Clock Delay      (SCD):    5.133ns
    Clock Pessimism Removal (CPR):    0.260ns
  Clock Uncertainty:      0.035ns  ((TSJ^2 + TIJ^2)^1/2 + DJ) / 2 + PE
    Total System Jitter     (TSJ):    0.071ns
    Total Input Jitter      (TIJ):    0.000ns
    Discrete Jitter          (DJ):    0.000ns
    Phase Error              (PE):    0.000ns

    Location             Delay type                Incr(ns)  Path(ns)    Netlist Resource(s)
  -------------------------------------------------------------------    -------------------
                         (clock sys_clk_pin rise edge)
                                                      0.000     0.000 r  <hidden>
                         propagated clock network latency
                                                      5.133     5.133    <hidden>
    RAMB18_X0Y2          RAMB18E1                     0.000     5.133 r  cpu_inst/data_mem_inst/mem_reg/CLKBWRCLK
    RAMB18_X0Y2          RAMB18E1 (Prop_ramb18e1_CLKBWRCLK_DOBDO[9])
                                                      2.454     7.587 r  cpu_inst/data_mem_inst/mem_reg/DOBDO[9]
                         net (fo=2, routed)           0.897     8.484    cpu_inst/data_mem_inst/mem_reg_n_22
    SLICE_X4Y5           LUT3 (Prop_lut3_I0_O)        0.124     8.608 r  cpu_inst/data_mem_inst/regs[1][27]_i_1/O
                         net (fo=35, routed)          0.902     9.511    cpu_inst/data_mem_inst/wb_write_data[27]
    SLICE_X10Y7          LUT5 (Prop_lut5_I4_O)        0.124     9.635 r  cpu_inst/data_mem_inst/ex_mem_reg[store_data][27]_i_1/O
                         net (fo=4, routed)           0.975    10.610    cpu_inst/data_mem_inst/ex_store_data[27]
    SLICE_X8Y8           LUT6 (Prop_lut6_I2_O)        0.124    10.734 r  cpu_inst/data_mem_inst/i__carry__1_i_2/O
                         net (fo=1, routed)           0.000    10.734    cpu_inst/data_mem_inst_n_251
    SLICE_X8Y8           CARRY4 (Prop_carry4_S[1]_CO[2])
                                                      0.574    11.308 f  cpu_inst/ex_branch_taken0_inferred__0/i__carry__1/CO[2]
                         net (fo=39, routed)          0.576    11.884    cpu_inst/data_mem_inst/CO[0]
    SLICE_X4Y8           LUT6 (Prop_lut6_I4_O)        0.310    12.194 r  cpu_inst/data_mem_inst/id_ex_reg[imm_ext][12]_i_1/O
                         net (fo=130, routed)         0.328    12.522    cpu_inst/data_mem_inst/id_ex_reg_reg[valid]_1
    SLICE_X4Y8           LUT3 (Prop_lut3_I2_O)        0.124    12.646 r  cpu_inst/data_mem_inst/id_ex_reg[operand_b][31]_i_1/O
                         net (fo=32, routed)          0.799    13.444    cpu_inst/data_mem_inst_n_143
    SLICE_X2Y7           FDRE                                         r  cpu_inst/id_ex_reg_reg[operand_b][20]/R
  -------------------------------------------------------------------    -------------------

                         (clock sys_clk_pin rise edge)
                                                      9.100     9.100 r  <hidden>
                         propagated clock network latency
                                                      4.859    13.959    <hidden>
                         clock pessimism              0.260    14.219    <hidden>
                         clock uncertainty           -0.035    14.184    <hidden>
    SLICE_X2Y7           FDRE (Setup_fdre_C_R)       -0.524    13.660    cpu_inst/id_ex_reg_reg[operand_b][20]
  -------------------------------------------------------------------
                         required time                         13.660    <hidden>
                         arrival time                         -13.444    <hidden>
  -------------------------------------------------------------------
                         slack                                  0.215    <hidden>

Slack (MET) :             0.215ns  (required time - arrival time)
  Source:                 cpu_inst/data_mem_inst/mem_reg/CLKBWRCLK
                            (rising edge-triggered cell RAMB18E1 clocked by sys_clk_pin  {rise@0.000ns fall@4.550ns period=9.100ns})
  Destination:            cpu_inst/id_ex_reg_reg[operand_b][29]/R
                            (rising edge-triggered cell FDRE clocked by sys_clk_pin  {rise@0.000ns fall@4.550ns period=9.100ns})
  Path Group:             sys_clk_pin
  Path Type:              Setup (Max at Slow Process Corner)
  Requirement:            9.100ns  (sys_clk_pin rise@9.100ns - sys_clk_pin rise@0.000ns)
  Data Path Delay:        8.312ns  (logic 3.834ns (46.128%)  route 4.478ns (53.872%))
  Logic Levels:           6  (CARRY4=1 LUT3=2 LUT5=1 LUT6=2)
  Clock Path Skew:        -0.013ns (DCD - SCD + CPR)
    Destination Clock Delay (DCD):    4.859ns = ( 13.959 - 9.100 ) 
    Source Clock Delay      (SCD):    5.133ns
    Clock Pessimism Removal (CPR):    0.260ns
  Clock Uncertainty:      0.035ns  ((TSJ^2 + TIJ^2)^1/2 + DJ) / 2 + PE
    Total System Jitter     (TSJ):    0.071ns
    Total Input Jitter      (TIJ):    0.000ns
    Discrete Jitter          (DJ):    0.000ns
    Phase Error              (PE):    0.000ns

    Location             Delay type                Incr(ns)  Path(ns)    Netlist Resource(s)
  -------------------------------------------------------------------    -------------------
                         (clock sys_clk_pin rise edge)
                                                      0.000     0.000 r  <hidden>
                         propagated clock network latency
                                                      5.133     5.133    <hidden>
    RAMB18_X0Y2          RAMB18E1                     0.000     5.133 r  cpu_inst/data_mem_inst/mem_reg/CLKBWRCLK
    RAMB18_X0Y2          RAMB18E1 (Prop_ramb18e1_CLKBWRCLK_DOBDO[9])
                                                      2.454     7.587 r  cpu_inst/data_mem_inst/mem_reg/DOBDO[9]
                         net (fo=2, routed)           0.897     8.484    cpu_inst/data_mem_inst/mem_reg_n_22
    SLICE_X4Y5           LUT3 (Prop_lut3_I0_O)        0.124     8.608 r  cpu_inst/data_mem_inst/regs[1][27]_i_1/O
                         net (fo=35, routed)          0.902     9.511    cpu_inst/data_mem_inst/wb_write_data[27]
    SLICE_X10Y7          LUT5 (Prop_lut5_I4_O)        0.124     9.635 r  cpu_inst/data_mem_inst/ex_mem_reg[store_data][27]_i_1/O
                         net (fo=4, routed)           0.975    10.610    cpu_inst/data_mem_inst/ex_store_data[27]
    SLICE_X8Y8           LUT6 (Prop_lut6_I2_O)        0.124    10.734 r  cpu_inst/data_mem_inst/i__carry__1_i_2/O
                         net (fo=1, routed)           0.000    10.734    cpu_inst/data_mem_inst_n_251
    SLICE_X8Y8           CARRY4 (Prop_carry4_S[1]_CO[2])
                                                      0.574    11.308 f  cpu_inst/ex_branch_taken0_inferred__0/i__carry__1/CO[2]
                         net (fo=39, routed)          0.576    11.884    cpu_inst/data_mem_inst/CO[0]
    SLICE_X4Y8           LUT6 (Prop_lut6_I4_O)        0.310    12.194 r  cpu_inst/data_mem_inst/id_ex_reg[imm_ext][12]_i_1/O
                         net (fo=130, routed)         0.328    12.522    cpu_inst/data_mem_inst/id_ex_reg_reg[valid]_1
    SLICE_X4Y8           LUT3 (Prop_lut3_I2_O)        0.124    12.646 r  cpu_inst/data_mem_inst/id_ex_reg[operand_b][31]_i_1/O
                         net (fo=32, routed)          0.799    13.444    cpu_inst/data_mem_inst_n_143
    SLICE_X2Y7           FDRE                                         r  cpu_inst/id_ex_reg_reg[operand_b][29]/R
  -------------------------------------------------------------------    -------------------

                         (clock sys_clk_pin rise edge)
                                                      9.100     9.100 r  <hidden>
                         propagated clock network latency
                                                      4.859    13.959    <hidden>
                         clock pessimism              0.260    14.219    <hidden>
                         clock uncertainty           -0.035    14.184    <hidden>
    SLICE_X2Y7           FDRE (Setup_fdre_C_R)       -0.524    13.660    cpu_inst/id_ex_reg_reg[operand_b][29]
  -------------------------------------------------------------------
                         required time                         13.660    <hidden>
                         arrival time                         -13.444    <hidden>
  -------------------------------------------------------------------
                         slack                                  0.215    <hidden>

Slack (MET) :             0.249ns  (required time - arrival time)
  Source:                 cpu_inst/data_mem_inst/mem_reg/CLKBWRCLK
                            (rising edge-triggered cell RAMB18E1 clocked by sys_clk_pin  {rise@0.000ns fall@4.550ns period=9.100ns})
  Destination:            cpu_inst/if_id_reg_reg[instruction][24]/CE
                            (rising edge-triggered cell FDRE clocked by sys_clk_pin  {rise@0.000ns fall@4.550ns period=9.100ns})
  Path Group:             sys_clk_pin
  Path Type:              Setup (Max at Slow Process Corner)
  Requirement:            9.100ns  (sys_clk_pin rise@9.100ns - sys_clk_pin rise@0.000ns)
  Data Path Delay:        8.592ns  (logic 3.834ns (44.621%)  route 4.758ns (55.379%))
  Logic Levels:           6  (CARRY4=1 LUT3=1 LUT4=1 LUT5=1 LUT6=2)
  Clock Path Skew:        -0.018ns (DCD - SCD + CPR)
    Destination Clock Delay (DCD):    4.854ns = ( 13.954 - 9.100 ) 
    Source Clock Delay      (SCD):    5.133ns
    Clock Pessimism Removal (CPR):    0.260ns
  Clock Uncertainty:      0.035ns  ((TSJ^2 + TIJ^2)^1/2 + DJ) / 2 + PE
    Total System Jitter     (TSJ):    0.071ns
    Total Input Jitter      (TIJ):    0.000ns
    Discrete Jitter          (DJ):    0.000ns
    Phase Error              (PE):    0.000ns

    Location             Delay type                Incr(ns)  Path(ns)    Netlist Resource(s)
  -------------------------------------------------------------------    -------------------
                         (clock sys_clk_pin rise edge)
                                                      0.000     0.000 r  <hidden>
                         propagated clock network latency
                                                      5.133     5.133    <hidden>
    RAMB18_X0Y2          RAMB18E1                     0.000     5.133 r  cpu_inst/data_mem_inst/mem_reg/CLKBWRCLK
    RAMB18_X0Y2          RAMB18E1 (Prop_ramb18e1_CLKBWRCLK_DOBDO[9])
                                                      2.454     7.587 r  cpu_inst/data_mem_inst/mem_reg/DOBDO[9]
                         net (fo=2, routed)           0.897     8.484    cpu_inst/data_mem_inst/mem_reg_n_22
    SLICE_X4Y5           LUT3 (Prop_lut3_I0_O)        0.124     8.608 r  cpu_inst/data_mem_inst/regs[1][27]_i_1/O
                         net (fo=35, routed)          0.902     9.511    cpu_inst/data_mem_inst/wb_write_data[27]
    SLICE_X10Y7          LUT5 (Prop_lut5_I4_O)        0.124     9.635 r  cpu_inst/data_mem_inst/ex_mem_reg[store_data][27]_i_1/O
                         net (fo=4, routed)           0.975    10.610    cpu_inst/data_mem_inst/ex_store_data[27]
    SLICE_X8Y8           LUT6 (Prop_lut6_I2_O)        0.124    10.734 r  cpu_inst/data_mem_inst/i__carry__1_i_2/O
                         net (fo=1, routed)           0.000    10.734    cpu_inst/data_mem_inst_n_251
    SLICE_X8Y8           CARRY4 (Prop_carry4_S[1]_CO[2])
                                                      0.574    11.308 f  cpu_inst/ex_branch_taken0_inferred__0/i__carry__1/CO[2]
                         net (fo=39, routed)          0.668    11.976    cpu_inst/data_mem_inst/CO[0]
    SLICE_X8Y11          LUT4 (Prop_lut4_I2_O)        0.310    12.286 f  cpu_inst/data_mem_inst/fetch_buffer_instruction[31]_i_2/O
                         net (fo=8, routed)           0.614    12.900    cpu_inst/data_mem_inst/fetch_buffer_instruction[31]_i_2_n_0
    SLICE_X3Y12          LUT6 (Prop_lut6_I4_O)        0.124    13.024 r  cpu_inst/data_mem_inst/if_id_reg[instruction][31]_i_1/O
                         net (fo=69, routed)          0.701    13.725    cpu_inst/data_mem_inst_n_138
    SLICE_X0Y15          FDRE                                         r  cpu_inst/if_id_reg_reg[instruction][24]/CE
  -------------------------------------------------------------------    -------------------

                         (clock sys_clk_pin rise edge)
                                                      9.100     9.100 r  <hidden>
                         propagated clock network latency
                                                      4.854    13.954    <hidden>
                         clock pessimism              0.260    14.214    <hidden>
                         clock uncertainty           -0.035    14.179    <hidden>
    SLICE_X0Y15          FDRE (Setup_fdre_C_CE)      -0.205    13.974    cpu_inst/if_id_reg_reg[instruction][24]
  -------------------------------------------------------------------
                         required time                         13.974    <hidden>
                         arrival time                         -13.725    <hidden>
  -------------------------------------------------------------------
                         slack                                  0.249    <hidden>

Slack (MET) :             0.250ns  (required time - arrival time)
  Source:                 cpu_inst/data_mem_inst/mem_reg/CLKBWRCLK
                            (rising edge-triggered cell RAMB18E1 clocked by sys_clk_pin  {rise@0.000ns fall@4.550ns period=9.100ns})
  Destination:            cpu_inst/id_ex_reg_reg[operand_b][17]/R
                            (rising edge-triggered cell FDRE clocked by sys_clk_pin  {rise@0.000ns fall@4.550ns period=9.100ns})
  Path Group:             sys_clk_pin
  Path Type:              Setup (Max at Slow Process Corner)
  Requirement:            9.100ns  (sys_clk_pin rise@9.100ns - sys_clk_pin rise@0.000ns)
  Data Path Delay:        8.318ns  (logic 3.834ns (46.095%)  route 4.484ns (53.905%))
  Logic Levels:           6  (CARRY4=1 LUT3=2 LUT5=1 LUT6=2)
  Clock Path Skew:        -0.068ns (DCD - SCD + CPR)
    Destination Clock Delay (DCD):    4.790ns = ( 13.890 - 9.100 ) 
    Source Clock Delay      (SCD):    5.133ns
    Clock Pessimism Removal (CPR):    0.274ns
  Clock Uncertainty:      0.035ns  ((TSJ^2 + TIJ^2)^1/2 + DJ) / 2 + PE
    Total System Jitter     (TSJ):    0.071ns
    Total Input Jitter      (TIJ):    0.000ns
    Discrete Jitter          (DJ):    0.000ns
    Phase Error              (PE):    0.000ns

    Location             Delay type                Incr(ns)  Path(ns)    Netlist Resource(s)
  -------------------------------------------------------------------    -------------------
                         (clock sys_clk_pin rise edge)
                                                      0.000     0.000 r  <hidden>
                         propagated clock network latency
                                                      5.133     5.133    <hidden>
    RAMB18_X0Y2          RAMB18E1                     0.000     5.133 r  cpu_inst/data_mem_inst/mem_reg/CLKBWRCLK
    RAMB18_X0Y2          RAMB18E1 (Prop_ramb18e1_CLKBWRCLK_DOBDO[9])
                                                      2.454     7.587 r  cpu_inst/data_mem_inst/mem_reg/DOBDO[9]
                         net (fo=2, routed)           0.897     8.484    cpu_inst/data_mem_inst/mem_reg_n_22
    SLICE_X4Y5           LUT3 (Prop_lut3_I0_O)        0.124     8.608 r  cpu_inst/data_mem_inst/regs[1][27]_i_1/O
                         net (fo=35, routed)          0.902     9.511    cpu_inst/data_mem_inst/wb_write_data[27]
    SLICE_X10Y7          LUT5 (Prop_lut5_I4_O)        0.124     9.635 r  cpu_inst/data_mem_inst/ex_mem_reg[store_data][27]_i_1/O
                         net (fo=4, routed)           0.975    10.610    cpu_inst/data_mem_inst/ex_store_data[27]
    SLICE_X8Y8           LUT6 (Prop_lut6_I2_O)        0.124    10.734 r  cpu_inst/data_mem_inst/i__carry__1_i_2/O
                         net (fo=1, routed)           0.000    10.734    cpu_inst/data_mem_inst_n_251
    SLICE_X8Y8           CARRY4 (Prop_carry4_S[1]_CO[2])
                                                      0.574    11.308 f  cpu_inst/ex_branch_taken0_inferred__0/i__carry__1/CO[2]
                         net (fo=39, routed)          0.576    11.884    cpu_inst/data_mem_inst/CO[0]
    SLICE_X4Y8           LUT6 (Prop_lut6_I4_O)        0.310    12.194 r  cpu_inst/data_mem_inst/id_ex_reg[imm_ext][12]_i_1/O
                         net (fo=130, routed)         0.328    12.522    cpu_inst/data_mem_inst/id_ex_reg_reg[valid]_1
    SLICE_X4Y8           LUT3 (Prop_lut3_I2_O)        0.124    12.646 r  cpu_inst/data_mem_inst/id_ex_reg[operand_b][31]_i_1/O
                         net (fo=32, routed)          0.805    13.450    cpu_inst/data_mem_inst_n_143
    SLICE_X9Y8           FDRE                                         r  cpu_inst/id_ex_reg_reg[operand_b][17]/R
  -------------------------------------------------------------------    -------------------

                         (clock sys_clk_pin rise edge)
                                                      9.100     9.100 r  <hidden>
                         propagated clock network latency
                                                      4.790    13.890    <hidden>
                         clock pessimism              0.274    14.164    <hidden>
                         clock uncertainty           -0.035    14.129    <hidden>
    SLICE_X9Y8           FDRE (Setup_fdre_C_R)       -0.429    13.700    cpu_inst/id_ex_reg_reg[operand_b][17]
  -------------------------------------------------------------------
                         required time                         13.700    <hidden>
                         arrival time                         -13.450    <hidden>
  -------------------------------------------------------------------
                         slack                                  0.250    <hidden>




