Copyright 1986-2022 Xilinx, Inc. All Rights Reserved. Copyright 2022-2026 Advanced Micro Devices, Inc. All Rights Reserved.
-----------------------------------------------------------------------------------------------------------------------------------------------------------
| Tool Version : Vivado v.2026.1 (win64) Build 6511674 Tue Jun 16 11:02:23 MDT 2026
| Date         : Tue Jul 14 12:01:53 2026
| Host         : DESKTOP-4GB7DVJ running 64-bit major release  (build 9200)
| Command      : report_timing -max_paths 10 -path_type full -file reports/phase14g_impl/fanout_opt_6p700ns/timing/fpga_top_pipeline6_impl_worst_paths.rpt
| Design       : fpga_top_pipeline6
| Device       : 7a35t-cpg236
| Speed File   : -1  PRODUCTION 1.23 2018-06-13
| Design State : Physopt postRoute
-----------------------------------------------------------------------------------------------------------------------------------------------------------

Timing Report

Slack (MET) :             0.337ns  (required time - arrival time)
  Source:                 cpu_inst/op_ex_reg_reg[operand_a][1]/C
                            (rising edge-triggered cell FDRE clocked by sys_clk_pin  {rise@0.000ns fall@3.350ns period=6.700ns})
  Destination:            cpu_inst/op_ex_reg_reg[rd][0]/R
                            (rising edge-triggered cell FDRE clocked by sys_clk_pin  {rise@0.000ns fall@3.350ns period=6.700ns})
  Path Group:             sys_clk_pin
  Path Type:              Setup (Max at Slow Process Corner)
  Requirement:            6.700ns  (sys_clk_pin rise@6.700ns - sys_clk_pin rise@0.000ns)
  Data Path Delay:        5.716ns  (logic 1.978ns (34.606%)  route 3.738ns (65.394%))
  Logic Levels:           6  (CARRY4=3 LUT4=1 LUT6=2)
  Clock Path Skew:        0.025ns (DCD - SCD + CPR)
    Destination Clock Delay (DCD):    4.848ns = ( 11.548 - 6.700 ) 
    Source Clock Delay      (SCD):    5.083ns
    Clock Pessimism Removal (CPR):    0.260ns
  Clock Uncertainty:      0.035ns  ((TSJ^2 + TIJ^2)^1/2 + DJ) / 2 + PE
    Total System Jitter     (TSJ):    0.071ns
    Total Input Jitter      (TIJ):    0.000ns
    Discrete Jitter          (DJ):    0.000ns
    Phase Error              (PE):    0.000ns

    Location             Delay type                Incr(ns)  Path(ns)    Netlist Resource(s)
  -------------------------------------------------------------------    -------------------
                         (clock sys_clk_pin rise edge)
                                                      0.000     0.000 r  <hidden>
                         propagated clock network latency
                                                      5.083     5.083    <hidden>
    SLICE_X8Y34          FDRE                         0.000     5.083 r  cpu_inst/op_ex_reg_reg[operand_a][1]/C
    SLICE_X8Y34          FDRE (Prop_fdre_C_Q)         0.518     5.601 r  cpu_inst/op_ex_reg_reg[operand_a][1]/Q
                         net (fo=9, routed)           1.179     6.781    cpu_inst/op_ex_reg_reg[operand_a][1]
    SLICE_X5Y33          LUT6 (Prop_lut6_I2_O)        0.124     6.905 r  cpu_inst/branch_taken0_carry_i_4/O
                         net (fo=1, routed)           0.000     6.905    cpu_inst/branch_taken0_carry_i_4_n_0
    SLICE_X5Y33          CARRY4 (Prop_carry4_S[0]_CO[3])
                                                      0.532     7.437 r  cpu_inst/branch_taken0_carry/CO[3]
                         net (fo=1, routed)           0.000     7.437    cpu_inst/branch_taken0_carry_n_0
    SLICE_X5Y34          CARRY4 (Prop_carry4_CI_CO[3])
                                                      0.114     7.551 r  cpu_inst/branch_taken0_carry__0/CO[3]
                         net (fo=1, routed)           0.000     7.551    cpu_inst/branch_taken0_carry__0_n_0
    SLICE_X5Y35          CARRY4 (Prop_carry4_CI_CO[2])
                                                      0.228     7.779 r  cpu_inst/branch_taken0_carry__1/CO[2]
                         net (fo=1, routed)           0.309     8.087    cpu_inst/branch_taken0
    SLICE_X6Y35          LUT6 (Prop_lut6_I5_O)        0.313     8.400 r  cpu_inst/paused_response_instruction_reg[31]_i_3/O
                         net (fo=116, routed)         0.913     9.313    cpu_inst/redirect_valid__0
    SLICE_X9Y34          LUT4 (Prop_lut4_I0_O)        0.149     9.462 r  cpu_inst/op_ex_reg[imm_ext][14]_i_1/O
                         net (fo=119, routed)         1.337    10.799    cpu_inst/op_ex_reg[imm_ext][14]_i_1_n_0
    SLICE_X1Y28          FDRE                                         r  cpu_inst/op_ex_reg_reg[rd][0]/R
  -------------------------------------------------------------------    -------------------

                         (clock sys_clk_pin rise edge)
                                                      6.700     6.700 r  <hidden>
                         propagated clock network latency
                                                      4.848    11.548    <hidden>
                         clock pessimism              0.260    11.808    <hidden>
                         clock uncertainty           -0.035    11.773    <hidden>
    SLICE_X1Y28          FDRE (Setup_fdre_C_R)       -0.637    11.136    cpu_inst/op_ex_reg_reg[rd][0]
  -------------------------------------------------------------------
                         required time                         11.136    <hidden>
                         arrival time                         -10.799    <hidden>
  -------------------------------------------------------------------
                         slack                                  0.337    <hidden>

Slack (MET) :             0.337ns  (required time - arrival time)
  Source:                 cpu_inst/op_ex_reg_reg[operand_a][1]/C
                            (rising edge-triggered cell FDRE clocked by sys_clk_pin  {rise@0.000ns fall@3.350ns period=6.700ns})
  Destination:            cpu_inst/op_ex_reg_reg[rd][4]/R
                            (rising edge-triggered cell FDRE clocked by sys_clk_pin  {rise@0.000ns fall@3.350ns period=6.700ns})
  Path Group:             sys_clk_pin
  Path Type:              Setup (Max at Slow Process Corner)
  Requirement:            6.700ns  (sys_clk_pin rise@6.700ns - sys_clk_pin rise@0.000ns)
  Data Path Delay:        5.716ns  (logic 1.978ns (34.606%)  route 3.738ns (65.394%))
  Logic Levels:           6  (CARRY4=3 LUT4=1 LUT6=2)
  Clock Path Skew:        0.025ns (DCD - SCD + CPR)
    Destination Clock Delay (DCD):    4.848ns = ( 11.548 - 6.700 ) 
    Source Clock Delay      (SCD):    5.083ns
    Clock Pessimism Removal (CPR):    0.260ns
  Clock Uncertainty:      0.035ns  ((TSJ^2 + TIJ^2)^1/2 + DJ) / 2 + PE
    Total System Jitter     (TSJ):    0.071ns
    Total Input Jitter      (TIJ):    0.000ns
    Discrete Jitter          (DJ):    0.000ns
    Phase Error              (PE):    0.000ns

    Location             Delay type                Incr(ns)  Path(ns)    Netlist Resource(s)
  -------------------------------------------------------------------    -------------------
                         (clock sys_clk_pin rise edge)
                                                      0.000     0.000 r  <hidden>
                         propagated clock network latency
                                                      5.083     5.083    <hidden>
    SLICE_X8Y34          FDRE                         0.000     5.083 r  cpu_inst/op_ex_reg_reg[operand_a][1]/C
    SLICE_X8Y34          FDRE (Prop_fdre_C_Q)         0.518     5.601 r  cpu_inst/op_ex_reg_reg[operand_a][1]/Q
                         net (fo=9, routed)           1.179     6.781    cpu_inst/op_ex_reg_reg[operand_a][1]
    SLICE_X5Y33          LUT6 (Prop_lut6_I2_O)        0.124     6.905 r  cpu_inst/branch_taken0_carry_i_4/O
                         net (fo=1, routed)           0.000     6.905    cpu_inst/branch_taken0_carry_i_4_n_0
    SLICE_X5Y33          CARRY4 (Prop_carry4_S[0]_CO[3])
                                                      0.532     7.437 r  cpu_inst/branch_taken0_carry/CO[3]
                         net (fo=1, routed)           0.000     7.437    cpu_inst/branch_taken0_carry_n_0
    SLICE_X5Y34          CARRY4 (Prop_carry4_CI_CO[3])
                                                      0.114     7.551 r  cpu_inst/branch_taken0_carry__0/CO[3]
                         net (fo=1, routed)           0.000     7.551    cpu_inst/branch_taken0_carry__0_n_0
    SLICE_X5Y35          CARRY4 (Prop_carry4_CI_CO[2])
                                                      0.228     7.779 r  cpu_inst/branch_taken0_carry__1/CO[2]
                         net (fo=1, routed)           0.309     8.087    cpu_inst/branch_taken0
    SLICE_X6Y35          LUT6 (Prop_lut6_I5_O)        0.313     8.400 r  cpu_inst/paused_response_instruction_reg[31]_i_3/O
                         net (fo=116, routed)         0.913     9.313    cpu_inst/redirect_valid__0
    SLICE_X9Y34          LUT4 (Prop_lut4_I0_O)        0.149     9.462 r  cpu_inst/op_ex_reg[imm_ext][14]_i_1/O
                         net (fo=119, routed)         1.337    10.799    cpu_inst/op_ex_reg[imm_ext][14]_i_1_n_0
    SLICE_X1Y28          FDRE                                         r  cpu_inst/op_ex_reg_reg[rd][4]/R
  -------------------------------------------------------------------    -------------------

                         (clock sys_clk_pin rise edge)
                                                      6.700     6.700 r  <hidden>
                         propagated clock network latency
                                                      4.848    11.548    <hidden>
                         clock pessimism              0.260    11.808    <hidden>
                         clock uncertainty           -0.035    11.773    <hidden>
    SLICE_X1Y28          FDRE (Setup_fdre_C_R)       -0.637    11.136    cpu_inst/op_ex_reg_reg[rd][4]
  -------------------------------------------------------------------
                         required time                         11.136    <hidden>
                         arrival time                         -10.799    <hidden>
  -------------------------------------------------------------------
                         slack                                  0.337    <hidden>

Slack (MET) :             0.421ns  (required time - arrival time)
  Source:                 cpu_inst/op_ex_reg_reg[operand_a][1]/C
                            (rising edge-triggered cell FDRE clocked by sys_clk_pin  {rise@0.000ns fall@3.350ns period=6.700ns})
  Destination:            cpu_inst/paused_response_pc_reg_reg[12]/CE
                            (rising edge-triggered cell FDRE clocked by sys_clk_pin  {rise@0.000ns fall@3.350ns period=6.700ns})
  Path Group:             sys_clk_pin
  Path Type:              Setup (Max at Slow Process Corner)
  Requirement:            6.700ns  (sys_clk_pin rise@6.700ns - sys_clk_pin rise@0.000ns)
  Data Path Delay:        5.851ns  (logic 1.979ns (33.825%)  route 3.872ns (66.175%))
  Logic Levels:           6  (CARRY4=3 LUT5=1 LUT6=2)
  Clock Path Skew:        0.020ns (DCD - SCD + CPR)
    Destination Clock Delay (DCD):    4.843ns = ( 11.543 - 6.700 ) 
    Source Clock Delay      (SCD):    5.083ns
    Clock Pessimism Removal (CPR):    0.260ns
  Clock Uncertainty:      0.035ns  ((TSJ^2 + TIJ^2)^1/2 + DJ) / 2 + PE
    Total System Jitter     (TSJ):    0.071ns
    Total Input Jitter      (TIJ):    0.000ns
    Discrete Jitter          (DJ):    0.000ns
    Phase Error              (PE):    0.000ns

    Location             Delay type                Incr(ns)  Path(ns)    Netlist Resource(s)
  -------------------------------------------------------------------    -------------------
                         (clock sys_clk_pin rise edge)
                                                      0.000     0.000 r  <hidden>
                         propagated clock network latency
                                                      5.083     5.083    <hidden>
    SLICE_X8Y34          FDRE                         0.000     5.083 r  cpu_inst/op_ex_reg_reg[operand_a][1]/C
    SLICE_X8Y34          FDRE (Prop_fdre_C_Q)         0.518     5.601 r  cpu_inst/op_ex_reg_reg[operand_a][1]/Q
                         net (fo=9, routed)           1.179     6.781    cpu_inst/op_ex_reg_reg[operand_a][1]
    SLICE_X5Y33          LUT6 (Prop_lut6_I2_O)        0.124     6.905 r  cpu_inst/branch_taken0_carry_i_4/O
                         net (fo=1, routed)           0.000     6.905    cpu_inst/branch_taken0_carry_i_4_n_0
    SLICE_X5Y33          CARRY4 (Prop_carry4_S[0]_CO[3])
                                                      0.532     7.437 r  cpu_inst/branch_taken0_carry/CO[3]
                         net (fo=1, routed)           0.000     7.437    cpu_inst/branch_taken0_carry_n_0
    SLICE_X5Y34          CARRY4 (Prop_carry4_CI_CO[3])
                                                      0.114     7.551 r  cpu_inst/branch_taken0_carry__0/CO[3]
                         net (fo=1, routed)           0.000     7.551    cpu_inst/branch_taken0_carry__0_n_0
    SLICE_X5Y35          CARRY4 (Prop_carry4_CI_CO[2])
                                                      0.228     7.779 f  cpu_inst/branch_taken0_carry__1/CO[2]
                         net (fo=1, routed)           0.309     8.087    cpu_inst/branch_taken0
    SLICE_X6Y35          LUT6 (Prop_lut6_I5_O)        0.313     8.400 f  cpu_inst/paused_response_instruction_reg[31]_i_3/O
                         net (fo=116, routed)         1.285     9.685    cpu_inst/redirect_valid__0
    SLICE_X9Y28          LUT5 (Prop_lut5_I1_O)        0.150     9.835 r  cpu_inst/paused_response_instruction_reg[31]_i_1/O
                         net (fo=63, routed)          1.099    10.934    cpu_inst/paused_response_instruction_reg[0]
    SLICE_X1Y24          FDRE                                         r  cpu_inst/paused_response_pc_reg_reg[12]/CE
  -------------------------------------------------------------------    -------------------

                         (clock sys_clk_pin rise edge)
                                                      6.700     6.700 r  <hidden>
                         propagated clock network latency
                                                      4.843    11.543    <hidden>
                         clock pessimism              0.260    11.803    <hidden>
                         clock uncertainty           -0.035    11.768    <hidden>
    SLICE_X1Y24          FDRE (Setup_fdre_C_CE)      -0.413    11.355    cpu_inst/paused_response_pc_reg_reg[12]
  -------------------------------------------------------------------
                         required time                         11.355    <hidden>
                         arrival time                         -10.934    <hidden>
  -------------------------------------------------------------------
                         slack                                  0.421    <hidden>

Slack (MET) :             0.421ns  (required time - arrival time)
  Source:                 cpu_inst/op_ex_reg_reg[operand_a][1]/C
                            (rising edge-triggered cell FDRE clocked by sys_clk_pin  {rise@0.000ns fall@3.350ns period=6.700ns})
  Destination:            cpu_inst/paused_response_pc_reg_reg[27]/CE
                            (rising edge-triggered cell FDRE clocked by sys_clk_pin  {rise@0.000ns fall@3.350ns period=6.700ns})
  Path Group:             sys_clk_pin
  Path Type:              Setup (Max at Slow Process Corner)
  Requirement:            6.700ns  (sys_clk_pin rise@6.700ns - sys_clk_pin rise@0.000ns)
  Data Path Delay:        5.851ns  (logic 1.979ns (33.825%)  route 3.872ns (66.175%))
  Logic Levels:           6  (CARRY4=3 LUT5=1 LUT6=2)
  Clock Path Skew:        0.020ns (DCD - SCD + CPR)
    Destination Clock Delay (DCD):    4.843ns = ( 11.543 - 6.700 ) 
    Source Clock Delay      (SCD):    5.083ns
    Clock Pessimism Removal (CPR):    0.260ns
  Clock Uncertainty:      0.035ns  ((TSJ^2 + TIJ^2)^1/2 + DJ) / 2 + PE
    Total System Jitter     (TSJ):    0.071ns
    Total Input Jitter      (TIJ):    0.000ns
    Discrete Jitter          (DJ):    0.000ns
    Phase Error              (PE):    0.000ns

    Location             Delay type                Incr(ns)  Path(ns)    Netlist Resource(s)
  -------------------------------------------------------------------    -------------------
                         (clock sys_clk_pin rise edge)
                                                      0.000     0.000 r  <hidden>
                         propagated clock network latency
                                                      5.083     5.083    <hidden>
    SLICE_X8Y34          FDRE                         0.000     5.083 r  cpu_inst/op_ex_reg_reg[operand_a][1]/C
    SLICE_X8Y34          FDRE (Prop_fdre_C_Q)         0.518     5.601 r  cpu_inst/op_ex_reg_reg[operand_a][1]/Q
                         net (fo=9, routed)           1.179     6.781    cpu_inst/op_ex_reg_reg[operand_a][1]
    SLICE_X5Y33          LUT6 (Prop_lut6_I2_O)        0.124     6.905 r  cpu_inst/branch_taken0_carry_i_4/O
                         net (fo=1, routed)           0.000     6.905    cpu_inst/branch_taken0_carry_i_4_n_0
    SLICE_X5Y33          CARRY4 (Prop_carry4_S[0]_CO[3])
                                                      0.532     7.437 r  cpu_inst/branch_taken0_carry/CO[3]
                         net (fo=1, routed)           0.000     7.437    cpu_inst/branch_taken0_carry_n_0
    SLICE_X5Y34          CARRY4 (Prop_carry4_CI_CO[3])
                                                      0.114     7.551 r  cpu_inst/branch_taken0_carry__0/CO[3]
                         net (fo=1, routed)           0.000     7.551    cpu_inst/branch_taken0_carry__0_n_0
    SLICE_X5Y35          CARRY4 (Prop_carry4_CI_CO[2])
                                                      0.228     7.779 f  cpu_inst/branch_taken0_carry__1/CO[2]
                         net (fo=1, routed)           0.309     8.087    cpu_inst/branch_taken0
    SLICE_X6Y35          LUT6 (Prop_lut6_I5_O)        0.313     8.400 f  cpu_inst/paused_response_instruction_reg[31]_i_3/O
                         net (fo=116, routed)         1.285     9.685    cpu_inst/redirect_valid__0
    SLICE_X9Y28          LUT5 (Prop_lut5_I1_O)        0.150     9.835 r  cpu_inst/paused_response_instruction_reg[31]_i_1/O
                         net (fo=63, routed)          1.099    10.934    cpu_inst/paused_response_instruction_reg[0]
    SLICE_X1Y24          FDRE                                         r  cpu_inst/paused_response_pc_reg_reg[27]/CE
  -------------------------------------------------------------------    -------------------

                         (clock sys_clk_pin rise edge)
                                                      6.700     6.700 r  <hidden>
                         propagated clock network latency
                                                      4.843    11.543    <hidden>
                         clock pessimism              0.260    11.803    <hidden>
                         clock uncertainty           -0.035    11.768    <hidden>
    SLICE_X1Y24          FDRE (Setup_fdre_C_CE)      -0.413    11.355    cpu_inst/paused_response_pc_reg_reg[27]
  -------------------------------------------------------------------
                         required time                         11.355    <hidden>
                         arrival time                         -10.934    <hidden>
  -------------------------------------------------------------------
                         slack                                  0.421    <hidden>

Slack (MET) :             0.421ns  (required time - arrival time)
  Source:                 cpu_inst/op_ex_reg_reg[operand_a][1]/C
                            (rising edge-triggered cell FDRE clocked by sys_clk_pin  {rise@0.000ns fall@3.350ns period=6.700ns})
  Destination:            cpu_inst/paused_response_pc_reg_reg[9]/CE
                            (rising edge-triggered cell FDRE clocked by sys_clk_pin  {rise@0.000ns fall@3.350ns period=6.700ns})
  Path Group:             sys_clk_pin
  Path Type:              Setup (Max at Slow Process Corner)
  Requirement:            6.700ns  (sys_clk_pin rise@6.700ns - sys_clk_pin rise@0.000ns)
  Data Path Delay:        5.851ns  (logic 1.979ns (33.825%)  route 3.872ns (66.175%))
  Logic Levels:           6  (CARRY4=3 LUT5=1 LUT6=2)
  Clock Path Skew:        0.020ns (DCD - SCD + CPR)
    Destination Clock Delay (DCD):    4.843ns = ( 11.543 - 6.700 ) 
    Source Clock Delay      (SCD):    5.083ns
    Clock Pessimism Removal (CPR):    0.260ns
  Clock Uncertainty:      0.035ns  ((TSJ^2 + TIJ^2)^1/2 + DJ) / 2 + PE
    Total System Jitter     (TSJ):    0.071ns
    Total Input Jitter      (TIJ):    0.000ns
    Discrete Jitter          (DJ):    0.000ns
    Phase Error              (PE):    0.000ns

    Location             Delay type                Incr(ns)  Path(ns)    Netlist Resource(s)
  -------------------------------------------------------------------    -------------------
                         (clock sys_clk_pin rise edge)
                                                      0.000     0.000 r  <hidden>
                         propagated clock network latency
                                                      5.083     5.083    <hidden>
    SLICE_X8Y34          FDRE                         0.000     5.083 r  cpu_inst/op_ex_reg_reg[operand_a][1]/C
    SLICE_X8Y34          FDRE (Prop_fdre_C_Q)         0.518     5.601 r  cpu_inst/op_ex_reg_reg[operand_a][1]/Q
                         net (fo=9, routed)           1.179     6.781    cpu_inst/op_ex_reg_reg[operand_a][1]
    SLICE_X5Y33          LUT6 (Prop_lut6_I2_O)        0.124     6.905 r  cpu_inst/branch_taken0_carry_i_4/O
                         net (fo=1, routed)           0.000     6.905    cpu_inst/branch_taken0_carry_i_4_n_0
    SLICE_X5Y33          CARRY4 (Prop_carry4_S[0]_CO[3])
                                                      0.532     7.437 r  cpu_inst/branch_taken0_carry/CO[3]
                         net (fo=1, routed)           0.000     7.437    cpu_inst/branch_taken0_carry_n_0
    SLICE_X5Y34          CARRY4 (Prop_carry4_CI_CO[3])
                                                      0.114     7.551 r  cpu_inst/branch_taken0_carry__0/CO[3]
                         net (fo=1, routed)           0.000     7.551    cpu_inst/branch_taken0_carry__0_n_0
    SLICE_X5Y35          CARRY4 (Prop_carry4_CI_CO[2])
                                                      0.228     7.779 f  cpu_inst/branch_taken0_carry__1/CO[2]
                         net (fo=1, routed)           0.309     8.087    cpu_inst/branch_taken0
    SLICE_X6Y35          LUT6 (Prop_lut6_I5_O)        0.313     8.400 f  cpu_inst/paused_response_instruction_reg[31]_i_3/O
                         net (fo=116, routed)         1.285     9.685    cpu_inst/redirect_valid__0
    SLICE_X9Y28          LUT5 (Prop_lut5_I1_O)        0.150     9.835 r  cpu_inst/paused_response_instruction_reg[31]_i_1/O
                         net (fo=63, routed)          1.099    10.934    cpu_inst/paused_response_instruction_reg[0]
    SLICE_X1Y24          FDRE                                         r  cpu_inst/paused_response_pc_reg_reg[9]/CE
  -------------------------------------------------------------------    -------------------

                         (clock sys_clk_pin rise edge)
                                                      6.700     6.700 r  <hidden>
                         propagated clock network latency
                                                      4.843    11.543    <hidden>
                         clock pessimism              0.260    11.803    <hidden>
                         clock uncertainty           -0.035    11.768    <hidden>
    SLICE_X1Y24          FDRE (Setup_fdre_C_CE)      -0.413    11.355    cpu_inst/paused_response_pc_reg_reg[9]
  -------------------------------------------------------------------
                         required time                         11.355    <hidden>
                         arrival time                         -10.934    <hidden>
  -------------------------------------------------------------------
                         slack                                  0.421    <hidden>

Slack (MET) :             0.431ns  (required time - arrival time)
  Source:                 cpu_inst/op_ex_reg_reg[operand_a][1]/C
                            (rising edge-triggered cell FDRE clocked by sys_clk_pin  {rise@0.000ns fall@3.350ns period=6.700ns})
  Destination:            cpu_inst/if_id_reg_reg[rs1][1]/CE
                            (rising edge-triggered cell FDRE clocked by sys_clk_pin  {rise@0.000ns fall@3.350ns period=6.700ns})
  Path Group:             sys_clk_pin
  Path Type:              Setup (Max at Slow Process Corner)
  Requirement:            6.700ns  (sys_clk_pin rise@6.700ns - sys_clk_pin rise@0.000ns)
  Data Path Delay:        5.820ns  (logic 1.978ns (33.984%)  route 3.842ns (66.016%))
  Logic Levels:           6  (CARRY4=3 LUT4=1 LUT6=2)
  Clock Path Skew:        0.023ns (DCD - SCD + CPR)
    Destination Clock Delay (DCD):    4.846ns = ( 11.546 - 6.700 ) 
    Source Clock Delay      (SCD):    5.083ns
    Clock Pessimism Removal (CPR):    0.260ns
  Clock Uncertainty:      0.035ns  ((TSJ^2 + TIJ^2)^1/2 + DJ) / 2 + PE
    Total System Jitter     (TSJ):    0.071ns
    Total Input Jitter      (TIJ):    0.000ns
    Discrete Jitter          (DJ):    0.000ns
    Phase Error              (PE):    0.000ns

    Location             Delay type                Incr(ns)  Path(ns)    Netlist Resource(s)
  -------------------------------------------------------------------    -------------------
                         (clock sys_clk_pin rise edge)
                                                      0.000     0.000 r  <hidden>
                         propagated clock network latency
                                                      5.083     5.083    <hidden>
    SLICE_X8Y34          FDRE                         0.000     5.083 r  cpu_inst/op_ex_reg_reg[operand_a][1]/C
    SLICE_X8Y34          FDRE (Prop_fdre_C_Q)         0.518     5.601 r  cpu_inst/op_ex_reg_reg[operand_a][1]/Q
                         net (fo=9, routed)           1.179     6.781    cpu_inst/op_ex_reg_reg[operand_a][1]
    SLICE_X5Y33          LUT6 (Prop_lut6_I2_O)        0.124     6.905 r  cpu_inst/branch_taken0_carry_i_4/O
                         net (fo=1, routed)           0.000     6.905    cpu_inst/branch_taken0_carry_i_4_n_0
    SLICE_X5Y33          CARRY4 (Prop_carry4_S[0]_CO[3])
                                                      0.532     7.437 r  cpu_inst/branch_taken0_carry/CO[3]
                         net (fo=1, routed)           0.000     7.437    cpu_inst/branch_taken0_carry_n_0
    SLICE_X5Y34          CARRY4 (Prop_carry4_CI_CO[3])
                                                      0.114     7.551 r  cpu_inst/branch_taken0_carry__0/CO[3]
                         net (fo=1, routed)           0.000     7.551    cpu_inst/branch_taken0_carry__0_n_0
    SLICE_X5Y35          CARRY4 (Prop_carry4_CI_CO[2])
                                                      0.228     7.779 r  cpu_inst/branch_taken0_carry__1/CO[2]
                         net (fo=1, routed)           0.309     8.087    cpu_inst/branch_taken0
    SLICE_X6Y35          LUT6 (Prop_lut6_I5_O)        0.313     8.400 r  cpu_inst/paused_response_instruction_reg[31]_i_3/O
                         net (fo=116, routed)         1.412     9.812    cpu_inst/redirect_valid__0
    SLICE_X8Y26          LUT4 (Prop_lut4_I2_O)        0.149     9.961 r  cpu_inst/if_id_reg[opcode][3]_i_2/O
                         net (fo=23, routed)          0.942    10.904    cpu_inst/if_id_reg[opcode][3]_i_2_n_0
    SLICE_X0Y27          FDRE                                         r  cpu_inst/if_id_reg_reg[rs1][1]/CE
  -------------------------------------------------------------------    -------------------

                         (clock sys_clk_pin rise edge)
                                                      6.700     6.700 r  <hidden>
                         propagated clock network latency
                                                      4.846    11.546    <hidden>
                         clock pessimism              0.260    11.806    <hidden>
                         clock uncertainty           -0.035    11.771    <hidden>
    SLICE_X0Y27          FDRE (Setup_fdre_C_CE)      -0.436    11.335    cpu_inst/if_id_reg_reg[rs1][1]
  -------------------------------------------------------------------
                         required time                         11.335    <hidden>
                         arrival time                         -10.904    <hidden>
  -------------------------------------------------------------------
                         slack                                  0.431    <hidden>

Slack (MET) :             0.431ns  (required time - arrival time)
  Source:                 cpu_inst/op_ex_reg_reg[operand_a][1]/C
                            (rising edge-triggered cell FDRE clocked by sys_clk_pin  {rise@0.000ns fall@3.350ns period=6.700ns})
  Destination:            cpu_inst/if_id_reg_reg[rs2][1]/CE
                            (rising edge-triggered cell FDRE clocked by sys_clk_pin  {rise@0.000ns fall@3.350ns period=6.700ns})
  Path Group:             sys_clk_pin
  Path Type:              Setup (Max at Slow Process Corner)
  Requirement:            6.700ns  (sys_clk_pin rise@6.700ns - sys_clk_pin rise@0.000ns)
  Data Path Delay:        5.820ns  (logic 1.978ns (33.984%)  route 3.842ns (66.016%))
  Logic Levels:           6  (CARRY4=3 LUT4=1 LUT6=2)
  Clock Path Skew:        0.023ns (DCD - SCD + CPR)
    Destination Clock Delay (DCD):    4.846ns = ( 11.546 - 6.700 ) 
    Source Clock Delay      (SCD):    5.083ns
    Clock Pessimism Removal (CPR):    0.260ns
  Clock Uncertainty:      0.035ns  ((TSJ^2 + TIJ^2)^1/2 + DJ) / 2 + PE
    Total System Jitter     (TSJ):    0.071ns
    Total Input Jitter      (TIJ):    0.000ns
    Discrete Jitter          (DJ):    0.000ns
    Phase Error              (PE):    0.000ns

    Location             Delay type                Incr(ns)  Path(ns)    Netlist Resource(s)
  -------------------------------------------------------------------    -------------------
                         (clock sys_clk_pin rise edge)
                                                      0.000     0.000 r  <hidden>
                         propagated clock network latency
                                                      5.083     5.083    <hidden>
    SLICE_X8Y34          FDRE                         0.000     5.083 r  cpu_inst/op_ex_reg_reg[operand_a][1]/C
    SLICE_X8Y34          FDRE (Prop_fdre_C_Q)         0.518     5.601 r  cpu_inst/op_ex_reg_reg[operand_a][1]/Q
                         net (fo=9, routed)           1.179     6.781    cpu_inst/op_ex_reg_reg[operand_a][1]
    SLICE_X5Y33          LUT6 (Prop_lut6_I2_O)        0.124     6.905 r  cpu_inst/branch_taken0_carry_i_4/O
                         net (fo=1, routed)           0.000     6.905    cpu_inst/branch_taken0_carry_i_4_n_0
    SLICE_X5Y33          CARRY4 (Prop_carry4_S[0]_CO[3])
                                                      0.532     7.437 r  cpu_inst/branch_taken0_carry/CO[3]
                         net (fo=1, routed)           0.000     7.437    cpu_inst/branch_taken0_carry_n_0
    SLICE_X5Y34          CARRY4 (Prop_carry4_CI_CO[3])
                                                      0.114     7.551 r  cpu_inst/branch_taken0_carry__0/CO[3]
                         net (fo=1, routed)           0.000     7.551    cpu_inst/branch_taken0_carry__0_n_0
    SLICE_X5Y35          CARRY4 (Prop_carry4_CI_CO[2])
                                                      0.228     7.779 r  cpu_inst/branch_taken0_carry__1/CO[2]
                         net (fo=1, routed)           0.309     8.087    cpu_inst/branch_taken0
    SLICE_X6Y35          LUT6 (Prop_lut6_I5_O)        0.313     8.400 r  cpu_inst/paused_response_instruction_reg[31]_i_3/O
                         net (fo=116, routed)         1.412     9.812    cpu_inst/redirect_valid__0
    SLICE_X8Y26          LUT4 (Prop_lut4_I2_O)        0.149     9.961 r  cpu_inst/if_id_reg[opcode][3]_i_2/O
                         net (fo=23, routed)          0.942    10.904    cpu_inst/if_id_reg[opcode][3]_i_2_n_0
    SLICE_X0Y27          FDRE                                         r  cpu_inst/if_id_reg_reg[rs2][1]/CE
  -------------------------------------------------------------------    -------------------

                         (clock sys_clk_pin rise edge)
                                                      6.700     6.700 r  <hidden>
                         propagated clock network latency
                                                      4.846    11.546    <hidden>
                         clock pessimism              0.260    11.806    <hidden>
                         clock uncertainty           -0.035    11.771    <hidden>
    SLICE_X0Y27          FDRE (Setup_fdre_C_CE)      -0.436    11.335    cpu_inst/if_id_reg_reg[rs2][1]
  -------------------------------------------------------------------
                         required time                         11.335    <hidden>
                         arrival time                         -10.904    <hidden>
  -------------------------------------------------------------------
                         slack                                  0.431    <hidden>

Slack (MET) :             0.431ns  (required time - arrival time)
  Source:                 cpu_inst/op_ex_reg_reg[operand_a][1]/C
                            (rising edge-triggered cell FDRE clocked by sys_clk_pin  {rise@0.000ns fall@3.350ns period=6.700ns})
  Destination:            cpu_inst/if_id_reg_reg[rs2][2]/CE
                            (rising edge-triggered cell FDRE clocked by sys_clk_pin  {rise@0.000ns fall@3.350ns period=6.700ns})
  Path Group:             sys_clk_pin
  Path Type:              Setup (Max at Slow Process Corner)
  Requirement:            6.700ns  (sys_clk_pin rise@6.700ns - sys_clk_pin rise@0.000ns)
  Data Path Delay:        5.820ns  (logic 1.978ns (33.984%)  route 3.842ns (66.016%))
  Logic Levels:           6  (CARRY4=3 LUT4=1 LUT6=2)
  Clock Path Skew:        0.023ns (DCD - SCD + CPR)
    Destination Clock Delay (DCD):    4.846ns = ( 11.546 - 6.700 ) 
    Source Clock Delay      (SCD):    5.083ns
    Clock Pessimism Removal (CPR):    0.260ns
  Clock Uncertainty:      0.035ns  ((TSJ^2 + TIJ^2)^1/2 + DJ) / 2 + PE
    Total System Jitter     (TSJ):    0.071ns
    Total Input Jitter      (TIJ):    0.000ns
    Discrete Jitter          (DJ):    0.000ns
    Phase Error              (PE):    0.000ns

    Location             Delay type                Incr(ns)  Path(ns)    Netlist Resource(s)
  -------------------------------------------------------------------    -------------------
                         (clock sys_clk_pin rise edge)
                                                      0.000     0.000 r  <hidden>
                         propagated clock network latency
                                                      5.083     5.083    <hidden>
    SLICE_X8Y34          FDRE                         0.000     5.083 r  cpu_inst/op_ex_reg_reg[operand_a][1]/C
    SLICE_X8Y34          FDRE (Prop_fdre_C_Q)         0.518     5.601 r  cpu_inst/op_ex_reg_reg[operand_a][1]/Q
                         net (fo=9, routed)           1.179     6.781    cpu_inst/op_ex_reg_reg[operand_a][1]
    SLICE_X5Y33          LUT6 (Prop_lut6_I2_O)        0.124     6.905 r  cpu_inst/branch_taken0_carry_i_4/O
                         net (fo=1, routed)           0.000     6.905    cpu_inst/branch_taken0_carry_i_4_n_0
    SLICE_X5Y33          CARRY4 (Prop_carry4_S[0]_CO[3])
                                                      0.532     7.437 r  cpu_inst/branch_taken0_carry/CO[3]
                         net (fo=1, routed)           0.000     7.437    cpu_inst/branch_taken0_carry_n_0
    SLICE_X5Y34          CARRY4 (Prop_carry4_CI_CO[3])
                                                      0.114     7.551 r  cpu_inst/branch_taken0_carry__0/CO[3]
                         net (fo=1, routed)           0.000     7.551    cpu_inst/branch_taken0_carry__0_n_0
    SLICE_X5Y35          CARRY4 (Prop_carry4_CI_CO[2])
                                                      0.228     7.779 r  cpu_inst/branch_taken0_carry__1/CO[2]
                         net (fo=1, routed)           0.309     8.087    cpu_inst/branch_taken0
    SLICE_X6Y35          LUT6 (Prop_lut6_I5_O)        0.313     8.400 r  cpu_inst/paused_response_instruction_reg[31]_i_3/O
                         net (fo=116, routed)         1.412     9.812    cpu_inst/redirect_valid__0
    SLICE_X8Y26          LUT4 (Prop_lut4_I2_O)        0.149     9.961 r  cpu_inst/if_id_reg[opcode][3]_i_2/O
                         net (fo=23, routed)          0.942    10.904    cpu_inst/if_id_reg[opcode][3]_i_2_n_0
    SLICE_X0Y27          FDRE                                         r  cpu_inst/if_id_reg_reg[rs2][2]/CE
  -------------------------------------------------------------------    -------------------

                         (clock sys_clk_pin rise edge)
                                                      6.700     6.700 r  <hidden>
                         propagated clock network latency
                                                      4.846    11.546    <hidden>
                         clock pessimism              0.260    11.806    <hidden>
                         clock uncertainty           -0.035    11.771    <hidden>
    SLICE_X0Y27          FDRE (Setup_fdre_C_CE)      -0.436    11.335    cpu_inst/if_id_reg_reg[rs2][2]
  -------------------------------------------------------------------
                         required time                         11.335    <hidden>
                         arrival time                         -10.904    <hidden>
  -------------------------------------------------------------------
                         slack                                  0.431    <hidden>

Slack (MET) :             0.431ns  (required time - arrival time)
  Source:                 cpu_inst/op_ex_reg_reg[operand_a][1]/C
                            (rising edge-triggered cell FDRE clocked by sys_clk_pin  {rise@0.000ns fall@3.350ns period=6.700ns})
  Destination:            cpu_inst/if_id_reg_reg[rs2][3]/CE
                            (rising edge-triggered cell FDRE clocked by sys_clk_pin  {rise@0.000ns fall@3.350ns period=6.700ns})
  Path Group:             sys_clk_pin
  Path Type:              Setup (Max at Slow Process Corner)
  Requirement:            6.700ns  (sys_clk_pin rise@6.700ns - sys_clk_pin rise@0.000ns)
  Data Path Delay:        5.820ns  (logic 1.978ns (33.984%)  route 3.842ns (66.016%))
  Logic Levels:           6  (CARRY4=3 LUT4=1 LUT6=2)
  Clock Path Skew:        0.023ns (DCD - SCD + CPR)
    Destination Clock Delay (DCD):    4.846ns = ( 11.546 - 6.700 ) 
    Source Clock Delay      (SCD):    5.083ns
    Clock Pessimism Removal (CPR):    0.260ns
  Clock Uncertainty:      0.035ns  ((TSJ^2 + TIJ^2)^1/2 + DJ) / 2 + PE
    Total System Jitter     (TSJ):    0.071ns
    Total Input Jitter      (TIJ):    0.000ns
    Discrete Jitter          (DJ):    0.000ns
    Phase Error              (PE):    0.000ns

    Location             Delay type                Incr(ns)  Path(ns)    Netlist Resource(s)
  -------------------------------------------------------------------    -------------------
                         (clock sys_clk_pin rise edge)
                                                      0.000     0.000 r  <hidden>
                         propagated clock network latency
                                                      5.083     5.083    <hidden>
    SLICE_X8Y34          FDRE                         0.000     5.083 r  cpu_inst/op_ex_reg_reg[operand_a][1]/C
    SLICE_X8Y34          FDRE (Prop_fdre_C_Q)         0.518     5.601 r  cpu_inst/op_ex_reg_reg[operand_a][1]/Q
                         net (fo=9, routed)           1.179     6.781    cpu_inst/op_ex_reg_reg[operand_a][1]
    SLICE_X5Y33          LUT6 (Prop_lut6_I2_O)        0.124     6.905 r  cpu_inst/branch_taken0_carry_i_4/O
                         net (fo=1, routed)           0.000     6.905    cpu_inst/branch_taken0_carry_i_4_n_0
    SLICE_X5Y33          CARRY4 (Prop_carry4_S[0]_CO[3])
                                                      0.532     7.437 r  cpu_inst/branch_taken0_carry/CO[3]
                         net (fo=1, routed)           0.000     7.437    cpu_inst/branch_taken0_carry_n_0
    SLICE_X5Y34          CARRY4 (Prop_carry4_CI_CO[3])
                                                      0.114     7.551 r  cpu_inst/branch_taken0_carry__0/CO[3]
                         net (fo=1, routed)           0.000     7.551    cpu_inst/branch_taken0_carry__0_n_0
    SLICE_X5Y35          CARRY4 (Prop_carry4_CI_CO[2])
                                                      0.228     7.779 r  cpu_inst/branch_taken0_carry__1/CO[2]
                         net (fo=1, routed)           0.309     8.087    cpu_inst/branch_taken0
    SLICE_X6Y35          LUT6 (Prop_lut6_I5_O)        0.313     8.400 r  cpu_inst/paused_response_instruction_reg[31]_i_3/O
                         net (fo=116, routed)         1.412     9.812    cpu_inst/redirect_valid__0
    SLICE_X8Y26          LUT4 (Prop_lut4_I2_O)        0.149     9.961 r  cpu_inst/if_id_reg[opcode][3]_i_2/O
                         net (fo=23, routed)          0.942    10.904    cpu_inst/if_id_reg[opcode][3]_i_2_n_0
    SLICE_X0Y27          FDRE                                         r  cpu_inst/if_id_reg_reg[rs2][3]/CE
  -------------------------------------------------------------------    -------------------

                         (clock sys_clk_pin rise edge)
                                                      6.700     6.700 r  <hidden>
                         propagated clock network latency
                                                      4.846    11.546    <hidden>
                         clock pessimism              0.260    11.806    <hidden>
                         clock uncertainty           -0.035    11.771    <hidden>
    SLICE_X0Y27          FDRE (Setup_fdre_C_CE)      -0.436    11.335    cpu_inst/if_id_reg_reg[rs2][3]
  -------------------------------------------------------------------
                         required time                         11.335    <hidden>
                         arrival time                         -10.904    <hidden>
  -------------------------------------------------------------------
                         slack                                  0.431    <hidden>

Slack (MET) :             0.446ns  (required time - arrival time)
  Source:                 cpu_inst/op_ex_reg_reg[operand_a][1]/C
                            (rising edge-triggered cell FDRE clocked by sys_clk_pin  {rise@0.000ns fall@3.350ns period=6.700ns})
  Destination:            cpu_inst/op_ex_reg_reg[opcode][0]/R
                            (rising edge-triggered cell FDRE clocked by sys_clk_pin  {rise@0.000ns fall@3.350ns period=6.700ns})
  Path Group:             sys_clk_pin
  Path Type:              Setup (Max at Slow Process Corner)
  Requirement:            6.700ns  (sys_clk_pin rise@6.700ns - sys_clk_pin rise@0.000ns)
  Data Path Delay:        5.514ns  (logic 1.978ns (35.872%)  route 3.536ns (64.128%))
  Logic Levels:           6  (CARRY4=3 LUT4=1 LUT6=2)
  Clock Path Skew:        0.027ns (DCD - SCD + CPR)
    Destination Clock Delay (DCD):    4.850ns = ( 11.550 - 6.700 ) 
    Source Clock Delay      (SCD):    5.083ns
    Clock Pessimism Removal (CPR):    0.260ns
  Clock Uncertainty:      0.035ns  ((TSJ^2 + TIJ^2)^1/2 + DJ) / 2 + PE
    Total System Jitter     (TSJ):    0.071ns
    Total Input Jitter      (TIJ):    0.000ns
    Discrete Jitter          (DJ):    0.000ns
    Phase Error              (PE):    0.000ns

    Location             Delay type                Incr(ns)  Path(ns)    Netlist Resource(s)
  -------------------------------------------------------------------    -------------------
                         (clock sys_clk_pin rise edge)
                                                      0.000     0.000 r  <hidden>
                         propagated clock network latency
                                                      5.083     5.083    <hidden>
    SLICE_X8Y34          FDRE                         0.000     5.083 r  cpu_inst/op_ex_reg_reg[operand_a][1]/C
    SLICE_X8Y34          FDRE (Prop_fdre_C_Q)         0.518     5.601 r  cpu_inst/op_ex_reg_reg[operand_a][1]/Q
                         net (fo=9, routed)           1.179     6.781    cpu_inst/op_ex_reg_reg[operand_a][1]
    SLICE_X5Y33          LUT6 (Prop_lut6_I2_O)        0.124     6.905 r  cpu_inst/branch_taken0_carry_i_4/O
                         net (fo=1, routed)           0.000     6.905    cpu_inst/branch_taken0_carry_i_4_n_0
    SLICE_X5Y33          CARRY4 (Prop_carry4_S[0]_CO[3])
                                                      0.532     7.437 r  cpu_inst/branch_taken0_carry/CO[3]
                         net (fo=1, routed)           0.000     7.437    cpu_inst/branch_taken0_carry_n_0
    SLICE_X5Y34          CARRY4 (Prop_carry4_CI_CO[3])
                                                      0.114     7.551 r  cpu_inst/branch_taken0_carry__0/CO[3]
                         net (fo=1, routed)           0.000     7.551    cpu_inst/branch_taken0_carry__0_n_0
    SLICE_X5Y35          CARRY4 (Prop_carry4_CI_CO[2])
                                                      0.228     7.779 r  cpu_inst/branch_taken0_carry__1/CO[2]
                         net (fo=1, routed)           0.309     8.087    cpu_inst/branch_taken0
    SLICE_X6Y35          LUT6 (Prop_lut6_I5_O)        0.313     8.400 r  cpu_inst/paused_response_instruction_reg[31]_i_3/O
                         net (fo=116, routed)         0.913     9.313    cpu_inst/redirect_valid__0
    SLICE_X9Y34          LUT4 (Prop_lut4_I0_O)        0.149     9.462 r  cpu_inst/op_ex_reg[imm_ext][14]_i_1/O
                         net (fo=119, routed)         1.135    10.597    cpu_inst/op_ex_reg[imm_ext][14]_i_1_n_0
    SLICE_X2Y31          FDRE                                         r  cpu_inst/op_ex_reg_reg[opcode][0]/R
  -------------------------------------------------------------------    -------------------

                         (clock sys_clk_pin rise edge)
                                                      6.700     6.700 r  <hidden>
                         propagated clock network latency
                                                      4.850    11.550    <hidden>
                         clock pessimism              0.260    11.810    <hidden>
                         clock uncertainty           -0.035    11.775    <hidden>
    SLICE_X2Y31          FDRE (Setup_fdre_C_R)       -0.732    11.043    cpu_inst/op_ex_reg_reg[opcode][0]
  -------------------------------------------------------------------
                         required time                         11.043    <hidden>
                         arrival time                         -10.597    <hidden>
  -------------------------------------------------------------------
                         slack                                  0.446    <hidden>




