Copyright 1986-2022 Xilinx, Inc. All Rights Reserved. Copyright 2022-2026 Advanced Micro Devices, Inc. All Rights Reserved.
-----------------------------------------------------------------------------------------------------------------------------------------------------------
| Tool Version : Vivado v.2026.1 (win64) Build 6511674 Tue Jun 16 11:02:23 MDT 2026
| Date         : Tue Jul 14 11:50:05 2026
| Host         : DESKTOP-4GB7DVJ running 64-bit major release  (build 9200)
| Command      : report_timing -max_paths 10 -path_type full -file reports/phase14g_impl/fanout_opt_6p800ns/timing/fpga_top_pipeline6_impl_worst_paths.rpt
| Design       : fpga_top_pipeline6
| Device       : 7a35t-cpg236
| Speed File   : -1  PRODUCTION 1.23 2018-06-13
| Design State : Physopt postRoute
-----------------------------------------------------------------------------------------------------------------------------------------------------------

Timing Report

Slack (MET) :             0.344ns  (required time - arrival time)
  Source:                 cpu_inst/op_ex_reg_reg[operand_b][3]/C
                            (rising edge-triggered cell FDRE clocked by sys_clk_pin  {rise@0.000ns fall@3.400ns period=6.800ns})
  Destination:            cpu_inst/op_ex_reg_reg[operand_a][27]/R
                            (rising edge-triggered cell FDRE clocked by sys_clk_pin  {rise@0.000ns fall@3.400ns period=6.800ns})
  Path Group:             sys_clk_pin
  Path Type:              Setup (Max at Slow Process Corner)
  Requirement:            6.800ns  (sys_clk_pin rise@6.800ns - sys_clk_pin rise@0.000ns)
  Data Path Delay:        5.598ns  (logic 1.923ns (34.352%)  route 3.675ns (65.648%))
  Logic Levels:           6  (CARRY4=3 LUT5=1 LUT6=2)
  Clock Path Skew:        -0.096ns (DCD - SCD + CPR)
    Destination Clock Delay (DCD):    4.791ns = ( 11.591 - 6.800 ) 
    Source Clock Delay      (SCD):    5.147ns
    Clock Pessimism Removal (CPR):    0.260ns
  Clock Uncertainty:      0.035ns  ((TSJ^2 + TIJ^2)^1/2 + DJ) / 2 + PE
    Total System Jitter     (TSJ):    0.071ns
    Total Input Jitter      (TIJ):    0.000ns
    Discrete Jitter          (DJ):    0.000ns
    Phase Error              (PE):    0.000ns

    Location             Delay type                Incr(ns)  Path(ns)    Netlist Resource(s)
  -------------------------------------------------------------------    -------------------
                         (clock sys_clk_pin rise edge)
                                                      0.000     0.000 r  <hidden>
                         propagated clock network latency
                                                      5.147     5.147    <hidden>
    SLICE_X5Y32          FDRE                         0.000     5.147 r  cpu_inst/op_ex_reg_reg[operand_b][3]/C
    SLICE_X5Y32          FDRE (Prop_fdre_C_Q)         0.456     5.603 r  cpu_inst/op_ex_reg_reg[operand_b][3]/Q
                         net (fo=5, routed)           1.023     6.626    cpu_inst/op_ex_reg_reg[operand_b][3]
    SLICE_X6Y37          LUT6 (Prop_lut6_I4_O)        0.124     6.750 r  cpu_inst/branch_taken0_carry_i_3/O
                         net (fo=1, routed)           0.000     6.750    cpu_inst/branch_taken0_carry_i_3_n_0
    SLICE_X6Y37          CARRY4 (Prop_carry4_S[1]_CO[3])
                                                      0.533     7.283 r  cpu_inst/branch_taken0_carry/CO[3]
                         net (fo=1, routed)           0.000     7.283    cpu_inst/branch_taken0_carry_n_0
    SLICE_X6Y38          CARRY4 (Prop_carry4_CI_CO[3])
                                                      0.117     7.400 r  cpu_inst/branch_taken0_carry__0/CO[3]
                         net (fo=1, routed)           0.000     7.400    cpu_inst/branch_taken0_carry__0_n_0
    SLICE_X6Y39          CARRY4 (Prop_carry4_CI_CO[2])
                                                      0.229     7.629 r  cpu_inst/branch_taken0_carry__1/CO[2]
                         net (fo=1, routed)           0.659     8.288    cpu_inst/branch_taken0
    SLICE_X4Y33          LUT6 (Prop_lut6_I5_O)        0.310     8.598 r  cpu_inst/paused_response_instruction_reg[31]_i_3/O
                         net (fo=116, routed)         0.737     9.336    cpu_inst/redirect_valid__0
    SLICE_X5Y33          LUT5 (Prop_lut5_I0_O)        0.154     9.490 r  cpu_inst/op_ex_reg[operand_a][31]_i_1/O
                         net (fo=32, routed)          1.255    10.745    cpu_inst/op_ex_reg[operand_a][31]_i_1_n_0
    SLICE_X8Y43          FDRE                                         r  cpu_inst/op_ex_reg_reg[operand_a][27]/R
  -------------------------------------------------------------------    -------------------

                         (clock sys_clk_pin rise edge)
                                                      6.800     6.800 r  <hidden>
                         propagated clock network latency
                                                      4.791    11.591    <hidden>
                         clock pessimism              0.260    11.851    <hidden>
                         clock uncertainty           -0.035    11.816    <hidden>
    SLICE_X8Y43          FDRE (Setup_fdre_C_R)       -0.727    11.089    cpu_inst/op_ex_reg_reg[operand_a][27]
  -------------------------------------------------------------------
                         required time                         11.089    <hidden>
                         arrival time                         -10.745    <hidden>
  -------------------------------------------------------------------
                         slack                                  0.344    <hidden>

Slack (MET) :             0.455ns  (required time - arrival time)
  Source:                 cpu_inst/op_ex_reg_reg[operand_b][3]/C
                            (rising edge-triggered cell FDRE clocked by sys_clk_pin  {rise@0.000ns fall@3.400ns period=6.800ns})
  Destination:            cpu_inst/op_ex_reg_reg[operand_a][12]/R
                            (rising edge-triggered cell FDRE clocked by sys_clk_pin  {rise@0.000ns fall@3.400ns period=6.800ns})
  Path Group:             sys_clk_pin
  Path Type:              Setup (Max at Slow Process Corner)
  Requirement:            6.800ns  (sys_clk_pin rise@6.800ns - sys_clk_pin rise@0.000ns)
  Data Path Delay:        5.486ns  (logic 1.923ns (35.051%)  route 3.563ns (64.949%))
  Logic Levels:           6  (CARRY4=3 LUT5=1 LUT6=2)
  Clock Path Skew:        -0.096ns (DCD - SCD + CPR)
    Destination Clock Delay (DCD):    4.791ns = ( 11.591 - 6.800 ) 
    Source Clock Delay      (SCD):    5.147ns
    Clock Pessimism Removal (CPR):    0.260ns
  Clock Uncertainty:      0.035ns  ((TSJ^2 + TIJ^2)^1/2 + DJ) / 2 + PE
    Total System Jitter     (TSJ):    0.071ns
    Total Input Jitter      (TIJ):    0.000ns
    Discrete Jitter          (DJ):    0.000ns
    Phase Error              (PE):    0.000ns

    Location             Delay type                Incr(ns)  Path(ns)    Netlist Resource(s)
  -------------------------------------------------------------------    -------------------
                         (clock sys_clk_pin rise edge)
                                                      0.000     0.000 r  <hidden>
                         propagated clock network latency
                                                      5.147     5.147    <hidden>
    SLICE_X5Y32          FDRE                         0.000     5.147 r  cpu_inst/op_ex_reg_reg[operand_b][3]/C
    SLICE_X5Y32          FDRE (Prop_fdre_C_Q)         0.456     5.603 r  cpu_inst/op_ex_reg_reg[operand_b][3]/Q
                         net (fo=5, routed)           1.023     6.626    cpu_inst/op_ex_reg_reg[operand_b][3]
    SLICE_X6Y37          LUT6 (Prop_lut6_I4_O)        0.124     6.750 r  cpu_inst/branch_taken0_carry_i_3/O
                         net (fo=1, routed)           0.000     6.750    cpu_inst/branch_taken0_carry_i_3_n_0
    SLICE_X6Y37          CARRY4 (Prop_carry4_S[1]_CO[3])
                                                      0.533     7.283 r  cpu_inst/branch_taken0_carry/CO[3]
                         net (fo=1, routed)           0.000     7.283    cpu_inst/branch_taken0_carry_n_0
    SLICE_X6Y38          CARRY4 (Prop_carry4_CI_CO[3])
                                                      0.117     7.400 r  cpu_inst/branch_taken0_carry__0/CO[3]
                         net (fo=1, routed)           0.000     7.400    cpu_inst/branch_taken0_carry__0_n_0
    SLICE_X6Y39          CARRY4 (Prop_carry4_CI_CO[2])
                                                      0.229     7.629 r  cpu_inst/branch_taken0_carry__1/CO[2]
                         net (fo=1, routed)           0.659     8.288    cpu_inst/branch_taken0
    SLICE_X4Y33          LUT6 (Prop_lut6_I5_O)        0.310     8.598 r  cpu_inst/paused_response_instruction_reg[31]_i_3/O
                         net (fo=116, routed)         0.737     9.336    cpu_inst/redirect_valid__0
    SLICE_X5Y33          LUT5 (Prop_lut5_I0_O)        0.154     9.490 r  cpu_inst/op_ex_reg[operand_a][31]_i_1/O
                         net (fo=32, routed)          1.144    10.634    cpu_inst/op_ex_reg[operand_a][31]_i_1_n_0
    SLICE_X10Y41         FDRE                                         r  cpu_inst/op_ex_reg_reg[operand_a][12]/R
  -------------------------------------------------------------------    -------------------

                         (clock sys_clk_pin rise edge)
                                                      6.800     6.800 r  <hidden>
                         propagated clock network latency
                                                      4.791    11.591    <hidden>
                         clock pessimism              0.260    11.851    <hidden>
                         clock uncertainty           -0.035    11.816    <hidden>
    SLICE_X10Y41         FDRE (Setup_fdre_C_R)       -0.727    11.089    cpu_inst/op_ex_reg_reg[operand_a][12]
  -------------------------------------------------------------------
                         required time                         11.089    <hidden>
                         arrival time                         -10.634    <hidden>
  -------------------------------------------------------------------
                         slack                                  0.455    <hidden>

Slack (MET) :             0.471ns  (required time - arrival time)
  Source:                 cpu_inst/op_ex_reg_reg[operand_b][3]/C
                            (rising edge-triggered cell FDRE clocked by sys_clk_pin  {rise@0.000ns fall@3.400ns period=6.800ns})
  Destination:            cpu_inst/op_ex_reg_reg[operand_a][16]/R
                            (rising edge-triggered cell FDRE clocked by sys_clk_pin  {rise@0.000ns fall@3.400ns period=6.800ns})
  Path Group:             sys_clk_pin
  Path Type:              Setup (Max at Slow Process Corner)
  Requirement:            6.800ns  (sys_clk_pin rise@6.800ns - sys_clk_pin rise@0.000ns)
  Data Path Delay:        5.469ns  (logic 1.923ns (35.163%)  route 3.546ns (64.837%))
  Logic Levels:           6  (CARRY4=3 LUT5=1 LUT6=2)
  Clock Path Skew:        -0.098ns (DCD - SCD + CPR)
    Destination Clock Delay (DCD):    4.789ns = ( 11.589 - 6.800 ) 
    Source Clock Delay      (SCD):    5.147ns
    Clock Pessimism Removal (CPR):    0.260ns
  Clock Uncertainty:      0.035ns  ((TSJ^2 + TIJ^2)^1/2 + DJ) / 2 + PE
    Total System Jitter     (TSJ):    0.071ns
    Total Input Jitter      (TIJ):    0.000ns
    Discrete Jitter          (DJ):    0.000ns
    Phase Error              (PE):    0.000ns

    Location             Delay type                Incr(ns)  Path(ns)    Netlist Resource(s)
  -------------------------------------------------------------------    -------------------
                         (clock sys_clk_pin rise edge)
                                                      0.000     0.000 r  <hidden>
                         propagated clock network latency
                                                      5.147     5.147    <hidden>
    SLICE_X5Y32          FDRE                         0.000     5.147 r  cpu_inst/op_ex_reg_reg[operand_b][3]/C
    SLICE_X5Y32          FDRE (Prop_fdre_C_Q)         0.456     5.603 r  cpu_inst/op_ex_reg_reg[operand_b][3]/Q
                         net (fo=5, routed)           1.023     6.626    cpu_inst/op_ex_reg_reg[operand_b][3]
    SLICE_X6Y37          LUT6 (Prop_lut6_I4_O)        0.124     6.750 r  cpu_inst/branch_taken0_carry_i_3/O
                         net (fo=1, routed)           0.000     6.750    cpu_inst/branch_taken0_carry_i_3_n_0
    SLICE_X6Y37          CARRY4 (Prop_carry4_S[1]_CO[3])
                                                      0.533     7.283 r  cpu_inst/branch_taken0_carry/CO[3]
                         net (fo=1, routed)           0.000     7.283    cpu_inst/branch_taken0_carry_n_0
    SLICE_X6Y38          CARRY4 (Prop_carry4_CI_CO[3])
                                                      0.117     7.400 r  cpu_inst/branch_taken0_carry__0/CO[3]
                         net (fo=1, routed)           0.000     7.400    cpu_inst/branch_taken0_carry__0_n_0
    SLICE_X6Y39          CARRY4 (Prop_carry4_CI_CO[2])
                                                      0.229     7.629 r  cpu_inst/branch_taken0_carry__1/CO[2]
                         net (fo=1, routed)           0.659     8.288    cpu_inst/branch_taken0
    SLICE_X4Y33          LUT6 (Prop_lut6_I5_O)        0.310     8.598 r  cpu_inst/paused_response_instruction_reg[31]_i_3/O
                         net (fo=116, routed)         0.737     9.336    cpu_inst/redirect_valid__0
    SLICE_X5Y33          LUT5 (Prop_lut5_I0_O)        0.154     9.490 r  cpu_inst/op_ex_reg[operand_a][31]_i_1/O
                         net (fo=32, routed)          1.126    10.616    cpu_inst/op_ex_reg[operand_a][31]_i_1_n_0
    SLICE_X8Y40          FDRE                                         r  cpu_inst/op_ex_reg_reg[operand_a][16]/R
  -------------------------------------------------------------------    -------------------

                         (clock sys_clk_pin rise edge)
                                                      6.800     6.800 r  <hidden>
                         propagated clock network latency
                                                      4.789    11.589    <hidden>
                         clock pessimism              0.260    11.849    <hidden>
                         clock uncertainty           -0.035    11.814    <hidden>
    SLICE_X8Y40          FDRE (Setup_fdre_C_R)       -0.727    11.087    cpu_inst/op_ex_reg_reg[operand_a][16]
  -------------------------------------------------------------------
                         required time                         11.087    <hidden>
                         arrival time                         -10.616    <hidden>
  -------------------------------------------------------------------
                         slack                                  0.471    <hidden>

Slack (MET) :             0.471ns  (required time - arrival time)
  Source:                 cpu_inst/op_ex_reg_reg[operand_b][3]/C
                            (rising edge-triggered cell FDRE clocked by sys_clk_pin  {rise@0.000ns fall@3.400ns period=6.800ns})
  Destination:            cpu_inst/op_ex_reg_reg[operand_a][22]/R
                            (rising edge-triggered cell FDRE clocked by sys_clk_pin  {rise@0.000ns fall@3.400ns period=6.800ns})
  Path Group:             sys_clk_pin
  Path Type:              Setup (Max at Slow Process Corner)
  Requirement:            6.800ns  (sys_clk_pin rise@6.800ns - sys_clk_pin rise@0.000ns)
  Data Path Delay:        5.469ns  (logic 1.923ns (35.163%)  route 3.546ns (64.837%))
  Logic Levels:           6  (CARRY4=3 LUT5=1 LUT6=2)
  Clock Path Skew:        -0.098ns (DCD - SCD + CPR)
    Destination Clock Delay (DCD):    4.789ns = ( 11.589 - 6.800 ) 
    Source Clock Delay      (SCD):    5.147ns
    Clock Pessimism Removal (CPR):    0.260ns
  Clock Uncertainty:      0.035ns  ((TSJ^2 + TIJ^2)^1/2 + DJ) / 2 + PE
    Total System Jitter     (TSJ):    0.071ns
    Total Input Jitter      (TIJ):    0.000ns
    Discrete Jitter          (DJ):    0.000ns
    Phase Error              (PE):    0.000ns

    Location             Delay type                Incr(ns)  Path(ns)    Netlist Resource(s)
  -------------------------------------------------------------------    -------------------
                         (clock sys_clk_pin rise edge)
                                                      0.000     0.000 r  <hidden>
                         propagated clock network latency
                                                      5.147     5.147    <hidden>
    SLICE_X5Y32          FDRE                         0.000     5.147 r  cpu_inst/op_ex_reg_reg[operand_b][3]/C
    SLICE_X5Y32          FDRE (Prop_fdre_C_Q)         0.456     5.603 r  cpu_inst/op_ex_reg_reg[operand_b][3]/Q
                         net (fo=5, routed)           1.023     6.626    cpu_inst/op_ex_reg_reg[operand_b][3]
    SLICE_X6Y37          LUT6 (Prop_lut6_I4_O)        0.124     6.750 r  cpu_inst/branch_taken0_carry_i_3/O
                         net (fo=1, routed)           0.000     6.750    cpu_inst/branch_taken0_carry_i_3_n_0
    SLICE_X6Y37          CARRY4 (Prop_carry4_S[1]_CO[3])
                                                      0.533     7.283 r  cpu_inst/branch_taken0_carry/CO[3]
                         net (fo=1, routed)           0.000     7.283    cpu_inst/branch_taken0_carry_n_0
    SLICE_X6Y38          CARRY4 (Prop_carry4_CI_CO[3])
                                                      0.117     7.400 r  cpu_inst/branch_taken0_carry__0/CO[3]
                         net (fo=1, routed)           0.000     7.400    cpu_inst/branch_taken0_carry__0_n_0
    SLICE_X6Y39          CARRY4 (Prop_carry4_CI_CO[2])
                                                      0.229     7.629 r  cpu_inst/branch_taken0_carry__1/CO[2]
                         net (fo=1, routed)           0.659     8.288    cpu_inst/branch_taken0
    SLICE_X4Y33          LUT6 (Prop_lut6_I5_O)        0.310     8.598 r  cpu_inst/paused_response_instruction_reg[31]_i_3/O
                         net (fo=116, routed)         0.737     9.336    cpu_inst/redirect_valid__0
    SLICE_X5Y33          LUT5 (Prop_lut5_I0_O)        0.154     9.490 r  cpu_inst/op_ex_reg[operand_a][31]_i_1/O
                         net (fo=32, routed)          1.126    10.616    cpu_inst/op_ex_reg[operand_a][31]_i_1_n_0
    SLICE_X8Y40          FDRE                                         r  cpu_inst/op_ex_reg_reg[operand_a][22]/R
  -------------------------------------------------------------------    -------------------

                         (clock sys_clk_pin rise edge)
                                                      6.800     6.800 r  <hidden>
                         propagated clock network latency
                                                      4.789    11.589    <hidden>
                         clock pessimism              0.260    11.849    <hidden>
                         clock uncertainty           -0.035    11.814    <hidden>
    SLICE_X8Y40          FDRE (Setup_fdre_C_R)       -0.727    11.087    cpu_inst/op_ex_reg_reg[operand_a][22]
  -------------------------------------------------------------------
                         required time                         11.087    <hidden>
                         arrival time                         -10.616    <hidden>
  -------------------------------------------------------------------
                         slack                                  0.471    <hidden>

Slack (MET) :             0.498ns  (required time - arrival time)
  Source:                 cpu_inst/op_ex_reg_reg[operand_b][3]/C
                            (rising edge-triggered cell FDRE clocked by sys_clk_pin  {rise@0.000ns fall@3.400ns period=6.800ns})
  Destination:            cpu_inst/op_ex_reg_reg[operand_a][0]/R
                            (rising edge-triggered cell FDRE clocked by sys_clk_pin  {rise@0.000ns fall@3.400ns period=6.800ns})
  Path Group:             sys_clk_pin
  Path Type:              Setup (Max at Slow Process Corner)
  Requirement:            6.800ns  (sys_clk_pin rise@6.800ns - sys_clk_pin rise@0.000ns)
  Data Path Delay:        5.438ns  (logic 1.923ns (35.361%)  route 3.515ns (64.639%))
  Logic Levels:           6  (CARRY4=3 LUT5=1 LUT6=2)
  Clock Path Skew:        -0.101ns (DCD - SCD + CPR)
    Destination Clock Delay (DCD):    4.786ns = ( 11.586 - 6.800 ) 
    Source Clock Delay      (SCD):    5.147ns
    Clock Pessimism Removal (CPR):    0.260ns
  Clock Uncertainty:      0.035ns  ((TSJ^2 + TIJ^2)^1/2 + DJ) / 2 + PE
    Total System Jitter     (TSJ):    0.071ns
    Total Input Jitter      (TIJ):    0.000ns
    Discrete Jitter          (DJ):    0.000ns
    Phase Error              (PE):    0.000ns

    Location             Delay type                Incr(ns)  Path(ns)    Netlist Resource(s)
  -------------------------------------------------------------------    -------------------
                         (clock sys_clk_pin rise edge)
                                                      0.000     0.000 r  <hidden>
                         propagated clock network latency
                                                      5.147     5.147    <hidden>
    SLICE_X5Y32          FDRE                         0.000     5.147 r  cpu_inst/op_ex_reg_reg[operand_b][3]/C
    SLICE_X5Y32          FDRE (Prop_fdre_C_Q)         0.456     5.603 r  cpu_inst/op_ex_reg_reg[operand_b][3]/Q
                         net (fo=5, routed)           1.023     6.626    cpu_inst/op_ex_reg_reg[operand_b][3]
    SLICE_X6Y37          LUT6 (Prop_lut6_I4_O)        0.124     6.750 r  cpu_inst/branch_taken0_carry_i_3/O
                         net (fo=1, routed)           0.000     6.750    cpu_inst/branch_taken0_carry_i_3_n_0
    SLICE_X6Y37          CARRY4 (Prop_carry4_S[1]_CO[3])
                                                      0.533     7.283 r  cpu_inst/branch_taken0_carry/CO[3]
                         net (fo=1, routed)           0.000     7.283    cpu_inst/branch_taken0_carry_n_0
    SLICE_X6Y38          CARRY4 (Prop_carry4_CI_CO[3])
                                                      0.117     7.400 r  cpu_inst/branch_taken0_carry__0/CO[3]
                         net (fo=1, routed)           0.000     7.400    cpu_inst/branch_taken0_carry__0_n_0
    SLICE_X6Y39          CARRY4 (Prop_carry4_CI_CO[2])
                                                      0.229     7.629 r  cpu_inst/branch_taken0_carry__1/CO[2]
                         net (fo=1, routed)           0.659     8.288    cpu_inst/branch_taken0
    SLICE_X4Y33          LUT6 (Prop_lut6_I5_O)        0.310     8.598 r  cpu_inst/paused_response_instruction_reg[31]_i_3/O
                         net (fo=116, routed)         0.737     9.336    cpu_inst/redirect_valid__0
    SLICE_X5Y33          LUT5 (Prop_lut5_I0_O)        0.154     9.490 r  cpu_inst/op_ex_reg[operand_a][31]_i_1/O
                         net (fo=32, routed)          1.096    10.585    cpu_inst/op_ex_reg[operand_a][31]_i_1_n_0
    SLICE_X10Y34         FDRE                                         r  cpu_inst/op_ex_reg_reg[operand_a][0]/R
  -------------------------------------------------------------------    -------------------

                         (clock sys_clk_pin rise edge)
                                                      6.800     6.800 r  <hidden>
                         propagated clock network latency
                                                      4.786    11.586    <hidden>
                         clock pessimism              0.260    11.846    <hidden>
                         clock uncertainty           -0.035    11.811    <hidden>
    SLICE_X10Y34         FDRE (Setup_fdre_C_R)       -0.727    11.084    cpu_inst/op_ex_reg_reg[operand_a][0]
  -------------------------------------------------------------------
                         required time                         11.084    <hidden>
                         arrival time                         -10.585    <hidden>
  -------------------------------------------------------------------
                         slack                                  0.498    <hidden>

Slack (MET) :             0.498ns  (required time - arrival time)
  Source:                 cpu_inst/op_ex_reg_reg[operand_b][3]/C
                            (rising edge-triggered cell FDRE clocked by sys_clk_pin  {rise@0.000ns fall@3.400ns period=6.800ns})
  Destination:            cpu_inst/op_ex_reg_reg[operand_a][3]/R
                            (rising edge-triggered cell FDRE clocked by sys_clk_pin  {rise@0.000ns fall@3.400ns period=6.800ns})
  Path Group:             sys_clk_pin
  Path Type:              Setup (Max at Slow Process Corner)
  Requirement:            6.800ns  (sys_clk_pin rise@6.800ns - sys_clk_pin rise@0.000ns)
  Data Path Delay:        5.438ns  (logic 1.923ns (35.361%)  route 3.515ns (64.639%))
  Logic Levels:           6  (CARRY4=3 LUT5=1 LUT6=2)
  Clock Path Skew:        -0.101ns (DCD - SCD + CPR)
    Destination Clock Delay (DCD):    4.786ns = ( 11.586 - 6.800 ) 
    Source Clock Delay      (SCD):    5.147ns
    Clock Pessimism Removal (CPR):    0.260ns
  Clock Uncertainty:      0.035ns  ((TSJ^2 + TIJ^2)^1/2 + DJ) / 2 + PE
    Total System Jitter     (TSJ):    0.071ns
    Total Input Jitter      (TIJ):    0.000ns
    Discrete Jitter          (DJ):    0.000ns
    Phase Error              (PE):    0.000ns

    Location             Delay type                Incr(ns)  Path(ns)    Netlist Resource(s)
  -------------------------------------------------------------------    -------------------
                         (clock sys_clk_pin rise edge)
                                                      0.000     0.000 r  <hidden>
                         propagated clock network latency
                                                      5.147     5.147    <hidden>
    SLICE_X5Y32          FDRE                         0.000     5.147 r  cpu_inst/op_ex_reg_reg[operand_b][3]/C
    SLICE_X5Y32          FDRE (Prop_fdre_C_Q)         0.456     5.603 r  cpu_inst/op_ex_reg_reg[operand_b][3]/Q
                         net (fo=5, routed)           1.023     6.626    cpu_inst/op_ex_reg_reg[operand_b][3]
    SLICE_X6Y37          LUT6 (Prop_lut6_I4_O)        0.124     6.750 r  cpu_inst/branch_taken0_carry_i_3/O
                         net (fo=1, routed)           0.000     6.750    cpu_inst/branch_taken0_carry_i_3_n_0
    SLICE_X6Y37          CARRY4 (Prop_carry4_S[1]_CO[3])
                                                      0.533     7.283 r  cpu_inst/branch_taken0_carry/CO[3]
                         net (fo=1, routed)           0.000     7.283    cpu_inst/branch_taken0_carry_n_0
    SLICE_X6Y38          CARRY4 (Prop_carry4_CI_CO[3])
                                                      0.117     7.400 r  cpu_inst/branch_taken0_carry__0/CO[3]
                         net (fo=1, routed)           0.000     7.400    cpu_inst/branch_taken0_carry__0_n_0
    SLICE_X6Y39          CARRY4 (Prop_carry4_CI_CO[2])
                                                      0.229     7.629 r  cpu_inst/branch_taken0_carry__1/CO[2]
                         net (fo=1, routed)           0.659     8.288    cpu_inst/branch_taken0
    SLICE_X4Y33          LUT6 (Prop_lut6_I5_O)        0.310     8.598 r  cpu_inst/paused_response_instruction_reg[31]_i_3/O
                         net (fo=116, routed)         0.737     9.336    cpu_inst/redirect_valid__0
    SLICE_X5Y33          LUT5 (Prop_lut5_I0_O)        0.154     9.490 r  cpu_inst/op_ex_reg[operand_a][31]_i_1/O
                         net (fo=32, routed)          1.096    10.585    cpu_inst/op_ex_reg[operand_a][31]_i_1_n_0
    SLICE_X10Y34         FDRE                                         r  cpu_inst/op_ex_reg_reg[operand_a][3]/R
  -------------------------------------------------------------------    -------------------

                         (clock sys_clk_pin rise edge)
                                                      6.800     6.800 r  <hidden>
                         propagated clock network latency
                                                      4.786    11.586    <hidden>
                         clock pessimism              0.260    11.846    <hidden>
                         clock uncertainty           -0.035    11.811    <hidden>
    SLICE_X10Y34         FDRE (Setup_fdre_C_R)       -0.727    11.084    cpu_inst/op_ex_reg_reg[operand_a][3]
  -------------------------------------------------------------------
                         required time                         11.084    <hidden>
                         arrival time                         -10.585    <hidden>
  -------------------------------------------------------------------
                         slack                                  0.498    <hidden>

Slack (MET) :             0.508ns  (required time - arrival time)
  Source:                 cpu_inst/op_ex_reg_reg[opcode][0]/C
                            (rising edge-triggered cell FDRE clocked by sys_clk_pin  {rise@0.000ns fall@3.400ns period=6.800ns})
  Destination:            cpu_inst/op_ex_reg_reg[operand_a][20]/D
                            (rising edge-triggered cell FDRE clocked by sys_clk_pin  {rise@0.000ns fall@3.400ns period=6.800ns})
  Path Group:             sys_clk_pin
  Path Type:              Setup (Max at Slow Process Corner)
  Requirement:            6.800ns  (sys_clk_pin rise@6.800ns - sys_clk_pin rise@0.000ns)
  Data Path Delay:        6.237ns  (logic 1.442ns (23.120%)  route 4.795ns (76.880%))
  Logic Levels:           5  (LUT3=1 LUT4=1 LUT6=3)
  Clock Path Skew:        -0.100ns (DCD - SCD + CPR)
    Destination Clock Delay (DCD):    4.787ns = ( 11.587 - 6.800 ) 
    Source Clock Delay      (SCD):    5.147ns
    Clock Pessimism Removal (CPR):    0.260ns
  Clock Uncertainty:      0.035ns  ((TSJ^2 + TIJ^2)^1/2 + DJ) / 2 + PE
    Total System Jitter     (TSJ):    0.071ns
    Total Input Jitter      (TIJ):    0.000ns
    Discrete Jitter          (DJ):    0.000ns
    Phase Error              (PE):    0.000ns

    Location             Delay type                Incr(ns)  Path(ns)    Netlist Resource(s)
  -------------------------------------------------------------------    -------------------
                         (clock sys_clk_pin rise edge)
                                                      0.000     0.000 r  <hidden>
                         propagated clock network latency
                                                      5.147     5.147    <hidden>
    SLICE_X5Y32          FDRE                         0.000     5.147 r  cpu_inst/op_ex_reg_reg[opcode][0]/C
    SLICE_X5Y32          FDRE (Prop_fdre_C_Q)         0.419     5.566 r  cpu_inst/op_ex_reg_reg[opcode][0]/Q
                         net (fo=10, routed)          0.872     6.438    cpu_inst/op_ex_reg_reg[opcode_n_0_][0]
    SLICE_X4Y32          LUT4 (Prop_lut4_I1_O)        0.325     6.763 f  cpu_inst/op_ex_reg[operand_b][31]_i_11/O
                         net (fo=2, routed)           0.759     7.522    cpu_inst/p_13_in
    SLICE_X3Y32          LUT6 (Prop_lut6_I0_O)        0.326     7.848 f  cpu_inst/op_ex_reg[operand_a][31]_i_6/O
                         net (fo=33, routed)          0.631     8.479    cpu_inst/p_33_out__0
    SLICE_X5Y33          LUT3 (Prop_lut3_I0_O)        0.124     8.603 r  cpu_inst/op_ex_reg[operand_a][31]_i_13/O
                         net (fo=32, routed)          1.480    10.083    cpu_inst/data_mem_inst/op_ex_reg_reg[operand_a][0]
    SLICE_X12Y50         LUT6 (Prop_lut6_I0_O)        0.124    10.207 r  cpu_inst/data_mem_inst/op_ex_reg[operand_a][20]_i_2/O
                         net (fo=1, routed)           1.054    11.260    cpu_inst/data_mem_inst/op_ex_reg[operand_a][20]_i_2_n_0
    SLICE_X10Y35         LUT6 (Prop_lut6_I3_O)        0.124    11.384 r  cpu_inst/data_mem_inst/op_ex_reg[operand_a][20]_i_1/O
                         net (fo=1, routed)           0.000    11.384    cpu_inst/p_1_in[20]
    SLICE_X10Y35         FDRE                                         r  cpu_inst/op_ex_reg_reg[operand_a][20]/D
  -------------------------------------------------------------------    -------------------

                         (clock sys_clk_pin rise edge)
                                                      6.800     6.800 r  <hidden>
                         propagated clock network latency
                                                      4.787    11.587    <hidden>
                         clock pessimism              0.260    11.847    <hidden>
                         clock uncertainty           -0.035    11.812    <hidden>
    SLICE_X10Y35         FDRE (Setup_fdre_C_D)        0.081    11.893    cpu_inst/op_ex_reg_reg[operand_a][20]
  -------------------------------------------------------------------
                         required time                         11.893    <hidden>
                         arrival time                         -11.384    <hidden>
  -------------------------------------------------------------------
                         slack                                  0.508    <hidden>

Slack (MET) :             0.543ns  (required time - arrival time)
  Source:                 cpu_inst/op_ex_reg_reg[operand_b][3]/C
                            (rising edge-triggered cell FDRE clocked by sys_clk_pin  {rise@0.000ns fall@3.400ns period=6.800ns})
  Destination:            cpu_inst/op_ex_reg_reg[operand_a][7]/R
                            (rising edge-triggered cell FDRE clocked by sys_clk_pin  {rise@0.000ns fall@3.400ns period=6.800ns})
  Path Group:             sys_clk_pin
  Path Type:              Setup (Max at Slow Process Corner)
  Requirement:            6.800ns  (sys_clk_pin rise@6.800ns - sys_clk_pin rise@0.000ns)
  Data Path Delay:        5.396ns  (logic 1.923ns (35.638%)  route 3.473ns (64.362%))
  Logic Levels:           6  (CARRY4=3 LUT5=1 LUT6=2)
  Clock Path Skew:        -0.099ns (DCD - SCD + CPR)
    Destination Clock Delay (DCD):    4.788ns = ( 11.588 - 6.800 ) 
    Source Clock Delay      (SCD):    5.147ns
    Clock Pessimism Removal (CPR):    0.260ns
  Clock Uncertainty:      0.035ns  ((TSJ^2 + TIJ^2)^1/2 + DJ) / 2 + PE
    Total System Jitter     (TSJ):    0.071ns
    Total Input Jitter      (TIJ):    0.000ns
    Discrete Jitter          (DJ):    0.000ns
    Phase Error              (PE):    0.000ns

    Location             Delay type                Incr(ns)  Path(ns)    Netlist Resource(s)
  -------------------------------------------------------------------    -------------------
                         (clock sys_clk_pin rise edge)
                                                      0.000     0.000 r  <hidden>
                         propagated clock network latency
                                                      5.147     5.147    <hidden>
    SLICE_X5Y32          FDRE                         0.000     5.147 r  cpu_inst/op_ex_reg_reg[operand_b][3]/C
    SLICE_X5Y32          FDRE (Prop_fdre_C_Q)         0.456     5.603 r  cpu_inst/op_ex_reg_reg[operand_b][3]/Q
                         net (fo=5, routed)           1.023     6.626    cpu_inst/op_ex_reg_reg[operand_b][3]
    SLICE_X6Y37          LUT6 (Prop_lut6_I4_O)        0.124     6.750 r  cpu_inst/branch_taken0_carry_i_3/O
                         net (fo=1, routed)           0.000     6.750    cpu_inst/branch_taken0_carry_i_3_n_0
    SLICE_X6Y37          CARRY4 (Prop_carry4_S[1]_CO[3])
                                                      0.533     7.283 r  cpu_inst/branch_taken0_carry/CO[3]
                         net (fo=1, routed)           0.000     7.283    cpu_inst/branch_taken0_carry_n_0
    SLICE_X6Y38          CARRY4 (Prop_carry4_CI_CO[3])
                                                      0.117     7.400 r  cpu_inst/branch_taken0_carry__0/CO[3]
                         net (fo=1, routed)           0.000     7.400    cpu_inst/branch_taken0_carry__0_n_0
    SLICE_X6Y39          CARRY4 (Prop_carry4_CI_CO[2])
                                                      0.229     7.629 r  cpu_inst/branch_taken0_carry__1/CO[2]
                         net (fo=1, routed)           0.659     8.288    cpu_inst/branch_taken0
    SLICE_X4Y33          LUT6 (Prop_lut6_I5_O)        0.310     8.598 r  cpu_inst/paused_response_instruction_reg[31]_i_3/O
                         net (fo=116, routed)         0.737     9.336    cpu_inst/redirect_valid__0
    SLICE_X5Y33          LUT5 (Prop_lut5_I0_O)        0.154     9.490 r  cpu_inst/op_ex_reg[operand_a][31]_i_1/O
                         net (fo=32, routed)          1.054    10.543    cpu_inst/op_ex_reg[operand_a][31]_i_1_n_0
    SLICE_X10Y37         FDRE                                         r  cpu_inst/op_ex_reg_reg[operand_a][7]/R
  -------------------------------------------------------------------    -------------------

                         (clock sys_clk_pin rise edge)
                                                      6.800     6.800 r  <hidden>
                         propagated clock network latency
                                                      4.788    11.588    <hidden>
                         clock pessimism              0.260    11.848    <hidden>
                         clock uncertainty           -0.035    11.813    <hidden>
    SLICE_X10Y37         FDRE (Setup_fdre_C_R)       -0.727    11.086    cpu_inst/op_ex_reg_reg[operand_a][7]
  -------------------------------------------------------------------
                         required time                         11.086    <hidden>
                         arrival time                         -10.543    <hidden>
  -------------------------------------------------------------------
                         slack                                  0.543    <hidden>

Slack (MET) :             0.543ns  (required time - arrival time)
  Source:                 cpu_inst/op_ex_reg_reg[operand_b][3]/C
                            (rising edge-triggered cell FDRE clocked by sys_clk_pin  {rise@0.000ns fall@3.400ns period=6.800ns})
  Destination:            cpu_inst/op_ex_reg_reg[operand_a][9]/R
                            (rising edge-triggered cell FDRE clocked by sys_clk_pin  {rise@0.000ns fall@3.400ns period=6.800ns})
  Path Group:             sys_clk_pin
  Path Type:              Setup (Max at Slow Process Corner)
  Requirement:            6.800ns  (sys_clk_pin rise@6.800ns - sys_clk_pin rise@0.000ns)
  Data Path Delay:        5.396ns  (logic 1.923ns (35.638%)  route 3.473ns (64.362%))
  Logic Levels:           6  (CARRY4=3 LUT5=1 LUT6=2)
  Clock Path Skew:        -0.099ns (DCD - SCD + CPR)
    Destination Clock Delay (DCD):    4.788ns = ( 11.588 - 6.800 ) 
    Source Clock Delay      (SCD):    5.147ns
    Clock Pessimism Removal (CPR):    0.260ns
  Clock Uncertainty:      0.035ns  ((TSJ^2 + TIJ^2)^1/2 + DJ) / 2 + PE
    Total System Jitter     (TSJ):    0.071ns
    Total Input Jitter      (TIJ):    0.000ns
    Discrete Jitter          (DJ):    0.000ns
    Phase Error              (PE):    0.000ns

    Location             Delay type                Incr(ns)  Path(ns)    Netlist Resource(s)
  -------------------------------------------------------------------    -------------------
                         (clock sys_clk_pin rise edge)
                                                      0.000     0.000 r  <hidden>
                         propagated clock network latency
                                                      5.147     5.147    <hidden>
    SLICE_X5Y32          FDRE                         0.000     5.147 r  cpu_inst/op_ex_reg_reg[operand_b][3]/C
    SLICE_X5Y32          FDRE (Prop_fdre_C_Q)         0.456     5.603 r  cpu_inst/op_ex_reg_reg[operand_b][3]/Q
                         net (fo=5, routed)           1.023     6.626    cpu_inst/op_ex_reg_reg[operand_b][3]
    SLICE_X6Y37          LUT6 (Prop_lut6_I4_O)        0.124     6.750 r  cpu_inst/branch_taken0_carry_i_3/O
                         net (fo=1, routed)           0.000     6.750    cpu_inst/branch_taken0_carry_i_3_n_0
    SLICE_X6Y37          CARRY4 (Prop_carry4_S[1]_CO[3])
                                                      0.533     7.283 r  cpu_inst/branch_taken0_carry/CO[3]
                         net (fo=1, routed)           0.000     7.283    cpu_inst/branch_taken0_carry_n_0
    SLICE_X6Y38          CARRY4 (Prop_carry4_CI_CO[3])
                                                      0.117     7.400 r  cpu_inst/branch_taken0_carry__0/CO[3]
                         net (fo=1, routed)           0.000     7.400    cpu_inst/branch_taken0_carry__0_n_0
    SLICE_X6Y39          CARRY4 (Prop_carry4_CI_CO[2])
                                                      0.229     7.629 r  cpu_inst/branch_taken0_carry__1/CO[2]
                         net (fo=1, routed)           0.659     8.288    cpu_inst/branch_taken0
    SLICE_X4Y33          LUT6 (Prop_lut6_I5_O)        0.310     8.598 r  cpu_inst/paused_response_instruction_reg[31]_i_3/O
                         net (fo=116, routed)         0.737     9.336    cpu_inst/redirect_valid__0
    SLICE_X5Y33          LUT5 (Prop_lut5_I0_O)        0.154     9.490 r  cpu_inst/op_ex_reg[operand_a][31]_i_1/O
                         net (fo=32, routed)          1.054    10.543    cpu_inst/op_ex_reg[operand_a][31]_i_1_n_0
    SLICE_X10Y37         FDRE                                         r  cpu_inst/op_ex_reg_reg[operand_a][9]/R
  -------------------------------------------------------------------    -------------------

                         (clock sys_clk_pin rise edge)
                                                      6.800     6.800 r  <hidden>
                         propagated clock network latency
                                                      4.788    11.588    <hidden>
                         clock pessimism              0.260    11.848    <hidden>
                         clock uncertainty           -0.035    11.813    <hidden>
    SLICE_X10Y37         FDRE (Setup_fdre_C_R)       -0.727    11.086    cpu_inst/op_ex_reg_reg[operand_a][9]
  -------------------------------------------------------------------
                         required time                         11.086    <hidden>
                         arrival time                         -10.543    <hidden>
  -------------------------------------------------------------------
                         slack                                  0.543    <hidden>

Slack (MET) :             0.593ns  (required time - arrival time)
  Source:                 cpu_inst/op_ex_reg_reg[operand_b][3]/C
                            (rising edge-triggered cell FDRE clocked by sys_clk_pin  {rise@0.000ns fall@3.400ns period=6.800ns})
  Destination:            cpu_inst/op_ex_reg_reg[operand_a][6]/R
                            (rising edge-triggered cell FDRE clocked by sys_clk_pin  {rise@0.000ns fall@3.400ns period=6.800ns})
  Path Group:             sys_clk_pin
  Path Type:              Setup (Max at Slow Process Corner)
  Requirement:            6.800ns  (sys_clk_pin rise@6.800ns - sys_clk_pin rise@0.000ns)
  Data Path Delay:        5.438ns  (logic 1.923ns (35.361%)  route 3.515ns (64.639%))
  Logic Levels:           6  (CARRY4=3 LUT5=1 LUT6=2)
  Clock Path Skew:        -0.101ns (DCD - SCD + CPR)
    Destination Clock Delay (DCD):    4.786ns = ( 11.586 - 6.800 ) 
    Source Clock Delay      (SCD):    5.147ns
    Clock Pessimism Removal (CPR):    0.260ns
  Clock Uncertainty:      0.035ns  ((TSJ^2 + TIJ^2)^1/2 + DJ) / 2 + PE
    Total System Jitter     (TSJ):    0.071ns
    Total Input Jitter      (TIJ):    0.000ns
    Discrete Jitter          (DJ):    0.000ns
    Phase Error              (PE):    0.000ns

    Location             Delay type                Incr(ns)  Path(ns)    Netlist Resource(s)
  -------------------------------------------------------------------    -------------------
                         (clock sys_clk_pin rise edge)
                                                      0.000     0.000 r  <hidden>
                         propagated clock network latency
                                                      5.147     5.147    <hidden>
    SLICE_X5Y32          FDRE                         0.000     5.147 r  cpu_inst/op_ex_reg_reg[operand_b][3]/C
    SLICE_X5Y32          FDRE (Prop_fdre_C_Q)         0.456     5.603 r  cpu_inst/op_ex_reg_reg[operand_b][3]/Q
                         net (fo=5, routed)           1.023     6.626    cpu_inst/op_ex_reg_reg[operand_b][3]
    SLICE_X6Y37          LUT6 (Prop_lut6_I4_O)        0.124     6.750 r  cpu_inst/branch_taken0_carry_i_3/O
                         net (fo=1, routed)           0.000     6.750    cpu_inst/branch_taken0_carry_i_3_n_0
    SLICE_X6Y37          CARRY4 (Prop_carry4_S[1]_CO[3])
                                                      0.533     7.283 r  cpu_inst/branch_taken0_carry/CO[3]
                         net (fo=1, routed)           0.000     7.283    cpu_inst/branch_taken0_carry_n_0
    SLICE_X6Y38          CARRY4 (Prop_carry4_CI_CO[3])
                                                      0.117     7.400 r  cpu_inst/branch_taken0_carry__0/CO[3]
                         net (fo=1, routed)           0.000     7.400    cpu_inst/branch_taken0_carry__0_n_0
    SLICE_X6Y39          CARRY4 (Prop_carry4_CI_CO[2])
                                                      0.229     7.629 r  cpu_inst/branch_taken0_carry__1/CO[2]
                         net (fo=1, routed)           0.659     8.288    cpu_inst/branch_taken0
    SLICE_X4Y33          LUT6 (Prop_lut6_I5_O)        0.310     8.598 r  cpu_inst/paused_response_instruction_reg[31]_i_3/O
                         net (fo=116, routed)         0.737     9.336    cpu_inst/redirect_valid__0
    SLICE_X5Y33          LUT5 (Prop_lut5_I0_O)        0.154     9.490 r  cpu_inst/op_ex_reg[operand_a][31]_i_1/O
                         net (fo=32, routed)          1.096    10.585    cpu_inst/op_ex_reg[operand_a][31]_i_1_n_0
    SLICE_X11Y34         FDRE                                         r  cpu_inst/op_ex_reg_reg[operand_a][6]/R
  -------------------------------------------------------------------    -------------------

                         (clock sys_clk_pin rise edge)
                                                      6.800     6.800 r  <hidden>
                         propagated clock network latency
                                                      4.786    11.586    <hidden>
                         clock pessimism              0.260    11.846    <hidden>
                         clock uncertainty           -0.035    11.811    <hidden>
    SLICE_X11Y34         FDRE (Setup_fdre_C_R)       -0.632    11.179    cpu_inst/op_ex_reg_reg[operand_a][6]
  -------------------------------------------------------------------
                         required time                         11.179    <hidden>
                         arrival time                         -10.585    <hidden>
  -------------------------------------------------------------------
                         slack                                  0.593    <hidden>




