Copyright 1986-2022 Xilinx, Inc. All Rights Reserved. Copyright 2022-2026 Advanced Micro Devices, Inc. All Rights Reserved.
---------------------------------------------------------------------------------------------------------------------------------------------
| Tool Version : Vivado v.2026.1 (win64) Build 6511674 Tue Jun 16 11:02:23 MDT 2026
| Date         : Tue Jul 14 11:50:04 2026
| Host         : DESKTOP-4GB7DVJ running 64-bit major release  (build 9200)
| Command      : report_timing_summary -file reports/phase14g_impl/fanout_opt_6p800ns/timing/fpga_top_pipeline6_impl_timing_summary.rpt
| Design       : fpga_top_pipeline6
| Device       : 7a35t-cpg236
| Speed File   : -1  PRODUCTION 1.23 2018-06-13
| Design State : Physopt postRoute
---------------------------------------------------------------------------------------------------------------------------------------------

Timing Summary Report

------------------------------------------------------------------------------------------------
| Timer Settings
| --------------
------------------------------------------------------------------------------------------------

  Enable Multi Corner Analysis               :  Yes
  Enable Pessimism Removal                   :  Yes
  Pessimism Removal Resolution               :  Nearest Common Node
  Enable Input Delay Default Clock           :  No
  Enable Preset / Clear Arcs                 :  No
  Disable Flight Delays                      :  No
  Ignore I/O Paths                           :  No
  Timing Early Launch at Borrowing Latches   :  No
  Borrow Time for Max Delay Exceptions       :  Yes
  Merge Timing Exceptions                    :  Yes
  Inter-SLR Compensation                     :  Conservative

  Corner  Analyze    Analyze    
  Name    Max Paths  Min Paths  
  ------  ---------  ---------  
  Slow    Yes        Yes        
  Fast    Yes        Yes        


------------------------------------------------------------------------------------------------
| Report Methodology
| ------------------
------------------------------------------------------------------------------------------------

No report available as report_methodology has not been run prior. Run report_methodology on the current design for the summary of methodology violations.



check_timing report

Table of Contents
-----------------
1. checking no_clock (0)
2. checking constant_clock (0)
3. checking pulse_width_clock (0)
4. checking unconstrained_internal_endpoints (0)
5. checking no_input_delay (2)
6. checking no_output_delay (16)
7. checking multiple_clock (0)
8. checking generated_clocks (0)
9. checking loops (0)
10. checking partial_input_delay (0)
11. checking partial_output_delay (0)
12. checking latch_loops (0)

1. checking no_clock (0)
------------------------
 There are 0 register/latch pins with no clock.


2. checking constant_clock (0)
------------------------------
 There are 0 register/latch pins with constant_clock.


3. checking pulse_width_clock (0)
---------------------------------
 There are 0 register/latch pins which need pulse_width check


4. checking unconstrained_internal_endpoints (0)
------------------------------------------------
 There are 0 pins that are not constrained for maximum delay.

 There are 0 pins that are not constrained for maximum delay due to constant clock.


5. checking no_input_delay (2)
------------------------------
 There are 2 input ports with no input delay specified. (HIGH)

 There are 0 input ports with no input delay but user has a false path constraint.


6. checking no_output_delay (16)
--------------------------------
 There are 16 ports with no output delay specified. (HIGH)

 There are 0 ports with no output delay but user has a false path constraint

 There are 0 ports with no output delay but with a timing clock defined on it or propagating through it


7. checking multiple_clock (0)
------------------------------
 There are 0 register/latch pins with multiple clocks.


8. checking generated_clocks (0)
--------------------------------
 There are 0 generated clocks that are not connected to a clock source.


9. checking loops (0)
---------------------
 There are 0 combinational loops in the design.


10. checking partial_input_delay (0)
------------------------------------
 There are 0 input ports with partial input delay specified.


11. checking partial_output_delay (0)
-------------------------------------
 There are 0 ports with partial output delay specified.


12. checking latch_loops (0)
----------------------------
 There are 0 combinational latch loops in the design through latch input



------------------------------------------------------------------------------------------------
| Design Timing Summary
| ---------------------
------------------------------------------------------------------------------------------------

    WNS(ns)      TNS(ns)  TNS Failing Endpoints  TNS Total Endpoints      WHS(ns)      THS(ns)  THS Failing Endpoints  THS Total Endpoints     WPWS(ns)     TPWS(ns)  TPWS Failing Endpoints  TPWS Total Endpoints  
    -------      -------  ---------------------  -------------------      -------      -------  ---------------------  -------------------     --------     --------  ----------------------  --------------------  
      0.344        0.000                      0                 3278        0.057        0.000                      0                 3278        2.900        0.000                       0                  1607  


All user specified timing constraints are met.


------------------------------------------------------------------------------------------------
| Clock Summary
| -------------
------------------------------------------------------------------------------------------------

Clock        Waveform(ns)         Period(ns)      Frequency(MHz)
-----        ------------         ----------      --------------
sys_clk_pin  {0.000 3.400}        6.800           147.059         


------------------------------------------------------------------------------------------------
| Intra Clock Table
| -----------------
------------------------------------------------------------------------------------------------

Clock             WNS(ns)      TNS(ns)  TNS Failing Endpoints  TNS Total Endpoints      WHS(ns)      THS(ns)  THS Failing Endpoints  THS Total Endpoints     WPWS(ns)     TPWS(ns)  TPWS Failing Endpoints  TPWS Total Endpoints  
-----             -------      -------  ---------------------  -------------------      -------      -------  ---------------------  -------------------     --------     --------  ----------------------  --------------------  
sys_clk_pin         0.344        0.000                      0                 3278        0.057        0.000                      0                 3278        2.900        0.000                       0                  1607  


------------------------------------------------------------------------------------------------
| Inter Clock Table
| -----------------
------------------------------------------------------------------------------------------------

From Clock    To Clock          WNS(ns)      TNS(ns)  TNS Failing Endpoints  TNS Total Endpoints      WHS(ns)      THS(ns)  THS Failing Endpoints  THS Total Endpoints  
----------    --------          -------      -------  ---------------------  -------------------      -------      -------  ---------------------  -------------------  


------------------------------------------------------------------------------------------------
| Other Path Groups Table
| -----------------------
------------------------------------------------------------------------------------------------

Path Group    From Clock    To Clock          WNS(ns)      TNS(ns)  TNS Failing Endpoints  TNS Total Endpoints      WHS(ns)      THS(ns)  THS Failing Endpoints  THS Total Endpoints  
----------    ----------    --------          -------      -------  ---------------------  -------------------      -------      -------  ---------------------  -------------------  


------------------------------------------------------------------------------------------------
| Timing Details
| --------------
------------------------------------------------------------------------------------------------


---------------------------------------------------------------------------------------------------
From Clock:  sys_clk_pin
  To Clock:  sys_clk_pin

Setup :            0  Failing Endpoints,  Worst Slack        0.344ns,  Total Violation        0.000ns
Hold  :            0  Failing Endpoints,  Worst Slack        0.057ns,  Total Violation        0.000ns
PW    :            0  Failing Endpoints,  Worst Slack        2.900ns,  Total Violation        0.000ns
---------------------------------------------------------------------------------------------------


Max Delay Paths
--------------------------------------------------------------------------------------
Slack (MET) :             0.344ns  (required time - arrival time)
  Source:                 cpu_inst/op_ex_reg_reg[operand_b][3]/C
                            (rising edge-triggered cell FDRE clocked by sys_clk_pin  {rise@0.000ns fall@3.400ns period=6.800ns})
  Destination:            cpu_inst/op_ex_reg_reg[operand_a][27]/R
                            (rising edge-triggered cell FDRE clocked by sys_clk_pin  {rise@0.000ns fall@3.400ns period=6.800ns})
  Path Group:             sys_clk_pin
  Path Type:              Setup (Max at Slow Process Corner)
  Requirement:            6.800ns  (sys_clk_pin rise@6.800ns - sys_clk_pin rise@0.000ns)
  Data Path Delay:        5.598ns  (logic 1.923ns (34.352%)  route 3.675ns (65.648%))
  Logic Levels:           6  (CARRY4=3 LUT5=1 LUT6=2)
  Clock Path Skew:        -0.096ns (DCD - SCD + CPR)
    Destination Clock Delay (DCD):    4.791ns = ( 11.591 - 6.800 ) 
    Source Clock Delay      (SCD):    5.147ns
    Clock Pessimism Removal (CPR):    0.260ns
  Clock Uncertainty:      0.035ns  ((TSJ^2 + TIJ^2)^1/2 + DJ) / 2 + PE
    Total System Jitter     (TSJ):    0.071ns
    Total Input Jitter      (TIJ):    0.000ns
    Discrete Jitter          (DJ):    0.000ns
    Phase Error              (PE):    0.000ns

    Location             Delay type                Incr(ns)  Path(ns)    Netlist Resource(s)
  -------------------------------------------------------------------    -------------------
                         (clock sys_clk_pin rise edge)
                                                      0.000     0.000 r  <hidden>
    W5                                                0.000     0.000 r  clk
                         net (fo=0)                   0.000     0.000    clk
    W5                   IBUF (Prop_ibuf_I_O)         1.458     1.458 r  clk_IBUF_inst/O
                         net (fo=1, routed)           1.967     3.425    clk_IBUF
    BUFGCTRL_X0Y0        BUFG (Prop_bufg_I_O)         0.096     3.521 r  clk_IBUF_BUFG_inst/O
                         net (fo=1606, routed)        1.626     5.147    cpu_inst/clk_IBUF_BUFG
    SLICE_X5Y32          FDRE                                         r  cpu_inst/op_ex_reg_reg[operand_b][3]/C
  -------------------------------------------------------------------    -------------------
    SLICE_X5Y32          FDRE (Prop_fdre_C_Q)         0.456     5.603 r  cpu_inst/op_ex_reg_reg[operand_b][3]/Q
                         net (fo=5, routed)           1.023     6.626    cpu_inst/op_ex_reg_reg[operand_b][3]
    SLICE_X6Y37          LUT6 (Prop_lut6_I4_O)        0.124     6.750 r  cpu_inst/branch_taken0_carry_i_3/O
                         net (fo=1, routed)           0.000     6.750    cpu_inst/branch_taken0_carry_i_3_n_0
    SLICE_X6Y37          CARRY4 (Prop_carry4_S[1]_CO[3])
                                                      0.533     7.283 r  cpu_inst/branch_taken0_carry/CO[3]
                         net (fo=1, routed)           0.000     7.283    cpu_inst/branch_taken0_carry_n_0
    SLICE_X6Y38          CARRY4 (Prop_carry4_CI_CO[3])
                                                      0.117     7.400 r  cpu_inst/branch_taken0_carry__0/CO[3]
                         net (fo=1, routed)           0.000     7.400    cpu_inst/branch_taken0_carry__0_n_0
    SLICE_X6Y39          CARRY4 (Prop_carry4_CI_CO[2])
                                                      0.229     7.629 r  cpu_inst/branch_taken0_carry__1/CO[2]
                         net (fo=1, routed)           0.659     8.288    cpu_inst/branch_taken0
    SLICE_X4Y33          LUT6 (Prop_lut6_I5_O)        0.310     8.598 r  cpu_inst/paused_response_instruction_reg[31]_i_3/O
                         net (fo=116, routed)         0.737     9.336    cpu_inst/redirect_valid__0
    SLICE_X5Y33          LUT5 (Prop_lut5_I0_O)        0.154     9.490 r  cpu_inst/op_ex_reg[operand_a][31]_i_1/O
                         net (fo=32, routed)          1.255    10.745    cpu_inst/op_ex_reg[operand_a][31]_i_1_n_0
    SLICE_X8Y43          FDRE                                         r  cpu_inst/op_ex_reg_reg[operand_a][27]/R
  -------------------------------------------------------------------    -------------------

                         (clock sys_clk_pin rise edge)
                                                      6.800     6.800 r  <hidden>
    W5                                                0.000     6.800 r  clk
                         net (fo=0)                   0.000     6.800    clk
    W5                   IBUF (Prop_ibuf_I_O)         1.388     8.188 r  clk_IBUF_inst/O
                         net (fo=1, routed)           1.862    10.050    clk_IBUF
    BUFGCTRL_X0Y0        BUFG (Prop_bufg_I_O)         0.091    10.141 r  clk_IBUF_BUFG_inst/O
                         net (fo=1606, routed)        1.450    11.591    cpu_inst/clk_IBUF_BUFG
    SLICE_X8Y43          FDRE                                         r  cpu_inst/op_ex_reg_reg[operand_a][27]/C
                         clock pessimism              0.260    11.851    <hidden>
                         clock uncertainty           -0.035    11.816    <hidden>
    SLICE_X8Y43          FDRE (Setup_fdre_C_R)       -0.727    11.089    cpu_inst/op_ex_reg_reg[operand_a][27]
  -------------------------------------------------------------------
                         required time                         11.089    <hidden>
                         arrival time                         -10.745    <hidden>
  -------------------------------------------------------------------
                         slack                                  0.344    <hidden>





Min Delay Paths
--------------------------------------------------------------------------------------
Slack (MET) :             0.057ns  (arrival time - required time)
  Source:                 cpu_inst/ex_mem_reg_reg[store_data][21]/C
                            (rising edge-triggered cell FDRE clocked by sys_clk_pin  {rise@0.000ns fall@3.400ns period=6.800ns})
  Destination:            cpu_inst/data_mem_inst/mem_reg/DIBDI[3]
                            (rising edge-triggered cell RAMB18E1 clocked by sys_clk_pin  {rise@0.000ns fall@3.400ns period=6.800ns})
  Path Group:             sys_clk_pin
  Path Type:              Hold (Min at Fast Process Corner)
  Requirement:            0.000ns  (sys_clk_pin rise@0.000ns - sys_clk_pin rise@0.000ns)
  Data Path Delay:        0.271ns  (logic 0.164ns (60.558%)  route 0.107ns (39.442%))
  Logic Levels:           0  
  Clock Path Skew:        0.058ns (DCD - SCD - CPR)
    Destination Clock Delay (DCD):    2.005ns
    Source Clock Delay      (SCD):    1.448ns
    Clock Pessimism Removal (CPR):    0.498ns

    Location             Delay type                Incr(ns)  Path(ns)    Netlist Resource(s)
  -------------------------------------------------------------------    -------------------
                         (clock sys_clk_pin rise edge)
                                                      0.000     0.000 r  <hidden>
    W5                                                0.000     0.000 r  clk
                         net (fo=0)                   0.000     0.000    clk
    W5                   IBUF (Prop_ibuf_I_O)         0.226     0.226 r  clk_IBUF_inst/O
                         net (fo=1, routed)           0.631     0.858    clk_IBUF
    BUFGCTRL_X0Y0        BUFG (Prop_bufg_I_O)         0.026     0.884 r  clk_IBUF_BUFG_inst/O
                         net (fo=1606, routed)        0.565     1.448    cpu_inst/clk_IBUF_BUFG
    SLICE_X8Y41          FDRE                                         r  cpu_inst/ex_mem_reg_reg[store_data][21]/C
  -------------------------------------------------------------------    -------------------
    SLICE_X8Y41          FDRE (Prop_fdre_C_Q)         0.164     1.612 r  cpu_inst/ex_mem_reg_reg[store_data][21]/Q
                         net (fo=1, routed)           0.107     1.719    cpu_inst/data_mem_inst/mem_reg_1[21]
    RAMB18_X0Y16         RAMB18E1                                     r  cpu_inst/data_mem_inst/mem_reg/DIBDI[3]
  -------------------------------------------------------------------    -------------------

                         (clock sys_clk_pin rise edge)
                                                      0.000     0.000 r  <hidden>
    W5                                                0.000     0.000 r  clk
                         net (fo=0)                   0.000     0.000    clk
    W5                   IBUF (Prop_ibuf_I_O)         0.414     0.414 r  clk_IBUF_inst/O
                         net (fo=1, routed)           0.685     1.099    clk_IBUF
    BUFGCTRL_X0Y0        BUFG (Prop_bufg_I_O)         0.029     1.128 r  clk_IBUF_BUFG_inst/O
                         net (fo=1606, routed)        0.877     2.005    cpu_inst/data_mem_inst/clk_IBUF_BUFG
    RAMB18_X0Y16         RAMB18E1                                     r  cpu_inst/data_mem_inst/mem_reg/CLKBWRCLK
                         clock pessimism             -0.498     1.507    <hidden>
    RAMB18_X0Y16         RAMB18E1 (Hold_ramb18e1_CLKBWRCLK_DIBDI[3])
                                                      0.155     1.662    cpu_inst/data_mem_inst/mem_reg
  -------------------------------------------------------------------
                         required time                         -1.662    <hidden>
                         arrival time                           1.719    <hidden>
  -------------------------------------------------------------------
                         slack                                  0.057    <hidden>





Pulse Width Checks
--------------------------------------------------------------------------------------
Clock Name:         sys_clk_pin
Waveform(ns):       { 0.000 3.400 }
Period(ns):         6.800
Sources:            { clk }

Check Type        Corner  Lib Pin             Reference Pin  Required(ns)  Actual(ns)  Slack(ns)  Location      Pin
Min Period        n/a     RAMB18E1/CLKARDCLK  n/a            2.944         6.800       3.856      RAMB18_X0Y16  cpu_inst/data_mem_inst/mem_reg/CLKARDCLK
Low Pulse Width   Slow    FDRE/C              n/a            0.500         3.400       2.900      SLICE_X2Y32   cpu_inst/debug_reg_write_reg/C
High Pulse Width  Slow    FDRE/C              n/a            0.500         3.400       2.900      SLICE_X2Y32   cpu_inst/debug_reg_write_reg/C



