Copyright 1986-2022 Xilinx, Inc. All Rights Reserved. Copyright 2022-2026 Advanced Micro Devices, Inc. All Rights Reserved.
----------------------------------------------------------------------------------------------------------------------------------------------------------------------------
| Tool Version : Vivado v.2026.1 (win64) Build 6511674 Tue Jun 16 11:02:23 MDT 2026
| Date         : Mon Jul 13 14:00:43 2026
| Host         : DESKTOP-4GB7DVJ running 64-bit major release  (build 9200)
| Command      : report_timing -max_paths 10 -path_type full -file reports/phase13i_strategy/fanout_opt_8p650ns/timing/fpga_top_pipeline_forwardtiming_impl_worst_paths.rpt
| Design       : fpga_top_pipeline_forwardtiming
| Device       : 7a35t-cpg236
| Speed File   : -1  PRODUCTION 1.23 2018-06-13
| Design State : Physopt postRoute
----------------------------------------------------------------------------------------------------------------------------------------------------------------------------

Timing Report

Slack (MET) :             0.059ns  (required time - arrival time)
  Source:                 cpu_inst/data_mem_inst/mem_reg/CLKARDCLK
                            (rising edge-triggered cell RAMB18E1 clocked by sys_clk_pin  {rise@0.000ns fall@4.325ns period=8.650ns})
  Destination:            cpu_inst/fetch_pending_pc_reg[26]/CE
                            (rising edge-triggered cell FDRE clocked by sys_clk_pin  {rise@0.000ns fall@4.325ns period=8.650ns})
  Path Group:             sys_clk_pin
  Path Type:              Setup (Max at Slow Process Corner)
  Requirement:            8.650ns  (sys_clk_pin rise@8.650ns - sys_clk_pin rise@0.000ns)
  Data Path Delay:        8.273ns  (logic 4.002ns (48.371%)  route 4.271ns (51.629%))
  Logic Levels:           7  (CARRY4=2 LUT2=1 LUT3=1 LUT6=3)
  Clock Path Skew:        -0.077ns (DCD - SCD + CPR)
    Destination Clock Delay (DCD):    5.004ns = ( 13.654 - 8.650 ) 
    Source Clock Delay      (SCD):    5.368ns
    Clock Pessimism Removal (CPR):    0.286ns
  Clock Uncertainty:      0.035ns  ((TSJ^2 + TIJ^2)^1/2 + DJ) / 2 + PE
    Total System Jitter     (TSJ):    0.071ns
    Total Input Jitter      (TIJ):    0.000ns
    Discrete Jitter          (DJ):    0.000ns
    Phase Error              (PE):    0.000ns

    Location             Delay type                Incr(ns)  Path(ns)    Netlist Resource(s)
  -------------------------------------------------------------------    -------------------
                         (clock sys_clk_pin rise edge)
                                                      0.000     0.000 r  <hidden>
                         propagated clock network latency
                                                      5.368     5.368    <hidden>
    RAMB18_X0Y2          RAMB18E1                     0.000     5.368 r  cpu_inst/data_mem_inst/mem_reg/CLKARDCLK
    RAMB18_X0Y2          RAMB18E1 (Prop_ramb18e1_CLKARDCLK_DOADO[14])
                                                      2.454     7.822 r  cpu_inst/data_mem_inst/mem_reg/DOADO[14]
                         net (fo=5, routed)           0.676     8.497    cpu_inst/data_mem_inst/mem_reg_n_1
    SLICE_X8Y7           LUT3 (Prop_lut3_I2_O)        0.124     8.621 r  cpu_inst/data_mem_inst/i__carry__2_i_11_comp/O
                         net (fo=1, routed)           0.700     9.321    cpu_inst/data_mem_inst/i__carry__2_i_11_n_0
    SLICE_X9Y9           LUT6 (Prop_lut6_I4_O)        0.124     9.445 r  cpu_inst/data_mem_inst/i__carry__2_i_2_comp/O
                         net (fo=7, routed)           0.861    10.306    cpu_inst/data_mem_inst/ex_mem_reg_reg[alu_result][14]
    SLICE_X8Y10          LUT6 (Prop_lut6_I0_O)        0.124    10.430 r  cpu_inst/data_mem_inst/i__carry__0_i_4/O
                         net (fo=1, routed)           0.000    10.430    cpu_inst/data_mem_inst_n_208
    SLICE_X8Y10          CARRY4 (Prop_carry4_S[0]_CO[3])
                                                      0.513    10.943 r  cpu_inst/ex_branch_taken0_inferred__0/i__carry__0/CO[3]
                         net (fo=1, routed)           0.000    10.943    cpu_inst/ex_branch_taken0_inferred__0/i__carry__0_n_0
    SLICE_X8Y11          CARRY4 (Prop_carry4_CI_CO[2])
                                                      0.229    11.172 f  cpu_inst/ex_branch_taken0_inferred__0/i__carry__1/CO[2]
                         net (fo=42, routed)          0.729    11.902    cpu_inst/data_mem_inst/CO[0]
    SLICE_X8Y15          LUT6 (Prop_lut6_I3_O)        0.310    12.212 r  cpu_inst/data_mem_inst/fetch_pc[31]_i_1/O
                         net (fo=32, routed)          0.502    12.714    cpu_inst/data_mem_inst/id_ex_reg_reg[valid]_1[0]
    SLICE_X8Y15          LUT2 (Prop_lut2_I0_O)        0.124    12.838 r  cpu_inst/data_mem_inst/fetch_pending_pc[31]_i_1/O
                         net (fo=31, routed)          0.803    13.641    cpu_inst/data_mem_inst_n_158
    SLICE_X9Y19          FDRE                                         r  cpu_inst/fetch_pending_pc_reg[26]/CE
  -------------------------------------------------------------------    -------------------

                         (clock sys_clk_pin rise edge)
                                                      8.650     8.650 r  <hidden>
                         propagated clock network latency
                                                      5.004    13.654    <hidden>
                         clock pessimism              0.286    13.940    <hidden>
                         clock uncertainty           -0.035    13.905    <hidden>
    SLICE_X9Y19          FDRE (Setup_fdre_C_CE)      -0.205    13.700    cpu_inst/fetch_pending_pc_reg[26]
  -------------------------------------------------------------------
                         required time                         13.700    <hidden>
                         arrival time                         -13.641    <hidden>
  -------------------------------------------------------------------
                         slack                                  0.059    <hidden>

Slack (MET) :             0.085ns  (required time - arrival time)
  Source:                 cpu_inst/data_mem_inst/mem_reg/CLKARDCLK
                            (rising edge-triggered cell RAMB18E1 clocked by sys_clk_pin  {rise@0.000ns fall@4.325ns period=8.650ns})
  Destination:            cpu_inst/id_ex_reg_reg[operand_b][30]/R
                            (rising edge-triggered cell FDRE clocked by sys_clk_pin  {rise@0.000ns fall@4.325ns period=8.650ns})
  Path Group:             sys_clk_pin
  Path Type:              Setup (Max at Slow Process Corner)
  Requirement:            8.650ns  (sys_clk_pin rise@8.650ns - sys_clk_pin rise@0.000ns)
  Data Path Delay:        8.008ns  (logic 4.002ns (49.975%)  route 4.006ns (50.025%))
  Logic Levels:           7  (CARRY4=2 LUT3=1 LUT4=1 LUT6=3)
  Clock Path Skew:        -0.092ns (DCD - SCD + CPR)
    Destination Clock Delay (DCD):    5.003ns = ( 13.653 - 8.650 ) 
    Source Clock Delay      (SCD):    5.368ns
    Clock Pessimism Removal (CPR):    0.272ns
  Clock Uncertainty:      0.035ns  ((TSJ^2 + TIJ^2)^1/2 + DJ) / 2 + PE
    Total System Jitter     (TSJ):    0.071ns
    Total Input Jitter      (TIJ):    0.000ns
    Discrete Jitter          (DJ):    0.000ns
    Phase Error              (PE):    0.000ns

    Location             Delay type                Incr(ns)  Path(ns)    Netlist Resource(s)
  -------------------------------------------------------------------    -------------------
                         (clock sys_clk_pin rise edge)
                                                      0.000     0.000 r  <hidden>
                         propagated clock network latency
                                                      5.368     5.368    <hidden>
    RAMB18_X0Y2          RAMB18E1                     0.000     5.368 r  cpu_inst/data_mem_inst/mem_reg/CLKARDCLK
    RAMB18_X0Y2          RAMB18E1 (Prop_ramb18e1_CLKARDCLK_DOADO[14])
                                                      2.454     7.822 r  cpu_inst/data_mem_inst/mem_reg/DOADO[14]
                         net (fo=5, routed)           0.676     8.497    cpu_inst/data_mem_inst/mem_reg_n_1
    SLICE_X8Y7           LUT3 (Prop_lut3_I2_O)        0.124     8.621 r  cpu_inst/data_mem_inst/i__carry__2_i_11_comp/O
                         net (fo=1, routed)           0.700     9.321    cpu_inst/data_mem_inst/i__carry__2_i_11_n_0
    SLICE_X9Y9           LUT6 (Prop_lut6_I4_O)        0.124     9.445 r  cpu_inst/data_mem_inst/i__carry__2_i_2_comp/O
                         net (fo=7, routed)           0.861    10.306    cpu_inst/data_mem_inst/ex_mem_reg_reg[alu_result][14]
    SLICE_X8Y10          LUT6 (Prop_lut6_I0_O)        0.124    10.430 r  cpu_inst/data_mem_inst/i__carry__0_i_4/O
                         net (fo=1, routed)           0.000    10.430    cpu_inst/data_mem_inst_n_208
    SLICE_X8Y10          CARRY4 (Prop_carry4_S[0]_CO[3])
                                                      0.513    10.943 r  cpu_inst/ex_branch_taken0_inferred__0/i__carry__0/CO[3]
                         net (fo=1, routed)           0.000    10.943    cpu_inst/ex_branch_taken0_inferred__0/i__carry__0_n_0
    SLICE_X8Y11          CARRY4 (Prop_carry4_CI_CO[2])
                                                      0.229    11.172 f  cpu_inst/ex_branch_taken0_inferred__0/i__carry__1/CO[2]
                         net (fo=42, routed)          0.507    11.679    cpu_inst/data_mem_inst/CO[0]
    SLICE_X11Y12         LUT6 (Prop_lut6_I5_O)        0.310    11.989 r  cpu_inst/data_mem_inst/id_ex_reg[imm_ext][12]_i_2_comp/O
                         net (fo=5, routed)           0.426    12.415    cpu_inst/data_mem_inst/id_ex_reg[imm_ext][12]_i_2_n_0
    SLICE_X11Y12         LUT4 (Prop_lut4_I2_O)        0.124    12.539 r  cpu_inst/data_mem_inst/id_ex_reg[operand_b][31]_i_1/O
                         net (fo=32, routed)          0.837    13.376    cpu_inst/data_mem_inst_n_162
    SLICE_X13Y21         FDRE                                         r  cpu_inst/id_ex_reg_reg[operand_b][30]/R
  -------------------------------------------------------------------    -------------------

                         (clock sys_clk_pin rise edge)
                                                      8.650     8.650 r  <hidden>
                         propagated clock network latency
                                                      5.003    13.653    <hidden>
                         clock pessimism              0.272    13.925    <hidden>
                         clock uncertainty           -0.035    13.890    <hidden>
    SLICE_X13Y21         FDRE (Setup_fdre_C_R)       -0.429    13.461    cpu_inst/id_ex_reg_reg[operand_b][30]
  -------------------------------------------------------------------
                         required time                         13.461    <hidden>
                         arrival time                         -13.376    <hidden>
  -------------------------------------------------------------------
                         slack                                  0.085    <hidden>

Slack (MET) :             0.085ns  (required time - arrival time)
  Source:                 cpu_inst/data_mem_inst/mem_reg/CLKARDCLK
                            (rising edge-triggered cell RAMB18E1 clocked by sys_clk_pin  {rise@0.000ns fall@4.325ns period=8.650ns})
  Destination:            cpu_inst/id_ex_reg_reg[operand_b][4]/R
                            (rising edge-triggered cell FDRE clocked by sys_clk_pin  {rise@0.000ns fall@4.325ns period=8.650ns})
  Path Group:             sys_clk_pin
  Path Type:              Setup (Max at Slow Process Corner)
  Requirement:            8.650ns  (sys_clk_pin rise@8.650ns - sys_clk_pin rise@0.000ns)
  Data Path Delay:        8.008ns  (logic 4.002ns (49.975%)  route 4.006ns (50.025%))
  Logic Levels:           7  (CARRY4=2 LUT3=1 LUT4=1 LUT6=3)
  Clock Path Skew:        -0.092ns (DCD - SCD + CPR)
    Destination Clock Delay (DCD):    5.003ns = ( 13.653 - 8.650 ) 
    Source Clock Delay      (SCD):    5.368ns
    Clock Pessimism Removal (CPR):    0.272ns
  Clock Uncertainty:      0.035ns  ((TSJ^2 + TIJ^2)^1/2 + DJ) / 2 + PE
    Total System Jitter     (TSJ):    0.071ns
    Total Input Jitter      (TIJ):    0.000ns
    Discrete Jitter          (DJ):    0.000ns
    Phase Error              (PE):    0.000ns

    Location             Delay type                Incr(ns)  Path(ns)    Netlist Resource(s)
  -------------------------------------------------------------------    -------------------
                         (clock sys_clk_pin rise edge)
                                                      0.000     0.000 r  <hidden>
                         propagated clock network latency
                                                      5.368     5.368    <hidden>
    RAMB18_X0Y2          RAMB18E1                     0.000     5.368 r  cpu_inst/data_mem_inst/mem_reg/CLKARDCLK
    RAMB18_X0Y2          RAMB18E1 (Prop_ramb18e1_CLKARDCLK_DOADO[14])
                                                      2.454     7.822 r  cpu_inst/data_mem_inst/mem_reg/DOADO[14]
                         net (fo=5, routed)           0.676     8.497    cpu_inst/data_mem_inst/mem_reg_n_1
    SLICE_X8Y7           LUT3 (Prop_lut3_I2_O)        0.124     8.621 r  cpu_inst/data_mem_inst/i__carry__2_i_11_comp/O
                         net (fo=1, routed)           0.700     9.321    cpu_inst/data_mem_inst/i__carry__2_i_11_n_0
    SLICE_X9Y9           LUT6 (Prop_lut6_I4_O)        0.124     9.445 r  cpu_inst/data_mem_inst/i__carry__2_i_2_comp/O
                         net (fo=7, routed)           0.861    10.306    cpu_inst/data_mem_inst/ex_mem_reg_reg[alu_result][14]
    SLICE_X8Y10          LUT6 (Prop_lut6_I0_O)        0.124    10.430 r  cpu_inst/data_mem_inst/i__carry__0_i_4/O
                         net (fo=1, routed)           0.000    10.430    cpu_inst/data_mem_inst_n_208
    SLICE_X8Y10          CARRY4 (Prop_carry4_S[0]_CO[3])
                                                      0.513    10.943 r  cpu_inst/ex_branch_taken0_inferred__0/i__carry__0/CO[3]
                         net (fo=1, routed)           0.000    10.943    cpu_inst/ex_branch_taken0_inferred__0/i__carry__0_n_0
    SLICE_X8Y11          CARRY4 (Prop_carry4_CI_CO[2])
                                                      0.229    11.172 f  cpu_inst/ex_branch_taken0_inferred__0/i__carry__1/CO[2]
                         net (fo=42, routed)          0.507    11.679    cpu_inst/data_mem_inst/CO[0]
    SLICE_X11Y12         LUT6 (Prop_lut6_I5_O)        0.310    11.989 r  cpu_inst/data_mem_inst/id_ex_reg[imm_ext][12]_i_2_comp/O
                         net (fo=5, routed)           0.426    12.415    cpu_inst/data_mem_inst/id_ex_reg[imm_ext][12]_i_2_n_0
    SLICE_X11Y12         LUT4 (Prop_lut4_I2_O)        0.124    12.539 r  cpu_inst/data_mem_inst/id_ex_reg[operand_b][31]_i_1/O
                         net (fo=32, routed)          0.837    13.376    cpu_inst/data_mem_inst_n_162
    SLICE_X13Y21         FDRE                                         r  cpu_inst/id_ex_reg_reg[operand_b][4]/R
  -------------------------------------------------------------------    -------------------

                         (clock sys_clk_pin rise edge)
                                                      8.650     8.650 r  <hidden>
                         propagated clock network latency
                                                      5.003    13.653    <hidden>
                         clock pessimism              0.272    13.925    <hidden>
                         clock uncertainty           -0.035    13.890    <hidden>
    SLICE_X13Y21         FDRE (Setup_fdre_C_R)       -0.429    13.461    cpu_inst/id_ex_reg_reg[operand_b][4]
  -------------------------------------------------------------------
                         required time                         13.461    <hidden>
                         arrival time                         -13.376    <hidden>
  -------------------------------------------------------------------
                         slack                                  0.085    <hidden>

Slack (MET) :             0.085ns  (required time - arrival time)
  Source:                 cpu_inst/data_mem_inst/mem_reg/CLKARDCLK
                            (rising edge-triggered cell RAMB18E1 clocked by sys_clk_pin  {rise@0.000ns fall@4.325ns period=8.650ns})
  Destination:            cpu_inst/id_ex_reg_reg[operand_b][7]/R
                            (rising edge-triggered cell FDRE clocked by sys_clk_pin  {rise@0.000ns fall@4.325ns period=8.650ns})
  Path Group:             sys_clk_pin
  Path Type:              Setup (Max at Slow Process Corner)
  Requirement:            8.650ns  (sys_clk_pin rise@8.650ns - sys_clk_pin rise@0.000ns)
  Data Path Delay:        8.008ns  (logic 4.002ns (49.975%)  route 4.006ns (50.025%))
  Logic Levels:           7  (CARRY4=2 LUT3=1 LUT4=1 LUT6=3)
  Clock Path Skew:        -0.092ns (DCD - SCD + CPR)
    Destination Clock Delay (DCD):    5.003ns = ( 13.653 - 8.650 ) 
    Source Clock Delay      (SCD):    5.368ns
    Clock Pessimism Removal (CPR):    0.272ns
  Clock Uncertainty:      0.035ns  ((TSJ^2 + TIJ^2)^1/2 + DJ) / 2 + PE
    Total System Jitter     (TSJ):    0.071ns
    Total Input Jitter      (TIJ):    0.000ns
    Discrete Jitter          (DJ):    0.000ns
    Phase Error              (PE):    0.000ns

    Location             Delay type                Incr(ns)  Path(ns)    Netlist Resource(s)
  -------------------------------------------------------------------    -------------------
                         (clock sys_clk_pin rise edge)
                                                      0.000     0.000 r  <hidden>
                         propagated clock network latency
                                                      5.368     5.368    <hidden>
    RAMB18_X0Y2          RAMB18E1                     0.000     5.368 r  cpu_inst/data_mem_inst/mem_reg/CLKARDCLK
    RAMB18_X0Y2          RAMB18E1 (Prop_ramb18e1_CLKARDCLK_DOADO[14])
                                                      2.454     7.822 r  cpu_inst/data_mem_inst/mem_reg/DOADO[14]
                         net (fo=5, routed)           0.676     8.497    cpu_inst/data_mem_inst/mem_reg_n_1
    SLICE_X8Y7           LUT3 (Prop_lut3_I2_O)        0.124     8.621 r  cpu_inst/data_mem_inst/i__carry__2_i_11_comp/O
                         net (fo=1, routed)           0.700     9.321    cpu_inst/data_mem_inst/i__carry__2_i_11_n_0
    SLICE_X9Y9           LUT6 (Prop_lut6_I4_O)        0.124     9.445 r  cpu_inst/data_mem_inst/i__carry__2_i_2_comp/O
                         net (fo=7, routed)           0.861    10.306    cpu_inst/data_mem_inst/ex_mem_reg_reg[alu_result][14]
    SLICE_X8Y10          LUT6 (Prop_lut6_I0_O)        0.124    10.430 r  cpu_inst/data_mem_inst/i__carry__0_i_4/O
                         net (fo=1, routed)           0.000    10.430    cpu_inst/data_mem_inst_n_208
    SLICE_X8Y10          CARRY4 (Prop_carry4_S[0]_CO[3])
                                                      0.513    10.943 r  cpu_inst/ex_branch_taken0_inferred__0/i__carry__0/CO[3]
                         net (fo=1, routed)           0.000    10.943    cpu_inst/ex_branch_taken0_inferred__0/i__carry__0_n_0
    SLICE_X8Y11          CARRY4 (Prop_carry4_CI_CO[2])
                                                      0.229    11.172 f  cpu_inst/ex_branch_taken0_inferred__0/i__carry__1/CO[2]
                         net (fo=42, routed)          0.507    11.679    cpu_inst/data_mem_inst/CO[0]
    SLICE_X11Y12         LUT6 (Prop_lut6_I5_O)        0.310    11.989 r  cpu_inst/data_mem_inst/id_ex_reg[imm_ext][12]_i_2_comp/O
                         net (fo=5, routed)           0.426    12.415    cpu_inst/data_mem_inst/id_ex_reg[imm_ext][12]_i_2_n_0
    SLICE_X11Y12         LUT4 (Prop_lut4_I2_O)        0.124    12.539 r  cpu_inst/data_mem_inst/id_ex_reg[operand_b][31]_i_1/O
                         net (fo=32, routed)          0.837    13.376    cpu_inst/data_mem_inst_n_162
    SLICE_X13Y21         FDRE                                         r  cpu_inst/id_ex_reg_reg[operand_b][7]/R
  -------------------------------------------------------------------    -------------------

                         (clock sys_clk_pin rise edge)
                                                      8.650     8.650 r  <hidden>
                         propagated clock network latency
                                                      5.003    13.653    <hidden>
                         clock pessimism              0.272    13.925    <hidden>
                         clock uncertainty           -0.035    13.890    <hidden>
    SLICE_X13Y21         FDRE (Setup_fdre_C_R)       -0.429    13.461    cpu_inst/id_ex_reg_reg[operand_b][7]
  -------------------------------------------------------------------
                         required time                         13.461    <hidden>
                         arrival time                         -13.376    <hidden>
  -------------------------------------------------------------------
                         slack                                  0.085    <hidden>

Slack (MET) :             0.091ns  (required time - arrival time)
  Source:                 cpu_inst/data_mem_inst/mem_reg/CLKARDCLK
                            (rising edge-triggered cell RAMB18E1 clocked by sys_clk_pin  {rise@0.000ns fall@4.325ns period=8.650ns})
  Destination:            cpu_inst/id_ex_reg_reg[operand_b][14]/R
                            (rising edge-triggered cell FDRE clocked by sys_clk_pin  {rise@0.000ns fall@4.325ns period=8.650ns})
  Path Group:             sys_clk_pin
  Path Type:              Setup (Max at Slow Process Corner)
  Requirement:            8.650ns  (sys_clk_pin rise@8.650ns - sys_clk_pin rise@0.000ns)
  Data Path Delay:        7.999ns  (logic 4.002ns (50.031%)  route 3.997ns (49.969%))
  Logic Levels:           7  (CARRY4=2 LUT3=1 LUT4=1 LUT6=3)
  Clock Path Skew:        -0.095ns (DCD - SCD + CPR)
    Destination Clock Delay (DCD):    5.000ns = ( 13.650 - 8.650 ) 
    Source Clock Delay      (SCD):    5.368ns
    Clock Pessimism Removal (CPR):    0.272ns
  Clock Uncertainty:      0.035ns  ((TSJ^2 + TIJ^2)^1/2 + DJ) / 2 + PE
    Total System Jitter     (TSJ):    0.071ns
    Total Input Jitter      (TIJ):    0.000ns
    Discrete Jitter          (DJ):    0.000ns
    Phase Error              (PE):    0.000ns

    Location             Delay type                Incr(ns)  Path(ns)    Netlist Resource(s)
  -------------------------------------------------------------------    -------------------
                         (clock sys_clk_pin rise edge)
                                                      0.000     0.000 r  <hidden>
                         propagated clock network latency
                                                      5.368     5.368    <hidden>
    RAMB18_X0Y2          RAMB18E1                     0.000     5.368 r  cpu_inst/data_mem_inst/mem_reg/CLKARDCLK
    RAMB18_X0Y2          RAMB18E1 (Prop_ramb18e1_CLKARDCLK_DOADO[14])
                                                      2.454     7.822 r  cpu_inst/data_mem_inst/mem_reg/DOADO[14]
                         net (fo=5, routed)           0.676     8.497    cpu_inst/data_mem_inst/mem_reg_n_1
    SLICE_X8Y7           LUT3 (Prop_lut3_I2_O)        0.124     8.621 r  cpu_inst/data_mem_inst/i__carry__2_i_11_comp/O
                         net (fo=1, routed)           0.700     9.321    cpu_inst/data_mem_inst/i__carry__2_i_11_n_0
    SLICE_X9Y9           LUT6 (Prop_lut6_I4_O)        0.124     9.445 r  cpu_inst/data_mem_inst/i__carry__2_i_2_comp/O
                         net (fo=7, routed)           0.861    10.306    cpu_inst/data_mem_inst/ex_mem_reg_reg[alu_result][14]
    SLICE_X8Y10          LUT6 (Prop_lut6_I0_O)        0.124    10.430 r  cpu_inst/data_mem_inst/i__carry__0_i_4/O
                         net (fo=1, routed)           0.000    10.430    cpu_inst/data_mem_inst_n_208
    SLICE_X8Y10          CARRY4 (Prop_carry4_S[0]_CO[3])
                                                      0.513    10.943 r  cpu_inst/ex_branch_taken0_inferred__0/i__carry__0/CO[3]
                         net (fo=1, routed)           0.000    10.943    cpu_inst/ex_branch_taken0_inferred__0/i__carry__0_n_0
    SLICE_X8Y11          CARRY4 (Prop_carry4_CI_CO[2])
                                                      0.229    11.172 f  cpu_inst/ex_branch_taken0_inferred__0/i__carry__1/CO[2]
                         net (fo=42, routed)          0.507    11.679    cpu_inst/data_mem_inst/CO[0]
    SLICE_X11Y12         LUT6 (Prop_lut6_I5_O)        0.310    11.989 r  cpu_inst/data_mem_inst/id_ex_reg[imm_ext][12]_i_2_comp/O
                         net (fo=5, routed)           0.426    12.415    cpu_inst/data_mem_inst/id_ex_reg[imm_ext][12]_i_2_n_0
    SLICE_X11Y12         LUT4 (Prop_lut4_I2_O)        0.124    12.539 r  cpu_inst/data_mem_inst/id_ex_reg[operand_b][31]_i_1/O
                         net (fo=32, routed)          0.828    13.367    cpu_inst/data_mem_inst_n_162
    SLICE_X13Y23         FDRE                                         r  cpu_inst/id_ex_reg_reg[operand_b][14]/R
  -------------------------------------------------------------------    -------------------

                         (clock sys_clk_pin rise edge)
                                                      8.650     8.650 r  <hidden>
                         propagated clock network latency
                                                      5.000    13.650    <hidden>
                         clock pessimism              0.272    13.922    <hidden>
                         clock uncertainty           -0.035    13.887    <hidden>
    SLICE_X13Y23         FDRE (Setup_fdre_C_R)       -0.429    13.458    cpu_inst/id_ex_reg_reg[operand_b][14]
  -------------------------------------------------------------------
                         required time                         13.458    <hidden>
                         arrival time                         -13.367    <hidden>
  -------------------------------------------------------------------
                         slack                                  0.091    <hidden>

Slack (MET) :             0.091ns  (required time - arrival time)
  Source:                 cpu_inst/data_mem_inst/mem_reg/CLKARDCLK
                            (rising edge-triggered cell RAMB18E1 clocked by sys_clk_pin  {rise@0.000ns fall@4.325ns period=8.650ns})
  Destination:            cpu_inst/id_ex_reg_reg[operand_b][17]/R
                            (rising edge-triggered cell FDRE clocked by sys_clk_pin  {rise@0.000ns fall@4.325ns period=8.650ns})
  Path Group:             sys_clk_pin
  Path Type:              Setup (Max at Slow Process Corner)
  Requirement:            8.650ns  (sys_clk_pin rise@8.650ns - sys_clk_pin rise@0.000ns)
  Data Path Delay:        7.999ns  (logic 4.002ns (50.031%)  route 3.997ns (49.969%))
  Logic Levels:           7  (CARRY4=2 LUT3=1 LUT4=1 LUT6=3)
  Clock Path Skew:        -0.095ns (DCD - SCD + CPR)
    Destination Clock Delay (DCD):    5.000ns = ( 13.650 - 8.650 ) 
    Source Clock Delay      (SCD):    5.368ns
    Clock Pessimism Removal (CPR):    0.272ns
  Clock Uncertainty:      0.035ns  ((TSJ^2 + TIJ^2)^1/2 + DJ) / 2 + PE
    Total System Jitter     (TSJ):    0.071ns
    Total Input Jitter      (TIJ):    0.000ns
    Discrete Jitter          (DJ):    0.000ns
    Phase Error              (PE):    0.000ns

    Location             Delay type                Incr(ns)  Path(ns)    Netlist Resource(s)
  -------------------------------------------------------------------    -------------------
                         (clock sys_clk_pin rise edge)
                                                      0.000     0.000 r  <hidden>
                         propagated clock network latency
                                                      5.368     5.368    <hidden>
    RAMB18_X0Y2          RAMB18E1                     0.000     5.368 r  cpu_inst/data_mem_inst/mem_reg/CLKARDCLK
    RAMB18_X0Y2          RAMB18E1 (Prop_ramb18e1_CLKARDCLK_DOADO[14])
                                                      2.454     7.822 r  cpu_inst/data_mem_inst/mem_reg/DOADO[14]
                         net (fo=5, routed)           0.676     8.497    cpu_inst/data_mem_inst/mem_reg_n_1
    SLICE_X8Y7           LUT3 (Prop_lut3_I2_O)        0.124     8.621 r  cpu_inst/data_mem_inst/i__carry__2_i_11_comp/O
                         net (fo=1, routed)           0.700     9.321    cpu_inst/data_mem_inst/i__carry__2_i_11_n_0
    SLICE_X9Y9           LUT6 (Prop_lut6_I4_O)        0.124     9.445 r  cpu_inst/data_mem_inst/i__carry__2_i_2_comp/O
                         net (fo=7, routed)           0.861    10.306    cpu_inst/data_mem_inst/ex_mem_reg_reg[alu_result][14]
    SLICE_X8Y10          LUT6 (Prop_lut6_I0_O)        0.124    10.430 r  cpu_inst/data_mem_inst/i__carry__0_i_4/O
                         net (fo=1, routed)           0.000    10.430    cpu_inst/data_mem_inst_n_208
    SLICE_X8Y10          CARRY4 (Prop_carry4_S[0]_CO[3])
                                                      0.513    10.943 r  cpu_inst/ex_branch_taken0_inferred__0/i__carry__0/CO[3]
                         net (fo=1, routed)           0.000    10.943    cpu_inst/ex_branch_taken0_inferred__0/i__carry__0_n_0
    SLICE_X8Y11          CARRY4 (Prop_carry4_CI_CO[2])
                                                      0.229    11.172 f  cpu_inst/ex_branch_taken0_inferred__0/i__carry__1/CO[2]
                         net (fo=42, routed)          0.507    11.679    cpu_inst/data_mem_inst/CO[0]
    SLICE_X11Y12         LUT6 (Prop_lut6_I5_O)        0.310    11.989 r  cpu_inst/data_mem_inst/id_ex_reg[imm_ext][12]_i_2_comp/O
                         net (fo=5, routed)           0.426    12.415    cpu_inst/data_mem_inst/id_ex_reg[imm_ext][12]_i_2_n_0
    SLICE_X11Y12         LUT4 (Prop_lut4_I2_O)        0.124    12.539 r  cpu_inst/data_mem_inst/id_ex_reg[operand_b][31]_i_1/O
                         net (fo=32, routed)          0.828    13.367    cpu_inst/data_mem_inst_n_162
    SLICE_X13Y23         FDRE                                         r  cpu_inst/id_ex_reg_reg[operand_b][17]/R
  -------------------------------------------------------------------    -------------------

                         (clock sys_clk_pin rise edge)
                                                      8.650     8.650 r  <hidden>
                         propagated clock network latency
                                                      5.000    13.650    <hidden>
                         clock pessimism              0.272    13.922    <hidden>
                         clock uncertainty           -0.035    13.887    <hidden>
    SLICE_X13Y23         FDRE (Setup_fdre_C_R)       -0.429    13.458    cpu_inst/id_ex_reg_reg[operand_b][17]
  -------------------------------------------------------------------
                         required time                         13.458    <hidden>
                         arrival time                         -13.367    <hidden>
  -------------------------------------------------------------------
                         slack                                  0.091    <hidden>

Slack (MET) :             0.153ns  (required time - arrival time)
  Source:                 cpu_inst/data_mem_inst/mem_reg/CLKARDCLK
                            (rising edge-triggered cell RAMB18E1 clocked by sys_clk_pin  {rise@0.000ns fall@4.325ns period=8.650ns})
  Destination:            cpu_inst/id_ex_reg_reg[operand_b][10]/R
                            (rising edge-triggered cell FDRE clocked by sys_clk_pin  {rise@0.000ns fall@4.325ns period=8.650ns})
  Path Group:             sys_clk_pin
  Path Type:              Setup (Max at Slow Process Corner)
  Requirement:            8.650ns  (sys_clk_pin rise@8.650ns - sys_clk_pin rise@0.000ns)
  Data Path Delay:        7.945ns  (logic 4.002ns (50.372%)  route 3.943ns (49.628%))
  Logic Levels:           7  (CARRY4=2 LUT3=1 LUT4=1 LUT6=3)
  Clock Path Skew:        -0.087ns (DCD - SCD + CPR)
    Destination Clock Delay (DCD):    5.008ns = ( 13.658 - 8.650 ) 
    Source Clock Delay      (SCD):    5.368ns
    Clock Pessimism Removal (CPR):    0.272ns
  Clock Uncertainty:      0.035ns  ((TSJ^2 + TIJ^2)^1/2 + DJ) / 2 + PE
    Total System Jitter     (TSJ):    0.071ns
    Total Input Jitter      (TIJ):    0.000ns
    Discrete Jitter          (DJ):    0.000ns
    Phase Error              (PE):    0.000ns

    Location             Delay type                Incr(ns)  Path(ns)    Netlist Resource(s)
  -------------------------------------------------------------------    -------------------
                         (clock sys_clk_pin rise edge)
                                                      0.000     0.000 r  <hidden>
                         propagated clock network latency
                                                      5.368     5.368    <hidden>
    RAMB18_X0Y2          RAMB18E1                     0.000     5.368 r  cpu_inst/data_mem_inst/mem_reg/CLKARDCLK
    RAMB18_X0Y2          RAMB18E1 (Prop_ramb18e1_CLKARDCLK_DOADO[14])
                                                      2.454     7.822 r  cpu_inst/data_mem_inst/mem_reg/DOADO[14]
                         net (fo=5, routed)           0.676     8.497    cpu_inst/data_mem_inst/mem_reg_n_1
    SLICE_X8Y7           LUT3 (Prop_lut3_I2_O)        0.124     8.621 r  cpu_inst/data_mem_inst/i__carry__2_i_11_comp/O
                         net (fo=1, routed)           0.700     9.321    cpu_inst/data_mem_inst/i__carry__2_i_11_n_0
    SLICE_X9Y9           LUT6 (Prop_lut6_I4_O)        0.124     9.445 r  cpu_inst/data_mem_inst/i__carry__2_i_2_comp/O
                         net (fo=7, routed)           0.861    10.306    cpu_inst/data_mem_inst/ex_mem_reg_reg[alu_result][14]
    SLICE_X8Y10          LUT6 (Prop_lut6_I0_O)        0.124    10.430 r  cpu_inst/data_mem_inst/i__carry__0_i_4/O
                         net (fo=1, routed)           0.000    10.430    cpu_inst/data_mem_inst_n_208
    SLICE_X8Y10          CARRY4 (Prop_carry4_S[0]_CO[3])
                                                      0.513    10.943 r  cpu_inst/ex_branch_taken0_inferred__0/i__carry__0/CO[3]
                         net (fo=1, routed)           0.000    10.943    cpu_inst/ex_branch_taken0_inferred__0/i__carry__0_n_0
    SLICE_X8Y11          CARRY4 (Prop_carry4_CI_CO[2])
                                                      0.229    11.172 f  cpu_inst/ex_branch_taken0_inferred__0/i__carry__1/CO[2]
                         net (fo=42, routed)          0.507    11.679    cpu_inst/data_mem_inst/CO[0]
    SLICE_X11Y12         LUT6 (Prop_lut6_I5_O)        0.310    11.989 r  cpu_inst/data_mem_inst/id_ex_reg[imm_ext][12]_i_2_comp/O
                         net (fo=5, routed)           0.426    12.415    cpu_inst/data_mem_inst/id_ex_reg[imm_ext][12]_i_2_n_0
    SLICE_X11Y12         LUT4 (Prop_lut4_I2_O)        0.124    12.539 r  cpu_inst/data_mem_inst/id_ex_reg[operand_b][31]_i_1/O
                         net (fo=32, routed)          0.774    13.313    cpu_inst/data_mem_inst_n_162
    SLICE_X15Y16         FDRE                                         r  cpu_inst/id_ex_reg_reg[operand_b][10]/R
  -------------------------------------------------------------------    -------------------

                         (clock sys_clk_pin rise edge)
                                                      8.650     8.650 r  <hidden>
                         propagated clock network latency
                                                      5.008    13.658    <hidden>
                         clock pessimism              0.272    13.930    <hidden>
                         clock uncertainty           -0.035    13.895    <hidden>
    SLICE_X15Y16         FDRE (Setup_fdre_C_R)       -0.429    13.466    cpu_inst/id_ex_reg_reg[operand_b][10]
  -------------------------------------------------------------------
                         required time                         13.466    <hidden>
                         arrival time                         -13.313    <hidden>
  -------------------------------------------------------------------
                         slack                                  0.153    <hidden>

Slack (MET) :             0.153ns  (required time - arrival time)
  Source:                 cpu_inst/data_mem_inst/mem_reg/CLKARDCLK
                            (rising edge-triggered cell RAMB18E1 clocked by sys_clk_pin  {rise@0.000ns fall@4.325ns period=8.650ns})
  Destination:            cpu_inst/id_ex_reg_reg[operand_b][19]/R
                            (rising edge-triggered cell FDRE clocked by sys_clk_pin  {rise@0.000ns fall@4.325ns period=8.650ns})
  Path Group:             sys_clk_pin
  Path Type:              Setup (Max at Slow Process Corner)
  Requirement:            8.650ns  (sys_clk_pin rise@8.650ns - sys_clk_pin rise@0.000ns)
  Data Path Delay:        7.945ns  (logic 4.002ns (50.372%)  route 3.943ns (49.628%))
  Logic Levels:           7  (CARRY4=2 LUT3=1 LUT4=1 LUT6=3)
  Clock Path Skew:        -0.087ns (DCD - SCD + CPR)
    Destination Clock Delay (DCD):    5.008ns = ( 13.658 - 8.650 ) 
    Source Clock Delay      (SCD):    5.368ns
    Clock Pessimism Removal (CPR):    0.272ns
  Clock Uncertainty:      0.035ns  ((TSJ^2 + TIJ^2)^1/2 + DJ) / 2 + PE
    Total System Jitter     (TSJ):    0.071ns
    Total Input Jitter      (TIJ):    0.000ns
    Discrete Jitter          (DJ):    0.000ns
    Phase Error              (PE):    0.000ns

    Location             Delay type                Incr(ns)  Path(ns)    Netlist Resource(s)
  -------------------------------------------------------------------    -------------------
                         (clock sys_clk_pin rise edge)
                                                      0.000     0.000 r  <hidden>
                         propagated clock network latency
                                                      5.368     5.368    <hidden>
    RAMB18_X0Y2          RAMB18E1                     0.000     5.368 r  cpu_inst/data_mem_inst/mem_reg/CLKARDCLK
    RAMB18_X0Y2          RAMB18E1 (Prop_ramb18e1_CLKARDCLK_DOADO[14])
                                                      2.454     7.822 r  cpu_inst/data_mem_inst/mem_reg/DOADO[14]
                         net (fo=5, routed)           0.676     8.497    cpu_inst/data_mem_inst/mem_reg_n_1
    SLICE_X8Y7           LUT3 (Prop_lut3_I2_O)        0.124     8.621 r  cpu_inst/data_mem_inst/i__carry__2_i_11_comp/O
                         net (fo=1, routed)           0.700     9.321    cpu_inst/data_mem_inst/i__carry__2_i_11_n_0
    SLICE_X9Y9           LUT6 (Prop_lut6_I4_O)        0.124     9.445 r  cpu_inst/data_mem_inst/i__carry__2_i_2_comp/O
                         net (fo=7, routed)           0.861    10.306    cpu_inst/data_mem_inst/ex_mem_reg_reg[alu_result][14]
    SLICE_X8Y10          LUT6 (Prop_lut6_I0_O)        0.124    10.430 r  cpu_inst/data_mem_inst/i__carry__0_i_4/O
                         net (fo=1, routed)           0.000    10.430    cpu_inst/data_mem_inst_n_208
    SLICE_X8Y10          CARRY4 (Prop_carry4_S[0]_CO[3])
                                                      0.513    10.943 r  cpu_inst/ex_branch_taken0_inferred__0/i__carry__0/CO[3]
                         net (fo=1, routed)           0.000    10.943    cpu_inst/ex_branch_taken0_inferred__0/i__carry__0_n_0
    SLICE_X8Y11          CARRY4 (Prop_carry4_CI_CO[2])
                                                      0.229    11.172 f  cpu_inst/ex_branch_taken0_inferred__0/i__carry__1/CO[2]
                         net (fo=42, routed)          0.507    11.679    cpu_inst/data_mem_inst/CO[0]
    SLICE_X11Y12         LUT6 (Prop_lut6_I5_O)        0.310    11.989 r  cpu_inst/data_mem_inst/id_ex_reg[imm_ext][12]_i_2_comp/O
                         net (fo=5, routed)           0.426    12.415    cpu_inst/data_mem_inst/id_ex_reg[imm_ext][12]_i_2_n_0
    SLICE_X11Y12         LUT4 (Prop_lut4_I2_O)        0.124    12.539 r  cpu_inst/data_mem_inst/id_ex_reg[operand_b][31]_i_1/O
                         net (fo=32, routed)          0.774    13.313    cpu_inst/data_mem_inst_n_162
    SLICE_X15Y16         FDRE                                         r  cpu_inst/id_ex_reg_reg[operand_b][19]/R
  -------------------------------------------------------------------    -------------------

                         (clock sys_clk_pin rise edge)
                                                      8.650     8.650 r  <hidden>
                         propagated clock network latency
                                                      5.008    13.658    <hidden>
                         clock pessimism              0.272    13.930    <hidden>
                         clock uncertainty           -0.035    13.895    <hidden>
    SLICE_X15Y16         FDRE (Setup_fdre_C_R)       -0.429    13.466    cpu_inst/id_ex_reg_reg[operand_b][19]
  -------------------------------------------------------------------
                         required time                         13.466    <hidden>
                         arrival time                         -13.313    <hidden>
  -------------------------------------------------------------------
                         slack                                  0.153    <hidden>

Slack (MET) :             0.153ns  (required time - arrival time)
  Source:                 cpu_inst/data_mem_inst/mem_reg/CLKARDCLK
                            (rising edge-triggered cell RAMB18E1 clocked by sys_clk_pin  {rise@0.000ns fall@4.325ns period=8.650ns})
  Destination:            cpu_inst/id_ex_reg_reg[operand_b][1]/R
                            (rising edge-triggered cell FDRE clocked by sys_clk_pin  {rise@0.000ns fall@4.325ns period=8.650ns})
  Path Group:             sys_clk_pin
  Path Type:              Setup (Max at Slow Process Corner)
  Requirement:            8.650ns  (sys_clk_pin rise@8.650ns - sys_clk_pin rise@0.000ns)
  Data Path Delay:        7.945ns  (logic 4.002ns (50.372%)  route 3.943ns (49.628%))
  Logic Levels:           7  (CARRY4=2 LUT3=1 LUT4=1 LUT6=3)
  Clock Path Skew:        -0.087ns (DCD - SCD + CPR)
    Destination Clock Delay (DCD):    5.008ns = ( 13.658 - 8.650 ) 
    Source Clock Delay      (SCD):    5.368ns
    Clock Pessimism Removal (CPR):    0.272ns
  Clock Uncertainty:      0.035ns  ((TSJ^2 + TIJ^2)^1/2 + DJ) / 2 + PE
    Total System Jitter     (TSJ):    0.071ns
    Total Input Jitter      (TIJ):    0.000ns
    Discrete Jitter          (DJ):    0.000ns
    Phase Error              (PE):    0.000ns

    Location             Delay type                Incr(ns)  Path(ns)    Netlist Resource(s)
  -------------------------------------------------------------------    -------------------
                         (clock sys_clk_pin rise edge)
                                                      0.000     0.000 r  <hidden>
                         propagated clock network latency
                                                      5.368     5.368    <hidden>
    RAMB18_X0Y2          RAMB18E1                     0.000     5.368 r  cpu_inst/data_mem_inst/mem_reg/CLKARDCLK
    RAMB18_X0Y2          RAMB18E1 (Prop_ramb18e1_CLKARDCLK_DOADO[14])
                                                      2.454     7.822 r  cpu_inst/data_mem_inst/mem_reg/DOADO[14]
                         net (fo=5, routed)           0.676     8.497    cpu_inst/data_mem_inst/mem_reg_n_1
    SLICE_X8Y7           LUT3 (Prop_lut3_I2_O)        0.124     8.621 r  cpu_inst/data_mem_inst/i__carry__2_i_11_comp/O
                         net (fo=1, routed)           0.700     9.321    cpu_inst/data_mem_inst/i__carry__2_i_11_n_0
    SLICE_X9Y9           LUT6 (Prop_lut6_I4_O)        0.124     9.445 r  cpu_inst/data_mem_inst/i__carry__2_i_2_comp/O
                         net (fo=7, routed)           0.861    10.306    cpu_inst/data_mem_inst/ex_mem_reg_reg[alu_result][14]
    SLICE_X8Y10          LUT6 (Prop_lut6_I0_O)        0.124    10.430 r  cpu_inst/data_mem_inst/i__carry__0_i_4/O
                         net (fo=1, routed)           0.000    10.430    cpu_inst/data_mem_inst_n_208
    SLICE_X8Y10          CARRY4 (Prop_carry4_S[0]_CO[3])
                                                      0.513    10.943 r  cpu_inst/ex_branch_taken0_inferred__0/i__carry__0/CO[3]
                         net (fo=1, routed)           0.000    10.943    cpu_inst/ex_branch_taken0_inferred__0/i__carry__0_n_0
    SLICE_X8Y11          CARRY4 (Prop_carry4_CI_CO[2])
                                                      0.229    11.172 f  cpu_inst/ex_branch_taken0_inferred__0/i__carry__1/CO[2]
                         net (fo=42, routed)          0.507    11.679    cpu_inst/data_mem_inst/CO[0]
    SLICE_X11Y12         LUT6 (Prop_lut6_I5_O)        0.310    11.989 r  cpu_inst/data_mem_inst/id_ex_reg[imm_ext][12]_i_2_comp/O
                         net (fo=5, routed)           0.426    12.415    cpu_inst/data_mem_inst/id_ex_reg[imm_ext][12]_i_2_n_0
    SLICE_X11Y12         LUT4 (Prop_lut4_I2_O)        0.124    12.539 r  cpu_inst/data_mem_inst/id_ex_reg[operand_b][31]_i_1/O
                         net (fo=32, routed)          0.774    13.313    cpu_inst/data_mem_inst_n_162
    SLICE_X15Y16         FDRE                                         r  cpu_inst/id_ex_reg_reg[operand_b][1]/R
  -------------------------------------------------------------------    -------------------

                         (clock sys_clk_pin rise edge)
                                                      8.650     8.650 r  <hidden>
                         propagated clock network latency
                                                      5.008    13.658    <hidden>
                         clock pessimism              0.272    13.930    <hidden>
                         clock uncertainty           -0.035    13.895    <hidden>
    SLICE_X15Y16         FDRE (Setup_fdre_C_R)       -0.429    13.466    cpu_inst/id_ex_reg_reg[operand_b][1]
  -------------------------------------------------------------------
                         required time                         13.466    <hidden>
                         arrival time                         -13.313    <hidden>
  -------------------------------------------------------------------
                         slack                                  0.153    <hidden>

Slack (MET) :             0.153ns  (required time - arrival time)
  Source:                 cpu_inst/data_mem_inst/mem_reg/CLKARDCLK
                            (rising edge-triggered cell RAMB18E1 clocked by sys_clk_pin  {rise@0.000ns fall@4.325ns period=8.650ns})
  Destination:            cpu_inst/id_ex_reg_reg[operand_b][22]/R
                            (rising edge-triggered cell FDRE clocked by sys_clk_pin  {rise@0.000ns fall@4.325ns period=8.650ns})
  Path Group:             sys_clk_pin
  Path Type:              Setup (Max at Slow Process Corner)
  Requirement:            8.650ns  (sys_clk_pin rise@8.650ns - sys_clk_pin rise@0.000ns)
  Data Path Delay:        7.945ns  (logic 4.002ns (50.372%)  route 3.943ns (49.628%))
  Logic Levels:           7  (CARRY4=2 LUT3=1 LUT4=1 LUT6=3)
  Clock Path Skew:        -0.087ns (DCD - SCD + CPR)
    Destination Clock Delay (DCD):    5.008ns = ( 13.658 - 8.650 ) 
    Source Clock Delay      (SCD):    5.368ns
    Clock Pessimism Removal (CPR):    0.272ns
  Clock Uncertainty:      0.035ns  ((TSJ^2 + TIJ^2)^1/2 + DJ) / 2 + PE
    Total System Jitter     (TSJ):    0.071ns
    Total Input Jitter      (TIJ):    0.000ns
    Discrete Jitter          (DJ):    0.000ns
    Phase Error              (PE):    0.000ns

    Location             Delay type                Incr(ns)  Path(ns)    Netlist Resource(s)
  -------------------------------------------------------------------    -------------------
                         (clock sys_clk_pin rise edge)
                                                      0.000     0.000 r  <hidden>
                         propagated clock network latency
                                                      5.368     5.368    <hidden>
    RAMB18_X0Y2          RAMB18E1                     0.000     5.368 r  cpu_inst/data_mem_inst/mem_reg/CLKARDCLK
    RAMB18_X0Y2          RAMB18E1 (Prop_ramb18e1_CLKARDCLK_DOADO[14])
                                                      2.454     7.822 r  cpu_inst/data_mem_inst/mem_reg/DOADO[14]
                         net (fo=5, routed)           0.676     8.497    cpu_inst/data_mem_inst/mem_reg_n_1
    SLICE_X8Y7           LUT3 (Prop_lut3_I2_O)        0.124     8.621 r  cpu_inst/data_mem_inst/i__carry__2_i_11_comp/O
                         net (fo=1, routed)           0.700     9.321    cpu_inst/data_mem_inst/i__carry__2_i_11_n_0
    SLICE_X9Y9           LUT6 (Prop_lut6_I4_O)        0.124     9.445 r  cpu_inst/data_mem_inst/i__carry__2_i_2_comp/O
                         net (fo=7, routed)           0.861    10.306    cpu_inst/data_mem_inst/ex_mem_reg_reg[alu_result][14]
    SLICE_X8Y10          LUT6 (Prop_lut6_I0_O)        0.124    10.430 r  cpu_inst/data_mem_inst/i__carry__0_i_4/O
                         net (fo=1, routed)           0.000    10.430    cpu_inst/data_mem_inst_n_208
    SLICE_X8Y10          CARRY4 (Prop_carry4_S[0]_CO[3])
                                                      0.513    10.943 r  cpu_inst/ex_branch_taken0_inferred__0/i__carry__0/CO[3]
                         net (fo=1, routed)           0.000    10.943    cpu_inst/ex_branch_taken0_inferred__0/i__carry__0_n_0
    SLICE_X8Y11          CARRY4 (Prop_carry4_CI_CO[2])
                                                      0.229    11.172 f  cpu_inst/ex_branch_taken0_inferred__0/i__carry__1/CO[2]
                         net (fo=42, routed)          0.507    11.679    cpu_inst/data_mem_inst/CO[0]
    SLICE_X11Y12         LUT6 (Prop_lut6_I5_O)        0.310    11.989 r  cpu_inst/data_mem_inst/id_ex_reg[imm_ext][12]_i_2_comp/O
                         net (fo=5, routed)           0.426    12.415    cpu_inst/data_mem_inst/id_ex_reg[imm_ext][12]_i_2_n_0
    SLICE_X11Y12         LUT4 (Prop_lut4_I2_O)        0.124    12.539 r  cpu_inst/data_mem_inst/id_ex_reg[operand_b][31]_i_1/O
                         net (fo=32, routed)          0.774    13.313    cpu_inst/data_mem_inst_n_162
    SLICE_X15Y16         FDRE                                         r  cpu_inst/id_ex_reg_reg[operand_b][22]/R
  -------------------------------------------------------------------    -------------------

                         (clock sys_clk_pin rise edge)
                                                      8.650     8.650 r  <hidden>
                         propagated clock network latency
                                                      5.008    13.658    <hidden>
                         clock pessimism              0.272    13.930    <hidden>
                         clock uncertainty           -0.035    13.895    <hidden>
    SLICE_X15Y16         FDRE (Setup_fdre_C_R)       -0.429    13.466    cpu_inst/id_ex_reg_reg[operand_b][22]
  -------------------------------------------------------------------
                         required time                         13.466    <hidden>
                         arrival time                         -13.313    <hidden>
  -------------------------------------------------------------------
                         slack                                  0.153    <hidden>




