Copyright 1986-2022 Xilinx, Inc. All Rights Reserved. Copyright 2022-2026 Advanced Micro Devices, Inc. All Rights Reserved.
-------------------------------------------------------------------------------------------------------------------------------------------------------------------------
| Tool Version : Vivado v.2026.1 (win64) Build 6511674 Tue Jun 16 11:02:23 MDT 2026
| Date         : Tue Jul 14 20:10:40 2026
| Host         : DESKTOP-4GB7DVJ running 64-bit major release  (build 9200)
| Command      : report_timing_summary -file reports/phase16c_cpu_mips_compare_impl/phase13e_13i_forwardtiming/timing/phase13e_13i_forwardtiming_impl_timing_summary.rpt
| Design       : fpga_top_cpu_mips_compare
| Device       : 7a35t-cpg236
| Speed File   : -1  PRODUCTION 1.23 2018-06-13
| Design State : Physopt postRoute
-------------------------------------------------------------------------------------------------------------------------------------------------------------------------

Timing Summary Report

------------------------------------------------------------------------------------------------
| Timer Settings
| --------------
------------------------------------------------------------------------------------------------

  Enable Multi Corner Analysis               :  Yes
  Enable Pessimism Removal                   :  Yes
  Pessimism Removal Resolution               :  Nearest Common Node
  Enable Input Delay Default Clock           :  No
  Enable Preset / Clear Arcs                 :  No
  Disable Flight Delays                      :  No
  Ignore I/O Paths                           :  No
  Timing Early Launch at Borrowing Latches   :  No
  Borrow Time for Max Delay Exceptions       :  Yes
  Merge Timing Exceptions                    :  Yes
  Inter-SLR Compensation                     :  Conservative

  Corner  Analyze    Analyze    
  Name    Max Paths  Min Paths  
  ------  ---------  ---------  
  Slow    Yes        Yes        
  Fast    Yes        Yes        


------------------------------------------------------------------------------------------------
| Report Methodology
| ------------------
------------------------------------------------------------------------------------------------

No report available as report_methodology has not been run prior. Run report_methodology on the current design for the summary of methodology violations.



check_timing report

Table of Contents
-----------------
1. checking no_clock (0)
2. checking constant_clock (0)
3. checking pulse_width_clock (0)
4. checking unconstrained_internal_endpoints (0)
5. checking no_input_delay (3)
6. checking no_output_delay (25)
7. checking multiple_clock (0)
8. checking generated_clocks (0)
9. checking loops (0)
10. checking partial_input_delay (0)
11. checking partial_output_delay (0)
12. checking latch_loops (0)

1. checking no_clock (0)
------------------------
 There are 0 register/latch pins with no clock.


2. checking constant_clock (0)
------------------------------
 There are 0 register/latch pins with constant_clock.


3. checking pulse_width_clock (0)
---------------------------------
 There are 0 register/latch pins which need pulse_width check


4. checking unconstrained_internal_endpoints (0)
------------------------------------------------
 There are 0 pins that are not constrained for maximum delay.

 There are 0 pins that are not constrained for maximum delay due to constant clock.


5. checking no_input_delay (3)
------------------------------
 There are 3 input ports with no input delay specified. (HIGH)

 There are 0 input ports with no input delay but user has a false path constraint.


6. checking no_output_delay (25)
--------------------------------
 There are 25 ports with no output delay specified. (HIGH)

 There are 0 ports with no output delay but user has a false path constraint

 There are 0 ports with no output delay but with a timing clock defined on it or propagating through it


7. checking multiple_clock (0)
------------------------------
 There are 0 register/latch pins with multiple clocks.


8. checking generated_clocks (0)
--------------------------------
 There are 0 generated clocks that are not connected to a clock source.


9. checking loops (0)
---------------------
 There are 0 combinational loops in the design.


10. checking partial_input_delay (0)
------------------------------------
 There are 0 input ports with partial input delay specified.


11. checking partial_output_delay (0)
-------------------------------------
 There are 0 ports with partial output delay specified.


12. checking latch_loops (0)
----------------------------
 There are 0 combinational latch loops in the design through latch input



------------------------------------------------------------------------------------------------
| Design Timing Summary
| ---------------------
------------------------------------------------------------------------------------------------

    WNS(ns)      TNS(ns)  TNS Failing Endpoints  TNS Total Endpoints      WHS(ns)      THS(ns)  THS Failing Endpoints  THS Total Endpoints     WPWS(ns)     TPWS(ns)  TPWS Failing Endpoints  TPWS Total Endpoints  
    -------      -------  ---------------------  -------------------      -------      -------  ---------------------  -------------------     --------     --------  ----------------------  --------------------  
      0.256        0.000                      0                 4877        0.038        0.000                      0                 4877        4.500        0.000                       0                  1626  


All user specified timing constraints are met.


------------------------------------------------------------------------------------------------
| Clock Summary
| -------------
------------------------------------------------------------------------------------------------

Clock        Waveform(ns)       Period(ns)      Frequency(MHz)
-----        ------------       ----------      --------------
sys_clk_pin  {0.000 5.000}      10.000          100.000         


------------------------------------------------------------------------------------------------
| Intra Clock Table
| -----------------
------------------------------------------------------------------------------------------------

Clock             WNS(ns)      TNS(ns)  TNS Failing Endpoints  TNS Total Endpoints      WHS(ns)      THS(ns)  THS Failing Endpoints  THS Total Endpoints     WPWS(ns)     TPWS(ns)  TPWS Failing Endpoints  TPWS Total Endpoints  
-----             -------      -------  ---------------------  -------------------      -------      -------  ---------------------  -------------------     --------     --------  ----------------------  --------------------  
sys_clk_pin         0.256        0.000                      0                 4877        0.038        0.000                      0                 4877        4.500        0.000                       0                  1626  


------------------------------------------------------------------------------------------------
| Inter Clock Table
| -----------------
------------------------------------------------------------------------------------------------

From Clock    To Clock          WNS(ns)      TNS(ns)  TNS Failing Endpoints  TNS Total Endpoints      WHS(ns)      THS(ns)  THS Failing Endpoints  THS Total Endpoints  
----------    --------          -------      -------  ---------------------  -------------------      -------      -------  ---------------------  -------------------  


------------------------------------------------------------------------------------------------
| Other Path Groups Table
| -----------------------
------------------------------------------------------------------------------------------------

Path Group    From Clock    To Clock          WNS(ns)      TNS(ns)  TNS Failing Endpoints  TNS Total Endpoints      WHS(ns)      THS(ns)  THS Failing Endpoints  THS Total Endpoints  
----------    ----------    --------          -------      -------  ---------------------  -------------------      -------      -------  ---------------------  -------------------  


------------------------------------------------------------------------------------------------
| Timing Details
| --------------
------------------------------------------------------------------------------------------------


---------------------------------------------------------------------------------------------------
From Clock:  sys_clk_pin
  To Clock:  sys_clk_pin

Setup :            0  Failing Endpoints,  Worst Slack        0.256ns,  Total Violation        0.000ns
Hold  :            0  Failing Endpoints,  Worst Slack        0.038ns,  Total Violation        0.000ns
PW    :            0  Failing Endpoints,  Worst Slack        4.500ns,  Total Violation        0.000ns
---------------------------------------------------------------------------------------------------


Max Delay Paths
--------------------------------------------------------------------------------------
Slack (MET) :             0.256ns  (required time - arrival time)
  Source:                 gen_phase13e.cpu_inst/mem_wb_reg_reg[rd][2]/C
                            (rising edge-triggered cell FDRE clocked by sys_clk_pin  {rise@0.000ns fall@5.000ns period=10.000ns})
  Destination:            gen_phase13e.cpu_inst/id_ex_reg_reg[operand_b][15]/R
                            (rising edge-triggered cell FDRE clocked by sys_clk_pin  {rise@0.000ns fall@5.000ns period=10.000ns})
  Path Group:             sys_clk_pin
  Path Type:              Setup (Max at Slow Process Corner)
  Requirement:            10.000ns  (sys_clk_pin rise@10.000ns - sys_clk_pin rise@0.000ns)
  Data Path Delay:        9.078ns  (logic 2.520ns (27.760%)  route 6.558ns (72.240%))
  Logic Levels:           11  (CARRY4=2 LUT2=1 LUT3=1 LUT4=1 LUT5=1 LUT6=5)
  Clock Path Skew:        -0.107ns (DCD - SCD + CPR)
    Destination Clock Delay (DCD):    4.776ns = ( 14.776 - 10.000 ) 
    Source Clock Delay      (SCD):    5.143ns
    Clock Pessimism Removal (CPR):    0.260ns
  Clock Uncertainty:      0.035ns  ((TSJ^2 + TIJ^2)^1/2 + DJ) / 2 + PE
    Total System Jitter     (TSJ):    0.071ns
    Total Input Jitter      (TIJ):    0.000ns
    Discrete Jitter          (DJ):    0.000ns
    Phase Error              (PE):    0.000ns

    Location             Delay type                Incr(ns)  Path(ns)    Netlist Resource(s)
  -------------------------------------------------------------------    -------------------
                         (clock sys_clk_pin rise edge)
                                                      0.000     0.000 r  <hidden>
    W5                                                0.000     0.000 r  clk
                         net (fo=0)                   0.000     0.000    clk
    W5                   IBUF (Prop_ibuf_I_O)         1.458     1.458 r  clk_IBUF_inst/O
                         net (fo=1, routed)           1.967     3.425    clk_IBUF
    BUFGCTRL_X0Y0        BUFG (Prop_bufg_I_O)         0.096     3.521 r  clk_IBUF_BUFG_inst/O
                         net (fo=1625, routed)        1.622     5.143    gen_phase13e.cpu_inst/clk_IBUF_BUFG
    SLICE_X4Y20          FDRE                                         r  gen_phase13e.cpu_inst/mem_wb_reg_reg[rd][2]/C
  -------------------------------------------------------------------    -------------------
    SLICE_X4Y20          FDRE (Prop_fdre_C_Q)         0.456     5.599 r  gen_phase13e.cpu_inst/mem_wb_reg_reg[rd][2]/Q
                         net (fo=36, routed)          1.028     6.627    gen_phase13e.cpu_inst/mem_wb_reg_reg[rd][2]
    SLICE_X5Y20          LUT6 (Prop_lut6_I2_O)        0.124     6.751 f  gen_phase13e.cpu_inst/ex_mem_reg[store_data][30]_i_7/O
                         net (fo=1, routed)           0.149     6.900    gen_phase13e.cpu_inst/ex_mem_reg[store_data][30]_i_7_n_0
    SLICE_X5Y20          LUT5 (Prop_lut5_I2_O)        0.124     7.024 r  gen_phase13e.cpu_inst/ex_mem_reg[store_data][30]_i_3/O
                         net (fo=30, routed)          0.657     7.681    gen_phase13e.cpu_inst/ex_mem_reg[store_data][30]_i_3_n_0
    SLICE_X4Y21          LUT3 (Prop_lut3_I0_O)        0.124     7.805 r  gen_phase13e.cpu_inst/ex_mem_reg[store_data][30]_i_6/O
                         net (fo=32, routed)          0.961     8.766    gen_phase13e.cpu_inst/ex_mem_reg[store_data][30]_i_6_n_0
    SLICE_X4Y20          LUT4 (Prop_lut4_I2_O)        0.124     8.890 f  gen_phase13e.cpu_inst/ex_mem_reg[store_data][16]_i_3/O
                         net (fo=1, routed)           0.679     9.569    gen_phase13e.cpu_inst/data_mem_inst/ex_mem_reg_reg[store_data][16]
    SLICE_X7Y22          LUT6 (Prop_lut6_I1_O)        0.124     9.693 r  gen_phase13e.cpu_inst/data_mem_inst/ex_mem_reg[store_data][16]_i_2/O
                         net (fo=6, routed)           0.785    10.478    gen_phase13e.cpu_inst/data_mem_inst/ex_mem_reg_reg[alu_result][31][16]
    SLICE_X8Y22          LUT6 (Prop_lut6_I1_O)        0.124    10.602 r  gen_phase13e.cpu_inst/data_mem_inst/redirect_pending_valid_i_10/O
                         net (fo=1, routed)           0.000    10.602    gen_phase13e.cpu_inst/data_mem_inst/redirect_pending_valid_i_10_n_0
    SLICE_X8Y22          CARRY4 (Prop_carry4_S[1]_CO[3])
                                                      0.533    11.135 r  gen_phase13e.cpu_inst/data_mem_inst/redirect_pending_valid_reg_i_3/CO[3]
                         net (fo=1, routed)           0.000    11.135    gen_phase13e.cpu_inst/data_mem_inst/redirect_pending_valid_reg_i_3_n_0
    SLICE_X8Y23          CARRY4 (Prop_carry4_CI_CO[2])
                                                      0.229    11.364 f  gen_phase13e.cpu_inst/data_mem_inst/redirect_pending_valid_reg_i_2/CO[2]
                         net (fo=41, routed)          0.518    11.881    gen_phase13e.cpu_inst/data_mem_inst/ex_branch_taken040_in
    SLICE_X9Y25          LUT6 (Prop_lut6_I4_O)        0.310    12.191 r  gen_phase13e.cpu_inst/data_mem_inst/id_ex_reg[imm_ext][12]_i_2/O
                         net (fo=5, routed)           0.288    12.480    gen_phase13e.cpu_inst/data_mem_inst/id_ex_reg[imm_ext][12]_i_2_n_0
    SLICE_X9Y25          LUT2 (Prop_lut2_I0_O)        0.124    12.604 r  gen_phase13e.cpu_inst/data_mem_inst/id_ex_reg[imm_ext][12]_i_1/O
                         net (fo=130, routed)         0.726    13.330    gen_phase13e.cpu_inst/data_mem_inst/sw_sync_reg[0][0]
    SLICE_X9Y21          LUT6 (Prop_lut6_I1_O)        0.124    13.454 r  gen_phase13e.cpu_inst/data_mem_inst/id_ex_reg[operand_b][31]_i_1/O
                         net (fo=32, routed)          0.768    14.221    gen_phase13e.cpu_inst/data_mem_inst_n_79
    SLICE_X14Y23         FDRE                                         r  gen_phase13e.cpu_inst/id_ex_reg_reg[operand_b][15]/R
  -------------------------------------------------------------------    -------------------

                         (clock sys_clk_pin rise edge)
                                                     10.000    10.000 r  <hidden>
    W5                                                0.000    10.000 r  clk
                         net (fo=0)                   0.000    10.000    clk
    W5                   IBUF (Prop_ibuf_I_O)         1.388    11.388 r  clk_IBUF_inst/O
                         net (fo=1, routed)           1.862    13.250    clk_IBUF
    BUFGCTRL_X0Y0        BUFG (Prop_bufg_I_O)         0.091    13.341 r  clk_IBUF_BUFG_inst/O
                         net (fo=1625, routed)        1.435    14.776    gen_phase13e.cpu_inst/clk_IBUF_BUFG
    SLICE_X14Y23         FDRE                                         r  gen_phase13e.cpu_inst/id_ex_reg_reg[operand_b][15]/C
                         clock pessimism              0.260    15.036    <hidden>
                         clock uncertainty           -0.035    15.001    <hidden>
    SLICE_X14Y23         FDRE (Setup_fdre_C_R)       -0.524    14.477    gen_phase13e.cpu_inst/id_ex_reg_reg[operand_b][15]
  -------------------------------------------------------------------
                         required time                         14.477    <hidden>
                         arrival time                         -14.221    <hidden>
  -------------------------------------------------------------------
                         slack                                  0.256    <hidden>





Min Delay Paths
--------------------------------------------------------------------------------------
Slack (MET) :             0.038ns  (arrival time - required time)
  Source:                 gen_phase13e.cpu_inst/ex_mem_reg_reg[store_data][20]/C
                            (rising edge-triggered cell FDRE clocked by sys_clk_pin  {rise@0.000ns fall@5.000ns period=10.000ns})
  Destination:            gen_phase13e.cpu_inst/data_mem_inst/mem_reg/DIBDI[2]
                            (rising edge-triggered cell RAMB18E1 clocked by sys_clk_pin  {rise@0.000ns fall@5.000ns period=10.000ns})
  Path Group:             sys_clk_pin
  Path Type:              Hold (Min at Fast Process Corner)
  Requirement:            0.000ns  (sys_clk_pin rise@0.000ns - sys_clk_pin rise@0.000ns)
  Data Path Delay:        0.249ns  (logic 0.141ns (56.669%)  route 0.108ns (43.331%))
  Logic Levels:           0  
  Clock Path Skew:        0.055ns (DCD - SCD - CPR)
    Destination Clock Delay (DCD):    1.994ns
    Source Clock Delay      (SCD):    1.440ns
    Clock Pessimism Removal (CPR):    0.498ns

    Location             Delay type                Incr(ns)  Path(ns)    Netlist Resource(s)
  -------------------------------------------------------------------    -------------------
                         (clock sys_clk_pin rise edge)
                                                      0.000     0.000 r  <hidden>
    W5                                                0.000     0.000 r  clk
                         net (fo=0)                   0.000     0.000    clk
    W5                   IBUF (Prop_ibuf_I_O)         0.226     0.226 r  clk_IBUF_inst/O
                         net (fo=1, routed)           0.631     0.858    clk_IBUF
    BUFGCTRL_X0Y0        BUFG (Prop_bufg_I_O)         0.026     0.884 r  clk_IBUF_BUFG_inst/O
                         net (fo=1625, routed)        0.557     1.440    gen_phase13e.cpu_inst/clk_IBUF_BUFG
    SLICE_X9Y20          FDRE                                         r  gen_phase13e.cpu_inst/ex_mem_reg_reg[store_data][20]/C
  -------------------------------------------------------------------    -------------------
    SLICE_X9Y20          FDRE (Prop_fdre_C_Q)         0.141     1.581 r  gen_phase13e.cpu_inst/ex_mem_reg_reg[store_data][20]/Q
                         net (fo=1, routed)           0.108     1.689    gen_phase13e.cpu_inst/data_mem_inst/mem_reg_2[20]
    RAMB18_X0Y8          RAMB18E1                                     r  gen_phase13e.cpu_inst/data_mem_inst/mem_reg/DIBDI[2]
  -------------------------------------------------------------------    -------------------

                         (clock sys_clk_pin rise edge)
                                                      0.000     0.000 r  <hidden>
    W5                                                0.000     0.000 r  clk
                         net (fo=0)                   0.000     0.000    clk
    W5                   IBUF (Prop_ibuf_I_O)         0.414     0.414 r  clk_IBUF_inst/O
                         net (fo=1, routed)           0.685     1.099    clk_IBUF
    BUFGCTRL_X0Y0        BUFG (Prop_bufg_I_O)         0.029     1.128 r  clk_IBUF_BUFG_inst/O
                         net (fo=1625, routed)        0.866     1.994    gen_phase13e.cpu_inst/data_mem_inst/clk_IBUF_BUFG
    RAMB18_X0Y8          RAMB18E1                                     r  gen_phase13e.cpu_inst/data_mem_inst/mem_reg/CLKBWRCLK
                         clock pessimism             -0.498     1.496    <hidden>
    RAMB18_X0Y8          RAMB18E1 (Hold_ramb18e1_CLKBWRCLK_DIBDI[2])
                                                      0.155     1.651    gen_phase13e.cpu_inst/data_mem_inst/mem_reg
  -------------------------------------------------------------------
                         required time                         -1.651    <hidden>
                         arrival time                           1.689    <hidden>
  -------------------------------------------------------------------
                         slack                                  0.038    <hidden>





Pulse Width Checks
--------------------------------------------------------------------------------------
Clock Name:         sys_clk_pin
Waveform(ns):       { 0.000 5.000 }
Period(ns):         10.000
Sources:            { clk }

Check Type        Corner  Lib Pin             Reference Pin  Required(ns)  Actual(ns)  Slack(ns)  Location      Pin
Min Period        n/a     RAMB18E1/CLKARDCLK  n/a            2.944         10.000      7.056      RAMB18_X0Y8   gen_phase13e.cpu_inst/data_mem_inst/mem_reg/CLKARDCLK
Low Pulse Width   Slow    FDRE/C              n/a            0.500         5.000       4.500      SLICE_X39Y18  cycle_counter_reg[0]/C
High Pulse Width  Slow    FDRE/C              n/a            0.500         5.000       4.500      SLICE_X39Y18  cycle_counter_reg[0]/C



