Copyright 1986-2022 Xilinx, Inc. All Rights Reserved. Copyright 2022-2026 Advanced Micro Devices, Inc. All Rights Reserved.
--------------------------------------------------------------------------------------------------------------------------------------------------------------------------------------------
| Tool Version : Vivado v.2026.1 (win64) Build 6511674 Tue Jun 16 11:02:23 MDT 2026
| Date         : Tue Jul 14 20:10:40 2026
| Host         : DESKTOP-4GB7DVJ running 64-bit major release  (build 9200)
| Command      : report_timing -max_paths 10 -path_type full -file reports/phase16c_cpu_mips_compare_impl/phase13e_13i_forwardtiming/timing/phase13e_13i_forwardtiming_impl_worst_paths.rpt
| Design       : fpga_top_cpu_mips_compare
| Device       : 7a35t-cpg236
| Speed File   : -1  PRODUCTION 1.23 2018-06-13
| Design State : Physopt postRoute
--------------------------------------------------------------------------------------------------------------------------------------------------------------------------------------------

Timing Report

Slack (MET) :             0.256ns  (required time - arrival time)
  Source:                 gen_phase13e.cpu_inst/mem_wb_reg_reg[rd][2]/C
                            (rising edge-triggered cell FDRE clocked by sys_clk_pin  {rise@0.000ns fall@5.000ns period=10.000ns})
  Destination:            gen_phase13e.cpu_inst/id_ex_reg_reg[operand_b][15]/R
                            (rising edge-triggered cell FDRE clocked by sys_clk_pin  {rise@0.000ns fall@5.000ns period=10.000ns})
  Path Group:             sys_clk_pin
  Path Type:              Setup (Max at Slow Process Corner)
  Requirement:            10.000ns  (sys_clk_pin rise@10.000ns - sys_clk_pin rise@0.000ns)
  Data Path Delay:        9.078ns  (logic 2.520ns (27.760%)  route 6.558ns (72.240%))
  Logic Levels:           11  (CARRY4=2 LUT2=1 LUT3=1 LUT4=1 LUT5=1 LUT6=5)
  Clock Path Skew:        -0.107ns (DCD - SCD + CPR)
    Destination Clock Delay (DCD):    4.776ns = ( 14.776 - 10.000 ) 
    Source Clock Delay      (SCD):    5.143ns
    Clock Pessimism Removal (CPR):    0.260ns
  Clock Uncertainty:      0.035ns  ((TSJ^2 + TIJ^2)^1/2 + DJ) / 2 + PE
    Total System Jitter     (TSJ):    0.071ns
    Total Input Jitter      (TIJ):    0.000ns
    Discrete Jitter          (DJ):    0.000ns
    Phase Error              (PE):    0.000ns

    Location             Delay type                Incr(ns)  Path(ns)    Netlist Resource(s)
  -------------------------------------------------------------------    -------------------
                         (clock sys_clk_pin rise edge)
                                                      0.000     0.000 r  <hidden>
                         propagated clock network latency
                                                      5.143     5.143    <hidden>
    SLICE_X4Y20          FDRE                         0.000     5.143 r  gen_phase13e.cpu_inst/mem_wb_reg_reg[rd][2]/C
    SLICE_X4Y20          FDRE (Prop_fdre_C_Q)         0.456     5.599 r  gen_phase13e.cpu_inst/mem_wb_reg_reg[rd][2]/Q
                         net (fo=36, routed)          1.028     6.627    gen_phase13e.cpu_inst/mem_wb_reg_reg[rd][2]
    SLICE_X5Y20          LUT6 (Prop_lut6_I2_O)        0.124     6.751 f  gen_phase13e.cpu_inst/ex_mem_reg[store_data][30]_i_7/O
                         net (fo=1, routed)           0.149     6.900    gen_phase13e.cpu_inst/ex_mem_reg[store_data][30]_i_7_n_0
    SLICE_X5Y20          LUT5 (Prop_lut5_I2_O)        0.124     7.024 r  gen_phase13e.cpu_inst/ex_mem_reg[store_data][30]_i_3/O
                         net (fo=30, routed)          0.657     7.681    gen_phase13e.cpu_inst/ex_mem_reg[store_data][30]_i_3_n_0
    SLICE_X4Y21          LUT3 (Prop_lut3_I0_O)        0.124     7.805 r  gen_phase13e.cpu_inst/ex_mem_reg[store_data][30]_i_6/O
                         net (fo=32, routed)          0.961     8.766    gen_phase13e.cpu_inst/ex_mem_reg[store_data][30]_i_6_n_0
    SLICE_X4Y20          LUT4 (Prop_lut4_I2_O)        0.124     8.890 f  gen_phase13e.cpu_inst/ex_mem_reg[store_data][16]_i_3/O
                         net (fo=1, routed)           0.679     9.569    gen_phase13e.cpu_inst/data_mem_inst/ex_mem_reg_reg[store_data][16]
    SLICE_X7Y22          LUT6 (Prop_lut6_I1_O)        0.124     9.693 r  gen_phase13e.cpu_inst/data_mem_inst/ex_mem_reg[store_data][16]_i_2/O
                         net (fo=6, routed)           0.785    10.478    gen_phase13e.cpu_inst/data_mem_inst/ex_mem_reg_reg[alu_result][31][16]
    SLICE_X8Y22          LUT6 (Prop_lut6_I1_O)        0.124    10.602 r  gen_phase13e.cpu_inst/data_mem_inst/redirect_pending_valid_i_10/O
                         net (fo=1, routed)           0.000    10.602    gen_phase13e.cpu_inst/data_mem_inst/redirect_pending_valid_i_10_n_0
    SLICE_X8Y22          CARRY4 (Prop_carry4_S[1]_CO[3])
                                                      0.533    11.135 r  gen_phase13e.cpu_inst/data_mem_inst/redirect_pending_valid_reg_i_3/CO[3]
                         net (fo=1, routed)           0.000    11.135    gen_phase13e.cpu_inst/data_mem_inst/redirect_pending_valid_reg_i_3_n_0
    SLICE_X8Y23          CARRY4 (Prop_carry4_CI_CO[2])
                                                      0.229    11.364 f  gen_phase13e.cpu_inst/data_mem_inst/redirect_pending_valid_reg_i_2/CO[2]
                         net (fo=41, routed)          0.518    11.881    gen_phase13e.cpu_inst/data_mem_inst/ex_branch_taken040_in
    SLICE_X9Y25          LUT6 (Prop_lut6_I4_O)        0.310    12.191 r  gen_phase13e.cpu_inst/data_mem_inst/id_ex_reg[imm_ext][12]_i_2/O
                         net (fo=5, routed)           0.288    12.480    gen_phase13e.cpu_inst/data_mem_inst/id_ex_reg[imm_ext][12]_i_2_n_0
    SLICE_X9Y25          LUT2 (Prop_lut2_I0_O)        0.124    12.604 r  gen_phase13e.cpu_inst/data_mem_inst/id_ex_reg[imm_ext][12]_i_1/O
                         net (fo=130, routed)         0.726    13.330    gen_phase13e.cpu_inst/data_mem_inst/sw_sync_reg[0][0]
    SLICE_X9Y21          LUT6 (Prop_lut6_I1_O)        0.124    13.454 r  gen_phase13e.cpu_inst/data_mem_inst/id_ex_reg[operand_b][31]_i_1/O
                         net (fo=32, routed)          0.768    14.221    gen_phase13e.cpu_inst/data_mem_inst_n_79
    SLICE_X14Y23         FDRE                                         r  gen_phase13e.cpu_inst/id_ex_reg_reg[operand_b][15]/R
  -------------------------------------------------------------------    -------------------

                         (clock sys_clk_pin rise edge)
                                                     10.000    10.000 r  <hidden>
                         propagated clock network latency
                                                      4.776    14.776    <hidden>
                         clock pessimism              0.260    15.036    <hidden>
                         clock uncertainty           -0.035    15.001    <hidden>
    SLICE_X14Y23         FDRE (Setup_fdre_C_R)       -0.524    14.477    gen_phase13e.cpu_inst/id_ex_reg_reg[operand_b][15]
  -------------------------------------------------------------------
                         required time                         14.477    <hidden>
                         arrival time                         -14.221    <hidden>
  -------------------------------------------------------------------
                         slack                                  0.256    <hidden>

Slack (MET) :             0.256ns  (required time - arrival time)
  Source:                 gen_phase13e.cpu_inst/mem_wb_reg_reg[rd][2]/C
                            (rising edge-triggered cell FDRE clocked by sys_clk_pin  {rise@0.000ns fall@5.000ns period=10.000ns})
  Destination:            gen_phase13e.cpu_inst/id_ex_reg_reg[operand_b][19]/R
                            (rising edge-triggered cell FDRE clocked by sys_clk_pin  {rise@0.000ns fall@5.000ns period=10.000ns})
  Path Group:             sys_clk_pin
  Path Type:              Setup (Max at Slow Process Corner)
  Requirement:            10.000ns  (sys_clk_pin rise@10.000ns - sys_clk_pin rise@0.000ns)
  Data Path Delay:        9.078ns  (logic 2.520ns (27.760%)  route 6.558ns (72.240%))
  Logic Levels:           11  (CARRY4=2 LUT2=1 LUT3=1 LUT4=1 LUT5=1 LUT6=5)
  Clock Path Skew:        -0.107ns (DCD - SCD + CPR)
    Destination Clock Delay (DCD):    4.776ns = ( 14.776 - 10.000 ) 
    Source Clock Delay      (SCD):    5.143ns
    Clock Pessimism Removal (CPR):    0.260ns
  Clock Uncertainty:      0.035ns  ((TSJ^2 + TIJ^2)^1/2 + DJ) / 2 + PE
    Total System Jitter     (TSJ):    0.071ns
    Total Input Jitter      (TIJ):    0.000ns
    Discrete Jitter          (DJ):    0.000ns
    Phase Error              (PE):    0.000ns

    Location             Delay type                Incr(ns)  Path(ns)    Netlist Resource(s)
  -------------------------------------------------------------------    -------------------
                         (clock sys_clk_pin rise edge)
                                                      0.000     0.000 r  <hidden>
                         propagated clock network latency
                                                      5.143     5.143    <hidden>
    SLICE_X4Y20          FDRE                         0.000     5.143 r  gen_phase13e.cpu_inst/mem_wb_reg_reg[rd][2]/C
    SLICE_X4Y20          FDRE (Prop_fdre_C_Q)         0.456     5.599 r  gen_phase13e.cpu_inst/mem_wb_reg_reg[rd][2]/Q
                         net (fo=36, routed)          1.028     6.627    gen_phase13e.cpu_inst/mem_wb_reg_reg[rd][2]
    SLICE_X5Y20          LUT6 (Prop_lut6_I2_O)        0.124     6.751 f  gen_phase13e.cpu_inst/ex_mem_reg[store_data][30]_i_7/O
                         net (fo=1, routed)           0.149     6.900    gen_phase13e.cpu_inst/ex_mem_reg[store_data][30]_i_7_n_0
    SLICE_X5Y20          LUT5 (Prop_lut5_I2_O)        0.124     7.024 r  gen_phase13e.cpu_inst/ex_mem_reg[store_data][30]_i_3/O
                         net (fo=30, routed)          0.657     7.681    gen_phase13e.cpu_inst/ex_mem_reg[store_data][30]_i_3_n_0
    SLICE_X4Y21          LUT3 (Prop_lut3_I0_O)        0.124     7.805 r  gen_phase13e.cpu_inst/ex_mem_reg[store_data][30]_i_6/O
                         net (fo=32, routed)          0.961     8.766    gen_phase13e.cpu_inst/ex_mem_reg[store_data][30]_i_6_n_0
    SLICE_X4Y20          LUT4 (Prop_lut4_I2_O)        0.124     8.890 f  gen_phase13e.cpu_inst/ex_mem_reg[store_data][16]_i_3/O
                         net (fo=1, routed)           0.679     9.569    gen_phase13e.cpu_inst/data_mem_inst/ex_mem_reg_reg[store_data][16]
    SLICE_X7Y22          LUT6 (Prop_lut6_I1_O)        0.124     9.693 r  gen_phase13e.cpu_inst/data_mem_inst/ex_mem_reg[store_data][16]_i_2/O
                         net (fo=6, routed)           0.785    10.478    gen_phase13e.cpu_inst/data_mem_inst/ex_mem_reg_reg[alu_result][31][16]
    SLICE_X8Y22          LUT6 (Prop_lut6_I1_O)        0.124    10.602 r  gen_phase13e.cpu_inst/data_mem_inst/redirect_pending_valid_i_10/O
                         net (fo=1, routed)           0.000    10.602    gen_phase13e.cpu_inst/data_mem_inst/redirect_pending_valid_i_10_n_0
    SLICE_X8Y22          CARRY4 (Prop_carry4_S[1]_CO[3])
                                                      0.533    11.135 r  gen_phase13e.cpu_inst/data_mem_inst/redirect_pending_valid_reg_i_3/CO[3]
                         net (fo=1, routed)           0.000    11.135    gen_phase13e.cpu_inst/data_mem_inst/redirect_pending_valid_reg_i_3_n_0
    SLICE_X8Y23          CARRY4 (Prop_carry4_CI_CO[2])
                                                      0.229    11.364 f  gen_phase13e.cpu_inst/data_mem_inst/redirect_pending_valid_reg_i_2/CO[2]
                         net (fo=41, routed)          0.518    11.881    gen_phase13e.cpu_inst/data_mem_inst/ex_branch_taken040_in
    SLICE_X9Y25          LUT6 (Prop_lut6_I4_O)        0.310    12.191 r  gen_phase13e.cpu_inst/data_mem_inst/id_ex_reg[imm_ext][12]_i_2/O
                         net (fo=5, routed)           0.288    12.480    gen_phase13e.cpu_inst/data_mem_inst/id_ex_reg[imm_ext][12]_i_2_n_0
    SLICE_X9Y25          LUT2 (Prop_lut2_I0_O)        0.124    12.604 r  gen_phase13e.cpu_inst/data_mem_inst/id_ex_reg[imm_ext][12]_i_1/O
                         net (fo=130, routed)         0.726    13.330    gen_phase13e.cpu_inst/data_mem_inst/sw_sync_reg[0][0]
    SLICE_X9Y21          LUT6 (Prop_lut6_I1_O)        0.124    13.454 r  gen_phase13e.cpu_inst/data_mem_inst/id_ex_reg[operand_b][31]_i_1/O
                         net (fo=32, routed)          0.768    14.221    gen_phase13e.cpu_inst/data_mem_inst_n_79
    SLICE_X14Y23         FDRE                                         r  gen_phase13e.cpu_inst/id_ex_reg_reg[operand_b][19]/R
  -------------------------------------------------------------------    -------------------

                         (clock sys_clk_pin rise edge)
                                                     10.000    10.000 r  <hidden>
                         propagated clock network latency
                                                      4.776    14.776    <hidden>
                         clock pessimism              0.260    15.036    <hidden>
                         clock uncertainty           -0.035    15.001    <hidden>
    SLICE_X14Y23         FDRE (Setup_fdre_C_R)       -0.524    14.477    gen_phase13e.cpu_inst/id_ex_reg_reg[operand_b][19]
  -------------------------------------------------------------------
                         required time                         14.477    <hidden>
                         arrival time                         -14.221    <hidden>
  -------------------------------------------------------------------
                         slack                                  0.256    <hidden>

Slack (MET) :             0.256ns  (required time - arrival time)
  Source:                 gen_phase13e.cpu_inst/mem_wb_reg_reg[rd][2]/C
                            (rising edge-triggered cell FDRE clocked by sys_clk_pin  {rise@0.000ns fall@5.000ns period=10.000ns})
  Destination:            gen_phase13e.cpu_inst/id_ex_reg_reg[operand_b][24]/R
                            (rising edge-triggered cell FDRE clocked by sys_clk_pin  {rise@0.000ns fall@5.000ns period=10.000ns})
  Path Group:             sys_clk_pin
  Path Type:              Setup (Max at Slow Process Corner)
  Requirement:            10.000ns  (sys_clk_pin rise@10.000ns - sys_clk_pin rise@0.000ns)
  Data Path Delay:        9.078ns  (logic 2.520ns (27.760%)  route 6.558ns (72.240%))
  Logic Levels:           11  (CARRY4=2 LUT2=1 LUT3=1 LUT4=1 LUT5=1 LUT6=5)
  Clock Path Skew:        -0.107ns (DCD - SCD + CPR)
    Destination Clock Delay (DCD):    4.776ns = ( 14.776 - 10.000 ) 
    Source Clock Delay      (SCD):    5.143ns
    Clock Pessimism Removal (CPR):    0.260ns
  Clock Uncertainty:      0.035ns  ((TSJ^2 + TIJ^2)^1/2 + DJ) / 2 + PE
    Total System Jitter     (TSJ):    0.071ns
    Total Input Jitter      (TIJ):    0.000ns
    Discrete Jitter          (DJ):    0.000ns
    Phase Error              (PE):    0.000ns

    Location             Delay type                Incr(ns)  Path(ns)    Netlist Resource(s)
  -------------------------------------------------------------------    -------------------
                         (clock sys_clk_pin rise edge)
                                                      0.000     0.000 r  <hidden>
                         propagated clock network latency
                                                      5.143     5.143    <hidden>
    SLICE_X4Y20          FDRE                         0.000     5.143 r  gen_phase13e.cpu_inst/mem_wb_reg_reg[rd][2]/C
    SLICE_X4Y20          FDRE (Prop_fdre_C_Q)         0.456     5.599 r  gen_phase13e.cpu_inst/mem_wb_reg_reg[rd][2]/Q
                         net (fo=36, routed)          1.028     6.627    gen_phase13e.cpu_inst/mem_wb_reg_reg[rd][2]
    SLICE_X5Y20          LUT6 (Prop_lut6_I2_O)        0.124     6.751 f  gen_phase13e.cpu_inst/ex_mem_reg[store_data][30]_i_7/O
                         net (fo=1, routed)           0.149     6.900    gen_phase13e.cpu_inst/ex_mem_reg[store_data][30]_i_7_n_0
    SLICE_X5Y20          LUT5 (Prop_lut5_I2_O)        0.124     7.024 r  gen_phase13e.cpu_inst/ex_mem_reg[store_data][30]_i_3/O
                         net (fo=30, routed)          0.657     7.681    gen_phase13e.cpu_inst/ex_mem_reg[store_data][30]_i_3_n_0
    SLICE_X4Y21          LUT3 (Prop_lut3_I0_O)        0.124     7.805 r  gen_phase13e.cpu_inst/ex_mem_reg[store_data][30]_i_6/O
                         net (fo=32, routed)          0.961     8.766    gen_phase13e.cpu_inst/ex_mem_reg[store_data][30]_i_6_n_0
    SLICE_X4Y20          LUT4 (Prop_lut4_I2_O)        0.124     8.890 f  gen_phase13e.cpu_inst/ex_mem_reg[store_data][16]_i_3/O
                         net (fo=1, routed)           0.679     9.569    gen_phase13e.cpu_inst/data_mem_inst/ex_mem_reg_reg[store_data][16]
    SLICE_X7Y22          LUT6 (Prop_lut6_I1_O)        0.124     9.693 r  gen_phase13e.cpu_inst/data_mem_inst/ex_mem_reg[store_data][16]_i_2/O
                         net (fo=6, routed)           0.785    10.478    gen_phase13e.cpu_inst/data_mem_inst/ex_mem_reg_reg[alu_result][31][16]
    SLICE_X8Y22          LUT6 (Prop_lut6_I1_O)        0.124    10.602 r  gen_phase13e.cpu_inst/data_mem_inst/redirect_pending_valid_i_10/O
                         net (fo=1, routed)           0.000    10.602    gen_phase13e.cpu_inst/data_mem_inst/redirect_pending_valid_i_10_n_0
    SLICE_X8Y22          CARRY4 (Prop_carry4_S[1]_CO[3])
                                                      0.533    11.135 r  gen_phase13e.cpu_inst/data_mem_inst/redirect_pending_valid_reg_i_3/CO[3]
                         net (fo=1, routed)           0.000    11.135    gen_phase13e.cpu_inst/data_mem_inst/redirect_pending_valid_reg_i_3_n_0
    SLICE_X8Y23          CARRY4 (Prop_carry4_CI_CO[2])
                                                      0.229    11.364 f  gen_phase13e.cpu_inst/data_mem_inst/redirect_pending_valid_reg_i_2/CO[2]
                         net (fo=41, routed)          0.518    11.881    gen_phase13e.cpu_inst/data_mem_inst/ex_branch_taken040_in
    SLICE_X9Y25          LUT6 (Prop_lut6_I4_O)        0.310    12.191 r  gen_phase13e.cpu_inst/data_mem_inst/id_ex_reg[imm_ext][12]_i_2/O
                         net (fo=5, routed)           0.288    12.480    gen_phase13e.cpu_inst/data_mem_inst/id_ex_reg[imm_ext][12]_i_2_n_0
    SLICE_X9Y25          LUT2 (Prop_lut2_I0_O)        0.124    12.604 r  gen_phase13e.cpu_inst/data_mem_inst/id_ex_reg[imm_ext][12]_i_1/O
                         net (fo=130, routed)         0.726    13.330    gen_phase13e.cpu_inst/data_mem_inst/sw_sync_reg[0][0]
    SLICE_X9Y21          LUT6 (Prop_lut6_I1_O)        0.124    13.454 r  gen_phase13e.cpu_inst/data_mem_inst/id_ex_reg[operand_b][31]_i_1/O
                         net (fo=32, routed)          0.768    14.221    gen_phase13e.cpu_inst/data_mem_inst_n_79
    SLICE_X14Y23         FDRE                                         r  gen_phase13e.cpu_inst/id_ex_reg_reg[operand_b][24]/R
  -------------------------------------------------------------------    -------------------

                         (clock sys_clk_pin rise edge)
                                                     10.000    10.000 r  <hidden>
                         propagated clock network latency
                                                      4.776    14.776    <hidden>
                         clock pessimism              0.260    15.036    <hidden>
                         clock uncertainty           -0.035    15.001    <hidden>
    SLICE_X14Y23         FDRE (Setup_fdre_C_R)       -0.524    14.477    gen_phase13e.cpu_inst/id_ex_reg_reg[operand_b][24]
  -------------------------------------------------------------------
                         required time                         14.477    <hidden>
                         arrival time                         -14.221    <hidden>
  -------------------------------------------------------------------
                         slack                                  0.256    <hidden>

Slack (MET) :             0.292ns  (required time - arrival time)
  Source:                 gen_phase13e.cpu_inst/mem_wb_reg_reg[rd][2]/C
                            (rising edge-triggered cell FDRE clocked by sys_clk_pin  {rise@0.000ns fall@5.000ns period=10.000ns})
  Destination:            gen_phase13e.cpu_inst/id_ex_reg_reg[operand_a][17]/R
                            (rising edge-triggered cell FDRE clocked by sys_clk_pin  {rise@0.000ns fall@5.000ns period=10.000ns})
  Path Group:             sys_clk_pin
  Path Type:              Setup (Max at Slow Process Corner)
  Requirement:            10.000ns  (sys_clk_pin rise@10.000ns - sys_clk_pin rise@0.000ns)
  Data Path Delay:        9.137ns  (logic 2.520ns (27.580%)  route 6.617ns (72.420%))
  Logic Levels:           11  (CARRY4=2 LUT2=1 LUT3=1 LUT4=1 LUT5=1 LUT6=5)
  Clock Path Skew:        -0.107ns (DCD - SCD + CPR)
    Destination Clock Delay (DCD):    4.776ns = ( 14.776 - 10.000 ) 
    Source Clock Delay      (SCD):    5.143ns
    Clock Pessimism Removal (CPR):    0.260ns
  Clock Uncertainty:      0.035ns  ((TSJ^2 + TIJ^2)^1/2 + DJ) / 2 + PE
    Total System Jitter     (TSJ):    0.071ns
    Total Input Jitter      (TIJ):    0.000ns
    Discrete Jitter          (DJ):    0.000ns
    Phase Error              (PE):    0.000ns

    Location             Delay type                Incr(ns)  Path(ns)    Netlist Resource(s)
  -------------------------------------------------------------------    -------------------
                         (clock sys_clk_pin rise edge)
                                                      0.000     0.000 r  <hidden>
                         propagated clock network latency
                                                      5.143     5.143    <hidden>
    SLICE_X4Y20          FDRE                         0.000     5.143 r  gen_phase13e.cpu_inst/mem_wb_reg_reg[rd][2]/C
    SLICE_X4Y20          FDRE (Prop_fdre_C_Q)         0.456     5.599 r  gen_phase13e.cpu_inst/mem_wb_reg_reg[rd][2]/Q
                         net (fo=36, routed)          1.028     6.627    gen_phase13e.cpu_inst/mem_wb_reg_reg[rd][2]
    SLICE_X5Y20          LUT6 (Prop_lut6_I2_O)        0.124     6.751 f  gen_phase13e.cpu_inst/ex_mem_reg[store_data][30]_i_7/O
                         net (fo=1, routed)           0.149     6.900    gen_phase13e.cpu_inst/ex_mem_reg[store_data][30]_i_7_n_0
    SLICE_X5Y20          LUT5 (Prop_lut5_I2_O)        0.124     7.024 r  gen_phase13e.cpu_inst/ex_mem_reg[store_data][30]_i_3/O
                         net (fo=30, routed)          0.657     7.681    gen_phase13e.cpu_inst/ex_mem_reg[store_data][30]_i_3_n_0
    SLICE_X4Y21          LUT3 (Prop_lut3_I0_O)        0.124     7.805 r  gen_phase13e.cpu_inst/ex_mem_reg[store_data][30]_i_6/O
                         net (fo=32, routed)          0.961     8.766    gen_phase13e.cpu_inst/ex_mem_reg[store_data][30]_i_6_n_0
    SLICE_X4Y20          LUT4 (Prop_lut4_I2_O)        0.124     8.890 f  gen_phase13e.cpu_inst/ex_mem_reg[store_data][16]_i_3/O
                         net (fo=1, routed)           0.679     9.569    gen_phase13e.cpu_inst/data_mem_inst/ex_mem_reg_reg[store_data][16]
    SLICE_X7Y22          LUT6 (Prop_lut6_I1_O)        0.124     9.693 r  gen_phase13e.cpu_inst/data_mem_inst/ex_mem_reg[store_data][16]_i_2/O
                         net (fo=6, routed)           0.785    10.478    gen_phase13e.cpu_inst/data_mem_inst/ex_mem_reg_reg[alu_result][31][16]
    SLICE_X8Y22          LUT6 (Prop_lut6_I1_O)        0.124    10.602 r  gen_phase13e.cpu_inst/data_mem_inst/redirect_pending_valid_i_10/O
                         net (fo=1, routed)           0.000    10.602    gen_phase13e.cpu_inst/data_mem_inst/redirect_pending_valid_i_10_n_0
    SLICE_X8Y22          CARRY4 (Prop_carry4_S[1]_CO[3])
                                                      0.533    11.135 r  gen_phase13e.cpu_inst/data_mem_inst/redirect_pending_valid_reg_i_3/CO[3]
                         net (fo=1, routed)           0.000    11.135    gen_phase13e.cpu_inst/data_mem_inst/redirect_pending_valid_reg_i_3_n_0
    SLICE_X8Y23          CARRY4 (Prop_carry4_CI_CO[2])
                                                      0.229    11.364 f  gen_phase13e.cpu_inst/data_mem_inst/redirect_pending_valid_reg_i_2/CO[2]
                         net (fo=41, routed)          0.518    11.881    gen_phase13e.cpu_inst/data_mem_inst/ex_branch_taken040_in
    SLICE_X9Y25          LUT6 (Prop_lut6_I4_O)        0.310    12.191 r  gen_phase13e.cpu_inst/data_mem_inst/id_ex_reg[imm_ext][12]_i_2/O
                         net (fo=5, routed)           0.288    12.480    gen_phase13e.cpu_inst/data_mem_inst/id_ex_reg[imm_ext][12]_i_2_n_0
    SLICE_X9Y25          LUT2 (Prop_lut2_I0_O)        0.124    12.604 r  gen_phase13e.cpu_inst/data_mem_inst/id_ex_reg[imm_ext][12]_i_1/O
                         net (fo=130, routed)         0.807    13.411    gen_phase13e.cpu_inst/data_mem_inst/sw_sync_reg[0][0]
    SLICE_X13Y23         LUT6 (Prop_lut6_I5_O)        0.124    13.535 r  gen_phase13e.cpu_inst/data_mem_inst/id_ex_reg[operand_a][31]_i_1/O
                         net (fo=32, routed)          0.745    14.280    gen_phase13e.cpu_inst/data_mem_inst_n_80
    SLICE_X15Y23         FDRE                                         r  gen_phase13e.cpu_inst/id_ex_reg_reg[operand_a][17]/R
  -------------------------------------------------------------------    -------------------

                         (clock sys_clk_pin rise edge)
                                                     10.000    10.000 r  <hidden>
                         propagated clock network latency
                                                      4.776    14.776    <hidden>
                         clock pessimism              0.260    15.036    <hidden>
                         clock uncertainty           -0.035    15.001    <hidden>
    SLICE_X15Y23         FDRE (Setup_fdre_C_R)       -0.429    14.572    gen_phase13e.cpu_inst/id_ex_reg_reg[operand_a][17]
  -------------------------------------------------------------------
                         required time                         14.572    <hidden>
                         arrival time                         -14.280    <hidden>
  -------------------------------------------------------------------
                         slack                                  0.292    <hidden>

Slack (MET) :             0.292ns  (required time - arrival time)
  Source:                 gen_phase13e.cpu_inst/mem_wb_reg_reg[rd][2]/C
                            (rising edge-triggered cell FDRE clocked by sys_clk_pin  {rise@0.000ns fall@5.000ns period=10.000ns})
  Destination:            gen_phase13e.cpu_inst/id_ex_reg_reg[operand_a][4]/R
                            (rising edge-triggered cell FDRE clocked by sys_clk_pin  {rise@0.000ns fall@5.000ns period=10.000ns})
  Path Group:             sys_clk_pin
  Path Type:              Setup (Max at Slow Process Corner)
  Requirement:            10.000ns  (sys_clk_pin rise@10.000ns - sys_clk_pin rise@0.000ns)
  Data Path Delay:        9.137ns  (logic 2.520ns (27.580%)  route 6.617ns (72.420%))
  Logic Levels:           11  (CARRY4=2 LUT2=1 LUT3=1 LUT4=1 LUT5=1 LUT6=5)
  Clock Path Skew:        -0.107ns (DCD - SCD + CPR)
    Destination Clock Delay (DCD):    4.776ns = ( 14.776 - 10.000 ) 
    Source Clock Delay      (SCD):    5.143ns
    Clock Pessimism Removal (CPR):    0.260ns
  Clock Uncertainty:      0.035ns  ((TSJ^2 + TIJ^2)^1/2 + DJ) / 2 + PE
    Total System Jitter     (TSJ):    0.071ns
    Total Input Jitter      (TIJ):    0.000ns
    Discrete Jitter          (DJ):    0.000ns
    Phase Error              (PE):    0.000ns

    Location             Delay type                Incr(ns)  Path(ns)    Netlist Resource(s)
  -------------------------------------------------------------------    -------------------
                         (clock sys_clk_pin rise edge)
                                                      0.000     0.000 r  <hidden>
                         propagated clock network latency
                                                      5.143     5.143    <hidden>
    SLICE_X4Y20          FDRE                         0.000     5.143 r  gen_phase13e.cpu_inst/mem_wb_reg_reg[rd][2]/C
    SLICE_X4Y20          FDRE (Prop_fdre_C_Q)         0.456     5.599 r  gen_phase13e.cpu_inst/mem_wb_reg_reg[rd][2]/Q
                         net (fo=36, routed)          1.028     6.627    gen_phase13e.cpu_inst/mem_wb_reg_reg[rd][2]
    SLICE_X5Y20          LUT6 (Prop_lut6_I2_O)        0.124     6.751 f  gen_phase13e.cpu_inst/ex_mem_reg[store_data][30]_i_7/O
                         net (fo=1, routed)           0.149     6.900    gen_phase13e.cpu_inst/ex_mem_reg[store_data][30]_i_7_n_0
    SLICE_X5Y20          LUT5 (Prop_lut5_I2_O)        0.124     7.024 r  gen_phase13e.cpu_inst/ex_mem_reg[store_data][30]_i_3/O
                         net (fo=30, routed)          0.657     7.681    gen_phase13e.cpu_inst/ex_mem_reg[store_data][30]_i_3_n_0
    SLICE_X4Y21          LUT3 (Prop_lut3_I0_O)        0.124     7.805 r  gen_phase13e.cpu_inst/ex_mem_reg[store_data][30]_i_6/O
                         net (fo=32, routed)          0.961     8.766    gen_phase13e.cpu_inst/ex_mem_reg[store_data][30]_i_6_n_0
    SLICE_X4Y20          LUT4 (Prop_lut4_I2_O)        0.124     8.890 f  gen_phase13e.cpu_inst/ex_mem_reg[store_data][16]_i_3/O
                         net (fo=1, routed)           0.679     9.569    gen_phase13e.cpu_inst/data_mem_inst/ex_mem_reg_reg[store_data][16]
    SLICE_X7Y22          LUT6 (Prop_lut6_I1_O)        0.124     9.693 r  gen_phase13e.cpu_inst/data_mem_inst/ex_mem_reg[store_data][16]_i_2/O
                         net (fo=6, routed)           0.785    10.478    gen_phase13e.cpu_inst/data_mem_inst/ex_mem_reg_reg[alu_result][31][16]
    SLICE_X8Y22          LUT6 (Prop_lut6_I1_O)        0.124    10.602 r  gen_phase13e.cpu_inst/data_mem_inst/redirect_pending_valid_i_10/O
                         net (fo=1, routed)           0.000    10.602    gen_phase13e.cpu_inst/data_mem_inst/redirect_pending_valid_i_10_n_0
    SLICE_X8Y22          CARRY4 (Prop_carry4_S[1]_CO[3])
                                                      0.533    11.135 r  gen_phase13e.cpu_inst/data_mem_inst/redirect_pending_valid_reg_i_3/CO[3]
                         net (fo=1, routed)           0.000    11.135    gen_phase13e.cpu_inst/data_mem_inst/redirect_pending_valid_reg_i_3_n_0
    SLICE_X8Y23          CARRY4 (Prop_carry4_CI_CO[2])
                                                      0.229    11.364 f  gen_phase13e.cpu_inst/data_mem_inst/redirect_pending_valid_reg_i_2/CO[2]
                         net (fo=41, routed)          0.518    11.881    gen_phase13e.cpu_inst/data_mem_inst/ex_branch_taken040_in
    SLICE_X9Y25          LUT6 (Prop_lut6_I4_O)        0.310    12.191 r  gen_phase13e.cpu_inst/data_mem_inst/id_ex_reg[imm_ext][12]_i_2/O
                         net (fo=5, routed)           0.288    12.480    gen_phase13e.cpu_inst/data_mem_inst/id_ex_reg[imm_ext][12]_i_2_n_0
    SLICE_X9Y25          LUT2 (Prop_lut2_I0_O)        0.124    12.604 r  gen_phase13e.cpu_inst/data_mem_inst/id_ex_reg[imm_ext][12]_i_1/O
                         net (fo=130, routed)         0.807    13.411    gen_phase13e.cpu_inst/data_mem_inst/sw_sync_reg[0][0]
    SLICE_X13Y23         LUT6 (Prop_lut6_I5_O)        0.124    13.535 r  gen_phase13e.cpu_inst/data_mem_inst/id_ex_reg[operand_a][31]_i_1/O
                         net (fo=32, routed)          0.745    14.280    gen_phase13e.cpu_inst/data_mem_inst_n_80
    SLICE_X15Y23         FDRE                                         r  gen_phase13e.cpu_inst/id_ex_reg_reg[operand_a][4]/R
  -------------------------------------------------------------------    -------------------

                         (clock sys_clk_pin rise edge)
                                                     10.000    10.000 r  <hidden>
                         propagated clock network latency
                                                      4.776    14.776    <hidden>
                         clock pessimism              0.260    15.036    <hidden>
                         clock uncertainty           -0.035    15.001    <hidden>
    SLICE_X15Y23         FDRE (Setup_fdre_C_R)       -0.429    14.572    gen_phase13e.cpu_inst/id_ex_reg_reg[operand_a][4]
  -------------------------------------------------------------------
                         required time                         14.572    <hidden>
                         arrival time                         -14.280    <hidden>
  -------------------------------------------------------------------
                         slack                                  0.292    <hidden>

Slack (MET) :             0.302ns  (required time - arrival time)
  Source:                 gen_phase13e.cpu_inst/mem_wb_reg_reg[rd][2]/C
                            (rising edge-triggered cell FDRE clocked by sys_clk_pin  {rise@0.000ns fall@5.000ns period=10.000ns})
  Destination:            gen_phase13e.cpu_inst/id_ex_reg_reg[operand_a][10]/R
                            (rising edge-triggered cell FDRE clocked by sys_clk_pin  {rise@0.000ns fall@5.000ns period=10.000ns})
  Path Group:             sys_clk_pin
  Path Type:              Setup (Max at Slow Process Corner)
  Requirement:            10.000ns  (sys_clk_pin rise@10.000ns - sys_clk_pin rise@0.000ns)
  Data Path Delay:        9.130ns  (logic 2.520ns (27.602%)  route 6.610ns (72.398%))
  Logic Levels:           11  (CARRY4=2 LUT2=1 LUT3=1 LUT4=1 LUT5=1 LUT6=5)
  Clock Path Skew:        -0.104ns (DCD - SCD + CPR)
    Destination Clock Delay (DCD):    4.779ns = ( 14.779 - 10.000 ) 
    Source Clock Delay      (SCD):    5.143ns
    Clock Pessimism Removal (CPR):    0.260ns
  Clock Uncertainty:      0.035ns  ((TSJ^2 + TIJ^2)^1/2 + DJ) / 2 + PE
    Total System Jitter     (TSJ):    0.071ns
    Total Input Jitter      (TIJ):    0.000ns
    Discrete Jitter          (DJ):    0.000ns
    Phase Error              (PE):    0.000ns

    Location             Delay type                Incr(ns)  Path(ns)    Netlist Resource(s)
  -------------------------------------------------------------------    -------------------
                         (clock sys_clk_pin rise edge)
                                                      0.000     0.000 r  <hidden>
                         propagated clock network latency
                                                      5.143     5.143    <hidden>
    SLICE_X4Y20          FDRE                         0.000     5.143 r  gen_phase13e.cpu_inst/mem_wb_reg_reg[rd][2]/C
    SLICE_X4Y20          FDRE (Prop_fdre_C_Q)         0.456     5.599 r  gen_phase13e.cpu_inst/mem_wb_reg_reg[rd][2]/Q
                         net (fo=36, routed)          1.028     6.627    gen_phase13e.cpu_inst/mem_wb_reg_reg[rd][2]
    SLICE_X5Y20          LUT6 (Prop_lut6_I2_O)        0.124     6.751 f  gen_phase13e.cpu_inst/ex_mem_reg[store_data][30]_i_7/O
                         net (fo=1, routed)           0.149     6.900    gen_phase13e.cpu_inst/ex_mem_reg[store_data][30]_i_7_n_0
    SLICE_X5Y20          LUT5 (Prop_lut5_I2_O)        0.124     7.024 r  gen_phase13e.cpu_inst/ex_mem_reg[store_data][30]_i_3/O
                         net (fo=30, routed)          0.657     7.681    gen_phase13e.cpu_inst/ex_mem_reg[store_data][30]_i_3_n_0
    SLICE_X4Y21          LUT3 (Prop_lut3_I0_O)        0.124     7.805 r  gen_phase13e.cpu_inst/ex_mem_reg[store_data][30]_i_6/O
                         net (fo=32, routed)          0.961     8.766    gen_phase13e.cpu_inst/ex_mem_reg[store_data][30]_i_6_n_0
    SLICE_X4Y20          LUT4 (Prop_lut4_I2_O)        0.124     8.890 f  gen_phase13e.cpu_inst/ex_mem_reg[store_data][16]_i_3/O
                         net (fo=1, routed)           0.679     9.569    gen_phase13e.cpu_inst/data_mem_inst/ex_mem_reg_reg[store_data][16]
    SLICE_X7Y22          LUT6 (Prop_lut6_I1_O)        0.124     9.693 r  gen_phase13e.cpu_inst/data_mem_inst/ex_mem_reg[store_data][16]_i_2/O
                         net (fo=6, routed)           0.785    10.478    gen_phase13e.cpu_inst/data_mem_inst/ex_mem_reg_reg[alu_result][31][16]
    SLICE_X8Y22          LUT6 (Prop_lut6_I1_O)        0.124    10.602 r  gen_phase13e.cpu_inst/data_mem_inst/redirect_pending_valid_i_10/O
                         net (fo=1, routed)           0.000    10.602    gen_phase13e.cpu_inst/data_mem_inst/redirect_pending_valid_i_10_n_0
    SLICE_X8Y22          CARRY4 (Prop_carry4_S[1]_CO[3])
                                                      0.533    11.135 r  gen_phase13e.cpu_inst/data_mem_inst/redirect_pending_valid_reg_i_3/CO[3]
                         net (fo=1, routed)           0.000    11.135    gen_phase13e.cpu_inst/data_mem_inst/redirect_pending_valid_reg_i_3_n_0
    SLICE_X8Y23          CARRY4 (Prop_carry4_CI_CO[2])
                                                      0.229    11.364 f  gen_phase13e.cpu_inst/data_mem_inst/redirect_pending_valid_reg_i_2/CO[2]
                         net (fo=41, routed)          0.518    11.881    gen_phase13e.cpu_inst/data_mem_inst/ex_branch_taken040_in
    SLICE_X9Y25          LUT6 (Prop_lut6_I4_O)        0.310    12.191 r  gen_phase13e.cpu_inst/data_mem_inst/id_ex_reg[imm_ext][12]_i_2/O
                         net (fo=5, routed)           0.288    12.480    gen_phase13e.cpu_inst/data_mem_inst/id_ex_reg[imm_ext][12]_i_2_n_0
    SLICE_X9Y25          LUT2 (Prop_lut2_I0_O)        0.124    12.604 r  gen_phase13e.cpu_inst/data_mem_inst/id_ex_reg[imm_ext][12]_i_1/O
                         net (fo=130, routed)         0.807    13.411    gen_phase13e.cpu_inst/data_mem_inst/sw_sync_reg[0][0]
    SLICE_X13Y23         LUT6 (Prop_lut6_I5_O)        0.124    13.535 r  gen_phase13e.cpu_inst/data_mem_inst/id_ex_reg[operand_a][31]_i_1/O
                         net (fo=32, routed)          0.738    14.273    gen_phase13e.cpu_inst/data_mem_inst_n_80
    SLICE_X13Y21         FDRE                                         r  gen_phase13e.cpu_inst/id_ex_reg_reg[operand_a][10]/R
  -------------------------------------------------------------------    -------------------

                         (clock sys_clk_pin rise edge)
                                                     10.000    10.000 r  <hidden>
                         propagated clock network latency
                                                      4.779    14.779    <hidden>
                         clock pessimism              0.260    15.039    <hidden>
                         clock uncertainty           -0.035    15.004    <hidden>
    SLICE_X13Y21         FDRE (Setup_fdre_C_R)       -0.429    14.575    gen_phase13e.cpu_inst/id_ex_reg_reg[operand_a][10]
  -------------------------------------------------------------------
                         required time                         14.575    <hidden>
                         arrival time                         -14.273    <hidden>
  -------------------------------------------------------------------
                         slack                                  0.302    <hidden>

Slack (MET) :             0.302ns  (required time - arrival time)
  Source:                 gen_phase13e.cpu_inst/mem_wb_reg_reg[rd][2]/C
                            (rising edge-triggered cell FDRE clocked by sys_clk_pin  {rise@0.000ns fall@5.000ns period=10.000ns})
  Destination:            gen_phase13e.cpu_inst/id_ex_reg_reg[operand_a][12]/R
                            (rising edge-triggered cell FDRE clocked by sys_clk_pin  {rise@0.000ns fall@5.000ns period=10.000ns})
  Path Group:             sys_clk_pin
  Path Type:              Setup (Max at Slow Process Corner)
  Requirement:            10.000ns  (sys_clk_pin rise@10.000ns - sys_clk_pin rise@0.000ns)
  Data Path Delay:        9.130ns  (logic 2.520ns (27.602%)  route 6.610ns (72.398%))
  Logic Levels:           11  (CARRY4=2 LUT2=1 LUT3=1 LUT4=1 LUT5=1 LUT6=5)
  Clock Path Skew:        -0.104ns (DCD - SCD + CPR)
    Destination Clock Delay (DCD):    4.779ns = ( 14.779 - 10.000 ) 
    Source Clock Delay      (SCD):    5.143ns
    Clock Pessimism Removal (CPR):    0.260ns
  Clock Uncertainty:      0.035ns  ((TSJ^2 + TIJ^2)^1/2 + DJ) / 2 + PE
    Total System Jitter     (TSJ):    0.071ns
    Total Input Jitter      (TIJ):    0.000ns
    Discrete Jitter          (DJ):    0.000ns
    Phase Error              (PE):    0.000ns

    Location             Delay type                Incr(ns)  Path(ns)    Netlist Resource(s)
  -------------------------------------------------------------------    -------------------
                         (clock sys_clk_pin rise edge)
                                                      0.000     0.000 r  <hidden>
                         propagated clock network latency
                                                      5.143     5.143    <hidden>
    SLICE_X4Y20          FDRE                         0.000     5.143 r  gen_phase13e.cpu_inst/mem_wb_reg_reg[rd][2]/C
    SLICE_X4Y20          FDRE (Prop_fdre_C_Q)         0.456     5.599 r  gen_phase13e.cpu_inst/mem_wb_reg_reg[rd][2]/Q
                         net (fo=36, routed)          1.028     6.627    gen_phase13e.cpu_inst/mem_wb_reg_reg[rd][2]
    SLICE_X5Y20          LUT6 (Prop_lut6_I2_O)        0.124     6.751 f  gen_phase13e.cpu_inst/ex_mem_reg[store_data][30]_i_7/O
                         net (fo=1, routed)           0.149     6.900    gen_phase13e.cpu_inst/ex_mem_reg[store_data][30]_i_7_n_0
    SLICE_X5Y20          LUT5 (Prop_lut5_I2_O)        0.124     7.024 r  gen_phase13e.cpu_inst/ex_mem_reg[store_data][30]_i_3/O
                         net (fo=30, routed)          0.657     7.681    gen_phase13e.cpu_inst/ex_mem_reg[store_data][30]_i_3_n_0
    SLICE_X4Y21          LUT3 (Prop_lut3_I0_O)        0.124     7.805 r  gen_phase13e.cpu_inst/ex_mem_reg[store_data][30]_i_6/O
                         net (fo=32, routed)          0.961     8.766    gen_phase13e.cpu_inst/ex_mem_reg[store_data][30]_i_6_n_0
    SLICE_X4Y20          LUT4 (Prop_lut4_I2_O)        0.124     8.890 f  gen_phase13e.cpu_inst/ex_mem_reg[store_data][16]_i_3/O
                         net (fo=1, routed)           0.679     9.569    gen_phase13e.cpu_inst/data_mem_inst/ex_mem_reg_reg[store_data][16]
    SLICE_X7Y22          LUT6 (Prop_lut6_I1_O)        0.124     9.693 r  gen_phase13e.cpu_inst/data_mem_inst/ex_mem_reg[store_data][16]_i_2/O
                         net (fo=6, routed)           0.785    10.478    gen_phase13e.cpu_inst/data_mem_inst/ex_mem_reg_reg[alu_result][31][16]
    SLICE_X8Y22          LUT6 (Prop_lut6_I1_O)        0.124    10.602 r  gen_phase13e.cpu_inst/data_mem_inst/redirect_pending_valid_i_10/O
                         net (fo=1, routed)           0.000    10.602    gen_phase13e.cpu_inst/data_mem_inst/redirect_pending_valid_i_10_n_0
    SLICE_X8Y22          CARRY4 (Prop_carry4_S[1]_CO[3])
                                                      0.533    11.135 r  gen_phase13e.cpu_inst/data_mem_inst/redirect_pending_valid_reg_i_3/CO[3]
                         net (fo=1, routed)           0.000    11.135    gen_phase13e.cpu_inst/data_mem_inst/redirect_pending_valid_reg_i_3_n_0
    SLICE_X8Y23          CARRY4 (Prop_carry4_CI_CO[2])
                                                      0.229    11.364 f  gen_phase13e.cpu_inst/data_mem_inst/redirect_pending_valid_reg_i_2/CO[2]
                         net (fo=41, routed)          0.518    11.881    gen_phase13e.cpu_inst/data_mem_inst/ex_branch_taken040_in
    SLICE_X9Y25          LUT6 (Prop_lut6_I4_O)        0.310    12.191 r  gen_phase13e.cpu_inst/data_mem_inst/id_ex_reg[imm_ext][12]_i_2/O
                         net (fo=5, routed)           0.288    12.480    gen_phase13e.cpu_inst/data_mem_inst/id_ex_reg[imm_ext][12]_i_2_n_0
    SLICE_X9Y25          LUT2 (Prop_lut2_I0_O)        0.124    12.604 r  gen_phase13e.cpu_inst/data_mem_inst/id_ex_reg[imm_ext][12]_i_1/O
                         net (fo=130, routed)         0.807    13.411    gen_phase13e.cpu_inst/data_mem_inst/sw_sync_reg[0][0]
    SLICE_X13Y23         LUT6 (Prop_lut6_I5_O)        0.124    13.535 r  gen_phase13e.cpu_inst/data_mem_inst/id_ex_reg[operand_a][31]_i_1/O
                         net (fo=32, routed)          0.738    14.273    gen_phase13e.cpu_inst/data_mem_inst_n_80
    SLICE_X13Y21         FDRE                                         r  gen_phase13e.cpu_inst/id_ex_reg_reg[operand_a][12]/R
  -------------------------------------------------------------------    -------------------

                         (clock sys_clk_pin rise edge)
                                                     10.000    10.000 r  <hidden>
                         propagated clock network latency
                                                      4.779    14.779    <hidden>
                         clock pessimism              0.260    15.039    <hidden>
                         clock uncertainty           -0.035    15.004    <hidden>
    SLICE_X13Y21         FDRE (Setup_fdre_C_R)       -0.429    14.575    gen_phase13e.cpu_inst/id_ex_reg_reg[operand_a][12]
  -------------------------------------------------------------------
                         required time                         14.575    <hidden>
                         arrival time                         -14.273    <hidden>
  -------------------------------------------------------------------
                         slack                                  0.302    <hidden>

Slack (MET) :             0.302ns  (required time - arrival time)
  Source:                 gen_phase13e.cpu_inst/mem_wb_reg_reg[rd][2]/C
                            (rising edge-triggered cell FDRE clocked by sys_clk_pin  {rise@0.000ns fall@5.000ns period=10.000ns})
  Destination:            gen_phase13e.cpu_inst/id_ex_reg_reg[operand_a][14]/R
                            (rising edge-triggered cell FDRE clocked by sys_clk_pin  {rise@0.000ns fall@5.000ns period=10.000ns})
  Path Group:             sys_clk_pin
  Path Type:              Setup (Max at Slow Process Corner)
  Requirement:            10.000ns  (sys_clk_pin rise@10.000ns - sys_clk_pin rise@0.000ns)
  Data Path Delay:        9.130ns  (logic 2.520ns (27.602%)  route 6.610ns (72.398%))
  Logic Levels:           11  (CARRY4=2 LUT2=1 LUT3=1 LUT4=1 LUT5=1 LUT6=5)
  Clock Path Skew:        -0.104ns (DCD - SCD + CPR)
    Destination Clock Delay (DCD):    4.779ns = ( 14.779 - 10.000 ) 
    Source Clock Delay      (SCD):    5.143ns
    Clock Pessimism Removal (CPR):    0.260ns
  Clock Uncertainty:      0.035ns  ((TSJ^2 + TIJ^2)^1/2 + DJ) / 2 + PE
    Total System Jitter     (TSJ):    0.071ns
    Total Input Jitter      (TIJ):    0.000ns
    Discrete Jitter          (DJ):    0.000ns
    Phase Error              (PE):    0.000ns

    Location             Delay type                Incr(ns)  Path(ns)    Netlist Resource(s)
  -------------------------------------------------------------------    -------------------
                         (clock sys_clk_pin rise edge)
                                                      0.000     0.000 r  <hidden>
                         propagated clock network latency
                                                      5.143     5.143    <hidden>
    SLICE_X4Y20          FDRE                         0.000     5.143 r  gen_phase13e.cpu_inst/mem_wb_reg_reg[rd][2]/C
    SLICE_X4Y20          FDRE (Prop_fdre_C_Q)         0.456     5.599 r  gen_phase13e.cpu_inst/mem_wb_reg_reg[rd][2]/Q
                         net (fo=36, routed)          1.028     6.627    gen_phase13e.cpu_inst/mem_wb_reg_reg[rd][2]
    SLICE_X5Y20          LUT6 (Prop_lut6_I2_O)        0.124     6.751 f  gen_phase13e.cpu_inst/ex_mem_reg[store_data][30]_i_7/O
                         net (fo=1, routed)           0.149     6.900    gen_phase13e.cpu_inst/ex_mem_reg[store_data][30]_i_7_n_0
    SLICE_X5Y20          LUT5 (Prop_lut5_I2_O)        0.124     7.024 r  gen_phase13e.cpu_inst/ex_mem_reg[store_data][30]_i_3/O
                         net (fo=30, routed)          0.657     7.681    gen_phase13e.cpu_inst/ex_mem_reg[store_data][30]_i_3_n_0
    SLICE_X4Y21          LUT3 (Prop_lut3_I0_O)        0.124     7.805 r  gen_phase13e.cpu_inst/ex_mem_reg[store_data][30]_i_6/O
                         net (fo=32, routed)          0.961     8.766    gen_phase13e.cpu_inst/ex_mem_reg[store_data][30]_i_6_n_0
    SLICE_X4Y20          LUT4 (Prop_lut4_I2_O)        0.124     8.890 f  gen_phase13e.cpu_inst/ex_mem_reg[store_data][16]_i_3/O
                         net (fo=1, routed)           0.679     9.569    gen_phase13e.cpu_inst/data_mem_inst/ex_mem_reg_reg[store_data][16]
    SLICE_X7Y22          LUT6 (Prop_lut6_I1_O)        0.124     9.693 r  gen_phase13e.cpu_inst/data_mem_inst/ex_mem_reg[store_data][16]_i_2/O
                         net (fo=6, routed)           0.785    10.478    gen_phase13e.cpu_inst/data_mem_inst/ex_mem_reg_reg[alu_result][31][16]
    SLICE_X8Y22          LUT6 (Prop_lut6_I1_O)        0.124    10.602 r  gen_phase13e.cpu_inst/data_mem_inst/redirect_pending_valid_i_10/O
                         net (fo=1, routed)           0.000    10.602    gen_phase13e.cpu_inst/data_mem_inst/redirect_pending_valid_i_10_n_0
    SLICE_X8Y22          CARRY4 (Prop_carry4_S[1]_CO[3])
                                                      0.533    11.135 r  gen_phase13e.cpu_inst/data_mem_inst/redirect_pending_valid_reg_i_3/CO[3]
                         net (fo=1, routed)           0.000    11.135    gen_phase13e.cpu_inst/data_mem_inst/redirect_pending_valid_reg_i_3_n_0
    SLICE_X8Y23          CARRY4 (Prop_carry4_CI_CO[2])
                                                      0.229    11.364 f  gen_phase13e.cpu_inst/data_mem_inst/redirect_pending_valid_reg_i_2/CO[2]
                         net (fo=41, routed)          0.518    11.881    gen_phase13e.cpu_inst/data_mem_inst/ex_branch_taken040_in
    SLICE_X9Y25          LUT6 (Prop_lut6_I4_O)        0.310    12.191 r  gen_phase13e.cpu_inst/data_mem_inst/id_ex_reg[imm_ext][12]_i_2/O
                         net (fo=5, routed)           0.288    12.480    gen_phase13e.cpu_inst/data_mem_inst/id_ex_reg[imm_ext][12]_i_2_n_0
    SLICE_X9Y25          LUT2 (Prop_lut2_I0_O)        0.124    12.604 r  gen_phase13e.cpu_inst/data_mem_inst/id_ex_reg[imm_ext][12]_i_1/O
                         net (fo=130, routed)         0.807    13.411    gen_phase13e.cpu_inst/data_mem_inst/sw_sync_reg[0][0]
    SLICE_X13Y23         LUT6 (Prop_lut6_I5_O)        0.124    13.535 r  gen_phase13e.cpu_inst/data_mem_inst/id_ex_reg[operand_a][31]_i_1/O
                         net (fo=32, routed)          0.738    14.273    gen_phase13e.cpu_inst/data_mem_inst_n_80
    SLICE_X13Y21         FDRE                                         r  gen_phase13e.cpu_inst/id_ex_reg_reg[operand_a][14]/R
  -------------------------------------------------------------------    -------------------

                         (clock sys_clk_pin rise edge)
                                                     10.000    10.000 r  <hidden>
                         propagated clock network latency
                                                      4.779    14.779    <hidden>
                         clock pessimism              0.260    15.039    <hidden>
                         clock uncertainty           -0.035    15.004    <hidden>
    SLICE_X13Y21         FDRE (Setup_fdre_C_R)       -0.429    14.575    gen_phase13e.cpu_inst/id_ex_reg_reg[operand_a][14]
  -------------------------------------------------------------------
                         required time                         14.575    <hidden>
                         arrival time                         -14.273    <hidden>
  -------------------------------------------------------------------
                         slack                                  0.302    <hidden>

Slack (MET) :             0.302ns  (required time - arrival time)
  Source:                 gen_phase13e.cpu_inst/mem_wb_reg_reg[rd][2]/C
                            (rising edge-triggered cell FDRE clocked by sys_clk_pin  {rise@0.000ns fall@5.000ns period=10.000ns})
  Destination:            gen_phase13e.cpu_inst/id_ex_reg_reg[operand_a][1]/R
                            (rising edge-triggered cell FDRE clocked by sys_clk_pin  {rise@0.000ns fall@5.000ns period=10.000ns})
  Path Group:             sys_clk_pin
  Path Type:              Setup (Max at Slow Process Corner)
  Requirement:            10.000ns  (sys_clk_pin rise@10.000ns - sys_clk_pin rise@0.000ns)
  Data Path Delay:        9.130ns  (logic 2.520ns (27.602%)  route 6.610ns (72.398%))
  Logic Levels:           11  (CARRY4=2 LUT2=1 LUT3=1 LUT4=1 LUT5=1 LUT6=5)
  Clock Path Skew:        -0.104ns (DCD - SCD + CPR)
    Destination Clock Delay (DCD):    4.779ns = ( 14.779 - 10.000 ) 
    Source Clock Delay      (SCD):    5.143ns
    Clock Pessimism Removal (CPR):    0.260ns
  Clock Uncertainty:      0.035ns  ((TSJ^2 + TIJ^2)^1/2 + DJ) / 2 + PE
    Total System Jitter     (TSJ):    0.071ns
    Total Input Jitter      (TIJ):    0.000ns
    Discrete Jitter          (DJ):    0.000ns
    Phase Error              (PE):    0.000ns

    Location             Delay type                Incr(ns)  Path(ns)    Netlist Resource(s)
  -------------------------------------------------------------------    -------------------
                         (clock sys_clk_pin rise edge)
                                                      0.000     0.000 r  <hidden>
                         propagated clock network latency
                                                      5.143     5.143    <hidden>
    SLICE_X4Y20          FDRE                         0.000     5.143 r  gen_phase13e.cpu_inst/mem_wb_reg_reg[rd][2]/C
    SLICE_X4Y20          FDRE (Prop_fdre_C_Q)         0.456     5.599 r  gen_phase13e.cpu_inst/mem_wb_reg_reg[rd][2]/Q
                         net (fo=36, routed)          1.028     6.627    gen_phase13e.cpu_inst/mem_wb_reg_reg[rd][2]
    SLICE_X5Y20          LUT6 (Prop_lut6_I2_O)        0.124     6.751 f  gen_phase13e.cpu_inst/ex_mem_reg[store_data][30]_i_7/O
                         net (fo=1, routed)           0.149     6.900    gen_phase13e.cpu_inst/ex_mem_reg[store_data][30]_i_7_n_0
    SLICE_X5Y20          LUT5 (Prop_lut5_I2_O)        0.124     7.024 r  gen_phase13e.cpu_inst/ex_mem_reg[store_data][30]_i_3/O
                         net (fo=30, routed)          0.657     7.681    gen_phase13e.cpu_inst/ex_mem_reg[store_data][30]_i_3_n_0
    SLICE_X4Y21          LUT3 (Prop_lut3_I0_O)        0.124     7.805 r  gen_phase13e.cpu_inst/ex_mem_reg[store_data][30]_i_6/O
                         net (fo=32, routed)          0.961     8.766    gen_phase13e.cpu_inst/ex_mem_reg[store_data][30]_i_6_n_0
    SLICE_X4Y20          LUT4 (Prop_lut4_I2_O)        0.124     8.890 f  gen_phase13e.cpu_inst/ex_mem_reg[store_data][16]_i_3/O
                         net (fo=1, routed)           0.679     9.569    gen_phase13e.cpu_inst/data_mem_inst/ex_mem_reg_reg[store_data][16]
    SLICE_X7Y22          LUT6 (Prop_lut6_I1_O)        0.124     9.693 r  gen_phase13e.cpu_inst/data_mem_inst/ex_mem_reg[store_data][16]_i_2/O
                         net (fo=6, routed)           0.785    10.478    gen_phase13e.cpu_inst/data_mem_inst/ex_mem_reg_reg[alu_result][31][16]
    SLICE_X8Y22          LUT6 (Prop_lut6_I1_O)        0.124    10.602 r  gen_phase13e.cpu_inst/data_mem_inst/redirect_pending_valid_i_10/O
                         net (fo=1, routed)           0.000    10.602    gen_phase13e.cpu_inst/data_mem_inst/redirect_pending_valid_i_10_n_0
    SLICE_X8Y22          CARRY4 (Prop_carry4_S[1]_CO[3])
                                                      0.533    11.135 r  gen_phase13e.cpu_inst/data_mem_inst/redirect_pending_valid_reg_i_3/CO[3]
                         net (fo=1, routed)           0.000    11.135    gen_phase13e.cpu_inst/data_mem_inst/redirect_pending_valid_reg_i_3_n_0
    SLICE_X8Y23          CARRY4 (Prop_carry4_CI_CO[2])
                                                      0.229    11.364 f  gen_phase13e.cpu_inst/data_mem_inst/redirect_pending_valid_reg_i_2/CO[2]
                         net (fo=41, routed)          0.518    11.881    gen_phase13e.cpu_inst/data_mem_inst/ex_branch_taken040_in
    SLICE_X9Y25          LUT6 (Prop_lut6_I4_O)        0.310    12.191 r  gen_phase13e.cpu_inst/data_mem_inst/id_ex_reg[imm_ext][12]_i_2/O
                         net (fo=5, routed)           0.288    12.480    gen_phase13e.cpu_inst/data_mem_inst/id_ex_reg[imm_ext][12]_i_2_n_0
    SLICE_X9Y25          LUT2 (Prop_lut2_I0_O)        0.124    12.604 r  gen_phase13e.cpu_inst/data_mem_inst/id_ex_reg[imm_ext][12]_i_1/O
                         net (fo=130, routed)         0.807    13.411    gen_phase13e.cpu_inst/data_mem_inst/sw_sync_reg[0][0]
    SLICE_X13Y23         LUT6 (Prop_lut6_I5_O)        0.124    13.535 r  gen_phase13e.cpu_inst/data_mem_inst/id_ex_reg[operand_a][31]_i_1/O
                         net (fo=32, routed)          0.738    14.273    gen_phase13e.cpu_inst/data_mem_inst_n_80
    SLICE_X13Y21         FDRE                                         r  gen_phase13e.cpu_inst/id_ex_reg_reg[operand_a][1]/R
  -------------------------------------------------------------------    -------------------

                         (clock sys_clk_pin rise edge)
                                                     10.000    10.000 r  <hidden>
                         propagated clock network latency
                                                      4.779    14.779    <hidden>
                         clock pessimism              0.260    15.039    <hidden>
                         clock uncertainty           -0.035    15.004    <hidden>
    SLICE_X13Y21         FDRE (Setup_fdre_C_R)       -0.429    14.575    gen_phase13e.cpu_inst/id_ex_reg_reg[operand_a][1]
  -------------------------------------------------------------------
                         required time                         14.575    <hidden>
                         arrival time                         -14.273    <hidden>
  -------------------------------------------------------------------
                         slack                                  0.302    <hidden>

Slack (MET) :             0.320ns  (required time - arrival time)
  Source:                 gen_phase13e.cpu_inst/mem_wb_reg_reg[rd][2]/C
                            (rising edge-triggered cell FDRE clocked by sys_clk_pin  {rise@0.000ns fall@5.000ns period=10.000ns})
  Destination:            gen_phase13e.cpu_inst/id_ex_reg_reg[operand_a][15]/R
                            (rising edge-triggered cell FDRE clocked by sys_clk_pin  {rise@0.000ns fall@5.000ns period=10.000ns})
  Path Group:             sys_clk_pin
  Path Type:              Setup (Max at Slow Process Corner)
  Requirement:            10.000ns  (sys_clk_pin rise@10.000ns - sys_clk_pin rise@0.000ns)
  Data Path Delay:        9.109ns  (logic 2.520ns (27.665%)  route 6.589ns (72.335%))
  Logic Levels:           11  (CARRY4=2 LUT2=1 LUT3=1 LUT4=1 LUT5=1 LUT6=5)
  Clock Path Skew:        -0.107ns (DCD - SCD + CPR)
    Destination Clock Delay (DCD):    4.776ns = ( 14.776 - 10.000 ) 
    Source Clock Delay      (SCD):    5.143ns
    Clock Pessimism Removal (CPR):    0.260ns
  Clock Uncertainty:      0.035ns  ((TSJ^2 + TIJ^2)^1/2 + DJ) / 2 + PE
    Total System Jitter     (TSJ):    0.071ns
    Total Input Jitter      (TIJ):    0.000ns
    Discrete Jitter          (DJ):    0.000ns
    Phase Error              (PE):    0.000ns

    Location             Delay type                Incr(ns)  Path(ns)    Netlist Resource(s)
  -------------------------------------------------------------------    -------------------
                         (clock sys_clk_pin rise edge)
                                                      0.000     0.000 r  <hidden>
                         propagated clock network latency
                                                      5.143     5.143    <hidden>
    SLICE_X4Y20          FDRE                         0.000     5.143 r  gen_phase13e.cpu_inst/mem_wb_reg_reg[rd][2]/C
    SLICE_X4Y20          FDRE (Prop_fdre_C_Q)         0.456     5.599 r  gen_phase13e.cpu_inst/mem_wb_reg_reg[rd][2]/Q
                         net (fo=36, routed)          1.028     6.627    gen_phase13e.cpu_inst/mem_wb_reg_reg[rd][2]
    SLICE_X5Y20          LUT6 (Prop_lut6_I2_O)        0.124     6.751 f  gen_phase13e.cpu_inst/ex_mem_reg[store_data][30]_i_7/O
                         net (fo=1, routed)           0.149     6.900    gen_phase13e.cpu_inst/ex_mem_reg[store_data][30]_i_7_n_0
    SLICE_X5Y20          LUT5 (Prop_lut5_I2_O)        0.124     7.024 r  gen_phase13e.cpu_inst/ex_mem_reg[store_data][30]_i_3/O
                         net (fo=30, routed)          0.657     7.681    gen_phase13e.cpu_inst/ex_mem_reg[store_data][30]_i_3_n_0
    SLICE_X4Y21          LUT3 (Prop_lut3_I0_O)        0.124     7.805 r  gen_phase13e.cpu_inst/ex_mem_reg[store_data][30]_i_6/O
                         net (fo=32, routed)          0.961     8.766    gen_phase13e.cpu_inst/ex_mem_reg[store_data][30]_i_6_n_0
    SLICE_X4Y20          LUT4 (Prop_lut4_I2_O)        0.124     8.890 f  gen_phase13e.cpu_inst/ex_mem_reg[store_data][16]_i_3/O
                         net (fo=1, routed)           0.679     9.569    gen_phase13e.cpu_inst/data_mem_inst/ex_mem_reg_reg[store_data][16]
    SLICE_X7Y22          LUT6 (Prop_lut6_I1_O)        0.124     9.693 r  gen_phase13e.cpu_inst/data_mem_inst/ex_mem_reg[store_data][16]_i_2/O
                         net (fo=6, routed)           0.785    10.478    gen_phase13e.cpu_inst/data_mem_inst/ex_mem_reg_reg[alu_result][31][16]
    SLICE_X8Y22          LUT6 (Prop_lut6_I1_O)        0.124    10.602 r  gen_phase13e.cpu_inst/data_mem_inst/redirect_pending_valid_i_10/O
                         net (fo=1, routed)           0.000    10.602    gen_phase13e.cpu_inst/data_mem_inst/redirect_pending_valid_i_10_n_0
    SLICE_X8Y22          CARRY4 (Prop_carry4_S[1]_CO[3])
                                                      0.533    11.135 r  gen_phase13e.cpu_inst/data_mem_inst/redirect_pending_valid_reg_i_3/CO[3]
                         net (fo=1, routed)           0.000    11.135    gen_phase13e.cpu_inst/data_mem_inst/redirect_pending_valid_reg_i_3_n_0
    SLICE_X8Y23          CARRY4 (Prop_carry4_CI_CO[2])
                                                      0.229    11.364 f  gen_phase13e.cpu_inst/data_mem_inst/redirect_pending_valid_reg_i_2/CO[2]
                         net (fo=41, routed)          0.518    11.881    gen_phase13e.cpu_inst/data_mem_inst/ex_branch_taken040_in
    SLICE_X9Y25          LUT6 (Prop_lut6_I4_O)        0.310    12.191 r  gen_phase13e.cpu_inst/data_mem_inst/id_ex_reg[imm_ext][12]_i_2/O
                         net (fo=5, routed)           0.288    12.480    gen_phase13e.cpu_inst/data_mem_inst/id_ex_reg[imm_ext][12]_i_2_n_0
    SLICE_X9Y25          LUT2 (Prop_lut2_I0_O)        0.124    12.604 r  gen_phase13e.cpu_inst/data_mem_inst/id_ex_reg[imm_ext][12]_i_1/O
                         net (fo=130, routed)         0.807    13.411    gen_phase13e.cpu_inst/data_mem_inst/sw_sync_reg[0][0]
    SLICE_X13Y23         LUT6 (Prop_lut6_I5_O)        0.124    13.535 r  gen_phase13e.cpu_inst/data_mem_inst/id_ex_reg[operand_a][31]_i_1/O
                         net (fo=32, routed)          0.717    14.252    gen_phase13e.cpu_inst/data_mem_inst_n_80
    SLICE_X9Y23          FDRE                                         r  gen_phase13e.cpu_inst/id_ex_reg_reg[operand_a][15]/R
  -------------------------------------------------------------------    -------------------

                         (clock sys_clk_pin rise edge)
                                                     10.000    10.000 r  <hidden>
                         propagated clock network latency
                                                      4.776    14.776    <hidden>
                         clock pessimism              0.260    15.036    <hidden>
                         clock uncertainty           -0.035    15.001    <hidden>
    SLICE_X9Y23          FDRE (Setup_fdre_C_R)       -0.429    14.572    gen_phase13e.cpu_inst/id_ex_reg_reg[operand_a][15]
  -------------------------------------------------------------------
                         required time                         14.572    <hidden>
                         arrival time                         -14.252    <hidden>
  -------------------------------------------------------------------
                         slack                                  0.320    <hidden>




