Copyright 1986-2022 Xilinx, Inc. All Rights Reserved. Copyright 2022-2026 Advanced Micro Devices, Inc. All Rights Reserved.
---------------------------------------------------------------------------------------------------------------------------------------------------------
| Tool Version : Vivado v.2026.1 (win64) Build 6511674 Tue Jun 16 11:02:23 MDT 2026
| Date         : Mon Jul 13 13:41:45 2026
| Host         : DESKTOP-4GB7DVJ running 64-bit major release  (build 9200)
| Command      : report_timing_summary -file reports/phase13i_strategy/fanout_opt_8p750ns/timing/fpga_top_pipeline_forwardtiming_impl_timing_summary.rpt
| Design       : fpga_top_pipeline_forwardtiming
| Device       : 7a35t-cpg236
| Speed File   : -1  PRODUCTION 1.23 2018-06-13
| Design State : Physopt postRoute
---------------------------------------------------------------------------------------------------------------------------------------------------------

Timing Summary Report

------------------------------------------------------------------------------------------------
| Timer Settings
| --------------
------------------------------------------------------------------------------------------------

  Enable Multi Corner Analysis               :  Yes
  Enable Pessimism Removal                   :  Yes
  Pessimism Removal Resolution               :  Nearest Common Node
  Enable Input Delay Default Clock           :  No
  Enable Preset / Clear Arcs                 :  No
  Disable Flight Delays                      :  No
  Ignore I/O Paths                           :  No
  Timing Early Launch at Borrowing Latches   :  No
  Borrow Time for Max Delay Exceptions       :  Yes
  Merge Timing Exceptions                    :  Yes
  Inter-SLR Compensation                     :  Conservative

  Corner  Analyze    Analyze    
  Name    Max Paths  Min Paths  
  ------  ---------  ---------  
  Slow    Yes        Yes        
  Fast    Yes        Yes        


------------------------------------------------------------------------------------------------
| Report Methodology
| ------------------
------------------------------------------------------------------------------------------------

No report available as report_methodology has not been run prior. Run report_methodology on the current design for the summary of methodology violations.



check_timing report

Table of Contents
-----------------
1. checking no_clock (0)
2. checking constant_clock (0)
3. checking pulse_width_clock (0)
4. checking unconstrained_internal_endpoints (0)
5. checking no_input_delay (2)
6. checking no_output_delay (16)
7. checking multiple_clock (0)
8. checking generated_clocks (0)
9. checking loops (0)
10. checking partial_input_delay (0)
11. checking partial_output_delay (0)
12. checking latch_loops (0)

1. checking no_clock (0)
------------------------
 There are 0 register/latch pins with no clock.


2. checking constant_clock (0)
------------------------------
 There are 0 register/latch pins with constant_clock.


3. checking pulse_width_clock (0)
---------------------------------
 There are 0 register/latch pins which need pulse_width check


4. checking unconstrained_internal_endpoints (0)
------------------------------------------------
 There are 0 pins that are not constrained for maximum delay.

 There are 0 pins that are not constrained for maximum delay due to constant clock.


5. checking no_input_delay (2)
------------------------------
 There are 2 input ports with no input delay specified. (HIGH)

 There are 0 input ports with no input delay but user has a false path constraint.


6. checking no_output_delay (16)
--------------------------------
 There are 16 ports with no output delay specified. (HIGH)

 There are 0 ports with no output delay but user has a false path constraint

 There are 0 ports with no output delay but with a timing clock defined on it or propagating through it


7. checking multiple_clock (0)
------------------------------
 There are 0 register/latch pins with multiple clocks.


8. checking generated_clocks (0)
--------------------------------
 There are 0 generated clocks that are not connected to a clock source.


9. checking loops (0)
---------------------
 There are 0 combinational loops in the design.


10. checking partial_input_delay (0)
------------------------------------
 There are 0 input ports with partial input delay specified.


11. checking partial_output_delay (0)
-------------------------------------
 There are 0 ports with partial output delay specified.


12. checking latch_loops (0)
----------------------------
 There are 0 combinational latch loops in the design through latch input



------------------------------------------------------------------------------------------------
| Design Timing Summary
| ---------------------
------------------------------------------------------------------------------------------------

    WNS(ns)      TNS(ns)  TNS Failing Endpoints  TNS Total Endpoints      WHS(ns)      THS(ns)  THS Failing Endpoints  THS Total Endpoints     WPWS(ns)     TPWS(ns)  TPWS Failing Endpoints  TPWS Total Endpoints  
    -------      -------  ---------------------  -------------------      -------      -------  ---------------------  -------------------     --------     --------  ----------------------  --------------------  
      0.012        0.000                      0                 3023        0.034        0.000                      0                 3023        3.875        0.000                       0                  1512  


All user specified timing constraints are met.


------------------------------------------------------------------------------------------------
| Clock Summary
| -------------
------------------------------------------------------------------------------------------------

Clock        Waveform(ns)         Period(ns)      Frequency(MHz)
-----        ------------         ----------      --------------
sys_clk_pin  {0.000 4.375}        8.750           114.286         


------------------------------------------------------------------------------------------------
| Intra Clock Table
| -----------------
------------------------------------------------------------------------------------------------

Clock             WNS(ns)      TNS(ns)  TNS Failing Endpoints  TNS Total Endpoints      WHS(ns)      THS(ns)  THS Failing Endpoints  THS Total Endpoints     WPWS(ns)     TPWS(ns)  TPWS Failing Endpoints  TPWS Total Endpoints  
-----             -------      -------  ---------------------  -------------------      -------      -------  ---------------------  -------------------     --------     --------  ----------------------  --------------------  
sys_clk_pin         0.012        0.000                      0                 3023        0.034        0.000                      0                 3023        3.875        0.000                       0                  1512  


------------------------------------------------------------------------------------------------
| Inter Clock Table
| -----------------
------------------------------------------------------------------------------------------------

From Clock    To Clock          WNS(ns)      TNS(ns)  TNS Failing Endpoints  TNS Total Endpoints      WHS(ns)      THS(ns)  THS Failing Endpoints  THS Total Endpoints  
----------    --------          -------      -------  ---------------------  -------------------      -------      -------  ---------------------  -------------------  


------------------------------------------------------------------------------------------------
| Other Path Groups Table
| -----------------------
------------------------------------------------------------------------------------------------

Path Group    From Clock    To Clock          WNS(ns)      TNS(ns)  TNS Failing Endpoints  TNS Total Endpoints      WHS(ns)      THS(ns)  THS Failing Endpoints  THS Total Endpoints  
----------    ----------    --------          -------      -------  ---------------------  -------------------      -------      -------  ---------------------  -------------------  


------------------------------------------------------------------------------------------------
| Timing Details
| --------------
------------------------------------------------------------------------------------------------


---------------------------------------------------------------------------------------------------
From Clock:  sys_clk_pin
  To Clock:  sys_clk_pin

Setup :            0  Failing Endpoints,  Worst Slack        0.012ns,  Total Violation        0.000ns
Hold  :            0  Failing Endpoints,  Worst Slack        0.034ns,  Total Violation        0.000ns
PW    :            0  Failing Endpoints,  Worst Slack        3.875ns,  Total Violation        0.000ns
---------------------------------------------------------------------------------------------------


Max Delay Paths
--------------------------------------------------------------------------------------
Slack (MET) :             0.012ns  (required time - arrival time)
  Source:                 cpu_inst/data_mem_inst/mem_reg/CLKARDCLK
                            (rising edge-triggered cell RAMB18E1 clocked by sys_clk_pin  {rise@0.000ns fall@4.375ns period=8.750ns})
  Destination:            cpu_inst/id_ex_reg_reg[operand_a][10]/R
                            (rising edge-triggered cell FDRE clocked by sys_clk_pin  {rise@0.000ns fall@4.375ns period=8.750ns})
  Path Group:             sys_clk_pin
  Path Type:              Setup (Max at Slow Process Corner)
  Requirement:            8.750ns  (sys_clk_pin rise@8.750ns - sys_clk_pin rise@0.000ns)
  Data Path Delay:        8.167ns  (logic 4.139ns (50.679%)  route 4.028ns (49.321%))
  Logic Levels:           8  (CARRY4=3 LUT5=3 LUT6=2)
  Clock Path Skew:        -0.011ns (DCD - SCD + CPR)
    Destination Clock Delay (DCD):    4.861ns = ( 13.611 - 8.750 ) 
    Source Clock Delay      (SCD):    5.133ns
    Clock Pessimism Removal (CPR):    0.260ns
  Clock Uncertainty:      0.035ns  ((TSJ^2 + TIJ^2)^1/2 + DJ) / 2 + PE
    Total System Jitter     (TSJ):    0.071ns
    Total Input Jitter      (TIJ):    0.000ns
    Discrete Jitter          (DJ):    0.000ns
    Phase Error              (PE):    0.000ns

    Location             Delay type                Incr(ns)  Path(ns)    Netlist Resource(s)
  -------------------------------------------------------------------    -------------------
                         (clock sys_clk_pin rise edge)
                                                      0.000     0.000 r  <hidden>
    W5                                                0.000     0.000 r  clk
                         net (fo=0)                   0.000     0.000    clk
    W5                   IBUF (Prop_ibuf_I_O)         1.458     1.458 r  clk_IBUF_inst/O
                         net (fo=1, routed)           1.967     3.425    clk_IBUF
    BUFGCTRL_X0Y0        BUFG (Prop_bufg_I_O)         0.096     3.521 r  clk_IBUF_BUFG_inst/O
                         net (fo=1511, routed)        1.612     5.133    cpu_inst/data_mem_inst/clk_IBUF_BUFG
    RAMB18_X0Y0          RAMB18E1                                     r  cpu_inst/data_mem_inst/mem_reg/CLKARDCLK
  -------------------------------------------------------------------    -------------------
    RAMB18_X0Y0          RAMB18E1 (Prop_ramb18e1_CLKARDCLK_DOADO[5])
                                                      2.454     7.587 r  cpu_inst/data_mem_inst/mem_reg/DOADO[5]
                         net (fo=5, routed)           1.033     8.619    cpu_inst/data_mem_inst/mem_reg_n_10
    SLICE_X10Y1          LUT5 (Prop_lut5_I0_O)        0.124     8.743 r  cpu_inst/data_mem_inst/ex_mem_reg[store_data][5]_i_2/O
                         net (fo=2, routed)           0.484     9.227    cpu_inst/data_mem_inst/ex_mem_reg[store_data][5]_i_2_n_0
    SLICE_X14Y2          LUT5 (Prop_lut5_I1_O)        0.124     9.351 r  cpu_inst/data_mem_inst/ex_mem_reg[store_data][5]_i_1/O
                         net (fo=5, routed)           0.636     9.987    cpu_inst/data_mem_inst/ex_store_data[5]
    SLICE_X8Y2           LUT6 (Prop_lut6_I2_O)        0.124    10.111 r  cpu_inst/data_mem_inst/i__carry_i_3/O
                         net (fo=1, routed)           0.000    10.111    cpu_inst/data_mem_inst_n_223
    SLICE_X8Y2           CARRY4 (Prop_carry4_S[1]_CO[3])
                                                      0.533    10.644 r  cpu_inst/ex_branch_taken0_inferred__0/i__carry/CO[3]
                         net (fo=1, routed)           0.000    10.644    cpu_inst/ex_branch_taken0_inferred__0/i__carry_n_0
    SLICE_X8Y3           CARRY4 (Prop_carry4_CI_CO[3])
                                                      0.117    10.761 r  cpu_inst/ex_branch_taken0_inferred__0/i__carry__0/CO[3]
                         net (fo=1, routed)           0.000    10.761    cpu_inst/ex_branch_taken0_inferred__0/i__carry__0_n_0
    SLICE_X8Y4           CARRY4 (Prop_carry4_CI_CO[2])
                                                      0.229    10.990 f  cpu_inst/ex_branch_taken0_inferred__0/i__carry__1/CO[2]
                         net (fo=40, routed)          0.597    11.587    cpu_inst/data_mem_inst/CO[0]
    SLICE_X8Y1           LUT5 (Prop_lut5_I0_O)        0.310    11.897 r  cpu_inst/data_mem_inst/id_ex_reg[imm_ext][12]_i_3/O
                         net (fo=3, routed)           0.572    12.469    cpu_inst/data_mem_inst/id_ex_reg[imm_ext][12]_i_3_n_0
    SLICE_X2Y1           LUT6 (Prop_lut6_I4_O)        0.124    12.593 r  cpu_inst/data_mem_inst/id_ex_reg[operand_a][31]_i_1_comp/O
                         net (fo=32, routed)          0.707    13.300    cpu_inst/data_mem_inst_n_163
    SLICE_X2Y0           FDRE                                         r  cpu_inst/id_ex_reg_reg[operand_a][10]/R
  -------------------------------------------------------------------    -------------------

                         (clock sys_clk_pin rise edge)
                                                      8.750     8.750 r  <hidden>
    W5                                                0.000     8.750 r  clk
                         net (fo=0)                   0.000     8.750    clk
    W5                   IBUF (Prop_ibuf_I_O)         1.388    10.138 r  clk_IBUF_inst/O
                         net (fo=1, routed)           1.862    12.000    clk_IBUF
    BUFGCTRL_X0Y0        BUFG (Prop_bufg_I_O)         0.091    12.091 r  clk_IBUF_BUFG_inst/O
                         net (fo=1511, routed)        1.520    13.611    cpu_inst/clk_IBUF_BUFG
    SLICE_X2Y0           FDRE                                         r  cpu_inst/id_ex_reg_reg[operand_a][10]/C
                         clock pessimism              0.260    13.871    <hidden>
                         clock uncertainty           -0.035    13.836    <hidden>
    SLICE_X2Y0           FDRE (Setup_fdre_C_R)       -0.524    13.312    cpu_inst/id_ex_reg_reg[operand_a][10]
  -------------------------------------------------------------------
                         required time                         13.312    <hidden>
                         arrival time                         -13.300    <hidden>
  -------------------------------------------------------------------
                         slack                                  0.012    <hidden>





Min Delay Paths
--------------------------------------------------------------------------------------
Slack (MET) :             0.034ns  (arrival time - required time)
  Source:                 cpu_inst/ex_mem_reg_reg[store_data][20]/C
                            (rising edge-triggered cell FDRE clocked by sys_clk_pin  {rise@0.000ns fall@4.375ns period=8.750ns})
  Destination:            cpu_inst/data_mem_inst/mem_reg/DIBDI[2]
                            (rising edge-triggered cell RAMB18E1 clocked by sys_clk_pin  {rise@0.000ns fall@4.375ns period=8.750ns})
  Path Group:             sys_clk_pin
  Path Type:              Hold (Min at Fast Process Corner)
  Requirement:            0.000ns  (sys_clk_pin rise@0.000ns - sys_clk_pin rise@0.000ns)
  Data Path Delay:        0.247ns  (logic 0.141ns (57.072%)  route 0.106ns (42.928%))
  Logic Levels:           0  
  Clock Path Skew:        0.058ns (DCD - SCD - CPR)
    Destination Clock Delay (DCD):    2.007ns
    Source Clock Delay      (SCD):    1.450ns
    Clock Pessimism Removal (CPR):    0.498ns

    Location             Delay type                Incr(ns)  Path(ns)    Netlist Resource(s)
  -------------------------------------------------------------------    -------------------
                         (clock sys_clk_pin rise edge)
                                                      0.000     0.000 r  <hidden>
    W5                                                0.000     0.000 r  clk
                         net (fo=0)                   0.000     0.000    clk
    W5                   IBUF (Prop_ibuf_I_O)         0.226     0.226 r  clk_IBUF_inst/O
                         net (fo=1, routed)           0.631     0.858    clk_IBUF
    BUFGCTRL_X0Y0        BUFG (Prop_bufg_I_O)         0.026     0.884 r  clk_IBUF_BUFG_inst/O
                         net (fo=1511, routed)        0.567     1.450    cpu_inst/clk_IBUF_BUFG
    SLICE_X9Y0           FDRE                                         r  cpu_inst/ex_mem_reg_reg[store_data][20]/C
  -------------------------------------------------------------------    -------------------
    SLICE_X9Y0           FDRE (Prop_fdre_C_Q)         0.141     1.591 r  cpu_inst/ex_mem_reg_reg[store_data][20]/Q
                         net (fo=1, routed)           0.106     1.697    cpu_inst/data_mem_inst/mem_reg_2[20]
    RAMB18_X0Y0          RAMB18E1                                     r  cpu_inst/data_mem_inst/mem_reg/DIBDI[2]
  -------------------------------------------------------------------    -------------------

                         (clock sys_clk_pin rise edge)
                                                      0.000     0.000 r  <hidden>
    W5                                                0.000     0.000 r  clk
                         net (fo=0)                   0.000     0.000    clk
    W5                   IBUF (Prop_ibuf_I_O)         0.414     0.414 r  clk_IBUF_inst/O
                         net (fo=1, routed)           0.685     1.099    clk_IBUF
    BUFGCTRL_X0Y0        BUFG (Prop_bufg_I_O)         0.029     1.128 r  clk_IBUF_BUFG_inst/O
                         net (fo=1511, routed)        0.879     2.007    cpu_inst/data_mem_inst/clk_IBUF_BUFG
    RAMB18_X0Y0          RAMB18E1                                     r  cpu_inst/data_mem_inst/mem_reg/CLKBWRCLK
                         clock pessimism             -0.498     1.509    <hidden>
    RAMB18_X0Y0          RAMB18E1 (Hold_ramb18e1_CLKBWRCLK_DIBDI[2])
                                                      0.155     1.664    cpu_inst/data_mem_inst/mem_reg
  -------------------------------------------------------------------
                         required time                         -1.664    <hidden>
                         arrival time                           1.697    <hidden>
  -------------------------------------------------------------------
                         slack                                  0.034    <hidden>





Pulse Width Checks
--------------------------------------------------------------------------------------
Clock Name:         sys_clk_pin
Waveform(ns):       { 0.000 4.375 }
Period(ns):         8.750
Sources:            { clk }

Check Type        Corner  Lib Pin             Reference Pin  Required(ns)  Actual(ns)  Slack(ns)  Location     Pin
Min Period        n/a     RAMB18E1/CLKARDCLK  n/a            2.944         8.750       5.806      RAMB18_X0Y0  cpu_inst/data_mem_inst/mem_reg/CLKARDCLK
Low Pulse Width   Slow    FDRE/C              n/a            0.500         4.375       3.875      SLICE_X28Y3  cpu_inst/ex_mem_reg_reg[alu_result][0]/C
High Pulse Width  Slow    FDRE/C              n/a            0.500         4.375       3.875      SLICE_X28Y3  cpu_inst/ex_mem_reg_reg[alu_result][0]/C



