Copyright 1986-2022 Xilinx, Inc. All Rights Reserved. Copyright 2022-2026 Advanced Micro Devices, Inc. All Rights Reserved.
---------------------------------------------------------------------------------------------------------------------------------------------
| Tool Version : Vivado v.2026.1 (win64) Build 6511674 Tue Jun 16 11:02:23 MDT 2026
| Date         : Thu Aug 13 14:56:17 2026
| Host         : DESKTOP-4GB7DVJ running 64-bit major release  (build 9200)
| Command      : report_utilization -hierarchical -file reports/vector_stage10a/stage10a_v3_synth_utilization.rpt
| Design       : vector_dual_prefetch_program_core_synth_top
| Device       : xc7a35tcpg236-1
| Speed File   : -1
| Design State : Synthesized
---------------------------------------------------------------------------------------------------------------------------------------------

Utilization Design Information

Table of Contents
-----------------
1. Utilization by Hierarchy

1. Utilization by Hierarchy
---------------------------

+-------------------------------------------------+-----------------------------------+------------+------------+---------+------+------+--------+--------+------------+
|                     Instance                    |               Module              | Total LUTs | Logic LUTs | LUTRAMs | SRLs |  FFs | RAMB36 | RAMB18 | DSP Blocks |
+-------------------------------------------------+-----------------------------------+------------+------------+---------+------+------+--------+--------+------------+
| vector_dual_prefetch_program_core_synth_top     |                             (top) |       3197 |       3153 |      44 |    0 | 1416 |      2 |      0 |          0 |
|   (vector_dual_prefetch_program_core_synth_top) |                             (top) |          0 |          0 |       0 |    0 |    0 |      0 |      0 |          0 |
|   core                                          | vector_dual_prefetch_program_core |       3197 |       3153 |      44 |    0 | 1416 |      2 |      0 |          0 |
|     (core)                                      | vector_dual_prefetch_program_core |         88 |         88 |       0 |    0 |  392 |      0 |      0 |          0 |
|     eu                                          |             vector_execution_unit |       2575 |       2575 |       0 |    0 | 1024 |      0 |      0 |          0 |
|       vector_register_file_inst                 |              vector_register_file |       2575 |       2575 |       0 |    0 | 1024 |      0 |      0 |          0 |
|     pim                                         |       vector_instruction_memory_3 |        367 |        355 |      12 |    0 |    0 |      0 |      0 |          0 |
+-------------------------------------------------+-----------------------------------+------------+------------+---------+------+------+--------+--------+------------+


