Copyright 1986-2022 Xilinx, Inc. All Rights Reserved. Copyright 2022-2026 Advanced Micro Devices, Inc. All Rights Reserved.
---------------------------------------------------------------------------------------------------------------------------------------------
| Tool Version : Vivado v.2026.1 (win64) Build 6511674 Tue Jun 16 11:02:23 MDT 2026
| Date         : Thu Aug 13 14:59:58 2026
| Host         : DESKTOP-4GB7DVJ running 64-bit major release  (build 9200)
| Command      : report_timing_summary -file reports/vector_stage10a/stage10a_v3_80mhz_timing_summary.rpt
| Design       : vector_dual_prefetch_program_core_synth_top
| Device       : 7a35t-cpg236
| Speed File   : -1  PRODUCTION 1.23 2018-06-13
| Design State : Routed
---------------------------------------------------------------------------------------------------------------------------------------------

Timing Summary Report

------------------------------------------------------------------------------------------------
| Timer Settings
| --------------
------------------------------------------------------------------------------------------------

  Enable Multi Corner Analysis               :  Yes
  Enable Pessimism Removal                   :  Yes
  Pessimism Removal Resolution               :  Nearest Common Node
  Enable Input Delay Default Clock           :  No
  Enable Preset / Clear Arcs                 :  No
  Disable Flight Delays                      :  No
  Ignore I/O Paths                           :  No
  Timing Early Launch at Borrowing Latches   :  No
  Borrow Time for Max Delay Exceptions       :  Yes
  Merge Timing Exceptions                    :  Yes
  Inter-SLR Compensation                     :  Conservative

  Corner  Analyze    Analyze    
  Name    Max Paths  Min Paths  
  ------  ---------  ---------  
  Slow    Yes        Yes        
  Fast    Yes        Yes        


------------------------------------------------------------------------------------------------
| Report Methodology
| ------------------
------------------------------------------------------------------------------------------------

No report available as report_methodology has not been run prior. Run report_methodology on the current design for the summary of methodology violations.



check_timing report

Table of Contents
-----------------
1. checking no_clock (0)
2. checking constant_clock (0)
3. checking pulse_width_clock (0)
4. checking unconstrained_internal_endpoints (0)
5. checking no_input_delay (48)
6. checking no_output_delay (7)
7. checking multiple_clock (0)
8. checking generated_clocks (0)
9. checking loops (0)
10. checking partial_input_delay (0)
11. checking partial_output_delay (0)
12. checking latch_loops (0)

1. checking no_clock (0)
------------------------
 There are 0 register/latch pins with no clock.


2. checking constant_clock (0)
------------------------------
 There are 0 register/latch pins with constant_clock.


3. checking pulse_width_clock (0)
---------------------------------
 There are 0 register/latch pins which need pulse_width check


4. checking unconstrained_internal_endpoints (0)
------------------------------------------------
 There are 0 pins that are not constrained for maximum delay.

 There are 0 pins that are not constrained for maximum delay due to constant clock.


5. checking no_input_delay (48)
-------------------------------
 There are 48 input ports with no input delay specified. (HIGH)

 There are 0 input ports with no input delay but user has a false path constraint.


6. checking no_output_delay (7)
-------------------------------
 There are 7 ports with no output delay specified. (HIGH)

 There are 0 ports with no output delay but user has a false path constraint

 There are 0 ports with no output delay but with a timing clock defined on it or propagating through it


7. checking multiple_clock (0)
------------------------------
 There are 0 register/latch pins with multiple clocks.


8. checking generated_clocks (0)
--------------------------------
 There are 0 generated clocks that are not connected to a clock source.


9. checking loops (0)
---------------------
 There are 0 combinational loops in the design.


10. checking partial_input_delay (0)
------------------------------------
 There are 0 input ports with partial input delay specified.


11. checking partial_output_delay (0)
-------------------------------------
 There are 0 ports with partial output delay specified.


12. checking latch_loops (0)
----------------------------
 There are 0 combinational latch loops in the design through latch input



------------------------------------------------------------------------------------------------
| Design Timing Summary
| ---------------------
------------------------------------------------------------------------------------------------

    WNS(ns)      TNS(ns)  TNS Failing Endpoints  TNS Total Endpoints      WHS(ns)      THS(ns)  THS Failing Endpoints  THS Total Endpoints     WPWS(ns)     TPWS(ns)  TPWS Failing Endpoints  TPWS Total Endpoints  
    -------      -------  ---------------------  -------------------      -------      -------  ---------------------  -------------------     --------     --------  ----------------------  --------------------  
      0.414        0.000                      0                 3167        0.059        0.000                      0                 3167        5.000        0.000                       0                  1509  


All user specified timing constraints are met.


------------------------------------------------------------------------------------------------
| Clock Summary
| -------------
------------------------------------------------------------------------------------------------

Clock                     Waveform(ns)       Period(ns)      Frequency(MHz)
-----                     ------------       ----------      --------------
vector_dual_prefetch_clk  {0.000 6.250}      12.500          80.000          


------------------------------------------------------------------------------------------------
| Intra Clock Table
| -----------------
------------------------------------------------------------------------------------------------

Clock                         WNS(ns)      TNS(ns)  TNS Failing Endpoints  TNS Total Endpoints      WHS(ns)      THS(ns)  THS Failing Endpoints  THS Total Endpoints     WPWS(ns)     TPWS(ns)  TPWS Failing Endpoints  TPWS Total Endpoints  
-----                         -------      -------  ---------------------  -------------------      -------      -------  ---------------------  -------------------     --------     --------  ----------------------  --------------------  
vector_dual_prefetch_clk        0.414        0.000                      0                 3167        0.059        0.000                      0                 3167        5.000        0.000                       0                  1509  


------------------------------------------------------------------------------------------------
| Inter Clock Table
| -----------------
------------------------------------------------------------------------------------------------

From Clock    To Clock          WNS(ns)      TNS(ns)  TNS Failing Endpoints  TNS Total Endpoints      WHS(ns)      THS(ns)  THS Failing Endpoints  THS Total Endpoints  
----------    --------          -------      -------  ---------------------  -------------------      -------      -------  ---------------------  -------------------  


------------------------------------------------------------------------------------------------
| Other Path Groups Table
| -----------------------
------------------------------------------------------------------------------------------------

Path Group    From Clock    To Clock          WNS(ns)      TNS(ns)  TNS Failing Endpoints  TNS Total Endpoints      WHS(ns)      THS(ns)  THS Failing Endpoints  THS Total Endpoints  
----------    ----------    --------          -------      -------  ---------------------  -------------------      -------      -------  ---------------------  -------------------  


------------------------------------------------------------------------------------------------
| Timing Details
| --------------
------------------------------------------------------------------------------------------------


---------------------------------------------------------------------------------------------------
From Clock:  vector_dual_prefetch_clk
  To Clock:  vector_dual_prefetch_clk

Setup :            0  Failing Endpoints,  Worst Slack        0.414ns,  Total Violation        0.000ns
Hold  :            0  Failing Endpoints,  Worst Slack        0.059ns,  Total Violation        0.000ns
PW    :            0  Failing Endpoints,  Worst Slack        5.000ns,  Total Violation        0.000ns
---------------------------------------------------------------------------------------------------


Max Delay Paths
--------------------------------------------------------------------------------------
Slack (MET) :             0.414ns  (required time - arrival time)
  Source:                 core/current_pc_reg[0]/C
                            (rising edge-triggered cell FDRE clocked by vector_dual_prefetch_clk  {rise@0.000ns fall@6.250ns period=12.500ns})
  Destination:            core/eu/vector_register_file_inst/regs_reg[5][96]/D
                            (rising edge-triggered cell FDRE clocked by vector_dual_prefetch_clk  {rise@0.000ns fall@6.250ns period=12.500ns})
  Path Group:             vector_dual_prefetch_clk
  Path Type:              Setup (Max at Slow Process Corner)
  Requirement:            12.500ns  (vector_dual_prefetch_clk rise@12.500ns - vector_dual_prefetch_clk rise@0.000ns)
  Data Path Delay:        11.991ns  (logic 3.346ns (27.905%)  route 8.645ns (72.095%))
  Logic Levels:           13  (CARRY4=2 LUT2=1 LUT3=1 LUT4=2 LUT5=1 LUT6=4 MUXF7=1 RAMD32=1)
  Clock Path Skew:        -0.032ns (DCD - SCD + CPR)
    Destination Clock Delay (DCD):    4.794ns = ( 17.294 - 12.500 ) 
    Source Clock Delay      (SCD):    5.086ns
    Clock Pessimism Removal (CPR):    0.260ns
  Clock Uncertainty:      0.035ns  ((TSJ^2 + TIJ^2)^1/2 + DJ) / 2 + PE
    Total System Jitter     (TSJ):    0.071ns
    Total Input Jitter      (TIJ):    0.000ns
    Discrete Jitter          (DJ):    0.000ns
    Phase Error              (PE):    0.000ns

    Location             Delay type                Incr(ns)  Path(ns)    Netlist Resource(s)
  -------------------------------------------------------------------    -------------------
                         (clock vector_dual_prefetch_clk rise edge)
                                                      0.000     0.000 r  <hidden>
    W5                                                0.000     0.000 r  clk
                         net (fo=0)                   0.000     0.000    clk
    W5                   IBUF (Prop_ibuf_I_O)         1.458     1.458 r  clk_IBUF_inst/O
                         net (fo=1, routed)           1.967     3.425    clk_IBUF
    BUFGCTRL_X0Y0        BUFG (Prop_bufg_I_O)         0.096     3.521 r  clk_IBUF_BUFG_inst/O
                         net (fo=1508, routed)        1.565     5.086    core/clk_IBUF_BUFG
    SLICE_X37Y5          FDRE                                         r  core/current_pc_reg[0]/C
  -------------------------------------------------------------------    -------------------
    SLICE_X37Y5          FDRE (Prop_fdre_C_Q)         0.456     5.542 r  core/current_pc_reg[0]/Q
                         net (fo=54, routed)          0.898     6.441    core/pim/memory_reg_0_15_12_15/ADDRA0
    SLICE_X38Y6          RAMD32 (Prop_ramd32_RADR0_O)
                                                      0.150     6.591 r  core/pim/memory_reg_0_15_12_15/RAMA/O
                         net (fo=15, routed)          0.870     7.461    core/pim/current_instruction[12]
    SLICE_X37Y5          LUT6 (Prop_lut6_I0_O)        0.328     7.789 r  core/pim/memory_reg_0_i_315/O
                         net (fo=2, routed)           0.463     8.253    core/pim/src_a[0]
    SLICE_X43Y6          LUT4 (Prop_lut4_I3_O)        0.124     8.377 r  core/pim/memory_reg_0_i_313/O
                         net (fo=128, routed)         1.691    10.068    core/eu/vector_register_file_inst/rf_read_addr_a[0]
    SLICE_X59Y17         LUT6 (Prop_lut6_I4_O)        0.124    10.192 r  core/eu/vector_register_file_inst/memory_reg_1_i_200/O
                         net (fo=3, routed)           0.455    10.647    core/eu/vector_register_file_inst/memory_reg_1_i_200_n_0
    SLICE_X59Y17         LUT6 (Prop_lut6_I5_O)        0.124    10.771 r  core/eu/vector_register_file_inst/memory_reg_1_i_100/O
                         net (fo=14, routed)          1.126    11.897    core/eu/vector_register_file_inst/debug_read_data[116]
    SLICE_X57Y10         LUT2 (Prop_lut2_I0_O)        0.124    12.021 r  core/eu/vector_register_file_inst/regs[0][116]_i_12/O
                         net (fo=4, routed)           0.754    12.775    core/eu/vector_register_file_inst/regs[0][119]_i_29_n_0
    SLICE_X56Y8          LUT3 (Prop_lut3_I0_O)        0.124    12.899 r  core/eu/vector_register_file_inst/regs[0][96]_i_46/O
                         net (fo=1, routed)           0.000    12.899    core/eu/vector_register_file_inst/regs[0][96]_i_46_n_0
    SLICE_X56Y8          CARRY4 (Prop_carry4_S[2]_CO[3])
                                                      0.380    13.279 r  core/eu/vector_register_file_inst/regs_reg[0][96]_i_31/CO[3]
                         net (fo=1, routed)           0.000    13.279    core/eu/vector_register_file_inst/regs_reg[0][96]_i_31_n_0
    SLICE_X56Y9          CARRY4 (Prop_carry4_CI_CO[2])
                                                      0.229    13.508 r  core/eu/vector_register_file_inst/regs_reg[0][96]_i_21/CO[2]
                         net (fo=1, routed)           1.011    14.519    core/eu/vector_register_file_inst/vector_alu_inst/data5
    SLICE_X55Y4          LUT4 (Prop_lut4_I0_O)        0.340    14.859 r  core/eu/vector_register_file_inst/regs[0][96]_i_11/O
                         net (fo=1, routed)           0.264    15.124    core/eu/vector_register_file_inst/regs[0][96]_i_11_n_0
    SLICE_X55Y4          LUT6 (Prop_lut6_I5_O)        0.327    15.451 r  core/eu/vector_register_file_inst/regs[0][96]_i_7/O
                         net (fo=1, routed)           0.000    15.451    core/eu/vector_register_file_inst/regs[0][96]_i_7_n_0
    SLICE_X55Y4          MUXF7 (Prop_muxf7_I1_O)      0.217    15.668 r  core/eu/vector_register_file_inst/regs_reg[0][96]_i_4/O
                         net (fo=1, routed)           0.436    16.104    core/pim/regs_reg[7][96]_0
    SLICE_X55Y4          LUT5 (Prop_lut5_I4_O)        0.299    16.403 r  core/pim/regs[0][96]_i_1/O
                         net (fo=8, routed)           0.674    17.077    core/eu/vector_register_file_inst/regs_reg[7][127]_0[96]
    SLICE_X56Y4          FDRE                                         r  core/eu/vector_register_file_inst/regs_reg[5][96]/D
  -------------------------------------------------------------------    -------------------

                         (clock vector_dual_prefetch_clk rise edge)
                                                     12.500    12.500 r  <hidden>
    W5                                                0.000    12.500 r  clk
                         net (fo=0)                   0.000    12.500    clk
    W5                   IBUF (Prop_ibuf_I_O)         1.388    13.888 r  clk_IBUF_inst/O
                         net (fo=1, routed)           1.862    15.750    clk_IBUF
    BUFGCTRL_X0Y0        BUFG (Prop_bufg_I_O)         0.091    15.841 r  clk_IBUF_BUFG_inst/O
                         net (fo=1508, routed)        1.453    17.294    core/eu/vector_register_file_inst/clk_IBUF_BUFG
    SLICE_X56Y4          FDRE                                         r  core/eu/vector_register_file_inst/regs_reg[5][96]/C
                         clock pessimism              0.260    17.554    <hidden>
                         clock uncertainty           -0.035    17.519    <hidden>
    SLICE_X56Y4          FDRE (Setup_fdre_C_D)       -0.028    17.491    core/eu/vector_register_file_inst/regs_reg[5][96]
  -------------------------------------------------------------------
                         required time                         17.491    <hidden>
                         arrival time                         -17.077    <hidden>
  -------------------------------------------------------------------
                         slack                                  0.414    <hidden>





Min Delay Paths
--------------------------------------------------------------------------------------
Slack (MET) :             0.059ns  (arrival time - required time)
  Source:                 core/pending_read_addr_reg[4]/C
                            (rising edge-triggered cell FDRE clocked by vector_dual_prefetch_clk  {rise@0.000ns fall@6.250ns period=12.500ns})
  Destination:            core/entry0_addr_reg[4]/D
                            (rising edge-triggered cell FDRE clocked by vector_dual_prefetch_clk  {rise@0.000ns fall@6.250ns period=12.500ns})
  Path Group:             vector_dual_prefetch_clk
  Path Type:              Hold (Min at Fast Process Corner)
  Requirement:            0.000ns  (vector_dual_prefetch_clk rise@0.000ns - vector_dual_prefetch_clk rise@0.000ns)
  Data Path Delay:        0.396ns  (logic 0.141ns (35.583%)  route 0.255ns (64.417%))
  Logic Levels:           0  
  Clock Path Skew:        0.265ns (DCD - SCD - CPR)
    Destination Clock Delay (DCD):    1.959ns
    Source Clock Delay      (SCD):    1.445ns
    Clock Pessimism Removal (CPR):    0.249ns

    Location             Delay type                Incr(ns)  Path(ns)    Netlist Resource(s)
  -------------------------------------------------------------------    -------------------
                         (clock vector_dual_prefetch_clk rise edge)
                                                      0.000     0.000 r  <hidden>
    W5                                                0.000     0.000 r  clk
                         net (fo=0)                   0.000     0.000    clk
    W5                   IBUF (Prop_ibuf_I_O)         0.226     0.226 r  clk_IBUF_inst/O
                         net (fo=1, routed)           0.631     0.858    clk_IBUF
    BUFGCTRL_X0Y0        BUFG (Prop_bufg_I_O)         0.026     0.884 r  clk_IBUF_BUFG_inst/O
                         net (fo=1508, routed)        0.562     1.445    core/clk_IBUF_BUFG
    SLICE_X37Y8          FDRE                                         r  core/pending_read_addr_reg[4]/C
  -------------------------------------------------------------------    -------------------
    SLICE_X37Y8          FDRE (Prop_fdre_C_Q)         0.141     1.586 r  core/pending_read_addr_reg[4]/Q
                         net (fo=7, routed)           0.255     1.841    core/pending_read_addr_reg_n_0_[4]
    SLICE_X31Y6          FDRE                                         r  core/entry0_addr_reg[4]/D
  -------------------------------------------------------------------    -------------------

                         (clock vector_dual_prefetch_clk rise edge)
                                                      0.000     0.000 r  <hidden>
    W5                                                0.000     0.000 r  clk
                         net (fo=0)                   0.000     0.000    clk
    W5                   IBUF (Prop_ibuf_I_O)         0.414     0.414 r  clk_IBUF_inst/O
                         net (fo=1, routed)           0.685     1.099    clk_IBUF
    BUFGCTRL_X0Y0        BUFG (Prop_bufg_I_O)         0.029     1.128 r  clk_IBUF_BUFG_inst/O
                         net (fo=1508, routed)        0.832     1.959    core/clk_IBUF_BUFG
    SLICE_X31Y6          FDRE                                         r  core/entry0_addr_reg[4]/C
                         clock pessimism             -0.249     1.710    <hidden>
    SLICE_X31Y6          FDRE (Hold_fdre_C_D)         0.072     1.782    core/entry0_addr_reg[4]
  -------------------------------------------------------------------
                         required time                         -1.782    <hidden>
                         arrival time                           1.841    <hidden>
  -------------------------------------------------------------------
                         slack                                  0.059    <hidden>





Pulse Width Checks
--------------------------------------------------------------------------------------
Clock Name:         vector_dual_prefetch_clk
Waveform(ns):       { 0.000 6.250 }
Period(ns):         12.500
Sources:            { clk }

Check Type        Corner  Lib Pin             Reference Pin  Required(ns)  Actual(ns)  Slack(ns)  Location     Pin
Min Period        n/a     RAMB36E1/CLKARDCLK  n/a            2.944         12.500      9.556      RAMB36_X1Y2  core/dm/memory_reg_0/CLKARDCLK
Low Pulse Width   Slow    RAMD32/CLK          n/a            1.250         6.250       5.000      SLICE_X34Y5  core/look/memory_reg_0_15_0_5/RAMA/CLK
High Pulse Width  Slow    RAMD32/CLK          n/a            1.250         6.250       5.000      SLICE_X34Y5  core/look/memory_reg_0_15_0_5/RAMA/CLK



