Copyright 1986-2022 Xilinx, Inc. All Rights Reserved. Copyright 2022-2026 Advanced Micro Devices, Inc. All Rights Reserved.
------------------------------------------------------------------------------------------------------------------------------------------------------------------------
| Tool Version : Vivado v.2026.1 (win64) Build 6511674 Tue Jun 16 11:02:23 MDT 2026
| Date         : Sun Jul 12 13:56:07 2026
| Host         : DESKTOP-4GB7DVJ running 64-bit major release  (build 9200)
| Command      : report_timing -max_paths 10 -path_type full -file reports/phase13c_timing/sweep/period_9p240ns/timing/fpga_top_pipeline_timingopt_impl_worst_paths.rpt
| Design       : fpga_top_pipeline_timingopt
| Device       : 7a35t-cpg236
| Speed File   : -1  PRODUCTION 1.23 2018-06-13
| Design State : Routed
------------------------------------------------------------------------------------------------------------------------------------------------------------------------

Timing Report

Slack (MET) :             0.259ns  (required time - arrival time)
  Source:                 cpu_inst/data_mem_inst/mem_reg/CLKARDCLK
                            (rising edge-triggered cell RAMB18E1 clocked by sys_clk_pin  {rise@0.000ns fall@4.620ns period=9.240ns})
  Destination:            cpu_inst/id_ex_reg_reg[operand_b][23]/R
                            (rising edge-triggered cell FDRE clocked by sys_clk_pin  {rise@0.000ns fall@4.620ns period=9.240ns})
  Path Group:             sys_clk_pin
  Path Type:              Setup (Max at Slow Process Corner)
  Requirement:            9.240ns  (sys_clk_pin rise@9.240ns - sys_clk_pin rise@0.000ns)
  Data Path Delay:        8.338ns  (logic 4.003ns (48.011%)  route 4.335ns (51.988%))
  Logic Levels:           8  (CARRY4=3 LUT3=2 LUT5=1 LUT6=2)
  Clock Path Skew:        -0.084ns (DCD - SCD + CPR)
    Destination Clock Delay (DCD):    4.783ns = ( 14.023 - 9.240 ) 
    Source Clock Delay      (SCD):    5.128ns
    Clock Pessimism Removal (CPR):    0.260ns
  Clock Uncertainty:      0.035ns  ((TSJ^2 + TIJ^2)^1/2 + DJ) / 2 + PE
    Total System Jitter     (TSJ):    0.071ns
    Total Input Jitter      (TIJ):    0.000ns
    Discrete Jitter          (DJ):    0.000ns
    Phase Error              (PE):    0.000ns

    Location             Delay type                Incr(ns)  Path(ns)    Netlist Resource(s)
  -------------------------------------------------------------------    -------------------
                         (clock sys_clk_pin rise edge)
                                                      0.000     0.000 r  <hidden>
                         propagated clock network latency
                                                      5.128     5.128    <hidden>
    RAMB18_X0Y4          RAMB18E1                     0.000     5.128 r  cpu_inst/data_mem_inst/mem_reg/CLKARDCLK
    RAMB18_X0Y4          RAMB18E1 (Prop_ramb18e1_CLKARDCLK_DOADO[7])
                                                      2.454     7.582 r  cpu_inst/data_mem_inst/mem_reg/DOADO[7]
                         net (fo=2, routed)           0.913     8.495    cpu_inst/data_mem_inst/mem_reg_n_8
    SLICE_X9Y16          LUT3 (Prop_lut3_I0_O)        0.124     8.619 r  cpu_inst/data_mem_inst/regs[1][7]_i_1/O
                         net (fo=35, routed)          0.605     9.224    cpu_inst/data_mem_inst/wb_write_data[7]
    SLICE_X9Y16          LUT5 (Prop_lut5_I4_O)        0.124     9.348 r  cpu_inst/data_mem_inst/ex_mem_reg[store_data][7]_i_1/O
                         net (fo=4, routed)           1.040    10.388    cpu_inst/data_mem_inst/ex_store_data[7]
    SLICE_X9Y10          LUT6 (Prop_lut6_I0_O)        0.124    10.512 r  cpu_inst/data_mem_inst/i__carry_i_2/O
                         net (fo=1, routed)           0.000    10.512    cpu_inst/data_mem_inst_n_243
    SLICE_X9Y10          CARRY4 (Prop_carry4_S[2]_CO[3])
                                                      0.398    10.910 r  cpu_inst/ex_branch_taken0_inferred__0/i__carry/CO[3]
                         net (fo=1, routed)           0.000    10.910    cpu_inst/ex_branch_taken0_inferred__0/i__carry_n_0
    SLICE_X9Y11          CARRY4 (Prop_carry4_CI_CO[3])
                                                      0.114    11.024 r  cpu_inst/ex_branch_taken0_inferred__0/i__carry__0/CO[3]
                         net (fo=1, routed)           0.000    11.024    cpu_inst/ex_branch_taken0_inferred__0/i__carry__0_n_0
    SLICE_X9Y12          CARRY4 (Prop_carry4_CI_CO[2])
                                                      0.228    11.252 f  cpu_inst/ex_branch_taken0_inferred__0/i__carry__1/CO[2]
                         net (fo=39, routed)          0.614    11.866    cpu_inst/data_mem_inst/CO[0]
    SLICE_X9Y17          LUT6 (Prop_lut6_I4_O)        0.313    12.179 r  cpu_inst/data_mem_inst/id_ex_reg[imm_ext][12]_i_1/O
                         net (fo=130, routed)         0.439    12.618    cpu_inst/data_mem_inst/id_ex_reg_reg[valid]_1
    SLICE_X9Y18          LUT3 (Prop_lut3_I2_O)        0.124    12.742 r  cpu_inst/data_mem_inst/id_ex_reg[operand_b][31]_i_1/O
                         net (fo=32, routed)          0.723    13.465    cpu_inst/data_mem_inst_n_143
    SLICE_X12Y17         FDRE                                         r  cpu_inst/id_ex_reg_reg[operand_b][23]/R
  -------------------------------------------------------------------    -------------------

                         (clock sys_clk_pin rise edge)
                                                      9.240     9.240 r  <hidden>
                         propagated clock network latency
                                                      4.783    14.023    <hidden>
                         clock pessimism              0.260    14.283    <hidden>
                         clock uncertainty           -0.035    14.248    <hidden>
    SLICE_X12Y17         FDRE (Setup_fdre_C_R)       -0.524    13.724    cpu_inst/id_ex_reg_reg[operand_b][23]
  -------------------------------------------------------------------
                         required time                         13.724    <hidden>
                         arrival time                         -13.465    <hidden>
  -------------------------------------------------------------------
                         slack                                  0.259    <hidden>

Slack (MET) :             0.259ns  (required time - arrival time)
  Source:                 cpu_inst/data_mem_inst/mem_reg/CLKARDCLK
                            (rising edge-triggered cell RAMB18E1 clocked by sys_clk_pin  {rise@0.000ns fall@4.620ns period=9.240ns})
  Destination:            cpu_inst/id_ex_reg_reg[operand_b][27]/R
                            (rising edge-triggered cell FDRE clocked by sys_clk_pin  {rise@0.000ns fall@4.620ns period=9.240ns})
  Path Group:             sys_clk_pin
  Path Type:              Setup (Max at Slow Process Corner)
  Requirement:            9.240ns  (sys_clk_pin rise@9.240ns - sys_clk_pin rise@0.000ns)
  Data Path Delay:        8.338ns  (logic 4.003ns (48.011%)  route 4.335ns (51.988%))
  Logic Levels:           8  (CARRY4=3 LUT3=2 LUT5=1 LUT6=2)
  Clock Path Skew:        -0.084ns (DCD - SCD + CPR)
    Destination Clock Delay (DCD):    4.783ns = ( 14.023 - 9.240 ) 
    Source Clock Delay      (SCD):    5.128ns
    Clock Pessimism Removal (CPR):    0.260ns
  Clock Uncertainty:      0.035ns  ((TSJ^2 + TIJ^2)^1/2 + DJ) / 2 + PE
    Total System Jitter     (TSJ):    0.071ns
    Total Input Jitter      (TIJ):    0.000ns
    Discrete Jitter          (DJ):    0.000ns
    Phase Error              (PE):    0.000ns

    Location             Delay type                Incr(ns)  Path(ns)    Netlist Resource(s)
  -------------------------------------------------------------------    -------------------
                         (clock sys_clk_pin rise edge)
                                                      0.000     0.000 r  <hidden>
                         propagated clock network latency
                                                      5.128     5.128    <hidden>
    RAMB18_X0Y4          RAMB18E1                     0.000     5.128 r  cpu_inst/data_mem_inst/mem_reg/CLKARDCLK
    RAMB18_X0Y4          RAMB18E1 (Prop_ramb18e1_CLKARDCLK_DOADO[7])
                                                      2.454     7.582 r  cpu_inst/data_mem_inst/mem_reg/DOADO[7]
                         net (fo=2, routed)           0.913     8.495    cpu_inst/data_mem_inst/mem_reg_n_8
    SLICE_X9Y16          LUT3 (Prop_lut3_I0_O)        0.124     8.619 r  cpu_inst/data_mem_inst/regs[1][7]_i_1/O
                         net (fo=35, routed)          0.605     9.224    cpu_inst/data_mem_inst/wb_write_data[7]
    SLICE_X9Y16          LUT5 (Prop_lut5_I4_O)        0.124     9.348 r  cpu_inst/data_mem_inst/ex_mem_reg[store_data][7]_i_1/O
                         net (fo=4, routed)           1.040    10.388    cpu_inst/data_mem_inst/ex_store_data[7]
    SLICE_X9Y10          LUT6 (Prop_lut6_I0_O)        0.124    10.512 r  cpu_inst/data_mem_inst/i__carry_i_2/O
                         net (fo=1, routed)           0.000    10.512    cpu_inst/data_mem_inst_n_243
    SLICE_X9Y10          CARRY4 (Prop_carry4_S[2]_CO[3])
                                                      0.398    10.910 r  cpu_inst/ex_branch_taken0_inferred__0/i__carry/CO[3]
                         net (fo=1, routed)           0.000    10.910    cpu_inst/ex_branch_taken0_inferred__0/i__carry_n_0
    SLICE_X9Y11          CARRY4 (Prop_carry4_CI_CO[3])
                                                      0.114    11.024 r  cpu_inst/ex_branch_taken0_inferred__0/i__carry__0/CO[3]
                         net (fo=1, routed)           0.000    11.024    cpu_inst/ex_branch_taken0_inferred__0/i__carry__0_n_0
    SLICE_X9Y12          CARRY4 (Prop_carry4_CI_CO[2])
                                                      0.228    11.252 f  cpu_inst/ex_branch_taken0_inferred__0/i__carry__1/CO[2]
                         net (fo=39, routed)          0.614    11.866    cpu_inst/data_mem_inst/CO[0]
    SLICE_X9Y17          LUT6 (Prop_lut6_I4_O)        0.313    12.179 r  cpu_inst/data_mem_inst/id_ex_reg[imm_ext][12]_i_1/O
                         net (fo=130, routed)         0.439    12.618    cpu_inst/data_mem_inst/id_ex_reg_reg[valid]_1
    SLICE_X9Y18          LUT3 (Prop_lut3_I2_O)        0.124    12.742 r  cpu_inst/data_mem_inst/id_ex_reg[operand_b][31]_i_1/O
                         net (fo=32, routed)          0.723    13.465    cpu_inst/data_mem_inst_n_143
    SLICE_X12Y17         FDRE                                         r  cpu_inst/id_ex_reg_reg[operand_b][27]/R
  -------------------------------------------------------------------    -------------------

                         (clock sys_clk_pin rise edge)
                                                      9.240     9.240 r  <hidden>
                         propagated clock network latency
                                                      4.783    14.023    <hidden>
                         clock pessimism              0.260    14.283    <hidden>
                         clock uncertainty           -0.035    14.248    <hidden>
    SLICE_X12Y17         FDRE (Setup_fdre_C_R)       -0.524    13.724    cpu_inst/id_ex_reg_reg[operand_b][27]
  -------------------------------------------------------------------
                         required time                         13.724    <hidden>
                         arrival time                         -13.465    <hidden>
  -------------------------------------------------------------------
                         slack                                  0.259    <hidden>

Slack (MET) :             0.259ns  (required time - arrival time)
  Source:                 cpu_inst/data_mem_inst/mem_reg/CLKARDCLK
                            (rising edge-triggered cell RAMB18E1 clocked by sys_clk_pin  {rise@0.000ns fall@4.620ns period=9.240ns})
  Destination:            cpu_inst/id_ex_reg_reg[operand_b][28]/R
                            (rising edge-triggered cell FDRE clocked by sys_clk_pin  {rise@0.000ns fall@4.620ns period=9.240ns})
  Path Group:             sys_clk_pin
  Path Type:              Setup (Max at Slow Process Corner)
  Requirement:            9.240ns  (sys_clk_pin rise@9.240ns - sys_clk_pin rise@0.000ns)
  Data Path Delay:        8.338ns  (logic 4.003ns (48.011%)  route 4.335ns (51.988%))
  Logic Levels:           8  (CARRY4=3 LUT3=2 LUT5=1 LUT6=2)
  Clock Path Skew:        -0.084ns (DCD - SCD + CPR)
    Destination Clock Delay (DCD):    4.783ns = ( 14.023 - 9.240 ) 
    Source Clock Delay      (SCD):    5.128ns
    Clock Pessimism Removal (CPR):    0.260ns
  Clock Uncertainty:      0.035ns  ((TSJ^2 + TIJ^2)^1/2 + DJ) / 2 + PE
    Total System Jitter     (TSJ):    0.071ns
    Total Input Jitter      (TIJ):    0.000ns
    Discrete Jitter          (DJ):    0.000ns
    Phase Error              (PE):    0.000ns

    Location             Delay type                Incr(ns)  Path(ns)    Netlist Resource(s)
  -------------------------------------------------------------------    -------------------
                         (clock sys_clk_pin rise edge)
                                                      0.000     0.000 r  <hidden>
                         propagated clock network latency
                                                      5.128     5.128    <hidden>
    RAMB18_X0Y4          RAMB18E1                     0.000     5.128 r  cpu_inst/data_mem_inst/mem_reg/CLKARDCLK
    RAMB18_X0Y4          RAMB18E1 (Prop_ramb18e1_CLKARDCLK_DOADO[7])
                                                      2.454     7.582 r  cpu_inst/data_mem_inst/mem_reg/DOADO[7]
                         net (fo=2, routed)           0.913     8.495    cpu_inst/data_mem_inst/mem_reg_n_8
    SLICE_X9Y16          LUT3 (Prop_lut3_I0_O)        0.124     8.619 r  cpu_inst/data_mem_inst/regs[1][7]_i_1/O
                         net (fo=35, routed)          0.605     9.224    cpu_inst/data_mem_inst/wb_write_data[7]
    SLICE_X9Y16          LUT5 (Prop_lut5_I4_O)        0.124     9.348 r  cpu_inst/data_mem_inst/ex_mem_reg[store_data][7]_i_1/O
                         net (fo=4, routed)           1.040    10.388    cpu_inst/data_mem_inst/ex_store_data[7]
    SLICE_X9Y10          LUT6 (Prop_lut6_I0_O)        0.124    10.512 r  cpu_inst/data_mem_inst/i__carry_i_2/O
                         net (fo=1, routed)           0.000    10.512    cpu_inst/data_mem_inst_n_243
    SLICE_X9Y10          CARRY4 (Prop_carry4_S[2]_CO[3])
                                                      0.398    10.910 r  cpu_inst/ex_branch_taken0_inferred__0/i__carry/CO[3]
                         net (fo=1, routed)           0.000    10.910    cpu_inst/ex_branch_taken0_inferred__0/i__carry_n_0
    SLICE_X9Y11          CARRY4 (Prop_carry4_CI_CO[3])
                                                      0.114    11.024 r  cpu_inst/ex_branch_taken0_inferred__0/i__carry__0/CO[3]
                         net (fo=1, routed)           0.000    11.024    cpu_inst/ex_branch_taken0_inferred__0/i__carry__0_n_0
    SLICE_X9Y12          CARRY4 (Prop_carry4_CI_CO[2])
                                                      0.228    11.252 f  cpu_inst/ex_branch_taken0_inferred__0/i__carry__1/CO[2]
                         net (fo=39, routed)          0.614    11.866    cpu_inst/data_mem_inst/CO[0]
    SLICE_X9Y17          LUT6 (Prop_lut6_I4_O)        0.313    12.179 r  cpu_inst/data_mem_inst/id_ex_reg[imm_ext][12]_i_1/O
                         net (fo=130, routed)         0.439    12.618    cpu_inst/data_mem_inst/id_ex_reg_reg[valid]_1
    SLICE_X9Y18          LUT3 (Prop_lut3_I2_O)        0.124    12.742 r  cpu_inst/data_mem_inst/id_ex_reg[operand_b][31]_i_1/O
                         net (fo=32, routed)          0.723    13.465    cpu_inst/data_mem_inst_n_143
    SLICE_X12Y17         FDRE                                         r  cpu_inst/id_ex_reg_reg[operand_b][28]/R
  -------------------------------------------------------------------    -------------------

                         (clock sys_clk_pin rise edge)
                                                      9.240     9.240 r  <hidden>
                         propagated clock network latency
                                                      4.783    14.023    <hidden>
                         clock pessimism              0.260    14.283    <hidden>
                         clock uncertainty           -0.035    14.248    <hidden>
    SLICE_X12Y17         FDRE (Setup_fdre_C_R)       -0.524    13.724    cpu_inst/id_ex_reg_reg[operand_b][28]
  -------------------------------------------------------------------
                         required time                         13.724    <hidden>
                         arrival time                         -13.465    <hidden>
  -------------------------------------------------------------------
                         slack                                  0.259    <hidden>

Slack (MET) :             0.259ns  (required time - arrival time)
  Source:                 cpu_inst/data_mem_inst/mem_reg/CLKARDCLK
                            (rising edge-triggered cell RAMB18E1 clocked by sys_clk_pin  {rise@0.000ns fall@4.620ns period=9.240ns})
  Destination:            cpu_inst/id_ex_reg_reg[operand_b][9]/R
                            (rising edge-triggered cell FDRE clocked by sys_clk_pin  {rise@0.000ns fall@4.620ns period=9.240ns})
  Path Group:             sys_clk_pin
  Path Type:              Setup (Max at Slow Process Corner)
  Requirement:            9.240ns  (sys_clk_pin rise@9.240ns - sys_clk_pin rise@0.000ns)
  Data Path Delay:        8.338ns  (logic 4.003ns (48.011%)  route 4.335ns (51.988%))
  Logic Levels:           8  (CARRY4=3 LUT3=2 LUT5=1 LUT6=2)
  Clock Path Skew:        -0.084ns (DCD - SCD + CPR)
    Destination Clock Delay (DCD):    4.783ns = ( 14.023 - 9.240 ) 
    Source Clock Delay      (SCD):    5.128ns
    Clock Pessimism Removal (CPR):    0.260ns
  Clock Uncertainty:      0.035ns  ((TSJ^2 + TIJ^2)^1/2 + DJ) / 2 + PE
    Total System Jitter     (TSJ):    0.071ns
    Total Input Jitter      (TIJ):    0.000ns
    Discrete Jitter          (DJ):    0.000ns
    Phase Error              (PE):    0.000ns

    Location             Delay type                Incr(ns)  Path(ns)    Netlist Resource(s)
  -------------------------------------------------------------------    -------------------
                         (clock sys_clk_pin rise edge)
                                                      0.000     0.000 r  <hidden>
                         propagated clock network latency
                                                      5.128     5.128    <hidden>
    RAMB18_X0Y4          RAMB18E1                     0.000     5.128 r  cpu_inst/data_mem_inst/mem_reg/CLKARDCLK
    RAMB18_X0Y4          RAMB18E1 (Prop_ramb18e1_CLKARDCLK_DOADO[7])
                                                      2.454     7.582 r  cpu_inst/data_mem_inst/mem_reg/DOADO[7]
                         net (fo=2, routed)           0.913     8.495    cpu_inst/data_mem_inst/mem_reg_n_8
    SLICE_X9Y16          LUT3 (Prop_lut3_I0_O)        0.124     8.619 r  cpu_inst/data_mem_inst/regs[1][7]_i_1/O
                         net (fo=35, routed)          0.605     9.224    cpu_inst/data_mem_inst/wb_write_data[7]
    SLICE_X9Y16          LUT5 (Prop_lut5_I4_O)        0.124     9.348 r  cpu_inst/data_mem_inst/ex_mem_reg[store_data][7]_i_1/O
                         net (fo=4, routed)           1.040    10.388    cpu_inst/data_mem_inst/ex_store_data[7]
    SLICE_X9Y10          LUT6 (Prop_lut6_I0_O)        0.124    10.512 r  cpu_inst/data_mem_inst/i__carry_i_2/O
                         net (fo=1, routed)           0.000    10.512    cpu_inst/data_mem_inst_n_243
    SLICE_X9Y10          CARRY4 (Prop_carry4_S[2]_CO[3])
                                                      0.398    10.910 r  cpu_inst/ex_branch_taken0_inferred__0/i__carry/CO[3]
                         net (fo=1, routed)           0.000    10.910    cpu_inst/ex_branch_taken0_inferred__0/i__carry_n_0
    SLICE_X9Y11          CARRY4 (Prop_carry4_CI_CO[3])
                                                      0.114    11.024 r  cpu_inst/ex_branch_taken0_inferred__0/i__carry__0/CO[3]
                         net (fo=1, routed)           0.000    11.024    cpu_inst/ex_branch_taken0_inferred__0/i__carry__0_n_0
    SLICE_X9Y12          CARRY4 (Prop_carry4_CI_CO[2])
                                                      0.228    11.252 f  cpu_inst/ex_branch_taken0_inferred__0/i__carry__1/CO[2]
                         net (fo=39, routed)          0.614    11.866    cpu_inst/data_mem_inst/CO[0]
    SLICE_X9Y17          LUT6 (Prop_lut6_I4_O)        0.313    12.179 r  cpu_inst/data_mem_inst/id_ex_reg[imm_ext][12]_i_1/O
                         net (fo=130, routed)         0.439    12.618    cpu_inst/data_mem_inst/id_ex_reg_reg[valid]_1
    SLICE_X9Y18          LUT3 (Prop_lut3_I2_O)        0.124    12.742 r  cpu_inst/data_mem_inst/id_ex_reg[operand_b][31]_i_1/O
                         net (fo=32, routed)          0.723    13.465    cpu_inst/data_mem_inst_n_143
    SLICE_X12Y17         FDRE                                         r  cpu_inst/id_ex_reg_reg[operand_b][9]/R
  -------------------------------------------------------------------    -------------------

                         (clock sys_clk_pin rise edge)
                                                      9.240     9.240 r  <hidden>
                         propagated clock network latency
                                                      4.783    14.023    <hidden>
                         clock pessimism              0.260    14.283    <hidden>
                         clock uncertainty           -0.035    14.248    <hidden>
    SLICE_X12Y17         FDRE (Setup_fdre_C_R)       -0.524    13.724    cpu_inst/id_ex_reg_reg[operand_b][9]
  -------------------------------------------------------------------
                         required time                         13.724    <hidden>
                         arrival time                         -13.465    <hidden>
  -------------------------------------------------------------------
                         slack                                  0.259    <hidden>

Slack (MET) :             0.259ns  (required time - arrival time)
  Source:                 cpu_inst/data_mem_inst/mem_reg/CLKARDCLK
                            (rising edge-triggered cell RAMB18E1 clocked by sys_clk_pin  {rise@0.000ns fall@4.620ns period=9.240ns})
  Destination:            cpu_inst/id_ex_reg_reg[operand_a][16]/R
                            (rising edge-triggered cell FDRE clocked by sys_clk_pin  {rise@0.000ns fall@4.620ns period=9.240ns})
  Path Group:             sys_clk_pin
  Path Type:              Setup (Max at Slow Process Corner)
  Requirement:            9.240ns  (sys_clk_pin rise@9.240ns - sys_clk_pin rise@0.000ns)
  Data Path Delay:        8.347ns  (logic 4.003ns (47.956%)  route 4.344ns (52.044%))
  Logic Levels:           8  (CARRY4=3 LUT3=2 LUT5=1 LUT6=2)
  Clock Path Skew:        -0.074ns (DCD - SCD + CPR)
    Destination Clock Delay (DCD):    4.779ns = ( 14.019 - 9.240 ) 
    Source Clock Delay      (SCD):    5.128ns
    Clock Pessimism Removal (CPR):    0.274ns
  Clock Uncertainty:      0.035ns  ((TSJ^2 + TIJ^2)^1/2 + DJ) / 2 + PE
    Total System Jitter     (TSJ):    0.071ns
    Total Input Jitter      (TIJ):    0.000ns
    Discrete Jitter          (DJ):    0.000ns
    Phase Error              (PE):    0.000ns

    Location             Delay type                Incr(ns)  Path(ns)    Netlist Resource(s)
  -------------------------------------------------------------------    -------------------
                         (clock sys_clk_pin rise edge)
                                                      0.000     0.000 r  <hidden>
                         propagated clock network latency
                                                      5.128     5.128    <hidden>
    RAMB18_X0Y4          RAMB18E1                     0.000     5.128 r  cpu_inst/data_mem_inst/mem_reg/CLKARDCLK
    RAMB18_X0Y4          RAMB18E1 (Prop_ramb18e1_CLKARDCLK_DOADO[7])
                                                      2.454     7.582 r  cpu_inst/data_mem_inst/mem_reg/DOADO[7]
                         net (fo=2, routed)           0.913     8.495    cpu_inst/data_mem_inst/mem_reg_n_8
    SLICE_X9Y16          LUT3 (Prop_lut3_I0_O)        0.124     8.619 r  cpu_inst/data_mem_inst/regs[1][7]_i_1/O
                         net (fo=35, routed)          0.605     9.224    cpu_inst/data_mem_inst/wb_write_data[7]
    SLICE_X9Y16          LUT5 (Prop_lut5_I4_O)        0.124     9.348 r  cpu_inst/data_mem_inst/ex_mem_reg[store_data][7]_i_1/O
                         net (fo=4, routed)           1.040    10.388    cpu_inst/data_mem_inst/ex_store_data[7]
    SLICE_X9Y10          LUT6 (Prop_lut6_I0_O)        0.124    10.512 r  cpu_inst/data_mem_inst/i__carry_i_2/O
                         net (fo=1, routed)           0.000    10.512    cpu_inst/data_mem_inst_n_243
    SLICE_X9Y10          CARRY4 (Prop_carry4_S[2]_CO[3])
                                                      0.398    10.910 r  cpu_inst/ex_branch_taken0_inferred__0/i__carry/CO[3]
                         net (fo=1, routed)           0.000    10.910    cpu_inst/ex_branch_taken0_inferred__0/i__carry_n_0
    SLICE_X9Y11          CARRY4 (Prop_carry4_CI_CO[3])
                                                      0.114    11.024 r  cpu_inst/ex_branch_taken0_inferred__0/i__carry__0/CO[3]
                         net (fo=1, routed)           0.000    11.024    cpu_inst/ex_branch_taken0_inferred__0/i__carry__0_n_0
    SLICE_X9Y12          CARRY4 (Prop_carry4_CI_CO[2])
                                                      0.228    11.252 f  cpu_inst/ex_branch_taken0_inferred__0/i__carry__1/CO[2]
                         net (fo=39, routed)          0.614    11.866    cpu_inst/data_mem_inst/CO[0]
    SLICE_X9Y17          LUT6 (Prop_lut6_I4_O)        0.313    12.179 r  cpu_inst/data_mem_inst/id_ex_reg[imm_ext][12]_i_1/O
                         net (fo=130, routed)         0.443    12.622    cpu_inst/data_mem_inst/id_ex_reg_reg[valid]_1
    SLICE_X9Y18          LUT3 (Prop_lut3_I2_O)        0.124    12.746 r  cpu_inst/data_mem_inst/id_ex_reg[operand_a][31]_i_1/O
                         net (fo=32, routed)          0.729    13.475    cpu_inst/data_mem_inst_n_141
    SLICE_X8Y21          FDRE                                         r  cpu_inst/id_ex_reg_reg[operand_a][16]/R
  -------------------------------------------------------------------    -------------------

                         (clock sys_clk_pin rise edge)
                                                      9.240     9.240 r  <hidden>
                         propagated clock network latency
                                                      4.779    14.019    <hidden>
                         clock pessimism              0.274    14.293    <hidden>
                         clock uncertainty           -0.035    14.258    <hidden>
    SLICE_X8Y21          FDRE (Setup_fdre_C_R)       -0.524    13.734    cpu_inst/id_ex_reg_reg[operand_a][16]
  -------------------------------------------------------------------
                         required time                         13.734    <hidden>
                         arrival time                         -13.475    <hidden>
  -------------------------------------------------------------------
                         slack                                  0.259    <hidden>

Slack (MET) :             0.259ns  (required time - arrival time)
  Source:                 cpu_inst/data_mem_inst/mem_reg/CLKARDCLK
                            (rising edge-triggered cell RAMB18E1 clocked by sys_clk_pin  {rise@0.000ns fall@4.620ns period=9.240ns})
  Destination:            cpu_inst/id_ex_reg_reg[operand_a][25]/R
                            (rising edge-triggered cell FDRE clocked by sys_clk_pin  {rise@0.000ns fall@4.620ns period=9.240ns})
  Path Group:             sys_clk_pin
  Path Type:              Setup (Max at Slow Process Corner)
  Requirement:            9.240ns  (sys_clk_pin rise@9.240ns - sys_clk_pin rise@0.000ns)
  Data Path Delay:        8.347ns  (logic 4.003ns (47.956%)  route 4.344ns (52.044%))
  Logic Levels:           8  (CARRY4=3 LUT3=2 LUT5=1 LUT6=2)
  Clock Path Skew:        -0.074ns (DCD - SCD + CPR)
    Destination Clock Delay (DCD):    4.779ns = ( 14.019 - 9.240 ) 
    Source Clock Delay      (SCD):    5.128ns
    Clock Pessimism Removal (CPR):    0.274ns
  Clock Uncertainty:      0.035ns  ((TSJ^2 + TIJ^2)^1/2 + DJ) / 2 + PE
    Total System Jitter     (TSJ):    0.071ns
    Total Input Jitter      (TIJ):    0.000ns
    Discrete Jitter          (DJ):    0.000ns
    Phase Error              (PE):    0.000ns

    Location             Delay type                Incr(ns)  Path(ns)    Netlist Resource(s)
  -------------------------------------------------------------------    -------------------
                         (clock sys_clk_pin rise edge)
                                                      0.000     0.000 r  <hidden>
                         propagated clock network latency
                                                      5.128     5.128    <hidden>
    RAMB18_X0Y4          RAMB18E1                     0.000     5.128 r  cpu_inst/data_mem_inst/mem_reg/CLKARDCLK
    RAMB18_X0Y4          RAMB18E1 (Prop_ramb18e1_CLKARDCLK_DOADO[7])
                                                      2.454     7.582 r  cpu_inst/data_mem_inst/mem_reg/DOADO[7]
                         net (fo=2, routed)           0.913     8.495    cpu_inst/data_mem_inst/mem_reg_n_8
    SLICE_X9Y16          LUT3 (Prop_lut3_I0_O)        0.124     8.619 r  cpu_inst/data_mem_inst/regs[1][7]_i_1/O
                         net (fo=35, routed)          0.605     9.224    cpu_inst/data_mem_inst/wb_write_data[7]
    SLICE_X9Y16          LUT5 (Prop_lut5_I4_O)        0.124     9.348 r  cpu_inst/data_mem_inst/ex_mem_reg[store_data][7]_i_1/O
                         net (fo=4, routed)           1.040    10.388    cpu_inst/data_mem_inst/ex_store_data[7]
    SLICE_X9Y10          LUT6 (Prop_lut6_I0_O)        0.124    10.512 r  cpu_inst/data_mem_inst/i__carry_i_2/O
                         net (fo=1, routed)           0.000    10.512    cpu_inst/data_mem_inst_n_243
    SLICE_X9Y10          CARRY4 (Prop_carry4_S[2]_CO[3])
                                                      0.398    10.910 r  cpu_inst/ex_branch_taken0_inferred__0/i__carry/CO[3]
                         net (fo=1, routed)           0.000    10.910    cpu_inst/ex_branch_taken0_inferred__0/i__carry_n_0
    SLICE_X9Y11          CARRY4 (Prop_carry4_CI_CO[3])
                                                      0.114    11.024 r  cpu_inst/ex_branch_taken0_inferred__0/i__carry__0/CO[3]
                         net (fo=1, routed)           0.000    11.024    cpu_inst/ex_branch_taken0_inferred__0/i__carry__0_n_0
    SLICE_X9Y12          CARRY4 (Prop_carry4_CI_CO[2])
                                                      0.228    11.252 f  cpu_inst/ex_branch_taken0_inferred__0/i__carry__1/CO[2]
                         net (fo=39, routed)          0.614    11.866    cpu_inst/data_mem_inst/CO[0]
    SLICE_X9Y17          LUT6 (Prop_lut6_I4_O)        0.313    12.179 r  cpu_inst/data_mem_inst/id_ex_reg[imm_ext][12]_i_1/O
                         net (fo=130, routed)         0.443    12.622    cpu_inst/data_mem_inst/id_ex_reg_reg[valid]_1
    SLICE_X9Y18          LUT3 (Prop_lut3_I2_O)        0.124    12.746 r  cpu_inst/data_mem_inst/id_ex_reg[operand_a][31]_i_1/O
                         net (fo=32, routed)          0.729    13.475    cpu_inst/data_mem_inst_n_141
    SLICE_X8Y21          FDRE                                         r  cpu_inst/id_ex_reg_reg[operand_a][25]/R
  -------------------------------------------------------------------    -------------------

                         (clock sys_clk_pin rise edge)
                                                      9.240     9.240 r  <hidden>
                         propagated clock network latency
                                                      4.779    14.019    <hidden>
                         clock pessimism              0.274    14.293    <hidden>
                         clock uncertainty           -0.035    14.258    <hidden>
    SLICE_X8Y21          FDRE (Setup_fdre_C_R)       -0.524    13.734    cpu_inst/id_ex_reg_reg[operand_a][25]
  -------------------------------------------------------------------
                         required time                         13.734    <hidden>
                         arrival time                         -13.475    <hidden>
  -------------------------------------------------------------------
                         slack                                  0.259    <hidden>

Slack (MET) :             0.259ns  (required time - arrival time)
  Source:                 cpu_inst/data_mem_inst/mem_reg/CLKARDCLK
                            (rising edge-triggered cell RAMB18E1 clocked by sys_clk_pin  {rise@0.000ns fall@4.620ns period=9.240ns})
  Destination:            cpu_inst/id_ex_reg_reg[operand_a][29]/R
                            (rising edge-triggered cell FDRE clocked by sys_clk_pin  {rise@0.000ns fall@4.620ns period=9.240ns})
  Path Group:             sys_clk_pin
  Path Type:              Setup (Max at Slow Process Corner)
  Requirement:            9.240ns  (sys_clk_pin rise@9.240ns - sys_clk_pin rise@0.000ns)
  Data Path Delay:        8.347ns  (logic 4.003ns (47.956%)  route 4.344ns (52.044%))
  Logic Levels:           8  (CARRY4=3 LUT3=2 LUT5=1 LUT6=2)
  Clock Path Skew:        -0.074ns (DCD - SCD + CPR)
    Destination Clock Delay (DCD):    4.779ns = ( 14.019 - 9.240 ) 
    Source Clock Delay      (SCD):    5.128ns
    Clock Pessimism Removal (CPR):    0.274ns
  Clock Uncertainty:      0.035ns  ((TSJ^2 + TIJ^2)^1/2 + DJ) / 2 + PE
    Total System Jitter     (TSJ):    0.071ns
    Total Input Jitter      (TIJ):    0.000ns
    Discrete Jitter          (DJ):    0.000ns
    Phase Error              (PE):    0.000ns

    Location             Delay type                Incr(ns)  Path(ns)    Netlist Resource(s)
  -------------------------------------------------------------------    -------------------
                         (clock sys_clk_pin rise edge)
                                                      0.000     0.000 r  <hidden>
                         propagated clock network latency
                                                      5.128     5.128    <hidden>
    RAMB18_X0Y4          RAMB18E1                     0.000     5.128 r  cpu_inst/data_mem_inst/mem_reg/CLKARDCLK
    RAMB18_X0Y4          RAMB18E1 (Prop_ramb18e1_CLKARDCLK_DOADO[7])
                                                      2.454     7.582 r  cpu_inst/data_mem_inst/mem_reg/DOADO[7]
                         net (fo=2, routed)           0.913     8.495    cpu_inst/data_mem_inst/mem_reg_n_8
    SLICE_X9Y16          LUT3 (Prop_lut3_I0_O)        0.124     8.619 r  cpu_inst/data_mem_inst/regs[1][7]_i_1/O
                         net (fo=35, routed)          0.605     9.224    cpu_inst/data_mem_inst/wb_write_data[7]
    SLICE_X9Y16          LUT5 (Prop_lut5_I4_O)        0.124     9.348 r  cpu_inst/data_mem_inst/ex_mem_reg[store_data][7]_i_1/O
                         net (fo=4, routed)           1.040    10.388    cpu_inst/data_mem_inst/ex_store_data[7]
    SLICE_X9Y10          LUT6 (Prop_lut6_I0_O)        0.124    10.512 r  cpu_inst/data_mem_inst/i__carry_i_2/O
                         net (fo=1, routed)           0.000    10.512    cpu_inst/data_mem_inst_n_243
    SLICE_X9Y10          CARRY4 (Prop_carry4_S[2]_CO[3])
                                                      0.398    10.910 r  cpu_inst/ex_branch_taken0_inferred__0/i__carry/CO[3]
                         net (fo=1, routed)           0.000    10.910    cpu_inst/ex_branch_taken0_inferred__0/i__carry_n_0
    SLICE_X9Y11          CARRY4 (Prop_carry4_CI_CO[3])
                                                      0.114    11.024 r  cpu_inst/ex_branch_taken0_inferred__0/i__carry__0/CO[3]
                         net (fo=1, routed)           0.000    11.024    cpu_inst/ex_branch_taken0_inferred__0/i__carry__0_n_0
    SLICE_X9Y12          CARRY4 (Prop_carry4_CI_CO[2])
                                                      0.228    11.252 f  cpu_inst/ex_branch_taken0_inferred__0/i__carry__1/CO[2]
                         net (fo=39, routed)          0.614    11.866    cpu_inst/data_mem_inst/CO[0]
    SLICE_X9Y17          LUT6 (Prop_lut6_I4_O)        0.313    12.179 r  cpu_inst/data_mem_inst/id_ex_reg[imm_ext][12]_i_1/O
                         net (fo=130, routed)         0.443    12.622    cpu_inst/data_mem_inst/id_ex_reg_reg[valid]_1
    SLICE_X9Y18          LUT3 (Prop_lut3_I2_O)        0.124    12.746 r  cpu_inst/data_mem_inst/id_ex_reg[operand_a][31]_i_1/O
                         net (fo=32, routed)          0.729    13.475    cpu_inst/data_mem_inst_n_141
    SLICE_X8Y21          FDRE                                         r  cpu_inst/id_ex_reg_reg[operand_a][29]/R
  -------------------------------------------------------------------    -------------------

                         (clock sys_clk_pin rise edge)
                                                      9.240     9.240 r  <hidden>
                         propagated clock network latency
                                                      4.779    14.019    <hidden>
                         clock pessimism              0.274    14.293    <hidden>
                         clock uncertainty           -0.035    14.258    <hidden>
    SLICE_X8Y21          FDRE (Setup_fdre_C_R)       -0.524    13.734    cpu_inst/id_ex_reg_reg[operand_a][29]
  -------------------------------------------------------------------
                         required time                         13.734    <hidden>
                         arrival time                         -13.475    <hidden>
  -------------------------------------------------------------------
                         slack                                  0.259    <hidden>

Slack (MET) :             0.259ns  (required time - arrival time)
  Source:                 cpu_inst/data_mem_inst/mem_reg/CLKARDCLK
                            (rising edge-triggered cell RAMB18E1 clocked by sys_clk_pin  {rise@0.000ns fall@4.620ns period=9.240ns})
  Destination:            cpu_inst/id_ex_reg_reg[operand_a][3]/R
                            (rising edge-triggered cell FDRE clocked by sys_clk_pin  {rise@0.000ns fall@4.620ns period=9.240ns})
  Path Group:             sys_clk_pin
  Path Type:              Setup (Max at Slow Process Corner)
  Requirement:            9.240ns  (sys_clk_pin rise@9.240ns - sys_clk_pin rise@0.000ns)
  Data Path Delay:        8.347ns  (logic 4.003ns (47.956%)  route 4.344ns (52.044%))
  Logic Levels:           8  (CARRY4=3 LUT3=2 LUT5=1 LUT6=2)
  Clock Path Skew:        -0.074ns (DCD - SCD + CPR)
    Destination Clock Delay (DCD):    4.779ns = ( 14.019 - 9.240 ) 
    Source Clock Delay      (SCD):    5.128ns
    Clock Pessimism Removal (CPR):    0.274ns
  Clock Uncertainty:      0.035ns  ((TSJ^2 + TIJ^2)^1/2 + DJ) / 2 + PE
    Total System Jitter     (TSJ):    0.071ns
    Total Input Jitter      (TIJ):    0.000ns
    Discrete Jitter          (DJ):    0.000ns
    Phase Error              (PE):    0.000ns

    Location             Delay type                Incr(ns)  Path(ns)    Netlist Resource(s)
  -------------------------------------------------------------------    -------------------
                         (clock sys_clk_pin rise edge)
                                                      0.000     0.000 r  <hidden>
                         propagated clock network latency
                                                      5.128     5.128    <hidden>
    RAMB18_X0Y4          RAMB18E1                     0.000     5.128 r  cpu_inst/data_mem_inst/mem_reg/CLKARDCLK
    RAMB18_X0Y4          RAMB18E1 (Prop_ramb18e1_CLKARDCLK_DOADO[7])
                                                      2.454     7.582 r  cpu_inst/data_mem_inst/mem_reg/DOADO[7]
                         net (fo=2, routed)           0.913     8.495    cpu_inst/data_mem_inst/mem_reg_n_8
    SLICE_X9Y16          LUT3 (Prop_lut3_I0_O)        0.124     8.619 r  cpu_inst/data_mem_inst/regs[1][7]_i_1/O
                         net (fo=35, routed)          0.605     9.224    cpu_inst/data_mem_inst/wb_write_data[7]
    SLICE_X9Y16          LUT5 (Prop_lut5_I4_O)        0.124     9.348 r  cpu_inst/data_mem_inst/ex_mem_reg[store_data][7]_i_1/O
                         net (fo=4, routed)           1.040    10.388    cpu_inst/data_mem_inst/ex_store_data[7]
    SLICE_X9Y10          LUT6 (Prop_lut6_I0_O)        0.124    10.512 r  cpu_inst/data_mem_inst/i__carry_i_2/O
                         net (fo=1, routed)           0.000    10.512    cpu_inst/data_mem_inst_n_243
    SLICE_X9Y10          CARRY4 (Prop_carry4_S[2]_CO[3])
                                                      0.398    10.910 r  cpu_inst/ex_branch_taken0_inferred__0/i__carry/CO[3]
                         net (fo=1, routed)           0.000    10.910    cpu_inst/ex_branch_taken0_inferred__0/i__carry_n_0
    SLICE_X9Y11          CARRY4 (Prop_carry4_CI_CO[3])
                                                      0.114    11.024 r  cpu_inst/ex_branch_taken0_inferred__0/i__carry__0/CO[3]
                         net (fo=1, routed)           0.000    11.024    cpu_inst/ex_branch_taken0_inferred__0/i__carry__0_n_0
    SLICE_X9Y12          CARRY4 (Prop_carry4_CI_CO[2])
                                                      0.228    11.252 f  cpu_inst/ex_branch_taken0_inferred__0/i__carry__1/CO[2]
                         net (fo=39, routed)          0.614    11.866    cpu_inst/data_mem_inst/CO[0]
    SLICE_X9Y17          LUT6 (Prop_lut6_I4_O)        0.313    12.179 r  cpu_inst/data_mem_inst/id_ex_reg[imm_ext][12]_i_1/O
                         net (fo=130, routed)         0.443    12.622    cpu_inst/data_mem_inst/id_ex_reg_reg[valid]_1
    SLICE_X9Y18          LUT3 (Prop_lut3_I2_O)        0.124    12.746 r  cpu_inst/data_mem_inst/id_ex_reg[operand_a][31]_i_1/O
                         net (fo=32, routed)          0.729    13.475    cpu_inst/data_mem_inst_n_141
    SLICE_X8Y21          FDRE                                         r  cpu_inst/id_ex_reg_reg[operand_a][3]/R
  -------------------------------------------------------------------    -------------------

                         (clock sys_clk_pin rise edge)
                                                      9.240     9.240 r  <hidden>
                         propagated clock network latency
                                                      4.779    14.019    <hidden>
                         clock pessimism              0.274    14.293    <hidden>
                         clock uncertainty           -0.035    14.258    <hidden>
    SLICE_X8Y21          FDRE (Setup_fdre_C_R)       -0.524    13.734    cpu_inst/id_ex_reg_reg[operand_a][3]
  -------------------------------------------------------------------
                         required time                         13.734    <hidden>
                         arrival time                         -13.475    <hidden>
  -------------------------------------------------------------------
                         slack                                  0.259    <hidden>

Slack (MET) :             0.271ns  (required time - arrival time)
  Source:                 cpu_inst/data_mem_inst/mem_reg/CLKARDCLK
                            (rising edge-triggered cell RAMB18E1 clocked by sys_clk_pin  {rise@0.000ns fall@4.620ns period=9.240ns})
  Destination:            cpu_inst/fetch_buffer_instruction_reg[19]/CE
                            (rising edge-triggered cell FDRE clocked by sys_clk_pin  {rise@0.000ns fall@4.620ns period=9.240ns})
  Path Group:             sys_clk_pin
  Path Type:              Setup (Max at Slow Process Corner)
  Requirement:            9.240ns  (sys_clk_pin rise@9.240ns - sys_clk_pin rise@0.000ns)
  Data Path Delay:        8.666ns  (logic 4.003ns (46.194%)  route 4.663ns (53.806%))
  Logic Levels:           8  (CARRY4=3 LUT3=1 LUT4=1 LUT5=1 LUT6=2)
  Clock Path Skew:        -0.063ns (DCD - SCD + CPR)
    Destination Clock Delay (DCD):    4.790ns = ( 14.030 - 9.240 ) 
    Source Clock Delay      (SCD):    5.128ns
    Clock Pessimism Removal (CPR):    0.274ns
  Clock Uncertainty:      0.035ns  ((TSJ^2 + TIJ^2)^1/2 + DJ) / 2 + PE
    Total System Jitter     (TSJ):    0.071ns
    Total Input Jitter      (TIJ):    0.000ns
    Discrete Jitter          (DJ):    0.000ns
    Phase Error              (PE):    0.000ns

    Location             Delay type                Incr(ns)  Path(ns)    Netlist Resource(s)
  -------------------------------------------------------------------    -------------------
                         (clock sys_clk_pin rise edge)
                                                      0.000     0.000 r  <hidden>
                         propagated clock network latency
                                                      5.128     5.128    <hidden>
    RAMB18_X0Y4          RAMB18E1                     0.000     5.128 r  cpu_inst/data_mem_inst/mem_reg/CLKARDCLK
    RAMB18_X0Y4          RAMB18E1 (Prop_ramb18e1_CLKARDCLK_DOADO[7])
                                                      2.454     7.582 r  cpu_inst/data_mem_inst/mem_reg/DOADO[7]
                         net (fo=2, routed)           0.913     8.495    cpu_inst/data_mem_inst/mem_reg_n_8
    SLICE_X9Y16          LUT3 (Prop_lut3_I0_O)        0.124     8.619 r  cpu_inst/data_mem_inst/regs[1][7]_i_1/O
                         net (fo=35, routed)          0.605     9.224    cpu_inst/data_mem_inst/wb_write_data[7]
    SLICE_X9Y16          LUT5 (Prop_lut5_I4_O)        0.124     9.348 r  cpu_inst/data_mem_inst/ex_mem_reg[store_data][7]_i_1/O
                         net (fo=4, routed)           1.040    10.388    cpu_inst/data_mem_inst/ex_store_data[7]
    SLICE_X9Y10          LUT6 (Prop_lut6_I0_O)        0.124    10.512 r  cpu_inst/data_mem_inst/i__carry_i_2/O
                         net (fo=1, routed)           0.000    10.512    cpu_inst/data_mem_inst_n_243
    SLICE_X9Y10          CARRY4 (Prop_carry4_S[2]_CO[3])
                                                      0.398    10.910 r  cpu_inst/ex_branch_taken0_inferred__0/i__carry/CO[3]
                         net (fo=1, routed)           0.000    10.910    cpu_inst/ex_branch_taken0_inferred__0/i__carry_n_0
    SLICE_X9Y11          CARRY4 (Prop_carry4_CI_CO[3])
                                                      0.114    11.024 r  cpu_inst/ex_branch_taken0_inferred__0/i__carry__0/CO[3]
                         net (fo=1, routed)           0.000    11.024    cpu_inst/ex_branch_taken0_inferred__0/i__carry__0_n_0
    SLICE_X9Y12          CARRY4 (Prop_carry4_CI_CO[2])
                                                      0.228    11.252 f  cpu_inst/ex_branch_taken0_inferred__0/i__carry__1/CO[2]
                         net (fo=39, routed)          0.560    11.812    cpu_inst/data_mem_inst/CO[0]
    SLICE_X9Y13          LUT4 (Prop_lut4_I2_O)        0.313    12.125 f  cpu_inst/data_mem_inst/fetch_buffer_instruction[31]_i_2/O
                         net (fo=8, routed)           0.778    12.903    cpu_inst/data_mem_inst/fetch_buffer_instruction[31]_i_2_n_0
    SLICE_X7Y6           LUT6 (Prop_lut6_I3_O)        0.124    13.027 r  cpu_inst/data_mem_inst/fetch_buffer_instruction[31]_i_1/O
                         net (fo=63, routed)          0.766    13.793    cpu_inst/fetch_buffer_pc[0]
    SLICE_X9Y8           FDRE                                         r  cpu_inst/fetch_buffer_instruction_reg[19]/CE
  -------------------------------------------------------------------    -------------------

                         (clock sys_clk_pin rise edge)
                                                      9.240     9.240 r  <hidden>
                         propagated clock network latency
                                                      4.790    14.030    <hidden>
                         clock pessimism              0.274    14.304    <hidden>
                         clock uncertainty           -0.035    14.269    <hidden>
    SLICE_X9Y8           FDRE (Setup_fdre_C_CE)      -0.205    14.064    cpu_inst/fetch_buffer_instruction_reg[19]
  -------------------------------------------------------------------
                         required time                         14.064    <hidden>
                         arrival time                         -13.793    <hidden>
  -------------------------------------------------------------------
                         slack                                  0.271    <hidden>

Slack (MET) :             0.271ns  (required time - arrival time)
  Source:                 cpu_inst/data_mem_inst/mem_reg/CLKARDCLK
                            (rising edge-triggered cell RAMB18E1 clocked by sys_clk_pin  {rise@0.000ns fall@4.620ns period=9.240ns})
  Destination:            cpu_inst/fetch_buffer_instruction_reg[29]/CE
                            (rising edge-triggered cell FDRE clocked by sys_clk_pin  {rise@0.000ns fall@4.620ns period=9.240ns})
  Path Group:             sys_clk_pin
  Path Type:              Setup (Max at Slow Process Corner)
  Requirement:            9.240ns  (sys_clk_pin rise@9.240ns - sys_clk_pin rise@0.000ns)
  Data Path Delay:        8.666ns  (logic 4.003ns (46.194%)  route 4.663ns (53.806%))
  Logic Levels:           8  (CARRY4=3 LUT3=1 LUT4=1 LUT5=1 LUT6=2)
  Clock Path Skew:        -0.063ns (DCD - SCD + CPR)
    Destination Clock Delay (DCD):    4.790ns = ( 14.030 - 9.240 ) 
    Source Clock Delay      (SCD):    5.128ns
    Clock Pessimism Removal (CPR):    0.274ns
  Clock Uncertainty:      0.035ns  ((TSJ^2 + TIJ^2)^1/2 + DJ) / 2 + PE
    Total System Jitter     (TSJ):    0.071ns
    Total Input Jitter      (TIJ):    0.000ns
    Discrete Jitter          (DJ):    0.000ns
    Phase Error              (PE):    0.000ns

    Location             Delay type                Incr(ns)  Path(ns)    Netlist Resource(s)
  -------------------------------------------------------------------    -------------------
                         (clock sys_clk_pin rise edge)
                                                      0.000     0.000 r  <hidden>
                         propagated clock network latency
                                                      5.128     5.128    <hidden>
    RAMB18_X0Y4          RAMB18E1                     0.000     5.128 r  cpu_inst/data_mem_inst/mem_reg/CLKARDCLK
    RAMB18_X0Y4          RAMB18E1 (Prop_ramb18e1_CLKARDCLK_DOADO[7])
                                                      2.454     7.582 r  cpu_inst/data_mem_inst/mem_reg/DOADO[7]
                         net (fo=2, routed)           0.913     8.495    cpu_inst/data_mem_inst/mem_reg_n_8
    SLICE_X9Y16          LUT3 (Prop_lut3_I0_O)        0.124     8.619 r  cpu_inst/data_mem_inst/regs[1][7]_i_1/O
                         net (fo=35, routed)          0.605     9.224    cpu_inst/data_mem_inst/wb_write_data[7]
    SLICE_X9Y16          LUT5 (Prop_lut5_I4_O)        0.124     9.348 r  cpu_inst/data_mem_inst/ex_mem_reg[store_data][7]_i_1/O
                         net (fo=4, routed)           1.040    10.388    cpu_inst/data_mem_inst/ex_store_data[7]
    SLICE_X9Y10          LUT6 (Prop_lut6_I0_O)        0.124    10.512 r  cpu_inst/data_mem_inst/i__carry_i_2/O
                         net (fo=1, routed)           0.000    10.512    cpu_inst/data_mem_inst_n_243
    SLICE_X9Y10          CARRY4 (Prop_carry4_S[2]_CO[3])
                                                      0.398    10.910 r  cpu_inst/ex_branch_taken0_inferred__0/i__carry/CO[3]
                         net (fo=1, routed)           0.000    10.910    cpu_inst/ex_branch_taken0_inferred__0/i__carry_n_0
    SLICE_X9Y11          CARRY4 (Prop_carry4_CI_CO[3])
                                                      0.114    11.024 r  cpu_inst/ex_branch_taken0_inferred__0/i__carry__0/CO[3]
                         net (fo=1, routed)           0.000    11.024    cpu_inst/ex_branch_taken0_inferred__0/i__carry__0_n_0
    SLICE_X9Y12          CARRY4 (Prop_carry4_CI_CO[2])
                                                      0.228    11.252 f  cpu_inst/ex_branch_taken0_inferred__0/i__carry__1/CO[2]
                         net (fo=39, routed)          0.560    11.812    cpu_inst/data_mem_inst/CO[0]
    SLICE_X9Y13          LUT4 (Prop_lut4_I2_O)        0.313    12.125 f  cpu_inst/data_mem_inst/fetch_buffer_instruction[31]_i_2/O
                         net (fo=8, routed)           0.778    12.903    cpu_inst/data_mem_inst/fetch_buffer_instruction[31]_i_2_n_0
    SLICE_X7Y6           LUT6 (Prop_lut6_I3_O)        0.124    13.027 r  cpu_inst/data_mem_inst/fetch_buffer_instruction[31]_i_1/O
                         net (fo=63, routed)          0.766    13.793    cpu_inst/fetch_buffer_pc[0]
    SLICE_X9Y8           FDRE                                         r  cpu_inst/fetch_buffer_instruction_reg[29]/CE
  -------------------------------------------------------------------    -------------------

                         (clock sys_clk_pin rise edge)
                                                      9.240     9.240 r  <hidden>
                         propagated clock network latency
                                                      4.790    14.030    <hidden>
                         clock pessimism              0.274    14.304    <hidden>
                         clock uncertainty           -0.035    14.269    <hidden>
    SLICE_X9Y8           FDRE (Setup_fdre_C_CE)      -0.205    14.064    cpu_inst/fetch_buffer_instruction_reg[29]
  -------------------------------------------------------------------
                         required time                         14.064    <hidden>
                         arrival time                         -13.793    <hidden>
  -------------------------------------------------------------------
                         slack                                  0.271    <hidden>




