Copyright 1986-2022 Xilinx, Inc. All Rights Reserved. Copyright 2022-2026 Advanced Micro Devices, Inc. All Rights Reserved.
----------------------------------------------------------------------------------------------------------------------------------------------------------------------------------------
| Tool Version : Vivado v.2026.1 (win64) Build 6511674 Tue Jun 16 11:02:23 MDT 2026
| Date         : Tue Jul 14 19:57:24 2026
| Host         : DESKTOP-4GB7DVJ running 64-bit major release  (build 9200)
| Command      : report_timing -max_paths 10 -path_type full -file reports/phase16c_cpu_mips_compare_impl/phase10h_bram_multicycle/timing/phase10h_bram_multicycle_impl_worst_paths.rpt
| Design       : fpga_top_cpu_mips_compare
| Device       : 7a35t-cpg236
| Speed File   : -1  PRODUCTION 1.23 2018-06-13
| Design State : Physopt postRoute
----------------------------------------------------------------------------------------------------------------------------------------------------------------------------------------

Timing Report

Slack (MET) :             2.799ns  (required time - arrival time)
  Source:                 rst_sync_reg/C
                            (rising edge-triggered cell FDRE clocked by sys_clk_pin  {rise@0.000ns fall@5.000ns period=10.000ns})
  Destination:            refresh_counter_reg[16]/R
                            (rising edge-triggered cell FDRE clocked by sys_clk_pin  {rise@0.000ns fall@5.000ns period=10.000ns})
  Path Group:             sys_clk_pin
  Path Type:              Setup (Max at Slow Process Corner)
  Requirement:            10.000ns  (sys_clk_pin rise@10.000ns - sys_clk_pin rise@0.000ns)
  Data Path Delay:        6.538ns  (logic 0.456ns (6.974%)  route 6.082ns (93.026%))
  Logic Levels:           0  
  Clock Path Skew:        -0.103ns (DCD - SCD + CPR)
    Destination Clock Delay (DCD):    4.791ns = ( 14.791 - 10.000 ) 
    Source Clock Delay      (SCD):    5.154ns
    Clock Pessimism Removal (CPR):    0.260ns
  Clock Uncertainty:      0.035ns  ((TSJ^2 + TIJ^2)^1/2 + DJ) / 2 + PE
    Total System Jitter     (TSJ):    0.071ns
    Total Input Jitter      (TIJ):    0.000ns
    Discrete Jitter          (DJ):    0.000ns
    Phase Error              (PE):    0.000ns

    Location             Delay type                Incr(ns)  Path(ns)    Netlist Resource(s)
  -------------------------------------------------------------------    -------------------
                         (clock sys_clk_pin rise edge)
                                                      0.000     0.000 r  <hidden>
                         propagated clock network latency
                                                      5.154     5.154    <hidden>
    SLICE_X0Y14          FDRE                         0.000     5.154 r  rst_sync_reg/C
    SLICE_X0Y14          FDRE (Prop_fdre_C_Q)         0.456     5.610 r  rst_sync_reg/Q
                         net (fo=1255, routed)        6.082    11.693    rst_sync
    SLICE_X12Y43         FDRE                                         r  refresh_counter_reg[16]/R
  -------------------------------------------------------------------    -------------------

                         (clock sys_clk_pin rise edge)
                                                     10.000    10.000 r  <hidden>
                         propagated clock network latency
                                                      4.791    14.791    <hidden>
                         clock pessimism              0.260    15.051    <hidden>
                         clock uncertainty           -0.035    15.016    <hidden>
    SLICE_X12Y43         FDRE (Setup_fdre_C_R)       -0.524    14.492    refresh_counter_reg[16]
  -------------------------------------------------------------------
                         required time                         14.492    <hidden>
                         arrival time                         -11.693    <hidden>
  -------------------------------------------------------------------
                         slack                                  2.799    <hidden>

Slack (MET) :             2.855ns  (required time - arrival time)
  Source:                 gen_phase10h.cpu_inst/instr_mem_inst/instruction_reg/CLKBWRCLK
                            (rising edge-triggered cell RAMB18E1 clocked by sys_clk_pin  {rise@0.000ns fall@5.000ns period=10.000ns})
  Destination:            gen_phase10h.cpu_inst/operand_a_reg_reg[19]/D
                            (rising edge-triggered cell FDRE clocked by sys_clk_pin  {rise@0.000ns fall@5.000ns period=10.000ns})
  Path Group:             sys_clk_pin
  Path Type:              Setup (Max at Slow Process Corner)
  Requirement:            10.000ns  (sys_clk_pin rise@10.000ns - sys_clk_pin rise@0.000ns)
  Data Path Delay:        7.175ns  (logic 1.517ns (21.142%)  route 5.658ns (78.858%))
  Logic Levels:           3  (LUT6=2 MUXF7=1)
  Clock Path Skew:        -0.013ns (DCD - SCD + CPR)
    Destination Clock Delay (DCD):    4.851ns = ( 14.851 - 10.000 ) 
    Source Clock Delay      (SCD):    5.125ns
    Clock Pessimism Removal (CPR):    0.260ns
  Clock Uncertainty:      0.035ns  ((TSJ^2 + TIJ^2)^1/2 + DJ) / 2 + PE
    Total System Jitter     (TSJ):    0.071ns
    Total Input Jitter      (TIJ):    0.000ns
    Discrete Jitter          (DJ):    0.000ns
    Phase Error              (PE):    0.000ns

    Location             Delay type                Incr(ns)  Path(ns)    Netlist Resource(s)
  -------------------------------------------------------------------    -------------------
                         (clock sys_clk_pin rise edge)
                                                      0.000     0.000 r  <hidden>
                         propagated clock network latency
                                                      5.125     5.125    <hidden>
    RAMB18_X0Y6          RAMB18E1                     0.000     5.125 r  gen_phase10h.cpu_inst/instr_mem_inst/instruction_reg/CLKBWRCLK
    RAMB18_X0Y6          RAMB18E1 (Prop_ramb18e1_CLKBWRCLK_DOBDO[0])
                                                      0.882     6.007 r  gen_phase10h.cpu_inst/instr_mem_inst/instruction_reg/DOBDO[0]
                         net (fo=256, routed)         4.694    10.701    gen_phase10h.cpu_inst/instr_mem_inst/bram_instruction[18]
    SLICE_X1Y35          LUT6 (Prop_lut6_I4_O)        0.124    10.825 r  gen_phase10h.cpu_inst/instr_mem_inst/operand_a_reg[19]_i_10/O
                         net (fo=1, routed)           0.000    10.825    gen_phase10h.cpu_inst/instr_mem_inst/operand_a_reg[19]_i_10_n_0
    SLICE_X1Y35          MUXF7 (Prop_muxf7_I0_O)      0.212    11.037 r  gen_phase10h.cpu_inst/instr_mem_inst/operand_a_reg_reg[19]_i_4/O
                         net (fo=1, routed)           0.964    12.001    gen_phase10h.cpu_inst/instr_mem_inst/operand_a_reg_reg[19]_i_4_n_0
    SLICE_X6Y33          LUT6 (Prop_lut6_I3_O)        0.299    12.300 r  gen_phase10h.cpu_inst/instr_mem_inst/operand_a_reg[19]_i_1/O
                         net (fo=1, routed)           0.000    12.300    gen_phase10h.cpu_inst/instr_mem_inst_n_70
    SLICE_X6Y33          FDRE                                         r  gen_phase10h.cpu_inst/operand_a_reg_reg[19]/D
  -------------------------------------------------------------------    -------------------

                         (clock sys_clk_pin rise edge)
                                                     10.000    10.000 r  <hidden>
                         propagated clock network latency
                                                      4.851    14.851    <hidden>
                         clock pessimism              0.260    15.111    <hidden>
                         clock uncertainty           -0.035    15.076    <hidden>
    SLICE_X6Y33          FDRE (Setup_fdre_C_D)        0.079    15.155    gen_phase10h.cpu_inst/operand_a_reg_reg[19]
  -------------------------------------------------------------------
                         required time                         15.155    <hidden>
                         arrival time                         -12.300    <hidden>
  -------------------------------------------------------------------
                         slack                                  2.855    <hidden>

Slack (MET) :             2.937ns  (required time - arrival time)
  Source:                 rst_sync_reg/C
                            (rising edge-triggered cell FDRE clocked by sys_clk_pin  {rise@0.000ns fall@5.000ns period=10.000ns})
  Destination:            refresh_counter_reg[12]/R
                            (rising edge-triggered cell FDRE clocked by sys_clk_pin  {rise@0.000ns fall@5.000ns period=10.000ns})
  Path Group:             sys_clk_pin
  Path Type:              Setup (Max at Slow Process Corner)
  Requirement:            10.000ns  (sys_clk_pin rise@10.000ns - sys_clk_pin rise@0.000ns)
  Data Path Delay:        6.400ns  (logic 0.456ns (7.125%)  route 5.944ns (92.875%))
  Logic Levels:           0  
  Clock Path Skew:        -0.104ns (DCD - SCD + CPR)
    Destination Clock Delay (DCD):    4.790ns = ( 14.790 - 10.000 ) 
    Source Clock Delay      (SCD):    5.154ns
    Clock Pessimism Removal (CPR):    0.260ns
  Clock Uncertainty:      0.035ns  ((TSJ^2 + TIJ^2)^1/2 + DJ) / 2 + PE
    Total System Jitter     (TSJ):    0.071ns
    Total Input Jitter      (TIJ):    0.000ns
    Discrete Jitter          (DJ):    0.000ns
    Phase Error              (PE):    0.000ns

    Location             Delay type                Incr(ns)  Path(ns)    Netlist Resource(s)
  -------------------------------------------------------------------    -------------------
                         (clock sys_clk_pin rise edge)
                                                      0.000     0.000 r  <hidden>
                         propagated clock network latency
                                                      5.154     5.154    <hidden>
    SLICE_X0Y14          FDRE                         0.000     5.154 r  rst_sync_reg/C
    SLICE_X0Y14          FDRE (Prop_fdre_C_Q)         0.456     5.610 r  rst_sync_reg/Q
                         net (fo=1255, routed)        5.944    11.554    rst_sync
    SLICE_X12Y42         FDRE                                         r  refresh_counter_reg[12]/R
  -------------------------------------------------------------------    -------------------

                         (clock sys_clk_pin rise edge)
                                                     10.000    10.000 r  <hidden>
                         propagated clock network latency
                                                      4.790    14.790    <hidden>
                         clock pessimism              0.260    15.050    <hidden>
                         clock uncertainty           -0.035    15.015    <hidden>
    SLICE_X12Y42         FDRE (Setup_fdre_C_R)       -0.524    14.491    refresh_counter_reg[12]
  -------------------------------------------------------------------
                         required time                         14.491    <hidden>
                         arrival time                         -11.554    <hidden>
  -------------------------------------------------------------------
                         slack                                  2.937    <hidden>

Slack (MET) :             2.937ns  (required time - arrival time)
  Source:                 rst_sync_reg/C
                            (rising edge-triggered cell FDRE clocked by sys_clk_pin  {rise@0.000ns fall@5.000ns period=10.000ns})
  Destination:            refresh_counter_reg[13]/R
                            (rising edge-triggered cell FDRE clocked by sys_clk_pin  {rise@0.000ns fall@5.000ns period=10.000ns})
  Path Group:             sys_clk_pin
  Path Type:              Setup (Max at Slow Process Corner)
  Requirement:            10.000ns  (sys_clk_pin rise@10.000ns - sys_clk_pin rise@0.000ns)
  Data Path Delay:        6.400ns  (logic 0.456ns (7.125%)  route 5.944ns (92.875%))
  Logic Levels:           0  
  Clock Path Skew:        -0.104ns (DCD - SCD + CPR)
    Destination Clock Delay (DCD):    4.790ns = ( 14.790 - 10.000 ) 
    Source Clock Delay      (SCD):    5.154ns
    Clock Pessimism Removal (CPR):    0.260ns
  Clock Uncertainty:      0.035ns  ((TSJ^2 + TIJ^2)^1/2 + DJ) / 2 + PE
    Total System Jitter     (TSJ):    0.071ns
    Total Input Jitter      (TIJ):    0.000ns
    Discrete Jitter          (DJ):    0.000ns
    Phase Error              (PE):    0.000ns

    Location             Delay type                Incr(ns)  Path(ns)    Netlist Resource(s)
  -------------------------------------------------------------------    -------------------
                         (clock sys_clk_pin rise edge)
                                                      0.000     0.000 r  <hidden>
                         propagated clock network latency
                                                      5.154     5.154    <hidden>
    SLICE_X0Y14          FDRE                         0.000     5.154 r  rst_sync_reg/C
    SLICE_X0Y14          FDRE (Prop_fdre_C_Q)         0.456     5.610 r  rst_sync_reg/Q
                         net (fo=1255, routed)        5.944    11.554    rst_sync
    SLICE_X12Y42         FDRE                                         r  refresh_counter_reg[13]/R
  -------------------------------------------------------------------    -------------------

                         (clock sys_clk_pin rise edge)
                                                     10.000    10.000 r  <hidden>
                         propagated clock network latency
                                                      4.790    14.790    <hidden>
                         clock pessimism              0.260    15.050    <hidden>
                         clock uncertainty           -0.035    15.015    <hidden>
    SLICE_X12Y42         FDRE (Setup_fdre_C_R)       -0.524    14.491    refresh_counter_reg[13]
  -------------------------------------------------------------------
                         required time                         14.491    <hidden>
                         arrival time                         -11.554    <hidden>
  -------------------------------------------------------------------
                         slack                                  2.937    <hidden>

Slack (MET) :             2.937ns  (required time - arrival time)
  Source:                 rst_sync_reg/C
                            (rising edge-triggered cell FDRE clocked by sys_clk_pin  {rise@0.000ns fall@5.000ns period=10.000ns})
  Destination:            refresh_counter_reg[14]/R
                            (rising edge-triggered cell FDRE clocked by sys_clk_pin  {rise@0.000ns fall@5.000ns period=10.000ns})
  Path Group:             sys_clk_pin
  Path Type:              Setup (Max at Slow Process Corner)
  Requirement:            10.000ns  (sys_clk_pin rise@10.000ns - sys_clk_pin rise@0.000ns)
  Data Path Delay:        6.400ns  (logic 0.456ns (7.125%)  route 5.944ns (92.875%))
  Logic Levels:           0  
  Clock Path Skew:        -0.104ns (DCD - SCD + CPR)
    Destination Clock Delay (DCD):    4.790ns = ( 14.790 - 10.000 ) 
    Source Clock Delay      (SCD):    5.154ns
    Clock Pessimism Removal (CPR):    0.260ns
  Clock Uncertainty:      0.035ns  ((TSJ^2 + TIJ^2)^1/2 + DJ) / 2 + PE
    Total System Jitter     (TSJ):    0.071ns
    Total Input Jitter      (TIJ):    0.000ns
    Discrete Jitter          (DJ):    0.000ns
    Phase Error              (PE):    0.000ns

    Location             Delay type                Incr(ns)  Path(ns)    Netlist Resource(s)
  -------------------------------------------------------------------    -------------------
                         (clock sys_clk_pin rise edge)
                                                      0.000     0.000 r  <hidden>
                         propagated clock network latency
                                                      5.154     5.154    <hidden>
    SLICE_X0Y14          FDRE                         0.000     5.154 r  rst_sync_reg/C
    SLICE_X0Y14          FDRE (Prop_fdre_C_Q)         0.456     5.610 r  rst_sync_reg/Q
                         net (fo=1255, routed)        5.944    11.554    rst_sync
    SLICE_X12Y42         FDRE                                         r  refresh_counter_reg[14]/R
  -------------------------------------------------------------------    -------------------

                         (clock sys_clk_pin rise edge)
                                                     10.000    10.000 r  <hidden>
                         propagated clock network latency
                                                      4.790    14.790    <hidden>
                         clock pessimism              0.260    15.050    <hidden>
                         clock uncertainty           -0.035    15.015    <hidden>
    SLICE_X12Y42         FDRE (Setup_fdre_C_R)       -0.524    14.491    refresh_counter_reg[14]
  -------------------------------------------------------------------
                         required time                         14.491    <hidden>
                         arrival time                         -11.554    <hidden>
  -------------------------------------------------------------------
                         slack                                  2.937    <hidden>

Slack (MET) :             2.937ns  (required time - arrival time)
  Source:                 rst_sync_reg/C
                            (rising edge-triggered cell FDRE clocked by sys_clk_pin  {rise@0.000ns fall@5.000ns period=10.000ns})
  Destination:            refresh_counter_reg[15]/R
                            (rising edge-triggered cell FDRE clocked by sys_clk_pin  {rise@0.000ns fall@5.000ns period=10.000ns})
  Path Group:             sys_clk_pin
  Path Type:              Setup (Max at Slow Process Corner)
  Requirement:            10.000ns  (sys_clk_pin rise@10.000ns - sys_clk_pin rise@0.000ns)
  Data Path Delay:        6.400ns  (logic 0.456ns (7.125%)  route 5.944ns (92.875%))
  Logic Levels:           0  
  Clock Path Skew:        -0.104ns (DCD - SCD + CPR)
    Destination Clock Delay (DCD):    4.790ns = ( 14.790 - 10.000 ) 
    Source Clock Delay      (SCD):    5.154ns
    Clock Pessimism Removal (CPR):    0.260ns
  Clock Uncertainty:      0.035ns  ((TSJ^2 + TIJ^2)^1/2 + DJ) / 2 + PE
    Total System Jitter     (TSJ):    0.071ns
    Total Input Jitter      (TIJ):    0.000ns
    Discrete Jitter          (DJ):    0.000ns
    Phase Error              (PE):    0.000ns

    Location             Delay type                Incr(ns)  Path(ns)    Netlist Resource(s)
  -------------------------------------------------------------------    -------------------
                         (clock sys_clk_pin rise edge)
                                                      0.000     0.000 r  <hidden>
                         propagated clock network latency
                                                      5.154     5.154    <hidden>
    SLICE_X0Y14          FDRE                         0.000     5.154 r  rst_sync_reg/C
    SLICE_X0Y14          FDRE (Prop_fdre_C_Q)         0.456     5.610 r  rst_sync_reg/Q
                         net (fo=1255, routed)        5.944    11.554    rst_sync
    SLICE_X12Y42         FDRE                                         r  refresh_counter_reg[15]/R
  -------------------------------------------------------------------    -------------------

                         (clock sys_clk_pin rise edge)
                                                     10.000    10.000 r  <hidden>
                         propagated clock network latency
                                                      4.790    14.790    <hidden>
                         clock pessimism              0.260    15.050    <hidden>
                         clock uncertainty           -0.035    15.015    <hidden>
    SLICE_X12Y42         FDRE (Setup_fdre_C_R)       -0.524    14.491    refresh_counter_reg[15]
  -------------------------------------------------------------------
                         required time                         14.491    <hidden>
                         arrival time                         -11.554    <hidden>
  -------------------------------------------------------------------
                         slack                                  2.937    <hidden>

Slack (MET) :             2.964ns  (required time - arrival time)
  Source:                 gen_phase10h.cpu_inst/instr_mem_inst/instruction_reg/CLKBWRCLK
                            (rising edge-triggered cell RAMB18E1 clocked by sys_clk_pin  {rise@0.000ns fall@5.000ns period=10.000ns})
  Destination:            gen_phase10h.cpu_inst/operand_a_reg_reg[25]/D
                            (rising edge-triggered cell FDRE clocked by sys_clk_pin  {rise@0.000ns fall@5.000ns period=10.000ns})
  Path Group:             sys_clk_pin
  Path Type:              Setup (Max at Slow Process Corner)
  Requirement:            10.000ns  (sys_clk_pin rise@10.000ns - sys_clk_pin rise@0.000ns)
  Data Path Delay:        6.942ns  (logic 1.457ns (20.987%)  route 5.485ns (79.013%))
  Logic Levels:           2  (LUT6=1 MUXF7=1)
  Clock Path Skew:        -0.087ns (DCD - SCD + CPR)
    Destination Clock Delay (DCD):    4.777ns = ( 14.777 - 10.000 ) 
    Source Clock Delay      (SCD):    5.125ns
    Clock Pessimism Removal (CPR):    0.260ns
  Clock Uncertainty:      0.035ns  ((TSJ^2 + TIJ^2)^1/2 + DJ) / 2 + PE
    Total System Jitter     (TSJ):    0.071ns
    Total Input Jitter      (TIJ):    0.000ns
    Discrete Jitter          (DJ):    0.000ns
    Phase Error              (PE):    0.000ns

    Location             Delay type                Incr(ns)  Path(ns)    Netlist Resource(s)
  -------------------------------------------------------------------    -------------------
                         (clock sys_clk_pin rise edge)
                                                      0.000     0.000 r  <hidden>
                         propagated clock network latency
                                                      5.125     5.125    <hidden>
    RAMB18_X0Y6          RAMB18E1                     0.000     5.125 r  gen_phase10h.cpu_inst/instr_mem_inst/instruction_reg/CLKBWRCLK
    RAMB18_X0Y6          RAMB18E1 (Prop_ramb18e1_CLKBWRCLK_DOBDO[2])
                                                      0.882     6.007 r  gen_phase10h.cpu_inst/instr_mem_inst/instruction_reg/DOBDO[2]
                         net (fo=128, routed)         4.536    10.543    gen_phase10h.cpu_inst/instr_mem_inst/bram_instruction[20]
    SLICE_X31Y31         MUXF7 (Prop_muxf7_S_O)       0.276    10.819 r  gen_phase10h.cpu_inst/instr_mem_inst/operand_a_reg_reg[25]_i_2/O
                         net (fo=1, routed)           0.949    11.768    gen_phase10h.cpu_inst/instr_mem_inst/operand_a_reg_reg[25]_i_2_n_0
    SLICE_X29Y29         LUT6 (Prop_lut6_I0_O)        0.299    12.067 r  gen_phase10h.cpu_inst/instr_mem_inst/operand_a_reg[25]_i_1/O
                         net (fo=1, routed)           0.000    12.067    gen_phase10h.cpu_inst/instr_mem_inst_n_64
    SLICE_X29Y29         FDRE                                         r  gen_phase10h.cpu_inst/operand_a_reg_reg[25]/D
  -------------------------------------------------------------------    -------------------

                         (clock sys_clk_pin rise edge)
                                                     10.000    10.000 r  <hidden>
                         propagated clock network latency
                                                      4.777    14.777    <hidden>
                         clock pessimism              0.260    15.037    <hidden>
                         clock uncertainty           -0.035    15.002    <hidden>
    SLICE_X29Y29         FDRE (Setup_fdre_C_D)        0.029    15.031    gen_phase10h.cpu_inst/operand_a_reg_reg[25]
  -------------------------------------------------------------------
                         required time                         15.031    <hidden>
                         arrival time                         -12.067    <hidden>
  -------------------------------------------------------------------
                         slack                                  2.964    <hidden>

Slack (MET) :             3.063ns  (required time - arrival time)
  Source:                 gen_phase10h.cpu_inst/instr_mem_inst/instruction_reg/CLKARDCLK
                            (rising edge-triggered cell RAMB18E1 clocked by sys_clk_pin  {rise@0.000ns fall@5.000ns period=10.000ns})
  Destination:            gen_phase10h.cpu_inst/operand_b_reg_reg[25]/D
                            (rising edge-triggered cell FDRE clocked by sys_clk_pin  {rise@0.000ns fall@5.000ns period=10.000ns})
  Path Group:             sys_clk_pin
  Path Type:              Setup (Max at Slow Process Corner)
  Requirement:            10.000ns  (sys_clk_pin rise@10.000ns - sys_clk_pin rise@0.000ns)
  Data Path Delay:        6.848ns  (logic 1.549ns (22.621%)  route 5.299ns (77.379%))
  Logic Levels:           3  (LUT6=2 MUXF7=1)
  Clock Path Skew:        -0.084ns (DCD - SCD + CPR)
    Destination Clock Delay (DCD):    4.777ns = ( 14.777 - 10.000 ) 
    Source Clock Delay      (SCD):    5.122ns
    Clock Pessimism Removal (CPR):    0.260ns
  Clock Uncertainty:      0.035ns  ((TSJ^2 + TIJ^2)^1/2 + DJ) / 2 + PE
    Total System Jitter     (TSJ):    0.071ns
    Total Input Jitter      (TIJ):    0.000ns
    Discrete Jitter          (DJ):    0.000ns
    Phase Error              (PE):    0.000ns

    Location             Delay type                Incr(ns)  Path(ns)    Netlist Resource(s)
  -------------------------------------------------------------------    -------------------
                         (clock sys_clk_pin rise edge)
                                                      0.000     0.000 r  <hidden>
                         propagated clock network latency
                                                      5.122     5.122    <hidden>
    RAMB18_X0Y6          RAMB18E1                     0.000     5.122 r  gen_phase10h.cpu_inst/instr_mem_inst/instruction_reg/CLKARDCLK
    RAMB18_X0Y6          RAMB18E1 (Prop_ramb18e1_CLKARDCLK_DOADO[14])
                                                      0.882     6.004 r  gen_phase10h.cpu_inst/instr_mem_inst/instruction_reg/DOADO[14]
                         net (fo=256, routed)         4.183    10.187    gen_phase10h.cpu_inst/instr_mem_inst/bram_instruction[14]
    SLICE_X31Y32         LUT6 (Prop_lut6_I2_O)        0.124    10.311 r  gen_phase10h.cpu_inst/instr_mem_inst/operand_b_reg[25]_i_9/O
                         net (fo=1, routed)           0.000    10.311    gen_phase10h.cpu_inst/instr_mem_inst/operand_b_reg[25]_i_9_n_0
    SLICE_X31Y32         MUXF7 (Prop_muxf7_I1_O)      0.245    10.556 r  gen_phase10h.cpu_inst/instr_mem_inst/operand_b_reg_reg[25]_i_3/O
                         net (fo=1, routed)           1.115    11.671    gen_phase10h.cpu_inst/instr_mem_inst/operand_b_reg_reg[25]_i_3_n_0
    SLICE_X29Y29         LUT6 (Prop_lut6_I1_O)        0.298    11.969 r  gen_phase10h.cpu_inst/instr_mem_inst/operand_b_reg[25]_i_1/O
                         net (fo=1, routed)           0.000    11.969    gen_phase10h.cpu_inst/instr_mem_inst_n_32
    SLICE_X29Y29         FDRE                                         r  gen_phase10h.cpu_inst/operand_b_reg_reg[25]/D
  -------------------------------------------------------------------    -------------------

                         (clock sys_clk_pin rise edge)
                                                     10.000    10.000 r  <hidden>
                         propagated clock network latency
                                                      4.777    14.777    <hidden>
                         clock pessimism              0.260    15.037    <hidden>
                         clock uncertainty           -0.035    15.002    <hidden>
    SLICE_X29Y29         FDRE (Setup_fdre_C_D)        0.031    15.033    gen_phase10h.cpu_inst/operand_b_reg_reg[25]
  -------------------------------------------------------------------
                         required time                         15.033    <hidden>
                         arrival time                         -11.969    <hidden>
  -------------------------------------------------------------------
                         slack                                  3.063    <hidden>

Slack (MET) :             3.085ns  (required time - arrival time)
  Source:                 rst_sync_reg/C
                            (rising edge-triggered cell FDRE clocked by sys_clk_pin  {rise@0.000ns fall@5.000ns period=10.000ns})
  Destination:            refresh_counter_reg[10]/R
                            (rising edge-triggered cell FDRE clocked by sys_clk_pin  {rise@0.000ns fall@5.000ns period=10.000ns})
  Path Group:             sys_clk_pin
  Path Type:              Setup (Max at Slow Process Corner)
  Requirement:            10.000ns  (sys_clk_pin rise@10.000ns - sys_clk_pin rise@0.000ns)
  Data Path Delay:        6.252ns  (logic 0.456ns (7.294%)  route 5.796ns (92.706%))
  Logic Levels:           0  
  Clock Path Skew:        -0.104ns (DCD - SCD + CPR)
    Destination Clock Delay (DCD):    4.790ns = ( 14.790 - 10.000 ) 
    Source Clock Delay      (SCD):    5.154ns
    Clock Pessimism Removal (CPR):    0.260ns
  Clock Uncertainty:      0.035ns  ((TSJ^2 + TIJ^2)^1/2 + DJ) / 2 + PE
    Total System Jitter     (TSJ):    0.071ns
    Total Input Jitter      (TIJ):    0.000ns
    Discrete Jitter          (DJ):    0.000ns
    Phase Error              (PE):    0.000ns

    Location             Delay type                Incr(ns)  Path(ns)    Netlist Resource(s)
  -------------------------------------------------------------------    -------------------
                         (clock sys_clk_pin rise edge)
                                                      0.000     0.000 r  <hidden>
                         propagated clock network latency
                                                      5.154     5.154    <hidden>
    SLICE_X0Y14          FDRE                         0.000     5.154 r  rst_sync_reg/C
    SLICE_X0Y14          FDRE (Prop_fdre_C_Q)         0.456     5.610 r  rst_sync_reg/Q
                         net (fo=1255, routed)        5.796    11.406    rst_sync
    SLICE_X12Y41         FDRE                                         r  refresh_counter_reg[10]/R
  -------------------------------------------------------------------    -------------------

                         (clock sys_clk_pin rise edge)
                                                     10.000    10.000 r  <hidden>
                         propagated clock network latency
                                                      4.790    14.790    <hidden>
                         clock pessimism              0.260    15.050    <hidden>
                         clock uncertainty           -0.035    15.015    <hidden>
    SLICE_X12Y41         FDRE (Setup_fdre_C_R)       -0.524    14.491    refresh_counter_reg[10]
  -------------------------------------------------------------------
                         required time                         14.491    <hidden>
                         arrival time                         -11.406    <hidden>
  -------------------------------------------------------------------
                         slack                                  3.085    <hidden>

Slack (MET) :             3.085ns  (required time - arrival time)
  Source:                 rst_sync_reg/C
                            (rising edge-triggered cell FDRE clocked by sys_clk_pin  {rise@0.000ns fall@5.000ns period=10.000ns})
  Destination:            refresh_counter_reg[11]/R
                            (rising edge-triggered cell FDRE clocked by sys_clk_pin  {rise@0.000ns fall@5.000ns period=10.000ns})
  Path Group:             sys_clk_pin
  Path Type:              Setup (Max at Slow Process Corner)
  Requirement:            10.000ns  (sys_clk_pin rise@10.000ns - sys_clk_pin rise@0.000ns)
  Data Path Delay:        6.252ns  (logic 0.456ns (7.294%)  route 5.796ns (92.706%))
  Logic Levels:           0  
  Clock Path Skew:        -0.104ns (DCD - SCD + CPR)
    Destination Clock Delay (DCD):    4.790ns = ( 14.790 - 10.000 ) 
    Source Clock Delay      (SCD):    5.154ns
    Clock Pessimism Removal (CPR):    0.260ns
  Clock Uncertainty:      0.035ns  ((TSJ^2 + TIJ^2)^1/2 + DJ) / 2 + PE
    Total System Jitter     (TSJ):    0.071ns
    Total Input Jitter      (TIJ):    0.000ns
    Discrete Jitter          (DJ):    0.000ns
    Phase Error              (PE):    0.000ns

    Location             Delay type                Incr(ns)  Path(ns)    Netlist Resource(s)
  -------------------------------------------------------------------    -------------------
                         (clock sys_clk_pin rise edge)
                                                      0.000     0.000 r  <hidden>
                         propagated clock network latency
                                                      5.154     5.154    <hidden>
    SLICE_X0Y14          FDRE                         0.000     5.154 r  rst_sync_reg/C
    SLICE_X0Y14          FDRE (Prop_fdre_C_Q)         0.456     5.610 r  rst_sync_reg/Q
                         net (fo=1255, routed)        5.796    11.406    rst_sync
    SLICE_X12Y41         FDRE                                         r  refresh_counter_reg[11]/R
  -------------------------------------------------------------------    -------------------

                         (clock sys_clk_pin rise edge)
                                                     10.000    10.000 r  <hidden>
                         propagated clock network latency
                                                      4.790    14.790    <hidden>
                         clock pessimism              0.260    15.050    <hidden>
                         clock uncertainty           -0.035    15.015    <hidden>
    SLICE_X12Y41         FDRE (Setup_fdre_C_R)       -0.524    14.491    refresh_counter_reg[11]
  -------------------------------------------------------------------
                         required time                         14.491    <hidden>
                         arrival time                         -11.406    <hidden>
  -------------------------------------------------------------------
                         slack                                  3.085    <hidden>




