Copyright 1986-2022 Xilinx, Inc. All Rights Reserved. Copyright 2022-2026 Advanced Micro Devices, Inc. All Rights Reserved.
---------------------------------------------------------------------------------------------------------------------------------------------------------------------------
| Tool Version : Vivado v.2026.1 (win64) Build 6511674 Tue Jun 16 11:02:23 MDT 2026
| Date         : Thu Jul 16 13:06:22 2026
| Host         : DESKTOP-4GB7DVJ running 64-bit major release  (build 9200)
| Command      : report_timing_summary -file reports/phase17d_forwardtiming_timing_sweep/fanout_opt_8p500ns/timing/fpga_top_pipeline_forwardtiming_impl_timing_summary.rpt
| Design       : fpga_top_pipeline_forwardtiming
| Device       : 7a35t-cpg236
| Speed File   : -1  PRODUCTION 1.23 2018-06-13
| Design State : Physopt postRoute
---------------------------------------------------------------------------------------------------------------------------------------------------------------------------

Timing Summary Report

------------------------------------------------------------------------------------------------
| Timer Settings
| --------------
------------------------------------------------------------------------------------------------

  Enable Multi Corner Analysis               :  Yes
  Enable Pessimism Removal                   :  Yes
  Pessimism Removal Resolution               :  Nearest Common Node
  Enable Input Delay Default Clock           :  No
  Enable Preset / Clear Arcs                 :  No
  Disable Flight Delays                      :  No
  Ignore I/O Paths                           :  No
  Timing Early Launch at Borrowing Latches   :  No
  Borrow Time for Max Delay Exceptions       :  Yes
  Merge Timing Exceptions                    :  Yes
  Inter-SLR Compensation                     :  Conservative

  Corner  Analyze    Analyze    
  Name    Max Paths  Min Paths  
  ------  ---------  ---------  
  Slow    Yes        Yes        
  Fast    Yes        Yes        


------------------------------------------------------------------------------------------------
| Report Methodology
| ------------------
------------------------------------------------------------------------------------------------

No report available as report_methodology has not been run prior. Run report_methodology on the current design for the summary of methodology violations.



check_timing report

Table of Contents
-----------------
1. checking no_clock (0)
2. checking constant_clock (0)
3. checking pulse_width_clock (0)
4. checking unconstrained_internal_endpoints (0)
5. checking no_input_delay (2)
6. checking no_output_delay (16)
7. checking multiple_clock (0)
8. checking generated_clocks (0)
9. checking loops (0)
10. checking partial_input_delay (0)
11. checking partial_output_delay (0)
12. checking latch_loops (0)

1. checking no_clock (0)
------------------------
 There are 0 register/latch pins with no clock.


2. checking constant_clock (0)
------------------------------
 There are 0 register/latch pins with constant_clock.


3. checking pulse_width_clock (0)
---------------------------------
 There are 0 register/latch pins which need pulse_width check


4. checking unconstrained_internal_endpoints (0)
------------------------------------------------
 There are 0 pins that are not constrained for maximum delay.

 There are 0 pins that are not constrained for maximum delay due to constant clock.


5. checking no_input_delay (2)
------------------------------
 There are 2 input ports with no input delay specified. (HIGH)

 There are 0 input ports with no input delay but user has a false path constraint.


6. checking no_output_delay (16)
--------------------------------
 There are 16 ports with no output delay specified. (HIGH)

 There are 0 ports with no output delay but user has a false path constraint

 There are 0 ports with no output delay but with a timing clock defined on it or propagating through it


7. checking multiple_clock (0)
------------------------------
 There are 0 register/latch pins with multiple clocks.


8. checking generated_clocks (0)
--------------------------------
 There are 0 generated clocks that are not connected to a clock source.


9. checking loops (0)
---------------------
 There are 0 combinational loops in the design.


10. checking partial_input_delay (0)
------------------------------------
 There are 0 input ports with partial input delay specified.


11. checking partial_output_delay (0)
-------------------------------------
 There are 0 ports with partial output delay specified.


12. checking latch_loops (0)
----------------------------
 There are 0 combinational latch loops in the design through latch input



------------------------------------------------------------------------------------------------
| Design Timing Summary
| ---------------------
------------------------------------------------------------------------------------------------

    WNS(ns)      TNS(ns)  TNS Failing Endpoints  TNS Total Endpoints      WHS(ns)      THS(ns)  THS Failing Endpoints  THS Total Endpoints     WPWS(ns)     TPWS(ns)  TPWS Failing Endpoints  TPWS Total Endpoints  
    -------      -------  ---------------------  -------------------      -------      -------  ---------------------  -------------------     --------     --------  ----------------------  --------------------  
     -0.412      -36.784                    234                 3025        0.009        0.000                      0                 3025        3.750        0.000                       0                  1514  


Timing constraints are not met.


------------------------------------------------------------------------------------------------
| Clock Summary
| -------------
------------------------------------------------------------------------------------------------

Clock        Waveform(ns)         Period(ns)      Frequency(MHz)
-----        ------------         ----------      --------------
sys_clk_pin  {0.000 4.250}        8.500           117.647         


------------------------------------------------------------------------------------------------
| Intra Clock Table
| -----------------
------------------------------------------------------------------------------------------------

Clock             WNS(ns)      TNS(ns)  TNS Failing Endpoints  TNS Total Endpoints      WHS(ns)      THS(ns)  THS Failing Endpoints  THS Total Endpoints     WPWS(ns)     TPWS(ns)  TPWS Failing Endpoints  TPWS Total Endpoints  
-----             -------      -------  ---------------------  -------------------      -------      -------  ---------------------  -------------------     --------     --------  ----------------------  --------------------  
sys_clk_pin        -0.412      -36.784                    234                 3025        0.009        0.000                      0                 3025        3.750        0.000                       0                  1514  


------------------------------------------------------------------------------------------------
| Inter Clock Table
| -----------------
------------------------------------------------------------------------------------------------

From Clock    To Clock          WNS(ns)      TNS(ns)  TNS Failing Endpoints  TNS Total Endpoints      WHS(ns)      THS(ns)  THS Failing Endpoints  THS Total Endpoints  
----------    --------          -------      -------  ---------------------  -------------------      -------      -------  ---------------------  -------------------  


------------------------------------------------------------------------------------------------
| Other Path Groups Table
| -----------------------
------------------------------------------------------------------------------------------------

Path Group    From Clock    To Clock          WNS(ns)      TNS(ns)  TNS Failing Endpoints  TNS Total Endpoints      WHS(ns)      THS(ns)  THS Failing Endpoints  THS Total Endpoints  
----------    ----------    --------          -------      -------  ---------------------  -------------------      -------      -------  ---------------------  -------------------  


------------------------------------------------------------------------------------------------
| Timing Details
| --------------
------------------------------------------------------------------------------------------------


---------------------------------------------------------------------------------------------------
From Clock:  sys_clk_pin
  To Clock:  sys_clk_pin

Setup :          234  Failing Endpoints,  Worst Slack       -0.412ns,  Total Violation      -36.784ns
Hold  :            0  Failing Endpoints,  Worst Slack        0.009ns,  Total Violation        0.000ns
PW    :            0  Failing Endpoints,  Worst Slack        3.750ns,  Total Violation        0.000ns
---------------------------------------------------------------------------------------------------


Max Delay Paths
--------------------------------------------------------------------------------------
Slack (VIOLATED) :        -0.412ns  (required time - arrival time)
  Source:                 cpu_inst/mem_wb_reg_reg[rd][2]/C
                            (rising edge-triggered cell FDRE clocked by sys_clk_pin  {rise@0.000ns fall@4.250ns period=8.500ns})
  Destination:            cpu_inst/id_ex_reg_reg[operand_b][12]/R
                            (rising edge-triggered cell FDRE clocked by sys_clk_pin  {rise@0.000ns fall@4.250ns period=8.500ns})
  Path Group:             sys_clk_pin
  Path Type:              Setup (Max at Slow Process Corner)
  Requirement:            8.500ns  (sys_clk_pin rise@8.500ns - sys_clk_pin rise@0.000ns)
  Data Path Delay:        8.314ns  (logic 2.431ns (29.239%)  route 5.883ns (70.761%))
  Logic Levels:           10  (CARRY4=3 LUT3=1 LUT4=1 LUT5=1 LUT6=4)
  Clock Path Skew:        -0.038ns (DCD - SCD + CPR)
    Destination Clock Delay (DCD):    5.009ns = ( 13.509 - 8.500 ) 
    Source Clock Delay      (SCD):    5.319ns
    Clock Pessimism Removal (CPR):    0.272ns
  Clock Uncertainty:      0.035ns  ((TSJ^2 + TIJ^2)^1/2 + DJ) / 2 + PE
    Total System Jitter     (TSJ):    0.071ns
    Total Input Jitter      (TIJ):    0.000ns
    Discrete Jitter          (DJ):    0.000ns
    Phase Error              (PE):    0.000ns

    Location             Delay type                Incr(ns)  Path(ns)    Netlist Resource(s)
  -------------------------------------------------------------------    -------------------
                         (clock sys_clk_pin rise edge)
                                                      0.000     0.000 r  <hidden>
    W5                                                0.000     0.000 r  clk
                         net (fo=0)                   0.000     0.000    clk
    W5                   IBUF (Prop_ibuf_I_O)         1.458     1.458 r  clk_IBUF_inst/O
                         net (fo=1, routed)           1.967     3.425    clk_IBUF
    BUFGCTRL_X0Y1        BUFG (Prop_bufg_I_O)         0.096     3.521 r  clk_IBUF_BUFG_inst_replica/O
                         net (fo=2, routed)           0.140     3.661    clk_IBUF_BUFG_repN
    BUFGCTRL_X0Y0        BUFG (Prop_bufg_I_O)         0.096     3.757 r  clk_IBUF_BUFG_inst/O
                         net (fo=1511, routed)        1.562     5.319    cpu_inst/clk_IBUF_BUFG
    SLICE_X10Y15         FDRE                                         r  cpu_inst/mem_wb_reg_reg[rd][2]/C
  -------------------------------------------------------------------    -------------------
    SLICE_X10Y15         FDRE (Prop_fdre_C_Q)         0.518     5.837 r  cpu_inst/mem_wb_reg_reg[rd][2]/Q
                         net (fo=37, routed)          1.080     6.917    cpu_inst/mem_wb_reg_reg[rd][2]
    SLICE_X15Y12         LUT6 (Prop_lut6_I2_O)        0.124     7.041 f  cpu_inst/i__carry_i_14/O
                         net (fo=3, routed)           0.628     7.669    cpu_inst/i__carry_i_14_n_0
    SLICE_X11Y12         LUT6 (Prop_lut6_I4_O)        0.124     7.793 r  cpu_inst/i__carry__2_i_17/O
                         net (fo=33, routed)          0.926     8.719    cpu_inst/data_mem_inst/i__carry__6_i_12_1
    SLICE_X4Y10          LUT3 (Prop_lut3_I2_O)        0.124     8.843 r  cpu_inst/data_mem_inst/i__carry_i_10_comp/O
                         net (fo=1, routed)           0.283     9.126    cpu_inst/data_mem_inst/i__carry_i_10_n_0
    SLICE_X7Y10          LUT5 (Prop_lut5_I3_O)        0.124     9.250 r  cpu_inst/data_mem_inst/i__carry_i_2__0_comp/O
                         net (fo=5, routed)           1.106    10.357    cpu_inst/data_mem_inst/ex_mem_reg_reg[alu_result][2]
    SLICE_X8Y10          LUT6 (Prop_lut6_I1_O)        0.124    10.481 r  cpu_inst/data_mem_inst/i__carry_i_4/O
                         net (fo=1, routed)           0.000    10.481    cpu_inst/data_mem_inst_n_224
    SLICE_X8Y10          CARRY4 (Prop_carry4_S[0]_CO[3])
                                                      0.513    10.994 r  cpu_inst/ex_branch_taken0_inferred__0/i__carry/CO[3]
                         net (fo=1, routed)           0.000    10.994    cpu_inst/ex_branch_taken0_inferred__0/i__carry_n_0
    SLICE_X8Y11          CARRY4 (Prop_carry4_CI_CO[3])
                                                      0.117    11.111 r  cpu_inst/ex_branch_taken0_inferred__0/i__carry__0/CO[3]
                         net (fo=1, routed)           0.000    11.111    cpu_inst/ex_branch_taken0_inferred__0/i__carry__0_n_0
    SLICE_X8Y12          CARRY4 (Prop_carry4_CI_CO[2])
                                                      0.229    11.340 f  cpu_inst/ex_branch_taken0_inferred__0/i__carry__1/CO[2]
                         net (fo=39, routed)          0.836    12.175    cpu_inst/data_mem_inst/CO[0]
    SLICE_X15Y18         LUT6 (Prop_lut6_I5_O)        0.310    12.485 r  cpu_inst/data_mem_inst/id_ex_reg[imm_ext][12]_i_2_comp/O
                         net (fo=7, routed)           0.310    12.795    cpu_inst/data_mem_inst/id_ex_reg[imm_ext][12]_i_2_n_0
    SLICE_X15Y18         LUT4 (Prop_lut4_I2_O)        0.124    12.919 r  cpu_inst/data_mem_inst/id_ex_reg[operand_b][31]_i_1/O
                         net (fo=32, routed)          0.715    13.634    cpu_inst/data_mem_inst_n_162
    SLICE_X14Y15         FDRE                                         r  cpu_inst/id_ex_reg_reg[operand_b][12]/R
  -------------------------------------------------------------------    -------------------

                         (clock sys_clk_pin rise edge)
                                                      8.500     8.500 r  <hidden>
    W5                                                0.000     8.500 r  clk
                         net (fo=0)                   0.000     8.500    clk
    W5                   IBUF (Prop_ibuf_I_O)         1.388     9.888 r  clk_IBUF_inst/O
                         net (fo=1, routed)           1.862    11.750    clk_IBUF
    BUFGCTRL_X0Y1        BUFG (Prop_bufg_I_O)         0.091    11.841 r  clk_IBUF_BUFG_inst_replica/O
                         net (fo=2, routed)           0.133    11.974    clk_IBUF_BUFG_repN
    BUFGCTRL_X0Y0        BUFG (Prop_bufg_I_O)         0.091    12.065 r  clk_IBUF_BUFG_inst/O
                         net (fo=1511, routed)        1.444    13.509    cpu_inst/clk_IBUF_BUFG
    SLICE_X14Y15         FDRE                                         r  cpu_inst/id_ex_reg_reg[operand_b][12]/C
                         clock pessimism              0.272    13.781    <hidden>
                         clock uncertainty           -0.035    13.746    <hidden>
    SLICE_X14Y15         FDRE (Setup_fdre_C_R)       -0.524    13.222    cpu_inst/id_ex_reg_reg[operand_b][12]
  -------------------------------------------------------------------
                         required time                         13.222    <hidden>
                         arrival time                         -13.634    <hidden>
  -------------------------------------------------------------------
                         slack                                 -0.412    <hidden>





Min Delay Paths
--------------------------------------------------------------------------------------
Slack (MET) :             0.009ns  (arrival time - required time)
  Source:                 cpu_inst/ex_mem_reg_reg[rd][0]/C
                            (rising edge-triggered cell FDRE clocked by sys_clk_pin  {rise@0.000ns fall@4.250ns period=8.500ns})
  Destination:            cpu_inst/mem_wb_reg_reg[rd][0]/D
                            (rising edge-triggered cell FDRE clocked by sys_clk_pin  {rise@0.000ns fall@4.250ns period=8.500ns})
  Path Group:             sys_clk_pin
  Path Type:              Hold (Min at Fast Process Corner)
  Requirement:            0.000ns  (sys_clk_pin rise@0.000ns - sys_clk_pin rise@0.000ns)
  Data Path Delay:        0.287ns  (logic 0.141ns (49.065%)  route 0.146ns (50.935%))
  Logic Levels:           0  
  Clock Path Skew:        0.212ns (DCD - SCD - CPR)
    Destination Clock Delay (DCD):    1.958ns
    Source Clock Delay      (SCD):    1.502ns
    Clock Pessimism Removal (CPR):    0.244ns

    Location             Delay type                Incr(ns)  Path(ns)    Netlist Resource(s)
  -------------------------------------------------------------------    -------------------
                         (clock sys_clk_pin rise edge)
                                                      0.000     0.000 r  <hidden>
    W5                                                0.000     0.000 r  clk
                         net (fo=0)                   0.000     0.000    clk
    W5                   IBUF (Prop_ibuf_I_O)         0.226     0.226 r  clk_IBUF_inst/O
                         net (fo=1, routed)           0.631     0.858    clk_IBUF
    BUFGCTRL_X0Y1        BUFG (Prop_bufg_I_O)         0.026     0.884 r  clk_IBUF_BUFG_inst_replica/O
                         net (fo=2, routed)           0.030     0.914    clk_IBUF_BUFG_repN
    BUFGCTRL_X0Y0        BUFG (Prop_bufg_I_O)         0.026     0.940 r  clk_IBUF_BUFG_inst/O
                         net (fo=1511, routed)        0.563     1.502    cpu_inst/clk_IBUF_BUFG
    SLICE_X15Y12         FDRE                                         r  cpu_inst/ex_mem_reg_reg[rd][0]/C
  -------------------------------------------------------------------    -------------------
    SLICE_X15Y12         FDRE (Prop_fdre_C_Q)         0.141     1.643 r  cpu_inst/ex_mem_reg_reg[rd][0]/Q
                         net (fo=4, routed)           0.146     1.789    cpu_inst/ex_mem_reg_reg[rd][0]
    SLICE_X15Y13         FDRE                                         r  cpu_inst/mem_wb_reg_reg[rd][0]/D
  -------------------------------------------------------------------    -------------------

                         (clock sys_clk_pin rise edge)
                                                      0.000     0.000 r  <hidden>
    W5                                                0.000     0.000 r  clk
                         net (fo=0)                   0.000     0.000    clk
    W5                   IBUF (Prop_ibuf_I_O)         0.414     0.414 r  clk_IBUF_inst/O
                         net (fo=1, routed)           0.685     1.099    clk_IBUF
    BUFGCTRL_X0Y1        BUFG (Prop_bufg_I_O)         0.029     1.128 r  clk_IBUF_BUFG_inst_replica/O
                         net (fo=2, routed)           0.831     1.958    cpu_inst/clk_IBUF_BUFG_repN_alias
    SLICE_X15Y13         FDRE                                         r  cpu_inst/mem_wb_reg_reg[rd][0]/C
                         clock pessimism             -0.244     1.714    <hidden>
    SLICE_X15Y13         FDRE (Hold_fdre_C_D)         0.066     1.780    cpu_inst/mem_wb_reg_reg[rd][0]
  -------------------------------------------------------------------
                         required time                         -1.780    <hidden>
                         arrival time                           1.789    <hidden>
  -------------------------------------------------------------------
                         slack                                  0.009    <hidden>





Pulse Width Checks
--------------------------------------------------------------------------------------
Clock Name:         sys_clk_pin
Waveform(ns):       { 0.000 4.250 }
Period(ns):         8.500
Sources:            { clk }

Check Type        Corner  Lib Pin             Reference Pin  Required(ns)  Actual(ns)  Slack(ns)  Location     Pin
Min Period        n/a     RAMB18E1/CLKARDCLK  n/a            2.944         8.500       5.556      RAMB18_X0Y4  cpu_inst/data_mem_inst/mem_reg/CLKARDCLK
Low Pulse Width   Slow    FDRE/C              n/a            0.500         4.250       3.750      SLICE_X11Y7  cpu_inst/ex_mem_reg_reg[alu_result][0]/C
High Pulse Width  Slow    FDRE/C              n/a            0.500         4.250       3.750      SLICE_X11Y7  cpu_inst/ex_mem_reg_reg[alu_result][0]/C



