Copyright 1986-2022 Xilinx, Inc. All Rights Reserved. Copyright 2022-2026 Advanced Micro Devices, Inc. All Rights Reserved.
----------------------------------------------------------------------------------------------------------------------------------------------------------------------------------------------
| Tool Version : Vivado v.2026.1 (win64) Build 6511674 Tue Jun 16 11:02:23 MDT 2026
| Date         : Thu Jul 16 13:06:22 2026
| Host         : DESKTOP-4GB7DVJ running 64-bit major release  (build 9200)
| Command      : report_timing -max_paths 10 -path_type full -file reports/phase17d_forwardtiming_timing_sweep/fanout_opt_8p500ns/timing/fpga_top_pipeline_forwardtiming_impl_worst_paths.rpt
| Design       : fpga_top_pipeline_forwardtiming
| Device       : 7a35t-cpg236
| Speed File   : -1  PRODUCTION 1.23 2018-06-13
| Design State : Physopt postRoute
----------------------------------------------------------------------------------------------------------------------------------------------------------------------------------------------

Timing Report

Slack (VIOLATED) :        -0.412ns  (required time - arrival time)
  Source:                 cpu_inst/mem_wb_reg_reg[rd][2]/C
                            (rising edge-triggered cell FDRE clocked by sys_clk_pin  {rise@0.000ns fall@4.250ns period=8.500ns})
  Destination:            cpu_inst/id_ex_reg_reg[operand_b][12]/R
                            (rising edge-triggered cell FDRE clocked by sys_clk_pin  {rise@0.000ns fall@4.250ns period=8.500ns})
  Path Group:             sys_clk_pin
  Path Type:              Setup (Max at Slow Process Corner)
  Requirement:            8.500ns  (sys_clk_pin rise@8.500ns - sys_clk_pin rise@0.000ns)
  Data Path Delay:        8.314ns  (logic 2.431ns (29.239%)  route 5.883ns (70.761%))
  Logic Levels:           10  (CARRY4=3 LUT3=1 LUT4=1 LUT5=1 LUT6=4)
  Clock Path Skew:        -0.038ns (DCD - SCD + CPR)
    Destination Clock Delay (DCD):    5.009ns = ( 13.509 - 8.500 ) 
    Source Clock Delay      (SCD):    5.319ns
    Clock Pessimism Removal (CPR):    0.272ns
  Clock Uncertainty:      0.035ns  ((TSJ^2 + TIJ^2)^1/2 + DJ) / 2 + PE
    Total System Jitter     (TSJ):    0.071ns
    Total Input Jitter      (TIJ):    0.000ns
    Discrete Jitter          (DJ):    0.000ns
    Phase Error              (PE):    0.000ns

    Location             Delay type                Incr(ns)  Path(ns)    Netlist Resource(s)
  -------------------------------------------------------------------    -------------------
                         (clock sys_clk_pin rise edge)
                                                      0.000     0.000 r  <hidden>
                         propagated clock network latency
                                                      5.319     5.319    <hidden>
    SLICE_X10Y15         FDRE                         0.000     5.319 r  cpu_inst/mem_wb_reg_reg[rd][2]/C
    SLICE_X10Y15         FDRE (Prop_fdre_C_Q)         0.518     5.837 r  cpu_inst/mem_wb_reg_reg[rd][2]/Q
                         net (fo=37, routed)          1.080     6.917    cpu_inst/mem_wb_reg_reg[rd][2]
    SLICE_X15Y12         LUT6 (Prop_lut6_I2_O)        0.124     7.041 f  cpu_inst/i__carry_i_14/O
                         net (fo=3, routed)           0.628     7.669    cpu_inst/i__carry_i_14_n_0
    SLICE_X11Y12         LUT6 (Prop_lut6_I4_O)        0.124     7.793 r  cpu_inst/i__carry__2_i_17/O
                         net (fo=33, routed)          0.926     8.719    cpu_inst/data_mem_inst/i__carry__6_i_12_1
    SLICE_X4Y10          LUT3 (Prop_lut3_I2_O)        0.124     8.843 r  cpu_inst/data_mem_inst/i__carry_i_10_comp/O
                         net (fo=1, routed)           0.283     9.126    cpu_inst/data_mem_inst/i__carry_i_10_n_0
    SLICE_X7Y10          LUT5 (Prop_lut5_I3_O)        0.124     9.250 r  cpu_inst/data_mem_inst/i__carry_i_2__0_comp/O
                         net (fo=5, routed)           1.106    10.357    cpu_inst/data_mem_inst/ex_mem_reg_reg[alu_result][2]
    SLICE_X8Y10          LUT6 (Prop_lut6_I1_O)        0.124    10.481 r  cpu_inst/data_mem_inst/i__carry_i_4/O
                         net (fo=1, routed)           0.000    10.481    cpu_inst/data_mem_inst_n_224
    SLICE_X8Y10          CARRY4 (Prop_carry4_S[0]_CO[3])
                                                      0.513    10.994 r  cpu_inst/ex_branch_taken0_inferred__0/i__carry/CO[3]
                         net (fo=1, routed)           0.000    10.994    cpu_inst/ex_branch_taken0_inferred__0/i__carry_n_0
    SLICE_X8Y11          CARRY4 (Prop_carry4_CI_CO[3])
                                                      0.117    11.111 r  cpu_inst/ex_branch_taken0_inferred__0/i__carry__0/CO[3]
                         net (fo=1, routed)           0.000    11.111    cpu_inst/ex_branch_taken0_inferred__0/i__carry__0_n_0
    SLICE_X8Y12          CARRY4 (Prop_carry4_CI_CO[2])
                                                      0.229    11.340 f  cpu_inst/ex_branch_taken0_inferred__0/i__carry__1/CO[2]
                         net (fo=39, routed)          0.836    12.175    cpu_inst/data_mem_inst/CO[0]
    SLICE_X15Y18         LUT6 (Prop_lut6_I5_O)        0.310    12.485 r  cpu_inst/data_mem_inst/id_ex_reg[imm_ext][12]_i_2_comp/O
                         net (fo=7, routed)           0.310    12.795    cpu_inst/data_mem_inst/id_ex_reg[imm_ext][12]_i_2_n_0
    SLICE_X15Y18         LUT4 (Prop_lut4_I2_O)        0.124    12.919 r  cpu_inst/data_mem_inst/id_ex_reg[operand_b][31]_i_1/O
                         net (fo=32, routed)          0.715    13.634    cpu_inst/data_mem_inst_n_162
    SLICE_X14Y15         FDRE                                         r  cpu_inst/id_ex_reg_reg[operand_b][12]/R
  -------------------------------------------------------------------    -------------------

                         (clock sys_clk_pin rise edge)
                                                      8.500     8.500 r  <hidden>
                         propagated clock network latency
                                                      5.009    13.509    <hidden>
                         clock pessimism              0.272    13.781    <hidden>
                         clock uncertainty           -0.035    13.746    <hidden>
    SLICE_X14Y15         FDRE (Setup_fdre_C_R)       -0.524    13.222    cpu_inst/id_ex_reg_reg[operand_b][12]
  -------------------------------------------------------------------
                         required time                         13.222    <hidden>
                         arrival time                         -13.634    <hidden>
  -------------------------------------------------------------------
                         slack                                 -0.412    <hidden>

Slack (VIOLATED) :        -0.412ns  (required time - arrival time)
  Source:                 cpu_inst/mem_wb_reg_reg[rd][2]/C
                            (rising edge-triggered cell FDRE clocked by sys_clk_pin  {rise@0.000ns fall@4.250ns period=8.500ns})
  Destination:            cpu_inst/id_ex_reg_reg[operand_b][13]/R
                            (rising edge-triggered cell FDRE clocked by sys_clk_pin  {rise@0.000ns fall@4.250ns period=8.500ns})
  Path Group:             sys_clk_pin
  Path Type:              Setup (Max at Slow Process Corner)
  Requirement:            8.500ns  (sys_clk_pin rise@8.500ns - sys_clk_pin rise@0.000ns)
  Data Path Delay:        8.314ns  (logic 2.431ns (29.239%)  route 5.883ns (70.761%))
  Logic Levels:           10  (CARRY4=3 LUT3=1 LUT4=1 LUT5=1 LUT6=4)
  Clock Path Skew:        -0.038ns (DCD - SCD + CPR)
    Destination Clock Delay (DCD):    5.009ns = ( 13.509 - 8.500 ) 
    Source Clock Delay      (SCD):    5.319ns
    Clock Pessimism Removal (CPR):    0.272ns
  Clock Uncertainty:      0.035ns  ((TSJ^2 + TIJ^2)^1/2 + DJ) / 2 + PE
    Total System Jitter     (TSJ):    0.071ns
    Total Input Jitter      (TIJ):    0.000ns
    Discrete Jitter          (DJ):    0.000ns
    Phase Error              (PE):    0.000ns

    Location             Delay type                Incr(ns)  Path(ns)    Netlist Resource(s)
  -------------------------------------------------------------------    -------------------
                         (clock sys_clk_pin rise edge)
                                                      0.000     0.000 r  <hidden>
                         propagated clock network latency
                                                      5.319     5.319    <hidden>
    SLICE_X10Y15         FDRE                         0.000     5.319 r  cpu_inst/mem_wb_reg_reg[rd][2]/C
    SLICE_X10Y15         FDRE (Prop_fdre_C_Q)         0.518     5.837 r  cpu_inst/mem_wb_reg_reg[rd][2]/Q
                         net (fo=37, routed)          1.080     6.917    cpu_inst/mem_wb_reg_reg[rd][2]
    SLICE_X15Y12         LUT6 (Prop_lut6_I2_O)        0.124     7.041 f  cpu_inst/i__carry_i_14/O
                         net (fo=3, routed)           0.628     7.669    cpu_inst/i__carry_i_14_n_0
    SLICE_X11Y12         LUT6 (Prop_lut6_I4_O)        0.124     7.793 r  cpu_inst/i__carry__2_i_17/O
                         net (fo=33, routed)          0.926     8.719    cpu_inst/data_mem_inst/i__carry__6_i_12_1
    SLICE_X4Y10          LUT3 (Prop_lut3_I2_O)        0.124     8.843 r  cpu_inst/data_mem_inst/i__carry_i_10_comp/O
                         net (fo=1, routed)           0.283     9.126    cpu_inst/data_mem_inst/i__carry_i_10_n_0
    SLICE_X7Y10          LUT5 (Prop_lut5_I3_O)        0.124     9.250 r  cpu_inst/data_mem_inst/i__carry_i_2__0_comp/O
                         net (fo=5, routed)           1.106    10.357    cpu_inst/data_mem_inst/ex_mem_reg_reg[alu_result][2]
    SLICE_X8Y10          LUT6 (Prop_lut6_I1_O)        0.124    10.481 r  cpu_inst/data_mem_inst/i__carry_i_4/O
                         net (fo=1, routed)           0.000    10.481    cpu_inst/data_mem_inst_n_224
    SLICE_X8Y10          CARRY4 (Prop_carry4_S[0]_CO[3])
                                                      0.513    10.994 r  cpu_inst/ex_branch_taken0_inferred__0/i__carry/CO[3]
                         net (fo=1, routed)           0.000    10.994    cpu_inst/ex_branch_taken0_inferred__0/i__carry_n_0
    SLICE_X8Y11          CARRY4 (Prop_carry4_CI_CO[3])
                                                      0.117    11.111 r  cpu_inst/ex_branch_taken0_inferred__0/i__carry__0/CO[3]
                         net (fo=1, routed)           0.000    11.111    cpu_inst/ex_branch_taken0_inferred__0/i__carry__0_n_0
    SLICE_X8Y12          CARRY4 (Prop_carry4_CI_CO[2])
                                                      0.229    11.340 f  cpu_inst/ex_branch_taken0_inferred__0/i__carry__1/CO[2]
                         net (fo=39, routed)          0.836    12.175    cpu_inst/data_mem_inst/CO[0]
    SLICE_X15Y18         LUT6 (Prop_lut6_I5_O)        0.310    12.485 r  cpu_inst/data_mem_inst/id_ex_reg[imm_ext][12]_i_2_comp/O
                         net (fo=7, routed)           0.310    12.795    cpu_inst/data_mem_inst/id_ex_reg[imm_ext][12]_i_2_n_0
    SLICE_X15Y18         LUT4 (Prop_lut4_I2_O)        0.124    12.919 r  cpu_inst/data_mem_inst/id_ex_reg[operand_b][31]_i_1/O
                         net (fo=32, routed)          0.715    13.634    cpu_inst/data_mem_inst_n_162
    SLICE_X14Y15         FDRE                                         r  cpu_inst/id_ex_reg_reg[operand_b][13]/R
  -------------------------------------------------------------------    -------------------

                         (clock sys_clk_pin rise edge)
                                                      8.500     8.500 r  <hidden>
                         propagated clock network latency
                                                      5.009    13.509    <hidden>
                         clock pessimism              0.272    13.781    <hidden>
                         clock uncertainty           -0.035    13.746    <hidden>
    SLICE_X14Y15         FDRE (Setup_fdre_C_R)       -0.524    13.222    cpu_inst/id_ex_reg_reg[operand_b][13]
  -------------------------------------------------------------------
                         required time                         13.222    <hidden>
                         arrival time                         -13.634    <hidden>
  -------------------------------------------------------------------
                         slack                                 -0.412    <hidden>

Slack (VIOLATED) :        -0.412ns  (required time - arrival time)
  Source:                 cpu_inst/mem_wb_reg_reg[rd][2]/C
                            (rising edge-triggered cell FDRE clocked by sys_clk_pin  {rise@0.000ns fall@4.250ns period=8.500ns})
  Destination:            cpu_inst/id_ex_reg_reg[operand_b][14]/R
                            (rising edge-triggered cell FDRE clocked by sys_clk_pin  {rise@0.000ns fall@4.250ns period=8.500ns})
  Path Group:             sys_clk_pin
  Path Type:              Setup (Max at Slow Process Corner)
  Requirement:            8.500ns  (sys_clk_pin rise@8.500ns - sys_clk_pin rise@0.000ns)
  Data Path Delay:        8.314ns  (logic 2.431ns (29.239%)  route 5.883ns (70.761%))
  Logic Levels:           10  (CARRY4=3 LUT3=1 LUT4=1 LUT5=1 LUT6=4)
  Clock Path Skew:        -0.038ns (DCD - SCD + CPR)
    Destination Clock Delay (DCD):    5.009ns = ( 13.509 - 8.500 ) 
    Source Clock Delay      (SCD):    5.319ns
    Clock Pessimism Removal (CPR):    0.272ns
  Clock Uncertainty:      0.035ns  ((TSJ^2 + TIJ^2)^1/2 + DJ) / 2 + PE
    Total System Jitter     (TSJ):    0.071ns
    Total Input Jitter      (TIJ):    0.000ns
    Discrete Jitter          (DJ):    0.000ns
    Phase Error              (PE):    0.000ns

    Location             Delay type                Incr(ns)  Path(ns)    Netlist Resource(s)
  -------------------------------------------------------------------    -------------------
                         (clock sys_clk_pin rise edge)
                                                      0.000     0.000 r  <hidden>
                         propagated clock network latency
                                                      5.319     5.319    <hidden>
    SLICE_X10Y15         FDRE                         0.000     5.319 r  cpu_inst/mem_wb_reg_reg[rd][2]/C
    SLICE_X10Y15         FDRE (Prop_fdre_C_Q)         0.518     5.837 r  cpu_inst/mem_wb_reg_reg[rd][2]/Q
                         net (fo=37, routed)          1.080     6.917    cpu_inst/mem_wb_reg_reg[rd][2]
    SLICE_X15Y12         LUT6 (Prop_lut6_I2_O)        0.124     7.041 f  cpu_inst/i__carry_i_14/O
                         net (fo=3, routed)           0.628     7.669    cpu_inst/i__carry_i_14_n_0
    SLICE_X11Y12         LUT6 (Prop_lut6_I4_O)        0.124     7.793 r  cpu_inst/i__carry__2_i_17/O
                         net (fo=33, routed)          0.926     8.719    cpu_inst/data_mem_inst/i__carry__6_i_12_1
    SLICE_X4Y10          LUT3 (Prop_lut3_I2_O)        0.124     8.843 r  cpu_inst/data_mem_inst/i__carry_i_10_comp/O
                         net (fo=1, routed)           0.283     9.126    cpu_inst/data_mem_inst/i__carry_i_10_n_0
    SLICE_X7Y10          LUT5 (Prop_lut5_I3_O)        0.124     9.250 r  cpu_inst/data_mem_inst/i__carry_i_2__0_comp/O
                         net (fo=5, routed)           1.106    10.357    cpu_inst/data_mem_inst/ex_mem_reg_reg[alu_result][2]
    SLICE_X8Y10          LUT6 (Prop_lut6_I1_O)        0.124    10.481 r  cpu_inst/data_mem_inst/i__carry_i_4/O
                         net (fo=1, routed)           0.000    10.481    cpu_inst/data_mem_inst_n_224
    SLICE_X8Y10          CARRY4 (Prop_carry4_S[0]_CO[3])
                                                      0.513    10.994 r  cpu_inst/ex_branch_taken0_inferred__0/i__carry/CO[3]
                         net (fo=1, routed)           0.000    10.994    cpu_inst/ex_branch_taken0_inferred__0/i__carry_n_0
    SLICE_X8Y11          CARRY4 (Prop_carry4_CI_CO[3])
                                                      0.117    11.111 r  cpu_inst/ex_branch_taken0_inferred__0/i__carry__0/CO[3]
                         net (fo=1, routed)           0.000    11.111    cpu_inst/ex_branch_taken0_inferred__0/i__carry__0_n_0
    SLICE_X8Y12          CARRY4 (Prop_carry4_CI_CO[2])
                                                      0.229    11.340 f  cpu_inst/ex_branch_taken0_inferred__0/i__carry__1/CO[2]
                         net (fo=39, routed)          0.836    12.175    cpu_inst/data_mem_inst/CO[0]
    SLICE_X15Y18         LUT6 (Prop_lut6_I5_O)        0.310    12.485 r  cpu_inst/data_mem_inst/id_ex_reg[imm_ext][12]_i_2_comp/O
                         net (fo=7, routed)           0.310    12.795    cpu_inst/data_mem_inst/id_ex_reg[imm_ext][12]_i_2_n_0
    SLICE_X15Y18         LUT4 (Prop_lut4_I2_O)        0.124    12.919 r  cpu_inst/data_mem_inst/id_ex_reg[operand_b][31]_i_1/O
                         net (fo=32, routed)          0.715    13.634    cpu_inst/data_mem_inst_n_162
    SLICE_X14Y15         FDRE                                         r  cpu_inst/id_ex_reg_reg[operand_b][14]/R
  -------------------------------------------------------------------    -------------------

                         (clock sys_clk_pin rise edge)
                                                      8.500     8.500 r  <hidden>
                         propagated clock network latency
                                                      5.009    13.509    <hidden>
                         clock pessimism              0.272    13.781    <hidden>
                         clock uncertainty           -0.035    13.746    <hidden>
    SLICE_X14Y15         FDRE (Setup_fdre_C_R)       -0.524    13.222    cpu_inst/id_ex_reg_reg[operand_b][14]
  -------------------------------------------------------------------
                         required time                         13.222    <hidden>
                         arrival time                         -13.634    <hidden>
  -------------------------------------------------------------------
                         slack                                 -0.412    <hidden>

Slack (VIOLATED) :        -0.412ns  (required time - arrival time)
  Source:                 cpu_inst/mem_wb_reg_reg[rd][2]/C
                            (rising edge-triggered cell FDRE clocked by sys_clk_pin  {rise@0.000ns fall@4.250ns period=8.500ns})
  Destination:            cpu_inst/id_ex_reg_reg[operand_b][26]/R
                            (rising edge-triggered cell FDRE clocked by sys_clk_pin  {rise@0.000ns fall@4.250ns period=8.500ns})
  Path Group:             sys_clk_pin
  Path Type:              Setup (Max at Slow Process Corner)
  Requirement:            8.500ns  (sys_clk_pin rise@8.500ns - sys_clk_pin rise@0.000ns)
  Data Path Delay:        8.314ns  (logic 2.431ns (29.239%)  route 5.883ns (70.761%))
  Logic Levels:           10  (CARRY4=3 LUT3=1 LUT4=1 LUT5=1 LUT6=4)
  Clock Path Skew:        -0.038ns (DCD - SCD + CPR)
    Destination Clock Delay (DCD):    5.009ns = ( 13.509 - 8.500 ) 
    Source Clock Delay      (SCD):    5.319ns
    Clock Pessimism Removal (CPR):    0.272ns
  Clock Uncertainty:      0.035ns  ((TSJ^2 + TIJ^2)^1/2 + DJ) / 2 + PE
    Total System Jitter     (TSJ):    0.071ns
    Total Input Jitter      (TIJ):    0.000ns
    Discrete Jitter          (DJ):    0.000ns
    Phase Error              (PE):    0.000ns

    Location             Delay type                Incr(ns)  Path(ns)    Netlist Resource(s)
  -------------------------------------------------------------------    -------------------
                         (clock sys_clk_pin rise edge)
                                                      0.000     0.000 r  <hidden>
                         propagated clock network latency
                                                      5.319     5.319    <hidden>
    SLICE_X10Y15         FDRE                         0.000     5.319 r  cpu_inst/mem_wb_reg_reg[rd][2]/C
    SLICE_X10Y15         FDRE (Prop_fdre_C_Q)         0.518     5.837 r  cpu_inst/mem_wb_reg_reg[rd][2]/Q
                         net (fo=37, routed)          1.080     6.917    cpu_inst/mem_wb_reg_reg[rd][2]
    SLICE_X15Y12         LUT6 (Prop_lut6_I2_O)        0.124     7.041 f  cpu_inst/i__carry_i_14/O
                         net (fo=3, routed)           0.628     7.669    cpu_inst/i__carry_i_14_n_0
    SLICE_X11Y12         LUT6 (Prop_lut6_I4_O)        0.124     7.793 r  cpu_inst/i__carry__2_i_17/O
                         net (fo=33, routed)          0.926     8.719    cpu_inst/data_mem_inst/i__carry__6_i_12_1
    SLICE_X4Y10          LUT3 (Prop_lut3_I2_O)        0.124     8.843 r  cpu_inst/data_mem_inst/i__carry_i_10_comp/O
                         net (fo=1, routed)           0.283     9.126    cpu_inst/data_mem_inst/i__carry_i_10_n_0
    SLICE_X7Y10          LUT5 (Prop_lut5_I3_O)        0.124     9.250 r  cpu_inst/data_mem_inst/i__carry_i_2__0_comp/O
                         net (fo=5, routed)           1.106    10.357    cpu_inst/data_mem_inst/ex_mem_reg_reg[alu_result][2]
    SLICE_X8Y10          LUT6 (Prop_lut6_I1_O)        0.124    10.481 r  cpu_inst/data_mem_inst/i__carry_i_4/O
                         net (fo=1, routed)           0.000    10.481    cpu_inst/data_mem_inst_n_224
    SLICE_X8Y10          CARRY4 (Prop_carry4_S[0]_CO[3])
                                                      0.513    10.994 r  cpu_inst/ex_branch_taken0_inferred__0/i__carry/CO[3]
                         net (fo=1, routed)           0.000    10.994    cpu_inst/ex_branch_taken0_inferred__0/i__carry_n_0
    SLICE_X8Y11          CARRY4 (Prop_carry4_CI_CO[3])
                                                      0.117    11.111 r  cpu_inst/ex_branch_taken0_inferred__0/i__carry__0/CO[3]
                         net (fo=1, routed)           0.000    11.111    cpu_inst/ex_branch_taken0_inferred__0/i__carry__0_n_0
    SLICE_X8Y12          CARRY4 (Prop_carry4_CI_CO[2])
                                                      0.229    11.340 f  cpu_inst/ex_branch_taken0_inferred__0/i__carry__1/CO[2]
                         net (fo=39, routed)          0.836    12.175    cpu_inst/data_mem_inst/CO[0]
    SLICE_X15Y18         LUT6 (Prop_lut6_I5_O)        0.310    12.485 r  cpu_inst/data_mem_inst/id_ex_reg[imm_ext][12]_i_2_comp/O
                         net (fo=7, routed)           0.310    12.795    cpu_inst/data_mem_inst/id_ex_reg[imm_ext][12]_i_2_n_0
    SLICE_X15Y18         LUT4 (Prop_lut4_I2_O)        0.124    12.919 r  cpu_inst/data_mem_inst/id_ex_reg[operand_b][31]_i_1/O
                         net (fo=32, routed)          0.715    13.634    cpu_inst/data_mem_inst_n_162
    SLICE_X14Y15         FDRE                                         r  cpu_inst/id_ex_reg_reg[operand_b][26]/R
  -------------------------------------------------------------------    -------------------

                         (clock sys_clk_pin rise edge)
                                                      8.500     8.500 r  <hidden>
                         propagated clock network latency
                                                      5.009    13.509    <hidden>
                         clock pessimism              0.272    13.781    <hidden>
                         clock uncertainty           -0.035    13.746    <hidden>
    SLICE_X14Y15         FDRE (Setup_fdre_C_R)       -0.524    13.222    cpu_inst/id_ex_reg_reg[operand_b][26]
  -------------------------------------------------------------------
                         required time                         13.222    <hidden>
                         arrival time                         -13.634    <hidden>
  -------------------------------------------------------------------
                         slack                                 -0.412    <hidden>

Slack (VIOLATED) :        -0.384ns  (required time - arrival time)
  Source:                 cpu_inst/mem_wb_reg_reg[rd][2]/C
                            (rising edge-triggered cell FDRE clocked by sys_clk_pin  {rise@0.000ns fall@4.250ns period=8.500ns})
  Destination:            cpu_inst/id_ex_reg_reg[operand_a][21]/R
                            (rising edge-triggered cell FDRE clocked by sys_clk_pin  {rise@0.000ns fall@4.250ns period=8.500ns})
  Path Group:             sys_clk_pin
  Path Type:              Setup (Max at Slow Process Corner)
  Requirement:            8.500ns  (sys_clk_pin rise@8.500ns - sys_clk_pin rise@0.000ns)
  Data Path Delay:        8.282ns  (logic 2.431ns (29.353%)  route 5.851ns (70.647%))
  Logic Levels:           10  (CARRY4=3 LUT3=1 LUT4=1 LUT5=1 LUT6=4)
  Clock Path Skew:        -0.043ns (DCD - SCD + CPR)
    Destination Clock Delay (DCD):    5.004ns = ( 13.504 - 8.500 ) 
    Source Clock Delay      (SCD):    5.319ns
    Clock Pessimism Removal (CPR):    0.272ns
  Clock Uncertainty:      0.035ns  ((TSJ^2 + TIJ^2)^1/2 + DJ) / 2 + PE
    Total System Jitter     (TSJ):    0.071ns
    Total Input Jitter      (TIJ):    0.000ns
    Discrete Jitter          (DJ):    0.000ns
    Phase Error              (PE):    0.000ns

    Location             Delay type                Incr(ns)  Path(ns)    Netlist Resource(s)
  -------------------------------------------------------------------    -------------------
                         (clock sys_clk_pin rise edge)
                                                      0.000     0.000 r  <hidden>
                         propagated clock network latency
                                                      5.319     5.319    <hidden>
    SLICE_X10Y15         FDRE                         0.000     5.319 r  cpu_inst/mem_wb_reg_reg[rd][2]/C
    SLICE_X10Y15         FDRE (Prop_fdre_C_Q)         0.518     5.837 r  cpu_inst/mem_wb_reg_reg[rd][2]/Q
                         net (fo=37, routed)          1.080     6.917    cpu_inst/mem_wb_reg_reg[rd][2]
    SLICE_X15Y12         LUT6 (Prop_lut6_I2_O)        0.124     7.041 f  cpu_inst/i__carry_i_14/O
                         net (fo=3, routed)           0.628     7.669    cpu_inst/i__carry_i_14_n_0
    SLICE_X11Y12         LUT6 (Prop_lut6_I4_O)        0.124     7.793 r  cpu_inst/i__carry__2_i_17/O
                         net (fo=33, routed)          0.926     8.719    cpu_inst/data_mem_inst/i__carry__6_i_12_1
    SLICE_X4Y10          LUT3 (Prop_lut3_I2_O)        0.124     8.843 r  cpu_inst/data_mem_inst/i__carry_i_10_comp/O
                         net (fo=1, routed)           0.283     9.126    cpu_inst/data_mem_inst/i__carry_i_10_n_0
    SLICE_X7Y10          LUT5 (Prop_lut5_I3_O)        0.124     9.250 r  cpu_inst/data_mem_inst/i__carry_i_2__0_comp/O
                         net (fo=5, routed)           1.106    10.357    cpu_inst/data_mem_inst/ex_mem_reg_reg[alu_result][2]
    SLICE_X8Y10          LUT6 (Prop_lut6_I1_O)        0.124    10.481 r  cpu_inst/data_mem_inst/i__carry_i_4/O
                         net (fo=1, routed)           0.000    10.481    cpu_inst/data_mem_inst_n_224
    SLICE_X8Y10          CARRY4 (Prop_carry4_S[0]_CO[3])
                                                      0.513    10.994 r  cpu_inst/ex_branch_taken0_inferred__0/i__carry/CO[3]
                         net (fo=1, routed)           0.000    10.994    cpu_inst/ex_branch_taken0_inferred__0/i__carry_n_0
    SLICE_X8Y11          CARRY4 (Prop_carry4_CI_CO[3])
                                                      0.117    11.111 r  cpu_inst/ex_branch_taken0_inferred__0/i__carry__0/CO[3]
                         net (fo=1, routed)           0.000    11.111    cpu_inst/ex_branch_taken0_inferred__0/i__carry__0_n_0
    SLICE_X8Y12          CARRY4 (Prop_carry4_CI_CO[2])
                                                      0.229    11.340 f  cpu_inst/ex_branch_taken0_inferred__0/i__carry__1/CO[2]
                         net (fo=39, routed)          0.836    12.175    cpu_inst/data_mem_inst/CO[0]
    SLICE_X15Y18         LUT6 (Prop_lut6_I5_O)        0.310    12.485 r  cpu_inst/data_mem_inst/id_ex_reg[imm_ext][12]_i_2_comp/O
                         net (fo=7, routed)           0.472    12.957    cpu_inst/data_mem_inst/id_ex_reg[imm_ext][12]_i_2_n_0
    SLICE_X14Y20         LUT4 (Prop_lut4_I2_O)        0.124    13.081 r  cpu_inst/data_mem_inst/id_ex_reg[operand_a][31]_i_1/O
                         net (fo=32, routed)          0.520    13.601    cpu_inst/data_mem_inst_n_163
    SLICE_X12Y19         FDRE                                         r  cpu_inst/id_ex_reg_reg[operand_a][21]/R
  -------------------------------------------------------------------    -------------------

                         (clock sys_clk_pin rise edge)
                                                      8.500     8.500 r  <hidden>
                         propagated clock network latency
                                                      5.004    13.504    <hidden>
                         clock pessimism              0.272    13.776    <hidden>
                         clock uncertainty           -0.035    13.741    <hidden>
    SLICE_X12Y19         FDRE (Setup_fdre_C_R)       -0.524    13.217    cpu_inst/id_ex_reg_reg[operand_a][21]
  -------------------------------------------------------------------
                         required time                         13.217    <hidden>
                         arrival time                         -13.601    <hidden>
  -------------------------------------------------------------------
                         slack                                 -0.384    <hidden>

Slack (VIOLATED) :        -0.384ns  (required time - arrival time)
  Source:                 cpu_inst/mem_wb_reg_reg[rd][2]/C
                            (rising edge-triggered cell FDRE clocked by sys_clk_pin  {rise@0.000ns fall@4.250ns period=8.500ns})
  Destination:            cpu_inst/id_ex_reg_reg[operand_a][24]/R
                            (rising edge-triggered cell FDRE clocked by sys_clk_pin  {rise@0.000ns fall@4.250ns period=8.500ns})
  Path Group:             sys_clk_pin
  Path Type:              Setup (Max at Slow Process Corner)
  Requirement:            8.500ns  (sys_clk_pin rise@8.500ns - sys_clk_pin rise@0.000ns)
  Data Path Delay:        8.282ns  (logic 2.431ns (29.353%)  route 5.851ns (70.647%))
  Logic Levels:           10  (CARRY4=3 LUT3=1 LUT4=1 LUT5=1 LUT6=4)
  Clock Path Skew:        -0.043ns (DCD - SCD + CPR)
    Destination Clock Delay (DCD):    5.004ns = ( 13.504 - 8.500 ) 
    Source Clock Delay      (SCD):    5.319ns
    Clock Pessimism Removal (CPR):    0.272ns
  Clock Uncertainty:      0.035ns  ((TSJ^2 + TIJ^2)^1/2 + DJ) / 2 + PE
    Total System Jitter     (TSJ):    0.071ns
    Total Input Jitter      (TIJ):    0.000ns
    Discrete Jitter          (DJ):    0.000ns
    Phase Error              (PE):    0.000ns

    Location             Delay type                Incr(ns)  Path(ns)    Netlist Resource(s)
  -------------------------------------------------------------------    -------------------
                         (clock sys_clk_pin rise edge)
                                                      0.000     0.000 r  <hidden>
                         propagated clock network latency
                                                      5.319     5.319    <hidden>
    SLICE_X10Y15         FDRE                         0.000     5.319 r  cpu_inst/mem_wb_reg_reg[rd][2]/C
    SLICE_X10Y15         FDRE (Prop_fdre_C_Q)         0.518     5.837 r  cpu_inst/mem_wb_reg_reg[rd][2]/Q
                         net (fo=37, routed)          1.080     6.917    cpu_inst/mem_wb_reg_reg[rd][2]
    SLICE_X15Y12         LUT6 (Prop_lut6_I2_O)        0.124     7.041 f  cpu_inst/i__carry_i_14/O
                         net (fo=3, routed)           0.628     7.669    cpu_inst/i__carry_i_14_n_0
    SLICE_X11Y12         LUT6 (Prop_lut6_I4_O)        0.124     7.793 r  cpu_inst/i__carry__2_i_17/O
                         net (fo=33, routed)          0.926     8.719    cpu_inst/data_mem_inst/i__carry__6_i_12_1
    SLICE_X4Y10          LUT3 (Prop_lut3_I2_O)        0.124     8.843 r  cpu_inst/data_mem_inst/i__carry_i_10_comp/O
                         net (fo=1, routed)           0.283     9.126    cpu_inst/data_mem_inst/i__carry_i_10_n_0
    SLICE_X7Y10          LUT5 (Prop_lut5_I3_O)        0.124     9.250 r  cpu_inst/data_mem_inst/i__carry_i_2__0_comp/O
                         net (fo=5, routed)           1.106    10.357    cpu_inst/data_mem_inst/ex_mem_reg_reg[alu_result][2]
    SLICE_X8Y10          LUT6 (Prop_lut6_I1_O)        0.124    10.481 r  cpu_inst/data_mem_inst/i__carry_i_4/O
                         net (fo=1, routed)           0.000    10.481    cpu_inst/data_mem_inst_n_224
    SLICE_X8Y10          CARRY4 (Prop_carry4_S[0]_CO[3])
                                                      0.513    10.994 r  cpu_inst/ex_branch_taken0_inferred__0/i__carry/CO[3]
                         net (fo=1, routed)           0.000    10.994    cpu_inst/ex_branch_taken0_inferred__0/i__carry_n_0
    SLICE_X8Y11          CARRY4 (Prop_carry4_CI_CO[3])
                                                      0.117    11.111 r  cpu_inst/ex_branch_taken0_inferred__0/i__carry__0/CO[3]
                         net (fo=1, routed)           0.000    11.111    cpu_inst/ex_branch_taken0_inferred__0/i__carry__0_n_0
    SLICE_X8Y12          CARRY4 (Prop_carry4_CI_CO[2])
                                                      0.229    11.340 f  cpu_inst/ex_branch_taken0_inferred__0/i__carry__1/CO[2]
                         net (fo=39, routed)          0.836    12.175    cpu_inst/data_mem_inst/CO[0]
    SLICE_X15Y18         LUT6 (Prop_lut6_I5_O)        0.310    12.485 r  cpu_inst/data_mem_inst/id_ex_reg[imm_ext][12]_i_2_comp/O
                         net (fo=7, routed)           0.472    12.957    cpu_inst/data_mem_inst/id_ex_reg[imm_ext][12]_i_2_n_0
    SLICE_X14Y20         LUT4 (Prop_lut4_I2_O)        0.124    13.081 r  cpu_inst/data_mem_inst/id_ex_reg[operand_a][31]_i_1/O
                         net (fo=32, routed)          0.520    13.601    cpu_inst/data_mem_inst_n_163
    SLICE_X12Y19         FDRE                                         r  cpu_inst/id_ex_reg_reg[operand_a][24]/R
  -------------------------------------------------------------------    -------------------

                         (clock sys_clk_pin rise edge)
                                                      8.500     8.500 r  <hidden>
                         propagated clock network latency
                                                      5.004    13.504    <hidden>
                         clock pessimism              0.272    13.776    <hidden>
                         clock uncertainty           -0.035    13.741    <hidden>
    SLICE_X12Y19         FDRE (Setup_fdre_C_R)       -0.524    13.217    cpu_inst/id_ex_reg_reg[operand_a][24]
  -------------------------------------------------------------------
                         required time                         13.217    <hidden>
                         arrival time                         -13.601    <hidden>
  -------------------------------------------------------------------
                         slack                                 -0.384    <hidden>

Slack (VIOLATED) :        -0.384ns  (required time - arrival time)
  Source:                 cpu_inst/mem_wb_reg_reg[rd][2]/C
                            (rising edge-triggered cell FDRE clocked by sys_clk_pin  {rise@0.000ns fall@4.250ns period=8.500ns})
  Destination:            cpu_inst/id_ex_reg_reg[operand_a][25]/R
                            (rising edge-triggered cell FDRE clocked by sys_clk_pin  {rise@0.000ns fall@4.250ns period=8.500ns})
  Path Group:             sys_clk_pin
  Path Type:              Setup (Max at Slow Process Corner)
  Requirement:            8.500ns  (sys_clk_pin rise@8.500ns - sys_clk_pin rise@0.000ns)
  Data Path Delay:        8.282ns  (logic 2.431ns (29.353%)  route 5.851ns (70.647%))
  Logic Levels:           10  (CARRY4=3 LUT3=1 LUT4=1 LUT5=1 LUT6=4)
  Clock Path Skew:        -0.043ns (DCD - SCD + CPR)
    Destination Clock Delay (DCD):    5.004ns = ( 13.504 - 8.500 ) 
    Source Clock Delay      (SCD):    5.319ns
    Clock Pessimism Removal (CPR):    0.272ns
  Clock Uncertainty:      0.035ns  ((TSJ^2 + TIJ^2)^1/2 + DJ) / 2 + PE
    Total System Jitter     (TSJ):    0.071ns
    Total Input Jitter      (TIJ):    0.000ns
    Discrete Jitter          (DJ):    0.000ns
    Phase Error              (PE):    0.000ns

    Location             Delay type                Incr(ns)  Path(ns)    Netlist Resource(s)
  -------------------------------------------------------------------    -------------------
                         (clock sys_clk_pin rise edge)
                                                      0.000     0.000 r  <hidden>
                         propagated clock network latency
                                                      5.319     5.319    <hidden>
    SLICE_X10Y15         FDRE                         0.000     5.319 r  cpu_inst/mem_wb_reg_reg[rd][2]/C
    SLICE_X10Y15         FDRE (Prop_fdre_C_Q)         0.518     5.837 r  cpu_inst/mem_wb_reg_reg[rd][2]/Q
                         net (fo=37, routed)          1.080     6.917    cpu_inst/mem_wb_reg_reg[rd][2]
    SLICE_X15Y12         LUT6 (Prop_lut6_I2_O)        0.124     7.041 f  cpu_inst/i__carry_i_14/O
                         net (fo=3, routed)           0.628     7.669    cpu_inst/i__carry_i_14_n_0
    SLICE_X11Y12         LUT6 (Prop_lut6_I4_O)        0.124     7.793 r  cpu_inst/i__carry__2_i_17/O
                         net (fo=33, routed)          0.926     8.719    cpu_inst/data_mem_inst/i__carry__6_i_12_1
    SLICE_X4Y10          LUT3 (Prop_lut3_I2_O)        0.124     8.843 r  cpu_inst/data_mem_inst/i__carry_i_10_comp/O
                         net (fo=1, routed)           0.283     9.126    cpu_inst/data_mem_inst/i__carry_i_10_n_0
    SLICE_X7Y10          LUT5 (Prop_lut5_I3_O)        0.124     9.250 r  cpu_inst/data_mem_inst/i__carry_i_2__0_comp/O
                         net (fo=5, routed)           1.106    10.357    cpu_inst/data_mem_inst/ex_mem_reg_reg[alu_result][2]
    SLICE_X8Y10          LUT6 (Prop_lut6_I1_O)        0.124    10.481 r  cpu_inst/data_mem_inst/i__carry_i_4/O
                         net (fo=1, routed)           0.000    10.481    cpu_inst/data_mem_inst_n_224
    SLICE_X8Y10          CARRY4 (Prop_carry4_S[0]_CO[3])
                                                      0.513    10.994 r  cpu_inst/ex_branch_taken0_inferred__0/i__carry/CO[3]
                         net (fo=1, routed)           0.000    10.994    cpu_inst/ex_branch_taken0_inferred__0/i__carry_n_0
    SLICE_X8Y11          CARRY4 (Prop_carry4_CI_CO[3])
                                                      0.117    11.111 r  cpu_inst/ex_branch_taken0_inferred__0/i__carry__0/CO[3]
                         net (fo=1, routed)           0.000    11.111    cpu_inst/ex_branch_taken0_inferred__0/i__carry__0_n_0
    SLICE_X8Y12          CARRY4 (Prop_carry4_CI_CO[2])
                                                      0.229    11.340 f  cpu_inst/ex_branch_taken0_inferred__0/i__carry__1/CO[2]
                         net (fo=39, routed)          0.836    12.175    cpu_inst/data_mem_inst/CO[0]
    SLICE_X15Y18         LUT6 (Prop_lut6_I5_O)        0.310    12.485 r  cpu_inst/data_mem_inst/id_ex_reg[imm_ext][12]_i_2_comp/O
                         net (fo=7, routed)           0.472    12.957    cpu_inst/data_mem_inst/id_ex_reg[imm_ext][12]_i_2_n_0
    SLICE_X14Y20         LUT4 (Prop_lut4_I2_O)        0.124    13.081 r  cpu_inst/data_mem_inst/id_ex_reg[operand_a][31]_i_1/O
                         net (fo=32, routed)          0.520    13.601    cpu_inst/data_mem_inst_n_163
    SLICE_X12Y19         FDRE                                         r  cpu_inst/id_ex_reg_reg[operand_a][25]/R
  -------------------------------------------------------------------    -------------------

                         (clock sys_clk_pin rise edge)
                                                      8.500     8.500 r  <hidden>
                         propagated clock network latency
                                                      5.004    13.504    <hidden>
                         clock pessimism              0.272    13.776    <hidden>
                         clock uncertainty           -0.035    13.741    <hidden>
    SLICE_X12Y19         FDRE (Setup_fdre_C_R)       -0.524    13.217    cpu_inst/id_ex_reg_reg[operand_a][25]
  -------------------------------------------------------------------
                         required time                         13.217    <hidden>
                         arrival time                         -13.601    <hidden>
  -------------------------------------------------------------------
                         slack                                 -0.384    <hidden>

Slack (VIOLATED) :        -0.384ns  (required time - arrival time)
  Source:                 cpu_inst/mem_wb_reg_reg[rd][2]/C
                            (rising edge-triggered cell FDRE clocked by sys_clk_pin  {rise@0.000ns fall@4.250ns period=8.500ns})
  Destination:            cpu_inst/id_ex_reg_reg[operand_a][30]/R
                            (rising edge-triggered cell FDRE clocked by sys_clk_pin  {rise@0.000ns fall@4.250ns period=8.500ns})
  Path Group:             sys_clk_pin
  Path Type:              Setup (Max at Slow Process Corner)
  Requirement:            8.500ns  (sys_clk_pin rise@8.500ns - sys_clk_pin rise@0.000ns)
  Data Path Delay:        8.282ns  (logic 2.431ns (29.353%)  route 5.851ns (70.647%))
  Logic Levels:           10  (CARRY4=3 LUT3=1 LUT4=1 LUT5=1 LUT6=4)
  Clock Path Skew:        -0.043ns (DCD - SCD + CPR)
    Destination Clock Delay (DCD):    5.004ns = ( 13.504 - 8.500 ) 
    Source Clock Delay      (SCD):    5.319ns
    Clock Pessimism Removal (CPR):    0.272ns
  Clock Uncertainty:      0.035ns  ((TSJ^2 + TIJ^2)^1/2 + DJ) / 2 + PE
    Total System Jitter     (TSJ):    0.071ns
    Total Input Jitter      (TIJ):    0.000ns
    Discrete Jitter          (DJ):    0.000ns
    Phase Error              (PE):    0.000ns

    Location             Delay type                Incr(ns)  Path(ns)    Netlist Resource(s)
  -------------------------------------------------------------------    -------------------
                         (clock sys_clk_pin rise edge)
                                                      0.000     0.000 r  <hidden>
                         propagated clock network latency
                                                      5.319     5.319    <hidden>
    SLICE_X10Y15         FDRE                         0.000     5.319 r  cpu_inst/mem_wb_reg_reg[rd][2]/C
    SLICE_X10Y15         FDRE (Prop_fdre_C_Q)         0.518     5.837 r  cpu_inst/mem_wb_reg_reg[rd][2]/Q
                         net (fo=37, routed)          1.080     6.917    cpu_inst/mem_wb_reg_reg[rd][2]
    SLICE_X15Y12         LUT6 (Prop_lut6_I2_O)        0.124     7.041 f  cpu_inst/i__carry_i_14/O
                         net (fo=3, routed)           0.628     7.669    cpu_inst/i__carry_i_14_n_0
    SLICE_X11Y12         LUT6 (Prop_lut6_I4_O)        0.124     7.793 r  cpu_inst/i__carry__2_i_17/O
                         net (fo=33, routed)          0.926     8.719    cpu_inst/data_mem_inst/i__carry__6_i_12_1
    SLICE_X4Y10          LUT3 (Prop_lut3_I2_O)        0.124     8.843 r  cpu_inst/data_mem_inst/i__carry_i_10_comp/O
                         net (fo=1, routed)           0.283     9.126    cpu_inst/data_mem_inst/i__carry_i_10_n_0
    SLICE_X7Y10          LUT5 (Prop_lut5_I3_O)        0.124     9.250 r  cpu_inst/data_mem_inst/i__carry_i_2__0_comp/O
                         net (fo=5, routed)           1.106    10.357    cpu_inst/data_mem_inst/ex_mem_reg_reg[alu_result][2]
    SLICE_X8Y10          LUT6 (Prop_lut6_I1_O)        0.124    10.481 r  cpu_inst/data_mem_inst/i__carry_i_4/O
                         net (fo=1, routed)           0.000    10.481    cpu_inst/data_mem_inst_n_224
    SLICE_X8Y10          CARRY4 (Prop_carry4_S[0]_CO[3])
                                                      0.513    10.994 r  cpu_inst/ex_branch_taken0_inferred__0/i__carry/CO[3]
                         net (fo=1, routed)           0.000    10.994    cpu_inst/ex_branch_taken0_inferred__0/i__carry_n_0
    SLICE_X8Y11          CARRY4 (Prop_carry4_CI_CO[3])
                                                      0.117    11.111 r  cpu_inst/ex_branch_taken0_inferred__0/i__carry__0/CO[3]
                         net (fo=1, routed)           0.000    11.111    cpu_inst/ex_branch_taken0_inferred__0/i__carry__0_n_0
    SLICE_X8Y12          CARRY4 (Prop_carry4_CI_CO[2])
                                                      0.229    11.340 f  cpu_inst/ex_branch_taken0_inferred__0/i__carry__1/CO[2]
                         net (fo=39, routed)          0.836    12.175    cpu_inst/data_mem_inst/CO[0]
    SLICE_X15Y18         LUT6 (Prop_lut6_I5_O)        0.310    12.485 r  cpu_inst/data_mem_inst/id_ex_reg[imm_ext][12]_i_2_comp/O
                         net (fo=7, routed)           0.472    12.957    cpu_inst/data_mem_inst/id_ex_reg[imm_ext][12]_i_2_n_0
    SLICE_X14Y20         LUT4 (Prop_lut4_I2_O)        0.124    13.081 r  cpu_inst/data_mem_inst/id_ex_reg[operand_a][31]_i_1/O
                         net (fo=32, routed)          0.520    13.601    cpu_inst/data_mem_inst_n_163
    SLICE_X12Y19         FDRE                                         r  cpu_inst/id_ex_reg_reg[operand_a][30]/R
  -------------------------------------------------------------------    -------------------

                         (clock sys_clk_pin rise edge)
                                                      8.500     8.500 r  <hidden>
                         propagated clock network latency
                                                      5.004    13.504    <hidden>
                         clock pessimism              0.272    13.776    <hidden>
                         clock uncertainty           -0.035    13.741    <hidden>
    SLICE_X12Y19         FDRE (Setup_fdre_C_R)       -0.524    13.217    cpu_inst/id_ex_reg_reg[operand_a][30]
  -------------------------------------------------------------------
                         required time                         13.217    <hidden>
                         arrival time                         -13.601    <hidden>
  -------------------------------------------------------------------
                         slack                                 -0.384    <hidden>

Slack (VIOLATED) :        -0.358ns  (required time - arrival time)
  Source:                 cpu_inst/mem_wb_reg_reg[rd][2]/C
                            (rising edge-triggered cell FDRE clocked by sys_clk_pin  {rise@0.000ns fall@4.250ns period=8.500ns})
  Destination:            cpu_inst/id_ex_reg_reg[operand_b][20]/R
                            (rising edge-triggered cell FDRE clocked by sys_clk_pin  {rise@0.000ns fall@4.250ns period=8.500ns})
  Path Group:             sys_clk_pin
  Path Type:              Setup (Max at Slow Process Corner)
  Requirement:            8.500ns  (sys_clk_pin rise@8.500ns - sys_clk_pin rise@0.000ns)
  Data Path Delay:        8.262ns  (logic 2.431ns (29.425%)  route 5.831ns (70.574%))
  Logic Levels:           10  (CARRY4=3 LUT3=1 LUT4=1 LUT5=1 LUT6=4)
  Clock Path Skew:        -0.037ns (DCD - SCD + CPR)
    Destination Clock Delay (DCD):    5.010ns = ( 13.510 - 8.500 ) 
    Source Clock Delay      (SCD):    5.319ns
    Clock Pessimism Removal (CPR):    0.272ns
  Clock Uncertainty:      0.035ns  ((TSJ^2 + TIJ^2)^1/2 + DJ) / 2 + PE
    Total System Jitter     (TSJ):    0.071ns
    Total Input Jitter      (TIJ):    0.000ns
    Discrete Jitter          (DJ):    0.000ns
    Phase Error              (PE):    0.000ns

    Location             Delay type                Incr(ns)  Path(ns)    Netlist Resource(s)
  -------------------------------------------------------------------    -------------------
                         (clock sys_clk_pin rise edge)
                                                      0.000     0.000 r  <hidden>
                         propagated clock network latency
                                                      5.319     5.319    <hidden>
    SLICE_X10Y15         FDRE                         0.000     5.319 r  cpu_inst/mem_wb_reg_reg[rd][2]/C
    SLICE_X10Y15         FDRE (Prop_fdre_C_Q)         0.518     5.837 r  cpu_inst/mem_wb_reg_reg[rd][2]/Q
                         net (fo=37, routed)          1.080     6.917    cpu_inst/mem_wb_reg_reg[rd][2]
    SLICE_X15Y12         LUT6 (Prop_lut6_I2_O)        0.124     7.041 f  cpu_inst/i__carry_i_14/O
                         net (fo=3, routed)           0.628     7.669    cpu_inst/i__carry_i_14_n_0
    SLICE_X11Y12         LUT6 (Prop_lut6_I4_O)        0.124     7.793 r  cpu_inst/i__carry__2_i_17/O
                         net (fo=33, routed)          0.926     8.719    cpu_inst/data_mem_inst/i__carry__6_i_12_1
    SLICE_X4Y10          LUT3 (Prop_lut3_I2_O)        0.124     8.843 r  cpu_inst/data_mem_inst/i__carry_i_10_comp/O
                         net (fo=1, routed)           0.283     9.126    cpu_inst/data_mem_inst/i__carry_i_10_n_0
    SLICE_X7Y10          LUT5 (Prop_lut5_I3_O)        0.124     9.250 r  cpu_inst/data_mem_inst/i__carry_i_2__0_comp/O
                         net (fo=5, routed)           1.106    10.357    cpu_inst/data_mem_inst/ex_mem_reg_reg[alu_result][2]
    SLICE_X8Y10          LUT6 (Prop_lut6_I1_O)        0.124    10.481 r  cpu_inst/data_mem_inst/i__carry_i_4/O
                         net (fo=1, routed)           0.000    10.481    cpu_inst/data_mem_inst_n_224
    SLICE_X8Y10          CARRY4 (Prop_carry4_S[0]_CO[3])
                                                      0.513    10.994 r  cpu_inst/ex_branch_taken0_inferred__0/i__carry/CO[3]
                         net (fo=1, routed)           0.000    10.994    cpu_inst/ex_branch_taken0_inferred__0/i__carry_n_0
    SLICE_X8Y11          CARRY4 (Prop_carry4_CI_CO[3])
                                                      0.117    11.111 r  cpu_inst/ex_branch_taken0_inferred__0/i__carry__0/CO[3]
                         net (fo=1, routed)           0.000    11.111    cpu_inst/ex_branch_taken0_inferred__0/i__carry__0_n_0
    SLICE_X8Y12          CARRY4 (Prop_carry4_CI_CO[2])
                                                      0.229    11.340 f  cpu_inst/ex_branch_taken0_inferred__0/i__carry__1/CO[2]
                         net (fo=39, routed)          0.836    12.175    cpu_inst/data_mem_inst/CO[0]
    SLICE_X15Y18         LUT6 (Prop_lut6_I5_O)        0.310    12.485 r  cpu_inst/data_mem_inst/id_ex_reg[imm_ext][12]_i_2_comp/O
                         net (fo=7, routed)           0.310    12.795    cpu_inst/data_mem_inst/id_ex_reg[imm_ext][12]_i_2_n_0
    SLICE_X15Y18         LUT4 (Prop_lut4_I2_O)        0.124    12.919 r  cpu_inst/data_mem_inst/id_ex_reg[operand_b][31]_i_1/O
                         net (fo=32, routed)          0.662    13.581    cpu_inst/data_mem_inst_n_162
    SLICE_X14Y14         FDRE                                         r  cpu_inst/id_ex_reg_reg[operand_b][20]/R
  -------------------------------------------------------------------    -------------------

                         (clock sys_clk_pin rise edge)
                                                      8.500     8.500 r  <hidden>
                         propagated clock network latency
                                                      5.010    13.510    <hidden>
                         clock pessimism              0.272    13.782    <hidden>
                         clock uncertainty           -0.035    13.747    <hidden>
    SLICE_X14Y14         FDRE (Setup_fdre_C_R)       -0.524    13.223    cpu_inst/id_ex_reg_reg[operand_b][20]
  -------------------------------------------------------------------
                         required time                         13.223    <hidden>
                         arrival time                         -13.581    <hidden>
  -------------------------------------------------------------------
                         slack                                 -0.358    <hidden>

Slack (VIOLATED) :        -0.358ns  (required time - arrival time)
  Source:                 cpu_inst/mem_wb_reg_reg[rd][2]/C
                            (rising edge-triggered cell FDRE clocked by sys_clk_pin  {rise@0.000ns fall@4.250ns period=8.500ns})
  Destination:            cpu_inst/id_ex_reg_reg[operand_b][21]/R
                            (rising edge-triggered cell FDRE clocked by sys_clk_pin  {rise@0.000ns fall@4.250ns period=8.500ns})
  Path Group:             sys_clk_pin
  Path Type:              Setup (Max at Slow Process Corner)
  Requirement:            8.500ns  (sys_clk_pin rise@8.500ns - sys_clk_pin rise@0.000ns)
  Data Path Delay:        8.262ns  (logic 2.431ns (29.425%)  route 5.831ns (70.574%))
  Logic Levels:           10  (CARRY4=3 LUT3=1 LUT4=1 LUT5=1 LUT6=4)
  Clock Path Skew:        -0.037ns (DCD - SCD + CPR)
    Destination Clock Delay (DCD):    5.010ns = ( 13.510 - 8.500 ) 
    Source Clock Delay      (SCD):    5.319ns
    Clock Pessimism Removal (CPR):    0.272ns
  Clock Uncertainty:      0.035ns  ((TSJ^2 + TIJ^2)^1/2 + DJ) / 2 + PE
    Total System Jitter     (TSJ):    0.071ns
    Total Input Jitter      (TIJ):    0.000ns
    Discrete Jitter          (DJ):    0.000ns
    Phase Error              (PE):    0.000ns

    Location             Delay type                Incr(ns)  Path(ns)    Netlist Resource(s)
  -------------------------------------------------------------------    -------------------
                         (clock sys_clk_pin rise edge)
                                                      0.000     0.000 r  <hidden>
                         propagated clock network latency
                                                      5.319     5.319    <hidden>
    SLICE_X10Y15         FDRE                         0.000     5.319 r  cpu_inst/mem_wb_reg_reg[rd][2]/C
    SLICE_X10Y15         FDRE (Prop_fdre_C_Q)         0.518     5.837 r  cpu_inst/mem_wb_reg_reg[rd][2]/Q
                         net (fo=37, routed)          1.080     6.917    cpu_inst/mem_wb_reg_reg[rd][2]
    SLICE_X15Y12         LUT6 (Prop_lut6_I2_O)        0.124     7.041 f  cpu_inst/i__carry_i_14/O
                         net (fo=3, routed)           0.628     7.669    cpu_inst/i__carry_i_14_n_0
    SLICE_X11Y12         LUT6 (Prop_lut6_I4_O)        0.124     7.793 r  cpu_inst/i__carry__2_i_17/O
                         net (fo=33, routed)          0.926     8.719    cpu_inst/data_mem_inst/i__carry__6_i_12_1
    SLICE_X4Y10          LUT3 (Prop_lut3_I2_O)        0.124     8.843 r  cpu_inst/data_mem_inst/i__carry_i_10_comp/O
                         net (fo=1, routed)           0.283     9.126    cpu_inst/data_mem_inst/i__carry_i_10_n_0
    SLICE_X7Y10          LUT5 (Prop_lut5_I3_O)        0.124     9.250 r  cpu_inst/data_mem_inst/i__carry_i_2__0_comp/O
                         net (fo=5, routed)           1.106    10.357    cpu_inst/data_mem_inst/ex_mem_reg_reg[alu_result][2]
    SLICE_X8Y10          LUT6 (Prop_lut6_I1_O)        0.124    10.481 r  cpu_inst/data_mem_inst/i__carry_i_4/O
                         net (fo=1, routed)           0.000    10.481    cpu_inst/data_mem_inst_n_224
    SLICE_X8Y10          CARRY4 (Prop_carry4_S[0]_CO[3])
                                                      0.513    10.994 r  cpu_inst/ex_branch_taken0_inferred__0/i__carry/CO[3]
                         net (fo=1, routed)           0.000    10.994    cpu_inst/ex_branch_taken0_inferred__0/i__carry_n_0
    SLICE_X8Y11          CARRY4 (Prop_carry4_CI_CO[3])
                                                      0.117    11.111 r  cpu_inst/ex_branch_taken0_inferred__0/i__carry__0/CO[3]
                         net (fo=1, routed)           0.000    11.111    cpu_inst/ex_branch_taken0_inferred__0/i__carry__0_n_0
    SLICE_X8Y12          CARRY4 (Prop_carry4_CI_CO[2])
                                                      0.229    11.340 f  cpu_inst/ex_branch_taken0_inferred__0/i__carry__1/CO[2]
                         net (fo=39, routed)          0.836    12.175    cpu_inst/data_mem_inst/CO[0]
    SLICE_X15Y18         LUT6 (Prop_lut6_I5_O)        0.310    12.485 r  cpu_inst/data_mem_inst/id_ex_reg[imm_ext][12]_i_2_comp/O
                         net (fo=7, routed)           0.310    12.795    cpu_inst/data_mem_inst/id_ex_reg[imm_ext][12]_i_2_n_0
    SLICE_X15Y18         LUT4 (Prop_lut4_I2_O)        0.124    12.919 r  cpu_inst/data_mem_inst/id_ex_reg[operand_b][31]_i_1/O
                         net (fo=32, routed)          0.662    13.581    cpu_inst/data_mem_inst_n_162
    SLICE_X14Y14         FDRE                                         r  cpu_inst/id_ex_reg_reg[operand_b][21]/R
  -------------------------------------------------------------------    -------------------

                         (clock sys_clk_pin rise edge)
                                                      8.500     8.500 r  <hidden>
                         propagated clock network latency
                                                      5.010    13.510    <hidden>
                         clock pessimism              0.272    13.782    <hidden>
                         clock uncertainty           -0.035    13.747    <hidden>
    SLICE_X14Y14         FDRE (Setup_fdre_C_R)       -0.524    13.223    cpu_inst/id_ex_reg_reg[operand_b][21]
  -------------------------------------------------------------------
                         required time                         13.223    <hidden>
                         arrival time                         -13.581    <hidden>
  -------------------------------------------------------------------
                         slack                                 -0.358    <hidden>




