Copyright 1986-2022 Xilinx, Inc. All Rights Reserved. Copyright 2022-2026 Advanced Micro Devices, Inc. All Rights Reserved.
----------------------------------------------------------------------------------------------------------------------------------------------------------------------------
| Tool Version : Vivado v.2026.1 (win64) Build 6511674 Tue Jun 16 11:02:23 MDT 2026
| Date         : Tue Jul 14 19:55:31 2026
| Host         : DESKTOP-4GB7DVJ running 64-bit major release  (build 9200)
| Command      : report_timing -max_paths 10 -path_type full -file reports/phase16c_cpu_mips_compare_impl/phase08_multicycle/timing/phase08_multicycle_impl_worst_paths.rpt
| Design       : fpga_top_cpu_mips_compare
| Device       : 7a35t-cpg236
| Speed File   : -1  PRODUCTION 1.23 2018-06-13
| Design State : Physopt postRoute
----------------------------------------------------------------------------------------------------------------------------------------------------------------------------

Timing Report

Slack (MET) :             0.581ns  (required time - arrival time)
  Source:                 rst_sync_reg/C
                            (rising edge-triggered cell FDRE clocked by sys_clk_pin  {rise@0.000ns fall@5.000ns period=10.000ns})
  Destination:            gen_phase8.cpu_inst/data_mem_reg[197][28]/R
                            (rising edge-triggered cell FDRE clocked by sys_clk_pin  {rise@0.000ns fall@5.000ns period=10.000ns})
  Path Group:             sys_clk_pin
  Path Type:              Setup (Max at Slow Process Corner)
  Requirement:            10.000ns  (sys_clk_pin rise@10.000ns - sys_clk_pin rise@0.000ns)
  Data Path Delay:        8.845ns  (logic 0.456ns (5.156%)  route 8.389ns (94.844%))
  Logic Levels:           0  
  Clock Path Skew:        -0.015ns (DCD - SCD + CPR)
    Destination Clock Delay (DCD):    4.955ns = ( 14.955 - 10.000 ) 
    Source Clock Delay      (SCD):    5.150ns
    Clock Pessimism Removal (CPR):    0.180ns
  Clock Uncertainty:      0.035ns  ((TSJ^2 + TIJ^2)^1/2 + DJ) / 2 + PE
    Total System Jitter     (TSJ):    0.071ns
    Total Input Jitter      (TIJ):    0.000ns
    Discrete Jitter          (DJ):    0.000ns
    Phase Error              (PE):    0.000ns

    Location             Delay type                Incr(ns)  Path(ns)    Netlist Resource(s)
  -------------------------------------------------------------------    -------------------
                         (clock sys_clk_pin rise edge)
                                                      0.000     0.000 r  <hidden>
                         propagated clock network latency
                                                      5.150     5.150    <hidden>
    SLICE_X0Y17          FDRE                         0.000     5.150 r  rst_sync_reg/C
    SLICE_X0Y17          FDRE (Prop_fdre_C_Q)         0.456     5.606 r  rst_sync_reg/Q
                         net (fo=8684, routed)        8.389    13.995    gen_phase8.cpu_inst/rst_sync
    SLICE_X8Y108         FDRE                                         r  gen_phase8.cpu_inst/data_mem_reg[197][28]/R
  -------------------------------------------------------------------    -------------------

                         (clock sys_clk_pin rise edge)
                                                     10.000    10.000 r  <hidden>
                         propagated clock network latency
                                                      4.955    14.955    <hidden>
                         clock pessimism              0.180    15.135    <hidden>
                         clock uncertainty           -0.035    15.100    <hidden>
    SLICE_X8Y108         FDRE (Setup_fdre_C_R)       -0.524    14.576    gen_phase8.cpu_inst/data_mem_reg[197][28]
  -------------------------------------------------------------------
                         required time                         14.576    <hidden>
                         arrival time                         -13.995    <hidden>
  -------------------------------------------------------------------
                         slack                                  0.581    <hidden>

Slack (MET) :             0.676ns  (required time - arrival time)
  Source:                 rst_sync_reg/C
                            (rising edge-triggered cell FDRE clocked by sys_clk_pin  {rise@0.000ns fall@5.000ns period=10.000ns})
  Destination:            gen_phase8.cpu_inst/data_mem_reg[193][28]/R
                            (rising edge-triggered cell FDRE clocked by sys_clk_pin  {rise@0.000ns fall@5.000ns period=10.000ns})
  Path Group:             sys_clk_pin
  Path Type:              Setup (Max at Slow Process Corner)
  Requirement:            10.000ns  (sys_clk_pin rise@10.000ns - sys_clk_pin rise@0.000ns)
  Data Path Delay:        8.845ns  (logic 0.456ns (5.156%)  route 8.389ns (94.844%))
  Logic Levels:           0  
  Clock Path Skew:        -0.015ns (DCD - SCD + CPR)
    Destination Clock Delay (DCD):    4.955ns = ( 14.955 - 10.000 ) 
    Source Clock Delay      (SCD):    5.150ns
    Clock Pessimism Removal (CPR):    0.180ns
  Clock Uncertainty:      0.035ns  ((TSJ^2 + TIJ^2)^1/2 + DJ) / 2 + PE
    Total System Jitter     (TSJ):    0.071ns
    Total Input Jitter      (TIJ):    0.000ns
    Discrete Jitter          (DJ):    0.000ns
    Phase Error              (PE):    0.000ns

    Location             Delay type                Incr(ns)  Path(ns)    Netlist Resource(s)
  -------------------------------------------------------------------    -------------------
                         (clock sys_clk_pin rise edge)
                                                      0.000     0.000 r  <hidden>
                         propagated clock network latency
                                                      5.150     5.150    <hidden>
    SLICE_X0Y17          FDRE                         0.000     5.150 r  rst_sync_reg/C
    SLICE_X0Y17          FDRE (Prop_fdre_C_Q)         0.456     5.606 r  rst_sync_reg/Q
                         net (fo=8684, routed)        8.389    13.995    gen_phase8.cpu_inst/rst_sync
    SLICE_X9Y108         FDRE                                         r  gen_phase8.cpu_inst/data_mem_reg[193][28]/R
  -------------------------------------------------------------------    -------------------

                         (clock sys_clk_pin rise edge)
                                                     10.000    10.000 r  <hidden>
                         propagated clock network latency
                                                      4.955    14.955    <hidden>
                         clock pessimism              0.180    15.135    <hidden>
                         clock uncertainty           -0.035    15.100    <hidden>
    SLICE_X9Y108         FDRE (Setup_fdre_C_R)       -0.429    14.671    gen_phase8.cpu_inst/data_mem_reg[193][28]
  -------------------------------------------------------------------
                         required time                         14.671    <hidden>
                         arrival time                         -13.995    <hidden>
  -------------------------------------------------------------------
                         slack                                  0.676    <hidden>

Slack (MET) :             0.689ns  (required time - arrival time)
  Source:                 rst_sync_reg/C
                            (rising edge-triggered cell FDRE clocked by sys_clk_pin  {rise@0.000ns fall@5.000ns period=10.000ns})
  Destination:            gen_phase8.cpu_inst/data_mem_reg[207][18]/R
                            (rising edge-triggered cell FDRE clocked by sys_clk_pin  {rise@0.000ns fall@5.000ns period=10.000ns})
  Path Group:             sys_clk_pin
  Path Type:              Setup (Max at Slow Process Corner)
  Requirement:            10.000ns  (sys_clk_pin rise@10.000ns - sys_clk_pin rise@0.000ns)
  Data Path Delay:        8.739ns  (logic 0.456ns (5.218%)  route 8.283ns (94.782%))
  Logic Levels:           0  
  Clock Path Skew:        -0.013ns (DCD - SCD + CPR)
    Destination Clock Delay (DCD):    4.957ns = ( 14.957 - 10.000 ) 
    Source Clock Delay      (SCD):    5.150ns
    Clock Pessimism Removal (CPR):    0.180ns
  Clock Uncertainty:      0.035ns  ((TSJ^2 + TIJ^2)^1/2 + DJ) / 2 + PE
    Total System Jitter     (TSJ):    0.071ns
    Total Input Jitter      (TIJ):    0.000ns
    Discrete Jitter          (DJ):    0.000ns
    Phase Error              (PE):    0.000ns

    Location             Delay type                Incr(ns)  Path(ns)    Netlist Resource(s)
  -------------------------------------------------------------------    -------------------
                         (clock sys_clk_pin rise edge)
                                                      0.000     0.000 r  <hidden>
                         propagated clock network latency
                                                      5.150     5.150    <hidden>
    SLICE_X0Y17          FDRE                         0.000     5.150 r  rst_sync_reg/C
    SLICE_X0Y17          FDRE (Prop_fdre_C_Q)         0.456     5.606 r  rst_sync_reg/Q
                         net (fo=8684, routed)        8.283    13.889    gen_phase8.cpu_inst/rst_sync
    SLICE_X8Y100         FDRE                                         r  gen_phase8.cpu_inst/data_mem_reg[207][18]/R
  -------------------------------------------------------------------    -------------------

                         (clock sys_clk_pin rise edge)
                                                     10.000    10.000 r  <hidden>
                         propagated clock network latency
                                                      4.957    14.957    <hidden>
                         clock pessimism              0.180    15.137    <hidden>
                         clock uncertainty           -0.035    15.102    <hidden>
    SLICE_X8Y100         FDRE (Setup_fdre_C_R)       -0.524    14.578    gen_phase8.cpu_inst/data_mem_reg[207][18]
  -------------------------------------------------------------------
                         required time                         14.578    <hidden>
                         arrival time                         -13.889    <hidden>
  -------------------------------------------------------------------
                         slack                                  0.689    <hidden>

Slack (MET) :             0.689ns  (required time - arrival time)
  Source:                 rst_sync_reg/C
                            (rising edge-triggered cell FDRE clocked by sys_clk_pin  {rise@0.000ns fall@5.000ns period=10.000ns})
  Destination:            gen_phase8.cpu_inst/data_mem_reg[207][30]/R
                            (rising edge-triggered cell FDRE clocked by sys_clk_pin  {rise@0.000ns fall@5.000ns period=10.000ns})
  Path Group:             sys_clk_pin
  Path Type:              Setup (Max at Slow Process Corner)
  Requirement:            10.000ns  (sys_clk_pin rise@10.000ns - sys_clk_pin rise@0.000ns)
  Data Path Delay:        8.739ns  (logic 0.456ns (5.218%)  route 8.283ns (94.782%))
  Logic Levels:           0  
  Clock Path Skew:        -0.013ns (DCD - SCD + CPR)
    Destination Clock Delay (DCD):    4.957ns = ( 14.957 - 10.000 ) 
    Source Clock Delay      (SCD):    5.150ns
    Clock Pessimism Removal (CPR):    0.180ns
  Clock Uncertainty:      0.035ns  ((TSJ^2 + TIJ^2)^1/2 + DJ) / 2 + PE
    Total System Jitter     (TSJ):    0.071ns
    Total Input Jitter      (TIJ):    0.000ns
    Discrete Jitter          (DJ):    0.000ns
    Phase Error              (PE):    0.000ns

    Location             Delay type                Incr(ns)  Path(ns)    Netlist Resource(s)
  -------------------------------------------------------------------    -------------------
                         (clock sys_clk_pin rise edge)
                                                      0.000     0.000 r  <hidden>
                         propagated clock network latency
                                                      5.150     5.150    <hidden>
    SLICE_X0Y17          FDRE                         0.000     5.150 r  rst_sync_reg/C
    SLICE_X0Y17          FDRE (Prop_fdre_C_Q)         0.456     5.606 r  rst_sync_reg/Q
                         net (fo=8684, routed)        8.283    13.889    gen_phase8.cpu_inst/rst_sync
    SLICE_X8Y100         FDRE                                         r  gen_phase8.cpu_inst/data_mem_reg[207][30]/R
  -------------------------------------------------------------------    -------------------

                         (clock sys_clk_pin rise edge)
                                                     10.000    10.000 r  <hidden>
                         propagated clock network latency
                                                      4.957    14.957    <hidden>
                         clock pessimism              0.180    15.137    <hidden>
                         clock uncertainty           -0.035    15.102    <hidden>
    SLICE_X8Y100         FDRE (Setup_fdre_C_R)       -0.524    14.578    gen_phase8.cpu_inst/data_mem_reg[207][30]
  -------------------------------------------------------------------
                         required time                         14.578    <hidden>
                         arrival time                         -13.889    <hidden>
  -------------------------------------------------------------------
                         slack                                  0.689    <hidden>

Slack (MET) :             0.707ns  (required time - arrival time)
  Source:                 rst_sync_reg/C
                            (rising edge-triggered cell FDRE clocked by sys_clk_pin  {rise@0.000ns fall@5.000ns period=10.000ns})
  Destination:            gen_phase8.cpu_inst/data_mem_reg[146][25]/R
                            (rising edge-triggered cell FDRE clocked by sys_clk_pin  {rise@0.000ns fall@5.000ns period=10.000ns})
  Path Group:             sys_clk_pin
  Path Type:              Setup (Max at Slow Process Corner)
  Requirement:            10.000ns  (sys_clk_pin rise@10.000ns - sys_clk_pin rise@0.000ns)
  Data Path Delay:        8.696ns  (logic 0.456ns (5.244%)  route 8.240ns (94.756%))
  Logic Levels:           0  
  Clock Path Skew:        -0.133ns (DCD - SCD + CPR)
    Destination Clock Delay (DCD):    4.838ns = ( 14.838 - 10.000 ) 
    Source Clock Delay      (SCD):    5.150ns
    Clock Pessimism Removal (CPR):    0.180ns
  Clock Uncertainty:      0.035ns  ((TSJ^2 + TIJ^2)^1/2 + DJ) / 2 + PE
    Total System Jitter     (TSJ):    0.071ns
    Total Input Jitter      (TIJ):    0.000ns
    Discrete Jitter          (DJ):    0.000ns
    Phase Error              (PE):    0.000ns

    Location             Delay type                Incr(ns)  Path(ns)    Netlist Resource(s)
  -------------------------------------------------------------------    -------------------
                         (clock sys_clk_pin rise edge)
                                                      0.000     0.000 r  <hidden>
                         propagated clock network latency
                                                      5.150     5.150    <hidden>
    SLICE_X0Y17          FDRE                         0.000     5.150 r  rst_sync_reg/C
    SLICE_X0Y17          FDRE (Prop_fdre_C_Q)         0.456     5.606 r  rst_sync_reg/Q
                         net (fo=8684, routed)        8.240    13.847    gen_phase8.cpu_inst/rst_sync
    SLICE_X61Y70         FDRE                                         r  gen_phase8.cpu_inst/data_mem_reg[146][25]/R
  -------------------------------------------------------------------    -------------------

                         (clock sys_clk_pin rise edge)
                                                     10.000    10.000 r  <hidden>
                         propagated clock network latency
                                                      4.838    14.838    <hidden>
                         clock pessimism              0.180    15.018    <hidden>
                         clock uncertainty           -0.035    14.982    <hidden>
    SLICE_X61Y70         FDRE (Setup_fdre_C_R)       -0.429    14.553    gen_phase8.cpu_inst/data_mem_reg[146][25]
  -------------------------------------------------------------------
                         required time                         14.553    <hidden>
                         arrival time                         -13.847    <hidden>
  -------------------------------------------------------------------
                         slack                                  0.707    <hidden>

Slack (MET) :             0.707ns  (required time - arrival time)
  Source:                 rst_sync_reg/C
                            (rising edge-triggered cell FDRE clocked by sys_clk_pin  {rise@0.000ns fall@5.000ns period=10.000ns})
  Destination:            gen_phase8.cpu_inst/data_mem_reg[146][9]/R
                            (rising edge-triggered cell FDRE clocked by sys_clk_pin  {rise@0.000ns fall@5.000ns period=10.000ns})
  Path Group:             sys_clk_pin
  Path Type:              Setup (Max at Slow Process Corner)
  Requirement:            10.000ns  (sys_clk_pin rise@10.000ns - sys_clk_pin rise@0.000ns)
  Data Path Delay:        8.696ns  (logic 0.456ns (5.244%)  route 8.240ns (94.756%))
  Logic Levels:           0  
  Clock Path Skew:        -0.133ns (DCD - SCD + CPR)
    Destination Clock Delay (DCD):    4.838ns = ( 14.838 - 10.000 ) 
    Source Clock Delay      (SCD):    5.150ns
    Clock Pessimism Removal (CPR):    0.180ns
  Clock Uncertainty:      0.035ns  ((TSJ^2 + TIJ^2)^1/2 + DJ) / 2 + PE
    Total System Jitter     (TSJ):    0.071ns
    Total Input Jitter      (TIJ):    0.000ns
    Discrete Jitter          (DJ):    0.000ns
    Phase Error              (PE):    0.000ns

    Location             Delay type                Incr(ns)  Path(ns)    Netlist Resource(s)
  -------------------------------------------------------------------    -------------------
                         (clock sys_clk_pin rise edge)
                                                      0.000     0.000 r  <hidden>
                         propagated clock network latency
                                                      5.150     5.150    <hidden>
    SLICE_X0Y17          FDRE                         0.000     5.150 r  rst_sync_reg/C
    SLICE_X0Y17          FDRE (Prop_fdre_C_Q)         0.456     5.606 r  rst_sync_reg/Q
                         net (fo=8684, routed)        8.240    13.847    gen_phase8.cpu_inst/rst_sync
    SLICE_X61Y70         FDRE                                         r  gen_phase8.cpu_inst/data_mem_reg[146][9]/R
  -------------------------------------------------------------------    -------------------

                         (clock sys_clk_pin rise edge)
                                                     10.000    10.000 r  <hidden>
                         propagated clock network latency
                                                      4.838    14.838    <hidden>
                         clock pessimism              0.180    15.018    <hidden>
                         clock uncertainty           -0.035    14.982    <hidden>
    SLICE_X61Y70         FDRE (Setup_fdre_C_R)       -0.429    14.553    gen_phase8.cpu_inst/data_mem_reg[146][9]
  -------------------------------------------------------------------
                         required time                         14.553    <hidden>
                         arrival time                         -13.847    <hidden>
  -------------------------------------------------------------------
                         slack                                  0.707    <hidden>

Slack (MET) :             0.778ns  (required time - arrival time)
  Source:                 rst_sync_reg/C
                            (rising edge-triggered cell FDRE clocked by sys_clk_pin  {rise@0.000ns fall@5.000ns period=10.000ns})
  Destination:            gen_phase8.cpu_inst/data_mem_reg[180][14]/R
                            (rising edge-triggered cell FDRE clocked by sys_clk_pin  {rise@0.000ns fall@5.000ns period=10.000ns})
  Path Group:             sys_clk_pin
  Path Type:              Setup (Max at Slow Process Corner)
  Requirement:            10.000ns  (sys_clk_pin rise@10.000ns - sys_clk_pin rise@0.000ns)
  Data Path Delay:        8.720ns  (logic 0.456ns (5.230%)  route 8.264ns (94.770%))
  Logic Levels:           0  
  Clock Path Skew:        -0.038ns (DCD - SCD + CPR)
    Destination Clock Delay (DCD):    4.932ns = ( 14.932 - 10.000 ) 
    Source Clock Delay      (SCD):    5.150ns
    Clock Pessimism Removal (CPR):    0.180ns
  Clock Uncertainty:      0.035ns  ((TSJ^2 + TIJ^2)^1/2 + DJ) / 2 + PE
    Total System Jitter     (TSJ):    0.071ns
    Total Input Jitter      (TIJ):    0.000ns
    Discrete Jitter          (DJ):    0.000ns
    Phase Error              (PE):    0.000ns

    Location             Delay type                Incr(ns)  Path(ns)    Netlist Resource(s)
  -------------------------------------------------------------------    -------------------
                         (clock sys_clk_pin rise edge)
                                                      0.000     0.000 r  <hidden>
                         propagated clock network latency
                                                      5.150     5.150    <hidden>
    SLICE_X0Y17          FDRE                         0.000     5.150 r  rst_sync_reg/C
    SLICE_X0Y17          FDRE (Prop_fdre_C_Q)         0.456     5.606 r  rst_sync_reg/Q
                         net (fo=8684, routed)        8.264    13.870    gen_phase8.cpu_inst/rst_sync
    SLICE_X35Y124        FDRE                                         r  gen_phase8.cpu_inst/data_mem_reg[180][14]/R
  -------------------------------------------------------------------    -------------------

                         (clock sys_clk_pin rise edge)
                                                     10.000    10.000 r  <hidden>
                         propagated clock network latency
                                                      4.932    14.932    <hidden>
                         clock pessimism              0.180    15.112    <hidden>
                         clock uncertainty           -0.035    15.077    <hidden>
    SLICE_X35Y124        FDRE (Setup_fdre_C_R)       -0.429    14.648    gen_phase8.cpu_inst/data_mem_reg[180][14]
  -------------------------------------------------------------------
                         required time                         14.648    <hidden>
                         arrival time                         -13.870    <hidden>
  -------------------------------------------------------------------
                         slack                                  0.778    <hidden>

Slack (MET) :             0.784ns  (required time - arrival time)
  Source:                 rst_sync_reg/C
                            (rising edge-triggered cell FDRE clocked by sys_clk_pin  {rise@0.000ns fall@5.000ns period=10.000ns})
  Destination:            gen_phase8.cpu_inst/data_mem_reg[199][18]/R
                            (rising edge-triggered cell FDRE clocked by sys_clk_pin  {rise@0.000ns fall@5.000ns period=10.000ns})
  Path Group:             sys_clk_pin
  Path Type:              Setup (Max at Slow Process Corner)
  Requirement:            10.000ns  (sys_clk_pin rise@10.000ns - sys_clk_pin rise@0.000ns)
  Data Path Delay:        8.739ns  (logic 0.456ns (5.218%)  route 8.283ns (94.782%))
  Logic Levels:           0  
  Clock Path Skew:        -0.013ns (DCD - SCD + CPR)
    Destination Clock Delay (DCD):    4.957ns = ( 14.957 - 10.000 ) 
    Source Clock Delay      (SCD):    5.150ns
    Clock Pessimism Removal (CPR):    0.180ns
  Clock Uncertainty:      0.035ns  ((TSJ^2 + TIJ^2)^1/2 + DJ) / 2 + PE
    Total System Jitter     (TSJ):    0.071ns
    Total Input Jitter      (TIJ):    0.000ns
    Discrete Jitter          (DJ):    0.000ns
    Phase Error              (PE):    0.000ns

    Location             Delay type                Incr(ns)  Path(ns)    Netlist Resource(s)
  -------------------------------------------------------------------    -------------------
                         (clock sys_clk_pin rise edge)
                                                      0.000     0.000 r  <hidden>
                         propagated clock network latency
                                                      5.150     5.150    <hidden>
    SLICE_X0Y17          FDRE                         0.000     5.150 r  rst_sync_reg/C
    SLICE_X0Y17          FDRE (Prop_fdre_C_Q)         0.456     5.606 r  rst_sync_reg/Q
                         net (fo=8684, routed)        8.283    13.889    gen_phase8.cpu_inst/rst_sync
    SLICE_X9Y100         FDRE                                         r  gen_phase8.cpu_inst/data_mem_reg[199][18]/R
  -------------------------------------------------------------------    -------------------

                         (clock sys_clk_pin rise edge)
                                                     10.000    10.000 r  <hidden>
                         propagated clock network latency
                                                      4.957    14.957    <hidden>
                         clock pessimism              0.180    15.137    <hidden>
                         clock uncertainty           -0.035    15.102    <hidden>
    SLICE_X9Y100         FDRE (Setup_fdre_C_R)       -0.429    14.673    gen_phase8.cpu_inst/data_mem_reg[199][18]
  -------------------------------------------------------------------
                         required time                         14.673    <hidden>
                         arrival time                         -13.889    <hidden>
  -------------------------------------------------------------------
                         slack                                  0.784    <hidden>

Slack (MET) :             0.784ns  (required time - arrival time)
  Source:                 rst_sync_reg/C
                            (rising edge-triggered cell FDRE clocked by sys_clk_pin  {rise@0.000ns fall@5.000ns period=10.000ns})
  Destination:            gen_phase8.cpu_inst/data_mem_reg[199][23]/R
                            (rising edge-triggered cell FDRE clocked by sys_clk_pin  {rise@0.000ns fall@5.000ns period=10.000ns})
  Path Group:             sys_clk_pin
  Path Type:              Setup (Max at Slow Process Corner)
  Requirement:            10.000ns  (sys_clk_pin rise@10.000ns - sys_clk_pin rise@0.000ns)
  Data Path Delay:        8.739ns  (logic 0.456ns (5.218%)  route 8.283ns (94.782%))
  Logic Levels:           0  
  Clock Path Skew:        -0.013ns (DCD - SCD + CPR)
    Destination Clock Delay (DCD):    4.957ns = ( 14.957 - 10.000 ) 
    Source Clock Delay      (SCD):    5.150ns
    Clock Pessimism Removal (CPR):    0.180ns
  Clock Uncertainty:      0.035ns  ((TSJ^2 + TIJ^2)^1/2 + DJ) / 2 + PE
    Total System Jitter     (TSJ):    0.071ns
    Total Input Jitter      (TIJ):    0.000ns
    Discrete Jitter          (DJ):    0.000ns
    Phase Error              (PE):    0.000ns

    Location             Delay type                Incr(ns)  Path(ns)    Netlist Resource(s)
  -------------------------------------------------------------------    -------------------
                         (clock sys_clk_pin rise edge)
                                                      0.000     0.000 r  <hidden>
                         propagated clock network latency
                                                      5.150     5.150    <hidden>
    SLICE_X0Y17          FDRE                         0.000     5.150 r  rst_sync_reg/C
    SLICE_X0Y17          FDRE (Prop_fdre_C_Q)         0.456     5.606 r  rst_sync_reg/Q
                         net (fo=8684, routed)        8.283    13.889    gen_phase8.cpu_inst/rst_sync
    SLICE_X9Y100         FDRE                                         r  gen_phase8.cpu_inst/data_mem_reg[199][23]/R
  -------------------------------------------------------------------    -------------------

                         (clock sys_clk_pin rise edge)
                                                     10.000    10.000 r  <hidden>
                         propagated clock network latency
                                                      4.957    14.957    <hidden>
                         clock pessimism              0.180    15.137    <hidden>
                         clock uncertainty           -0.035    15.102    <hidden>
    SLICE_X9Y100         FDRE (Setup_fdre_C_R)       -0.429    14.673    gen_phase8.cpu_inst/data_mem_reg[199][23]
  -------------------------------------------------------------------
                         required time                         14.673    <hidden>
                         arrival time                         -13.889    <hidden>
  -------------------------------------------------------------------
                         slack                                  0.784    <hidden>

Slack (MET) :             0.784ns  (required time - arrival time)
  Source:                 rst_sync_reg/C
                            (rising edge-triggered cell FDRE clocked by sys_clk_pin  {rise@0.000ns fall@5.000ns period=10.000ns})
  Destination:            gen_phase8.cpu_inst/data_mem_reg[199][24]/R
                            (rising edge-triggered cell FDRE clocked by sys_clk_pin  {rise@0.000ns fall@5.000ns period=10.000ns})
  Path Group:             sys_clk_pin
  Path Type:              Setup (Max at Slow Process Corner)
  Requirement:            10.000ns  (sys_clk_pin rise@10.000ns - sys_clk_pin rise@0.000ns)
  Data Path Delay:        8.739ns  (logic 0.456ns (5.218%)  route 8.283ns (94.782%))
  Logic Levels:           0  
  Clock Path Skew:        -0.013ns (DCD - SCD + CPR)
    Destination Clock Delay (DCD):    4.957ns = ( 14.957 - 10.000 ) 
    Source Clock Delay      (SCD):    5.150ns
    Clock Pessimism Removal (CPR):    0.180ns
  Clock Uncertainty:      0.035ns  ((TSJ^2 + TIJ^2)^1/2 + DJ) / 2 + PE
    Total System Jitter     (TSJ):    0.071ns
    Total Input Jitter      (TIJ):    0.000ns
    Discrete Jitter          (DJ):    0.000ns
    Phase Error              (PE):    0.000ns

    Location             Delay type                Incr(ns)  Path(ns)    Netlist Resource(s)
  -------------------------------------------------------------------    -------------------
                         (clock sys_clk_pin rise edge)
                                                      0.000     0.000 r  <hidden>
                         propagated clock network latency
                                                      5.150     5.150    <hidden>
    SLICE_X0Y17          FDRE                         0.000     5.150 r  rst_sync_reg/C
    SLICE_X0Y17          FDRE (Prop_fdre_C_Q)         0.456     5.606 r  rst_sync_reg/Q
                         net (fo=8684, routed)        8.283    13.889    gen_phase8.cpu_inst/rst_sync
    SLICE_X9Y100         FDRE                                         r  gen_phase8.cpu_inst/data_mem_reg[199][24]/R
  -------------------------------------------------------------------    -------------------

                         (clock sys_clk_pin rise edge)
                                                     10.000    10.000 r  <hidden>
                         propagated clock network latency
                                                      4.957    14.957    <hidden>
                         clock pessimism              0.180    15.137    <hidden>
                         clock uncertainty           -0.035    15.102    <hidden>
    SLICE_X9Y100         FDRE (Setup_fdre_C_R)       -0.429    14.673    gen_phase8.cpu_inst/data_mem_reg[199][24]
  -------------------------------------------------------------------
                         required time                         14.673    <hidden>
                         arrival time                         -13.889    <hidden>
  -------------------------------------------------------------------
                         slack                                  0.784    <hidden>




