Copyright 1986-2022 Xilinx, Inc. All Rights Reserved. Copyright 2022-2026 Advanced Micro Devices, Inc. All Rights Reserved.
---------------------------------------------------------------------------------------------------------------------------------------------------------------------------
| Tool Version : Vivado v.2026.1 (win64) Build 6511674 Tue Jun 16 11:02:23 MDT 2026
| Date         : Sun Jul 12 15:04:21 2026
| Host         : DESKTOP-4GB7DVJ running 64-bit major release  (build 9200)
| Command      : report_timing -max_paths 10 -path_type full -file reports/phase13d_timing/perf_directive_9p100ns/timing/fpga_top_pipeline_loadtiming_impl_worst_paths.rpt
| Design       : fpga_top_pipeline_loadtiming
| Device       : 7a35t-cpg236
| Speed File   : -1  PRODUCTION 1.23 2018-06-13
| Design State : Physopt postRoute
---------------------------------------------------------------------------------------------------------------------------------------------------------------------------

Timing Report

Slack (MET) :             0.044ns  (required time - arrival time)
  Source:                 cpu_inst/ex_mem_reg_reg[rd][0]/C
                            (rising edge-triggered cell FDRE clocked by sys_clk_pin  {rise@0.000ns fall@4.550ns period=9.100ns})
  Destination:            cpu_inst/id_ex_reg_reg[operand_b][23]/R
                            (rising edge-triggered cell FDRE clocked by sys_clk_pin  {rise@0.000ns fall@4.550ns period=9.100ns})
  Path Group:             sys_clk_pin
  Path Type:              Setup (Max at Slow Process Corner)
  Requirement:            9.100ns  (sys_clk_pin rise@9.100ns - sys_clk_pin rise@0.000ns)
  Data Path Delay:        8.549ns  (logic 2.562ns (29.968%)  route 5.987ns (70.032%))
  Logic Levels:           10  (CARRY4=3 LUT4=2 LUT5=2 LUT6=3)
  Clock Path Skew:        -0.042ns (DCD - SCD + CPR)
    Destination Clock Delay (DCD):    4.776ns = ( 13.876 - 9.100 ) 
    Source Clock Delay      (SCD):    5.078ns
    Clock Pessimism Removal (CPR):    0.260ns
  Clock Uncertainty:      0.035ns  ((TSJ^2 + TIJ^2)^1/2 + DJ) / 2 + PE
    Total System Jitter     (TSJ):    0.071ns
    Total Input Jitter      (TIJ):    0.000ns
    Discrete Jitter          (DJ):    0.000ns
    Phase Error              (PE):    0.000ns

    Location             Delay type                Incr(ns)  Path(ns)    Netlist Resource(s)
  -------------------------------------------------------------------    -------------------
                         (clock sys_clk_pin rise edge)
                                                      0.000     0.000 r  <hidden>
                         propagated clock network latency
                                                      5.078     5.078    <hidden>
    SLICE_X10Y30         FDRE                         0.000     5.078 r  cpu_inst/ex_mem_reg_reg[rd][0]/C
    SLICE_X10Y30         FDRE (Prop_fdre_C_Q)         0.478     5.556 r  cpu_inst/ex_mem_reg_reg[rd][0]/Q
                         net (fo=4, routed)           0.708     6.264    cpu_inst/ex_mem_reg_reg[rd][0]
    SLICE_X11Y30         LUT5 (Prop_lut5_I2_O)        0.295     6.559 r  cpu_inst/ex_mem_reg[store_data][31]_i_9/O
                         net (fo=1, routed)           0.575     7.134    cpu_inst/ex_mem_reg[store_data][31]_i_9_n_0
    SLICE_X11Y30         LUT4 (Prop_lut4_I0_O)        0.124     7.258 r  cpu_inst/ex_mem_reg[store_data][31]_i_4/O
                         net (fo=2, routed)           0.668     7.926    cpu_inst/ex_mem_reg[store_data][31]_i_4_n_0
    SLICE_X10Y30         LUT6 (Prop_lut6_I0_O)        0.124     8.050 r  cpu_inst/ex_mem_reg[store_data][31]_i_2/O
                         net (fo=64, routed)          1.014     9.064    cpu_inst/data_mem_inst/ex_mem_reg_reg[store_data][0]
    SLICE_X8Y17          LUT5 (Prop_lut5_I1_O)        0.124     9.188 r  cpu_inst/data_mem_inst/ex_mem_reg[store_data][2]_i_1/O
                         net (fo=4, routed)           1.208    10.397    cpu_inst/data_mem_inst/ex_store_data[2]
    SLICE_X8Y22          LUT6 (Prop_lut6_I2_O)        0.124    10.521 r  cpu_inst/data_mem_inst/i__carry_i_4/O
                         net (fo=1, routed)           0.000    10.521    cpu_inst/data_mem_inst_n_85
    SLICE_X8Y22          CARRY4 (Prop_carry4_S[0]_CO[3])
                                                      0.513    11.034 r  cpu_inst/ex_branch_taken0_inferred__0/i__carry/CO[3]
                         net (fo=1, routed)           0.000    11.034    cpu_inst/ex_branch_taken0_inferred__0/i__carry_n_0
    SLICE_X8Y23          CARRY4 (Prop_carry4_CI_CO[3])
                                                      0.117    11.151 r  cpu_inst/ex_branch_taken0_inferred__0/i__carry__0/CO[3]
                         net (fo=1, routed)           0.000    11.151    cpu_inst/ex_branch_taken0_inferred__0/i__carry__0_n_0
    SLICE_X8Y24          CARRY4 (Prop_carry4_CI_CO[2])
                                                      0.229    11.380 f  cpu_inst/ex_branch_taken0_inferred__0/i__carry__1/CO[2]
                         net (fo=40, routed)          0.503    11.883    cpu_inst/data_mem_inst/CO[0]
    SLICE_X9Y22          LUT6 (Prop_lut6_I5_O)        0.310    12.193 f  cpu_inst/data_mem_inst/id_ex_reg[imm_ext][12]_i_2/O
                         net (fo=10, routed)          0.623    12.815    cpu_inst/data_mem_inst/id_ex_reg[imm_ext][12]_i_2_n_0
    SLICE_X9Y19          LUT4 (Prop_lut4_I3_O)        0.124    12.939 r  cpu_inst/data_mem_inst/id_ex_reg[operand_b][31]_i_1/O
                         net (fo=28, routed)          0.688    13.627    cpu_inst/data_mem_inst_n_79
    SLICE_X9Y23          FDRE                                         r  cpu_inst/id_ex_reg_reg[operand_b][23]/R
  -------------------------------------------------------------------    -------------------

                         (clock sys_clk_pin rise edge)
                                                      9.100     9.100 r  <hidden>
                         propagated clock network latency
                                                      4.776    13.876    <hidden>
                         clock pessimism              0.260    14.136    <hidden>
                         clock uncertainty           -0.035    14.101    <hidden>
    SLICE_X9Y23          FDRE (Setup_fdre_C_R)       -0.429    13.672    cpu_inst/id_ex_reg_reg[operand_b][23]
  -------------------------------------------------------------------
                         required time                         13.672    <hidden>
                         arrival time                         -13.627    <hidden>
  -------------------------------------------------------------------
                         slack                                  0.044    <hidden>

Slack (MET) :             0.136ns  (required time - arrival time)
  Source:                 cpu_inst/ex_mem_reg_reg[rd][0]/C
                            (rising edge-triggered cell FDRE clocked by sys_clk_pin  {rise@0.000ns fall@4.550ns period=9.100ns})
  Destination:            cpu_inst/id_ex_reg_reg[operand_b][28]/R
                            (rising edge-triggered cell FDRE clocked by sys_clk_pin  {rise@0.000ns fall@4.550ns period=9.100ns})
  Path Group:             sys_clk_pin
  Path Type:              Setup (Max at Slow Process Corner)
  Requirement:            9.100ns  (sys_clk_pin rise@9.100ns - sys_clk_pin rise@0.000ns)
  Data Path Delay:        8.464ns  (logic 2.562ns (30.268%)  route 5.902ns (69.732%))
  Logic Levels:           10  (CARRY4=3 LUT4=2 LUT5=2 LUT6=3)
  Clock Path Skew:        -0.035ns (DCD - SCD + CPR)
    Destination Clock Delay (DCD):    4.783ns = ( 13.883 - 9.100 ) 
    Source Clock Delay      (SCD):    5.078ns
    Clock Pessimism Removal (CPR):    0.260ns
  Clock Uncertainty:      0.035ns  ((TSJ^2 + TIJ^2)^1/2 + DJ) / 2 + PE
    Total System Jitter     (TSJ):    0.071ns
    Total Input Jitter      (TIJ):    0.000ns
    Discrete Jitter          (DJ):    0.000ns
    Phase Error              (PE):    0.000ns

    Location             Delay type                Incr(ns)  Path(ns)    Netlist Resource(s)
  -------------------------------------------------------------------    -------------------
                         (clock sys_clk_pin rise edge)
                                                      0.000     0.000 r  <hidden>
                         propagated clock network latency
                                                      5.078     5.078    <hidden>
    SLICE_X10Y30         FDRE                         0.000     5.078 r  cpu_inst/ex_mem_reg_reg[rd][0]/C
    SLICE_X10Y30         FDRE (Prop_fdre_C_Q)         0.478     5.556 r  cpu_inst/ex_mem_reg_reg[rd][0]/Q
                         net (fo=4, routed)           0.708     6.264    cpu_inst/ex_mem_reg_reg[rd][0]
    SLICE_X11Y30         LUT5 (Prop_lut5_I2_O)        0.295     6.559 r  cpu_inst/ex_mem_reg[store_data][31]_i_9/O
                         net (fo=1, routed)           0.575     7.134    cpu_inst/ex_mem_reg[store_data][31]_i_9_n_0
    SLICE_X11Y30         LUT4 (Prop_lut4_I0_O)        0.124     7.258 r  cpu_inst/ex_mem_reg[store_data][31]_i_4/O
                         net (fo=2, routed)           0.668     7.926    cpu_inst/ex_mem_reg[store_data][31]_i_4_n_0
    SLICE_X10Y30         LUT6 (Prop_lut6_I0_O)        0.124     8.050 r  cpu_inst/ex_mem_reg[store_data][31]_i_2/O
                         net (fo=64, routed)          1.014     9.064    cpu_inst/data_mem_inst/ex_mem_reg_reg[store_data][0]
    SLICE_X8Y17          LUT5 (Prop_lut5_I1_O)        0.124     9.188 r  cpu_inst/data_mem_inst/ex_mem_reg[store_data][2]_i_1/O
                         net (fo=4, routed)           1.208    10.397    cpu_inst/data_mem_inst/ex_store_data[2]
    SLICE_X8Y22          LUT6 (Prop_lut6_I2_O)        0.124    10.521 r  cpu_inst/data_mem_inst/i__carry_i_4/O
                         net (fo=1, routed)           0.000    10.521    cpu_inst/data_mem_inst_n_85
    SLICE_X8Y22          CARRY4 (Prop_carry4_S[0]_CO[3])
                                                      0.513    11.034 r  cpu_inst/ex_branch_taken0_inferred__0/i__carry/CO[3]
                         net (fo=1, routed)           0.000    11.034    cpu_inst/ex_branch_taken0_inferred__0/i__carry_n_0
    SLICE_X8Y23          CARRY4 (Prop_carry4_CI_CO[3])
                                                      0.117    11.151 r  cpu_inst/ex_branch_taken0_inferred__0/i__carry__0/CO[3]
                         net (fo=1, routed)           0.000    11.151    cpu_inst/ex_branch_taken0_inferred__0/i__carry__0_n_0
    SLICE_X8Y24          CARRY4 (Prop_carry4_CI_CO[2])
                                                      0.229    11.380 f  cpu_inst/ex_branch_taken0_inferred__0/i__carry__1/CO[2]
                         net (fo=40, routed)          0.503    11.883    cpu_inst/data_mem_inst/CO[0]
    SLICE_X9Y22          LUT6 (Prop_lut6_I5_O)        0.310    12.193 f  cpu_inst/data_mem_inst/id_ex_reg[imm_ext][12]_i_2/O
                         net (fo=10, routed)          0.623    12.815    cpu_inst/data_mem_inst/id_ex_reg[imm_ext][12]_i_2_n_0
    SLICE_X9Y19          LUT4 (Prop_lut4_I3_O)        0.124    12.939 r  cpu_inst/data_mem_inst/id_ex_reg[operand_b][31]_i_1/O
                         net (fo=28, routed)          0.603    13.543    cpu_inst/data_mem_inst_n_79
    SLICE_X9Y17          FDRE                                         r  cpu_inst/id_ex_reg_reg[operand_b][28]/R
  -------------------------------------------------------------------    -------------------

                         (clock sys_clk_pin rise edge)
                                                      9.100     9.100 r  <hidden>
                         propagated clock network latency
                                                      4.783    13.883    <hidden>
                         clock pessimism              0.260    14.143    <hidden>
                         clock uncertainty           -0.035    14.108    <hidden>
    SLICE_X9Y17          FDRE (Setup_fdre_C_R)       -0.429    13.679    cpu_inst/id_ex_reg_reg[operand_b][28]
  -------------------------------------------------------------------
                         required time                         13.679    <hidden>
                         arrival time                         -13.543    <hidden>
  -------------------------------------------------------------------
                         slack                                  0.136    <hidden>

Slack (MET) :             0.137ns  (required time - arrival time)
  Source:                 cpu_inst/ex_mem_reg_reg[rd][0]/C
                            (rising edge-triggered cell FDRE clocked by sys_clk_pin  {rise@0.000ns fall@4.550ns period=9.100ns})
  Destination:            cpu_inst/id_ex_reg_reg[operand_b][10]/CE
                            (rising edge-triggered cell FDRE clocked by sys_clk_pin  {rise@0.000ns fall@4.550ns period=9.100ns})
  Path Group:             sys_clk_pin
  Path Type:              Setup (Max at Slow Process Corner)
  Requirement:            9.100ns  (sys_clk_pin rise@9.100ns - sys_clk_pin rise@0.000ns)
  Data Path Delay:        8.690ns  (logic 2.562ns (29.481%)  route 6.128ns (70.519%))
  Logic Levels:           10  (CARRY4=3 LUT2=1 LUT4=1 LUT5=2 LUT6=3)
  Clock Path Skew:        -0.032ns (DCD - SCD + CPR)
    Destination Clock Delay (DCD):    4.786ns = ( 13.886 - 9.100 ) 
    Source Clock Delay      (SCD):    5.078ns
    Clock Pessimism Removal (CPR):    0.260ns
  Clock Uncertainty:      0.035ns  ((TSJ^2 + TIJ^2)^1/2 + DJ) / 2 + PE
    Total System Jitter     (TSJ):    0.071ns
    Total Input Jitter      (TIJ):    0.000ns
    Discrete Jitter          (DJ):    0.000ns
    Phase Error              (PE):    0.000ns

    Location             Delay type                Incr(ns)  Path(ns)    Netlist Resource(s)
  -------------------------------------------------------------------    -------------------
                         (clock sys_clk_pin rise edge)
                                                      0.000     0.000 r  <hidden>
                         propagated clock network latency
                                                      5.078     5.078    <hidden>
    SLICE_X10Y30         FDRE                         0.000     5.078 r  cpu_inst/ex_mem_reg_reg[rd][0]/C
    SLICE_X10Y30         FDRE (Prop_fdre_C_Q)         0.478     5.556 r  cpu_inst/ex_mem_reg_reg[rd][0]/Q
                         net (fo=4, routed)           0.708     6.264    cpu_inst/ex_mem_reg_reg[rd][0]
    SLICE_X11Y30         LUT5 (Prop_lut5_I2_O)        0.295     6.559 r  cpu_inst/ex_mem_reg[store_data][31]_i_9/O
                         net (fo=1, routed)           0.575     7.134    cpu_inst/ex_mem_reg[store_data][31]_i_9_n_0
    SLICE_X11Y30         LUT4 (Prop_lut4_I0_O)        0.124     7.258 r  cpu_inst/ex_mem_reg[store_data][31]_i_4/O
                         net (fo=2, routed)           0.668     7.926    cpu_inst/ex_mem_reg[store_data][31]_i_4_n_0
    SLICE_X10Y30         LUT6 (Prop_lut6_I0_O)        0.124     8.050 r  cpu_inst/ex_mem_reg[store_data][31]_i_2/O
                         net (fo=64, routed)          1.014     9.064    cpu_inst/data_mem_inst/ex_mem_reg_reg[store_data][0]
    SLICE_X8Y17          LUT5 (Prop_lut5_I1_O)        0.124     9.188 r  cpu_inst/data_mem_inst/ex_mem_reg[store_data][2]_i_1/O
                         net (fo=4, routed)           1.208    10.397    cpu_inst/data_mem_inst/ex_store_data[2]
    SLICE_X8Y22          LUT6 (Prop_lut6_I2_O)        0.124    10.521 r  cpu_inst/data_mem_inst/i__carry_i_4/O
                         net (fo=1, routed)           0.000    10.521    cpu_inst/data_mem_inst_n_85
    SLICE_X8Y22          CARRY4 (Prop_carry4_S[0]_CO[3])
                                                      0.513    11.034 r  cpu_inst/ex_branch_taken0_inferred__0/i__carry/CO[3]
                         net (fo=1, routed)           0.000    11.034    cpu_inst/ex_branch_taken0_inferred__0/i__carry_n_0
    SLICE_X8Y23          CARRY4 (Prop_carry4_CI_CO[3])
                                                      0.117    11.151 r  cpu_inst/ex_branch_taken0_inferred__0/i__carry__0/CO[3]
                         net (fo=1, routed)           0.000    11.151    cpu_inst/ex_branch_taken0_inferred__0/i__carry__0_n_0
    SLICE_X8Y24          CARRY4 (Prop_carry4_CI_CO[2])
                                                      0.229    11.380 f  cpu_inst/ex_branch_taken0_inferred__0/i__carry__1/CO[2]
                         net (fo=40, routed)          0.503    11.883    cpu_inst/data_mem_inst/CO[0]
    SLICE_X9Y22          LUT6 (Prop_lut6_I5_O)        0.310    12.193 f  cpu_inst/data_mem_inst/id_ex_reg[imm_ext][12]_i_2/O
                         net (fo=10, routed)          0.483    12.676    cpu_inst/data_mem_inst/id_ex_reg[imm_ext][12]_i_2_n_0
    SLICE_X9Y24          LUT2 (Prop_lut2_I1_O)        0.124    12.800 r  cpu_inst/data_mem_inst/id_ex_reg[imm_ext][12]_i_1_replica_1/O
                         net (fo=119, routed)         0.969    13.768    cpu_inst/enable_sw[0]_repN_1_alias
    SLICE_X9Y13          FDRE                                         r  cpu_inst/id_ex_reg_reg[operand_b][10]/CE
  -------------------------------------------------------------------    -------------------

                         (clock sys_clk_pin rise edge)
                                                      9.100     9.100 r  <hidden>
                         propagated clock network latency
                                                      4.786    13.886    <hidden>
                         clock pessimism              0.260    14.146    <hidden>
                         clock uncertainty           -0.035    14.111    <hidden>
    SLICE_X9Y13          FDRE (Setup_fdre_C_CE)      -0.205    13.906    cpu_inst/id_ex_reg_reg[operand_b][10]
  -------------------------------------------------------------------
                         required time                         13.906    <hidden>
                         arrival time                         -13.768    <hidden>
  -------------------------------------------------------------------
                         slack                                  0.137    <hidden>

Slack (MET) :             0.137ns  (required time - arrival time)
  Source:                 cpu_inst/ex_mem_reg_reg[rd][0]/C
                            (rising edge-triggered cell FDRE clocked by sys_clk_pin  {rise@0.000ns fall@4.550ns period=9.100ns})
  Destination:            cpu_inst/id_ex_reg_reg[operand_b][15]/CE
                            (rising edge-triggered cell FDRE clocked by sys_clk_pin  {rise@0.000ns fall@4.550ns period=9.100ns})
  Path Group:             sys_clk_pin
  Path Type:              Setup (Max at Slow Process Corner)
  Requirement:            9.100ns  (sys_clk_pin rise@9.100ns - sys_clk_pin rise@0.000ns)
  Data Path Delay:        8.690ns  (logic 2.562ns (29.481%)  route 6.128ns (70.519%))
  Logic Levels:           10  (CARRY4=3 LUT2=1 LUT4=1 LUT5=2 LUT6=3)
  Clock Path Skew:        -0.032ns (DCD - SCD + CPR)
    Destination Clock Delay (DCD):    4.786ns = ( 13.886 - 9.100 ) 
    Source Clock Delay      (SCD):    5.078ns
    Clock Pessimism Removal (CPR):    0.260ns
  Clock Uncertainty:      0.035ns  ((TSJ^2 + TIJ^2)^1/2 + DJ) / 2 + PE
    Total System Jitter     (TSJ):    0.071ns
    Total Input Jitter      (TIJ):    0.000ns
    Discrete Jitter          (DJ):    0.000ns
    Phase Error              (PE):    0.000ns

    Location             Delay type                Incr(ns)  Path(ns)    Netlist Resource(s)
  -------------------------------------------------------------------    -------------------
                         (clock sys_clk_pin rise edge)
                                                      0.000     0.000 r  <hidden>
                         propagated clock network latency
                                                      5.078     5.078    <hidden>
    SLICE_X10Y30         FDRE                         0.000     5.078 r  cpu_inst/ex_mem_reg_reg[rd][0]/C
    SLICE_X10Y30         FDRE (Prop_fdre_C_Q)         0.478     5.556 r  cpu_inst/ex_mem_reg_reg[rd][0]/Q
                         net (fo=4, routed)           0.708     6.264    cpu_inst/ex_mem_reg_reg[rd][0]
    SLICE_X11Y30         LUT5 (Prop_lut5_I2_O)        0.295     6.559 r  cpu_inst/ex_mem_reg[store_data][31]_i_9/O
                         net (fo=1, routed)           0.575     7.134    cpu_inst/ex_mem_reg[store_data][31]_i_9_n_0
    SLICE_X11Y30         LUT4 (Prop_lut4_I0_O)        0.124     7.258 r  cpu_inst/ex_mem_reg[store_data][31]_i_4/O
                         net (fo=2, routed)           0.668     7.926    cpu_inst/ex_mem_reg[store_data][31]_i_4_n_0
    SLICE_X10Y30         LUT6 (Prop_lut6_I0_O)        0.124     8.050 r  cpu_inst/ex_mem_reg[store_data][31]_i_2/O
                         net (fo=64, routed)          1.014     9.064    cpu_inst/data_mem_inst/ex_mem_reg_reg[store_data][0]
    SLICE_X8Y17          LUT5 (Prop_lut5_I1_O)        0.124     9.188 r  cpu_inst/data_mem_inst/ex_mem_reg[store_data][2]_i_1/O
                         net (fo=4, routed)           1.208    10.397    cpu_inst/data_mem_inst/ex_store_data[2]
    SLICE_X8Y22          LUT6 (Prop_lut6_I2_O)        0.124    10.521 r  cpu_inst/data_mem_inst/i__carry_i_4/O
                         net (fo=1, routed)           0.000    10.521    cpu_inst/data_mem_inst_n_85
    SLICE_X8Y22          CARRY4 (Prop_carry4_S[0]_CO[3])
                                                      0.513    11.034 r  cpu_inst/ex_branch_taken0_inferred__0/i__carry/CO[3]
                         net (fo=1, routed)           0.000    11.034    cpu_inst/ex_branch_taken0_inferred__0/i__carry_n_0
    SLICE_X8Y23          CARRY4 (Prop_carry4_CI_CO[3])
                                                      0.117    11.151 r  cpu_inst/ex_branch_taken0_inferred__0/i__carry__0/CO[3]
                         net (fo=1, routed)           0.000    11.151    cpu_inst/ex_branch_taken0_inferred__0/i__carry__0_n_0
    SLICE_X8Y24          CARRY4 (Prop_carry4_CI_CO[2])
                                                      0.229    11.380 f  cpu_inst/ex_branch_taken0_inferred__0/i__carry__1/CO[2]
                         net (fo=40, routed)          0.503    11.883    cpu_inst/data_mem_inst/CO[0]
    SLICE_X9Y22          LUT6 (Prop_lut6_I5_O)        0.310    12.193 f  cpu_inst/data_mem_inst/id_ex_reg[imm_ext][12]_i_2/O
                         net (fo=10, routed)          0.483    12.676    cpu_inst/data_mem_inst/id_ex_reg[imm_ext][12]_i_2_n_0
    SLICE_X9Y24          LUT2 (Prop_lut2_I1_O)        0.124    12.800 r  cpu_inst/data_mem_inst/id_ex_reg[imm_ext][12]_i_1_replica_1/O
                         net (fo=119, routed)         0.969    13.768    cpu_inst/enable_sw[0]_repN_1_alias
    SLICE_X9Y13          FDRE                                         r  cpu_inst/id_ex_reg_reg[operand_b][15]/CE
  -------------------------------------------------------------------    -------------------

                         (clock sys_clk_pin rise edge)
                                                      9.100     9.100 r  <hidden>
                         propagated clock network latency
                                                      4.786    13.886    <hidden>
                         clock pessimism              0.260    14.146    <hidden>
                         clock uncertainty           -0.035    14.111    <hidden>
    SLICE_X9Y13          FDRE (Setup_fdre_C_CE)      -0.205    13.906    cpu_inst/id_ex_reg_reg[operand_b][15]
  -------------------------------------------------------------------
                         required time                         13.906    <hidden>
                         arrival time                         -13.768    <hidden>
  -------------------------------------------------------------------
                         slack                                  0.137    <hidden>

Slack (MET) :             0.137ns  (required time - arrival time)
  Source:                 cpu_inst/ex_mem_reg_reg[rd][0]/C
                            (rising edge-triggered cell FDRE clocked by sys_clk_pin  {rise@0.000ns fall@4.550ns period=9.100ns})
  Destination:            cpu_inst/id_ex_reg_reg[operand_b][1]/CE
                            (rising edge-triggered cell FDRE clocked by sys_clk_pin  {rise@0.000ns fall@4.550ns period=9.100ns})
  Path Group:             sys_clk_pin
  Path Type:              Setup (Max at Slow Process Corner)
  Requirement:            9.100ns  (sys_clk_pin rise@9.100ns - sys_clk_pin rise@0.000ns)
  Data Path Delay:        8.690ns  (logic 2.562ns (29.481%)  route 6.128ns (70.519%))
  Logic Levels:           10  (CARRY4=3 LUT2=1 LUT4=1 LUT5=2 LUT6=3)
  Clock Path Skew:        -0.032ns (DCD - SCD + CPR)
    Destination Clock Delay (DCD):    4.786ns = ( 13.886 - 9.100 ) 
    Source Clock Delay      (SCD):    5.078ns
    Clock Pessimism Removal (CPR):    0.260ns
  Clock Uncertainty:      0.035ns  ((TSJ^2 + TIJ^2)^1/2 + DJ) / 2 + PE
    Total System Jitter     (TSJ):    0.071ns
    Total Input Jitter      (TIJ):    0.000ns
    Discrete Jitter          (DJ):    0.000ns
    Phase Error              (PE):    0.000ns

    Location             Delay type                Incr(ns)  Path(ns)    Netlist Resource(s)
  -------------------------------------------------------------------    -------------------
                         (clock sys_clk_pin rise edge)
                                                      0.000     0.000 r  <hidden>
                         propagated clock network latency
                                                      5.078     5.078    <hidden>
    SLICE_X10Y30         FDRE                         0.000     5.078 r  cpu_inst/ex_mem_reg_reg[rd][0]/C
    SLICE_X10Y30         FDRE (Prop_fdre_C_Q)         0.478     5.556 r  cpu_inst/ex_mem_reg_reg[rd][0]/Q
                         net (fo=4, routed)           0.708     6.264    cpu_inst/ex_mem_reg_reg[rd][0]
    SLICE_X11Y30         LUT5 (Prop_lut5_I2_O)        0.295     6.559 r  cpu_inst/ex_mem_reg[store_data][31]_i_9/O
                         net (fo=1, routed)           0.575     7.134    cpu_inst/ex_mem_reg[store_data][31]_i_9_n_0
    SLICE_X11Y30         LUT4 (Prop_lut4_I0_O)        0.124     7.258 r  cpu_inst/ex_mem_reg[store_data][31]_i_4/O
                         net (fo=2, routed)           0.668     7.926    cpu_inst/ex_mem_reg[store_data][31]_i_4_n_0
    SLICE_X10Y30         LUT6 (Prop_lut6_I0_O)        0.124     8.050 r  cpu_inst/ex_mem_reg[store_data][31]_i_2/O
                         net (fo=64, routed)          1.014     9.064    cpu_inst/data_mem_inst/ex_mem_reg_reg[store_data][0]
    SLICE_X8Y17          LUT5 (Prop_lut5_I1_O)        0.124     9.188 r  cpu_inst/data_mem_inst/ex_mem_reg[store_data][2]_i_1/O
                         net (fo=4, routed)           1.208    10.397    cpu_inst/data_mem_inst/ex_store_data[2]
    SLICE_X8Y22          LUT6 (Prop_lut6_I2_O)        0.124    10.521 r  cpu_inst/data_mem_inst/i__carry_i_4/O
                         net (fo=1, routed)           0.000    10.521    cpu_inst/data_mem_inst_n_85
    SLICE_X8Y22          CARRY4 (Prop_carry4_S[0]_CO[3])
                                                      0.513    11.034 r  cpu_inst/ex_branch_taken0_inferred__0/i__carry/CO[3]
                         net (fo=1, routed)           0.000    11.034    cpu_inst/ex_branch_taken0_inferred__0/i__carry_n_0
    SLICE_X8Y23          CARRY4 (Prop_carry4_CI_CO[3])
                                                      0.117    11.151 r  cpu_inst/ex_branch_taken0_inferred__0/i__carry__0/CO[3]
                         net (fo=1, routed)           0.000    11.151    cpu_inst/ex_branch_taken0_inferred__0/i__carry__0_n_0
    SLICE_X8Y24          CARRY4 (Prop_carry4_CI_CO[2])
                                                      0.229    11.380 f  cpu_inst/ex_branch_taken0_inferred__0/i__carry__1/CO[2]
                         net (fo=40, routed)          0.503    11.883    cpu_inst/data_mem_inst/CO[0]
    SLICE_X9Y22          LUT6 (Prop_lut6_I5_O)        0.310    12.193 f  cpu_inst/data_mem_inst/id_ex_reg[imm_ext][12]_i_2/O
                         net (fo=10, routed)          0.483    12.676    cpu_inst/data_mem_inst/id_ex_reg[imm_ext][12]_i_2_n_0
    SLICE_X9Y24          LUT2 (Prop_lut2_I1_O)        0.124    12.800 r  cpu_inst/data_mem_inst/id_ex_reg[imm_ext][12]_i_1_replica_1/O
                         net (fo=119, routed)         0.969    13.768    cpu_inst/enable_sw[0]_repN_1_alias
    SLICE_X9Y13          FDRE                                         r  cpu_inst/id_ex_reg_reg[operand_b][1]/CE
  -------------------------------------------------------------------    -------------------

                         (clock sys_clk_pin rise edge)
                                                      9.100     9.100 r  <hidden>
                         propagated clock network latency
                                                      4.786    13.886    <hidden>
                         clock pessimism              0.260    14.146    <hidden>
                         clock uncertainty           -0.035    14.111    <hidden>
    SLICE_X9Y13          FDRE (Setup_fdre_C_CE)      -0.205    13.906    cpu_inst/id_ex_reg_reg[operand_b][1]
  -------------------------------------------------------------------
                         required time                         13.906    <hidden>
                         arrival time                         -13.768    <hidden>
  -------------------------------------------------------------------
                         slack                                  0.137    <hidden>

Slack (MET) :             0.137ns  (required time - arrival time)
  Source:                 cpu_inst/ex_mem_reg_reg[rd][0]/C
                            (rising edge-triggered cell FDRE clocked by sys_clk_pin  {rise@0.000ns fall@4.550ns period=9.100ns})
  Destination:            cpu_inst/id_ex_reg_reg[operand_b][20]/CE
                            (rising edge-triggered cell FDRE clocked by sys_clk_pin  {rise@0.000ns fall@4.550ns period=9.100ns})
  Path Group:             sys_clk_pin
  Path Type:              Setup (Max at Slow Process Corner)
  Requirement:            9.100ns  (sys_clk_pin rise@9.100ns - sys_clk_pin rise@0.000ns)
  Data Path Delay:        8.690ns  (logic 2.562ns (29.481%)  route 6.128ns (70.519%))
  Logic Levels:           10  (CARRY4=3 LUT2=1 LUT4=1 LUT5=2 LUT6=3)
  Clock Path Skew:        -0.032ns (DCD - SCD + CPR)
    Destination Clock Delay (DCD):    4.786ns = ( 13.886 - 9.100 ) 
    Source Clock Delay      (SCD):    5.078ns
    Clock Pessimism Removal (CPR):    0.260ns
  Clock Uncertainty:      0.035ns  ((TSJ^2 + TIJ^2)^1/2 + DJ) / 2 + PE
    Total System Jitter     (TSJ):    0.071ns
    Total Input Jitter      (TIJ):    0.000ns
    Discrete Jitter          (DJ):    0.000ns
    Phase Error              (PE):    0.000ns

    Location             Delay type                Incr(ns)  Path(ns)    Netlist Resource(s)
  -------------------------------------------------------------------    -------------------
                         (clock sys_clk_pin rise edge)
                                                      0.000     0.000 r  <hidden>
                         propagated clock network latency
                                                      5.078     5.078    <hidden>
    SLICE_X10Y30         FDRE                         0.000     5.078 r  cpu_inst/ex_mem_reg_reg[rd][0]/C
    SLICE_X10Y30         FDRE (Prop_fdre_C_Q)         0.478     5.556 r  cpu_inst/ex_mem_reg_reg[rd][0]/Q
                         net (fo=4, routed)           0.708     6.264    cpu_inst/ex_mem_reg_reg[rd][0]
    SLICE_X11Y30         LUT5 (Prop_lut5_I2_O)        0.295     6.559 r  cpu_inst/ex_mem_reg[store_data][31]_i_9/O
                         net (fo=1, routed)           0.575     7.134    cpu_inst/ex_mem_reg[store_data][31]_i_9_n_0
    SLICE_X11Y30         LUT4 (Prop_lut4_I0_O)        0.124     7.258 r  cpu_inst/ex_mem_reg[store_data][31]_i_4/O
                         net (fo=2, routed)           0.668     7.926    cpu_inst/ex_mem_reg[store_data][31]_i_4_n_0
    SLICE_X10Y30         LUT6 (Prop_lut6_I0_O)        0.124     8.050 r  cpu_inst/ex_mem_reg[store_data][31]_i_2/O
                         net (fo=64, routed)          1.014     9.064    cpu_inst/data_mem_inst/ex_mem_reg_reg[store_data][0]
    SLICE_X8Y17          LUT5 (Prop_lut5_I1_O)        0.124     9.188 r  cpu_inst/data_mem_inst/ex_mem_reg[store_data][2]_i_1/O
                         net (fo=4, routed)           1.208    10.397    cpu_inst/data_mem_inst/ex_store_data[2]
    SLICE_X8Y22          LUT6 (Prop_lut6_I2_O)        0.124    10.521 r  cpu_inst/data_mem_inst/i__carry_i_4/O
                         net (fo=1, routed)           0.000    10.521    cpu_inst/data_mem_inst_n_85
    SLICE_X8Y22          CARRY4 (Prop_carry4_S[0]_CO[3])
                                                      0.513    11.034 r  cpu_inst/ex_branch_taken0_inferred__0/i__carry/CO[3]
                         net (fo=1, routed)           0.000    11.034    cpu_inst/ex_branch_taken0_inferred__0/i__carry_n_0
    SLICE_X8Y23          CARRY4 (Prop_carry4_CI_CO[3])
                                                      0.117    11.151 r  cpu_inst/ex_branch_taken0_inferred__0/i__carry__0/CO[3]
                         net (fo=1, routed)           0.000    11.151    cpu_inst/ex_branch_taken0_inferred__0/i__carry__0_n_0
    SLICE_X8Y24          CARRY4 (Prop_carry4_CI_CO[2])
                                                      0.229    11.380 f  cpu_inst/ex_branch_taken0_inferred__0/i__carry__1/CO[2]
                         net (fo=40, routed)          0.503    11.883    cpu_inst/data_mem_inst/CO[0]
    SLICE_X9Y22          LUT6 (Prop_lut6_I5_O)        0.310    12.193 f  cpu_inst/data_mem_inst/id_ex_reg[imm_ext][12]_i_2/O
                         net (fo=10, routed)          0.483    12.676    cpu_inst/data_mem_inst/id_ex_reg[imm_ext][12]_i_2_n_0
    SLICE_X9Y24          LUT2 (Prop_lut2_I1_O)        0.124    12.800 r  cpu_inst/data_mem_inst/id_ex_reg[imm_ext][12]_i_1_replica_1/O
                         net (fo=119, routed)         0.969    13.768    cpu_inst/enable_sw[0]_repN_1_alias
    SLICE_X9Y13          FDRE                                         r  cpu_inst/id_ex_reg_reg[operand_b][20]/CE
  -------------------------------------------------------------------    -------------------

                         (clock sys_clk_pin rise edge)
                                                      9.100     9.100 r  <hidden>
                         propagated clock network latency
                                                      4.786    13.886    <hidden>
                         clock pessimism              0.260    14.146    <hidden>
                         clock uncertainty           -0.035    14.111    <hidden>
    SLICE_X9Y13          FDRE (Setup_fdre_C_CE)      -0.205    13.906    cpu_inst/id_ex_reg_reg[operand_b][20]
  -------------------------------------------------------------------
                         required time                         13.906    <hidden>
                         arrival time                         -13.768    <hidden>
  -------------------------------------------------------------------
                         slack                                  0.137    <hidden>

Slack (MET) :             0.159ns  (required time - arrival time)
  Source:                 cpu_inst/ex_mem_reg_reg[rd][0]/C
                            (rising edge-triggered cell FDRE clocked by sys_clk_pin  {rise@0.000ns fall@4.550ns period=9.100ns})
  Destination:            cpu_inst/id_ex_reg_reg[operand_b][23]/CE
                            (rising edge-triggered cell FDRE clocked by sys_clk_pin  {rise@0.000ns fall@4.550ns period=9.100ns})
  Path Group:             sys_clk_pin
  Path Type:              Setup (Max at Slow Process Corner)
  Requirement:            9.100ns  (sys_clk_pin rise@9.100ns - sys_clk_pin rise@0.000ns)
  Data Path Delay:        8.658ns  (logic 2.562ns (29.589%)  route 6.096ns (70.411%))
  Logic Levels:           10  (CARRY4=3 LUT2=1 LUT4=1 LUT5=2 LUT6=3)
  Clock Path Skew:        -0.042ns (DCD - SCD + CPR)
    Destination Clock Delay (DCD):    4.776ns = ( 13.876 - 9.100 ) 
    Source Clock Delay      (SCD):    5.078ns
    Clock Pessimism Removal (CPR):    0.260ns
  Clock Uncertainty:      0.035ns  ((TSJ^2 + TIJ^2)^1/2 + DJ) / 2 + PE
    Total System Jitter     (TSJ):    0.071ns
    Total Input Jitter      (TIJ):    0.000ns
    Discrete Jitter          (DJ):    0.000ns
    Phase Error              (PE):    0.000ns

    Location             Delay type                Incr(ns)  Path(ns)    Netlist Resource(s)
  -------------------------------------------------------------------    -------------------
                         (clock sys_clk_pin rise edge)
                                                      0.000     0.000 r  <hidden>
                         propagated clock network latency
                                                      5.078     5.078    <hidden>
    SLICE_X10Y30         FDRE                         0.000     5.078 r  cpu_inst/ex_mem_reg_reg[rd][0]/C
    SLICE_X10Y30         FDRE (Prop_fdre_C_Q)         0.478     5.556 r  cpu_inst/ex_mem_reg_reg[rd][0]/Q
                         net (fo=4, routed)           0.708     6.264    cpu_inst/ex_mem_reg_reg[rd][0]
    SLICE_X11Y30         LUT5 (Prop_lut5_I2_O)        0.295     6.559 r  cpu_inst/ex_mem_reg[store_data][31]_i_9/O
                         net (fo=1, routed)           0.575     7.134    cpu_inst/ex_mem_reg[store_data][31]_i_9_n_0
    SLICE_X11Y30         LUT4 (Prop_lut4_I0_O)        0.124     7.258 r  cpu_inst/ex_mem_reg[store_data][31]_i_4/O
                         net (fo=2, routed)           0.668     7.926    cpu_inst/ex_mem_reg[store_data][31]_i_4_n_0
    SLICE_X10Y30         LUT6 (Prop_lut6_I0_O)        0.124     8.050 r  cpu_inst/ex_mem_reg[store_data][31]_i_2/O
                         net (fo=64, routed)          1.014     9.064    cpu_inst/data_mem_inst/ex_mem_reg_reg[store_data][0]
    SLICE_X8Y17          LUT5 (Prop_lut5_I1_O)        0.124     9.188 r  cpu_inst/data_mem_inst/ex_mem_reg[store_data][2]_i_1/O
                         net (fo=4, routed)           1.208    10.397    cpu_inst/data_mem_inst/ex_store_data[2]
    SLICE_X8Y22          LUT6 (Prop_lut6_I2_O)        0.124    10.521 r  cpu_inst/data_mem_inst/i__carry_i_4/O
                         net (fo=1, routed)           0.000    10.521    cpu_inst/data_mem_inst_n_85
    SLICE_X8Y22          CARRY4 (Prop_carry4_S[0]_CO[3])
                                                      0.513    11.034 r  cpu_inst/ex_branch_taken0_inferred__0/i__carry/CO[3]
                         net (fo=1, routed)           0.000    11.034    cpu_inst/ex_branch_taken0_inferred__0/i__carry_n_0
    SLICE_X8Y23          CARRY4 (Prop_carry4_CI_CO[3])
                                                      0.117    11.151 r  cpu_inst/ex_branch_taken0_inferred__0/i__carry__0/CO[3]
                         net (fo=1, routed)           0.000    11.151    cpu_inst/ex_branch_taken0_inferred__0/i__carry__0_n_0
    SLICE_X8Y24          CARRY4 (Prop_carry4_CI_CO[2])
                                                      0.229    11.380 f  cpu_inst/ex_branch_taken0_inferred__0/i__carry__1/CO[2]
                         net (fo=40, routed)          0.503    11.883    cpu_inst/data_mem_inst/CO[0]
    SLICE_X9Y22          LUT6 (Prop_lut6_I5_O)        0.310    12.193 f  cpu_inst/data_mem_inst/id_ex_reg[imm_ext][12]_i_2/O
                         net (fo=10, routed)          0.566    12.759    cpu_inst/data_mem_inst/id_ex_reg[imm_ext][12]_i_2_n_0
    SLICE_X13Y18         LUT2 (Prop_lut2_I1_O)        0.124    12.883 r  cpu_inst/data_mem_inst/id_ex_reg[imm_ext][12]_i_1_replica/O
                         net (fo=2, routed)           0.854    13.737    cpu_inst/enable_sw[0]_repN_alias
    SLICE_X9Y23          FDRE                                         r  cpu_inst/id_ex_reg_reg[operand_b][23]/CE
  -------------------------------------------------------------------    -------------------

                         (clock sys_clk_pin rise edge)
                                                      9.100     9.100 r  <hidden>
                         propagated clock network latency
                                                      4.776    13.876    <hidden>
                         clock pessimism              0.260    14.136    <hidden>
                         clock uncertainty           -0.035    14.101    <hidden>
    SLICE_X9Y23          FDRE (Setup_fdre_C_CE)      -0.205    13.896    cpu_inst/id_ex_reg_reg[operand_b][23]
  -------------------------------------------------------------------
                         required time                         13.896    <hidden>
                         arrival time                         -13.737    <hidden>
  -------------------------------------------------------------------
                         slack                                  0.159    <hidden>

Slack (MET) :             0.164ns  (required time - arrival time)
  Source:                 cpu_inst/ex_mem_reg_reg[rd][0]/C
                            (rising edge-triggered cell FDRE clocked by sys_clk_pin  {rise@0.000ns fall@4.550ns period=9.100ns})
  Destination:            cpu_inst/fetch_pending_pc_reg[10]/CE
                            (rising edge-triggered cell FDRE clocked by sys_clk_pin  {rise@0.000ns fall@4.550ns period=9.100ns})
  Path Group:             sys_clk_pin
  Path Type:              Setup (Max at Slow Process Corner)
  Requirement:            9.100ns  (sys_clk_pin rise@9.100ns - sys_clk_pin rise@0.000ns)
  Data Path Delay:        8.657ns  (logic 2.562ns (29.594%)  route 6.095ns (70.406%))
  Logic Levels:           10  (CARRY4=3 LUT4=3 LUT5=2 LUT6=2)
  Clock Path Skew:        -0.038ns (DCD - SCD + CPR)
    Destination Clock Delay (DCD):    4.780ns = ( 13.880 - 9.100 ) 
    Source Clock Delay      (SCD):    5.078ns
    Clock Pessimism Removal (CPR):    0.260ns
  Clock Uncertainty:      0.035ns  ((TSJ^2 + TIJ^2)^1/2 + DJ) / 2 + PE
    Total System Jitter     (TSJ):    0.071ns
    Total Input Jitter      (TIJ):    0.000ns
    Discrete Jitter          (DJ):    0.000ns
    Phase Error              (PE):    0.000ns

    Location             Delay type                Incr(ns)  Path(ns)    Netlist Resource(s)
  -------------------------------------------------------------------    -------------------
                         (clock sys_clk_pin rise edge)
                                                      0.000     0.000 r  <hidden>
                         propagated clock network latency
                                                      5.078     5.078    <hidden>
    SLICE_X10Y30         FDRE                         0.000     5.078 r  cpu_inst/ex_mem_reg_reg[rd][0]/C
    SLICE_X10Y30         FDRE (Prop_fdre_C_Q)         0.478     5.556 r  cpu_inst/ex_mem_reg_reg[rd][0]/Q
                         net (fo=4, routed)           0.708     6.264    cpu_inst/ex_mem_reg_reg[rd][0]
    SLICE_X11Y30         LUT5 (Prop_lut5_I2_O)        0.295     6.559 r  cpu_inst/ex_mem_reg[store_data][31]_i_9/O
                         net (fo=1, routed)           0.575     7.134    cpu_inst/ex_mem_reg[store_data][31]_i_9_n_0
    SLICE_X11Y30         LUT4 (Prop_lut4_I0_O)        0.124     7.258 r  cpu_inst/ex_mem_reg[store_data][31]_i_4/O
                         net (fo=2, routed)           0.668     7.926    cpu_inst/ex_mem_reg[store_data][31]_i_4_n_0
    SLICE_X10Y30         LUT6 (Prop_lut6_I0_O)        0.124     8.050 r  cpu_inst/ex_mem_reg[store_data][31]_i_2/O
                         net (fo=64, routed)          1.014     9.064    cpu_inst/data_mem_inst/ex_mem_reg_reg[store_data][0]
    SLICE_X8Y17          LUT5 (Prop_lut5_I1_O)        0.124     9.188 r  cpu_inst/data_mem_inst/ex_mem_reg[store_data][2]_i_1/O
                         net (fo=4, routed)           1.208    10.397    cpu_inst/data_mem_inst/ex_store_data[2]
    SLICE_X8Y22          LUT6 (Prop_lut6_I2_O)        0.124    10.521 r  cpu_inst/data_mem_inst/i__carry_i_4/O
                         net (fo=1, routed)           0.000    10.521    cpu_inst/data_mem_inst_n_85
    SLICE_X8Y22          CARRY4 (Prop_carry4_S[0]_CO[3])
                                                      0.513    11.034 r  cpu_inst/ex_branch_taken0_inferred__0/i__carry/CO[3]
                         net (fo=1, routed)           0.000    11.034    cpu_inst/ex_branch_taken0_inferred__0/i__carry_n_0
    SLICE_X8Y23          CARRY4 (Prop_carry4_CI_CO[3])
                                                      0.117    11.151 r  cpu_inst/ex_branch_taken0_inferred__0/i__carry__0/CO[3]
                         net (fo=1, routed)           0.000    11.151    cpu_inst/ex_branch_taken0_inferred__0/i__carry__0_n_0
    SLICE_X8Y24          CARRY4 (Prop_carry4_CI_CO[2])
                                                      0.229    11.380 f  cpu_inst/ex_branch_taken0_inferred__0/i__carry__1/CO[2]
                         net (fo=40, routed)          0.518    11.898    cpu_inst/data_mem_inst/CO[0]
    SLICE_X9Y25          LUT4 (Prop_lut4_I3_O)        0.310    12.208 f  cpu_inst/data_mem_inst/fetch_buffer_instruction[31]_i_3/O
                         net (fo=8, routed)           0.672    12.879    cpu_inst/data_mem_inst/fetch_buffer_instruction[31]_i_3_n_0
    SLICE_X11Y30         LUT4 (Prop_lut4_I2_O)        0.124    13.003 r  cpu_inst/data_mem_inst/fetch_pending_pc[31]_i_1/O
                         net (fo=31, routed)          0.732    13.735    cpu_inst/data_mem_inst_n_75
    SLICE_X13Y29         FDRE                                         r  cpu_inst/fetch_pending_pc_reg[10]/CE
  -------------------------------------------------------------------    -------------------

                         (clock sys_clk_pin rise edge)
                                                      9.100     9.100 r  <hidden>
                         propagated clock network latency
                                                      4.780    13.880    <hidden>
                         clock pessimism              0.260    14.140    <hidden>
                         clock uncertainty           -0.035    14.105    <hidden>
    SLICE_X13Y29         FDRE (Setup_fdre_C_CE)      -0.205    13.900    cpu_inst/fetch_pending_pc_reg[10]
  -------------------------------------------------------------------
                         required time                         13.900    <hidden>
                         arrival time                         -13.735    <hidden>
  -------------------------------------------------------------------
                         slack                                  0.164    <hidden>

Slack (MET) :             0.164ns  (required time - arrival time)
  Source:                 cpu_inst/ex_mem_reg_reg[rd][0]/C
                            (rising edge-triggered cell FDRE clocked by sys_clk_pin  {rise@0.000ns fall@4.550ns period=9.100ns})
  Destination:            cpu_inst/fetch_pending_pc_reg[3]/CE
                            (rising edge-triggered cell FDRE clocked by sys_clk_pin  {rise@0.000ns fall@4.550ns period=9.100ns})
  Path Group:             sys_clk_pin
  Path Type:              Setup (Max at Slow Process Corner)
  Requirement:            9.100ns  (sys_clk_pin rise@9.100ns - sys_clk_pin rise@0.000ns)
  Data Path Delay:        8.657ns  (logic 2.562ns (29.594%)  route 6.095ns (70.406%))
  Logic Levels:           10  (CARRY4=3 LUT4=3 LUT5=2 LUT6=2)
  Clock Path Skew:        -0.038ns (DCD - SCD + CPR)
    Destination Clock Delay (DCD):    4.780ns = ( 13.880 - 9.100 ) 
    Source Clock Delay      (SCD):    5.078ns
    Clock Pessimism Removal (CPR):    0.260ns
  Clock Uncertainty:      0.035ns  ((TSJ^2 + TIJ^2)^1/2 + DJ) / 2 + PE
    Total System Jitter     (TSJ):    0.071ns
    Total Input Jitter      (TIJ):    0.000ns
    Discrete Jitter          (DJ):    0.000ns
    Phase Error              (PE):    0.000ns

    Location             Delay type                Incr(ns)  Path(ns)    Netlist Resource(s)
  -------------------------------------------------------------------    -------------------
                         (clock sys_clk_pin rise edge)
                                                      0.000     0.000 r  <hidden>
                         propagated clock network latency
                                                      5.078     5.078    <hidden>
    SLICE_X10Y30         FDRE                         0.000     5.078 r  cpu_inst/ex_mem_reg_reg[rd][0]/C
    SLICE_X10Y30         FDRE (Prop_fdre_C_Q)         0.478     5.556 r  cpu_inst/ex_mem_reg_reg[rd][0]/Q
                         net (fo=4, routed)           0.708     6.264    cpu_inst/ex_mem_reg_reg[rd][0]
    SLICE_X11Y30         LUT5 (Prop_lut5_I2_O)        0.295     6.559 r  cpu_inst/ex_mem_reg[store_data][31]_i_9/O
                         net (fo=1, routed)           0.575     7.134    cpu_inst/ex_mem_reg[store_data][31]_i_9_n_0
    SLICE_X11Y30         LUT4 (Prop_lut4_I0_O)        0.124     7.258 r  cpu_inst/ex_mem_reg[store_data][31]_i_4/O
                         net (fo=2, routed)           0.668     7.926    cpu_inst/ex_mem_reg[store_data][31]_i_4_n_0
    SLICE_X10Y30         LUT6 (Prop_lut6_I0_O)        0.124     8.050 r  cpu_inst/ex_mem_reg[store_data][31]_i_2/O
                         net (fo=64, routed)          1.014     9.064    cpu_inst/data_mem_inst/ex_mem_reg_reg[store_data][0]
    SLICE_X8Y17          LUT5 (Prop_lut5_I1_O)        0.124     9.188 r  cpu_inst/data_mem_inst/ex_mem_reg[store_data][2]_i_1/O
                         net (fo=4, routed)           1.208    10.397    cpu_inst/data_mem_inst/ex_store_data[2]
    SLICE_X8Y22          LUT6 (Prop_lut6_I2_O)        0.124    10.521 r  cpu_inst/data_mem_inst/i__carry_i_4/O
                         net (fo=1, routed)           0.000    10.521    cpu_inst/data_mem_inst_n_85
    SLICE_X8Y22          CARRY4 (Prop_carry4_S[0]_CO[3])
                                                      0.513    11.034 r  cpu_inst/ex_branch_taken0_inferred__0/i__carry/CO[3]
                         net (fo=1, routed)           0.000    11.034    cpu_inst/ex_branch_taken0_inferred__0/i__carry_n_0
    SLICE_X8Y23          CARRY4 (Prop_carry4_CI_CO[3])
                                                      0.117    11.151 r  cpu_inst/ex_branch_taken0_inferred__0/i__carry__0/CO[3]
                         net (fo=1, routed)           0.000    11.151    cpu_inst/ex_branch_taken0_inferred__0/i__carry__0_n_0
    SLICE_X8Y24          CARRY4 (Prop_carry4_CI_CO[2])
                                                      0.229    11.380 f  cpu_inst/ex_branch_taken0_inferred__0/i__carry__1/CO[2]
                         net (fo=40, routed)          0.518    11.898    cpu_inst/data_mem_inst/CO[0]
    SLICE_X9Y25          LUT4 (Prop_lut4_I3_O)        0.310    12.208 f  cpu_inst/data_mem_inst/fetch_buffer_instruction[31]_i_3/O
                         net (fo=8, routed)           0.672    12.879    cpu_inst/data_mem_inst/fetch_buffer_instruction[31]_i_3_n_0
    SLICE_X11Y30         LUT4 (Prop_lut4_I2_O)        0.124    13.003 r  cpu_inst/data_mem_inst/fetch_pending_pc[31]_i_1/O
                         net (fo=31, routed)          0.732    13.735    cpu_inst/data_mem_inst_n_75
    SLICE_X13Y29         FDRE                                         r  cpu_inst/fetch_pending_pc_reg[3]/CE
  -------------------------------------------------------------------    -------------------

                         (clock sys_clk_pin rise edge)
                                                      9.100     9.100 r  <hidden>
                         propagated clock network latency
                                                      4.780    13.880    <hidden>
                         clock pessimism              0.260    14.140    <hidden>
                         clock uncertainty           -0.035    14.105    <hidden>
    SLICE_X13Y29         FDRE (Setup_fdre_C_CE)      -0.205    13.900    cpu_inst/fetch_pending_pc_reg[3]
  -------------------------------------------------------------------
                         required time                         13.900    <hidden>
                         arrival time                         -13.735    <hidden>
  -------------------------------------------------------------------
                         slack                                  0.164    <hidden>

Slack (MET) :             0.164ns  (required time - arrival time)
  Source:                 cpu_inst/ex_mem_reg_reg[rd][0]/C
                            (rising edge-triggered cell FDRE clocked by sys_clk_pin  {rise@0.000ns fall@4.550ns period=9.100ns})
  Destination:            cpu_inst/fetch_pending_pc_reg[4]/CE
                            (rising edge-triggered cell FDRE clocked by sys_clk_pin  {rise@0.000ns fall@4.550ns period=9.100ns})
  Path Group:             sys_clk_pin
  Path Type:              Setup (Max at Slow Process Corner)
  Requirement:            9.100ns  (sys_clk_pin rise@9.100ns - sys_clk_pin rise@0.000ns)
  Data Path Delay:        8.657ns  (logic 2.562ns (29.594%)  route 6.095ns (70.406%))
  Logic Levels:           10  (CARRY4=3 LUT4=3 LUT5=2 LUT6=2)
  Clock Path Skew:        -0.038ns (DCD - SCD + CPR)
    Destination Clock Delay (DCD):    4.780ns = ( 13.880 - 9.100 ) 
    Source Clock Delay      (SCD):    5.078ns
    Clock Pessimism Removal (CPR):    0.260ns
  Clock Uncertainty:      0.035ns  ((TSJ^2 + TIJ^2)^1/2 + DJ) / 2 + PE
    Total System Jitter     (TSJ):    0.071ns
    Total Input Jitter      (TIJ):    0.000ns
    Discrete Jitter          (DJ):    0.000ns
    Phase Error              (PE):    0.000ns

    Location             Delay type                Incr(ns)  Path(ns)    Netlist Resource(s)
  -------------------------------------------------------------------    -------------------
                         (clock sys_clk_pin rise edge)
                                                      0.000     0.000 r  <hidden>
                         propagated clock network latency
                                                      5.078     5.078    <hidden>
    SLICE_X10Y30         FDRE                         0.000     5.078 r  cpu_inst/ex_mem_reg_reg[rd][0]/C
    SLICE_X10Y30         FDRE (Prop_fdre_C_Q)         0.478     5.556 r  cpu_inst/ex_mem_reg_reg[rd][0]/Q
                         net (fo=4, routed)           0.708     6.264    cpu_inst/ex_mem_reg_reg[rd][0]
    SLICE_X11Y30         LUT5 (Prop_lut5_I2_O)        0.295     6.559 r  cpu_inst/ex_mem_reg[store_data][31]_i_9/O
                         net (fo=1, routed)           0.575     7.134    cpu_inst/ex_mem_reg[store_data][31]_i_9_n_0
    SLICE_X11Y30         LUT4 (Prop_lut4_I0_O)        0.124     7.258 r  cpu_inst/ex_mem_reg[store_data][31]_i_4/O
                         net (fo=2, routed)           0.668     7.926    cpu_inst/ex_mem_reg[store_data][31]_i_4_n_0
    SLICE_X10Y30         LUT6 (Prop_lut6_I0_O)        0.124     8.050 r  cpu_inst/ex_mem_reg[store_data][31]_i_2/O
                         net (fo=64, routed)          1.014     9.064    cpu_inst/data_mem_inst/ex_mem_reg_reg[store_data][0]
    SLICE_X8Y17          LUT5 (Prop_lut5_I1_O)        0.124     9.188 r  cpu_inst/data_mem_inst/ex_mem_reg[store_data][2]_i_1/O
                         net (fo=4, routed)           1.208    10.397    cpu_inst/data_mem_inst/ex_store_data[2]
    SLICE_X8Y22          LUT6 (Prop_lut6_I2_O)        0.124    10.521 r  cpu_inst/data_mem_inst/i__carry_i_4/O
                         net (fo=1, routed)           0.000    10.521    cpu_inst/data_mem_inst_n_85
    SLICE_X8Y22          CARRY4 (Prop_carry4_S[0]_CO[3])
                                                      0.513    11.034 r  cpu_inst/ex_branch_taken0_inferred__0/i__carry/CO[3]
                         net (fo=1, routed)           0.000    11.034    cpu_inst/ex_branch_taken0_inferred__0/i__carry_n_0
    SLICE_X8Y23          CARRY4 (Prop_carry4_CI_CO[3])
                                                      0.117    11.151 r  cpu_inst/ex_branch_taken0_inferred__0/i__carry__0/CO[3]
                         net (fo=1, routed)           0.000    11.151    cpu_inst/ex_branch_taken0_inferred__0/i__carry__0_n_0
    SLICE_X8Y24          CARRY4 (Prop_carry4_CI_CO[2])
                                                      0.229    11.380 f  cpu_inst/ex_branch_taken0_inferred__0/i__carry__1/CO[2]
                         net (fo=40, routed)          0.518    11.898    cpu_inst/data_mem_inst/CO[0]
    SLICE_X9Y25          LUT4 (Prop_lut4_I3_O)        0.310    12.208 f  cpu_inst/data_mem_inst/fetch_buffer_instruction[31]_i_3/O
                         net (fo=8, routed)           0.672    12.879    cpu_inst/data_mem_inst/fetch_buffer_instruction[31]_i_3_n_0
    SLICE_X11Y30         LUT4 (Prop_lut4_I2_O)        0.124    13.003 r  cpu_inst/data_mem_inst/fetch_pending_pc[31]_i_1/O
                         net (fo=31, routed)          0.732    13.735    cpu_inst/data_mem_inst_n_75
    SLICE_X13Y29         FDRE                                         r  cpu_inst/fetch_pending_pc_reg[4]/CE
  -------------------------------------------------------------------    -------------------

                         (clock sys_clk_pin rise edge)
                                                      9.100     9.100 r  <hidden>
                         propagated clock network latency
                                                      4.780    13.880    <hidden>
                         clock pessimism              0.260    14.140    <hidden>
                         clock uncertainty           -0.035    14.105    <hidden>
    SLICE_X13Y29         FDRE (Setup_fdre_C_CE)      -0.205    13.900    cpu_inst/fetch_pending_pc_reg[4]
  -------------------------------------------------------------------
                         required time                         13.900    <hidden>
                         arrival time                         -13.735    <hidden>
  -------------------------------------------------------------------
                         slack                                  0.164    <hidden>




