Copyright 1986-2022 Xilinx, Inc. All Rights Reserved. Copyright 2022-2026 Advanced Micro Devices, Inc. All Rights Reserved.
--------------------------------------------------------------------------------------------------------------------------------------------------------
| Tool Version : Vivado v.2026.1 (win64) Build 6511674 Tue Jun 16 11:02:23 MDT 2026
| Date         : Sun Jul 12 15:04:21 2026
| Host         : DESKTOP-4GB7DVJ running 64-bit major release  (build 9200)
| Command      : report_timing_summary -file reports/phase13d_timing/perf_directive_9p100ns/timing/fpga_top_pipeline_loadtiming_impl_timing_summary.rpt
| Design       : fpga_top_pipeline_loadtiming
| Device       : 7a35t-cpg236
| Speed File   : -1  PRODUCTION 1.23 2018-06-13
| Design State : Physopt postRoute
--------------------------------------------------------------------------------------------------------------------------------------------------------

Timing Summary Report

------------------------------------------------------------------------------------------------
| Timer Settings
| --------------
------------------------------------------------------------------------------------------------

  Enable Multi Corner Analysis               :  Yes
  Enable Pessimism Removal                   :  Yes
  Pessimism Removal Resolution               :  Nearest Common Node
  Enable Input Delay Default Clock           :  No
  Enable Preset / Clear Arcs                 :  No
  Disable Flight Delays                      :  No
  Ignore I/O Paths                           :  No
  Timing Early Launch at Borrowing Latches   :  No
  Borrow Time for Max Delay Exceptions       :  Yes
  Merge Timing Exceptions                    :  Yes
  Inter-SLR Compensation                     :  Conservative

  Corner  Analyze    Analyze    
  Name    Max Paths  Min Paths  
  ------  ---------  ---------  
  Slow    Yes        Yes        
  Fast    Yes        Yes        


------------------------------------------------------------------------------------------------
| Report Methodology
| ------------------
------------------------------------------------------------------------------------------------

No report available as report_methodology has not been run prior. Run report_methodology on the current design for the summary of methodology violations.



check_timing report

Table of Contents
-----------------
1. checking no_clock (0)
2. checking constant_clock (0)
3. checking pulse_width_clock (0)
4. checking unconstrained_internal_endpoints (0)
5. checking no_input_delay (2)
6. checking no_output_delay (16)
7. checking multiple_clock (0)
8. checking generated_clocks (0)
9. checking loops (0)
10. checking partial_input_delay (0)
11. checking partial_output_delay (0)
12. checking latch_loops (0)

1. checking no_clock (0)
------------------------
 There are 0 register/latch pins with no clock.


2. checking constant_clock (0)
------------------------------
 There are 0 register/latch pins with constant_clock.


3. checking pulse_width_clock (0)
---------------------------------
 There are 0 register/latch pins which need pulse_width check


4. checking unconstrained_internal_endpoints (0)
------------------------------------------------
 There are 0 pins that are not constrained for maximum delay.

 There are 0 pins that are not constrained for maximum delay due to constant clock.


5. checking no_input_delay (2)
------------------------------
 There are 2 input ports with no input delay specified. (HIGH)

 There are 0 input ports with no input delay but user has a false path constraint.


6. checking no_output_delay (16)
--------------------------------
 There are 16 ports with no output delay specified. (HIGH)

 There are 0 ports with no output delay but user has a false path constraint

 There are 0 ports with no output delay but with a timing clock defined on it or propagating through it


7. checking multiple_clock (0)
------------------------------
 There are 0 register/latch pins with multiple clocks.


8. checking generated_clocks (0)
--------------------------------
 There are 0 generated clocks that are not connected to a clock source.


9. checking loops (0)
---------------------
 There are 0 combinational loops in the design.


10. checking partial_input_delay (0)
------------------------------------
 There are 0 input ports with partial input delay specified.


11. checking partial_output_delay (0)
-------------------------------------
 There are 0 ports with partial output delay specified.


12. checking latch_loops (0)
----------------------------
 There are 0 combinational latch loops in the design through latch input



------------------------------------------------------------------------------------------------
| Design Timing Summary
| ---------------------
------------------------------------------------------------------------------------------------

    WNS(ns)      TNS(ns)  TNS Failing Endpoints  TNS Total Endpoints      WHS(ns)      THS(ns)  THS Failing Endpoints  THS Total Endpoints     WPWS(ns)     TPWS(ns)  TPWS Failing Endpoints  TPWS Total Endpoints  
    -------      -------  ---------------------  -------------------      -------      -------  ---------------------  -------------------     --------     --------  ----------------------  --------------------  
      0.044        0.000                      0                 3021        0.112        0.000                      0                 3021        4.050        0.000                       0                  1511  


All user specified timing constraints are met.


------------------------------------------------------------------------------------------------
| Clock Summary
| -------------
------------------------------------------------------------------------------------------------

Clock        Waveform(ns)         Period(ns)      Frequency(MHz)
-----        ------------         ----------      --------------
sys_clk_pin  {0.000 4.550}        9.100           109.890         


------------------------------------------------------------------------------------------------
| Intra Clock Table
| -----------------
------------------------------------------------------------------------------------------------

Clock             WNS(ns)      TNS(ns)  TNS Failing Endpoints  TNS Total Endpoints      WHS(ns)      THS(ns)  THS Failing Endpoints  THS Total Endpoints     WPWS(ns)     TPWS(ns)  TPWS Failing Endpoints  TPWS Total Endpoints  
-----             -------      -------  ---------------------  -------------------      -------      -------  ---------------------  -------------------     --------     --------  ----------------------  --------------------  
sys_clk_pin         0.044        0.000                      0                 3021        0.112        0.000                      0                 3021        4.050        0.000                       0                  1511  


------------------------------------------------------------------------------------------------
| Inter Clock Table
| -----------------
------------------------------------------------------------------------------------------------

From Clock    To Clock          WNS(ns)      TNS(ns)  TNS Failing Endpoints  TNS Total Endpoints      WHS(ns)      THS(ns)  THS Failing Endpoints  THS Total Endpoints  
----------    --------          -------      -------  ---------------------  -------------------      -------      -------  ---------------------  -------------------  


------------------------------------------------------------------------------------------------
| Other Path Groups Table
| -----------------------
------------------------------------------------------------------------------------------------

Path Group    From Clock    To Clock          WNS(ns)      TNS(ns)  TNS Failing Endpoints  TNS Total Endpoints      WHS(ns)      THS(ns)  THS Failing Endpoints  THS Total Endpoints  
----------    ----------    --------          -------      -------  ---------------------  -------------------      -------      -------  ---------------------  -------------------  


------------------------------------------------------------------------------------------------
| Timing Details
| --------------
------------------------------------------------------------------------------------------------


---------------------------------------------------------------------------------------------------
From Clock:  sys_clk_pin
  To Clock:  sys_clk_pin

Setup :            0  Failing Endpoints,  Worst Slack        0.044ns,  Total Violation        0.000ns
Hold  :            0  Failing Endpoints,  Worst Slack        0.112ns,  Total Violation        0.000ns
PW    :            0  Failing Endpoints,  Worst Slack        4.050ns,  Total Violation        0.000ns
---------------------------------------------------------------------------------------------------


Max Delay Paths
--------------------------------------------------------------------------------------
Slack (MET) :             0.044ns  (required time - arrival time)
  Source:                 cpu_inst/ex_mem_reg_reg[rd][0]/C
                            (rising edge-triggered cell FDRE clocked by sys_clk_pin  {rise@0.000ns fall@4.550ns period=9.100ns})
  Destination:            cpu_inst/id_ex_reg_reg[operand_b][23]/R
                            (rising edge-triggered cell FDRE clocked by sys_clk_pin  {rise@0.000ns fall@4.550ns period=9.100ns})
  Path Group:             sys_clk_pin
  Path Type:              Setup (Max at Slow Process Corner)
  Requirement:            9.100ns  (sys_clk_pin rise@9.100ns - sys_clk_pin rise@0.000ns)
  Data Path Delay:        8.549ns  (logic 2.562ns (29.968%)  route 5.987ns (70.032%))
  Logic Levels:           10  (CARRY4=3 LUT4=2 LUT5=2 LUT6=3)
  Clock Path Skew:        -0.042ns (DCD - SCD + CPR)
    Destination Clock Delay (DCD):    4.776ns = ( 13.876 - 9.100 ) 
    Source Clock Delay      (SCD):    5.078ns
    Clock Pessimism Removal (CPR):    0.260ns
  Clock Uncertainty:      0.035ns  ((TSJ^2 + TIJ^2)^1/2 + DJ) / 2 + PE
    Total System Jitter     (TSJ):    0.071ns
    Total Input Jitter      (TIJ):    0.000ns
    Discrete Jitter          (DJ):    0.000ns
    Phase Error              (PE):    0.000ns

    Location             Delay type                Incr(ns)  Path(ns)    Netlist Resource(s)
  -------------------------------------------------------------------    -------------------
                         (clock sys_clk_pin rise edge)
                                                      0.000     0.000 r  <hidden>
    W5                                                0.000     0.000 r  clk
                         net (fo=0)                   0.000     0.000    clk
    W5                   IBUF (Prop_ibuf_I_O)         1.458     1.458 r  clk_IBUF_inst/O
                         net (fo=1, routed)           1.967     3.425    clk_IBUF
    BUFGCTRL_X0Y0        BUFG (Prop_bufg_I_O)         0.096     3.521 r  clk_IBUF_BUFG_inst/O
                         net (fo=1510, routed)        1.557     5.078    cpu_inst/clk_IBUF_BUFG
    SLICE_X10Y30         FDRE                                         r  cpu_inst/ex_mem_reg_reg[rd][0]/C
  -------------------------------------------------------------------    -------------------
    SLICE_X10Y30         FDRE (Prop_fdre_C_Q)         0.478     5.556 r  cpu_inst/ex_mem_reg_reg[rd][0]/Q
                         net (fo=4, routed)           0.708     6.264    cpu_inst/ex_mem_reg_reg[rd][0]
    SLICE_X11Y30         LUT5 (Prop_lut5_I2_O)        0.295     6.559 r  cpu_inst/ex_mem_reg[store_data][31]_i_9/O
                         net (fo=1, routed)           0.575     7.134    cpu_inst/ex_mem_reg[store_data][31]_i_9_n_0
    SLICE_X11Y30         LUT4 (Prop_lut4_I0_O)        0.124     7.258 r  cpu_inst/ex_mem_reg[store_data][31]_i_4/O
                         net (fo=2, routed)           0.668     7.926    cpu_inst/ex_mem_reg[store_data][31]_i_4_n_0
    SLICE_X10Y30         LUT6 (Prop_lut6_I0_O)        0.124     8.050 r  cpu_inst/ex_mem_reg[store_data][31]_i_2/O
                         net (fo=64, routed)          1.014     9.064    cpu_inst/data_mem_inst/ex_mem_reg_reg[store_data][0]
    SLICE_X8Y17          LUT5 (Prop_lut5_I1_O)        0.124     9.188 r  cpu_inst/data_mem_inst/ex_mem_reg[store_data][2]_i_1/O
                         net (fo=4, routed)           1.208    10.397    cpu_inst/data_mem_inst/ex_store_data[2]
    SLICE_X8Y22          LUT6 (Prop_lut6_I2_O)        0.124    10.521 r  cpu_inst/data_mem_inst/i__carry_i_4/O
                         net (fo=1, routed)           0.000    10.521    cpu_inst/data_mem_inst_n_85
    SLICE_X8Y22          CARRY4 (Prop_carry4_S[0]_CO[3])
                                                      0.513    11.034 r  cpu_inst/ex_branch_taken0_inferred__0/i__carry/CO[3]
                         net (fo=1, routed)           0.000    11.034    cpu_inst/ex_branch_taken0_inferred__0/i__carry_n_0
    SLICE_X8Y23          CARRY4 (Prop_carry4_CI_CO[3])
                                                      0.117    11.151 r  cpu_inst/ex_branch_taken0_inferred__0/i__carry__0/CO[3]
                         net (fo=1, routed)           0.000    11.151    cpu_inst/ex_branch_taken0_inferred__0/i__carry__0_n_0
    SLICE_X8Y24          CARRY4 (Prop_carry4_CI_CO[2])
                                                      0.229    11.380 f  cpu_inst/ex_branch_taken0_inferred__0/i__carry__1/CO[2]
                         net (fo=40, routed)          0.503    11.883    cpu_inst/data_mem_inst/CO[0]
    SLICE_X9Y22          LUT6 (Prop_lut6_I5_O)        0.310    12.193 f  cpu_inst/data_mem_inst/id_ex_reg[imm_ext][12]_i_2/O
                         net (fo=10, routed)          0.623    12.815    cpu_inst/data_mem_inst/id_ex_reg[imm_ext][12]_i_2_n_0
    SLICE_X9Y19          LUT4 (Prop_lut4_I3_O)        0.124    12.939 r  cpu_inst/data_mem_inst/id_ex_reg[operand_b][31]_i_1/O
                         net (fo=28, routed)          0.688    13.627    cpu_inst/data_mem_inst_n_79
    SLICE_X9Y23          FDRE                                         r  cpu_inst/id_ex_reg_reg[operand_b][23]/R
  -------------------------------------------------------------------    -------------------

                         (clock sys_clk_pin rise edge)
                                                      9.100     9.100 r  <hidden>
    W5                                                0.000     9.100 r  clk
                         net (fo=0)                   0.000     9.100    clk
    W5                   IBUF (Prop_ibuf_I_O)         1.388    10.488 r  clk_IBUF_inst/O
                         net (fo=1, routed)           1.862    12.350    clk_IBUF
    BUFGCTRL_X0Y0        BUFG (Prop_bufg_I_O)         0.091    12.441 r  clk_IBUF_BUFG_inst/O
                         net (fo=1510, routed)        1.435    13.876    cpu_inst/clk_IBUF_BUFG
    SLICE_X9Y23          FDRE                                         r  cpu_inst/id_ex_reg_reg[operand_b][23]/C
                         clock pessimism              0.260    14.136    <hidden>
                         clock uncertainty           -0.035    14.101    <hidden>
    SLICE_X9Y23          FDRE (Setup_fdre_C_R)       -0.429    13.672    cpu_inst/id_ex_reg_reg[operand_b][23]
  -------------------------------------------------------------------
                         required time                         13.672    <hidden>
                         arrival time                         -13.627    <hidden>
  -------------------------------------------------------------------
                         slack                                  0.044    <hidden>





Min Delay Paths
--------------------------------------------------------------------------------------
Slack (MET) :             0.112ns  (arrival time - required time)
  Source:                 cpu_inst/ex_mem_reg_reg[store_data][10]/C
                            (rising edge-triggered cell FDRE clocked by sys_clk_pin  {rise@0.000ns fall@4.550ns period=9.100ns})
  Destination:            cpu_inst/data_mem_inst/mem_reg/DIADI[10]
                            (rising edge-triggered cell RAMB18E1 clocked by sys_clk_pin  {rise@0.000ns fall@4.550ns period=9.100ns})
  Path Group:             sys_clk_pin
  Path Type:              Hold (Min at Fast Process Corner)
  Requirement:            0.000ns  (sys_clk_pin rise@0.000ns - sys_clk_pin rise@0.000ns)
  Data Path Delay:        0.326ns  (logic 0.164ns (50.315%)  route 0.162ns (49.685%))
  Logic Levels:           0  
  Clock Path Skew:        0.058ns (DCD - SCD - CPR)
    Destination Clock Delay (DCD):    1.997ns
    Source Clock Delay      (SCD):    1.440ns
    Clock Pessimism Removal (CPR):    0.498ns

    Location             Delay type                Incr(ns)  Path(ns)    Netlist Resource(s)
  -------------------------------------------------------------------    -------------------
                         (clock sys_clk_pin rise edge)
                                                      0.000     0.000 r  <hidden>
    W5                                                0.000     0.000 r  clk
                         net (fo=0)                   0.000     0.000    clk
    W5                   IBUF (Prop_ibuf_I_O)         0.226     0.226 r  clk_IBUF_inst/O
                         net (fo=1, routed)           0.631     0.858    clk_IBUF
    BUFGCTRL_X0Y0        BUFG (Prop_bufg_I_O)         0.026     0.884 r  clk_IBUF_BUFG_inst/O
                         net (fo=1510, routed)        0.557     1.440    cpu_inst/clk_IBUF_BUFG
    SLICE_X8Y20          FDRE                                         r  cpu_inst/ex_mem_reg_reg[store_data][10]/C
  -------------------------------------------------------------------    -------------------
    SLICE_X8Y20          FDRE (Prop_fdre_C_Q)         0.164     1.604 r  cpu_inst/ex_mem_reg_reg[store_data][10]/Q
                         net (fo=1, routed)           0.162     1.766    cpu_inst/data_mem_inst/mem_reg_2[10]
    RAMB18_X0Y7          RAMB18E1                                     r  cpu_inst/data_mem_inst/mem_reg/DIADI[10]
  -------------------------------------------------------------------    -------------------

                         (clock sys_clk_pin rise edge)
                                                      0.000     0.000 r  <hidden>
    W5                                                0.000     0.000 r  clk
                         net (fo=0)                   0.000     0.000    clk
    W5                   IBUF (Prop_ibuf_I_O)         0.414     0.414 r  clk_IBUF_inst/O
                         net (fo=1, routed)           0.685     1.099    clk_IBUF
    BUFGCTRL_X0Y0        BUFG (Prop_bufg_I_O)         0.029     1.128 r  clk_IBUF_BUFG_inst/O
                         net (fo=1510, routed)        0.869     1.997    cpu_inst/data_mem_inst/clk_IBUF_BUFG
    RAMB18_X0Y7          RAMB18E1                                     r  cpu_inst/data_mem_inst/mem_reg/CLKARDCLK
                         clock pessimism             -0.498     1.499    <hidden>
    RAMB18_X0Y7          RAMB18E1 (Hold_ramb18e1_CLKARDCLK_DIADI[10])
                                                      0.155     1.654    cpu_inst/data_mem_inst/mem_reg
  -------------------------------------------------------------------
                         required time                         -1.654    <hidden>
                         arrival time                           1.766    <hidden>
  -------------------------------------------------------------------
                         slack                                  0.112    <hidden>





Pulse Width Checks
--------------------------------------------------------------------------------------
Clock Name:         sys_clk_pin
Waveform(ns):       { 0.000 4.550 }
Period(ns):         9.100
Sources:            { clk }

Check Type        Corner  Lib Pin             Reference Pin  Required(ns)  Actual(ns)  Slack(ns)  Location     Pin
Min Period        n/a     RAMB18E1/CLKARDCLK  n/a            2.944         9.100       6.156      RAMB18_X0Y7  cpu_inst/data_mem_inst/mem_reg/CLKARDCLK
Low Pulse Width   Slow    FDRE/C              n/a            0.500         4.550       4.050      SLICE_X7Y20  cpu_inst/ex_mem_reg_reg[alu_result][0]/C
High Pulse Width  Slow    FDRE/C              n/a            0.500         4.550       4.050      SLICE_X7Y20  cpu_inst/ex_mem_reg_reg[alu_result][0]/C



