Copyright 1986-2022 Xilinx, Inc. All Rights Reserved. Copyright 2022-2026 Advanced Micro Devices, Inc. All Rights Reserved.
---------------------------------------------------------------------------------------------------------------------------------------------
| Tool Version : Vivado v.2026.1 (win64) Build 6511674 Tue Jun 16 11:02:23 MDT 2026
| Date         : Wed Aug 12 12:08:48 2026
| Host         : DESKTOP-4GB7DVJ running 64-bit major release  (build 9200)
| Command      : report_ram_utilization -file reports/vector_stage6/stage6_ram_utilization.rpt
| Design       : vector_data_memory_synth_top
| Device       : xc7a35tcpg236-1
| Speed File   : -1
---------------------------------------------------------------------------------------------------------------------------------------------

RAM Usage Information

Table of Contents
-----------------
1. Summary
2. Memory Description
3. Memory Utilization - Inferred
4. Memory Performance - Inferred
5. Block Ram / URAM Memory Power - Inferred

1. Summary
----------

+--------------------------+------------+-----------+-------+-----------+
| Memory Type              | Total Used | Available | Util% | Inferred% |
+--------------------------+------------+-----------+-------+-----------+
| BlockRAM                 |          2 |        50 |  4.00 |    100.00 |
|  RAMB36E1                |          2 |           |       |    100.00 |
| LUTMs as Distributed RAM |          0 |      9600 |  0.00 |      0.00 |
+--------------------------+------------+-----------+-------+-----------+
*  Each RAMB18 is calculated as 0.5 BlockRAM
**  Tables 2, 3, 4 and 5 cover RAMs inferred by Vivado Synthesis using XPMs or RTL inference
***  XRAMs are not reported for detailed tables


2. Memory Description
---------------------

+------------------------+------------+-----------+-------------+------------------------+------------------------+
| Memory Name            | Array Size | RAM_STYLE | Memory Type | Port 1 Dimension / Map | Port 2 Dimension / Map |
+------------------------+------------+-----------+-------------+------------------------+------------------------+
| mem_inst/memory        |      65536 |           | RAM_SDP     | 512x128                | 512x128                |
|  mem_inst/memory_reg_0 |      36864 |      AUTO |             |  B:B:32x36             |  A:A:32x36             |
|  mem_inst/memory_reg_1 |      28672 |      AUTO |             |  B:B:32x32             |  A:A:32x32             |
+------------------------+------------+-----------+-------------+------------------------+------------------------+


3. Memory Utilization - Inferred
--------------------------------

+------------------------+-----------+-----------+----------------+-----------+-----------+---------+---------------+---------------+---------+---------------+---------------+---------+---------------+---------------+---------+---------------+---------------+
| Memory Name            | Primitive | RAM STYLE | Available Bits | Used Bits | Bit Util% | A Depth | A Depth Avail | A Depth Util% | A Width | A Width Avail | A Width Util% | B Depth | B Depth Avail | B Depth Util% | B Width | B Width Avail | B Width Util% |
+------------------------+-----------+-----------+----------------+-----------+-----------+---------+---------------+---------------+---------+---------------+---------------+---------+---------------+---------------+---------+---------------+---------------+
| mem_inst/memory        |           |           |                |           |           |         |               |               |         |               |               |         |               |               |         |               |               |
|  mem_inst/memory_reg_0 | RAMB36E1  |      AUTO |          36864 |      1152 |      3.12 |      32 |           512 |          6.25 |      36 |            72 |         50.00 |      32 |           512 |          6.25 |      36 |            72 |         50.00 |
|  mem_inst/memory_reg_1 | RAMB36E1  |      AUTO |          36864 |      1024 |      2.78 |      32 |           512 |          6.25 |      32 |            72 |         44.44 |      32 |           512 |          6.25 |      32 |            72 |         44.44 |
+------------------------+-----------+-----------+----------------+-----------+-----------+---------+---------------+---------------+---------+---------------+---------------+---------+---------------+---------------+---------+---------------+---------------+


4. Memory Performance - Inferred
--------------------------------

+------------------------+-----------+------------------------+------------------------+-------------+-------------------------+-------------+-------------------------+-----------+--------+--------+---------+-----------+--------+--------+---------+
| Memory Name            | Primitive | Port 1 Dimension / Map | Port 2 Dimension / Map | Port A Type | Port A Requirement (ns) | Port B Type | Port B Requirement (ns) | A Cascade | IREG_A | OREG_A | DOA_REG | B Cascade | IREG_B | OREG_B | DOB_REG |
+------------------------+-----------+------------------------+------------------------+-------------+-------------------------+-------------+-------------------------+-----------+--------+--------+---------+-----------+--------+--------+---------+
| mem_inst/memory        |           | 512x128                | 512x128                |             |                         |             |                         |           |        |        |         |           |        |        |         |
|  mem_inst/memory_reg_0 | RAMB36E1  |  B:B:32x36             |  A:A:32x36             |        Read |                    10.0 |       Write |                    10.0 |           |        |        |       0 |           |        |        |       0 |
|  mem_inst/memory_reg_1 | RAMB36E1  |  B:B:32x32             |  A:A:32x32             |        Read |                    10.0 |       Write |                    10.0 |           |        |        |       0 |           |        |        |       0 |
+------------------------+-----------+------------------------+------------------------+-------------+-------------------------+-------------+-------------------------+-----------+--------+--------+---------+-----------+--------+--------+---------+


5. Block Ram / URAM Memory Power - Inferred
-------------------------------------------

+------------------------+-----------+------------------------+------------------------+--------------------+---------------+-------------------+-----------+--------------------+---------------+-------------------+-----------+
| Memory Name            | Primitive | Port 1 Dimension / Map | Port 2 Dimension / Map | Port A Power Gated | Port A Enable | Port A WRITE_MODE | A Cascade | Port B Power Gated | Port B Enable | Port B WRITE_MODE | B Cascade |
+------------------------+-----------+------------------------+------------------------+--------------------+---------------+-------------------+-----------+--------------------+---------------+-------------------+-----------+
| mem_inst/memory        |           | 512x128                | 512x128                |                    |               |                   |           |                    |               |                   |           |
|  mem_inst/memory_reg_0 | RAMB36E1  |  B:B:32x36             |  A:A:32x36             |                    |        SIGNAL |        READ_FIRST |           |                    |         POWER |        READ_FIRST |           |
|  mem_inst/memory_reg_1 | RAMB36E1  |  B:B:32x32             |  A:A:32x32             |                    |        SIGNAL |        READ_FIRST |           |                    |         POWER |        READ_FIRST |           |
+------------------------+-----------+------------------------+------------------------+--------------------+---------------+-------------------+-----------+--------------------+---------------+-------------------+-----------+


