Copyright 1986-2022 Xilinx, Inc. All Rights Reserved. Copyright 2022-2026 Advanced Micro Devices, Inc. All Rights Reserved.
---------------------------------------------------------------------------------------------------------------------------------------------------------------------------------------------
| Tool Version : Vivado v.2026.1 (win64) Build 6511674 Tue Jun 16 11:02:23 MDT 2026
| Date         : Wed Jul 15 19:52:54 2026
| Host         : DESKTOP-4GB7DVJ running 64-bit major release  (build 9200)
| Command      : report_timing -max_paths 10 -path_type full -file reports/phase17c_forwardtiming_opt_perf7seg_impl/timing/fpga_top_pipeline_forwardtiming_opt_perf7seg_impl_worst_paths.rpt
| Design       : fpga_top_pipeline_forwardtiming_opt_perf7seg
| Device       : 7a35t-cpg236
| Speed File   : -1  PRODUCTION 1.23 2018-06-13
| Design State : Routed
---------------------------------------------------------------------------------------------------------------------------------------------------------------------------------------------

Timing Report

Slack (VIOLATED) :        -0.705ns  (required time - arrival time)
  Source:                 cpu_inst/ex_mem_reg_reg[rd][4]/C
                            (rising edge-triggered cell FDRE clocked by sys_clk_pin  {rise@0.000ns fall@5.000ns period=10.000ns})
  Destination:            cpu_inst/instr_mem_inst/instruction_reg/RSTRAMARSTRAM
                            (rising edge-triggered cell RAMB18E1 clocked by sys_clk_pin  {rise@0.000ns fall@5.000ns period=10.000ns})
  Path Group:             sys_clk_pin
  Path Type:              Setup (Max at Slow Process Corner)
  Requirement:            10.000ns  (sys_clk_pin rise@10.000ns - sys_clk_pin rise@0.000ns)
  Data Path Delay:        10.309ns  (logic 2.583ns (25.055%)  route 7.726ns (74.945%))
  Logic Levels:           11  (CARRY4=2 LUT3=2 LUT4=1 LUT6=6)
  Clock Path Skew:        -0.002ns (DCD - SCD + CPR)
    Destination Clock Delay (DCD):    4.829ns = ( 14.829 - 10.000 ) 
    Source Clock Delay      (SCD):    5.090ns
    Clock Pessimism Removal (CPR):    0.260ns
  Clock Uncertainty:      0.035ns  ((TSJ^2 + TIJ^2)^1/2 + DJ) / 2 + PE
    Total System Jitter     (TSJ):    0.071ns
    Total Input Jitter      (TIJ):    0.000ns
    Discrete Jitter          (DJ):    0.000ns
    Phase Error              (PE):    0.000ns

    Location             Delay type                Incr(ns)  Path(ns)    Netlist Resource(s)
  -------------------------------------------------------------------    -------------------
                         (clock sys_clk_pin rise edge)
                                                      0.000     0.000 r  <hidden>
                         propagated clock network latency
                                                      5.090     5.090    <hidden>
    SLICE_X12Y6          FDRE                         0.000     5.090 r  cpu_inst/ex_mem_reg_reg[rd][4]/C
    SLICE_X12Y6          FDRE (Prop_fdre_C_Q)         0.518     5.608 r  cpu_inst/ex_mem_reg_reg[rd][4]/Q
                         net (fo=4, routed)           1.042     6.650    cpu_inst/instr_mem_inst/ex_mem_reg_reg[store_data][0]_0[4]
    SLICE_X13Y5          LUT6 (Prop_lut6_I2_O)        0.124     6.774 f  cpu_inst/instr_mem_inst/ex_mem_reg[store_data][31]_i_8/O
                         net (fo=1, routed)           0.696     7.470    cpu_inst/instr_mem_inst/ex_mem_reg[store_data][31]_i_8_n_0
    SLICE_X11Y7          LUT3 (Prop_lut3_I0_O)        0.124     7.594 r  cpu_inst/instr_mem_inst/ex_mem_reg[store_data][31]_i_5/O
                         net (fo=2, routed)           0.628     8.222    cpu_inst/instr_mem_inst/p_47_in
    SLICE_X13Y2          LUT6 (Prop_lut6_I5_O)        0.124     8.346 r  cpu_inst/instr_mem_inst/ex_mem_reg[store_data][31]_i_2/O
                         net (fo=34, routed)          1.058     9.404    cpu_inst/data_mem_inst/ex_operand_b_reg1
    SLICE_X11Y9          LUT3 (Prop_lut3_I1_O)        0.124     9.528 r  cpu_inst/data_mem_inst/ex_mem_reg[store_data][12]_i_1/O
                         net (fo=3, routed)           1.114    10.643    cpu_inst/data_mem_inst/D[12]
    SLICE_X11Y5          LUT6 (Prop_lut6_I1_O)        0.124    10.767 r  cpu_inst/data_mem_inst/fetch_pending_valid_i_15/O
                         net (fo=1, routed)           0.000    10.767    cpu_inst/data_mem_inst/fetch_pending_valid_i_15_n_0
    SLICE_X11Y5          CARRY4 (Prop_carry4_S[0]_CO[3])
                                                      0.532    11.299 r  cpu_inst/data_mem_inst/fetch_pending_valid_reg_i_5/CO[3]
                         net (fo=1, routed)           0.000    11.299    cpu_inst/data_mem_inst/fetch_pending_valid_reg_i_5_n_0
    SLICE_X11Y6          CARRY4 (Prop_carry4_CI_CO[2])
                                                      0.228    11.527 r  cpu_inst/data_mem_inst/fetch_pending_valid_reg_i_2/CO[2]
                         net (fo=32, routed)          0.778    12.304    cpu_inst/data_mem_inst/ex_branch_taken048_in
    SLICE_X11Y10         LUT4 (Prop_lut4_I1_O)        0.313    12.617 r  cpu_inst/data_mem_inst/fetch_buffer_instruction[31]_i_2/O
                         net (fo=82, routed)          0.473    13.091    cpu_inst/data_mem_inst/ex_redirect_taken
    SLICE_X13Y10         LUT6 (Prop_lut6_I3_O)        0.124    13.215 r  cpu_inst/data_mem_inst/instruction_reg_i_62/O
                         net (fo=1, routed)           0.693    13.908    cpu_inst/data_mem_inst/instruction_reg_i_62_n_0
    SLICE_X13Y11         LUT6 (Prop_lut6_I1_O)        0.124    14.032 r  cpu_inst/data_mem_inst/instruction_reg_i_11_comp/O
                         net (fo=1, routed)           0.655    14.687    cpu_inst/data_mem_inst/instruction_reg_i_11_n_0
    SLICE_X12Y11         LUT6 (Prop_lut6_I1_O)        0.124    14.811 r  cpu_inst/data_mem_inst/instruction_reg_i_1/O
                         net (fo=2, routed)           0.589    15.400    cpu_inst/instr_mem_inst/instruction_reg_0
    RAMB18_X0Y4          RAMB18E1                                     r  cpu_inst/instr_mem_inst/instruction_reg/RSTRAMARSTRAM
  -------------------------------------------------------------------    -------------------

                         (clock sys_clk_pin rise edge)
                                                     10.000    10.000 r  <hidden>
                         propagated clock network latency
                                                      4.829    14.829    <hidden>
                         clock pessimism              0.260    15.089    <hidden>
                         clock uncertainty           -0.035    15.053    <hidden>
    RAMB18_X0Y4          RAMB18E1 (Setup_ramb18e1_CLKARDCLK_RSTRAMARSTRAM)
                                                     -0.359    14.694    cpu_inst/instr_mem_inst/instruction_reg
  -------------------------------------------------------------------
                         required time                         14.694    <hidden>
                         arrival time                         -15.400    <hidden>
  -------------------------------------------------------------------
                         slack                                 -0.705    <hidden>

Slack (VIOLATED) :        -0.559ns  (required time - arrival time)
  Source:                 cpu_inst/ex_mem_reg_reg[rd][4]/C
                            (rising edge-triggered cell FDRE clocked by sys_clk_pin  {rise@0.000ns fall@5.000ns period=10.000ns})
  Destination:            cpu_inst/instr_mem_inst/instruction_reg/RSTRAMB
                            (rising edge-triggered cell RAMB18E1 clocked by sys_clk_pin  {rise@0.000ns fall@5.000ns period=10.000ns})
  Path Group:             sys_clk_pin
  Path Type:              Setup (Max at Slow Process Corner)
  Requirement:            10.000ns  (sys_clk_pin rise@10.000ns - sys_clk_pin rise@0.000ns)
  Data Path Delay:        10.165ns  (logic 2.583ns (25.410%)  route 7.582ns (74.590%))
  Logic Levels:           11  (CARRY4=2 LUT3=2 LUT4=1 LUT6=6)
  Clock Path Skew:        0.000ns (DCD - SCD + CPR)
    Destination Clock Delay (DCD):    4.831ns = ( 14.831 - 10.000 ) 
    Source Clock Delay      (SCD):    5.090ns
    Clock Pessimism Removal (CPR):    0.260ns
  Clock Uncertainty:      0.035ns  ((TSJ^2 + TIJ^2)^1/2 + DJ) / 2 + PE
    Total System Jitter     (TSJ):    0.071ns
    Total Input Jitter      (TIJ):    0.000ns
    Discrete Jitter          (DJ):    0.000ns
    Phase Error              (PE):    0.000ns

    Location             Delay type                Incr(ns)  Path(ns)    Netlist Resource(s)
  -------------------------------------------------------------------    -------------------
                         (clock sys_clk_pin rise edge)
                                                      0.000     0.000 r  <hidden>
                         propagated clock network latency
                                                      5.090     5.090    <hidden>
    SLICE_X12Y6          FDRE                         0.000     5.090 r  cpu_inst/ex_mem_reg_reg[rd][4]/C
    SLICE_X12Y6          FDRE (Prop_fdre_C_Q)         0.518     5.608 r  cpu_inst/ex_mem_reg_reg[rd][4]/Q
                         net (fo=4, routed)           1.042     6.650    cpu_inst/instr_mem_inst/ex_mem_reg_reg[store_data][0]_0[4]
    SLICE_X13Y5          LUT6 (Prop_lut6_I2_O)        0.124     6.774 f  cpu_inst/instr_mem_inst/ex_mem_reg[store_data][31]_i_8/O
                         net (fo=1, routed)           0.696     7.470    cpu_inst/instr_mem_inst/ex_mem_reg[store_data][31]_i_8_n_0
    SLICE_X11Y7          LUT3 (Prop_lut3_I0_O)        0.124     7.594 r  cpu_inst/instr_mem_inst/ex_mem_reg[store_data][31]_i_5/O
                         net (fo=2, routed)           0.628     8.222    cpu_inst/instr_mem_inst/p_47_in
    SLICE_X13Y2          LUT6 (Prop_lut6_I5_O)        0.124     8.346 r  cpu_inst/instr_mem_inst/ex_mem_reg[store_data][31]_i_2/O
                         net (fo=34, routed)          1.058     9.404    cpu_inst/data_mem_inst/ex_operand_b_reg1
    SLICE_X11Y9          LUT3 (Prop_lut3_I1_O)        0.124     9.528 r  cpu_inst/data_mem_inst/ex_mem_reg[store_data][12]_i_1/O
                         net (fo=3, routed)           1.114    10.643    cpu_inst/data_mem_inst/D[12]
    SLICE_X11Y5          LUT6 (Prop_lut6_I1_O)        0.124    10.767 r  cpu_inst/data_mem_inst/fetch_pending_valid_i_15/O
                         net (fo=1, routed)           0.000    10.767    cpu_inst/data_mem_inst/fetch_pending_valid_i_15_n_0
    SLICE_X11Y5          CARRY4 (Prop_carry4_S[0]_CO[3])
                                                      0.532    11.299 r  cpu_inst/data_mem_inst/fetch_pending_valid_reg_i_5/CO[3]
                         net (fo=1, routed)           0.000    11.299    cpu_inst/data_mem_inst/fetch_pending_valid_reg_i_5_n_0
    SLICE_X11Y6          CARRY4 (Prop_carry4_CI_CO[2])
                                                      0.228    11.527 r  cpu_inst/data_mem_inst/fetch_pending_valid_reg_i_2/CO[2]
                         net (fo=32, routed)          0.778    12.304    cpu_inst/data_mem_inst/ex_branch_taken048_in
    SLICE_X11Y10         LUT4 (Prop_lut4_I1_O)        0.313    12.617 r  cpu_inst/data_mem_inst/fetch_buffer_instruction[31]_i_2/O
                         net (fo=82, routed)          0.473    13.091    cpu_inst/data_mem_inst/ex_redirect_taken
    SLICE_X13Y10         LUT6 (Prop_lut6_I3_O)        0.124    13.215 r  cpu_inst/data_mem_inst/instruction_reg_i_62/O
                         net (fo=1, routed)           0.693    13.908    cpu_inst/data_mem_inst/instruction_reg_i_62_n_0
    SLICE_X13Y11         LUT6 (Prop_lut6_I1_O)        0.124    14.032 r  cpu_inst/data_mem_inst/instruction_reg_i_11_comp/O
                         net (fo=1, routed)           0.655    14.687    cpu_inst/data_mem_inst/instruction_reg_i_11_n_0
    SLICE_X12Y11         LUT6 (Prop_lut6_I1_O)        0.124    14.811 r  cpu_inst/data_mem_inst/instruction_reg_i_1/O
                         net (fo=2, routed)           0.444    15.255    cpu_inst/instr_mem_inst/instruction_reg_0
    RAMB18_X0Y4          RAMB18E1                                     r  cpu_inst/instr_mem_inst/instruction_reg/RSTRAMB
  -------------------------------------------------------------------    -------------------

                         (clock sys_clk_pin rise edge)
                                                     10.000    10.000 r  <hidden>
                         propagated clock network latency
                                                      4.831    14.831    <hidden>
                         clock pessimism              0.260    15.091    <hidden>
                         clock uncertainty           -0.035    15.055    <hidden>
    RAMB18_X0Y4          RAMB18E1 (Setup_ramb18e1_CLKBWRCLK_RSTRAMB)
                                                     -0.359    14.696    cpu_inst/instr_mem_inst/instruction_reg
  -------------------------------------------------------------------
                         required time                         14.696    <hidden>
                         arrival time                         -15.255    <hidden>
  -------------------------------------------------------------------
                         slack                                 -0.559    <hidden>

Slack (VIOLATED) :        -0.383ns  (required time - arrival time)
  Source:                 cpu_inst/ex_mem_reg_reg[rd][4]/C
                            (rising edge-triggered cell FDRE clocked by sys_clk_pin  {rise@0.000ns fall@5.000ns period=10.000ns})
  Destination:            cpu_inst/instr_mem_inst/instruction_reg/ADDRARDADDR[8]
                            (rising edge-triggered cell RAMB18E1 clocked by sys_clk_pin  {rise@0.000ns fall@5.000ns period=10.000ns})
  Path Group:             sys_clk_pin
  Path Type:              Setup (Max at Slow Process Corner)
  Requirement:            10.000ns  (sys_clk_pin rise@10.000ns - sys_clk_pin rise@0.000ns)
  Data Path Delay:        9.780ns  (logic 2.459ns (25.142%)  route 7.321ns (74.857%))
  Logic Levels:           10  (CARRY4=2 LUT3=2 LUT4=1 LUT5=1 LUT6=4)
  Clock Path Skew:        -0.002ns (DCD - SCD + CPR)
    Destination Clock Delay (DCD):    4.829ns = ( 14.829 - 10.000 ) 
    Source Clock Delay      (SCD):    5.090ns
    Clock Pessimism Removal (CPR):    0.260ns
  Clock Uncertainty:      0.035ns  ((TSJ^2 + TIJ^2)^1/2 + DJ) / 2 + PE
    Total System Jitter     (TSJ):    0.071ns
    Total Input Jitter      (TIJ):    0.000ns
    Discrete Jitter          (DJ):    0.000ns
    Phase Error              (PE):    0.000ns

    Location             Delay type                Incr(ns)  Path(ns)    Netlist Resource(s)
  -------------------------------------------------------------------    -------------------
                         (clock sys_clk_pin rise edge)
                                                      0.000     0.000 r  <hidden>
                         propagated clock network latency
                                                      5.090     5.090    <hidden>
    SLICE_X12Y6          FDRE                         0.000     5.090 r  cpu_inst/ex_mem_reg_reg[rd][4]/C
    SLICE_X12Y6          FDRE (Prop_fdre_C_Q)         0.518     5.608 r  cpu_inst/ex_mem_reg_reg[rd][4]/Q
                         net (fo=4, routed)           1.042     6.650    cpu_inst/instr_mem_inst/ex_mem_reg_reg[store_data][0]_0[4]
    SLICE_X13Y5          LUT6 (Prop_lut6_I2_O)        0.124     6.774 f  cpu_inst/instr_mem_inst/ex_mem_reg[store_data][31]_i_8/O
                         net (fo=1, routed)           0.696     7.470    cpu_inst/instr_mem_inst/ex_mem_reg[store_data][31]_i_8_n_0
    SLICE_X11Y7          LUT3 (Prop_lut3_I0_O)        0.124     7.594 r  cpu_inst/instr_mem_inst/ex_mem_reg[store_data][31]_i_5/O
                         net (fo=2, routed)           0.628     8.222    cpu_inst/instr_mem_inst/p_47_in
    SLICE_X13Y2          LUT6 (Prop_lut6_I5_O)        0.124     8.346 r  cpu_inst/instr_mem_inst/ex_mem_reg[store_data][31]_i_2/O
                         net (fo=34, routed)          1.058     9.404    cpu_inst/data_mem_inst/ex_operand_b_reg1
    SLICE_X11Y9          LUT3 (Prop_lut3_I1_O)        0.124     9.528 r  cpu_inst/data_mem_inst/ex_mem_reg[store_data][12]_i_1/O
                         net (fo=3, routed)           1.114    10.643    cpu_inst/data_mem_inst/D[12]
    SLICE_X11Y5          LUT6 (Prop_lut6_I1_O)        0.124    10.767 r  cpu_inst/data_mem_inst/fetch_pending_valid_i_15/O
                         net (fo=1, routed)           0.000    10.767    cpu_inst/data_mem_inst/fetch_pending_valid_i_15_n_0
    SLICE_X11Y5          CARRY4 (Prop_carry4_S[0]_CO[3])
                                                      0.532    11.299 r  cpu_inst/data_mem_inst/fetch_pending_valid_reg_i_5/CO[3]
                         net (fo=1, routed)           0.000    11.299    cpu_inst/data_mem_inst/fetch_pending_valid_reg_i_5_n_0
    SLICE_X11Y6          CARRY4 (Prop_carry4_CI_CO[2])
                                                      0.228    11.527 r  cpu_inst/data_mem_inst/fetch_pending_valid_reg_i_2/CO[2]
                         net (fo=32, routed)          0.778    12.304    cpu_inst/data_mem_inst/ex_branch_taken048_in
    SLICE_X11Y10         LUT4 (Prop_lut4_I1_O)        0.313    12.617 r  cpu_inst/data_mem_inst/fetch_buffer_instruction[31]_i_2/O
                         net (fo=82, routed)          0.774    13.392    cpu_inst/data_mem_inst/ex_redirect_taken
    SLICE_X14Y11         LUT6 (Prop_lut6_I3_O)        0.124    13.516 r  cpu_inst/data_mem_inst/instruction_reg_i_21/O
                         net (fo=1, routed)           0.624    14.140    cpu_inst/data_mem_inst/instruction_reg_i_21_n_0
    SLICE_X10Y11         LUT5 (Prop_lut5_I4_O)        0.124    14.264 r  cpu_inst/data_mem_inst/instruction_reg_i_5/O
                         net (fo=2, routed)           0.607    14.871    cpu_inst/instr_mem_inst/ADDRARDADDR[4]
    RAMB18_X0Y4          RAMB18E1                                     r  cpu_inst/instr_mem_inst/instruction_reg/ADDRARDADDR[8]
  -------------------------------------------------------------------    -------------------

                         (clock sys_clk_pin rise edge)
                                                     10.000    10.000 r  <hidden>
                         propagated clock network latency
                                                      4.829    14.829    <hidden>
                         clock pessimism              0.260    15.089    <hidden>
                         clock uncertainty           -0.035    15.053    <hidden>
    RAMB18_X0Y4          RAMB18E1 (Setup_ramb18e1_CLKARDCLK_ADDRARDADDR[8])
                                                     -0.566    14.487    cpu_inst/instr_mem_inst/instruction_reg
  -------------------------------------------------------------------
                         required time                         14.487    <hidden>
                         arrival time                         -14.871    <hidden>
  -------------------------------------------------------------------
                         slack                                 -0.383    <hidden>

Slack (VIOLATED) :        -0.380ns  (required time - arrival time)
  Source:                 cpu_inst/ex_mem_reg_reg[rd][4]/C
                            (rising edge-triggered cell FDRE clocked by sys_clk_pin  {rise@0.000ns fall@5.000ns period=10.000ns})
  Destination:            cpu_inst/instr_mem_inst/instruction_reg/ADDRBWRADDR[8]
                            (rising edge-triggered cell RAMB18E1 clocked by sys_clk_pin  {rise@0.000ns fall@5.000ns period=10.000ns})
  Path Group:             sys_clk_pin
  Path Type:              Setup (Max at Slow Process Corner)
  Requirement:            10.000ns  (sys_clk_pin rise@10.000ns - sys_clk_pin rise@0.000ns)
  Data Path Delay:        9.779ns  (logic 2.459ns (25.147%)  route 7.320ns (74.853%))
  Logic Levels:           10  (CARRY4=2 LUT3=2 LUT4=1 LUT5=1 LUT6=4)
  Clock Path Skew:        0.000ns (DCD - SCD + CPR)
    Destination Clock Delay (DCD):    4.831ns = ( 14.831 - 10.000 ) 
    Source Clock Delay      (SCD):    5.090ns
    Clock Pessimism Removal (CPR):    0.260ns
  Clock Uncertainty:      0.035ns  ((TSJ^2 + TIJ^2)^1/2 + DJ) / 2 + PE
    Total System Jitter     (TSJ):    0.071ns
    Total Input Jitter      (TIJ):    0.000ns
    Discrete Jitter          (DJ):    0.000ns
    Phase Error              (PE):    0.000ns

    Location             Delay type                Incr(ns)  Path(ns)    Netlist Resource(s)
  -------------------------------------------------------------------    -------------------
                         (clock sys_clk_pin rise edge)
                                                      0.000     0.000 r  <hidden>
                         propagated clock network latency
                                                      5.090     5.090    <hidden>
    SLICE_X12Y6          FDRE                         0.000     5.090 r  cpu_inst/ex_mem_reg_reg[rd][4]/C
    SLICE_X12Y6          FDRE (Prop_fdre_C_Q)         0.518     5.608 r  cpu_inst/ex_mem_reg_reg[rd][4]/Q
                         net (fo=4, routed)           1.042     6.650    cpu_inst/instr_mem_inst/ex_mem_reg_reg[store_data][0]_0[4]
    SLICE_X13Y5          LUT6 (Prop_lut6_I2_O)        0.124     6.774 f  cpu_inst/instr_mem_inst/ex_mem_reg[store_data][31]_i_8/O
                         net (fo=1, routed)           0.696     7.470    cpu_inst/instr_mem_inst/ex_mem_reg[store_data][31]_i_8_n_0
    SLICE_X11Y7          LUT3 (Prop_lut3_I0_O)        0.124     7.594 r  cpu_inst/instr_mem_inst/ex_mem_reg[store_data][31]_i_5/O
                         net (fo=2, routed)           0.628     8.222    cpu_inst/instr_mem_inst/p_47_in
    SLICE_X13Y2          LUT6 (Prop_lut6_I5_O)        0.124     8.346 r  cpu_inst/instr_mem_inst/ex_mem_reg[store_data][31]_i_2/O
                         net (fo=34, routed)          1.058     9.404    cpu_inst/data_mem_inst/ex_operand_b_reg1
    SLICE_X11Y9          LUT3 (Prop_lut3_I1_O)        0.124     9.528 r  cpu_inst/data_mem_inst/ex_mem_reg[store_data][12]_i_1/O
                         net (fo=3, routed)           1.114    10.643    cpu_inst/data_mem_inst/D[12]
    SLICE_X11Y5          LUT6 (Prop_lut6_I1_O)        0.124    10.767 r  cpu_inst/data_mem_inst/fetch_pending_valid_i_15/O
                         net (fo=1, routed)           0.000    10.767    cpu_inst/data_mem_inst/fetch_pending_valid_i_15_n_0
    SLICE_X11Y5          CARRY4 (Prop_carry4_S[0]_CO[3])
                                                      0.532    11.299 r  cpu_inst/data_mem_inst/fetch_pending_valid_reg_i_5/CO[3]
                         net (fo=1, routed)           0.000    11.299    cpu_inst/data_mem_inst/fetch_pending_valid_reg_i_5_n_0
    SLICE_X11Y6          CARRY4 (Prop_carry4_CI_CO[2])
                                                      0.228    11.527 r  cpu_inst/data_mem_inst/fetch_pending_valid_reg_i_2/CO[2]
                         net (fo=32, routed)          0.778    12.304    cpu_inst/data_mem_inst/ex_branch_taken048_in
    SLICE_X11Y10         LUT4 (Prop_lut4_I1_O)        0.313    12.617 r  cpu_inst/data_mem_inst/fetch_buffer_instruction[31]_i_2/O
                         net (fo=82, routed)          0.774    13.392    cpu_inst/data_mem_inst/ex_redirect_taken
    SLICE_X14Y11         LUT6 (Prop_lut6_I3_O)        0.124    13.516 r  cpu_inst/data_mem_inst/instruction_reg_i_21/O
                         net (fo=1, routed)           0.624    14.140    cpu_inst/data_mem_inst/instruction_reg_i_21_n_0
    SLICE_X10Y11         LUT5 (Prop_lut5_I4_O)        0.124    14.264 r  cpu_inst/data_mem_inst/instruction_reg_i_5/O
                         net (fo=2, routed)           0.605    14.869    cpu_inst/instr_mem_inst/ADDRARDADDR[4]
    RAMB18_X0Y4          RAMB18E1                                     r  cpu_inst/instr_mem_inst/instruction_reg/ADDRBWRADDR[8]
  -------------------------------------------------------------------    -------------------

                         (clock sys_clk_pin rise edge)
                                                     10.000    10.000 r  <hidden>
                         propagated clock network latency
                                                      4.831    14.831    <hidden>
                         clock pessimism              0.260    15.091    <hidden>
                         clock uncertainty           -0.035    15.055    <hidden>
    RAMB18_X0Y4          RAMB18E1 (Setup_ramb18e1_CLKBWRCLK_ADDRBWRADDR[8])
                                                     -0.566    14.489    cpu_inst/instr_mem_inst/instruction_reg
  -------------------------------------------------------------------
                         required time                         14.489    <hidden>
                         arrival time                         -14.869    <hidden>
  -------------------------------------------------------------------
                         slack                                 -0.380    <hidden>

Slack (VIOLATED) :        -0.346ns  (required time - arrival time)
  Source:                 cpu_inst/ex_mem_reg_reg[rd][4]/C
                            (rising edge-triggered cell FDRE clocked by sys_clk_pin  {rise@0.000ns fall@5.000ns period=10.000ns})
  Destination:            cpu_inst/instr_mem_inst/instruction_reg/ADDRARDADDR[6]
                            (rising edge-triggered cell RAMB18E1 clocked by sys_clk_pin  {rise@0.000ns fall@5.000ns period=10.000ns})
  Path Group:             sys_clk_pin
  Path Type:              Setup (Max at Slow Process Corner)
  Requirement:            10.000ns  (sys_clk_pin rise@10.000ns - sys_clk_pin rise@0.000ns)
  Data Path Delay:        9.743ns  (logic 2.459ns (25.239%)  route 7.284ns (74.761%))
  Logic Levels:           10  (CARRY4=2 LUT3=2 LUT4=1 LUT5=1 LUT6=4)
  Clock Path Skew:        -0.002ns (DCD - SCD + CPR)
    Destination Clock Delay (DCD):    4.829ns = ( 14.829 - 10.000 ) 
    Source Clock Delay      (SCD):    5.090ns
    Clock Pessimism Removal (CPR):    0.260ns
  Clock Uncertainty:      0.035ns  ((TSJ^2 + TIJ^2)^1/2 + DJ) / 2 + PE
    Total System Jitter     (TSJ):    0.071ns
    Total Input Jitter      (TIJ):    0.000ns
    Discrete Jitter          (DJ):    0.000ns
    Phase Error              (PE):    0.000ns

    Location             Delay type                Incr(ns)  Path(ns)    Netlist Resource(s)
  -------------------------------------------------------------------    -------------------
                         (clock sys_clk_pin rise edge)
                                                      0.000     0.000 r  <hidden>
                         propagated clock network latency
                                                      5.090     5.090    <hidden>
    SLICE_X12Y6          FDRE                         0.000     5.090 r  cpu_inst/ex_mem_reg_reg[rd][4]/C
    SLICE_X12Y6          FDRE (Prop_fdre_C_Q)         0.518     5.608 r  cpu_inst/ex_mem_reg_reg[rd][4]/Q
                         net (fo=4, routed)           1.042     6.650    cpu_inst/instr_mem_inst/ex_mem_reg_reg[store_data][0]_0[4]
    SLICE_X13Y5          LUT6 (Prop_lut6_I2_O)        0.124     6.774 f  cpu_inst/instr_mem_inst/ex_mem_reg[store_data][31]_i_8/O
                         net (fo=1, routed)           0.696     7.470    cpu_inst/instr_mem_inst/ex_mem_reg[store_data][31]_i_8_n_0
    SLICE_X11Y7          LUT3 (Prop_lut3_I0_O)        0.124     7.594 r  cpu_inst/instr_mem_inst/ex_mem_reg[store_data][31]_i_5/O
                         net (fo=2, routed)           0.628     8.222    cpu_inst/instr_mem_inst/p_47_in
    SLICE_X13Y2          LUT6 (Prop_lut6_I5_O)        0.124     8.346 r  cpu_inst/instr_mem_inst/ex_mem_reg[store_data][31]_i_2/O
                         net (fo=34, routed)          1.058     9.404    cpu_inst/data_mem_inst/ex_operand_b_reg1
    SLICE_X11Y9          LUT3 (Prop_lut3_I1_O)        0.124     9.528 r  cpu_inst/data_mem_inst/ex_mem_reg[store_data][12]_i_1/O
                         net (fo=3, routed)           1.114    10.643    cpu_inst/data_mem_inst/D[12]
    SLICE_X11Y5          LUT6 (Prop_lut6_I1_O)        0.124    10.767 r  cpu_inst/data_mem_inst/fetch_pending_valid_i_15/O
                         net (fo=1, routed)           0.000    10.767    cpu_inst/data_mem_inst/fetch_pending_valid_i_15_n_0
    SLICE_X11Y5          CARRY4 (Prop_carry4_S[0]_CO[3])
                                                      0.532    11.299 r  cpu_inst/data_mem_inst/fetch_pending_valid_reg_i_5/CO[3]
                         net (fo=1, routed)           0.000    11.299    cpu_inst/data_mem_inst/fetch_pending_valid_reg_i_5_n_0
    SLICE_X11Y6          CARRY4 (Prop_carry4_CI_CO[2])
                                                      0.228    11.527 r  cpu_inst/data_mem_inst/fetch_pending_valid_reg_i_2/CO[2]
                         net (fo=32, routed)          0.778    12.304    cpu_inst/data_mem_inst/ex_branch_taken048_in
    SLICE_X11Y10         LUT4 (Prop_lut4_I1_O)        0.313    12.617 r  cpu_inst/data_mem_inst/fetch_buffer_instruction[31]_i_2/O
                         net (fo=82, routed)          0.630    13.248    cpu_inst/data_mem_inst/ex_redirect_taken
    SLICE_X12Y9          LUT6 (Prop_lut6_I3_O)        0.124    13.372 r  cpu_inst/data_mem_inst/instruction_reg_i_23/O
                         net (fo=1, routed)           0.609    13.981    cpu_inst/data_mem_inst/instruction_reg_i_23_n_0
    SLICE_X9Y9           LUT5 (Prop_lut5_I4_O)        0.124    14.105 r  cpu_inst/data_mem_inst/instruction_reg_i_7/O
                         net (fo=2, routed)           0.728    14.833    cpu_inst/instr_mem_inst/ADDRARDADDR[2]
    RAMB18_X0Y4          RAMB18E1                                     r  cpu_inst/instr_mem_inst/instruction_reg/ADDRARDADDR[6]
  -------------------------------------------------------------------    -------------------

                         (clock sys_clk_pin rise edge)
                                                     10.000    10.000 r  <hidden>
                         propagated clock network latency
                                                      4.829    14.829    <hidden>
                         clock pessimism              0.260    15.089    <hidden>
                         clock uncertainty           -0.035    15.053    <hidden>
    RAMB18_X0Y4          RAMB18E1 (Setup_ramb18e1_CLKARDCLK_ADDRARDADDR[6])
                                                     -0.566    14.487    cpu_inst/instr_mem_inst/instruction_reg
  -------------------------------------------------------------------
                         required time                         14.487    <hidden>
                         arrival time                         -14.833    <hidden>
  -------------------------------------------------------------------
                         slack                                 -0.346    <hidden>

Slack (VIOLATED) :        -0.344ns  (required time - arrival time)
  Source:                 cpu_inst/ex_mem_reg_reg[rd][4]/C
                            (rising edge-triggered cell FDRE clocked by sys_clk_pin  {rise@0.000ns fall@5.000ns period=10.000ns})
  Destination:            cpu_inst/instr_mem_inst/instruction_reg/ADDRBWRADDR[6]
                            (rising edge-triggered cell RAMB18E1 clocked by sys_clk_pin  {rise@0.000ns fall@5.000ns period=10.000ns})
  Path Group:             sys_clk_pin
  Path Type:              Setup (Max at Slow Process Corner)
  Requirement:            10.000ns  (sys_clk_pin rise@10.000ns - sys_clk_pin rise@0.000ns)
  Data Path Delay:        9.743ns  (logic 2.459ns (25.239%)  route 7.284ns (74.761%))
  Logic Levels:           10  (CARRY4=2 LUT3=2 LUT4=1 LUT5=1 LUT6=4)
  Clock Path Skew:        0.000ns (DCD - SCD + CPR)
    Destination Clock Delay (DCD):    4.831ns = ( 14.831 - 10.000 ) 
    Source Clock Delay      (SCD):    5.090ns
    Clock Pessimism Removal (CPR):    0.260ns
  Clock Uncertainty:      0.035ns  ((TSJ^2 + TIJ^2)^1/2 + DJ) / 2 + PE
    Total System Jitter     (TSJ):    0.071ns
    Total Input Jitter      (TIJ):    0.000ns
    Discrete Jitter          (DJ):    0.000ns
    Phase Error              (PE):    0.000ns

    Location             Delay type                Incr(ns)  Path(ns)    Netlist Resource(s)
  -------------------------------------------------------------------    -------------------
                         (clock sys_clk_pin rise edge)
                                                      0.000     0.000 r  <hidden>
                         propagated clock network latency
                                                      5.090     5.090    <hidden>
    SLICE_X12Y6          FDRE                         0.000     5.090 r  cpu_inst/ex_mem_reg_reg[rd][4]/C
    SLICE_X12Y6          FDRE (Prop_fdre_C_Q)         0.518     5.608 r  cpu_inst/ex_mem_reg_reg[rd][4]/Q
                         net (fo=4, routed)           1.042     6.650    cpu_inst/instr_mem_inst/ex_mem_reg_reg[store_data][0]_0[4]
    SLICE_X13Y5          LUT6 (Prop_lut6_I2_O)        0.124     6.774 f  cpu_inst/instr_mem_inst/ex_mem_reg[store_data][31]_i_8/O
                         net (fo=1, routed)           0.696     7.470    cpu_inst/instr_mem_inst/ex_mem_reg[store_data][31]_i_8_n_0
    SLICE_X11Y7          LUT3 (Prop_lut3_I0_O)        0.124     7.594 r  cpu_inst/instr_mem_inst/ex_mem_reg[store_data][31]_i_5/O
                         net (fo=2, routed)           0.628     8.222    cpu_inst/instr_mem_inst/p_47_in
    SLICE_X13Y2          LUT6 (Prop_lut6_I5_O)        0.124     8.346 r  cpu_inst/instr_mem_inst/ex_mem_reg[store_data][31]_i_2/O
                         net (fo=34, routed)          1.058     9.404    cpu_inst/data_mem_inst/ex_operand_b_reg1
    SLICE_X11Y9          LUT3 (Prop_lut3_I1_O)        0.124     9.528 r  cpu_inst/data_mem_inst/ex_mem_reg[store_data][12]_i_1/O
                         net (fo=3, routed)           1.114    10.643    cpu_inst/data_mem_inst/D[12]
    SLICE_X11Y5          LUT6 (Prop_lut6_I1_O)        0.124    10.767 r  cpu_inst/data_mem_inst/fetch_pending_valid_i_15/O
                         net (fo=1, routed)           0.000    10.767    cpu_inst/data_mem_inst/fetch_pending_valid_i_15_n_0
    SLICE_X11Y5          CARRY4 (Prop_carry4_S[0]_CO[3])
                                                      0.532    11.299 r  cpu_inst/data_mem_inst/fetch_pending_valid_reg_i_5/CO[3]
                         net (fo=1, routed)           0.000    11.299    cpu_inst/data_mem_inst/fetch_pending_valid_reg_i_5_n_0
    SLICE_X11Y6          CARRY4 (Prop_carry4_CI_CO[2])
                                                      0.228    11.527 r  cpu_inst/data_mem_inst/fetch_pending_valid_reg_i_2/CO[2]
                         net (fo=32, routed)          0.778    12.304    cpu_inst/data_mem_inst/ex_branch_taken048_in
    SLICE_X11Y10         LUT4 (Prop_lut4_I1_O)        0.313    12.617 r  cpu_inst/data_mem_inst/fetch_buffer_instruction[31]_i_2/O
                         net (fo=82, routed)          0.630    13.248    cpu_inst/data_mem_inst/ex_redirect_taken
    SLICE_X12Y9          LUT6 (Prop_lut6_I3_O)        0.124    13.372 r  cpu_inst/data_mem_inst/instruction_reg_i_23/O
                         net (fo=1, routed)           0.609    13.981    cpu_inst/data_mem_inst/instruction_reg_i_23_n_0
    SLICE_X9Y9           LUT5 (Prop_lut5_I4_O)        0.124    14.105 r  cpu_inst/data_mem_inst/instruction_reg_i_7/O
                         net (fo=2, routed)           0.728    14.833    cpu_inst/instr_mem_inst/ADDRARDADDR[2]
    RAMB18_X0Y4          RAMB18E1                                     r  cpu_inst/instr_mem_inst/instruction_reg/ADDRBWRADDR[6]
  -------------------------------------------------------------------    -------------------

                         (clock sys_clk_pin rise edge)
                                                     10.000    10.000 r  <hidden>
                         propagated clock network latency
                                                      4.831    14.831    <hidden>
                         clock pessimism              0.260    15.091    <hidden>
                         clock uncertainty           -0.035    15.055    <hidden>
    RAMB18_X0Y4          RAMB18E1 (Setup_ramb18e1_CLKBWRCLK_ADDRBWRADDR[6])
                                                     -0.566    14.489    cpu_inst/instr_mem_inst/instruction_reg
  -------------------------------------------------------------------
                         required time                         14.489    <hidden>
                         arrival time                         -14.833    <hidden>
  -------------------------------------------------------------------
                         slack                                 -0.344    <hidden>

Slack (VIOLATED) :        -0.252ns  (required time - arrival time)
  Source:                 cpu_inst/ex_mem_reg_reg[rd][4]/C
                            (rising edge-triggered cell FDRE clocked by sys_clk_pin  {rise@0.000ns fall@5.000ns period=10.000ns})
  Destination:            cpu_inst/instr_mem_inst/instruction_reg/ADDRARDADDR[4]
                            (rising edge-triggered cell RAMB18E1 clocked by sys_clk_pin  {rise@0.000ns fall@5.000ns period=10.000ns})
  Path Group:             sys_clk_pin
  Path Type:              Setup (Max at Slow Process Corner)
  Requirement:            10.000ns  (sys_clk_pin rise@10.000ns - sys_clk_pin rise@0.000ns)
  Data Path Delay:        9.649ns  (logic 2.459ns (25.484%)  route 7.190ns (74.516%))
  Logic Levels:           10  (CARRY4=2 LUT3=2 LUT4=1 LUT5=1 LUT6=4)
  Clock Path Skew:        -0.002ns (DCD - SCD + CPR)
    Destination Clock Delay (DCD):    4.829ns = ( 14.829 - 10.000 ) 
    Source Clock Delay      (SCD):    5.090ns
    Clock Pessimism Removal (CPR):    0.260ns
  Clock Uncertainty:      0.035ns  ((TSJ^2 + TIJ^2)^1/2 + DJ) / 2 + PE
    Total System Jitter     (TSJ):    0.071ns
    Total Input Jitter      (TIJ):    0.000ns
    Discrete Jitter          (DJ):    0.000ns
    Phase Error              (PE):    0.000ns

    Location             Delay type                Incr(ns)  Path(ns)    Netlist Resource(s)
  -------------------------------------------------------------------    -------------------
                         (clock sys_clk_pin rise edge)
                                                      0.000     0.000 r  <hidden>
                         propagated clock network latency
                                                      5.090     5.090    <hidden>
    SLICE_X12Y6          FDRE                         0.000     5.090 r  cpu_inst/ex_mem_reg_reg[rd][4]/C
    SLICE_X12Y6          FDRE (Prop_fdre_C_Q)         0.518     5.608 r  cpu_inst/ex_mem_reg_reg[rd][4]/Q
                         net (fo=4, routed)           1.042     6.650    cpu_inst/instr_mem_inst/ex_mem_reg_reg[store_data][0]_0[4]
    SLICE_X13Y5          LUT6 (Prop_lut6_I2_O)        0.124     6.774 f  cpu_inst/instr_mem_inst/ex_mem_reg[store_data][31]_i_8/O
                         net (fo=1, routed)           0.696     7.470    cpu_inst/instr_mem_inst/ex_mem_reg[store_data][31]_i_8_n_0
    SLICE_X11Y7          LUT3 (Prop_lut3_I0_O)        0.124     7.594 r  cpu_inst/instr_mem_inst/ex_mem_reg[store_data][31]_i_5/O
                         net (fo=2, routed)           0.628     8.222    cpu_inst/instr_mem_inst/p_47_in
    SLICE_X13Y2          LUT6 (Prop_lut6_I5_O)        0.124     8.346 r  cpu_inst/instr_mem_inst/ex_mem_reg[store_data][31]_i_2/O
                         net (fo=34, routed)          1.058     9.404    cpu_inst/data_mem_inst/ex_operand_b_reg1
    SLICE_X11Y9          LUT3 (Prop_lut3_I1_O)        0.124     9.528 r  cpu_inst/data_mem_inst/ex_mem_reg[store_data][12]_i_1/O
                         net (fo=3, routed)           1.114    10.643    cpu_inst/data_mem_inst/D[12]
    SLICE_X11Y5          LUT6 (Prop_lut6_I1_O)        0.124    10.767 r  cpu_inst/data_mem_inst/fetch_pending_valid_i_15/O
                         net (fo=1, routed)           0.000    10.767    cpu_inst/data_mem_inst/fetch_pending_valid_i_15_n_0
    SLICE_X11Y5          CARRY4 (Prop_carry4_S[0]_CO[3])
                                                      0.532    11.299 r  cpu_inst/data_mem_inst/fetch_pending_valid_reg_i_5/CO[3]
                         net (fo=1, routed)           0.000    11.299    cpu_inst/data_mem_inst/fetch_pending_valid_reg_i_5_n_0
    SLICE_X11Y6          CARRY4 (Prop_carry4_CI_CO[2])
                                                      0.228    11.527 r  cpu_inst/data_mem_inst/fetch_pending_valid_reg_i_2/CO[2]
                         net (fo=32, routed)          0.778    12.304    cpu_inst/data_mem_inst/ex_branch_taken048_in
    SLICE_X11Y10         LUT4 (Prop_lut4_I1_O)        0.313    12.617 r  cpu_inst/data_mem_inst/fetch_buffer_instruction[31]_i_2/O
                         net (fo=82, routed)          0.583    13.200    cpu_inst/data_mem_inst/ex_redirect_taken
    SLICE_X13Y9          LUT6 (Prop_lut6_I3_O)        0.124    13.324 r  cpu_inst/data_mem_inst/instruction_reg_i_25/O
                         net (fo=1, routed)           0.502    13.826    cpu_inst/data_mem_inst/instruction_reg_i_25_n_0
    SLICE_X12Y10         LUT5 (Prop_lut5_I4_O)        0.124    13.950 r  cpu_inst/data_mem_inst/instruction_reg_i_9/O
                         net (fo=2, routed)           0.789    14.739    cpu_inst/instr_mem_inst/ADDRARDADDR[0]
    RAMB18_X0Y4          RAMB18E1                                     r  cpu_inst/instr_mem_inst/instruction_reg/ADDRARDADDR[4]
  -------------------------------------------------------------------    -------------------

                         (clock sys_clk_pin rise edge)
                                                     10.000    10.000 r  <hidden>
                         propagated clock network latency
                                                      4.829    14.829    <hidden>
                         clock pessimism              0.260    15.089    <hidden>
                         clock uncertainty           -0.035    15.053    <hidden>
    RAMB18_X0Y4          RAMB18E1 (Setup_ramb18e1_CLKARDCLK_ADDRARDADDR[4])
                                                     -0.566    14.487    cpu_inst/instr_mem_inst/instruction_reg
  -------------------------------------------------------------------
                         required time                         14.487    <hidden>
                         arrival time                         -14.739    <hidden>
  -------------------------------------------------------------------
                         slack                                 -0.252    <hidden>

Slack (VIOLATED) :        -0.249ns  (required time - arrival time)
  Source:                 cpu_inst/ex_mem_reg_reg[rd][4]/C
                            (rising edge-triggered cell FDRE clocked by sys_clk_pin  {rise@0.000ns fall@5.000ns period=10.000ns})
  Destination:            cpu_inst/instr_mem_inst/instruction_reg/ADDRBWRADDR[4]
                            (rising edge-triggered cell RAMB18E1 clocked by sys_clk_pin  {rise@0.000ns fall@5.000ns period=10.000ns})
  Path Group:             sys_clk_pin
  Path Type:              Setup (Max at Slow Process Corner)
  Requirement:            10.000ns  (sys_clk_pin rise@10.000ns - sys_clk_pin rise@0.000ns)
  Data Path Delay:        9.648ns  (logic 2.459ns (25.488%)  route 7.189ns (74.512%))
  Logic Levels:           10  (CARRY4=2 LUT3=2 LUT4=1 LUT5=1 LUT6=4)
  Clock Path Skew:        0.000ns (DCD - SCD + CPR)
    Destination Clock Delay (DCD):    4.831ns = ( 14.831 - 10.000 ) 
    Source Clock Delay      (SCD):    5.090ns
    Clock Pessimism Removal (CPR):    0.260ns
  Clock Uncertainty:      0.035ns  ((TSJ^2 + TIJ^2)^1/2 + DJ) / 2 + PE
    Total System Jitter     (TSJ):    0.071ns
    Total Input Jitter      (TIJ):    0.000ns
    Discrete Jitter          (DJ):    0.000ns
    Phase Error              (PE):    0.000ns

    Location             Delay type                Incr(ns)  Path(ns)    Netlist Resource(s)
  -------------------------------------------------------------------    -------------------
                         (clock sys_clk_pin rise edge)
                                                      0.000     0.000 r  <hidden>
                         propagated clock network latency
                                                      5.090     5.090    <hidden>
    SLICE_X12Y6          FDRE                         0.000     5.090 r  cpu_inst/ex_mem_reg_reg[rd][4]/C
    SLICE_X12Y6          FDRE (Prop_fdre_C_Q)         0.518     5.608 r  cpu_inst/ex_mem_reg_reg[rd][4]/Q
                         net (fo=4, routed)           1.042     6.650    cpu_inst/instr_mem_inst/ex_mem_reg_reg[store_data][0]_0[4]
    SLICE_X13Y5          LUT6 (Prop_lut6_I2_O)        0.124     6.774 f  cpu_inst/instr_mem_inst/ex_mem_reg[store_data][31]_i_8/O
                         net (fo=1, routed)           0.696     7.470    cpu_inst/instr_mem_inst/ex_mem_reg[store_data][31]_i_8_n_0
    SLICE_X11Y7          LUT3 (Prop_lut3_I0_O)        0.124     7.594 r  cpu_inst/instr_mem_inst/ex_mem_reg[store_data][31]_i_5/O
                         net (fo=2, routed)           0.628     8.222    cpu_inst/instr_mem_inst/p_47_in
    SLICE_X13Y2          LUT6 (Prop_lut6_I5_O)        0.124     8.346 r  cpu_inst/instr_mem_inst/ex_mem_reg[store_data][31]_i_2/O
                         net (fo=34, routed)          1.058     9.404    cpu_inst/data_mem_inst/ex_operand_b_reg1
    SLICE_X11Y9          LUT3 (Prop_lut3_I1_O)        0.124     9.528 r  cpu_inst/data_mem_inst/ex_mem_reg[store_data][12]_i_1/O
                         net (fo=3, routed)           1.114    10.643    cpu_inst/data_mem_inst/D[12]
    SLICE_X11Y5          LUT6 (Prop_lut6_I1_O)        0.124    10.767 r  cpu_inst/data_mem_inst/fetch_pending_valid_i_15/O
                         net (fo=1, routed)           0.000    10.767    cpu_inst/data_mem_inst/fetch_pending_valid_i_15_n_0
    SLICE_X11Y5          CARRY4 (Prop_carry4_S[0]_CO[3])
                                                      0.532    11.299 r  cpu_inst/data_mem_inst/fetch_pending_valid_reg_i_5/CO[3]
                         net (fo=1, routed)           0.000    11.299    cpu_inst/data_mem_inst/fetch_pending_valid_reg_i_5_n_0
    SLICE_X11Y6          CARRY4 (Prop_carry4_CI_CO[2])
                                                      0.228    11.527 r  cpu_inst/data_mem_inst/fetch_pending_valid_reg_i_2/CO[2]
                         net (fo=32, routed)          0.778    12.304    cpu_inst/data_mem_inst/ex_branch_taken048_in
    SLICE_X11Y10         LUT4 (Prop_lut4_I1_O)        0.313    12.617 r  cpu_inst/data_mem_inst/fetch_buffer_instruction[31]_i_2/O
                         net (fo=82, routed)          0.583    13.200    cpu_inst/data_mem_inst/ex_redirect_taken
    SLICE_X13Y9          LUT6 (Prop_lut6_I3_O)        0.124    13.324 r  cpu_inst/data_mem_inst/instruction_reg_i_25/O
                         net (fo=1, routed)           0.502    13.826    cpu_inst/data_mem_inst/instruction_reg_i_25_n_0
    SLICE_X12Y10         LUT5 (Prop_lut5_I4_O)        0.124    13.950 r  cpu_inst/data_mem_inst/instruction_reg_i_9/O
                         net (fo=2, routed)           0.788    14.738    cpu_inst/instr_mem_inst/ADDRARDADDR[0]
    RAMB18_X0Y4          RAMB18E1                                     r  cpu_inst/instr_mem_inst/instruction_reg/ADDRBWRADDR[4]
  -------------------------------------------------------------------    -------------------

                         (clock sys_clk_pin rise edge)
                                                     10.000    10.000 r  <hidden>
                         propagated clock network latency
                                                      4.831    14.831    <hidden>
                         clock pessimism              0.260    15.091    <hidden>
                         clock uncertainty           -0.035    15.055    <hidden>
    RAMB18_X0Y4          RAMB18E1 (Setup_ramb18e1_CLKBWRCLK_ADDRBWRADDR[4])
                                                     -0.566    14.489    cpu_inst/instr_mem_inst/instruction_reg
  -------------------------------------------------------------------
                         required time                         14.489    <hidden>
                         arrival time                         -14.738    <hidden>
  -------------------------------------------------------------------
                         slack                                 -0.249    <hidden>

Slack (VIOLATED) :        -0.229ns  (required time - arrival time)
  Source:                 cpu_inst/ex_mem_reg_reg[rd][4]/C
                            (rising edge-triggered cell FDRE clocked by sys_clk_pin  {rise@0.000ns fall@5.000ns period=10.000ns})
  Destination:            cpu_inst/instr_mem_inst/instruction_reg/ADDRARDADDR[5]
                            (rising edge-triggered cell RAMB18E1 clocked by sys_clk_pin  {rise@0.000ns fall@5.000ns period=10.000ns})
  Path Group:             sys_clk_pin
  Path Type:              Setup (Max at Slow Process Corner)
  Requirement:            10.000ns  (sys_clk_pin rise@10.000ns - sys_clk_pin rise@0.000ns)
  Data Path Delay:        9.626ns  (logic 2.459ns (25.545%)  route 7.167ns (74.455%))
  Logic Levels:           10  (CARRY4=2 LUT3=2 LUT4=1 LUT5=1 LUT6=4)
  Clock Path Skew:        -0.002ns (DCD - SCD + CPR)
    Destination Clock Delay (DCD):    4.829ns = ( 14.829 - 10.000 ) 
    Source Clock Delay      (SCD):    5.090ns
    Clock Pessimism Removal (CPR):    0.260ns
  Clock Uncertainty:      0.035ns  ((TSJ^2 + TIJ^2)^1/2 + DJ) / 2 + PE
    Total System Jitter     (TSJ):    0.071ns
    Total Input Jitter      (TIJ):    0.000ns
    Discrete Jitter          (DJ):    0.000ns
    Phase Error              (PE):    0.000ns

    Location             Delay type                Incr(ns)  Path(ns)    Netlist Resource(s)
  -------------------------------------------------------------------    -------------------
                         (clock sys_clk_pin rise edge)
                                                      0.000     0.000 r  <hidden>
                         propagated clock network latency
                                                      5.090     5.090    <hidden>
    SLICE_X12Y6          FDRE                         0.000     5.090 r  cpu_inst/ex_mem_reg_reg[rd][4]/C
    SLICE_X12Y6          FDRE (Prop_fdre_C_Q)         0.518     5.608 r  cpu_inst/ex_mem_reg_reg[rd][4]/Q
                         net (fo=4, routed)           1.042     6.650    cpu_inst/instr_mem_inst/ex_mem_reg_reg[store_data][0]_0[4]
    SLICE_X13Y5          LUT6 (Prop_lut6_I2_O)        0.124     6.774 f  cpu_inst/instr_mem_inst/ex_mem_reg[store_data][31]_i_8/O
                         net (fo=1, routed)           0.696     7.470    cpu_inst/instr_mem_inst/ex_mem_reg[store_data][31]_i_8_n_0
    SLICE_X11Y7          LUT3 (Prop_lut3_I0_O)        0.124     7.594 r  cpu_inst/instr_mem_inst/ex_mem_reg[store_data][31]_i_5/O
                         net (fo=2, routed)           0.628     8.222    cpu_inst/instr_mem_inst/p_47_in
    SLICE_X13Y2          LUT6 (Prop_lut6_I5_O)        0.124     8.346 r  cpu_inst/instr_mem_inst/ex_mem_reg[store_data][31]_i_2/O
                         net (fo=34, routed)          1.058     9.404    cpu_inst/data_mem_inst/ex_operand_b_reg1
    SLICE_X11Y9          LUT3 (Prop_lut3_I1_O)        0.124     9.528 r  cpu_inst/data_mem_inst/ex_mem_reg[store_data][12]_i_1/O
                         net (fo=3, routed)           1.114    10.643    cpu_inst/data_mem_inst/D[12]
    SLICE_X11Y5          LUT6 (Prop_lut6_I1_O)        0.124    10.767 r  cpu_inst/data_mem_inst/fetch_pending_valid_i_15/O
                         net (fo=1, routed)           0.000    10.767    cpu_inst/data_mem_inst/fetch_pending_valid_i_15_n_0
    SLICE_X11Y5          CARRY4 (Prop_carry4_S[0]_CO[3])
                                                      0.532    11.299 r  cpu_inst/data_mem_inst/fetch_pending_valid_reg_i_5/CO[3]
                         net (fo=1, routed)           0.000    11.299    cpu_inst/data_mem_inst/fetch_pending_valid_reg_i_5_n_0
    SLICE_X11Y6          CARRY4 (Prop_carry4_CI_CO[2])
                                                      0.228    11.527 r  cpu_inst/data_mem_inst/fetch_pending_valid_reg_i_2/CO[2]
                         net (fo=32, routed)          0.778    12.304    cpu_inst/data_mem_inst/ex_branch_taken048_in
    SLICE_X11Y10         LUT4 (Prop_lut4_I1_O)        0.313    12.617 r  cpu_inst/data_mem_inst/fetch_buffer_instruction[31]_i_2/O
                         net (fo=82, routed)          0.611    13.229    cpu_inst/data_mem_inst/ex_redirect_taken
    SLICE_X15Y10         LUT6 (Prop_lut6_I3_O)        0.124    13.353 r  cpu_inst/data_mem_inst/instruction_reg_i_24/O
                         net (fo=1, routed)           0.452    13.804    cpu_inst/data_mem_inst/instruction_reg_i_24_n_0
    SLICE_X13Y10         LUT5 (Prop_lut5_I4_O)        0.124    13.928 r  cpu_inst/data_mem_inst/instruction_reg_i_8/O
                         net (fo=2, routed)           0.788    14.716    cpu_inst/instr_mem_inst/ADDRARDADDR[1]
    RAMB18_X0Y4          RAMB18E1                                     r  cpu_inst/instr_mem_inst/instruction_reg/ADDRARDADDR[5]
  -------------------------------------------------------------------    -------------------

                         (clock sys_clk_pin rise edge)
                                                     10.000    10.000 r  <hidden>
                         propagated clock network latency
                                                      4.829    14.829    <hidden>
                         clock pessimism              0.260    15.089    <hidden>
                         clock uncertainty           -0.035    15.053    <hidden>
    RAMB18_X0Y4          RAMB18E1 (Setup_ramb18e1_CLKARDCLK_ADDRARDADDR[5])
                                                     -0.566    14.487    cpu_inst/instr_mem_inst/instruction_reg
  -------------------------------------------------------------------
                         required time                         14.487    <hidden>
                         arrival time                         -14.716    <hidden>
  -------------------------------------------------------------------
                         slack                                 -0.229    <hidden>

Slack (VIOLATED) :        -0.226ns  (required time - arrival time)
  Source:                 cpu_inst/ex_mem_reg_reg[rd][4]/C
                            (rising edge-triggered cell FDRE clocked by sys_clk_pin  {rise@0.000ns fall@5.000ns period=10.000ns})
  Destination:            cpu_inst/instr_mem_inst/instruction_reg/ADDRBWRADDR[5]
                            (rising edge-triggered cell RAMB18E1 clocked by sys_clk_pin  {rise@0.000ns fall@5.000ns period=10.000ns})
  Path Group:             sys_clk_pin
  Path Type:              Setup (Max at Slow Process Corner)
  Requirement:            10.000ns  (sys_clk_pin rise@10.000ns - sys_clk_pin rise@0.000ns)
  Data Path Delay:        9.625ns  (logic 2.459ns (25.549%)  route 7.166ns (74.451%))
  Logic Levels:           10  (CARRY4=2 LUT3=2 LUT4=1 LUT5=1 LUT6=4)
  Clock Path Skew:        0.000ns (DCD - SCD + CPR)
    Destination Clock Delay (DCD):    4.831ns = ( 14.831 - 10.000 ) 
    Source Clock Delay      (SCD):    5.090ns
    Clock Pessimism Removal (CPR):    0.260ns
  Clock Uncertainty:      0.035ns  ((TSJ^2 + TIJ^2)^1/2 + DJ) / 2 + PE
    Total System Jitter     (TSJ):    0.071ns
    Total Input Jitter      (TIJ):    0.000ns
    Discrete Jitter          (DJ):    0.000ns
    Phase Error              (PE):    0.000ns

    Location             Delay type                Incr(ns)  Path(ns)    Netlist Resource(s)
  -------------------------------------------------------------------    -------------------
                         (clock sys_clk_pin rise edge)
                                                      0.000     0.000 r  <hidden>
                         propagated clock network latency
                                                      5.090     5.090    <hidden>
    SLICE_X12Y6          FDRE                         0.000     5.090 r  cpu_inst/ex_mem_reg_reg[rd][4]/C
    SLICE_X12Y6          FDRE (Prop_fdre_C_Q)         0.518     5.608 r  cpu_inst/ex_mem_reg_reg[rd][4]/Q
                         net (fo=4, routed)           1.042     6.650    cpu_inst/instr_mem_inst/ex_mem_reg_reg[store_data][0]_0[4]
    SLICE_X13Y5          LUT6 (Prop_lut6_I2_O)        0.124     6.774 f  cpu_inst/instr_mem_inst/ex_mem_reg[store_data][31]_i_8/O
                         net (fo=1, routed)           0.696     7.470    cpu_inst/instr_mem_inst/ex_mem_reg[store_data][31]_i_8_n_0
    SLICE_X11Y7          LUT3 (Prop_lut3_I0_O)        0.124     7.594 r  cpu_inst/instr_mem_inst/ex_mem_reg[store_data][31]_i_5/O
                         net (fo=2, routed)           0.628     8.222    cpu_inst/instr_mem_inst/p_47_in
    SLICE_X13Y2          LUT6 (Prop_lut6_I5_O)        0.124     8.346 r  cpu_inst/instr_mem_inst/ex_mem_reg[store_data][31]_i_2/O
                         net (fo=34, routed)          1.058     9.404    cpu_inst/data_mem_inst/ex_operand_b_reg1
    SLICE_X11Y9          LUT3 (Prop_lut3_I1_O)        0.124     9.528 r  cpu_inst/data_mem_inst/ex_mem_reg[store_data][12]_i_1/O
                         net (fo=3, routed)           1.114    10.643    cpu_inst/data_mem_inst/D[12]
    SLICE_X11Y5          LUT6 (Prop_lut6_I1_O)        0.124    10.767 r  cpu_inst/data_mem_inst/fetch_pending_valid_i_15/O
                         net (fo=1, routed)           0.000    10.767    cpu_inst/data_mem_inst/fetch_pending_valid_i_15_n_0
    SLICE_X11Y5          CARRY4 (Prop_carry4_S[0]_CO[3])
                                                      0.532    11.299 r  cpu_inst/data_mem_inst/fetch_pending_valid_reg_i_5/CO[3]
                         net (fo=1, routed)           0.000    11.299    cpu_inst/data_mem_inst/fetch_pending_valid_reg_i_5_n_0
    SLICE_X11Y6          CARRY4 (Prop_carry4_CI_CO[2])
                                                      0.228    11.527 r  cpu_inst/data_mem_inst/fetch_pending_valid_reg_i_2/CO[2]
                         net (fo=32, routed)          0.778    12.304    cpu_inst/data_mem_inst/ex_branch_taken048_in
    SLICE_X11Y10         LUT4 (Prop_lut4_I1_O)        0.313    12.617 r  cpu_inst/data_mem_inst/fetch_buffer_instruction[31]_i_2/O
                         net (fo=82, routed)          0.611    13.229    cpu_inst/data_mem_inst/ex_redirect_taken
    SLICE_X15Y10         LUT6 (Prop_lut6_I3_O)        0.124    13.353 r  cpu_inst/data_mem_inst/instruction_reg_i_24/O
                         net (fo=1, routed)           0.452    13.804    cpu_inst/data_mem_inst/instruction_reg_i_24_n_0
    SLICE_X13Y10         LUT5 (Prop_lut5_I4_O)        0.124    13.928 r  cpu_inst/data_mem_inst/instruction_reg_i_8/O
                         net (fo=2, routed)           0.787    14.715    cpu_inst/instr_mem_inst/ADDRARDADDR[1]
    RAMB18_X0Y4          RAMB18E1                                     r  cpu_inst/instr_mem_inst/instruction_reg/ADDRBWRADDR[5]
  -------------------------------------------------------------------    -------------------

                         (clock sys_clk_pin rise edge)
                                                     10.000    10.000 r  <hidden>
                         propagated clock network latency
                                                      4.831    14.831    <hidden>
                         clock pessimism              0.260    15.091    <hidden>
                         clock uncertainty           -0.035    15.055    <hidden>
    RAMB18_X0Y4          RAMB18E1 (Setup_ramb18e1_CLKBWRCLK_ADDRBWRADDR[5])
                                                     -0.566    14.489    cpu_inst/instr_mem_inst/instruction_reg
  -------------------------------------------------------------------
                         required time                         14.489    <hidden>
                         arrival time                         -14.715    <hidden>
  -------------------------------------------------------------------
                         slack                                 -0.226    <hidden>




