Copyright 1986-2022 Xilinx, Inc. All Rights Reserved. Copyright 2022-2026 Advanced Micro Devices, Inc. All Rights Reserved.
--------------------------------------------------------------------------------------------------------------------------------------------------------------------------
| Tool Version : Vivado v.2026.1 (win64) Build 6511674 Tue Jun 16 11:02:23 MDT 2026
| Date         : Wed Jul 15 19:52:54 2026
| Host         : DESKTOP-4GB7DVJ running 64-bit major release  (build 9200)
| Command      : report_timing_summary -file reports/phase17c_forwardtiming_opt_perf7seg_impl/timing/fpga_top_pipeline_forwardtiming_opt_perf7seg_impl_timing_summary.rpt
| Design       : fpga_top_pipeline_forwardtiming_opt_perf7seg
| Device       : 7a35t-cpg236
| Speed File   : -1  PRODUCTION 1.23 2018-06-13
| Design State : Routed
--------------------------------------------------------------------------------------------------------------------------------------------------------------------------

Timing Summary Report

------------------------------------------------------------------------------------------------
| Timer Settings
| --------------
------------------------------------------------------------------------------------------------

  Enable Multi Corner Analysis               :  Yes
  Enable Pessimism Removal                   :  Yes
  Pessimism Removal Resolution               :  Nearest Common Node
  Enable Input Delay Default Clock           :  No
  Enable Preset / Clear Arcs                 :  No
  Disable Flight Delays                      :  No
  Ignore I/O Paths                           :  No
  Timing Early Launch at Borrowing Latches   :  No
  Borrow Time for Max Delay Exceptions       :  Yes
  Merge Timing Exceptions                    :  Yes
  Inter-SLR Compensation                     :  Conservative

  Corner  Analyze    Analyze    
  Name    Max Paths  Min Paths  
  ------  ---------  ---------  
  Slow    Yes        Yes        
  Fast    Yes        Yes        


------------------------------------------------------------------------------------------------
| Report Methodology
| ------------------
------------------------------------------------------------------------------------------------

No report available as report_methodology has not been run prior. Run report_methodology on the current design for the summary of methodology violations.



check_timing report

Table of Contents
-----------------
1. checking no_clock (0)
2. checking constant_clock (0)
3. checking pulse_width_clock (0)
4. checking unconstrained_internal_endpoints (0)
5. checking no_input_delay (2)
6. checking no_output_delay (27)
7. checking multiple_clock (0)
8. checking generated_clocks (0)
9. checking loops (0)
10. checking partial_input_delay (0)
11. checking partial_output_delay (0)
12. checking latch_loops (0)

1. checking no_clock (0)
------------------------
 There are 0 register/latch pins with no clock.


2. checking constant_clock (0)
------------------------------
 There are 0 register/latch pins with constant_clock.


3. checking pulse_width_clock (0)
---------------------------------
 There are 0 register/latch pins which need pulse_width check


4. checking unconstrained_internal_endpoints (0)
------------------------------------------------
 There are 0 pins that are not constrained for maximum delay.

 There are 0 pins that are not constrained for maximum delay due to constant clock.


5. checking no_input_delay (2)
------------------------------
 There are 2 input ports with no input delay specified. (HIGH)

 There are 0 input ports with no input delay but user has a false path constraint.


6. checking no_output_delay (27)
--------------------------------
 There are 27 ports with no output delay specified. (HIGH)

 There are 0 ports with no output delay but user has a false path constraint

 There are 0 ports with no output delay but with a timing clock defined on it or propagating through it


7. checking multiple_clock (0)
------------------------------
 There are 0 register/latch pins with multiple clocks.


8. checking generated_clocks (0)
--------------------------------
 There are 0 generated clocks that are not connected to a clock source.


9. checking loops (0)
---------------------
 There are 0 combinational loops in the design.


10. checking partial_input_delay (0)
------------------------------------
 There are 0 input ports with partial input delay specified.


11. checking partial_output_delay (0)
-------------------------------------
 There are 0 ports with partial output delay specified.


12. checking latch_loops (0)
----------------------------
 There are 0 combinational latch loops in the design through latch input



------------------------------------------------------------------------------------------------
| Design Timing Summary
| ---------------------
------------------------------------------------------------------------------------------------

    WNS(ns)      TNS(ns)  TNS Failing Endpoints  TNS Total Endpoints      WHS(ns)      THS(ns)  THS Failing Endpoints  THS Total Endpoints     WPWS(ns)     TPWS(ns)  TPWS Failing Endpoints  TPWS Total Endpoints  
    -------      -------  ---------------------  -------------------      -------      -------  ---------------------  -------------------     --------     --------  ----------------------  --------------------  
     -0.705       -4.684                     21                 4786        0.034        0.000                      0                 4786        4.500        0.000                       0                  1592  


Timing constraints are not met.


------------------------------------------------------------------------------------------------
| Clock Summary
| -------------
------------------------------------------------------------------------------------------------

Clock        Waveform(ns)       Period(ns)      Frequency(MHz)
-----        ------------       ----------      --------------
sys_clk_pin  {0.000 5.000}      10.000          100.000         


------------------------------------------------------------------------------------------------
| Intra Clock Table
| -----------------
------------------------------------------------------------------------------------------------

Clock             WNS(ns)      TNS(ns)  TNS Failing Endpoints  TNS Total Endpoints      WHS(ns)      THS(ns)  THS Failing Endpoints  THS Total Endpoints     WPWS(ns)     TPWS(ns)  TPWS Failing Endpoints  TPWS Total Endpoints  
-----             -------      -------  ---------------------  -------------------      -------      -------  ---------------------  -------------------     --------     --------  ----------------------  --------------------  
sys_clk_pin        -0.705       -4.684                     21                 4786        0.034        0.000                      0                 4786        4.500        0.000                       0                  1592  


------------------------------------------------------------------------------------------------
| Inter Clock Table
| -----------------
------------------------------------------------------------------------------------------------

From Clock    To Clock          WNS(ns)      TNS(ns)  TNS Failing Endpoints  TNS Total Endpoints      WHS(ns)      THS(ns)  THS Failing Endpoints  THS Total Endpoints  
----------    --------          -------      -------  ---------------------  -------------------      -------      -------  ---------------------  -------------------  


------------------------------------------------------------------------------------------------
| Other Path Groups Table
| -----------------------
------------------------------------------------------------------------------------------------

Path Group    From Clock    To Clock          WNS(ns)      TNS(ns)  TNS Failing Endpoints  TNS Total Endpoints      WHS(ns)      THS(ns)  THS Failing Endpoints  THS Total Endpoints  
----------    ----------    --------          -------      -------  ---------------------  -------------------      -------      -------  ---------------------  -------------------  


------------------------------------------------------------------------------------------------
| Timing Details
| --------------
------------------------------------------------------------------------------------------------


---------------------------------------------------------------------------------------------------
From Clock:  sys_clk_pin
  To Clock:  sys_clk_pin

Setup :           21  Failing Endpoints,  Worst Slack       -0.705ns,  Total Violation       -4.684ns
Hold  :            0  Failing Endpoints,  Worst Slack        0.034ns,  Total Violation        0.000ns
PW    :            0  Failing Endpoints,  Worst Slack        4.500ns,  Total Violation        0.000ns
---------------------------------------------------------------------------------------------------


Max Delay Paths
--------------------------------------------------------------------------------------
Slack (VIOLATED) :        -0.705ns  (required time - arrival time)
  Source:                 cpu_inst/ex_mem_reg_reg[rd][4]/C
                            (rising edge-triggered cell FDRE clocked by sys_clk_pin  {rise@0.000ns fall@5.000ns period=10.000ns})
  Destination:            cpu_inst/instr_mem_inst/instruction_reg/RSTRAMARSTRAM
                            (rising edge-triggered cell RAMB18E1 clocked by sys_clk_pin  {rise@0.000ns fall@5.000ns period=10.000ns})
  Path Group:             sys_clk_pin
  Path Type:              Setup (Max at Slow Process Corner)
  Requirement:            10.000ns  (sys_clk_pin rise@10.000ns - sys_clk_pin rise@0.000ns)
  Data Path Delay:        10.309ns  (logic 2.583ns (25.055%)  route 7.726ns (74.945%))
  Logic Levels:           11  (CARRY4=2 LUT3=2 LUT4=1 LUT6=6)
  Clock Path Skew:        -0.002ns (DCD - SCD + CPR)
    Destination Clock Delay (DCD):    4.829ns = ( 14.829 - 10.000 ) 
    Source Clock Delay      (SCD):    5.090ns
    Clock Pessimism Removal (CPR):    0.260ns
  Clock Uncertainty:      0.035ns  ((TSJ^2 + TIJ^2)^1/2 + DJ) / 2 + PE
    Total System Jitter     (TSJ):    0.071ns
    Total Input Jitter      (TIJ):    0.000ns
    Discrete Jitter          (DJ):    0.000ns
    Phase Error              (PE):    0.000ns

    Location             Delay type                Incr(ns)  Path(ns)    Netlist Resource(s)
  -------------------------------------------------------------------    -------------------
                         (clock sys_clk_pin rise edge)
                                                      0.000     0.000 r  <hidden>
    W5                                                0.000     0.000 r  clk
                         net (fo=0)                   0.000     0.000    clk
    W5                   IBUF (Prop_ibuf_I_O)         1.458     1.458 r  clk_IBUF_inst/O
                         net (fo=1, routed)           1.967     3.425    clk_IBUF
    BUFGCTRL_X0Y0        BUFG (Prop_bufg_I_O)         0.096     3.521 r  clk_IBUF_BUFG_inst/O
                         net (fo=1591, routed)        1.569     5.090    cpu_inst/clk_IBUF_BUFG
    SLICE_X12Y6          FDRE                                         r  cpu_inst/ex_mem_reg_reg[rd][4]/C
  -------------------------------------------------------------------    -------------------
    SLICE_X12Y6          FDRE (Prop_fdre_C_Q)         0.518     5.608 r  cpu_inst/ex_mem_reg_reg[rd][4]/Q
                         net (fo=4, routed)           1.042     6.650    cpu_inst/instr_mem_inst/ex_mem_reg_reg[store_data][0]_0[4]
    SLICE_X13Y5          LUT6 (Prop_lut6_I2_O)        0.124     6.774 f  cpu_inst/instr_mem_inst/ex_mem_reg[store_data][31]_i_8/O
                         net (fo=1, routed)           0.696     7.470    cpu_inst/instr_mem_inst/ex_mem_reg[store_data][31]_i_8_n_0
    SLICE_X11Y7          LUT3 (Prop_lut3_I0_O)        0.124     7.594 r  cpu_inst/instr_mem_inst/ex_mem_reg[store_data][31]_i_5/O
                         net (fo=2, routed)           0.628     8.222    cpu_inst/instr_mem_inst/p_47_in
    SLICE_X13Y2          LUT6 (Prop_lut6_I5_O)        0.124     8.346 r  cpu_inst/instr_mem_inst/ex_mem_reg[store_data][31]_i_2/O
                         net (fo=34, routed)          1.058     9.404    cpu_inst/data_mem_inst/ex_operand_b_reg1
    SLICE_X11Y9          LUT3 (Prop_lut3_I1_O)        0.124     9.528 r  cpu_inst/data_mem_inst/ex_mem_reg[store_data][12]_i_1/O
                         net (fo=3, routed)           1.114    10.643    cpu_inst/data_mem_inst/D[12]
    SLICE_X11Y5          LUT6 (Prop_lut6_I1_O)        0.124    10.767 r  cpu_inst/data_mem_inst/fetch_pending_valid_i_15/O
                         net (fo=1, routed)           0.000    10.767    cpu_inst/data_mem_inst/fetch_pending_valid_i_15_n_0
    SLICE_X11Y5          CARRY4 (Prop_carry4_S[0]_CO[3])
                                                      0.532    11.299 r  cpu_inst/data_mem_inst/fetch_pending_valid_reg_i_5/CO[3]
                         net (fo=1, routed)           0.000    11.299    cpu_inst/data_mem_inst/fetch_pending_valid_reg_i_5_n_0
    SLICE_X11Y6          CARRY4 (Prop_carry4_CI_CO[2])
                                                      0.228    11.527 r  cpu_inst/data_mem_inst/fetch_pending_valid_reg_i_2/CO[2]
                         net (fo=32, routed)          0.778    12.304    cpu_inst/data_mem_inst/ex_branch_taken048_in
    SLICE_X11Y10         LUT4 (Prop_lut4_I1_O)        0.313    12.617 r  cpu_inst/data_mem_inst/fetch_buffer_instruction[31]_i_2/O
                         net (fo=82, routed)          0.473    13.091    cpu_inst/data_mem_inst/ex_redirect_taken
    SLICE_X13Y10         LUT6 (Prop_lut6_I3_O)        0.124    13.215 r  cpu_inst/data_mem_inst/instruction_reg_i_62/O
                         net (fo=1, routed)           0.693    13.908    cpu_inst/data_mem_inst/instruction_reg_i_62_n_0
    SLICE_X13Y11         LUT6 (Prop_lut6_I1_O)        0.124    14.032 r  cpu_inst/data_mem_inst/instruction_reg_i_11_comp/O
                         net (fo=1, routed)           0.655    14.687    cpu_inst/data_mem_inst/instruction_reg_i_11_n_0
    SLICE_X12Y11         LUT6 (Prop_lut6_I1_O)        0.124    14.811 r  cpu_inst/data_mem_inst/instruction_reg_i_1/O
                         net (fo=2, routed)           0.589    15.400    cpu_inst/instr_mem_inst/instruction_reg_0
    RAMB18_X0Y4          RAMB18E1                                     r  cpu_inst/instr_mem_inst/instruction_reg/RSTRAMARSTRAM
  -------------------------------------------------------------------    -------------------

                         (clock sys_clk_pin rise edge)
                                                     10.000    10.000 r  <hidden>
    W5                                                0.000    10.000 r  clk
                         net (fo=0)                   0.000    10.000    clk
    W5                   IBUF (Prop_ibuf_I_O)         1.388    11.388 r  clk_IBUF_inst/O
                         net (fo=1, routed)           1.862    13.250    clk_IBUF
    BUFGCTRL_X0Y0        BUFG (Prop_bufg_I_O)         0.091    13.341 r  clk_IBUF_BUFG_inst/O
                         net (fo=1591, routed)        1.488    14.829    cpu_inst/instr_mem_inst/clk_IBUF_BUFG
    RAMB18_X0Y4          RAMB18E1                                     r  cpu_inst/instr_mem_inst/instruction_reg/CLKARDCLK
                         clock pessimism              0.260    15.089    <hidden>
                         clock uncertainty           -0.035    15.053    <hidden>
    RAMB18_X0Y4          RAMB18E1 (Setup_ramb18e1_CLKARDCLK_RSTRAMARSTRAM)
                                                     -0.359    14.694    cpu_inst/instr_mem_inst/instruction_reg
  -------------------------------------------------------------------
                         required time                         14.694    <hidden>
                         arrival time                         -15.400    <hidden>
  -------------------------------------------------------------------
                         slack                                 -0.705    <hidden>





Min Delay Paths
--------------------------------------------------------------------------------------
Slack (MET) :             0.034ns  (arrival time - required time)
  Source:                 cpu_inst/ex_mem_reg_reg[store_data][26]/C
                            (rising edge-triggered cell FDRE clocked by sys_clk_pin  {rise@0.000ns fall@5.000ns period=10.000ns})
  Destination:            cpu_inst/data_mem_inst/mem_reg/DIBDI[8]
                            (rising edge-triggered cell RAMB18E1 clocked by sys_clk_pin  {rise@0.000ns fall@5.000ns period=10.000ns})
  Path Group:             sys_clk_pin
  Path Type:              Hold (Min at Fast Process Corner)
  Requirement:            0.000ns  (sys_clk_pin rise@0.000ns - sys_clk_pin rise@0.000ns)
  Data Path Delay:        0.248ns  (logic 0.141ns (56.898%)  route 0.107ns (43.102%))
  Logic Levels:           0  
  Clock Path Skew:        0.058ns (DCD - SCD - CPR)
    Destination Clock Delay (DCD):    2.006ns
    Source Clock Delay      (SCD):    1.449ns
    Clock Pessimism Removal (CPR):    0.498ns

    Location             Delay type                Incr(ns)  Path(ns)    Netlist Resource(s)
  -------------------------------------------------------------------    -------------------
                         (clock sys_clk_pin rise edge)
                                                      0.000     0.000 r  <hidden>
    W5                                                0.000     0.000 r  clk
                         net (fo=0)                   0.000     0.000    clk
    W5                   IBUF (Prop_ibuf_I_O)         0.226     0.226 r  clk_IBUF_inst/O
                         net (fo=1, routed)           0.631     0.858    clk_IBUF
    BUFGCTRL_X0Y0        BUFG (Prop_bufg_I_O)         0.026     0.884 r  clk_IBUF_BUFG_inst/O
                         net (fo=1591, routed)        0.566     1.449    cpu_inst/clk_IBUF_BUFG
    SLICE_X9Y5           FDRE                                         r  cpu_inst/ex_mem_reg_reg[store_data][26]/C
  -------------------------------------------------------------------    -------------------
    SLICE_X9Y5           FDRE (Prop_fdre_C_Q)         0.141     1.590 r  cpu_inst/ex_mem_reg_reg[store_data][26]/Q
                         net (fo=1, routed)           0.107     1.697    cpu_inst/data_mem_inst/mem_reg_4[26]
    RAMB18_X0Y2          RAMB18E1                                     r  cpu_inst/data_mem_inst/mem_reg/DIBDI[8]
  -------------------------------------------------------------------    -------------------

                         (clock sys_clk_pin rise edge)
                                                      0.000     0.000 r  <hidden>
    W5                                                0.000     0.000 r  clk
                         net (fo=0)                   0.000     0.000    clk
    W5                   IBUF (Prop_ibuf_I_O)         0.414     0.414 r  clk_IBUF_inst/O
                         net (fo=1, routed)           0.685     1.099    clk_IBUF
    BUFGCTRL_X0Y0        BUFG (Prop_bufg_I_O)         0.029     1.128 r  clk_IBUF_BUFG_inst/O
                         net (fo=1591, routed)        0.878     2.006    cpu_inst/data_mem_inst/clk_IBUF_BUFG
    RAMB18_X0Y2          RAMB18E1                                     r  cpu_inst/data_mem_inst/mem_reg/CLKBWRCLK
                         clock pessimism             -0.498     1.508    <hidden>
    RAMB18_X0Y2          RAMB18E1 (Hold_ramb18e1_CLKBWRCLK_DIBDI[8])
                                                      0.155     1.663    cpu_inst/data_mem_inst/mem_reg
  -------------------------------------------------------------------
                         required time                         -1.663    <hidden>
                         arrival time                           1.697    <hidden>
  -------------------------------------------------------------------
                         slack                                  0.034    <hidden>





Pulse Width Checks
--------------------------------------------------------------------------------------
Clock Name:         sys_clk_pin
Waveform(ns):       { 0.000 5.000 }
Period(ns):         10.000
Sources:            { clk }

Check Type        Corner  Lib Pin             Reference Pin  Required(ns)  Actual(ns)  Slack(ns)  Location      Pin
Min Period        n/a     RAMB18E1/CLKARDCLK  n/a            2.944         10.000      7.056      RAMB18_X0Y2   cpu_inst/data_mem_inst/mem_reg/CLKARDCLK
Low Pulse Width   Slow    FDRE/C              n/a            0.500         5.000       4.500      SLICE_X40Y14  cycle_counter_reg[0]/C
High Pulse Width  Slow    FDRE/C              n/a            0.500         5.000       4.500      SLICE_X40Y14  cycle_counter_reg[0]/C



