Copyright 1986-2022 Xilinx, Inc. All Rights Reserved. Copyright 2022-2026 Advanced Micro Devices, Inc. All Rights Reserved.
-----------------------------------------------------------------------------------------------------------------------------------------------------------
| Tool Version : Vivado v.2026.1 (win64) Build 6511674 Tue Jun 16 11:02:23 MDT 2026
| Date         : Tue Jul 14 11:37:26 2026
| Host         : DESKTOP-4GB7DVJ running 64-bit major release  (build 9200)
| Command      : report_timing -max_paths 10 -path_type full -file reports/phase14g_impl/fanout_opt_8p000ns/timing/fpga_top_pipeline6_impl_worst_paths.rpt
| Design       : fpga_top_pipeline6
| Device       : 7a35t-cpg236
| Speed File   : -1  PRODUCTION 1.23 2018-06-13
| Design State : Physopt postRoute
-----------------------------------------------------------------------------------------------------------------------------------------------------------

Timing Report

Slack (MET) :             0.841ns  (required time - arrival time)
  Source:                 cpu_inst/instr_mem_inst/instruction_reg/CLKBWRCLK
                            (rising edge-triggered cell RAMB18E1 clocked by sys_clk_pin  {rise@0.000ns fall@4.000ns period=8.000ns})
  Destination:            cpu_inst/if_id_reg_reg[imm_ext][0]/R
                            (rising edge-triggered cell FDRE clocked by sys_clk_pin  {rise@0.000ns fall@4.000ns period=8.000ns})
  Path Group:             sys_clk_pin
  Path Type:              Setup (Max at Slow Process Corner)
  Requirement:            8.000ns  (sys_clk_pin rise@8.000ns - sys_clk_pin rise@0.000ns)
  Data Path Delay:        6.330ns  (logic 3.082ns (48.687%)  route 3.248ns (51.313%))
  Logic Levels:           3  (LUT3=1 LUT5=1 LUT6=1)
  Clock Path Skew:        -0.067ns (DCD - SCD + CPR)
    Destination Clock Delay (DCD):    4.780ns = ( 12.780 - 8.000 ) 
    Source Clock Delay      (SCD):    5.122ns
    Clock Pessimism Removal (CPR):    0.274ns
  Clock Uncertainty:      0.035ns  ((TSJ^2 + TIJ^2)^1/2 + DJ) / 2 + PE
    Total System Jitter     (TSJ):    0.071ns
    Total Input Jitter      (TIJ):    0.000ns
    Discrete Jitter          (DJ):    0.000ns
    Phase Error              (PE):    0.000ns

    Location             Delay type                Incr(ns)  Path(ns)    Netlist Resource(s)
  -------------------------------------------------------------------    -------------------
                         (clock sys_clk_pin rise edge)
                                                      0.000     0.000 r  <hidden>
                         propagated clock network latency
                                                      5.122     5.122    <hidden>
    RAMB18_X0Y12         RAMB18E1                     0.000     5.122 r  cpu_inst/instr_mem_inst/instruction_reg/CLKBWRCLK
    RAMB18_X0Y12         RAMB18E1 (Prop_ramb18e1_CLKBWRCLK_DOBDO[12])
                                                      2.454     7.576 r  cpu_inst/instr_mem_inst/instruction_reg/DOBDO[12]
                         net (fo=2, routed)           1.107     8.683    cpu_inst/instr_mem_inst/D[30]
    SLICE_X8Y27          LUT3 (Prop_lut3_I2_O)        0.150     8.833 r  cpu_inst/instr_mem_inst/if_id_reg[opcode][2]_i_1/O
                         net (fo=6, routed)           0.672     9.505    cpu_inst/instr_mem_inst/opcode[2]
    SLICE_X5Y28          LUT6 (Prop_lut6_I5_O)        0.328     9.833 f  cpu_inst/instr_mem_inst/if_id_reg[decoded_valid]_i_1/O
                         net (fo=19, routed)          0.658    10.491    cpu_inst/instr_mem_inst/decoded_stage[valid]_return
    SLICE_X5Y29          LUT5 (Prop_lut5_I1_O)        0.150    10.641 r  cpu_inst/instr_mem_inst/if_id_reg[imm_ext][14]_i_1/O
                         net (fo=44, routed)          0.811    11.452    cpu_inst/instr_mem_inst_n_34
    SLICE_X8Y29          FDRE                                         r  cpu_inst/if_id_reg_reg[imm_ext][0]/R
  -------------------------------------------------------------------    -------------------

                         (clock sys_clk_pin rise edge)
                                                      8.000     8.000 r  <hidden>
                         propagated clock network latency
                                                      4.780    12.780    <hidden>
                         clock pessimism              0.274    13.054    <hidden>
                         clock uncertainty           -0.035    13.019    <hidden>
    SLICE_X8Y29          FDRE (Setup_fdre_C_R)       -0.726    12.293    cpu_inst/if_id_reg_reg[imm_ext][0]
  -------------------------------------------------------------------
                         required time                         12.293    <hidden>
                         arrival time                         -11.452    <hidden>
  -------------------------------------------------------------------
                         slack                                  0.841    <hidden>

Slack (MET) :             0.841ns  (required time - arrival time)
  Source:                 cpu_inst/instr_mem_inst/instruction_reg/CLKBWRCLK
                            (rising edge-triggered cell RAMB18E1 clocked by sys_clk_pin  {rise@0.000ns fall@4.000ns period=8.000ns})
  Destination:            cpu_inst/if_id_reg_reg[imm_ext][10]/R
                            (rising edge-triggered cell FDRE clocked by sys_clk_pin  {rise@0.000ns fall@4.000ns period=8.000ns})
  Path Group:             sys_clk_pin
  Path Type:              Setup (Max at Slow Process Corner)
  Requirement:            8.000ns  (sys_clk_pin rise@8.000ns - sys_clk_pin rise@0.000ns)
  Data Path Delay:        6.330ns  (logic 3.082ns (48.687%)  route 3.248ns (51.313%))
  Logic Levels:           3  (LUT3=1 LUT5=1 LUT6=1)
  Clock Path Skew:        -0.067ns (DCD - SCD + CPR)
    Destination Clock Delay (DCD):    4.780ns = ( 12.780 - 8.000 ) 
    Source Clock Delay      (SCD):    5.122ns
    Clock Pessimism Removal (CPR):    0.274ns
  Clock Uncertainty:      0.035ns  ((TSJ^2 + TIJ^2)^1/2 + DJ) / 2 + PE
    Total System Jitter     (TSJ):    0.071ns
    Total Input Jitter      (TIJ):    0.000ns
    Discrete Jitter          (DJ):    0.000ns
    Phase Error              (PE):    0.000ns

    Location             Delay type                Incr(ns)  Path(ns)    Netlist Resource(s)
  -------------------------------------------------------------------    -------------------
                         (clock sys_clk_pin rise edge)
                                                      0.000     0.000 r  <hidden>
                         propagated clock network latency
                                                      5.122     5.122    <hidden>
    RAMB18_X0Y12         RAMB18E1                     0.000     5.122 r  cpu_inst/instr_mem_inst/instruction_reg/CLKBWRCLK
    RAMB18_X0Y12         RAMB18E1 (Prop_ramb18e1_CLKBWRCLK_DOBDO[12])
                                                      2.454     7.576 r  cpu_inst/instr_mem_inst/instruction_reg/DOBDO[12]
                         net (fo=2, routed)           1.107     8.683    cpu_inst/instr_mem_inst/D[30]
    SLICE_X8Y27          LUT3 (Prop_lut3_I2_O)        0.150     8.833 r  cpu_inst/instr_mem_inst/if_id_reg[opcode][2]_i_1/O
                         net (fo=6, routed)           0.672     9.505    cpu_inst/instr_mem_inst/opcode[2]
    SLICE_X5Y28          LUT6 (Prop_lut6_I5_O)        0.328     9.833 f  cpu_inst/instr_mem_inst/if_id_reg[decoded_valid]_i_1/O
                         net (fo=19, routed)          0.658    10.491    cpu_inst/instr_mem_inst/decoded_stage[valid]_return
    SLICE_X5Y29          LUT5 (Prop_lut5_I1_O)        0.150    10.641 r  cpu_inst/instr_mem_inst/if_id_reg[imm_ext][14]_i_1/O
                         net (fo=44, routed)          0.811    11.452    cpu_inst/instr_mem_inst_n_34
    SLICE_X8Y29          FDRE                                         r  cpu_inst/if_id_reg_reg[imm_ext][10]/R
  -------------------------------------------------------------------    -------------------

                         (clock sys_clk_pin rise edge)
                                                      8.000     8.000 r  <hidden>
                         propagated clock network latency
                                                      4.780    12.780    <hidden>
                         clock pessimism              0.274    13.054    <hidden>
                         clock uncertainty           -0.035    13.019    <hidden>
    SLICE_X8Y29          FDRE (Setup_fdre_C_R)       -0.726    12.293    cpu_inst/if_id_reg_reg[imm_ext][10]
  -------------------------------------------------------------------
                         required time                         12.293    <hidden>
                         arrival time                         -11.452    <hidden>
  -------------------------------------------------------------------
                         slack                                  0.841    <hidden>

Slack (MET) :             0.841ns  (required time - arrival time)
  Source:                 cpu_inst/instr_mem_inst/instruction_reg/CLKBWRCLK
                            (rising edge-triggered cell RAMB18E1 clocked by sys_clk_pin  {rise@0.000ns fall@4.000ns period=8.000ns})
  Destination:            cpu_inst/if_id_reg_reg[imm_ext][11]/R
                            (rising edge-triggered cell FDRE clocked by sys_clk_pin  {rise@0.000ns fall@4.000ns period=8.000ns})
  Path Group:             sys_clk_pin
  Path Type:              Setup (Max at Slow Process Corner)
  Requirement:            8.000ns  (sys_clk_pin rise@8.000ns - sys_clk_pin rise@0.000ns)
  Data Path Delay:        6.330ns  (logic 3.082ns (48.687%)  route 3.248ns (51.313%))
  Logic Levels:           3  (LUT3=1 LUT5=1 LUT6=1)
  Clock Path Skew:        -0.067ns (DCD - SCD + CPR)
    Destination Clock Delay (DCD):    4.780ns = ( 12.780 - 8.000 ) 
    Source Clock Delay      (SCD):    5.122ns
    Clock Pessimism Removal (CPR):    0.274ns
  Clock Uncertainty:      0.035ns  ((TSJ^2 + TIJ^2)^1/2 + DJ) / 2 + PE
    Total System Jitter     (TSJ):    0.071ns
    Total Input Jitter      (TIJ):    0.000ns
    Discrete Jitter          (DJ):    0.000ns
    Phase Error              (PE):    0.000ns

    Location             Delay type                Incr(ns)  Path(ns)    Netlist Resource(s)
  -------------------------------------------------------------------    -------------------
                         (clock sys_clk_pin rise edge)
                                                      0.000     0.000 r  <hidden>
                         propagated clock network latency
                                                      5.122     5.122    <hidden>
    RAMB18_X0Y12         RAMB18E1                     0.000     5.122 r  cpu_inst/instr_mem_inst/instruction_reg/CLKBWRCLK
    RAMB18_X0Y12         RAMB18E1 (Prop_ramb18e1_CLKBWRCLK_DOBDO[12])
                                                      2.454     7.576 r  cpu_inst/instr_mem_inst/instruction_reg/DOBDO[12]
                         net (fo=2, routed)           1.107     8.683    cpu_inst/instr_mem_inst/D[30]
    SLICE_X8Y27          LUT3 (Prop_lut3_I2_O)        0.150     8.833 r  cpu_inst/instr_mem_inst/if_id_reg[opcode][2]_i_1/O
                         net (fo=6, routed)           0.672     9.505    cpu_inst/instr_mem_inst/opcode[2]
    SLICE_X5Y28          LUT6 (Prop_lut6_I5_O)        0.328     9.833 f  cpu_inst/instr_mem_inst/if_id_reg[decoded_valid]_i_1/O
                         net (fo=19, routed)          0.658    10.491    cpu_inst/instr_mem_inst/decoded_stage[valid]_return
    SLICE_X5Y29          LUT5 (Prop_lut5_I1_O)        0.150    10.641 r  cpu_inst/instr_mem_inst/if_id_reg[imm_ext][14]_i_1/O
                         net (fo=44, routed)          0.811    11.452    cpu_inst/instr_mem_inst_n_34
    SLICE_X8Y29          FDRE                                         r  cpu_inst/if_id_reg_reg[imm_ext][11]/R
  -------------------------------------------------------------------    -------------------

                         (clock sys_clk_pin rise edge)
                                                      8.000     8.000 r  <hidden>
                         propagated clock network latency
                                                      4.780    12.780    <hidden>
                         clock pessimism              0.274    13.054    <hidden>
                         clock uncertainty           -0.035    13.019    <hidden>
    SLICE_X8Y29          FDRE (Setup_fdre_C_R)       -0.726    12.293    cpu_inst/if_id_reg_reg[imm_ext][11]
  -------------------------------------------------------------------
                         required time                         12.293    <hidden>
                         arrival time                         -11.452    <hidden>
  -------------------------------------------------------------------
                         slack                                  0.841    <hidden>

Slack (MET) :             0.841ns  (required time - arrival time)
  Source:                 cpu_inst/instr_mem_inst/instruction_reg/CLKBWRCLK
                            (rising edge-triggered cell RAMB18E1 clocked by sys_clk_pin  {rise@0.000ns fall@4.000ns period=8.000ns})
  Destination:            cpu_inst/if_id_reg_reg[imm_ext][14]/R
                            (rising edge-triggered cell FDRE clocked by sys_clk_pin  {rise@0.000ns fall@4.000ns period=8.000ns})
  Path Group:             sys_clk_pin
  Path Type:              Setup (Max at Slow Process Corner)
  Requirement:            8.000ns  (sys_clk_pin rise@8.000ns - sys_clk_pin rise@0.000ns)
  Data Path Delay:        6.330ns  (logic 3.082ns (48.687%)  route 3.248ns (51.313%))
  Logic Levels:           3  (LUT3=1 LUT5=1 LUT6=1)
  Clock Path Skew:        -0.067ns (DCD - SCD + CPR)
    Destination Clock Delay (DCD):    4.780ns = ( 12.780 - 8.000 ) 
    Source Clock Delay      (SCD):    5.122ns
    Clock Pessimism Removal (CPR):    0.274ns
  Clock Uncertainty:      0.035ns  ((TSJ^2 + TIJ^2)^1/2 + DJ) / 2 + PE
    Total System Jitter     (TSJ):    0.071ns
    Total Input Jitter      (TIJ):    0.000ns
    Discrete Jitter          (DJ):    0.000ns
    Phase Error              (PE):    0.000ns

    Location             Delay type                Incr(ns)  Path(ns)    Netlist Resource(s)
  -------------------------------------------------------------------    -------------------
                         (clock sys_clk_pin rise edge)
                                                      0.000     0.000 r  <hidden>
                         propagated clock network latency
                                                      5.122     5.122    <hidden>
    RAMB18_X0Y12         RAMB18E1                     0.000     5.122 r  cpu_inst/instr_mem_inst/instruction_reg/CLKBWRCLK
    RAMB18_X0Y12         RAMB18E1 (Prop_ramb18e1_CLKBWRCLK_DOBDO[12])
                                                      2.454     7.576 r  cpu_inst/instr_mem_inst/instruction_reg/DOBDO[12]
                         net (fo=2, routed)           1.107     8.683    cpu_inst/instr_mem_inst/D[30]
    SLICE_X8Y27          LUT3 (Prop_lut3_I2_O)        0.150     8.833 r  cpu_inst/instr_mem_inst/if_id_reg[opcode][2]_i_1/O
                         net (fo=6, routed)           0.672     9.505    cpu_inst/instr_mem_inst/opcode[2]
    SLICE_X5Y28          LUT6 (Prop_lut6_I5_O)        0.328     9.833 f  cpu_inst/instr_mem_inst/if_id_reg[decoded_valid]_i_1/O
                         net (fo=19, routed)          0.658    10.491    cpu_inst/instr_mem_inst/decoded_stage[valid]_return
    SLICE_X5Y29          LUT5 (Prop_lut5_I1_O)        0.150    10.641 r  cpu_inst/instr_mem_inst/if_id_reg[imm_ext][14]_i_1/O
                         net (fo=44, routed)          0.811    11.452    cpu_inst/instr_mem_inst_n_34
    SLICE_X8Y29          FDRE                                         r  cpu_inst/if_id_reg_reg[imm_ext][14]/R
  -------------------------------------------------------------------    -------------------

                         (clock sys_clk_pin rise edge)
                                                      8.000     8.000 r  <hidden>
                         propagated clock network latency
                                                      4.780    12.780    <hidden>
                         clock pessimism              0.274    13.054    <hidden>
                         clock uncertainty           -0.035    13.019    <hidden>
    SLICE_X8Y29          FDRE (Setup_fdre_C_R)       -0.726    12.293    cpu_inst/if_id_reg_reg[imm_ext][14]
  -------------------------------------------------------------------
                         required time                         12.293    <hidden>
                         arrival time                         -11.452    <hidden>
  -------------------------------------------------------------------
                         slack                                  0.841    <hidden>

Slack (MET) :             0.841ns  (required time - arrival time)
  Source:                 cpu_inst/instr_mem_inst/instruction_reg/CLKBWRCLK
                            (rising edge-triggered cell RAMB18E1 clocked by sys_clk_pin  {rise@0.000ns fall@4.000ns period=8.000ns})
  Destination:            cpu_inst/if_id_reg_reg[imm_ext][3]/R
                            (rising edge-triggered cell FDRE clocked by sys_clk_pin  {rise@0.000ns fall@4.000ns period=8.000ns})
  Path Group:             sys_clk_pin
  Path Type:              Setup (Max at Slow Process Corner)
  Requirement:            8.000ns  (sys_clk_pin rise@8.000ns - sys_clk_pin rise@0.000ns)
  Data Path Delay:        6.330ns  (logic 3.082ns (48.687%)  route 3.248ns (51.313%))
  Logic Levels:           3  (LUT3=1 LUT5=1 LUT6=1)
  Clock Path Skew:        -0.067ns (DCD - SCD + CPR)
    Destination Clock Delay (DCD):    4.780ns = ( 12.780 - 8.000 ) 
    Source Clock Delay      (SCD):    5.122ns
    Clock Pessimism Removal (CPR):    0.274ns
  Clock Uncertainty:      0.035ns  ((TSJ^2 + TIJ^2)^1/2 + DJ) / 2 + PE
    Total System Jitter     (TSJ):    0.071ns
    Total Input Jitter      (TIJ):    0.000ns
    Discrete Jitter          (DJ):    0.000ns
    Phase Error              (PE):    0.000ns

    Location             Delay type                Incr(ns)  Path(ns)    Netlist Resource(s)
  -------------------------------------------------------------------    -------------------
                         (clock sys_clk_pin rise edge)
                                                      0.000     0.000 r  <hidden>
                         propagated clock network latency
                                                      5.122     5.122    <hidden>
    RAMB18_X0Y12         RAMB18E1                     0.000     5.122 r  cpu_inst/instr_mem_inst/instruction_reg/CLKBWRCLK
    RAMB18_X0Y12         RAMB18E1 (Prop_ramb18e1_CLKBWRCLK_DOBDO[12])
                                                      2.454     7.576 r  cpu_inst/instr_mem_inst/instruction_reg/DOBDO[12]
                         net (fo=2, routed)           1.107     8.683    cpu_inst/instr_mem_inst/D[30]
    SLICE_X8Y27          LUT3 (Prop_lut3_I2_O)        0.150     8.833 r  cpu_inst/instr_mem_inst/if_id_reg[opcode][2]_i_1/O
                         net (fo=6, routed)           0.672     9.505    cpu_inst/instr_mem_inst/opcode[2]
    SLICE_X5Y28          LUT6 (Prop_lut6_I5_O)        0.328     9.833 f  cpu_inst/instr_mem_inst/if_id_reg[decoded_valid]_i_1/O
                         net (fo=19, routed)          0.658    10.491    cpu_inst/instr_mem_inst/decoded_stage[valid]_return
    SLICE_X5Y29          LUT5 (Prop_lut5_I1_O)        0.150    10.641 r  cpu_inst/instr_mem_inst/if_id_reg[imm_ext][14]_i_1/O
                         net (fo=44, routed)          0.811    11.452    cpu_inst/instr_mem_inst_n_34
    SLICE_X8Y29          FDRE                                         r  cpu_inst/if_id_reg_reg[imm_ext][3]/R
  -------------------------------------------------------------------    -------------------

                         (clock sys_clk_pin rise edge)
                                                      8.000     8.000 r  <hidden>
                         propagated clock network latency
                                                      4.780    12.780    <hidden>
                         clock pessimism              0.274    13.054    <hidden>
                         clock uncertainty           -0.035    13.019    <hidden>
    SLICE_X8Y29          FDRE (Setup_fdre_C_R)       -0.726    12.293    cpu_inst/if_id_reg_reg[imm_ext][3]
  -------------------------------------------------------------------
                         required time                         12.293    <hidden>
                         arrival time                         -11.452    <hidden>
  -------------------------------------------------------------------
                         slack                                  0.841    <hidden>

Slack (MET) :             0.841ns  (required time - arrival time)
  Source:                 cpu_inst/instr_mem_inst/instruction_reg/CLKBWRCLK
                            (rising edge-triggered cell RAMB18E1 clocked by sys_clk_pin  {rise@0.000ns fall@4.000ns period=8.000ns})
  Destination:            cpu_inst/if_id_reg_reg[imm_ext][4]/R
                            (rising edge-triggered cell FDRE clocked by sys_clk_pin  {rise@0.000ns fall@4.000ns period=8.000ns})
  Path Group:             sys_clk_pin
  Path Type:              Setup (Max at Slow Process Corner)
  Requirement:            8.000ns  (sys_clk_pin rise@8.000ns - sys_clk_pin rise@0.000ns)
  Data Path Delay:        6.330ns  (logic 3.082ns (48.687%)  route 3.248ns (51.313%))
  Logic Levels:           3  (LUT3=1 LUT5=1 LUT6=1)
  Clock Path Skew:        -0.067ns (DCD - SCD + CPR)
    Destination Clock Delay (DCD):    4.780ns = ( 12.780 - 8.000 ) 
    Source Clock Delay      (SCD):    5.122ns
    Clock Pessimism Removal (CPR):    0.274ns
  Clock Uncertainty:      0.035ns  ((TSJ^2 + TIJ^2)^1/2 + DJ) / 2 + PE
    Total System Jitter     (TSJ):    0.071ns
    Total Input Jitter      (TIJ):    0.000ns
    Discrete Jitter          (DJ):    0.000ns
    Phase Error              (PE):    0.000ns

    Location             Delay type                Incr(ns)  Path(ns)    Netlist Resource(s)
  -------------------------------------------------------------------    -------------------
                         (clock sys_clk_pin rise edge)
                                                      0.000     0.000 r  <hidden>
                         propagated clock network latency
                                                      5.122     5.122    <hidden>
    RAMB18_X0Y12         RAMB18E1                     0.000     5.122 r  cpu_inst/instr_mem_inst/instruction_reg/CLKBWRCLK
    RAMB18_X0Y12         RAMB18E1 (Prop_ramb18e1_CLKBWRCLK_DOBDO[12])
                                                      2.454     7.576 r  cpu_inst/instr_mem_inst/instruction_reg/DOBDO[12]
                         net (fo=2, routed)           1.107     8.683    cpu_inst/instr_mem_inst/D[30]
    SLICE_X8Y27          LUT3 (Prop_lut3_I2_O)        0.150     8.833 r  cpu_inst/instr_mem_inst/if_id_reg[opcode][2]_i_1/O
                         net (fo=6, routed)           0.672     9.505    cpu_inst/instr_mem_inst/opcode[2]
    SLICE_X5Y28          LUT6 (Prop_lut6_I5_O)        0.328     9.833 f  cpu_inst/instr_mem_inst/if_id_reg[decoded_valid]_i_1/O
                         net (fo=19, routed)          0.658    10.491    cpu_inst/instr_mem_inst/decoded_stage[valid]_return
    SLICE_X5Y29          LUT5 (Prop_lut5_I1_O)        0.150    10.641 r  cpu_inst/instr_mem_inst/if_id_reg[imm_ext][14]_i_1/O
                         net (fo=44, routed)          0.811    11.452    cpu_inst/instr_mem_inst_n_34
    SLICE_X8Y29          FDRE                                         r  cpu_inst/if_id_reg_reg[imm_ext][4]/R
  -------------------------------------------------------------------    -------------------

                         (clock sys_clk_pin rise edge)
                                                      8.000     8.000 r  <hidden>
                         propagated clock network latency
                                                      4.780    12.780    <hidden>
                         clock pessimism              0.274    13.054    <hidden>
                         clock uncertainty           -0.035    13.019    <hidden>
    SLICE_X8Y29          FDRE (Setup_fdre_C_R)       -0.726    12.293    cpu_inst/if_id_reg_reg[imm_ext][4]
  -------------------------------------------------------------------
                         required time                         12.293    <hidden>
                         arrival time                         -11.452    <hidden>
  -------------------------------------------------------------------
                         slack                                  0.841    <hidden>

Slack (MET) :             0.841ns  (required time - arrival time)
  Source:                 cpu_inst/instr_mem_inst/instruction_reg/CLKBWRCLK
                            (rising edge-triggered cell RAMB18E1 clocked by sys_clk_pin  {rise@0.000ns fall@4.000ns period=8.000ns})
  Destination:            cpu_inst/if_id_reg_reg[imm_ext][9]/R
                            (rising edge-triggered cell FDRE clocked by sys_clk_pin  {rise@0.000ns fall@4.000ns period=8.000ns})
  Path Group:             sys_clk_pin
  Path Type:              Setup (Max at Slow Process Corner)
  Requirement:            8.000ns  (sys_clk_pin rise@8.000ns - sys_clk_pin rise@0.000ns)
  Data Path Delay:        6.330ns  (logic 3.082ns (48.687%)  route 3.248ns (51.313%))
  Logic Levels:           3  (LUT3=1 LUT5=1 LUT6=1)
  Clock Path Skew:        -0.067ns (DCD - SCD + CPR)
    Destination Clock Delay (DCD):    4.780ns = ( 12.780 - 8.000 ) 
    Source Clock Delay      (SCD):    5.122ns
    Clock Pessimism Removal (CPR):    0.274ns
  Clock Uncertainty:      0.035ns  ((TSJ^2 + TIJ^2)^1/2 + DJ) / 2 + PE
    Total System Jitter     (TSJ):    0.071ns
    Total Input Jitter      (TIJ):    0.000ns
    Discrete Jitter          (DJ):    0.000ns
    Phase Error              (PE):    0.000ns

    Location             Delay type                Incr(ns)  Path(ns)    Netlist Resource(s)
  -------------------------------------------------------------------    -------------------
                         (clock sys_clk_pin rise edge)
                                                      0.000     0.000 r  <hidden>
                         propagated clock network latency
                                                      5.122     5.122    <hidden>
    RAMB18_X0Y12         RAMB18E1                     0.000     5.122 r  cpu_inst/instr_mem_inst/instruction_reg/CLKBWRCLK
    RAMB18_X0Y12         RAMB18E1 (Prop_ramb18e1_CLKBWRCLK_DOBDO[12])
                                                      2.454     7.576 r  cpu_inst/instr_mem_inst/instruction_reg/DOBDO[12]
                         net (fo=2, routed)           1.107     8.683    cpu_inst/instr_mem_inst/D[30]
    SLICE_X8Y27          LUT3 (Prop_lut3_I2_O)        0.150     8.833 r  cpu_inst/instr_mem_inst/if_id_reg[opcode][2]_i_1/O
                         net (fo=6, routed)           0.672     9.505    cpu_inst/instr_mem_inst/opcode[2]
    SLICE_X5Y28          LUT6 (Prop_lut6_I5_O)        0.328     9.833 f  cpu_inst/instr_mem_inst/if_id_reg[decoded_valid]_i_1/O
                         net (fo=19, routed)          0.658    10.491    cpu_inst/instr_mem_inst/decoded_stage[valid]_return
    SLICE_X5Y29          LUT5 (Prop_lut5_I1_O)        0.150    10.641 r  cpu_inst/instr_mem_inst/if_id_reg[imm_ext][14]_i_1/O
                         net (fo=44, routed)          0.811    11.452    cpu_inst/instr_mem_inst_n_34
    SLICE_X8Y29          FDRE                                         r  cpu_inst/if_id_reg_reg[imm_ext][9]/R
  -------------------------------------------------------------------    -------------------

                         (clock sys_clk_pin rise edge)
                                                      8.000     8.000 r  <hidden>
                         propagated clock network latency
                                                      4.780    12.780    <hidden>
                         clock pessimism              0.274    13.054    <hidden>
                         clock uncertainty           -0.035    13.019    <hidden>
    SLICE_X8Y29          FDRE (Setup_fdre_C_R)       -0.726    12.293    cpu_inst/if_id_reg_reg[imm_ext][9]
  -------------------------------------------------------------------
                         required time                         12.293    <hidden>
                         arrival time                         -11.452    <hidden>
  -------------------------------------------------------------------
                         slack                                  0.841    <hidden>

Slack (MET) :             0.847ns  (required time - arrival time)
  Source:                 cpu_inst/instr_mem_inst/instruction_reg/CLKBWRCLK
                            (rising edge-triggered cell RAMB18E1 clocked by sys_clk_pin  {rise@0.000ns fall@4.000ns period=8.000ns})
  Destination:            cpu_inst/if_id_reg_reg[imm_ext][1]/R
                            (rising edge-triggered cell FDRE clocked by sys_clk_pin  {rise@0.000ns fall@4.000ns period=8.000ns})
  Path Group:             sys_clk_pin
  Path Type:              Setup (Max at Slow Process Corner)
  Requirement:            8.000ns  (sys_clk_pin rise@8.000ns - sys_clk_pin rise@0.000ns)
  Data Path Delay:        6.323ns  (logic 3.082ns (48.743%)  route 3.241ns (51.257%))
  Logic Levels:           3  (LUT3=1 LUT5=1 LUT6=1)
  Clock Path Skew:        -0.068ns (DCD - SCD + CPR)
    Destination Clock Delay (DCD):    4.779ns = ( 12.779 - 8.000 ) 
    Source Clock Delay      (SCD):    5.122ns
    Clock Pessimism Removal (CPR):    0.274ns
  Clock Uncertainty:      0.035ns  ((TSJ^2 + TIJ^2)^1/2 + DJ) / 2 + PE
    Total System Jitter     (TSJ):    0.071ns
    Total Input Jitter      (TIJ):    0.000ns
    Discrete Jitter          (DJ):    0.000ns
    Phase Error              (PE):    0.000ns

    Location             Delay type                Incr(ns)  Path(ns)    Netlist Resource(s)
  -------------------------------------------------------------------    -------------------
                         (clock sys_clk_pin rise edge)
                                                      0.000     0.000 r  <hidden>
                         propagated clock network latency
                                                      5.122     5.122    <hidden>
    RAMB18_X0Y12         RAMB18E1                     0.000     5.122 r  cpu_inst/instr_mem_inst/instruction_reg/CLKBWRCLK
    RAMB18_X0Y12         RAMB18E1 (Prop_ramb18e1_CLKBWRCLK_DOBDO[12])
                                                      2.454     7.576 r  cpu_inst/instr_mem_inst/instruction_reg/DOBDO[12]
                         net (fo=2, routed)           1.107     8.683    cpu_inst/instr_mem_inst/D[30]
    SLICE_X8Y27          LUT3 (Prop_lut3_I2_O)        0.150     8.833 r  cpu_inst/instr_mem_inst/if_id_reg[opcode][2]_i_1/O
                         net (fo=6, routed)           0.672     9.505    cpu_inst/instr_mem_inst/opcode[2]
    SLICE_X5Y28          LUT6 (Prop_lut6_I5_O)        0.328     9.833 f  cpu_inst/instr_mem_inst/if_id_reg[decoded_valid]_i_1/O
                         net (fo=19, routed)          0.658    10.491    cpu_inst/instr_mem_inst/decoded_stage[valid]_return
    SLICE_X5Y29          LUT5 (Prop_lut5_I1_O)        0.150    10.641 r  cpu_inst/instr_mem_inst/if_id_reg[imm_ext][14]_i_1/O
                         net (fo=44, routed)          0.803    11.445    cpu_inst/instr_mem_inst_n_34
    SLICE_X8Y28          FDRE                                         r  cpu_inst/if_id_reg_reg[imm_ext][1]/R
  -------------------------------------------------------------------    -------------------

                         (clock sys_clk_pin rise edge)
                                                      8.000     8.000 r  <hidden>
                         propagated clock network latency
                                                      4.779    12.779    <hidden>
                         clock pessimism              0.274    13.053    <hidden>
                         clock uncertainty           -0.035    13.018    <hidden>
    SLICE_X8Y28          FDRE (Setup_fdre_C_R)       -0.726    12.292    cpu_inst/if_id_reg_reg[imm_ext][1]
  -------------------------------------------------------------------
                         required time                         12.292    <hidden>
                         arrival time                         -11.445    <hidden>
  -------------------------------------------------------------------
                         slack                                  0.847    <hidden>

Slack (MET) :             0.847ns  (required time - arrival time)
  Source:                 cpu_inst/instr_mem_inst/instruction_reg/CLKBWRCLK
                            (rising edge-triggered cell RAMB18E1 clocked by sys_clk_pin  {rise@0.000ns fall@4.000ns period=8.000ns})
  Destination:            cpu_inst/if_id_reg_reg[imm_ext][2]/R
                            (rising edge-triggered cell FDRE clocked by sys_clk_pin  {rise@0.000ns fall@4.000ns period=8.000ns})
  Path Group:             sys_clk_pin
  Path Type:              Setup (Max at Slow Process Corner)
  Requirement:            8.000ns  (sys_clk_pin rise@8.000ns - sys_clk_pin rise@0.000ns)
  Data Path Delay:        6.323ns  (logic 3.082ns (48.743%)  route 3.241ns (51.257%))
  Logic Levels:           3  (LUT3=1 LUT5=1 LUT6=1)
  Clock Path Skew:        -0.068ns (DCD - SCD + CPR)
    Destination Clock Delay (DCD):    4.779ns = ( 12.779 - 8.000 ) 
    Source Clock Delay      (SCD):    5.122ns
    Clock Pessimism Removal (CPR):    0.274ns
  Clock Uncertainty:      0.035ns  ((TSJ^2 + TIJ^2)^1/2 + DJ) / 2 + PE
    Total System Jitter     (TSJ):    0.071ns
    Total Input Jitter      (TIJ):    0.000ns
    Discrete Jitter          (DJ):    0.000ns
    Phase Error              (PE):    0.000ns

    Location             Delay type                Incr(ns)  Path(ns)    Netlist Resource(s)
  -------------------------------------------------------------------    -------------------
                         (clock sys_clk_pin rise edge)
                                                      0.000     0.000 r  <hidden>
                         propagated clock network latency
                                                      5.122     5.122    <hidden>
    RAMB18_X0Y12         RAMB18E1                     0.000     5.122 r  cpu_inst/instr_mem_inst/instruction_reg/CLKBWRCLK
    RAMB18_X0Y12         RAMB18E1 (Prop_ramb18e1_CLKBWRCLK_DOBDO[12])
                                                      2.454     7.576 r  cpu_inst/instr_mem_inst/instruction_reg/DOBDO[12]
                         net (fo=2, routed)           1.107     8.683    cpu_inst/instr_mem_inst/D[30]
    SLICE_X8Y27          LUT3 (Prop_lut3_I2_O)        0.150     8.833 r  cpu_inst/instr_mem_inst/if_id_reg[opcode][2]_i_1/O
                         net (fo=6, routed)           0.672     9.505    cpu_inst/instr_mem_inst/opcode[2]
    SLICE_X5Y28          LUT6 (Prop_lut6_I5_O)        0.328     9.833 f  cpu_inst/instr_mem_inst/if_id_reg[decoded_valid]_i_1/O
                         net (fo=19, routed)          0.658    10.491    cpu_inst/instr_mem_inst/decoded_stage[valid]_return
    SLICE_X5Y29          LUT5 (Prop_lut5_I1_O)        0.150    10.641 r  cpu_inst/instr_mem_inst/if_id_reg[imm_ext][14]_i_1/O
                         net (fo=44, routed)          0.803    11.445    cpu_inst/instr_mem_inst_n_34
    SLICE_X8Y28          FDRE                                         r  cpu_inst/if_id_reg_reg[imm_ext][2]/R
  -------------------------------------------------------------------    -------------------

                         (clock sys_clk_pin rise edge)
                                                      8.000     8.000 r  <hidden>
                         propagated clock network latency
                                                      4.779    12.779    <hidden>
                         clock pessimism              0.274    13.053    <hidden>
                         clock uncertainty           -0.035    13.018    <hidden>
    SLICE_X8Y28          FDRE (Setup_fdre_C_R)       -0.726    12.292    cpu_inst/if_id_reg_reg[imm_ext][2]
  -------------------------------------------------------------------
                         required time                         12.292    <hidden>
                         arrival time                         -11.445    <hidden>
  -------------------------------------------------------------------
                         slack                                  0.847    <hidden>

Slack (MET) :             0.847ns  (required time - arrival time)
  Source:                 cpu_inst/instr_mem_inst/instruction_reg/CLKBWRCLK
                            (rising edge-triggered cell RAMB18E1 clocked by sys_clk_pin  {rise@0.000ns fall@4.000ns period=8.000ns})
  Destination:            cpu_inst/if_id_reg_reg[imm_ext][7]/R
                            (rising edge-triggered cell FDRE clocked by sys_clk_pin  {rise@0.000ns fall@4.000ns period=8.000ns})
  Path Group:             sys_clk_pin
  Path Type:              Setup (Max at Slow Process Corner)
  Requirement:            8.000ns  (sys_clk_pin rise@8.000ns - sys_clk_pin rise@0.000ns)
  Data Path Delay:        6.323ns  (logic 3.082ns (48.743%)  route 3.241ns (51.257%))
  Logic Levels:           3  (LUT3=1 LUT5=1 LUT6=1)
  Clock Path Skew:        -0.068ns (DCD - SCD + CPR)
    Destination Clock Delay (DCD):    4.779ns = ( 12.779 - 8.000 ) 
    Source Clock Delay      (SCD):    5.122ns
    Clock Pessimism Removal (CPR):    0.274ns
  Clock Uncertainty:      0.035ns  ((TSJ^2 + TIJ^2)^1/2 + DJ) / 2 + PE
    Total System Jitter     (TSJ):    0.071ns
    Total Input Jitter      (TIJ):    0.000ns
    Discrete Jitter          (DJ):    0.000ns
    Phase Error              (PE):    0.000ns

    Location             Delay type                Incr(ns)  Path(ns)    Netlist Resource(s)
  -------------------------------------------------------------------    -------------------
                         (clock sys_clk_pin rise edge)
                                                      0.000     0.000 r  <hidden>
                         propagated clock network latency
                                                      5.122     5.122    <hidden>
    RAMB18_X0Y12         RAMB18E1                     0.000     5.122 r  cpu_inst/instr_mem_inst/instruction_reg/CLKBWRCLK
    RAMB18_X0Y12         RAMB18E1 (Prop_ramb18e1_CLKBWRCLK_DOBDO[12])
                                                      2.454     7.576 r  cpu_inst/instr_mem_inst/instruction_reg/DOBDO[12]
                         net (fo=2, routed)           1.107     8.683    cpu_inst/instr_mem_inst/D[30]
    SLICE_X8Y27          LUT3 (Prop_lut3_I2_O)        0.150     8.833 r  cpu_inst/instr_mem_inst/if_id_reg[opcode][2]_i_1/O
                         net (fo=6, routed)           0.672     9.505    cpu_inst/instr_mem_inst/opcode[2]
    SLICE_X5Y28          LUT6 (Prop_lut6_I5_O)        0.328     9.833 f  cpu_inst/instr_mem_inst/if_id_reg[decoded_valid]_i_1/O
                         net (fo=19, routed)          0.658    10.491    cpu_inst/instr_mem_inst/decoded_stage[valid]_return
    SLICE_X5Y29          LUT5 (Prop_lut5_I1_O)        0.150    10.641 r  cpu_inst/instr_mem_inst/if_id_reg[imm_ext][14]_i_1/O
                         net (fo=44, routed)          0.803    11.445    cpu_inst/instr_mem_inst_n_34
    SLICE_X8Y28          FDRE                                         r  cpu_inst/if_id_reg_reg[imm_ext][7]/R
  -------------------------------------------------------------------    -------------------

                         (clock sys_clk_pin rise edge)
                                                      8.000     8.000 r  <hidden>
                         propagated clock network latency
                                                      4.779    12.779    <hidden>
                         clock pessimism              0.274    13.053    <hidden>
                         clock uncertainty           -0.035    13.018    <hidden>
    SLICE_X8Y28          FDRE (Setup_fdre_C_R)       -0.726    12.292    cpu_inst/if_id_reg_reg[imm_ext][7]
  -------------------------------------------------------------------
                         required time                         12.292    <hidden>
                         arrival time                         -11.445    <hidden>
  -------------------------------------------------------------------
                         slack                                  0.847    <hidden>




