Copyright 1986-2022 Xilinx, Inc. All Rights Reserved. Copyright 2022-2026 Advanced Micro Devices, Inc. All Rights Reserved.
------------------------------------------------------------------------------------------------------------------------------------------------------------------------
| Tool Version : Vivado v.2026.1 (win64) Build 6511674 Tue Jun 16 11:02:23 MDT 2026
| Date         : Tue Jul 14 20:08:02 2026
| Host         : DESKTOP-4GB7DVJ running 64-bit major release  (build 9200)
| Command      : report_timing -max_paths 10 -path_type full -file reports/phase16c_cpu_mips_compare_impl/phase12_pipeline/timing/phase12_pipeline_impl_worst_paths.rpt
| Design       : fpga_top_cpu_mips_compare
| Device       : 7a35t-cpg236
| Speed File   : -1  PRODUCTION 1.23 2018-06-13
| Design State : Physopt postRoute
------------------------------------------------------------------------------------------------------------------------------------------------------------------------

Timing Report

Slack (MET) :             0.099ns  (required time - arrival time)
  Source:                 gen_phase12.cpu_inst/data_mem_inst/mem_reg/CLKARDCLK
                            (rising edge-triggered cell RAMB18E1 clocked by sys_clk_pin  {rise@0.000ns fall@5.000ns period=10.000ns})
  Destination:            gen_phase12.cpu_inst/fetch_buffer_pc_reg[13]/R
                            (rising edge-triggered cell FDRE clocked by sys_clk_pin  {rise@0.000ns fall@5.000ns period=10.000ns})
  Path Group:             sys_clk_pin
  Path Type:              Setup (Max at Slow Process Corner)
  Requirement:            10.000ns  (sys_clk_pin rise@10.000ns - sys_clk_pin rise@0.000ns)
  Data Path Delay:        9.423ns  (logic 4.289ns (45.517%)  route 5.134ns (54.483%))
  Logic Levels:           9  (CARRY4=2 LUT3=2 LUT4=3 LUT5=1 LUT6=1)
  Clock Path Skew:        -0.013ns (DCD - SCD + CPR)
    Destination Clock Delay (DCD):    4.858ns = ( 14.858 - 10.000 ) 
    Source Clock Delay      (SCD):    5.132ns
    Clock Pessimism Removal (CPR):    0.260ns
  Clock Uncertainty:      0.035ns  ((TSJ^2 + TIJ^2)^1/2 + DJ) / 2 + PE
    Total System Jitter     (TSJ):    0.071ns
    Total Input Jitter      (TIJ):    0.000ns
    Discrete Jitter          (DJ):    0.000ns
    Phase Error              (PE):    0.000ns

    Location             Delay type                Incr(ns)  Path(ns)    Netlist Resource(s)
  -------------------------------------------------------------------    -------------------
                         (clock sys_clk_pin rise edge)
                                                      0.000     0.000 r  <hidden>
                         propagated clock network latency
                                                      5.132     5.132    <hidden>
    RAMB18_X0Y2          RAMB18E1                     0.000     5.132 r  gen_phase12.cpu_inst/data_mem_inst/mem_reg/CLKARDCLK
    RAMB18_X0Y2          RAMB18E1 (Prop_ramb18e1_CLKARDCLK_DOPADOP[1])
                                                      2.454     7.586 r  gen_phase12.cpu_inst/data_mem_inst/mem_reg/DOPADOP[1]
                         net (fo=1, routed)           0.796     8.382    gen_phase12.cpu_inst/data_mem_inst/mem_reg_n_32
    SLICE_X11Y8          LUT3 (Prop_lut3_I0_O)        0.124     8.506 r  gen_phase12.cpu_inst/data_mem_inst/regs[1][17]_i_1/O
                         net (fo=35, routed)          0.473     8.979    gen_phase12.cpu_inst/data_mem_inst/wb_write_data[17]
    SLICE_X11Y8          LUT5 (Prop_lut5_I4_O)        0.124     9.103 r  gen_phase12.cpu_inst/data_mem_inst/ex_mem_reg[store_data][17]_i_1/O
                         net (fo=5, routed)           1.187    10.290    gen_phase12.cpu_inst/data_mem_inst/ex_store_data[17]
    SLICE_X11Y4          LUT6 (Prop_lut6_I2_O)        0.124    10.414 r  gen_phase12.cpu_inst/data_mem_inst/id_ex_reg[pc][31]_i_12/O
                         net (fo=1, routed)           0.000    10.414    gen_phase12.cpu_inst/data_mem_inst/id_ex_reg[pc][31]_i_12_n_0
    SLICE_X11Y4          CARRY4 (Prop_carry4_S[1]_CO[3])
                                                      0.550    10.964 r  gen_phase12.cpu_inst/data_mem_inst/id_ex_reg_reg[pc][31]_i_5/CO[3]
                         net (fo=1, routed)           0.000    10.964    gen_phase12.cpu_inst/data_mem_inst/id_ex_reg_reg[pc][31]_i_5_n_0
    SLICE_X11Y5          CARRY4 (Prop_carry4_CI_CO[2])
                                                      0.228    11.192 r  gen_phase12.cpu_inst/data_mem_inst/id_ex_reg_reg[pc][31]_i_4/CO[2]
                         net (fo=16, routed)          0.555    11.746    gen_phase12.cpu_inst/data_mem_inst/ex_branch_taken035_in
    SLICE_X9Y11          LUT4 (Prop_lut4_I2_O)        0.313    12.059 r  gen_phase12.cpu_inst/data_mem_inst/id_ex_reg[pc][31]_i_3/O
                         net (fo=36, routed)          0.623    12.682    gen_phase12.cpu_inst/data_mem_inst/id_ex_reg[pc][31]_i_3_n_0
    SLICE_X7Y11          LUT4 (Prop_lut4_I0_O)        0.124    12.806 f  gen_phase12.cpu_inst/data_mem_inst/redirect_pending_valid_i_2/O
                         net (fo=7, routed)           0.358    13.164    gen_phase12.cpu_inst/data_mem_inst/redirect_pending_valid_i_2_n_0
    SLICE_X6Y12          LUT4 (Prop_lut4_I1_O)        0.124    13.288 r  gen_phase12.cpu_inst/data_mem_inst/fetch_buffer_instruction[31]_i_1/O
                         net (fo=36, routed)          0.471    13.759    gen_phase12.cpu_inst/data_mem_inst/if_id_reg
    SLICE_X5Y12          LUT3 (Prop_lut3_I0_O)        0.124    13.883 r  gen_phase12.cpu_inst/data_mem_inst/fetch_buffer_pc[31]_i_1/O
                         net (fo=31, routed)          0.672    14.555    gen_phase12.cpu_inst/data_mem_inst_n_75
    SLICE_X1Y10          FDRE                                         r  gen_phase12.cpu_inst/fetch_buffer_pc_reg[13]/R
  -------------------------------------------------------------------    -------------------

                         (clock sys_clk_pin rise edge)
                                                     10.000    10.000 r  <hidden>
                         propagated clock network latency
                                                      4.858    14.858    <hidden>
                         clock pessimism              0.260    15.118    <hidden>
                         clock uncertainty           -0.035    15.083    <hidden>
    SLICE_X1Y10          FDRE (Setup_fdre_C_R)       -0.429    14.654    gen_phase12.cpu_inst/fetch_buffer_pc_reg[13]
  -------------------------------------------------------------------
                         required time                         14.654    <hidden>
                         arrival time                         -14.555    <hidden>
  -------------------------------------------------------------------
                         slack                                  0.099    <hidden>

Slack (MET) :             0.099ns  (required time - arrival time)
  Source:                 gen_phase12.cpu_inst/data_mem_inst/mem_reg/CLKARDCLK
                            (rising edge-triggered cell RAMB18E1 clocked by sys_clk_pin  {rise@0.000ns fall@5.000ns period=10.000ns})
  Destination:            gen_phase12.cpu_inst/fetch_buffer_pc_reg[23]/R
                            (rising edge-triggered cell FDRE clocked by sys_clk_pin  {rise@0.000ns fall@5.000ns period=10.000ns})
  Path Group:             sys_clk_pin
  Path Type:              Setup (Max at Slow Process Corner)
  Requirement:            10.000ns  (sys_clk_pin rise@10.000ns - sys_clk_pin rise@0.000ns)
  Data Path Delay:        9.423ns  (logic 4.289ns (45.517%)  route 5.134ns (54.483%))
  Logic Levels:           9  (CARRY4=2 LUT3=2 LUT4=3 LUT5=1 LUT6=1)
  Clock Path Skew:        -0.013ns (DCD - SCD + CPR)
    Destination Clock Delay (DCD):    4.858ns = ( 14.858 - 10.000 ) 
    Source Clock Delay      (SCD):    5.132ns
    Clock Pessimism Removal (CPR):    0.260ns
  Clock Uncertainty:      0.035ns  ((TSJ^2 + TIJ^2)^1/2 + DJ) / 2 + PE
    Total System Jitter     (TSJ):    0.071ns
    Total Input Jitter      (TIJ):    0.000ns
    Discrete Jitter          (DJ):    0.000ns
    Phase Error              (PE):    0.000ns

    Location             Delay type                Incr(ns)  Path(ns)    Netlist Resource(s)
  -------------------------------------------------------------------    -------------------
                         (clock sys_clk_pin rise edge)
                                                      0.000     0.000 r  <hidden>
                         propagated clock network latency
                                                      5.132     5.132    <hidden>
    RAMB18_X0Y2          RAMB18E1                     0.000     5.132 r  gen_phase12.cpu_inst/data_mem_inst/mem_reg/CLKARDCLK
    RAMB18_X0Y2          RAMB18E1 (Prop_ramb18e1_CLKARDCLK_DOPADOP[1])
                                                      2.454     7.586 r  gen_phase12.cpu_inst/data_mem_inst/mem_reg/DOPADOP[1]
                         net (fo=1, routed)           0.796     8.382    gen_phase12.cpu_inst/data_mem_inst/mem_reg_n_32
    SLICE_X11Y8          LUT3 (Prop_lut3_I0_O)        0.124     8.506 r  gen_phase12.cpu_inst/data_mem_inst/regs[1][17]_i_1/O
                         net (fo=35, routed)          0.473     8.979    gen_phase12.cpu_inst/data_mem_inst/wb_write_data[17]
    SLICE_X11Y8          LUT5 (Prop_lut5_I4_O)        0.124     9.103 r  gen_phase12.cpu_inst/data_mem_inst/ex_mem_reg[store_data][17]_i_1/O
                         net (fo=5, routed)           1.187    10.290    gen_phase12.cpu_inst/data_mem_inst/ex_store_data[17]
    SLICE_X11Y4          LUT6 (Prop_lut6_I2_O)        0.124    10.414 r  gen_phase12.cpu_inst/data_mem_inst/id_ex_reg[pc][31]_i_12/O
                         net (fo=1, routed)           0.000    10.414    gen_phase12.cpu_inst/data_mem_inst/id_ex_reg[pc][31]_i_12_n_0
    SLICE_X11Y4          CARRY4 (Prop_carry4_S[1]_CO[3])
                                                      0.550    10.964 r  gen_phase12.cpu_inst/data_mem_inst/id_ex_reg_reg[pc][31]_i_5/CO[3]
                         net (fo=1, routed)           0.000    10.964    gen_phase12.cpu_inst/data_mem_inst/id_ex_reg_reg[pc][31]_i_5_n_0
    SLICE_X11Y5          CARRY4 (Prop_carry4_CI_CO[2])
                                                      0.228    11.192 r  gen_phase12.cpu_inst/data_mem_inst/id_ex_reg_reg[pc][31]_i_4/CO[2]
                         net (fo=16, routed)          0.555    11.746    gen_phase12.cpu_inst/data_mem_inst/ex_branch_taken035_in
    SLICE_X9Y11          LUT4 (Prop_lut4_I2_O)        0.313    12.059 r  gen_phase12.cpu_inst/data_mem_inst/id_ex_reg[pc][31]_i_3/O
                         net (fo=36, routed)          0.623    12.682    gen_phase12.cpu_inst/data_mem_inst/id_ex_reg[pc][31]_i_3_n_0
    SLICE_X7Y11          LUT4 (Prop_lut4_I0_O)        0.124    12.806 f  gen_phase12.cpu_inst/data_mem_inst/redirect_pending_valid_i_2/O
                         net (fo=7, routed)           0.358    13.164    gen_phase12.cpu_inst/data_mem_inst/redirect_pending_valid_i_2_n_0
    SLICE_X6Y12          LUT4 (Prop_lut4_I1_O)        0.124    13.288 r  gen_phase12.cpu_inst/data_mem_inst/fetch_buffer_instruction[31]_i_1/O
                         net (fo=36, routed)          0.471    13.759    gen_phase12.cpu_inst/data_mem_inst/if_id_reg
    SLICE_X5Y12          LUT3 (Prop_lut3_I0_O)        0.124    13.883 r  gen_phase12.cpu_inst/data_mem_inst/fetch_buffer_pc[31]_i_1/O
                         net (fo=31, routed)          0.672    14.555    gen_phase12.cpu_inst/data_mem_inst_n_75
    SLICE_X1Y10          FDRE                                         r  gen_phase12.cpu_inst/fetch_buffer_pc_reg[23]/R
  -------------------------------------------------------------------    -------------------

                         (clock sys_clk_pin rise edge)
                                                     10.000    10.000 r  <hidden>
                         propagated clock network latency
                                                      4.858    14.858    <hidden>
                         clock pessimism              0.260    15.118    <hidden>
                         clock uncertainty           -0.035    15.083    <hidden>
    SLICE_X1Y10          FDRE (Setup_fdre_C_R)       -0.429    14.654    gen_phase12.cpu_inst/fetch_buffer_pc_reg[23]
  -------------------------------------------------------------------
                         required time                         14.654    <hidden>
                         arrival time                         -14.555    <hidden>
  -------------------------------------------------------------------
                         slack                                  0.099    <hidden>

Slack (MET) :             0.099ns  (required time - arrival time)
  Source:                 gen_phase12.cpu_inst/data_mem_inst/mem_reg/CLKARDCLK
                            (rising edge-triggered cell RAMB18E1 clocked by sys_clk_pin  {rise@0.000ns fall@5.000ns period=10.000ns})
  Destination:            gen_phase12.cpu_inst/fetch_buffer_pc_reg[27]/R
                            (rising edge-triggered cell FDRE clocked by sys_clk_pin  {rise@0.000ns fall@5.000ns period=10.000ns})
  Path Group:             sys_clk_pin
  Path Type:              Setup (Max at Slow Process Corner)
  Requirement:            10.000ns  (sys_clk_pin rise@10.000ns - sys_clk_pin rise@0.000ns)
  Data Path Delay:        9.423ns  (logic 4.289ns (45.517%)  route 5.134ns (54.483%))
  Logic Levels:           9  (CARRY4=2 LUT3=2 LUT4=3 LUT5=1 LUT6=1)
  Clock Path Skew:        -0.013ns (DCD - SCD + CPR)
    Destination Clock Delay (DCD):    4.858ns = ( 14.858 - 10.000 ) 
    Source Clock Delay      (SCD):    5.132ns
    Clock Pessimism Removal (CPR):    0.260ns
  Clock Uncertainty:      0.035ns  ((TSJ^2 + TIJ^2)^1/2 + DJ) / 2 + PE
    Total System Jitter     (TSJ):    0.071ns
    Total Input Jitter      (TIJ):    0.000ns
    Discrete Jitter          (DJ):    0.000ns
    Phase Error              (PE):    0.000ns

    Location             Delay type                Incr(ns)  Path(ns)    Netlist Resource(s)
  -------------------------------------------------------------------    -------------------
                         (clock sys_clk_pin rise edge)
                                                      0.000     0.000 r  <hidden>
                         propagated clock network latency
                                                      5.132     5.132    <hidden>
    RAMB18_X0Y2          RAMB18E1                     0.000     5.132 r  gen_phase12.cpu_inst/data_mem_inst/mem_reg/CLKARDCLK
    RAMB18_X0Y2          RAMB18E1 (Prop_ramb18e1_CLKARDCLK_DOPADOP[1])
                                                      2.454     7.586 r  gen_phase12.cpu_inst/data_mem_inst/mem_reg/DOPADOP[1]
                         net (fo=1, routed)           0.796     8.382    gen_phase12.cpu_inst/data_mem_inst/mem_reg_n_32
    SLICE_X11Y8          LUT3 (Prop_lut3_I0_O)        0.124     8.506 r  gen_phase12.cpu_inst/data_mem_inst/regs[1][17]_i_1/O
                         net (fo=35, routed)          0.473     8.979    gen_phase12.cpu_inst/data_mem_inst/wb_write_data[17]
    SLICE_X11Y8          LUT5 (Prop_lut5_I4_O)        0.124     9.103 r  gen_phase12.cpu_inst/data_mem_inst/ex_mem_reg[store_data][17]_i_1/O
                         net (fo=5, routed)           1.187    10.290    gen_phase12.cpu_inst/data_mem_inst/ex_store_data[17]
    SLICE_X11Y4          LUT6 (Prop_lut6_I2_O)        0.124    10.414 r  gen_phase12.cpu_inst/data_mem_inst/id_ex_reg[pc][31]_i_12/O
                         net (fo=1, routed)           0.000    10.414    gen_phase12.cpu_inst/data_mem_inst/id_ex_reg[pc][31]_i_12_n_0
    SLICE_X11Y4          CARRY4 (Prop_carry4_S[1]_CO[3])
                                                      0.550    10.964 r  gen_phase12.cpu_inst/data_mem_inst/id_ex_reg_reg[pc][31]_i_5/CO[3]
                         net (fo=1, routed)           0.000    10.964    gen_phase12.cpu_inst/data_mem_inst/id_ex_reg_reg[pc][31]_i_5_n_0
    SLICE_X11Y5          CARRY4 (Prop_carry4_CI_CO[2])
                                                      0.228    11.192 r  gen_phase12.cpu_inst/data_mem_inst/id_ex_reg_reg[pc][31]_i_4/CO[2]
                         net (fo=16, routed)          0.555    11.746    gen_phase12.cpu_inst/data_mem_inst/ex_branch_taken035_in
    SLICE_X9Y11          LUT4 (Prop_lut4_I2_O)        0.313    12.059 r  gen_phase12.cpu_inst/data_mem_inst/id_ex_reg[pc][31]_i_3/O
                         net (fo=36, routed)          0.623    12.682    gen_phase12.cpu_inst/data_mem_inst/id_ex_reg[pc][31]_i_3_n_0
    SLICE_X7Y11          LUT4 (Prop_lut4_I0_O)        0.124    12.806 f  gen_phase12.cpu_inst/data_mem_inst/redirect_pending_valid_i_2/O
                         net (fo=7, routed)           0.358    13.164    gen_phase12.cpu_inst/data_mem_inst/redirect_pending_valid_i_2_n_0
    SLICE_X6Y12          LUT4 (Prop_lut4_I1_O)        0.124    13.288 r  gen_phase12.cpu_inst/data_mem_inst/fetch_buffer_instruction[31]_i_1/O
                         net (fo=36, routed)          0.471    13.759    gen_phase12.cpu_inst/data_mem_inst/if_id_reg
    SLICE_X5Y12          LUT3 (Prop_lut3_I0_O)        0.124    13.883 r  gen_phase12.cpu_inst/data_mem_inst/fetch_buffer_pc[31]_i_1/O
                         net (fo=31, routed)          0.672    14.555    gen_phase12.cpu_inst/data_mem_inst_n_75
    SLICE_X1Y10          FDRE                                         r  gen_phase12.cpu_inst/fetch_buffer_pc_reg[27]/R
  -------------------------------------------------------------------    -------------------

                         (clock sys_clk_pin rise edge)
                                                     10.000    10.000 r  <hidden>
                         propagated clock network latency
                                                      4.858    14.858    <hidden>
                         clock pessimism              0.260    15.118    <hidden>
                         clock uncertainty           -0.035    15.083    <hidden>
    SLICE_X1Y10          FDRE (Setup_fdre_C_R)       -0.429    14.654    gen_phase12.cpu_inst/fetch_buffer_pc_reg[27]
  -------------------------------------------------------------------
                         required time                         14.654    <hidden>
                         arrival time                         -14.555    <hidden>
  -------------------------------------------------------------------
                         slack                                  0.099    <hidden>

Slack (MET) :             0.099ns  (required time - arrival time)
  Source:                 gen_phase12.cpu_inst/data_mem_inst/mem_reg/CLKARDCLK
                            (rising edge-triggered cell RAMB18E1 clocked by sys_clk_pin  {rise@0.000ns fall@5.000ns period=10.000ns})
  Destination:            gen_phase12.cpu_inst/fetch_buffer_pc_reg[28]/R
                            (rising edge-triggered cell FDRE clocked by sys_clk_pin  {rise@0.000ns fall@5.000ns period=10.000ns})
  Path Group:             sys_clk_pin
  Path Type:              Setup (Max at Slow Process Corner)
  Requirement:            10.000ns  (sys_clk_pin rise@10.000ns - sys_clk_pin rise@0.000ns)
  Data Path Delay:        9.423ns  (logic 4.289ns (45.517%)  route 5.134ns (54.483%))
  Logic Levels:           9  (CARRY4=2 LUT3=2 LUT4=3 LUT5=1 LUT6=1)
  Clock Path Skew:        -0.013ns (DCD - SCD + CPR)
    Destination Clock Delay (DCD):    4.858ns = ( 14.858 - 10.000 ) 
    Source Clock Delay      (SCD):    5.132ns
    Clock Pessimism Removal (CPR):    0.260ns
  Clock Uncertainty:      0.035ns  ((TSJ^2 + TIJ^2)^1/2 + DJ) / 2 + PE
    Total System Jitter     (TSJ):    0.071ns
    Total Input Jitter      (TIJ):    0.000ns
    Discrete Jitter          (DJ):    0.000ns
    Phase Error              (PE):    0.000ns

    Location             Delay type                Incr(ns)  Path(ns)    Netlist Resource(s)
  -------------------------------------------------------------------    -------------------
                         (clock sys_clk_pin rise edge)
                                                      0.000     0.000 r  <hidden>
                         propagated clock network latency
                                                      5.132     5.132    <hidden>
    RAMB18_X0Y2          RAMB18E1                     0.000     5.132 r  gen_phase12.cpu_inst/data_mem_inst/mem_reg/CLKARDCLK
    RAMB18_X0Y2          RAMB18E1 (Prop_ramb18e1_CLKARDCLK_DOPADOP[1])
                                                      2.454     7.586 r  gen_phase12.cpu_inst/data_mem_inst/mem_reg/DOPADOP[1]
                         net (fo=1, routed)           0.796     8.382    gen_phase12.cpu_inst/data_mem_inst/mem_reg_n_32
    SLICE_X11Y8          LUT3 (Prop_lut3_I0_O)        0.124     8.506 r  gen_phase12.cpu_inst/data_mem_inst/regs[1][17]_i_1/O
                         net (fo=35, routed)          0.473     8.979    gen_phase12.cpu_inst/data_mem_inst/wb_write_data[17]
    SLICE_X11Y8          LUT5 (Prop_lut5_I4_O)        0.124     9.103 r  gen_phase12.cpu_inst/data_mem_inst/ex_mem_reg[store_data][17]_i_1/O
                         net (fo=5, routed)           1.187    10.290    gen_phase12.cpu_inst/data_mem_inst/ex_store_data[17]
    SLICE_X11Y4          LUT6 (Prop_lut6_I2_O)        0.124    10.414 r  gen_phase12.cpu_inst/data_mem_inst/id_ex_reg[pc][31]_i_12/O
                         net (fo=1, routed)           0.000    10.414    gen_phase12.cpu_inst/data_mem_inst/id_ex_reg[pc][31]_i_12_n_0
    SLICE_X11Y4          CARRY4 (Prop_carry4_S[1]_CO[3])
                                                      0.550    10.964 r  gen_phase12.cpu_inst/data_mem_inst/id_ex_reg_reg[pc][31]_i_5/CO[3]
                         net (fo=1, routed)           0.000    10.964    gen_phase12.cpu_inst/data_mem_inst/id_ex_reg_reg[pc][31]_i_5_n_0
    SLICE_X11Y5          CARRY4 (Prop_carry4_CI_CO[2])
                                                      0.228    11.192 r  gen_phase12.cpu_inst/data_mem_inst/id_ex_reg_reg[pc][31]_i_4/CO[2]
                         net (fo=16, routed)          0.555    11.746    gen_phase12.cpu_inst/data_mem_inst/ex_branch_taken035_in
    SLICE_X9Y11          LUT4 (Prop_lut4_I2_O)        0.313    12.059 r  gen_phase12.cpu_inst/data_mem_inst/id_ex_reg[pc][31]_i_3/O
                         net (fo=36, routed)          0.623    12.682    gen_phase12.cpu_inst/data_mem_inst/id_ex_reg[pc][31]_i_3_n_0
    SLICE_X7Y11          LUT4 (Prop_lut4_I0_O)        0.124    12.806 f  gen_phase12.cpu_inst/data_mem_inst/redirect_pending_valid_i_2/O
                         net (fo=7, routed)           0.358    13.164    gen_phase12.cpu_inst/data_mem_inst/redirect_pending_valid_i_2_n_0
    SLICE_X6Y12          LUT4 (Prop_lut4_I1_O)        0.124    13.288 r  gen_phase12.cpu_inst/data_mem_inst/fetch_buffer_instruction[31]_i_1/O
                         net (fo=36, routed)          0.471    13.759    gen_phase12.cpu_inst/data_mem_inst/if_id_reg
    SLICE_X5Y12          LUT3 (Prop_lut3_I0_O)        0.124    13.883 r  gen_phase12.cpu_inst/data_mem_inst/fetch_buffer_pc[31]_i_1/O
                         net (fo=31, routed)          0.672    14.555    gen_phase12.cpu_inst/data_mem_inst_n_75
    SLICE_X1Y10          FDRE                                         r  gen_phase12.cpu_inst/fetch_buffer_pc_reg[28]/R
  -------------------------------------------------------------------    -------------------

                         (clock sys_clk_pin rise edge)
                                                     10.000    10.000 r  <hidden>
                         propagated clock network latency
                                                      4.858    14.858    <hidden>
                         clock pessimism              0.260    15.118    <hidden>
                         clock uncertainty           -0.035    15.083    <hidden>
    SLICE_X1Y10          FDRE (Setup_fdre_C_R)       -0.429    14.654    gen_phase12.cpu_inst/fetch_buffer_pc_reg[28]
  -------------------------------------------------------------------
                         required time                         14.654    <hidden>
                         arrival time                         -14.555    <hidden>
  -------------------------------------------------------------------
                         slack                                  0.099    <hidden>

Slack (MET) :             0.099ns  (required time - arrival time)
  Source:                 gen_phase12.cpu_inst/data_mem_inst/mem_reg/CLKARDCLK
                            (rising edge-triggered cell RAMB18E1 clocked by sys_clk_pin  {rise@0.000ns fall@5.000ns period=10.000ns})
  Destination:            gen_phase12.cpu_inst/fetch_buffer_pc_reg[29]/R
                            (rising edge-triggered cell FDRE clocked by sys_clk_pin  {rise@0.000ns fall@5.000ns period=10.000ns})
  Path Group:             sys_clk_pin
  Path Type:              Setup (Max at Slow Process Corner)
  Requirement:            10.000ns  (sys_clk_pin rise@10.000ns - sys_clk_pin rise@0.000ns)
  Data Path Delay:        9.423ns  (logic 4.289ns (45.517%)  route 5.134ns (54.483%))
  Logic Levels:           9  (CARRY4=2 LUT3=2 LUT4=3 LUT5=1 LUT6=1)
  Clock Path Skew:        -0.013ns (DCD - SCD + CPR)
    Destination Clock Delay (DCD):    4.858ns = ( 14.858 - 10.000 ) 
    Source Clock Delay      (SCD):    5.132ns
    Clock Pessimism Removal (CPR):    0.260ns
  Clock Uncertainty:      0.035ns  ((TSJ^2 + TIJ^2)^1/2 + DJ) / 2 + PE
    Total System Jitter     (TSJ):    0.071ns
    Total Input Jitter      (TIJ):    0.000ns
    Discrete Jitter          (DJ):    0.000ns
    Phase Error              (PE):    0.000ns

    Location             Delay type                Incr(ns)  Path(ns)    Netlist Resource(s)
  -------------------------------------------------------------------    -------------------
                         (clock sys_clk_pin rise edge)
                                                      0.000     0.000 r  <hidden>
                         propagated clock network latency
                                                      5.132     5.132    <hidden>
    RAMB18_X0Y2          RAMB18E1                     0.000     5.132 r  gen_phase12.cpu_inst/data_mem_inst/mem_reg/CLKARDCLK
    RAMB18_X0Y2          RAMB18E1 (Prop_ramb18e1_CLKARDCLK_DOPADOP[1])
                                                      2.454     7.586 r  gen_phase12.cpu_inst/data_mem_inst/mem_reg/DOPADOP[1]
                         net (fo=1, routed)           0.796     8.382    gen_phase12.cpu_inst/data_mem_inst/mem_reg_n_32
    SLICE_X11Y8          LUT3 (Prop_lut3_I0_O)        0.124     8.506 r  gen_phase12.cpu_inst/data_mem_inst/regs[1][17]_i_1/O
                         net (fo=35, routed)          0.473     8.979    gen_phase12.cpu_inst/data_mem_inst/wb_write_data[17]
    SLICE_X11Y8          LUT5 (Prop_lut5_I4_O)        0.124     9.103 r  gen_phase12.cpu_inst/data_mem_inst/ex_mem_reg[store_data][17]_i_1/O
                         net (fo=5, routed)           1.187    10.290    gen_phase12.cpu_inst/data_mem_inst/ex_store_data[17]
    SLICE_X11Y4          LUT6 (Prop_lut6_I2_O)        0.124    10.414 r  gen_phase12.cpu_inst/data_mem_inst/id_ex_reg[pc][31]_i_12/O
                         net (fo=1, routed)           0.000    10.414    gen_phase12.cpu_inst/data_mem_inst/id_ex_reg[pc][31]_i_12_n_0
    SLICE_X11Y4          CARRY4 (Prop_carry4_S[1]_CO[3])
                                                      0.550    10.964 r  gen_phase12.cpu_inst/data_mem_inst/id_ex_reg_reg[pc][31]_i_5/CO[3]
                         net (fo=1, routed)           0.000    10.964    gen_phase12.cpu_inst/data_mem_inst/id_ex_reg_reg[pc][31]_i_5_n_0
    SLICE_X11Y5          CARRY4 (Prop_carry4_CI_CO[2])
                                                      0.228    11.192 r  gen_phase12.cpu_inst/data_mem_inst/id_ex_reg_reg[pc][31]_i_4/CO[2]
                         net (fo=16, routed)          0.555    11.746    gen_phase12.cpu_inst/data_mem_inst/ex_branch_taken035_in
    SLICE_X9Y11          LUT4 (Prop_lut4_I2_O)        0.313    12.059 r  gen_phase12.cpu_inst/data_mem_inst/id_ex_reg[pc][31]_i_3/O
                         net (fo=36, routed)          0.623    12.682    gen_phase12.cpu_inst/data_mem_inst/id_ex_reg[pc][31]_i_3_n_0
    SLICE_X7Y11          LUT4 (Prop_lut4_I0_O)        0.124    12.806 f  gen_phase12.cpu_inst/data_mem_inst/redirect_pending_valid_i_2/O
                         net (fo=7, routed)           0.358    13.164    gen_phase12.cpu_inst/data_mem_inst/redirect_pending_valid_i_2_n_0
    SLICE_X6Y12          LUT4 (Prop_lut4_I1_O)        0.124    13.288 r  gen_phase12.cpu_inst/data_mem_inst/fetch_buffer_instruction[31]_i_1/O
                         net (fo=36, routed)          0.471    13.759    gen_phase12.cpu_inst/data_mem_inst/if_id_reg
    SLICE_X5Y12          LUT3 (Prop_lut3_I0_O)        0.124    13.883 r  gen_phase12.cpu_inst/data_mem_inst/fetch_buffer_pc[31]_i_1/O
                         net (fo=31, routed)          0.672    14.555    gen_phase12.cpu_inst/data_mem_inst_n_75
    SLICE_X1Y10          FDRE                                         r  gen_phase12.cpu_inst/fetch_buffer_pc_reg[29]/R
  -------------------------------------------------------------------    -------------------

                         (clock sys_clk_pin rise edge)
                                                     10.000    10.000 r  <hidden>
                         propagated clock network latency
                                                      4.858    14.858    <hidden>
                         clock pessimism              0.260    15.118    <hidden>
                         clock uncertainty           -0.035    15.083    <hidden>
    SLICE_X1Y10          FDRE (Setup_fdre_C_R)       -0.429    14.654    gen_phase12.cpu_inst/fetch_buffer_pc_reg[29]
  -------------------------------------------------------------------
                         required time                         14.654    <hidden>
                         arrival time                         -14.555    <hidden>
  -------------------------------------------------------------------
                         slack                                  0.099    <hidden>

Slack (MET) :             0.099ns  (required time - arrival time)
  Source:                 gen_phase12.cpu_inst/data_mem_inst/mem_reg/CLKARDCLK
                            (rising edge-triggered cell RAMB18E1 clocked by sys_clk_pin  {rise@0.000ns fall@5.000ns period=10.000ns})
  Destination:            gen_phase12.cpu_inst/fetch_buffer_pc_reg[4]/R
                            (rising edge-triggered cell FDRE clocked by sys_clk_pin  {rise@0.000ns fall@5.000ns period=10.000ns})
  Path Group:             sys_clk_pin
  Path Type:              Setup (Max at Slow Process Corner)
  Requirement:            10.000ns  (sys_clk_pin rise@10.000ns - sys_clk_pin rise@0.000ns)
  Data Path Delay:        9.423ns  (logic 4.289ns (45.517%)  route 5.134ns (54.483%))
  Logic Levels:           9  (CARRY4=2 LUT3=2 LUT4=3 LUT5=1 LUT6=1)
  Clock Path Skew:        -0.013ns (DCD - SCD + CPR)
    Destination Clock Delay (DCD):    4.858ns = ( 14.858 - 10.000 ) 
    Source Clock Delay      (SCD):    5.132ns
    Clock Pessimism Removal (CPR):    0.260ns
  Clock Uncertainty:      0.035ns  ((TSJ^2 + TIJ^2)^1/2 + DJ) / 2 + PE
    Total System Jitter     (TSJ):    0.071ns
    Total Input Jitter      (TIJ):    0.000ns
    Discrete Jitter          (DJ):    0.000ns
    Phase Error              (PE):    0.000ns

    Location             Delay type                Incr(ns)  Path(ns)    Netlist Resource(s)
  -------------------------------------------------------------------    -------------------
                         (clock sys_clk_pin rise edge)
                                                      0.000     0.000 r  <hidden>
                         propagated clock network latency
                                                      5.132     5.132    <hidden>
    RAMB18_X0Y2          RAMB18E1                     0.000     5.132 r  gen_phase12.cpu_inst/data_mem_inst/mem_reg/CLKARDCLK
    RAMB18_X0Y2          RAMB18E1 (Prop_ramb18e1_CLKARDCLK_DOPADOP[1])
                                                      2.454     7.586 r  gen_phase12.cpu_inst/data_mem_inst/mem_reg/DOPADOP[1]
                         net (fo=1, routed)           0.796     8.382    gen_phase12.cpu_inst/data_mem_inst/mem_reg_n_32
    SLICE_X11Y8          LUT3 (Prop_lut3_I0_O)        0.124     8.506 r  gen_phase12.cpu_inst/data_mem_inst/regs[1][17]_i_1/O
                         net (fo=35, routed)          0.473     8.979    gen_phase12.cpu_inst/data_mem_inst/wb_write_data[17]
    SLICE_X11Y8          LUT5 (Prop_lut5_I4_O)        0.124     9.103 r  gen_phase12.cpu_inst/data_mem_inst/ex_mem_reg[store_data][17]_i_1/O
                         net (fo=5, routed)           1.187    10.290    gen_phase12.cpu_inst/data_mem_inst/ex_store_data[17]
    SLICE_X11Y4          LUT6 (Prop_lut6_I2_O)        0.124    10.414 r  gen_phase12.cpu_inst/data_mem_inst/id_ex_reg[pc][31]_i_12/O
                         net (fo=1, routed)           0.000    10.414    gen_phase12.cpu_inst/data_mem_inst/id_ex_reg[pc][31]_i_12_n_0
    SLICE_X11Y4          CARRY4 (Prop_carry4_S[1]_CO[3])
                                                      0.550    10.964 r  gen_phase12.cpu_inst/data_mem_inst/id_ex_reg_reg[pc][31]_i_5/CO[3]
                         net (fo=1, routed)           0.000    10.964    gen_phase12.cpu_inst/data_mem_inst/id_ex_reg_reg[pc][31]_i_5_n_0
    SLICE_X11Y5          CARRY4 (Prop_carry4_CI_CO[2])
                                                      0.228    11.192 r  gen_phase12.cpu_inst/data_mem_inst/id_ex_reg_reg[pc][31]_i_4/CO[2]
                         net (fo=16, routed)          0.555    11.746    gen_phase12.cpu_inst/data_mem_inst/ex_branch_taken035_in
    SLICE_X9Y11          LUT4 (Prop_lut4_I2_O)        0.313    12.059 r  gen_phase12.cpu_inst/data_mem_inst/id_ex_reg[pc][31]_i_3/O
                         net (fo=36, routed)          0.623    12.682    gen_phase12.cpu_inst/data_mem_inst/id_ex_reg[pc][31]_i_3_n_0
    SLICE_X7Y11          LUT4 (Prop_lut4_I0_O)        0.124    12.806 f  gen_phase12.cpu_inst/data_mem_inst/redirect_pending_valid_i_2/O
                         net (fo=7, routed)           0.358    13.164    gen_phase12.cpu_inst/data_mem_inst/redirect_pending_valid_i_2_n_0
    SLICE_X6Y12          LUT4 (Prop_lut4_I1_O)        0.124    13.288 r  gen_phase12.cpu_inst/data_mem_inst/fetch_buffer_instruction[31]_i_1/O
                         net (fo=36, routed)          0.471    13.759    gen_phase12.cpu_inst/data_mem_inst/if_id_reg
    SLICE_X5Y12          LUT3 (Prop_lut3_I0_O)        0.124    13.883 r  gen_phase12.cpu_inst/data_mem_inst/fetch_buffer_pc[31]_i_1/O
                         net (fo=31, routed)          0.672    14.555    gen_phase12.cpu_inst/data_mem_inst_n_75
    SLICE_X1Y10          FDRE                                         r  gen_phase12.cpu_inst/fetch_buffer_pc_reg[4]/R
  -------------------------------------------------------------------    -------------------

                         (clock sys_clk_pin rise edge)
                                                     10.000    10.000 r  <hidden>
                         propagated clock network latency
                                                      4.858    14.858    <hidden>
                         clock pessimism              0.260    15.118    <hidden>
                         clock uncertainty           -0.035    15.083    <hidden>
    SLICE_X1Y10          FDRE (Setup_fdre_C_R)       -0.429    14.654    gen_phase12.cpu_inst/fetch_buffer_pc_reg[4]
  -------------------------------------------------------------------
                         required time                         14.654    <hidden>
                         arrival time                         -14.555    <hidden>
  -------------------------------------------------------------------
                         slack                                  0.099    <hidden>

Slack (MET) :             0.099ns  (required time - arrival time)
  Source:                 gen_phase12.cpu_inst/data_mem_inst/mem_reg/CLKARDCLK
                            (rising edge-triggered cell RAMB18E1 clocked by sys_clk_pin  {rise@0.000ns fall@5.000ns period=10.000ns})
  Destination:            gen_phase12.cpu_inst/fetch_buffer_pc_reg[5]/R
                            (rising edge-triggered cell FDRE clocked by sys_clk_pin  {rise@0.000ns fall@5.000ns period=10.000ns})
  Path Group:             sys_clk_pin
  Path Type:              Setup (Max at Slow Process Corner)
  Requirement:            10.000ns  (sys_clk_pin rise@10.000ns - sys_clk_pin rise@0.000ns)
  Data Path Delay:        9.423ns  (logic 4.289ns (45.517%)  route 5.134ns (54.483%))
  Logic Levels:           9  (CARRY4=2 LUT3=2 LUT4=3 LUT5=1 LUT6=1)
  Clock Path Skew:        -0.013ns (DCD - SCD + CPR)
    Destination Clock Delay (DCD):    4.858ns = ( 14.858 - 10.000 ) 
    Source Clock Delay      (SCD):    5.132ns
    Clock Pessimism Removal (CPR):    0.260ns
  Clock Uncertainty:      0.035ns  ((TSJ^2 + TIJ^2)^1/2 + DJ) / 2 + PE
    Total System Jitter     (TSJ):    0.071ns
    Total Input Jitter      (TIJ):    0.000ns
    Discrete Jitter          (DJ):    0.000ns
    Phase Error              (PE):    0.000ns

    Location             Delay type                Incr(ns)  Path(ns)    Netlist Resource(s)
  -------------------------------------------------------------------    -------------------
                         (clock sys_clk_pin rise edge)
                                                      0.000     0.000 r  <hidden>
                         propagated clock network latency
                                                      5.132     5.132    <hidden>
    RAMB18_X0Y2          RAMB18E1                     0.000     5.132 r  gen_phase12.cpu_inst/data_mem_inst/mem_reg/CLKARDCLK
    RAMB18_X0Y2          RAMB18E1 (Prop_ramb18e1_CLKARDCLK_DOPADOP[1])
                                                      2.454     7.586 r  gen_phase12.cpu_inst/data_mem_inst/mem_reg/DOPADOP[1]
                         net (fo=1, routed)           0.796     8.382    gen_phase12.cpu_inst/data_mem_inst/mem_reg_n_32
    SLICE_X11Y8          LUT3 (Prop_lut3_I0_O)        0.124     8.506 r  gen_phase12.cpu_inst/data_mem_inst/regs[1][17]_i_1/O
                         net (fo=35, routed)          0.473     8.979    gen_phase12.cpu_inst/data_mem_inst/wb_write_data[17]
    SLICE_X11Y8          LUT5 (Prop_lut5_I4_O)        0.124     9.103 r  gen_phase12.cpu_inst/data_mem_inst/ex_mem_reg[store_data][17]_i_1/O
                         net (fo=5, routed)           1.187    10.290    gen_phase12.cpu_inst/data_mem_inst/ex_store_data[17]
    SLICE_X11Y4          LUT6 (Prop_lut6_I2_O)        0.124    10.414 r  gen_phase12.cpu_inst/data_mem_inst/id_ex_reg[pc][31]_i_12/O
                         net (fo=1, routed)           0.000    10.414    gen_phase12.cpu_inst/data_mem_inst/id_ex_reg[pc][31]_i_12_n_0
    SLICE_X11Y4          CARRY4 (Prop_carry4_S[1]_CO[3])
                                                      0.550    10.964 r  gen_phase12.cpu_inst/data_mem_inst/id_ex_reg_reg[pc][31]_i_5/CO[3]
                         net (fo=1, routed)           0.000    10.964    gen_phase12.cpu_inst/data_mem_inst/id_ex_reg_reg[pc][31]_i_5_n_0
    SLICE_X11Y5          CARRY4 (Prop_carry4_CI_CO[2])
                                                      0.228    11.192 r  gen_phase12.cpu_inst/data_mem_inst/id_ex_reg_reg[pc][31]_i_4/CO[2]
                         net (fo=16, routed)          0.555    11.746    gen_phase12.cpu_inst/data_mem_inst/ex_branch_taken035_in
    SLICE_X9Y11          LUT4 (Prop_lut4_I2_O)        0.313    12.059 r  gen_phase12.cpu_inst/data_mem_inst/id_ex_reg[pc][31]_i_3/O
                         net (fo=36, routed)          0.623    12.682    gen_phase12.cpu_inst/data_mem_inst/id_ex_reg[pc][31]_i_3_n_0
    SLICE_X7Y11          LUT4 (Prop_lut4_I0_O)        0.124    12.806 f  gen_phase12.cpu_inst/data_mem_inst/redirect_pending_valid_i_2/O
                         net (fo=7, routed)           0.358    13.164    gen_phase12.cpu_inst/data_mem_inst/redirect_pending_valid_i_2_n_0
    SLICE_X6Y12          LUT4 (Prop_lut4_I1_O)        0.124    13.288 r  gen_phase12.cpu_inst/data_mem_inst/fetch_buffer_instruction[31]_i_1/O
                         net (fo=36, routed)          0.471    13.759    gen_phase12.cpu_inst/data_mem_inst/if_id_reg
    SLICE_X5Y12          LUT3 (Prop_lut3_I0_O)        0.124    13.883 r  gen_phase12.cpu_inst/data_mem_inst/fetch_buffer_pc[31]_i_1/O
                         net (fo=31, routed)          0.672    14.555    gen_phase12.cpu_inst/data_mem_inst_n_75
    SLICE_X1Y10          FDRE                                         r  gen_phase12.cpu_inst/fetch_buffer_pc_reg[5]/R
  -------------------------------------------------------------------    -------------------

                         (clock sys_clk_pin rise edge)
                                                     10.000    10.000 r  <hidden>
                         propagated clock network latency
                                                      4.858    14.858    <hidden>
                         clock pessimism              0.260    15.118    <hidden>
                         clock uncertainty           -0.035    15.083    <hidden>
    SLICE_X1Y10          FDRE (Setup_fdre_C_R)       -0.429    14.654    gen_phase12.cpu_inst/fetch_buffer_pc_reg[5]
  -------------------------------------------------------------------
                         required time                         14.654    <hidden>
                         arrival time                         -14.555    <hidden>
  -------------------------------------------------------------------
                         slack                                  0.099    <hidden>

Slack (MET) :             0.101ns  (required time - arrival time)
  Source:                 gen_phase12.cpu_inst/data_mem_inst/mem_reg/CLKARDCLK
                            (rising edge-triggered cell RAMB18E1 clocked by sys_clk_pin  {rise@0.000ns fall@5.000ns period=10.000ns})
  Destination:            gen_phase12.cpu_inst/fetch_buffer_pc_reg[19]/R
                            (rising edge-triggered cell FDRE clocked by sys_clk_pin  {rise@0.000ns fall@5.000ns period=10.000ns})
  Path Group:             sys_clk_pin
  Path Type:              Setup (Max at Slow Process Corner)
  Requirement:            10.000ns  (sys_clk_pin rise@10.000ns - sys_clk_pin rise@0.000ns)
  Data Path Delay:        9.420ns  (logic 4.289ns (45.530%)  route 5.131ns (54.470%))
  Logic Levels:           9  (CARRY4=2 LUT3=2 LUT4=3 LUT5=1 LUT6=1)
  Clock Path Skew:        -0.014ns (DCD - SCD + CPR)
    Destination Clock Delay (DCD):    4.857ns = ( 14.857 - 10.000 ) 
    Source Clock Delay      (SCD):    5.132ns
    Clock Pessimism Removal (CPR):    0.260ns
  Clock Uncertainty:      0.035ns  ((TSJ^2 + TIJ^2)^1/2 + DJ) / 2 + PE
    Total System Jitter     (TSJ):    0.071ns
    Total Input Jitter      (TIJ):    0.000ns
    Discrete Jitter          (DJ):    0.000ns
    Phase Error              (PE):    0.000ns

    Location             Delay type                Incr(ns)  Path(ns)    Netlist Resource(s)
  -------------------------------------------------------------------    -------------------
                         (clock sys_clk_pin rise edge)
                                                      0.000     0.000 r  <hidden>
                         propagated clock network latency
                                                      5.132     5.132    <hidden>
    RAMB18_X0Y2          RAMB18E1                     0.000     5.132 r  gen_phase12.cpu_inst/data_mem_inst/mem_reg/CLKARDCLK
    RAMB18_X0Y2          RAMB18E1 (Prop_ramb18e1_CLKARDCLK_DOPADOP[1])
                                                      2.454     7.586 r  gen_phase12.cpu_inst/data_mem_inst/mem_reg/DOPADOP[1]
                         net (fo=1, routed)           0.796     8.382    gen_phase12.cpu_inst/data_mem_inst/mem_reg_n_32
    SLICE_X11Y8          LUT3 (Prop_lut3_I0_O)        0.124     8.506 r  gen_phase12.cpu_inst/data_mem_inst/regs[1][17]_i_1/O
                         net (fo=35, routed)          0.473     8.979    gen_phase12.cpu_inst/data_mem_inst/wb_write_data[17]
    SLICE_X11Y8          LUT5 (Prop_lut5_I4_O)        0.124     9.103 r  gen_phase12.cpu_inst/data_mem_inst/ex_mem_reg[store_data][17]_i_1/O
                         net (fo=5, routed)           1.187    10.290    gen_phase12.cpu_inst/data_mem_inst/ex_store_data[17]
    SLICE_X11Y4          LUT6 (Prop_lut6_I2_O)        0.124    10.414 r  gen_phase12.cpu_inst/data_mem_inst/id_ex_reg[pc][31]_i_12/O
                         net (fo=1, routed)           0.000    10.414    gen_phase12.cpu_inst/data_mem_inst/id_ex_reg[pc][31]_i_12_n_0
    SLICE_X11Y4          CARRY4 (Prop_carry4_S[1]_CO[3])
                                                      0.550    10.964 r  gen_phase12.cpu_inst/data_mem_inst/id_ex_reg_reg[pc][31]_i_5/CO[3]
                         net (fo=1, routed)           0.000    10.964    gen_phase12.cpu_inst/data_mem_inst/id_ex_reg_reg[pc][31]_i_5_n_0
    SLICE_X11Y5          CARRY4 (Prop_carry4_CI_CO[2])
                                                      0.228    11.192 r  gen_phase12.cpu_inst/data_mem_inst/id_ex_reg_reg[pc][31]_i_4/CO[2]
                         net (fo=16, routed)          0.555    11.746    gen_phase12.cpu_inst/data_mem_inst/ex_branch_taken035_in
    SLICE_X9Y11          LUT4 (Prop_lut4_I2_O)        0.313    12.059 r  gen_phase12.cpu_inst/data_mem_inst/id_ex_reg[pc][31]_i_3/O
                         net (fo=36, routed)          0.623    12.682    gen_phase12.cpu_inst/data_mem_inst/id_ex_reg[pc][31]_i_3_n_0
    SLICE_X7Y11          LUT4 (Prop_lut4_I0_O)        0.124    12.806 f  gen_phase12.cpu_inst/data_mem_inst/redirect_pending_valid_i_2/O
                         net (fo=7, routed)           0.358    13.164    gen_phase12.cpu_inst/data_mem_inst/redirect_pending_valid_i_2_n_0
    SLICE_X6Y12          LUT4 (Prop_lut4_I1_O)        0.124    13.288 r  gen_phase12.cpu_inst/data_mem_inst/fetch_buffer_instruction[31]_i_1/O
                         net (fo=36, routed)          0.471    13.759    gen_phase12.cpu_inst/data_mem_inst/if_id_reg
    SLICE_X5Y12          LUT3 (Prop_lut3_I0_O)        0.124    13.883 r  gen_phase12.cpu_inst/data_mem_inst/fetch_buffer_pc[31]_i_1/O
                         net (fo=31, routed)          0.669    14.552    gen_phase12.cpu_inst/data_mem_inst_n_75
    SLICE_X1Y11          FDRE                                         r  gen_phase12.cpu_inst/fetch_buffer_pc_reg[19]/R
  -------------------------------------------------------------------    -------------------

                         (clock sys_clk_pin rise edge)
                                                     10.000    10.000 r  <hidden>
                         propagated clock network latency
                                                      4.857    14.857    <hidden>
                         clock pessimism              0.260    15.117    <hidden>
                         clock uncertainty           -0.035    15.082    <hidden>
    SLICE_X1Y11          FDRE (Setup_fdre_C_R)       -0.429    14.653    gen_phase12.cpu_inst/fetch_buffer_pc_reg[19]
  -------------------------------------------------------------------
                         required time                         14.653    <hidden>
                         arrival time                         -14.552    <hidden>
  -------------------------------------------------------------------
                         slack                                  0.101    <hidden>

Slack (MET) :             0.101ns  (required time - arrival time)
  Source:                 gen_phase12.cpu_inst/data_mem_inst/mem_reg/CLKARDCLK
                            (rising edge-triggered cell RAMB18E1 clocked by sys_clk_pin  {rise@0.000ns fall@5.000ns period=10.000ns})
  Destination:            gen_phase12.cpu_inst/fetch_buffer_pc_reg[26]/R
                            (rising edge-triggered cell FDRE clocked by sys_clk_pin  {rise@0.000ns fall@5.000ns period=10.000ns})
  Path Group:             sys_clk_pin
  Path Type:              Setup (Max at Slow Process Corner)
  Requirement:            10.000ns  (sys_clk_pin rise@10.000ns - sys_clk_pin rise@0.000ns)
  Data Path Delay:        9.420ns  (logic 4.289ns (45.530%)  route 5.131ns (54.470%))
  Logic Levels:           9  (CARRY4=2 LUT3=2 LUT4=3 LUT5=1 LUT6=1)
  Clock Path Skew:        -0.014ns (DCD - SCD + CPR)
    Destination Clock Delay (DCD):    4.857ns = ( 14.857 - 10.000 ) 
    Source Clock Delay      (SCD):    5.132ns
    Clock Pessimism Removal (CPR):    0.260ns
  Clock Uncertainty:      0.035ns  ((TSJ^2 + TIJ^2)^1/2 + DJ) / 2 + PE
    Total System Jitter     (TSJ):    0.071ns
    Total Input Jitter      (TIJ):    0.000ns
    Discrete Jitter          (DJ):    0.000ns
    Phase Error              (PE):    0.000ns

    Location             Delay type                Incr(ns)  Path(ns)    Netlist Resource(s)
  -------------------------------------------------------------------    -------------------
                         (clock sys_clk_pin rise edge)
                                                      0.000     0.000 r  <hidden>
                         propagated clock network latency
                                                      5.132     5.132    <hidden>
    RAMB18_X0Y2          RAMB18E1                     0.000     5.132 r  gen_phase12.cpu_inst/data_mem_inst/mem_reg/CLKARDCLK
    RAMB18_X0Y2          RAMB18E1 (Prop_ramb18e1_CLKARDCLK_DOPADOP[1])
                                                      2.454     7.586 r  gen_phase12.cpu_inst/data_mem_inst/mem_reg/DOPADOP[1]
                         net (fo=1, routed)           0.796     8.382    gen_phase12.cpu_inst/data_mem_inst/mem_reg_n_32
    SLICE_X11Y8          LUT3 (Prop_lut3_I0_O)        0.124     8.506 r  gen_phase12.cpu_inst/data_mem_inst/regs[1][17]_i_1/O
                         net (fo=35, routed)          0.473     8.979    gen_phase12.cpu_inst/data_mem_inst/wb_write_data[17]
    SLICE_X11Y8          LUT5 (Prop_lut5_I4_O)        0.124     9.103 r  gen_phase12.cpu_inst/data_mem_inst/ex_mem_reg[store_data][17]_i_1/O
                         net (fo=5, routed)           1.187    10.290    gen_phase12.cpu_inst/data_mem_inst/ex_store_data[17]
    SLICE_X11Y4          LUT6 (Prop_lut6_I2_O)        0.124    10.414 r  gen_phase12.cpu_inst/data_mem_inst/id_ex_reg[pc][31]_i_12/O
                         net (fo=1, routed)           0.000    10.414    gen_phase12.cpu_inst/data_mem_inst/id_ex_reg[pc][31]_i_12_n_0
    SLICE_X11Y4          CARRY4 (Prop_carry4_S[1]_CO[3])
                                                      0.550    10.964 r  gen_phase12.cpu_inst/data_mem_inst/id_ex_reg_reg[pc][31]_i_5/CO[3]
                         net (fo=1, routed)           0.000    10.964    gen_phase12.cpu_inst/data_mem_inst/id_ex_reg_reg[pc][31]_i_5_n_0
    SLICE_X11Y5          CARRY4 (Prop_carry4_CI_CO[2])
                                                      0.228    11.192 r  gen_phase12.cpu_inst/data_mem_inst/id_ex_reg_reg[pc][31]_i_4/CO[2]
                         net (fo=16, routed)          0.555    11.746    gen_phase12.cpu_inst/data_mem_inst/ex_branch_taken035_in
    SLICE_X9Y11          LUT4 (Prop_lut4_I2_O)        0.313    12.059 r  gen_phase12.cpu_inst/data_mem_inst/id_ex_reg[pc][31]_i_3/O
                         net (fo=36, routed)          0.623    12.682    gen_phase12.cpu_inst/data_mem_inst/id_ex_reg[pc][31]_i_3_n_0
    SLICE_X7Y11          LUT4 (Prop_lut4_I0_O)        0.124    12.806 f  gen_phase12.cpu_inst/data_mem_inst/redirect_pending_valid_i_2/O
                         net (fo=7, routed)           0.358    13.164    gen_phase12.cpu_inst/data_mem_inst/redirect_pending_valid_i_2_n_0
    SLICE_X6Y12          LUT4 (Prop_lut4_I1_O)        0.124    13.288 r  gen_phase12.cpu_inst/data_mem_inst/fetch_buffer_instruction[31]_i_1/O
                         net (fo=36, routed)          0.471    13.759    gen_phase12.cpu_inst/data_mem_inst/if_id_reg
    SLICE_X5Y12          LUT3 (Prop_lut3_I0_O)        0.124    13.883 r  gen_phase12.cpu_inst/data_mem_inst/fetch_buffer_pc[31]_i_1/O
                         net (fo=31, routed)          0.669    14.552    gen_phase12.cpu_inst/data_mem_inst_n_75
    SLICE_X1Y11          FDRE                                         r  gen_phase12.cpu_inst/fetch_buffer_pc_reg[26]/R
  -------------------------------------------------------------------    -------------------

                         (clock sys_clk_pin rise edge)
                                                     10.000    10.000 r  <hidden>
                         propagated clock network latency
                                                      4.857    14.857    <hidden>
                         clock pessimism              0.260    15.117    <hidden>
                         clock uncertainty           -0.035    15.082    <hidden>
    SLICE_X1Y11          FDRE (Setup_fdre_C_R)       -0.429    14.653    gen_phase12.cpu_inst/fetch_buffer_pc_reg[26]
  -------------------------------------------------------------------
                         required time                         14.653    <hidden>
                         arrival time                         -14.552    <hidden>
  -------------------------------------------------------------------
                         slack                                  0.101    <hidden>

Slack (MET) :             0.101ns  (required time - arrival time)
  Source:                 gen_phase12.cpu_inst/data_mem_inst/mem_reg/CLKARDCLK
                            (rising edge-triggered cell RAMB18E1 clocked by sys_clk_pin  {rise@0.000ns fall@5.000ns period=10.000ns})
  Destination:            gen_phase12.cpu_inst/fetch_buffer_pc_reg[2]/R
                            (rising edge-triggered cell FDRE clocked by sys_clk_pin  {rise@0.000ns fall@5.000ns period=10.000ns})
  Path Group:             sys_clk_pin
  Path Type:              Setup (Max at Slow Process Corner)
  Requirement:            10.000ns  (sys_clk_pin rise@10.000ns - sys_clk_pin rise@0.000ns)
  Data Path Delay:        9.420ns  (logic 4.289ns (45.530%)  route 5.131ns (54.470%))
  Logic Levels:           9  (CARRY4=2 LUT3=2 LUT4=3 LUT5=1 LUT6=1)
  Clock Path Skew:        -0.014ns (DCD - SCD + CPR)
    Destination Clock Delay (DCD):    4.857ns = ( 14.857 - 10.000 ) 
    Source Clock Delay      (SCD):    5.132ns
    Clock Pessimism Removal (CPR):    0.260ns
  Clock Uncertainty:      0.035ns  ((TSJ^2 + TIJ^2)^1/2 + DJ) / 2 + PE
    Total System Jitter     (TSJ):    0.071ns
    Total Input Jitter      (TIJ):    0.000ns
    Discrete Jitter          (DJ):    0.000ns
    Phase Error              (PE):    0.000ns

    Location             Delay type                Incr(ns)  Path(ns)    Netlist Resource(s)
  -------------------------------------------------------------------    -------------------
                         (clock sys_clk_pin rise edge)
                                                      0.000     0.000 r  <hidden>
                         propagated clock network latency
                                                      5.132     5.132    <hidden>
    RAMB18_X0Y2          RAMB18E1                     0.000     5.132 r  gen_phase12.cpu_inst/data_mem_inst/mem_reg/CLKARDCLK
    RAMB18_X0Y2          RAMB18E1 (Prop_ramb18e1_CLKARDCLK_DOPADOP[1])
                                                      2.454     7.586 r  gen_phase12.cpu_inst/data_mem_inst/mem_reg/DOPADOP[1]
                         net (fo=1, routed)           0.796     8.382    gen_phase12.cpu_inst/data_mem_inst/mem_reg_n_32
    SLICE_X11Y8          LUT3 (Prop_lut3_I0_O)        0.124     8.506 r  gen_phase12.cpu_inst/data_mem_inst/regs[1][17]_i_1/O
                         net (fo=35, routed)          0.473     8.979    gen_phase12.cpu_inst/data_mem_inst/wb_write_data[17]
    SLICE_X11Y8          LUT5 (Prop_lut5_I4_O)        0.124     9.103 r  gen_phase12.cpu_inst/data_mem_inst/ex_mem_reg[store_data][17]_i_1/O
                         net (fo=5, routed)           1.187    10.290    gen_phase12.cpu_inst/data_mem_inst/ex_store_data[17]
    SLICE_X11Y4          LUT6 (Prop_lut6_I2_O)        0.124    10.414 r  gen_phase12.cpu_inst/data_mem_inst/id_ex_reg[pc][31]_i_12/O
                         net (fo=1, routed)           0.000    10.414    gen_phase12.cpu_inst/data_mem_inst/id_ex_reg[pc][31]_i_12_n_0
    SLICE_X11Y4          CARRY4 (Prop_carry4_S[1]_CO[3])
                                                      0.550    10.964 r  gen_phase12.cpu_inst/data_mem_inst/id_ex_reg_reg[pc][31]_i_5/CO[3]
                         net (fo=1, routed)           0.000    10.964    gen_phase12.cpu_inst/data_mem_inst/id_ex_reg_reg[pc][31]_i_5_n_0
    SLICE_X11Y5          CARRY4 (Prop_carry4_CI_CO[2])
                                                      0.228    11.192 r  gen_phase12.cpu_inst/data_mem_inst/id_ex_reg_reg[pc][31]_i_4/CO[2]
                         net (fo=16, routed)          0.555    11.746    gen_phase12.cpu_inst/data_mem_inst/ex_branch_taken035_in
    SLICE_X9Y11          LUT4 (Prop_lut4_I2_O)        0.313    12.059 r  gen_phase12.cpu_inst/data_mem_inst/id_ex_reg[pc][31]_i_3/O
                         net (fo=36, routed)          0.623    12.682    gen_phase12.cpu_inst/data_mem_inst/id_ex_reg[pc][31]_i_3_n_0
    SLICE_X7Y11          LUT4 (Prop_lut4_I0_O)        0.124    12.806 f  gen_phase12.cpu_inst/data_mem_inst/redirect_pending_valid_i_2/O
                         net (fo=7, routed)           0.358    13.164    gen_phase12.cpu_inst/data_mem_inst/redirect_pending_valid_i_2_n_0
    SLICE_X6Y12          LUT4 (Prop_lut4_I1_O)        0.124    13.288 r  gen_phase12.cpu_inst/data_mem_inst/fetch_buffer_instruction[31]_i_1/O
                         net (fo=36, routed)          0.471    13.759    gen_phase12.cpu_inst/data_mem_inst/if_id_reg
    SLICE_X5Y12          LUT3 (Prop_lut3_I0_O)        0.124    13.883 r  gen_phase12.cpu_inst/data_mem_inst/fetch_buffer_pc[31]_i_1/O
                         net (fo=31, routed)          0.669    14.552    gen_phase12.cpu_inst/data_mem_inst_n_75
    SLICE_X1Y11          FDRE                                         r  gen_phase12.cpu_inst/fetch_buffer_pc_reg[2]/R
  -------------------------------------------------------------------    -------------------

                         (clock sys_clk_pin rise edge)
                                                     10.000    10.000 r  <hidden>
                         propagated clock network latency
                                                      4.857    14.857    <hidden>
                         clock pessimism              0.260    15.117    <hidden>
                         clock uncertainty           -0.035    15.082    <hidden>
    SLICE_X1Y11          FDRE (Setup_fdre_C_R)       -0.429    14.653    gen_phase12.cpu_inst/fetch_buffer_pc_reg[2]
  -------------------------------------------------------------------
                         required time                         14.653    <hidden>
                         arrival time                         -14.552    <hidden>
  -------------------------------------------------------------------
                         slack                                  0.101    <hidden>




