Copyright 1986-2022 Xilinx, Inc. All Rights Reserved. Copyright 2022-2026 Advanced Micro Devices, Inc. All Rights Reserved.
-----------------------------------------------------------------------------------------------------------------------------------------------------
| Tool Version : Vivado v.2026.1 (win64) Build 6511674 Tue Jun 16 11:02:23 MDT 2026
| Date         : Tue Jul 14 20:08:02 2026
| Host         : DESKTOP-4GB7DVJ running 64-bit major release  (build 9200)
| Command      : report_timing_summary -file reports/phase16c_cpu_mips_compare_impl/phase12_pipeline/timing/phase12_pipeline_impl_timing_summary.rpt
| Design       : fpga_top_cpu_mips_compare
| Device       : 7a35t-cpg236
| Speed File   : -1  PRODUCTION 1.23 2018-06-13
| Design State : Physopt postRoute
-----------------------------------------------------------------------------------------------------------------------------------------------------

Timing Summary Report

------------------------------------------------------------------------------------------------
| Timer Settings
| --------------
------------------------------------------------------------------------------------------------

  Enable Multi Corner Analysis               :  Yes
  Enable Pessimism Removal                   :  Yes
  Pessimism Removal Resolution               :  Nearest Common Node
  Enable Input Delay Default Clock           :  No
  Enable Preset / Clear Arcs                 :  No
  Disable Flight Delays                      :  No
  Ignore I/O Paths                           :  No
  Timing Early Launch at Borrowing Latches   :  No
  Borrow Time for Max Delay Exceptions       :  Yes
  Merge Timing Exceptions                    :  Yes
  Inter-SLR Compensation                     :  Conservative

  Corner  Analyze    Analyze    
  Name    Max Paths  Min Paths  
  ------  ---------  ---------  
  Slow    Yes        Yes        
  Fast    Yes        Yes        


------------------------------------------------------------------------------------------------
| Report Methodology
| ------------------
------------------------------------------------------------------------------------------------

No report available as report_methodology has not been run prior. Run report_methodology on the current design for the summary of methodology violations.



check_timing report

Table of Contents
-----------------
1. checking no_clock (0)
2. checking constant_clock (0)
3. checking pulse_width_clock (0)
4. checking unconstrained_internal_endpoints (0)
5. checking no_input_delay (3)
6. checking no_output_delay (25)
7. checking multiple_clock (0)
8. checking generated_clocks (0)
9. checking loops (0)
10. checking partial_input_delay (0)
11. checking partial_output_delay (0)
12. checking latch_loops (0)

1. checking no_clock (0)
------------------------
 There are 0 register/latch pins with no clock.


2. checking constant_clock (0)
------------------------------
 There are 0 register/latch pins with constant_clock.


3. checking pulse_width_clock (0)
---------------------------------
 There are 0 register/latch pins which need pulse_width check


4. checking unconstrained_internal_endpoints (0)
------------------------------------------------
 There are 0 pins that are not constrained for maximum delay.

 There are 0 pins that are not constrained for maximum delay due to constant clock.


5. checking no_input_delay (3)
------------------------------
 There are 3 input ports with no input delay specified. (HIGH)

 There are 0 input ports with no input delay but user has a false path constraint.


6. checking no_output_delay (25)
--------------------------------
 There are 25 ports with no output delay specified. (HIGH)

 There are 0 ports with no output delay but user has a false path constraint

 There are 0 ports with no output delay but with a timing clock defined on it or propagating through it


7. checking multiple_clock (0)
------------------------------
 There are 0 register/latch pins with multiple clocks.


8. checking generated_clocks (0)
--------------------------------
 There are 0 generated clocks that are not connected to a clock source.


9. checking loops (0)
---------------------
 There are 0 combinational loops in the design.


10. checking partial_input_delay (0)
------------------------------------
 There are 0 input ports with partial input delay specified.


11. checking partial_output_delay (0)
-------------------------------------
 There are 0 ports with partial output delay specified.


12. checking latch_loops (0)
----------------------------
 There are 0 combinational latch loops in the design through latch input



------------------------------------------------------------------------------------------------
| Design Timing Summary
| ---------------------
------------------------------------------------------------------------------------------------

    WNS(ns)      TNS(ns)  TNS Failing Endpoints  TNS Total Endpoints      WHS(ns)      THS(ns)  THS Failing Endpoints  THS Total Endpoints     WPWS(ns)     TPWS(ns)  TPWS Failing Endpoints  TPWS Total Endpoints  
    -------      -------  ---------------------  -------------------      -------      -------  ---------------------  -------------------     --------     --------  ----------------------  --------------------  
      0.099        0.000                      0                 4786        0.035        0.000                      0                 4786        4.500        0.000                       0                  1593  


All user specified timing constraints are met.


------------------------------------------------------------------------------------------------
| Clock Summary
| -------------
------------------------------------------------------------------------------------------------

Clock        Waveform(ns)       Period(ns)      Frequency(MHz)
-----        ------------       ----------      --------------
sys_clk_pin  {0.000 5.000}      10.000          100.000         


------------------------------------------------------------------------------------------------
| Intra Clock Table
| -----------------
------------------------------------------------------------------------------------------------

Clock             WNS(ns)      TNS(ns)  TNS Failing Endpoints  TNS Total Endpoints      WHS(ns)      THS(ns)  THS Failing Endpoints  THS Total Endpoints     WPWS(ns)     TPWS(ns)  TPWS Failing Endpoints  TPWS Total Endpoints  
-----             -------      -------  ---------------------  -------------------      -------      -------  ---------------------  -------------------     --------     --------  ----------------------  --------------------  
sys_clk_pin         0.099        0.000                      0                 4786        0.035        0.000                      0                 4786        4.500        0.000                       0                  1593  


------------------------------------------------------------------------------------------------
| Inter Clock Table
| -----------------
------------------------------------------------------------------------------------------------

From Clock    To Clock          WNS(ns)      TNS(ns)  TNS Failing Endpoints  TNS Total Endpoints      WHS(ns)      THS(ns)  THS Failing Endpoints  THS Total Endpoints  
----------    --------          -------      -------  ---------------------  -------------------      -------      -------  ---------------------  -------------------  


------------------------------------------------------------------------------------------------
| Other Path Groups Table
| -----------------------
------------------------------------------------------------------------------------------------

Path Group    From Clock    To Clock          WNS(ns)      TNS(ns)  TNS Failing Endpoints  TNS Total Endpoints      WHS(ns)      THS(ns)  THS Failing Endpoints  THS Total Endpoints  
----------    ----------    --------          -------      -------  ---------------------  -------------------      -------      -------  ---------------------  -------------------  


------------------------------------------------------------------------------------------------
| Timing Details
| --------------
------------------------------------------------------------------------------------------------


---------------------------------------------------------------------------------------------------
From Clock:  sys_clk_pin
  To Clock:  sys_clk_pin

Setup :            0  Failing Endpoints,  Worst Slack        0.099ns,  Total Violation        0.000ns
Hold  :            0  Failing Endpoints,  Worst Slack        0.035ns,  Total Violation        0.000ns
PW    :            0  Failing Endpoints,  Worst Slack        4.500ns,  Total Violation        0.000ns
---------------------------------------------------------------------------------------------------


Max Delay Paths
--------------------------------------------------------------------------------------
Slack (MET) :             0.099ns  (required time - arrival time)
  Source:                 gen_phase12.cpu_inst/data_mem_inst/mem_reg/CLKARDCLK
                            (rising edge-triggered cell RAMB18E1 clocked by sys_clk_pin  {rise@0.000ns fall@5.000ns period=10.000ns})
  Destination:            gen_phase12.cpu_inst/fetch_buffer_pc_reg[13]/R
                            (rising edge-triggered cell FDRE clocked by sys_clk_pin  {rise@0.000ns fall@5.000ns period=10.000ns})
  Path Group:             sys_clk_pin
  Path Type:              Setup (Max at Slow Process Corner)
  Requirement:            10.000ns  (sys_clk_pin rise@10.000ns - sys_clk_pin rise@0.000ns)
  Data Path Delay:        9.423ns  (logic 4.289ns (45.517%)  route 5.134ns (54.483%))
  Logic Levels:           9  (CARRY4=2 LUT3=2 LUT4=3 LUT5=1 LUT6=1)
  Clock Path Skew:        -0.013ns (DCD - SCD + CPR)
    Destination Clock Delay (DCD):    4.858ns = ( 14.858 - 10.000 ) 
    Source Clock Delay      (SCD):    5.132ns
    Clock Pessimism Removal (CPR):    0.260ns
  Clock Uncertainty:      0.035ns  ((TSJ^2 + TIJ^2)^1/2 + DJ) / 2 + PE
    Total System Jitter     (TSJ):    0.071ns
    Total Input Jitter      (TIJ):    0.000ns
    Discrete Jitter          (DJ):    0.000ns
    Phase Error              (PE):    0.000ns

    Location             Delay type                Incr(ns)  Path(ns)    Netlist Resource(s)
  -------------------------------------------------------------------    -------------------
                         (clock sys_clk_pin rise edge)
                                                      0.000     0.000 r  <hidden>
    W5                                                0.000     0.000 r  clk
                         net (fo=0)                   0.000     0.000    clk
    W5                   IBUF (Prop_ibuf_I_O)         1.458     1.458 r  clk_IBUF_inst/O
                         net (fo=1, routed)           1.967     3.425    clk_IBUF
    BUFGCTRL_X0Y0        BUFG (Prop_bufg_I_O)         0.096     3.521 r  clk_IBUF_BUFG_inst/O
                         net (fo=1592, routed)        1.611     5.132    gen_phase12.cpu_inst/data_mem_inst/clk_IBUF_BUFG
    RAMB18_X0Y2          RAMB18E1                                     r  gen_phase12.cpu_inst/data_mem_inst/mem_reg/CLKARDCLK
  -------------------------------------------------------------------    -------------------
    RAMB18_X0Y2          RAMB18E1 (Prop_ramb18e1_CLKARDCLK_DOPADOP[1])
                                                      2.454     7.586 r  gen_phase12.cpu_inst/data_mem_inst/mem_reg/DOPADOP[1]
                         net (fo=1, routed)           0.796     8.382    gen_phase12.cpu_inst/data_mem_inst/mem_reg_n_32
    SLICE_X11Y8          LUT3 (Prop_lut3_I0_O)        0.124     8.506 r  gen_phase12.cpu_inst/data_mem_inst/regs[1][17]_i_1/O
                         net (fo=35, routed)          0.473     8.979    gen_phase12.cpu_inst/data_mem_inst/wb_write_data[17]
    SLICE_X11Y8          LUT5 (Prop_lut5_I4_O)        0.124     9.103 r  gen_phase12.cpu_inst/data_mem_inst/ex_mem_reg[store_data][17]_i_1/O
                         net (fo=5, routed)           1.187    10.290    gen_phase12.cpu_inst/data_mem_inst/ex_store_data[17]
    SLICE_X11Y4          LUT6 (Prop_lut6_I2_O)        0.124    10.414 r  gen_phase12.cpu_inst/data_mem_inst/id_ex_reg[pc][31]_i_12/O
                         net (fo=1, routed)           0.000    10.414    gen_phase12.cpu_inst/data_mem_inst/id_ex_reg[pc][31]_i_12_n_0
    SLICE_X11Y4          CARRY4 (Prop_carry4_S[1]_CO[3])
                                                      0.550    10.964 r  gen_phase12.cpu_inst/data_mem_inst/id_ex_reg_reg[pc][31]_i_5/CO[3]
                         net (fo=1, routed)           0.000    10.964    gen_phase12.cpu_inst/data_mem_inst/id_ex_reg_reg[pc][31]_i_5_n_0
    SLICE_X11Y5          CARRY4 (Prop_carry4_CI_CO[2])
                                                      0.228    11.192 r  gen_phase12.cpu_inst/data_mem_inst/id_ex_reg_reg[pc][31]_i_4/CO[2]
                         net (fo=16, routed)          0.555    11.746    gen_phase12.cpu_inst/data_mem_inst/ex_branch_taken035_in
    SLICE_X9Y11          LUT4 (Prop_lut4_I2_O)        0.313    12.059 r  gen_phase12.cpu_inst/data_mem_inst/id_ex_reg[pc][31]_i_3/O
                         net (fo=36, routed)          0.623    12.682    gen_phase12.cpu_inst/data_mem_inst/id_ex_reg[pc][31]_i_3_n_0
    SLICE_X7Y11          LUT4 (Prop_lut4_I0_O)        0.124    12.806 f  gen_phase12.cpu_inst/data_mem_inst/redirect_pending_valid_i_2/O
                         net (fo=7, routed)           0.358    13.164    gen_phase12.cpu_inst/data_mem_inst/redirect_pending_valid_i_2_n_0
    SLICE_X6Y12          LUT4 (Prop_lut4_I1_O)        0.124    13.288 r  gen_phase12.cpu_inst/data_mem_inst/fetch_buffer_instruction[31]_i_1/O
                         net (fo=36, routed)          0.471    13.759    gen_phase12.cpu_inst/data_mem_inst/if_id_reg
    SLICE_X5Y12          LUT3 (Prop_lut3_I0_O)        0.124    13.883 r  gen_phase12.cpu_inst/data_mem_inst/fetch_buffer_pc[31]_i_1/O
                         net (fo=31, routed)          0.672    14.555    gen_phase12.cpu_inst/data_mem_inst_n_75
    SLICE_X1Y10          FDRE                                         r  gen_phase12.cpu_inst/fetch_buffer_pc_reg[13]/R
  -------------------------------------------------------------------    -------------------

                         (clock sys_clk_pin rise edge)
                                                     10.000    10.000 r  <hidden>
    W5                                                0.000    10.000 r  clk
                         net (fo=0)                   0.000    10.000    clk
    W5                   IBUF (Prop_ibuf_I_O)         1.388    11.388 r  clk_IBUF_inst/O
                         net (fo=1, routed)           1.862    13.250    clk_IBUF
    BUFGCTRL_X0Y0        BUFG (Prop_bufg_I_O)         0.091    13.341 r  clk_IBUF_BUFG_inst/O
                         net (fo=1592, routed)        1.517    14.858    gen_phase12.cpu_inst/clk_IBUF_BUFG
    SLICE_X1Y10          FDRE                                         r  gen_phase12.cpu_inst/fetch_buffer_pc_reg[13]/C
                         clock pessimism              0.260    15.118    <hidden>
                         clock uncertainty           -0.035    15.083    <hidden>
    SLICE_X1Y10          FDRE (Setup_fdre_C_R)       -0.429    14.654    gen_phase12.cpu_inst/fetch_buffer_pc_reg[13]
  -------------------------------------------------------------------
                         required time                         14.654    <hidden>
                         arrival time                         -14.555    <hidden>
  -------------------------------------------------------------------
                         slack                                  0.099    <hidden>





Min Delay Paths
--------------------------------------------------------------------------------------
Slack (MET) :             0.035ns  (arrival time - required time)
  Source:                 gen_phase12.cpu_inst/ex_mem_reg_reg[store_data][4]/C
                            (rising edge-triggered cell FDRE clocked by sys_clk_pin  {rise@0.000ns fall@5.000ns period=10.000ns})
  Destination:            gen_phase12.cpu_inst/data_mem_inst/mem_reg/DIADI[4]
                            (rising edge-triggered cell RAMB18E1 clocked by sys_clk_pin  {rise@0.000ns fall@5.000ns period=10.000ns})
  Path Group:             sys_clk_pin
  Path Type:              Hold (Min at Fast Process Corner)
  Requirement:            0.000ns  (sys_clk_pin rise@0.000ns - sys_clk_pin rise@0.000ns)
  Data Path Delay:        0.247ns  (logic 0.141ns (57.072%)  route 0.106ns (42.928%))
  Logic Levels:           0  
  Clock Path Skew:        0.057ns (DCD - SCD - CPR)
    Destination Clock Delay (DCD):    2.005ns
    Source Clock Delay      (SCD):    1.449ns
    Clock Pessimism Removal (CPR):    0.498ns

    Location             Delay type                Incr(ns)  Path(ns)    Netlist Resource(s)
  -------------------------------------------------------------------    -------------------
                         (clock sys_clk_pin rise edge)
                                                      0.000     0.000 r  <hidden>
    W5                                                0.000     0.000 r  clk
                         net (fo=0)                   0.000     0.000    clk
    W5                   IBUF (Prop_ibuf_I_O)         0.226     0.226 r  clk_IBUF_inst/O
                         net (fo=1, routed)           0.631     0.858    clk_IBUF
    BUFGCTRL_X0Y0        BUFG (Prop_bufg_I_O)         0.026     0.884 r  clk_IBUF_BUFG_inst/O
                         net (fo=1592, routed)        0.566     1.449    gen_phase12.cpu_inst/clk_IBUF_BUFG
    SLICE_X9Y5           FDRE                                         r  gen_phase12.cpu_inst/ex_mem_reg_reg[store_data][4]/C
  -------------------------------------------------------------------    -------------------
    SLICE_X9Y5           FDRE (Prop_fdre_C_Q)         0.141     1.590 r  gen_phase12.cpu_inst/ex_mem_reg_reg[store_data][4]/Q
                         net (fo=1, routed)           0.106     1.696    gen_phase12.cpu_inst/data_mem_inst/mem_reg_1[4]
    RAMB18_X0Y2          RAMB18E1                                     r  gen_phase12.cpu_inst/data_mem_inst/mem_reg/DIADI[4]
  -------------------------------------------------------------------    -------------------

                         (clock sys_clk_pin rise edge)
                                                      0.000     0.000 r  <hidden>
    W5                                                0.000     0.000 r  clk
                         net (fo=0)                   0.000     0.000    clk
    W5                   IBUF (Prop_ibuf_I_O)         0.414     0.414 r  clk_IBUF_inst/O
                         net (fo=1, routed)           0.685     1.099    clk_IBUF
    BUFGCTRL_X0Y0        BUFG (Prop_bufg_I_O)         0.029     1.128 r  clk_IBUF_BUFG_inst/O
                         net (fo=1592, routed)        0.877     2.005    gen_phase12.cpu_inst/data_mem_inst/clk_IBUF_BUFG
    RAMB18_X0Y2          RAMB18E1                                     r  gen_phase12.cpu_inst/data_mem_inst/mem_reg/CLKARDCLK
                         clock pessimism             -0.498     1.507    <hidden>
    RAMB18_X0Y2          RAMB18E1 (Hold_ramb18e1_CLKARDCLK_DIADI[4])
                                                      0.155     1.662    gen_phase12.cpu_inst/data_mem_inst/mem_reg
  -------------------------------------------------------------------
                         required time                         -1.662    <hidden>
                         arrival time                           1.696    <hidden>
  -------------------------------------------------------------------
                         slack                                  0.035    <hidden>





Pulse Width Checks
--------------------------------------------------------------------------------------
Clock Name:         sys_clk_pin
Waveform(ns):       { 0.000 5.000 }
Period(ns):         10.000
Sources:            { clk }

Check Type        Corner  Lib Pin             Reference Pin  Required(ns)  Actual(ns)  Slack(ns)  Location      Pin
Min Period        n/a     RAMB18E1/CLKARDCLK  n/a            2.944         10.000      7.056      RAMB18_X0Y2   gen_phase12.cpu_inst/data_mem_inst/mem_reg/CLKARDCLK
Low Pulse Width   Slow    FDRE/C              n/a            0.500         5.000       4.500      SLICE_X33Y27  cycle_counter_reg[0]/C
High Pulse Width  Slow    FDRE/C              n/a            0.500         5.000       4.500      SLICE_X33Y27  cycle_counter_reg[0]/C



