Copyright 1986-2022 Xilinx, Inc. All Rights Reserved. Copyright 2022-2026 Advanced Micro Devices, Inc. All Rights Reserved.
---------------------------------------------------------------------------------------------------------------------------------------------------
| Tool Version : Vivado v.2026.1 (win64) Build 6511674 Tue Jun 16 11:02:23 MDT 2026
| Date         : Sun Jul 12 13:28:20 2026
| Host         : DESKTOP-4GB7DVJ running 64-bit major release  (build 9200)
| Command      : report_timing -max_paths 10 -path_type full -file reports/phase13c_timing/timing/fpga_top_pipeline_timingopt_impl_worst_paths.rpt
| Design       : fpga_top_pipeline_timingopt
| Device       : 7a35t-cpg236
| Speed File   : -1  PRODUCTION 1.23 2018-06-13
| Design State : Routed
---------------------------------------------------------------------------------------------------------------------------------------------------

Timing Report

Slack (MET) :             0.759ns  (required time - arrival time)
  Source:                 cpu_inst/data_mem_inst/mem_reg/CLKARDCLK
                            (rising edge-triggered cell RAMB18E1 clocked by sys_clk_pin  {rise@0.000ns fall@5.000ns period=10.000ns})
  Destination:            cpu_inst/id_ex_reg_reg[operand_a][25]/R
                            (rising edge-triggered cell FDRE clocked by sys_clk_pin  {rise@0.000ns fall@5.000ns period=10.000ns})
  Path Group:             sys_clk_pin
  Path Type:              Setup (Max at Slow Process Corner)
  Requirement:            10.000ns  (sys_clk_pin rise@10.000ns - sys_clk_pin rise@0.000ns)
  Data Path Delay:        8.605ns  (logic 4.212ns (48.947%)  route 4.393ns (51.053%))
  Logic Levels:           8  (CARRY4=3 LUT3=2 LUT5=1 LUT6=2)
  Clock Path Skew:        -0.076ns (DCD - SCD + CPR)
    Destination Clock Delay (DCD):    4.777ns = ( 14.777 - 10.000 ) 
    Source Clock Delay      (SCD):    5.128ns
    Clock Pessimism Removal (CPR):    0.274ns
  Clock Uncertainty:      0.035ns  ((TSJ^2 + TIJ^2)^1/2 + DJ) / 2 + PE
    Total System Jitter     (TSJ):    0.071ns
    Total Input Jitter      (TIJ):    0.000ns
    Discrete Jitter          (DJ):    0.000ns
    Phase Error              (PE):    0.000ns

    Location             Delay type                Incr(ns)  Path(ns)    Netlist Resource(s)
  -------------------------------------------------------------------    -------------------
                         (clock sys_clk_pin rise edge)
                                                      0.000     0.000 r  <hidden>
                         propagated clock network latency
                                                      5.128     5.128    <hidden>
    RAMB18_X0Y4          RAMB18E1                     0.000     5.128 r  cpu_inst/data_mem_inst/mem_reg/CLKARDCLK
    RAMB18_X0Y4          RAMB18E1 (Prop_ramb18e1_CLKARDCLK_DOADO[11])
                                                      2.454     7.582 r  cpu_inst/data_mem_inst/mem_reg/DOADO[11]
                         net (fo=2, routed)           1.196     8.778    cpu_inst/data_mem_inst/mem_reg_n_4
    SLICE_X12Y10         LUT3 (Prop_lut3_I0_O)        0.150     8.928 r  cpu_inst/data_mem_inst/regs[1][11]_i_1/O
                         net (fo=35, routed)          0.631     9.559    cpu_inst/data_mem_inst/wb_write_data[11]
    SLICE_X11Y10         LUT5 (Prop_lut5_I4_O)        0.328     9.887 r  cpu_inst/data_mem_inst/i__carry__1_i_1__0/O
                         net (fo=6, routed)           0.841    10.728    cpu_inst/data_mem_inst/ex_mem_reg_reg[alu_result][11]
    SLICE_X8Y12          LUT6 (Prop_lut6_I4_O)        0.124    10.852 r  cpu_inst/data_mem_inst/i__carry_i_1/O
                         net (fo=1, routed)           0.000    10.852    cpu_inst/data_mem_inst_n_242
    SLICE_X8Y12          CARRY4 (Prop_carry4_S[3]_CO[3])
                                                      0.376    11.228 r  cpu_inst/ex_branch_taken0_inferred__0/i__carry/CO[3]
                         net (fo=1, routed)           0.000    11.228    cpu_inst/ex_branch_taken0_inferred__0/i__carry_n_0
    SLICE_X8Y13          CARRY4 (Prop_carry4_CI_CO[3])
                                                      0.117    11.345 r  cpu_inst/ex_branch_taken0_inferred__0/i__carry__0/CO[3]
                         net (fo=1, routed)           0.000    11.345    cpu_inst/ex_branch_taken0_inferred__0/i__carry__0_n_0
    SLICE_X8Y14          CARRY4 (Prop_carry4_CI_CO[2])
                                                      0.229    11.574 f  cpu_inst/ex_branch_taken0_inferred__0/i__carry__1/CO[2]
                         net (fo=39, routed)          0.395    11.969    cpu_inst/data_mem_inst/CO[0]
    SLICE_X9Y14          LUT6 (Prop_lut6_I4_O)        0.310    12.279 r  cpu_inst/data_mem_inst/id_ex_reg[imm_ext][12]_i_1/O
                         net (fo=130, routed)         0.546    12.825    cpu_inst/data_mem_inst/id_ex_reg_reg[valid]_1
    SLICE_X9Y15          LUT3 (Prop_lut3_I2_O)        0.124    12.949 r  cpu_inst/data_mem_inst/id_ex_reg[operand_a][31]_i_1/O
                         net (fo=32, routed)          0.784    13.733    cpu_inst/data_mem_inst_n_141
    SLICE_X8Y22          FDRE                                         r  cpu_inst/id_ex_reg_reg[operand_a][25]/R
  -------------------------------------------------------------------    -------------------

                         (clock sys_clk_pin rise edge)
                                                     10.000    10.000 r  <hidden>
                         propagated clock network latency
                                                      4.777    14.777    <hidden>
                         clock pessimism              0.274    15.051    <hidden>
                         clock uncertainty           -0.035    15.016    <hidden>
    SLICE_X8Y22          FDRE (Setup_fdre_C_R)       -0.524    14.492    cpu_inst/id_ex_reg_reg[operand_a][25]
  -------------------------------------------------------------------
                         required time                         14.492    <hidden>
                         arrival time                         -13.733    <hidden>
  -------------------------------------------------------------------
                         slack                                  0.759    <hidden>

Slack (MET) :             0.759ns  (required time - arrival time)
  Source:                 cpu_inst/data_mem_inst/mem_reg/CLKARDCLK
                            (rising edge-triggered cell RAMB18E1 clocked by sys_clk_pin  {rise@0.000ns fall@5.000ns period=10.000ns})
  Destination:            cpu_inst/id_ex_reg_reg[operand_a][30]/R
                            (rising edge-triggered cell FDRE clocked by sys_clk_pin  {rise@0.000ns fall@5.000ns period=10.000ns})
  Path Group:             sys_clk_pin
  Path Type:              Setup (Max at Slow Process Corner)
  Requirement:            10.000ns  (sys_clk_pin rise@10.000ns - sys_clk_pin rise@0.000ns)
  Data Path Delay:        8.605ns  (logic 4.212ns (48.947%)  route 4.393ns (51.053%))
  Logic Levels:           8  (CARRY4=3 LUT3=2 LUT5=1 LUT6=2)
  Clock Path Skew:        -0.076ns (DCD - SCD + CPR)
    Destination Clock Delay (DCD):    4.777ns = ( 14.777 - 10.000 ) 
    Source Clock Delay      (SCD):    5.128ns
    Clock Pessimism Removal (CPR):    0.274ns
  Clock Uncertainty:      0.035ns  ((TSJ^2 + TIJ^2)^1/2 + DJ) / 2 + PE
    Total System Jitter     (TSJ):    0.071ns
    Total Input Jitter      (TIJ):    0.000ns
    Discrete Jitter          (DJ):    0.000ns
    Phase Error              (PE):    0.000ns

    Location             Delay type                Incr(ns)  Path(ns)    Netlist Resource(s)
  -------------------------------------------------------------------    -------------------
                         (clock sys_clk_pin rise edge)
                                                      0.000     0.000 r  <hidden>
                         propagated clock network latency
                                                      5.128     5.128    <hidden>
    RAMB18_X0Y4          RAMB18E1                     0.000     5.128 r  cpu_inst/data_mem_inst/mem_reg/CLKARDCLK
    RAMB18_X0Y4          RAMB18E1 (Prop_ramb18e1_CLKARDCLK_DOADO[11])
                                                      2.454     7.582 r  cpu_inst/data_mem_inst/mem_reg/DOADO[11]
                         net (fo=2, routed)           1.196     8.778    cpu_inst/data_mem_inst/mem_reg_n_4
    SLICE_X12Y10         LUT3 (Prop_lut3_I0_O)        0.150     8.928 r  cpu_inst/data_mem_inst/regs[1][11]_i_1/O
                         net (fo=35, routed)          0.631     9.559    cpu_inst/data_mem_inst/wb_write_data[11]
    SLICE_X11Y10         LUT5 (Prop_lut5_I4_O)        0.328     9.887 r  cpu_inst/data_mem_inst/i__carry__1_i_1__0/O
                         net (fo=6, routed)           0.841    10.728    cpu_inst/data_mem_inst/ex_mem_reg_reg[alu_result][11]
    SLICE_X8Y12          LUT6 (Prop_lut6_I4_O)        0.124    10.852 r  cpu_inst/data_mem_inst/i__carry_i_1/O
                         net (fo=1, routed)           0.000    10.852    cpu_inst/data_mem_inst_n_242
    SLICE_X8Y12          CARRY4 (Prop_carry4_S[3]_CO[3])
                                                      0.376    11.228 r  cpu_inst/ex_branch_taken0_inferred__0/i__carry/CO[3]
                         net (fo=1, routed)           0.000    11.228    cpu_inst/ex_branch_taken0_inferred__0/i__carry_n_0
    SLICE_X8Y13          CARRY4 (Prop_carry4_CI_CO[3])
                                                      0.117    11.345 r  cpu_inst/ex_branch_taken0_inferred__0/i__carry__0/CO[3]
                         net (fo=1, routed)           0.000    11.345    cpu_inst/ex_branch_taken0_inferred__0/i__carry__0_n_0
    SLICE_X8Y14          CARRY4 (Prop_carry4_CI_CO[2])
                                                      0.229    11.574 f  cpu_inst/ex_branch_taken0_inferred__0/i__carry__1/CO[2]
                         net (fo=39, routed)          0.395    11.969    cpu_inst/data_mem_inst/CO[0]
    SLICE_X9Y14          LUT6 (Prop_lut6_I4_O)        0.310    12.279 r  cpu_inst/data_mem_inst/id_ex_reg[imm_ext][12]_i_1/O
                         net (fo=130, routed)         0.546    12.825    cpu_inst/data_mem_inst/id_ex_reg_reg[valid]_1
    SLICE_X9Y15          LUT3 (Prop_lut3_I2_O)        0.124    12.949 r  cpu_inst/data_mem_inst/id_ex_reg[operand_a][31]_i_1/O
                         net (fo=32, routed)          0.784    13.733    cpu_inst/data_mem_inst_n_141
    SLICE_X8Y22          FDRE                                         r  cpu_inst/id_ex_reg_reg[operand_a][30]/R
  -------------------------------------------------------------------    -------------------

                         (clock sys_clk_pin rise edge)
                                                     10.000    10.000 r  <hidden>
                         propagated clock network latency
                                                      4.777    14.777    <hidden>
                         clock pessimism              0.274    15.051    <hidden>
                         clock uncertainty           -0.035    15.016    <hidden>
    SLICE_X8Y22          FDRE (Setup_fdre_C_R)       -0.524    14.492    cpu_inst/id_ex_reg_reg[operand_a][30]
  -------------------------------------------------------------------
                         required time                         14.492    <hidden>
                         arrival time                         -13.733    <hidden>
  -------------------------------------------------------------------
                         slack                                  0.759    <hidden>

Slack (MET) :             0.759ns  (required time - arrival time)
  Source:                 cpu_inst/data_mem_inst/mem_reg/CLKARDCLK
                            (rising edge-triggered cell RAMB18E1 clocked by sys_clk_pin  {rise@0.000ns fall@5.000ns period=10.000ns})
  Destination:            cpu_inst/id_ex_reg_reg[operand_a][4]/R
                            (rising edge-triggered cell FDRE clocked by sys_clk_pin  {rise@0.000ns fall@5.000ns period=10.000ns})
  Path Group:             sys_clk_pin
  Path Type:              Setup (Max at Slow Process Corner)
  Requirement:            10.000ns  (sys_clk_pin rise@10.000ns - sys_clk_pin rise@0.000ns)
  Data Path Delay:        8.605ns  (logic 4.212ns (48.947%)  route 4.393ns (51.053%))
  Logic Levels:           8  (CARRY4=3 LUT3=2 LUT5=1 LUT6=2)
  Clock Path Skew:        -0.076ns (DCD - SCD + CPR)
    Destination Clock Delay (DCD):    4.777ns = ( 14.777 - 10.000 ) 
    Source Clock Delay      (SCD):    5.128ns
    Clock Pessimism Removal (CPR):    0.274ns
  Clock Uncertainty:      0.035ns  ((TSJ^2 + TIJ^2)^1/2 + DJ) / 2 + PE
    Total System Jitter     (TSJ):    0.071ns
    Total Input Jitter      (TIJ):    0.000ns
    Discrete Jitter          (DJ):    0.000ns
    Phase Error              (PE):    0.000ns

    Location             Delay type                Incr(ns)  Path(ns)    Netlist Resource(s)
  -------------------------------------------------------------------    -------------------
                         (clock sys_clk_pin rise edge)
                                                      0.000     0.000 r  <hidden>
                         propagated clock network latency
                                                      5.128     5.128    <hidden>
    RAMB18_X0Y4          RAMB18E1                     0.000     5.128 r  cpu_inst/data_mem_inst/mem_reg/CLKARDCLK
    RAMB18_X0Y4          RAMB18E1 (Prop_ramb18e1_CLKARDCLK_DOADO[11])
                                                      2.454     7.582 r  cpu_inst/data_mem_inst/mem_reg/DOADO[11]
                         net (fo=2, routed)           1.196     8.778    cpu_inst/data_mem_inst/mem_reg_n_4
    SLICE_X12Y10         LUT3 (Prop_lut3_I0_O)        0.150     8.928 r  cpu_inst/data_mem_inst/regs[1][11]_i_1/O
                         net (fo=35, routed)          0.631     9.559    cpu_inst/data_mem_inst/wb_write_data[11]
    SLICE_X11Y10         LUT5 (Prop_lut5_I4_O)        0.328     9.887 r  cpu_inst/data_mem_inst/i__carry__1_i_1__0/O
                         net (fo=6, routed)           0.841    10.728    cpu_inst/data_mem_inst/ex_mem_reg_reg[alu_result][11]
    SLICE_X8Y12          LUT6 (Prop_lut6_I4_O)        0.124    10.852 r  cpu_inst/data_mem_inst/i__carry_i_1/O
                         net (fo=1, routed)           0.000    10.852    cpu_inst/data_mem_inst_n_242
    SLICE_X8Y12          CARRY4 (Prop_carry4_S[3]_CO[3])
                                                      0.376    11.228 r  cpu_inst/ex_branch_taken0_inferred__0/i__carry/CO[3]
                         net (fo=1, routed)           0.000    11.228    cpu_inst/ex_branch_taken0_inferred__0/i__carry_n_0
    SLICE_X8Y13          CARRY4 (Prop_carry4_CI_CO[3])
                                                      0.117    11.345 r  cpu_inst/ex_branch_taken0_inferred__0/i__carry__0/CO[3]
                         net (fo=1, routed)           0.000    11.345    cpu_inst/ex_branch_taken0_inferred__0/i__carry__0_n_0
    SLICE_X8Y14          CARRY4 (Prop_carry4_CI_CO[2])
                                                      0.229    11.574 f  cpu_inst/ex_branch_taken0_inferred__0/i__carry__1/CO[2]
                         net (fo=39, routed)          0.395    11.969    cpu_inst/data_mem_inst/CO[0]
    SLICE_X9Y14          LUT6 (Prop_lut6_I4_O)        0.310    12.279 r  cpu_inst/data_mem_inst/id_ex_reg[imm_ext][12]_i_1/O
                         net (fo=130, routed)         0.546    12.825    cpu_inst/data_mem_inst/id_ex_reg_reg[valid]_1
    SLICE_X9Y15          LUT3 (Prop_lut3_I2_O)        0.124    12.949 r  cpu_inst/data_mem_inst/id_ex_reg[operand_a][31]_i_1/O
                         net (fo=32, routed)          0.784    13.733    cpu_inst/data_mem_inst_n_141
    SLICE_X8Y22          FDRE                                         r  cpu_inst/id_ex_reg_reg[operand_a][4]/R
  -------------------------------------------------------------------    -------------------

                         (clock sys_clk_pin rise edge)
                                                     10.000    10.000 r  <hidden>
                         propagated clock network latency
                                                      4.777    14.777    <hidden>
                         clock pessimism              0.274    15.051    <hidden>
                         clock uncertainty           -0.035    15.016    <hidden>
    SLICE_X8Y22          FDRE (Setup_fdre_C_R)       -0.524    14.492    cpu_inst/id_ex_reg_reg[operand_a][4]
  -------------------------------------------------------------------
                         required time                         14.492    <hidden>
                         arrival time                         -13.733    <hidden>
  -------------------------------------------------------------------
                         slack                                  0.759    <hidden>

Slack (MET) :             0.767ns  (required time - arrival time)
  Source:                 cpu_inst/data_mem_inst/mem_reg/CLKARDCLK
                            (rising edge-triggered cell RAMB18E1 clocked by sys_clk_pin  {rise@0.000ns fall@5.000ns period=10.000ns})
  Destination:            cpu_inst/id_ex_reg_reg[operand_a][14]/R
                            (rising edge-triggered cell FDRE clocked by sys_clk_pin  {rise@0.000ns fall@5.000ns period=10.000ns})
  Path Group:             sys_clk_pin
  Path Type:              Setup (Max at Slow Process Corner)
  Requirement:            10.000ns  (sys_clk_pin rise@10.000ns - sys_clk_pin rise@0.000ns)
  Data Path Delay:        8.592ns  (logic 4.212ns (49.021%)  route 4.380ns (50.979%))
  Logic Levels:           8  (CARRY4=3 LUT3=2 LUT5=1 LUT6=2)
  Clock Path Skew:        -0.081ns (DCD - SCD + CPR)
    Destination Clock Delay (DCD):    4.786ns = ( 14.786 - 10.000 ) 
    Source Clock Delay      (SCD):    5.128ns
    Clock Pessimism Removal (CPR):    0.260ns
  Clock Uncertainty:      0.035ns  ((TSJ^2 + TIJ^2)^1/2 + DJ) / 2 + PE
    Total System Jitter     (TSJ):    0.071ns
    Total Input Jitter      (TIJ):    0.000ns
    Discrete Jitter          (DJ):    0.000ns
    Phase Error              (PE):    0.000ns

    Location             Delay type                Incr(ns)  Path(ns)    Netlist Resource(s)
  -------------------------------------------------------------------    -------------------
                         (clock sys_clk_pin rise edge)
                                                      0.000     0.000 r  <hidden>
                         propagated clock network latency
                                                      5.128     5.128    <hidden>
    RAMB18_X0Y4          RAMB18E1                     0.000     5.128 r  cpu_inst/data_mem_inst/mem_reg/CLKARDCLK
    RAMB18_X0Y4          RAMB18E1 (Prop_ramb18e1_CLKARDCLK_DOADO[11])
                                                      2.454     7.582 r  cpu_inst/data_mem_inst/mem_reg/DOADO[11]
                         net (fo=2, routed)           1.196     8.778    cpu_inst/data_mem_inst/mem_reg_n_4
    SLICE_X12Y10         LUT3 (Prop_lut3_I0_O)        0.150     8.928 r  cpu_inst/data_mem_inst/regs[1][11]_i_1/O
                         net (fo=35, routed)          0.631     9.559    cpu_inst/data_mem_inst/wb_write_data[11]
    SLICE_X11Y10         LUT5 (Prop_lut5_I4_O)        0.328     9.887 r  cpu_inst/data_mem_inst/i__carry__1_i_1__0/O
                         net (fo=6, routed)           0.841    10.728    cpu_inst/data_mem_inst/ex_mem_reg_reg[alu_result][11]
    SLICE_X8Y12          LUT6 (Prop_lut6_I4_O)        0.124    10.852 r  cpu_inst/data_mem_inst/i__carry_i_1/O
                         net (fo=1, routed)           0.000    10.852    cpu_inst/data_mem_inst_n_242
    SLICE_X8Y12          CARRY4 (Prop_carry4_S[3]_CO[3])
                                                      0.376    11.228 r  cpu_inst/ex_branch_taken0_inferred__0/i__carry/CO[3]
                         net (fo=1, routed)           0.000    11.228    cpu_inst/ex_branch_taken0_inferred__0/i__carry_n_0
    SLICE_X8Y13          CARRY4 (Prop_carry4_CI_CO[3])
                                                      0.117    11.345 r  cpu_inst/ex_branch_taken0_inferred__0/i__carry__0/CO[3]
                         net (fo=1, routed)           0.000    11.345    cpu_inst/ex_branch_taken0_inferred__0/i__carry__0_n_0
    SLICE_X8Y14          CARRY4 (Prop_carry4_CI_CO[2])
                                                      0.229    11.574 f  cpu_inst/ex_branch_taken0_inferred__0/i__carry__1/CO[2]
                         net (fo=39, routed)          0.395    11.969    cpu_inst/data_mem_inst/CO[0]
    SLICE_X9Y14          LUT6 (Prop_lut6_I4_O)        0.310    12.279 r  cpu_inst/data_mem_inst/id_ex_reg[imm_ext][12]_i_1/O
                         net (fo=130, routed)         0.546    12.825    cpu_inst/data_mem_inst/id_ex_reg_reg[valid]_1
    SLICE_X9Y15          LUT3 (Prop_lut3_I2_O)        0.124    12.949 r  cpu_inst/data_mem_inst/id_ex_reg[operand_a][31]_i_1/O
                         net (fo=32, routed)          0.771    13.720    cpu_inst/data_mem_inst_n_141
    SLICE_X12Y13         FDRE                                         r  cpu_inst/id_ex_reg_reg[operand_a][14]/R
  -------------------------------------------------------------------    -------------------

                         (clock sys_clk_pin rise edge)
                                                     10.000    10.000 r  <hidden>
                         propagated clock network latency
                                                      4.786    14.786    <hidden>
                         clock pessimism              0.260    15.046    <hidden>
                         clock uncertainty           -0.035    15.011    <hidden>
    SLICE_X12Y13         FDRE (Setup_fdre_C_R)       -0.524    14.487    cpu_inst/id_ex_reg_reg[operand_a][14]
  -------------------------------------------------------------------
                         required time                         14.487    <hidden>
                         arrival time                         -13.720    <hidden>
  -------------------------------------------------------------------
                         slack                                  0.767    <hidden>

Slack (MET) :             0.767ns  (required time - arrival time)
  Source:                 cpu_inst/data_mem_inst/mem_reg/CLKARDCLK
                            (rising edge-triggered cell RAMB18E1 clocked by sys_clk_pin  {rise@0.000ns fall@5.000ns period=10.000ns})
  Destination:            cpu_inst/id_ex_reg_reg[operand_a][18]/R
                            (rising edge-triggered cell FDRE clocked by sys_clk_pin  {rise@0.000ns fall@5.000ns period=10.000ns})
  Path Group:             sys_clk_pin
  Path Type:              Setup (Max at Slow Process Corner)
  Requirement:            10.000ns  (sys_clk_pin rise@10.000ns - sys_clk_pin rise@0.000ns)
  Data Path Delay:        8.592ns  (logic 4.212ns (49.021%)  route 4.380ns (50.979%))
  Logic Levels:           8  (CARRY4=3 LUT3=2 LUT5=1 LUT6=2)
  Clock Path Skew:        -0.081ns (DCD - SCD + CPR)
    Destination Clock Delay (DCD):    4.786ns = ( 14.786 - 10.000 ) 
    Source Clock Delay      (SCD):    5.128ns
    Clock Pessimism Removal (CPR):    0.260ns
  Clock Uncertainty:      0.035ns  ((TSJ^2 + TIJ^2)^1/2 + DJ) / 2 + PE
    Total System Jitter     (TSJ):    0.071ns
    Total Input Jitter      (TIJ):    0.000ns
    Discrete Jitter          (DJ):    0.000ns
    Phase Error              (PE):    0.000ns

    Location             Delay type                Incr(ns)  Path(ns)    Netlist Resource(s)
  -------------------------------------------------------------------    -------------------
                         (clock sys_clk_pin rise edge)
                                                      0.000     0.000 r  <hidden>
                         propagated clock network latency
                                                      5.128     5.128    <hidden>
    RAMB18_X0Y4          RAMB18E1                     0.000     5.128 r  cpu_inst/data_mem_inst/mem_reg/CLKARDCLK
    RAMB18_X0Y4          RAMB18E1 (Prop_ramb18e1_CLKARDCLK_DOADO[11])
                                                      2.454     7.582 r  cpu_inst/data_mem_inst/mem_reg/DOADO[11]
                         net (fo=2, routed)           1.196     8.778    cpu_inst/data_mem_inst/mem_reg_n_4
    SLICE_X12Y10         LUT3 (Prop_lut3_I0_O)        0.150     8.928 r  cpu_inst/data_mem_inst/regs[1][11]_i_1/O
                         net (fo=35, routed)          0.631     9.559    cpu_inst/data_mem_inst/wb_write_data[11]
    SLICE_X11Y10         LUT5 (Prop_lut5_I4_O)        0.328     9.887 r  cpu_inst/data_mem_inst/i__carry__1_i_1__0/O
                         net (fo=6, routed)           0.841    10.728    cpu_inst/data_mem_inst/ex_mem_reg_reg[alu_result][11]
    SLICE_X8Y12          LUT6 (Prop_lut6_I4_O)        0.124    10.852 r  cpu_inst/data_mem_inst/i__carry_i_1/O
                         net (fo=1, routed)           0.000    10.852    cpu_inst/data_mem_inst_n_242
    SLICE_X8Y12          CARRY4 (Prop_carry4_S[3]_CO[3])
                                                      0.376    11.228 r  cpu_inst/ex_branch_taken0_inferred__0/i__carry/CO[3]
                         net (fo=1, routed)           0.000    11.228    cpu_inst/ex_branch_taken0_inferred__0/i__carry_n_0
    SLICE_X8Y13          CARRY4 (Prop_carry4_CI_CO[3])
                                                      0.117    11.345 r  cpu_inst/ex_branch_taken0_inferred__0/i__carry__0/CO[3]
                         net (fo=1, routed)           0.000    11.345    cpu_inst/ex_branch_taken0_inferred__0/i__carry__0_n_0
    SLICE_X8Y14          CARRY4 (Prop_carry4_CI_CO[2])
                                                      0.229    11.574 f  cpu_inst/ex_branch_taken0_inferred__0/i__carry__1/CO[2]
                         net (fo=39, routed)          0.395    11.969    cpu_inst/data_mem_inst/CO[0]
    SLICE_X9Y14          LUT6 (Prop_lut6_I4_O)        0.310    12.279 r  cpu_inst/data_mem_inst/id_ex_reg[imm_ext][12]_i_1/O
                         net (fo=130, routed)         0.546    12.825    cpu_inst/data_mem_inst/id_ex_reg_reg[valid]_1
    SLICE_X9Y15          LUT3 (Prop_lut3_I2_O)        0.124    12.949 r  cpu_inst/data_mem_inst/id_ex_reg[operand_a][31]_i_1/O
                         net (fo=32, routed)          0.771    13.720    cpu_inst/data_mem_inst_n_141
    SLICE_X12Y13         FDRE                                         r  cpu_inst/id_ex_reg_reg[operand_a][18]/R
  -------------------------------------------------------------------    -------------------

                         (clock sys_clk_pin rise edge)
                                                     10.000    10.000 r  <hidden>
                         propagated clock network latency
                                                      4.786    14.786    <hidden>
                         clock pessimism              0.260    15.046    <hidden>
                         clock uncertainty           -0.035    15.011    <hidden>
    SLICE_X12Y13         FDRE (Setup_fdre_C_R)       -0.524    14.487    cpu_inst/id_ex_reg_reg[operand_a][18]
  -------------------------------------------------------------------
                         required time                         14.487    <hidden>
                         arrival time                         -13.720    <hidden>
  -------------------------------------------------------------------
                         slack                                  0.767    <hidden>

Slack (MET) :             0.767ns  (required time - arrival time)
  Source:                 cpu_inst/data_mem_inst/mem_reg/CLKARDCLK
                            (rising edge-triggered cell RAMB18E1 clocked by sys_clk_pin  {rise@0.000ns fall@5.000ns period=10.000ns})
  Destination:            cpu_inst/id_ex_reg_reg[operand_a][19]/R
                            (rising edge-triggered cell FDRE clocked by sys_clk_pin  {rise@0.000ns fall@5.000ns period=10.000ns})
  Path Group:             sys_clk_pin
  Path Type:              Setup (Max at Slow Process Corner)
  Requirement:            10.000ns  (sys_clk_pin rise@10.000ns - sys_clk_pin rise@0.000ns)
  Data Path Delay:        8.592ns  (logic 4.212ns (49.021%)  route 4.380ns (50.979%))
  Logic Levels:           8  (CARRY4=3 LUT3=2 LUT5=1 LUT6=2)
  Clock Path Skew:        -0.081ns (DCD - SCD + CPR)
    Destination Clock Delay (DCD):    4.786ns = ( 14.786 - 10.000 ) 
    Source Clock Delay      (SCD):    5.128ns
    Clock Pessimism Removal (CPR):    0.260ns
  Clock Uncertainty:      0.035ns  ((TSJ^2 + TIJ^2)^1/2 + DJ) / 2 + PE
    Total System Jitter     (TSJ):    0.071ns
    Total Input Jitter      (TIJ):    0.000ns
    Discrete Jitter          (DJ):    0.000ns
    Phase Error              (PE):    0.000ns

    Location             Delay type                Incr(ns)  Path(ns)    Netlist Resource(s)
  -------------------------------------------------------------------    -------------------
                         (clock sys_clk_pin rise edge)
                                                      0.000     0.000 r  <hidden>
                         propagated clock network latency
                                                      5.128     5.128    <hidden>
    RAMB18_X0Y4          RAMB18E1                     0.000     5.128 r  cpu_inst/data_mem_inst/mem_reg/CLKARDCLK
    RAMB18_X0Y4          RAMB18E1 (Prop_ramb18e1_CLKARDCLK_DOADO[11])
                                                      2.454     7.582 r  cpu_inst/data_mem_inst/mem_reg/DOADO[11]
                         net (fo=2, routed)           1.196     8.778    cpu_inst/data_mem_inst/mem_reg_n_4
    SLICE_X12Y10         LUT3 (Prop_lut3_I0_O)        0.150     8.928 r  cpu_inst/data_mem_inst/regs[1][11]_i_1/O
                         net (fo=35, routed)          0.631     9.559    cpu_inst/data_mem_inst/wb_write_data[11]
    SLICE_X11Y10         LUT5 (Prop_lut5_I4_O)        0.328     9.887 r  cpu_inst/data_mem_inst/i__carry__1_i_1__0/O
                         net (fo=6, routed)           0.841    10.728    cpu_inst/data_mem_inst/ex_mem_reg_reg[alu_result][11]
    SLICE_X8Y12          LUT6 (Prop_lut6_I4_O)        0.124    10.852 r  cpu_inst/data_mem_inst/i__carry_i_1/O
                         net (fo=1, routed)           0.000    10.852    cpu_inst/data_mem_inst_n_242
    SLICE_X8Y12          CARRY4 (Prop_carry4_S[3]_CO[3])
                                                      0.376    11.228 r  cpu_inst/ex_branch_taken0_inferred__0/i__carry/CO[3]
                         net (fo=1, routed)           0.000    11.228    cpu_inst/ex_branch_taken0_inferred__0/i__carry_n_0
    SLICE_X8Y13          CARRY4 (Prop_carry4_CI_CO[3])
                                                      0.117    11.345 r  cpu_inst/ex_branch_taken0_inferred__0/i__carry__0/CO[3]
                         net (fo=1, routed)           0.000    11.345    cpu_inst/ex_branch_taken0_inferred__0/i__carry__0_n_0
    SLICE_X8Y14          CARRY4 (Prop_carry4_CI_CO[2])
                                                      0.229    11.574 f  cpu_inst/ex_branch_taken0_inferred__0/i__carry__1/CO[2]
                         net (fo=39, routed)          0.395    11.969    cpu_inst/data_mem_inst/CO[0]
    SLICE_X9Y14          LUT6 (Prop_lut6_I4_O)        0.310    12.279 r  cpu_inst/data_mem_inst/id_ex_reg[imm_ext][12]_i_1/O
                         net (fo=130, routed)         0.546    12.825    cpu_inst/data_mem_inst/id_ex_reg_reg[valid]_1
    SLICE_X9Y15          LUT3 (Prop_lut3_I2_O)        0.124    12.949 r  cpu_inst/data_mem_inst/id_ex_reg[operand_a][31]_i_1/O
                         net (fo=32, routed)          0.771    13.720    cpu_inst/data_mem_inst_n_141
    SLICE_X12Y13         FDRE                                         r  cpu_inst/id_ex_reg_reg[operand_a][19]/R
  -------------------------------------------------------------------    -------------------

                         (clock sys_clk_pin rise edge)
                                                     10.000    10.000 r  <hidden>
                         propagated clock network latency
                                                      4.786    14.786    <hidden>
                         clock pessimism              0.260    15.046    <hidden>
                         clock uncertainty           -0.035    15.011    <hidden>
    SLICE_X12Y13         FDRE (Setup_fdre_C_R)       -0.524    14.487    cpu_inst/id_ex_reg_reg[operand_a][19]
  -------------------------------------------------------------------
                         required time                         14.487    <hidden>
                         arrival time                         -13.720    <hidden>
  -------------------------------------------------------------------
                         slack                                  0.767    <hidden>

Slack (MET) :             0.767ns  (required time - arrival time)
  Source:                 cpu_inst/data_mem_inst/mem_reg/CLKARDCLK
                            (rising edge-triggered cell RAMB18E1 clocked by sys_clk_pin  {rise@0.000ns fall@5.000ns period=10.000ns})
  Destination:            cpu_inst/id_ex_reg_reg[operand_a][7]/R
                            (rising edge-triggered cell FDRE clocked by sys_clk_pin  {rise@0.000ns fall@5.000ns period=10.000ns})
  Path Group:             sys_clk_pin
  Path Type:              Setup (Max at Slow Process Corner)
  Requirement:            10.000ns  (sys_clk_pin rise@10.000ns - sys_clk_pin rise@0.000ns)
  Data Path Delay:        8.592ns  (logic 4.212ns (49.021%)  route 4.380ns (50.979%))
  Logic Levels:           8  (CARRY4=3 LUT3=2 LUT5=1 LUT6=2)
  Clock Path Skew:        -0.081ns (DCD - SCD + CPR)
    Destination Clock Delay (DCD):    4.786ns = ( 14.786 - 10.000 ) 
    Source Clock Delay      (SCD):    5.128ns
    Clock Pessimism Removal (CPR):    0.260ns
  Clock Uncertainty:      0.035ns  ((TSJ^2 + TIJ^2)^1/2 + DJ) / 2 + PE
    Total System Jitter     (TSJ):    0.071ns
    Total Input Jitter      (TIJ):    0.000ns
    Discrete Jitter          (DJ):    0.000ns
    Phase Error              (PE):    0.000ns

    Location             Delay type                Incr(ns)  Path(ns)    Netlist Resource(s)
  -------------------------------------------------------------------    -------------------
                         (clock sys_clk_pin rise edge)
                                                      0.000     0.000 r  <hidden>
                         propagated clock network latency
                                                      5.128     5.128    <hidden>
    RAMB18_X0Y4          RAMB18E1                     0.000     5.128 r  cpu_inst/data_mem_inst/mem_reg/CLKARDCLK
    RAMB18_X0Y4          RAMB18E1 (Prop_ramb18e1_CLKARDCLK_DOADO[11])
                                                      2.454     7.582 r  cpu_inst/data_mem_inst/mem_reg/DOADO[11]
                         net (fo=2, routed)           1.196     8.778    cpu_inst/data_mem_inst/mem_reg_n_4
    SLICE_X12Y10         LUT3 (Prop_lut3_I0_O)        0.150     8.928 r  cpu_inst/data_mem_inst/regs[1][11]_i_1/O
                         net (fo=35, routed)          0.631     9.559    cpu_inst/data_mem_inst/wb_write_data[11]
    SLICE_X11Y10         LUT5 (Prop_lut5_I4_O)        0.328     9.887 r  cpu_inst/data_mem_inst/i__carry__1_i_1__0/O
                         net (fo=6, routed)           0.841    10.728    cpu_inst/data_mem_inst/ex_mem_reg_reg[alu_result][11]
    SLICE_X8Y12          LUT6 (Prop_lut6_I4_O)        0.124    10.852 r  cpu_inst/data_mem_inst/i__carry_i_1/O
                         net (fo=1, routed)           0.000    10.852    cpu_inst/data_mem_inst_n_242
    SLICE_X8Y12          CARRY4 (Prop_carry4_S[3]_CO[3])
                                                      0.376    11.228 r  cpu_inst/ex_branch_taken0_inferred__0/i__carry/CO[3]
                         net (fo=1, routed)           0.000    11.228    cpu_inst/ex_branch_taken0_inferred__0/i__carry_n_0
    SLICE_X8Y13          CARRY4 (Prop_carry4_CI_CO[3])
                                                      0.117    11.345 r  cpu_inst/ex_branch_taken0_inferred__0/i__carry__0/CO[3]
                         net (fo=1, routed)           0.000    11.345    cpu_inst/ex_branch_taken0_inferred__0/i__carry__0_n_0
    SLICE_X8Y14          CARRY4 (Prop_carry4_CI_CO[2])
                                                      0.229    11.574 f  cpu_inst/ex_branch_taken0_inferred__0/i__carry__1/CO[2]
                         net (fo=39, routed)          0.395    11.969    cpu_inst/data_mem_inst/CO[0]
    SLICE_X9Y14          LUT6 (Prop_lut6_I4_O)        0.310    12.279 r  cpu_inst/data_mem_inst/id_ex_reg[imm_ext][12]_i_1/O
                         net (fo=130, routed)         0.546    12.825    cpu_inst/data_mem_inst/id_ex_reg_reg[valid]_1
    SLICE_X9Y15          LUT3 (Prop_lut3_I2_O)        0.124    12.949 r  cpu_inst/data_mem_inst/id_ex_reg[operand_a][31]_i_1/O
                         net (fo=32, routed)          0.771    13.720    cpu_inst/data_mem_inst_n_141
    SLICE_X12Y13         FDRE                                         r  cpu_inst/id_ex_reg_reg[operand_a][7]/R
  -------------------------------------------------------------------    -------------------

                         (clock sys_clk_pin rise edge)
                                                     10.000    10.000 r  <hidden>
                         propagated clock network latency
                                                      4.786    14.786    <hidden>
                         clock pessimism              0.260    15.046    <hidden>
                         clock uncertainty           -0.035    15.011    <hidden>
    SLICE_X12Y13         FDRE (Setup_fdre_C_R)       -0.524    14.487    cpu_inst/id_ex_reg_reg[operand_a][7]
  -------------------------------------------------------------------
                         required time                         14.487    <hidden>
                         arrival time                         -13.720    <hidden>
  -------------------------------------------------------------------
                         slack                                  0.767    <hidden>

Slack (MET) :             0.797ns  (required time - arrival time)
  Source:                 cpu_inst/data_mem_inst/mem_reg/CLKARDCLK
                            (rising edge-triggered cell RAMB18E1 clocked by sys_clk_pin  {rise@0.000ns fall@5.000ns period=10.000ns})
  Destination:            cpu_inst/id_ex_reg_reg[operand_a][11]/R
                            (rising edge-triggered cell FDRE clocked by sys_clk_pin  {rise@0.000ns fall@5.000ns period=10.000ns})
  Path Group:             sys_clk_pin
  Path Type:              Setup (Max at Slow Process Corner)
  Requirement:            10.000ns  (sys_clk_pin rise@10.000ns - sys_clk_pin rise@0.000ns)
  Data Path Delay:        8.581ns  (logic 4.212ns (49.085%)  route 4.369ns (50.915%))
  Logic Levels:           8  (CARRY4=3 LUT3=2 LUT5=1 LUT6=2)
  Clock Path Skew:        -0.062ns (DCD - SCD + CPR)
    Destination Clock Delay (DCD):    4.791ns = ( 14.791 - 10.000 ) 
    Source Clock Delay      (SCD):    5.128ns
    Clock Pessimism Removal (CPR):    0.274ns
  Clock Uncertainty:      0.035ns  ((TSJ^2 + TIJ^2)^1/2 + DJ) / 2 + PE
    Total System Jitter     (TSJ):    0.071ns
    Total Input Jitter      (TIJ):    0.000ns
    Discrete Jitter          (DJ):    0.000ns
    Phase Error              (PE):    0.000ns

    Location             Delay type                Incr(ns)  Path(ns)    Netlist Resource(s)
  -------------------------------------------------------------------    -------------------
                         (clock sys_clk_pin rise edge)
                                                      0.000     0.000 r  <hidden>
                         propagated clock network latency
                                                      5.128     5.128    <hidden>
    RAMB18_X0Y4          RAMB18E1                     0.000     5.128 r  cpu_inst/data_mem_inst/mem_reg/CLKARDCLK
    RAMB18_X0Y4          RAMB18E1 (Prop_ramb18e1_CLKARDCLK_DOADO[11])
                                                      2.454     7.582 r  cpu_inst/data_mem_inst/mem_reg/DOADO[11]
                         net (fo=2, routed)           1.196     8.778    cpu_inst/data_mem_inst/mem_reg_n_4
    SLICE_X12Y10         LUT3 (Prop_lut3_I0_O)        0.150     8.928 r  cpu_inst/data_mem_inst/regs[1][11]_i_1/O
                         net (fo=35, routed)          0.631     9.559    cpu_inst/data_mem_inst/wb_write_data[11]
    SLICE_X11Y10         LUT5 (Prop_lut5_I4_O)        0.328     9.887 r  cpu_inst/data_mem_inst/i__carry__1_i_1__0/O
                         net (fo=6, routed)           0.841    10.728    cpu_inst/data_mem_inst/ex_mem_reg_reg[alu_result][11]
    SLICE_X8Y12          LUT6 (Prop_lut6_I4_O)        0.124    10.852 r  cpu_inst/data_mem_inst/i__carry_i_1/O
                         net (fo=1, routed)           0.000    10.852    cpu_inst/data_mem_inst_n_242
    SLICE_X8Y12          CARRY4 (Prop_carry4_S[3]_CO[3])
                                                      0.376    11.228 r  cpu_inst/ex_branch_taken0_inferred__0/i__carry/CO[3]
                         net (fo=1, routed)           0.000    11.228    cpu_inst/ex_branch_taken0_inferred__0/i__carry_n_0
    SLICE_X8Y13          CARRY4 (Prop_carry4_CI_CO[3])
                                                      0.117    11.345 r  cpu_inst/ex_branch_taken0_inferred__0/i__carry__0/CO[3]
                         net (fo=1, routed)           0.000    11.345    cpu_inst/ex_branch_taken0_inferred__0/i__carry__0_n_0
    SLICE_X8Y14          CARRY4 (Prop_carry4_CI_CO[2])
                                                      0.229    11.574 f  cpu_inst/ex_branch_taken0_inferred__0/i__carry__1/CO[2]
                         net (fo=39, routed)          0.395    11.969    cpu_inst/data_mem_inst/CO[0]
    SLICE_X9Y14          LUT6 (Prop_lut6_I4_O)        0.310    12.279 r  cpu_inst/data_mem_inst/id_ex_reg[imm_ext][12]_i_1/O
                         net (fo=130, routed)         0.546    12.825    cpu_inst/data_mem_inst/id_ex_reg_reg[valid]_1
    SLICE_X9Y15          LUT3 (Prop_lut3_I2_O)        0.124    12.949 r  cpu_inst/data_mem_inst/id_ex_reg[operand_a][31]_i_1/O
                         net (fo=32, routed)          0.760    13.709    cpu_inst/data_mem_inst_n_141
    SLICE_X8Y6           FDRE                                         r  cpu_inst/id_ex_reg_reg[operand_a][11]/R
  -------------------------------------------------------------------    -------------------

                         (clock sys_clk_pin rise edge)
                                                     10.000    10.000 r  <hidden>
                         propagated clock network latency
                                                      4.791    14.791    <hidden>
                         clock pessimism              0.274    15.065    <hidden>
                         clock uncertainty           -0.035    15.030    <hidden>
    SLICE_X8Y6           FDRE (Setup_fdre_C_R)       -0.524    14.506    cpu_inst/id_ex_reg_reg[operand_a][11]
  -------------------------------------------------------------------
                         required time                         14.506    <hidden>
                         arrival time                         -13.709    <hidden>
  -------------------------------------------------------------------
                         slack                                  0.797    <hidden>

Slack (MET) :             0.797ns  (required time - arrival time)
  Source:                 cpu_inst/data_mem_inst/mem_reg/CLKARDCLK
                            (rising edge-triggered cell RAMB18E1 clocked by sys_clk_pin  {rise@0.000ns fall@5.000ns period=10.000ns})
  Destination:            cpu_inst/id_ex_reg_reg[operand_a][15]/R
                            (rising edge-triggered cell FDRE clocked by sys_clk_pin  {rise@0.000ns fall@5.000ns period=10.000ns})
  Path Group:             sys_clk_pin
  Path Type:              Setup (Max at Slow Process Corner)
  Requirement:            10.000ns  (sys_clk_pin rise@10.000ns - sys_clk_pin rise@0.000ns)
  Data Path Delay:        8.581ns  (logic 4.212ns (49.085%)  route 4.369ns (50.915%))
  Logic Levels:           8  (CARRY4=3 LUT3=2 LUT5=1 LUT6=2)
  Clock Path Skew:        -0.062ns (DCD - SCD + CPR)
    Destination Clock Delay (DCD):    4.791ns = ( 14.791 - 10.000 ) 
    Source Clock Delay      (SCD):    5.128ns
    Clock Pessimism Removal (CPR):    0.274ns
  Clock Uncertainty:      0.035ns  ((TSJ^2 + TIJ^2)^1/2 + DJ) / 2 + PE
    Total System Jitter     (TSJ):    0.071ns
    Total Input Jitter      (TIJ):    0.000ns
    Discrete Jitter          (DJ):    0.000ns
    Phase Error              (PE):    0.000ns

    Location             Delay type                Incr(ns)  Path(ns)    Netlist Resource(s)
  -------------------------------------------------------------------    -------------------
                         (clock sys_clk_pin rise edge)
                                                      0.000     0.000 r  <hidden>
                         propagated clock network latency
                                                      5.128     5.128    <hidden>
    RAMB18_X0Y4          RAMB18E1                     0.000     5.128 r  cpu_inst/data_mem_inst/mem_reg/CLKARDCLK
    RAMB18_X0Y4          RAMB18E1 (Prop_ramb18e1_CLKARDCLK_DOADO[11])
                                                      2.454     7.582 r  cpu_inst/data_mem_inst/mem_reg/DOADO[11]
                         net (fo=2, routed)           1.196     8.778    cpu_inst/data_mem_inst/mem_reg_n_4
    SLICE_X12Y10         LUT3 (Prop_lut3_I0_O)        0.150     8.928 r  cpu_inst/data_mem_inst/regs[1][11]_i_1/O
                         net (fo=35, routed)          0.631     9.559    cpu_inst/data_mem_inst/wb_write_data[11]
    SLICE_X11Y10         LUT5 (Prop_lut5_I4_O)        0.328     9.887 r  cpu_inst/data_mem_inst/i__carry__1_i_1__0/O
                         net (fo=6, routed)           0.841    10.728    cpu_inst/data_mem_inst/ex_mem_reg_reg[alu_result][11]
    SLICE_X8Y12          LUT6 (Prop_lut6_I4_O)        0.124    10.852 r  cpu_inst/data_mem_inst/i__carry_i_1/O
                         net (fo=1, routed)           0.000    10.852    cpu_inst/data_mem_inst_n_242
    SLICE_X8Y12          CARRY4 (Prop_carry4_S[3]_CO[3])
                                                      0.376    11.228 r  cpu_inst/ex_branch_taken0_inferred__0/i__carry/CO[3]
                         net (fo=1, routed)           0.000    11.228    cpu_inst/ex_branch_taken0_inferred__0/i__carry_n_0
    SLICE_X8Y13          CARRY4 (Prop_carry4_CI_CO[3])
                                                      0.117    11.345 r  cpu_inst/ex_branch_taken0_inferred__0/i__carry__0/CO[3]
                         net (fo=1, routed)           0.000    11.345    cpu_inst/ex_branch_taken0_inferred__0/i__carry__0_n_0
    SLICE_X8Y14          CARRY4 (Prop_carry4_CI_CO[2])
                                                      0.229    11.574 f  cpu_inst/ex_branch_taken0_inferred__0/i__carry__1/CO[2]
                         net (fo=39, routed)          0.395    11.969    cpu_inst/data_mem_inst/CO[0]
    SLICE_X9Y14          LUT6 (Prop_lut6_I4_O)        0.310    12.279 r  cpu_inst/data_mem_inst/id_ex_reg[imm_ext][12]_i_1/O
                         net (fo=130, routed)         0.546    12.825    cpu_inst/data_mem_inst/id_ex_reg_reg[valid]_1
    SLICE_X9Y15          LUT3 (Prop_lut3_I2_O)        0.124    12.949 r  cpu_inst/data_mem_inst/id_ex_reg[operand_a][31]_i_1/O
                         net (fo=32, routed)          0.760    13.709    cpu_inst/data_mem_inst_n_141
    SLICE_X8Y6           FDRE                                         r  cpu_inst/id_ex_reg_reg[operand_a][15]/R
  -------------------------------------------------------------------    -------------------

                         (clock sys_clk_pin rise edge)
                                                     10.000    10.000 r  <hidden>
                         propagated clock network latency
                                                      4.791    14.791    <hidden>
                         clock pessimism              0.274    15.065    <hidden>
                         clock uncertainty           -0.035    15.030    <hidden>
    SLICE_X8Y6           FDRE (Setup_fdre_C_R)       -0.524    14.506    cpu_inst/id_ex_reg_reg[operand_a][15]
  -------------------------------------------------------------------
                         required time                         14.506    <hidden>
                         arrival time                         -13.709    <hidden>
  -------------------------------------------------------------------
                         slack                                  0.797    <hidden>

Slack (MET) :             0.797ns  (required time - arrival time)
  Source:                 cpu_inst/data_mem_inst/mem_reg/CLKARDCLK
                            (rising edge-triggered cell RAMB18E1 clocked by sys_clk_pin  {rise@0.000ns fall@5.000ns period=10.000ns})
  Destination:            cpu_inst/id_ex_reg_reg[operand_a][16]/R
                            (rising edge-triggered cell FDRE clocked by sys_clk_pin  {rise@0.000ns fall@5.000ns period=10.000ns})
  Path Group:             sys_clk_pin
  Path Type:              Setup (Max at Slow Process Corner)
  Requirement:            10.000ns  (sys_clk_pin rise@10.000ns - sys_clk_pin rise@0.000ns)
  Data Path Delay:        8.581ns  (logic 4.212ns (49.085%)  route 4.369ns (50.915%))
  Logic Levels:           8  (CARRY4=3 LUT3=2 LUT5=1 LUT6=2)
  Clock Path Skew:        -0.062ns (DCD - SCD + CPR)
    Destination Clock Delay (DCD):    4.791ns = ( 14.791 - 10.000 ) 
    Source Clock Delay      (SCD):    5.128ns
    Clock Pessimism Removal (CPR):    0.274ns
  Clock Uncertainty:      0.035ns  ((TSJ^2 + TIJ^2)^1/2 + DJ) / 2 + PE
    Total System Jitter     (TSJ):    0.071ns
    Total Input Jitter      (TIJ):    0.000ns
    Discrete Jitter          (DJ):    0.000ns
    Phase Error              (PE):    0.000ns

    Location             Delay type                Incr(ns)  Path(ns)    Netlist Resource(s)
  -------------------------------------------------------------------    -------------------
                         (clock sys_clk_pin rise edge)
                                                      0.000     0.000 r  <hidden>
                         propagated clock network latency
                                                      5.128     5.128    <hidden>
    RAMB18_X0Y4          RAMB18E1                     0.000     5.128 r  cpu_inst/data_mem_inst/mem_reg/CLKARDCLK
    RAMB18_X0Y4          RAMB18E1 (Prop_ramb18e1_CLKARDCLK_DOADO[11])
                                                      2.454     7.582 r  cpu_inst/data_mem_inst/mem_reg/DOADO[11]
                         net (fo=2, routed)           1.196     8.778    cpu_inst/data_mem_inst/mem_reg_n_4
    SLICE_X12Y10         LUT3 (Prop_lut3_I0_O)        0.150     8.928 r  cpu_inst/data_mem_inst/regs[1][11]_i_1/O
                         net (fo=35, routed)          0.631     9.559    cpu_inst/data_mem_inst/wb_write_data[11]
    SLICE_X11Y10         LUT5 (Prop_lut5_I4_O)        0.328     9.887 r  cpu_inst/data_mem_inst/i__carry__1_i_1__0/O
                         net (fo=6, routed)           0.841    10.728    cpu_inst/data_mem_inst/ex_mem_reg_reg[alu_result][11]
    SLICE_X8Y12          LUT6 (Prop_lut6_I4_O)        0.124    10.852 r  cpu_inst/data_mem_inst/i__carry_i_1/O
                         net (fo=1, routed)           0.000    10.852    cpu_inst/data_mem_inst_n_242
    SLICE_X8Y12          CARRY4 (Prop_carry4_S[3]_CO[3])
                                                      0.376    11.228 r  cpu_inst/ex_branch_taken0_inferred__0/i__carry/CO[3]
                         net (fo=1, routed)           0.000    11.228    cpu_inst/ex_branch_taken0_inferred__0/i__carry_n_0
    SLICE_X8Y13          CARRY4 (Prop_carry4_CI_CO[3])
                                                      0.117    11.345 r  cpu_inst/ex_branch_taken0_inferred__0/i__carry__0/CO[3]
                         net (fo=1, routed)           0.000    11.345    cpu_inst/ex_branch_taken0_inferred__0/i__carry__0_n_0
    SLICE_X8Y14          CARRY4 (Prop_carry4_CI_CO[2])
                                                      0.229    11.574 f  cpu_inst/ex_branch_taken0_inferred__0/i__carry__1/CO[2]
                         net (fo=39, routed)          0.395    11.969    cpu_inst/data_mem_inst/CO[0]
    SLICE_X9Y14          LUT6 (Prop_lut6_I4_O)        0.310    12.279 r  cpu_inst/data_mem_inst/id_ex_reg[imm_ext][12]_i_1/O
                         net (fo=130, routed)         0.546    12.825    cpu_inst/data_mem_inst/id_ex_reg_reg[valid]_1
    SLICE_X9Y15          LUT3 (Prop_lut3_I2_O)        0.124    12.949 r  cpu_inst/data_mem_inst/id_ex_reg[operand_a][31]_i_1/O
                         net (fo=32, routed)          0.760    13.709    cpu_inst/data_mem_inst_n_141
    SLICE_X8Y6           FDRE                                         r  cpu_inst/id_ex_reg_reg[operand_a][16]/R
  -------------------------------------------------------------------    -------------------

                         (clock sys_clk_pin rise edge)
                                                     10.000    10.000 r  <hidden>
                         propagated clock network latency
                                                      4.791    14.791    <hidden>
                         clock pessimism              0.274    15.065    <hidden>
                         clock uncertainty           -0.035    15.030    <hidden>
    SLICE_X8Y6           FDRE (Setup_fdre_C_R)       -0.524    14.506    cpu_inst/id_ex_reg_reg[operand_a][16]
  -------------------------------------------------------------------
                         required time                         14.506    <hidden>
                         arrival time                         -13.709    <hidden>
  -------------------------------------------------------------------
                         slack                                  0.797    <hidden>




