Copyright 1986-2022 Xilinx, Inc. All Rights Reserved. Copyright 2022-2026 Advanced Micro Devices, Inc. All Rights Reserved.
---------------------------------------------------------------------------------------------------------------------------------------------
| Tool Version : Vivado v.2026.1 (win64) Build 6511674 Tue Jun 16 11:02:23 MDT 2026
| Date         : Thu Jul  9 13:02:14 2026
| Host         : DESKTOP-4GB7DVJ running 64-bit major release  (build 9200)
| Command      : report_timing -max_paths 10 -path_type full -file reports/phase8g/timing/fpga_top_multicycle_impl_worst_paths.rpt
| Design       : fpga_top_multicycle
| Device       : 7a35t-cpg236
| Speed File   : -1  PRODUCTION 1.23 2018-06-13
| Design State : Routed
---------------------------------------------------------------------------------------------------------------------------------------------

Timing Report

Slack (MET) :             1.389ns  (required time - arrival time)
  Source:                 cpu_inst/alu_result_reg_reg[6]/C
                            (rising edge-triggered cell FDRE clocked by sys_clk_pin  {rise@0.000ns fall@5.000ns period=10.000ns})
  Destination:            cpu_inst/memory_read_data_reg_reg[22]/D
                            (rising edge-triggered cell FDRE clocked by sys_clk_pin  {rise@0.000ns fall@5.000ns period=10.000ns})
  Path Group:             sys_clk_pin
  Path Type:              Setup (Max at Slow Process Corner)
  Requirement:            10.000ns  (sys_clk_pin rise@10.000ns - sys_clk_pin rise@0.000ns)
  Data Path Delay:        8.701ns  (logic 1.067ns (12.263%)  route 7.634ns (87.737%))
  Logic Levels:           3  (LUT6=1 MUXF7=1 MUXF8=1)
  Clock Path Skew:        0.062ns (DCD - SCD + CPR)
    Destination Clock Delay (DCD):    4.951ns = ( 14.951 - 10.000 ) 
    Source Clock Delay      (SCD):    5.076ns
    Clock Pessimism Removal (CPR):    0.187ns
  Clock Uncertainty:      0.035ns  ((TSJ^2 + TIJ^2)^1/2 + DJ) / 2 + PE
    Total System Jitter     (TSJ):    0.071ns
    Total Input Jitter      (TIJ):    0.000ns
    Discrete Jitter          (DJ):    0.000ns
    Phase Error              (PE):    0.000ns

    Location             Delay type                Incr(ns)  Path(ns)    Netlist Resource(s)
  -------------------------------------------------------------------    -------------------
                         (clock sys_clk_pin rise edge)
                                                      0.000     0.000 r  <hidden>
                         propagated clock network latency
                                                      5.076     5.076    <hidden>
    SLICE_X9Y60          FDRE                         0.000     5.076 r  cpu_inst/alu_result_reg_reg[6]/C
    SLICE_X9Y60          FDRE (Prop_fdre_C_Q)         0.419     5.495 r  cpu_inst/alu_result_reg_reg[6]/Q
                         net (fo=279, routed)         7.634    13.129    cpu_inst/alu_result_reg_reg_n_0_[6]
    SLICE_X21Y111        LUT6 (Prop_lut6_I4_O)        0.299    13.428 r  cpu_inst/memory_read_data_reg[22]_i_5/O
                         net (fo=1, routed)           0.000    13.428    cpu_inst/memory_read_data_reg[22]_i_5_n_0
    SLICE_X21Y111        MUXF7 (Prop_muxf7_I1_O)      0.245    13.673 r  cpu_inst/memory_read_data_reg_reg[22]_i_2/O
                         net (fo=1, routed)           0.000    13.673    cpu_inst/memory_read_data_reg_reg[22]_i_2_n_0
    SLICE_X21Y111        MUXF8 (Prop_muxf8_I0_O)      0.104    13.777 r  cpu_inst/memory_read_data_reg_reg[22]_i_1/O
                         net (fo=1, routed)           0.000    13.777    cpu_inst/data_mem__0[22]
    SLICE_X21Y111        FDRE                                         r  cpu_inst/memory_read_data_reg_reg[22]/D
  -------------------------------------------------------------------    -------------------

                         (clock sys_clk_pin rise edge)
                                                     10.000    10.000 r  <hidden>
                         propagated clock network latency
                                                      4.951    14.951    <hidden>
                         clock pessimism              0.187    15.138    <hidden>
                         clock uncertainty           -0.035    15.103    <hidden>
    SLICE_X21Y111        FDRE (Setup_fdre_C_D)        0.064    15.167    cpu_inst/memory_read_data_reg_reg[22]
  -------------------------------------------------------------------
                         required time                         15.167    <hidden>
                         arrival time                         -13.777    <hidden>
  -------------------------------------------------------------------
                         slack                                  1.389    <hidden>

Slack (MET) :             1.754ns  (required time - arrival time)
  Source:                 cpu_inst/alu_result_reg_reg[2]/C
                            (rising edge-triggered cell FDRE clocked by sys_clk_pin  {rise@0.000ns fall@5.000ns period=10.000ns})
  Destination:            cpu_inst/memory_read_data_reg_reg[17]/D
                            (rising edge-triggered cell FDRE clocked by sys_clk_pin  {rise@0.000ns fall@5.000ns period=10.000ns})
  Path Group:             sys_clk_pin
  Path Type:              Setup (Max at Slow Process Corner)
  Requirement:            10.000ns  (sys_clk_pin rise@10.000ns - sys_clk_pin rise@0.000ns)
  Data Path Delay:        8.335ns  (logic 1.594ns (19.125%)  route 6.741ns (80.875%))
  Logic Levels:           6  (LUT6=2 MUXF7=2 MUXF8=2)
  Clock Path Skew:        0.060ns (DCD - SCD + CPR)
    Destination Clock Delay (DCD):    4.950ns = ( 14.950 - 10.000 ) 
    Source Clock Delay      (SCD):    5.077ns
    Clock Pessimism Removal (CPR):    0.187ns
  Clock Uncertainty:      0.035ns  ((TSJ^2 + TIJ^2)^1/2 + DJ) / 2 + PE
    Total System Jitter     (TSJ):    0.071ns
    Total Input Jitter      (TIJ):    0.000ns
    Discrete Jitter          (DJ):    0.000ns
    Phase Error              (PE):    0.000ns

    Location             Delay type                Incr(ns)  Path(ns)    Netlist Resource(s)
  -------------------------------------------------------------------    -------------------
                         (clock sys_clk_pin rise edge)
                                                      0.000     0.000 r  <hidden>
                         propagated clock network latency
                                                      5.077     5.077    <hidden>
    SLICE_X15Y58         FDRE                         0.000     5.077 r  cpu_inst/alu_result_reg_reg[2]/C
    SLICE_X15Y58         FDRE (Prop_fdre_C_Q)         0.456     5.533 r  cpu_inst/alu_result_reg_reg[2]/Q
                         net (fo=2205, routed)        5.547    11.080    cpu_inst/alu_result_reg_reg_n_0_[2]
    SLICE_X40Y96         LUT6 (Prop_lut6_I4_O)        0.124    11.204 r  cpu_inst/memory_read_data_reg[17]_i_85/O
                         net (fo=1, routed)           0.000    11.204    cpu_inst/memory_read_data_reg[17]_i_85_n_0
    SLICE_X40Y96         MUXF7 (Prop_muxf7_I1_O)      0.245    11.449 r  cpu_inst/memory_read_data_reg_reg[17]_i_38/O
                         net (fo=1, routed)           0.000    11.449    cpu_inst/memory_read_data_reg_reg[17]_i_38_n_0
    SLICE_X40Y96         MUXF8 (Prop_muxf8_I0_O)      0.104    11.553 r  cpu_inst/memory_read_data_reg_reg[17]_i_15/O
                         net (fo=1, routed)           1.194    12.747    cpu_inst/memory_read_data_reg_reg[17]_i_15_n_0
    SLICE_X29Y109        LUT6 (Prop_lut6_I5_O)        0.316    13.063 r  cpu_inst/memory_read_data_reg[17]_i_5/O
                         net (fo=1, routed)           0.000    13.063    cpu_inst/memory_read_data_reg[17]_i_5_n_0
    SLICE_X29Y109        MUXF7 (Prop_muxf7_I1_O)      0.245    13.308 r  cpu_inst/memory_read_data_reg_reg[17]_i_2/O
                         net (fo=1, routed)           0.000    13.308    cpu_inst/memory_read_data_reg_reg[17]_i_2_n_0
    SLICE_X29Y109        MUXF8 (Prop_muxf8_I0_O)      0.104    13.412 r  cpu_inst/memory_read_data_reg_reg[17]_i_1/O
                         net (fo=1, routed)           0.000    13.412    cpu_inst/data_mem__0[17]
    SLICE_X29Y109        FDRE                                         r  cpu_inst/memory_read_data_reg_reg[17]/D
  -------------------------------------------------------------------    -------------------

                         (clock sys_clk_pin rise edge)
                                                     10.000    10.000 r  <hidden>
                         propagated clock network latency
                                                      4.950    14.950    <hidden>
                         clock pessimism              0.187    15.137    <hidden>
                         clock uncertainty           -0.035    15.102    <hidden>
    SLICE_X29Y109        FDRE (Setup_fdre_C_D)        0.064    15.166    cpu_inst/memory_read_data_reg_reg[17]
  -------------------------------------------------------------------
                         required time                         15.166    <hidden>
                         arrival time                         -13.412    <hidden>
  -------------------------------------------------------------------
                         slack                                  1.754    <hidden>

Slack (MET) :             1.813ns  (required time - arrival time)
  Source:                 cpu_inst/alu_result_reg_reg[3]/C
                            (rising edge-triggered cell FDRE clocked by sys_clk_pin  {rise@0.000ns fall@5.000ns period=10.000ns})
  Destination:            cpu_inst/memory_read_data_reg_reg[31]/D
                            (rising edge-triggered cell FDRE clocked by sys_clk_pin  {rise@0.000ns fall@5.000ns period=10.000ns})
  Path Group:             sys_clk_pin
  Path Type:              Setup (Max at Slow Process Corner)
  Requirement:            10.000ns  (sys_clk_pin rise@10.000ns - sys_clk_pin rise@0.000ns)
  Data Path Delay:        8.174ns  (logic 1.551ns (18.975%)  route 6.623ns (81.025%))
  Logic Levels:           6  (LUT6=2 MUXF7=2 MUXF8=2)
  Clock Path Skew:        -0.042ns (DCD - SCD + CPR)
    Destination Clock Delay (DCD):    4.777ns = ( 14.777 - 10.000 ) 
    Source Clock Delay      (SCD):    5.077ns
    Clock Pessimism Removal (CPR):    0.258ns
  Clock Uncertainty:      0.035ns  ((TSJ^2 + TIJ^2)^1/2 + DJ) / 2 + PE
    Total System Jitter     (TSJ):    0.071ns
    Total Input Jitter      (TIJ):    0.000ns
    Discrete Jitter          (DJ):    0.000ns
    Phase Error              (PE):    0.000ns

    Location             Delay type                Incr(ns)  Path(ns)    Netlist Resource(s)
  -------------------------------------------------------------------    -------------------
                         (clock sys_clk_pin rise edge)
                                                      0.000     0.000 r  <hidden>
                         propagated clock network latency
                                                      5.077     5.077    <hidden>
    SLICE_X15Y58         FDRE                         0.000     5.077 r  cpu_inst/alu_result_reg_reg[3]/C
    SLICE_X15Y58         FDRE (Prop_fdre_C_Q)         0.456     5.533 r  cpu_inst/alu_result_reg_reg[3]/Q
                         net (fo=2208, routed)        5.205    10.737    cpu_inst/alu_result_reg_reg[3]_0[0]
    SLICE_X32Y114        LUT6 (Prop_lut6_I2_O)        0.124    10.861 r  cpu_inst/memory_read_data_reg[31]_i_94/O
                         net (fo=1, routed)           0.000    10.861    cpu_inst/memory_read_data_reg[31]_i_94_n_0
    SLICE_X32Y114        MUXF7 (Prop_muxf7_I1_O)      0.245    11.106 r  cpu_inst/memory_read_data_reg_reg[31]_i_43/O
                         net (fo=1, routed)           0.000    11.106    cpu_inst/memory_read_data_reg_reg[31]_i_43_n_0
    SLICE_X32Y114        MUXF8 (Prop_muxf8_I0_O)      0.104    11.210 r  cpu_inst/memory_read_data_reg_reg[31]_i_18/O
                         net (fo=1, routed)           1.418    12.629    cpu_inst/memory_read_data_reg_reg[31]_i_18_n_0
    SLICE_X31Y97         LUT6 (Prop_lut6_I1_O)        0.316    12.945 r  cpu_inst/memory_read_data_reg[31]_i_7/O
                         net (fo=1, routed)           0.000    12.945    cpu_inst/memory_read_data_reg[31]_i_7_n_0
    SLICE_X31Y97         MUXF7 (Prop_muxf7_I0_O)      0.212    13.157 r  cpu_inst/memory_read_data_reg_reg[31]_i_4/O
                         net (fo=1, routed)           0.000    13.157    cpu_inst/memory_read_data_reg_reg[31]_i_4_n_0
    SLICE_X31Y97         MUXF8 (Prop_muxf8_I1_O)      0.094    13.251 r  cpu_inst/memory_read_data_reg_reg[31]_i_2/O
                         net (fo=1, routed)           0.000    13.251    cpu_inst/data_mem__0[31]
    SLICE_X31Y97         FDRE                                         r  cpu_inst/memory_read_data_reg_reg[31]/D
  -------------------------------------------------------------------    -------------------

                         (clock sys_clk_pin rise edge)
                                                     10.000    10.000 r  <hidden>
                         propagated clock network latency
                                                      4.777    14.777    <hidden>
                         clock pessimism              0.258    15.035    <hidden>
                         clock uncertainty           -0.035    15.000    <hidden>
    SLICE_X31Y97         FDRE (Setup_fdre_C_D)        0.064    15.064    cpu_inst/memory_read_data_reg_reg[31]
  -------------------------------------------------------------------
                         required time                         15.064    <hidden>
                         arrival time                         -13.251    <hidden>
  -------------------------------------------------------------------
                         slack                                  1.813    <hidden>

Slack (MET) :             1.904ns  (required time - arrival time)
  Source:                 cpu_inst/alu_result_reg_reg[6]/C
                            (rising edge-triggered cell FDRE clocked by sys_clk_pin  {rise@0.000ns fall@5.000ns period=10.000ns})
  Destination:            cpu_inst/memory_read_data_reg_reg[15]/D
                            (rising edge-triggered cell FDRE clocked by sys_clk_pin  {rise@0.000ns fall@5.000ns period=10.000ns})
  Path Group:             sys_clk_pin
  Path Type:              Setup (Max at Slow Process Corner)
  Requirement:            10.000ns  (sys_clk_pin rise@10.000ns - sys_clk_pin rise@0.000ns)
  Data Path Delay:        8.190ns  (logic 1.067ns (13.028%)  route 7.123ns (86.972%))
  Logic Levels:           3  (LUT6=1 MUXF7=1 MUXF8=1)
  Clock Path Skew:        0.066ns (DCD - SCD + CPR)
    Destination Clock Delay (DCD):    4.955ns = ( 14.955 - 10.000 ) 
    Source Clock Delay      (SCD):    5.076ns
    Clock Pessimism Removal (CPR):    0.187ns
  Clock Uncertainty:      0.035ns  ((TSJ^2 + TIJ^2)^1/2 + DJ) / 2 + PE
    Total System Jitter     (TSJ):    0.071ns
    Total Input Jitter      (TIJ):    0.000ns
    Discrete Jitter          (DJ):    0.000ns
    Phase Error              (PE):    0.000ns

    Location             Delay type                Incr(ns)  Path(ns)    Netlist Resource(s)
  -------------------------------------------------------------------    -------------------
                         (clock sys_clk_pin rise edge)
                                                      0.000     0.000 r  <hidden>
                         propagated clock network latency
                                                      5.076     5.076    <hidden>
    SLICE_X9Y60          FDRE                         0.000     5.076 r  cpu_inst/alu_result_reg_reg[6]/C
    SLICE_X9Y60          FDRE (Prop_fdre_C_Q)         0.419     5.495 r  cpu_inst/alu_result_reg_reg[6]/Q
                         net (fo=279, routed)         7.123    12.618    cpu_inst/alu_result_reg_reg_n_0_[6]
    SLICE_X16Y105        LUT6 (Prop_lut6_I4_O)        0.299    12.917 r  cpu_inst/memory_read_data_reg[15]_i_5/O
                         net (fo=1, routed)           0.000    12.917    cpu_inst/memory_read_data_reg[15]_i_5_n_0
    SLICE_X16Y105        MUXF7 (Prop_muxf7_I1_O)      0.245    13.162 r  cpu_inst/memory_read_data_reg_reg[15]_i_2/O
                         net (fo=1, routed)           0.000    13.162    cpu_inst/memory_read_data_reg_reg[15]_i_2_n_0
    SLICE_X16Y105        MUXF8 (Prop_muxf8_I0_O)      0.104    13.266 r  cpu_inst/memory_read_data_reg_reg[15]_i_1/O
                         net (fo=1, routed)           0.000    13.266    cpu_inst/data_mem__0[15]
    SLICE_X16Y105        FDRE                                         r  cpu_inst/memory_read_data_reg_reg[15]/D
  -------------------------------------------------------------------    -------------------

                         (clock sys_clk_pin rise edge)
                                                     10.000    10.000 r  <hidden>
                         propagated clock network latency
                                                      4.955    14.955    <hidden>
                         clock pessimism              0.187    15.142    <hidden>
                         clock uncertainty           -0.035    15.107    <hidden>
    SLICE_X16Y105        FDRE (Setup_fdre_C_D)        0.064    15.171    cpu_inst/memory_read_data_reg_reg[15]
  -------------------------------------------------------------------
                         required time                         15.171    <hidden>
                         arrival time                         -13.266    <hidden>
  -------------------------------------------------------------------
                         slack                                  1.904    <hidden>

Slack (MET) :             1.933ns  (required time - arrival time)
  Source:                 cpu_inst/alu_result_reg_reg[3]/C
                            (rising edge-triggered cell FDRE clocked by sys_clk_pin  {rise@0.000ns fall@5.000ns period=10.000ns})
  Destination:            cpu_inst/memory_read_data_reg_reg[28]/D
                            (rising edge-triggered cell FDRE clocked by sys_clk_pin  {rise@0.000ns fall@5.000ns period=10.000ns})
  Path Group:             sys_clk_pin
  Path Type:              Setup (Max at Slow Process Corner)
  Requirement:            10.000ns  (sys_clk_pin rise@10.000ns - sys_clk_pin rise@0.000ns)
  Data Path Delay:        7.985ns  (logic 1.551ns (19.423%)  route 6.434ns (80.577%))
  Logic Levels:           6  (LUT6=2 MUXF7=2 MUXF8=2)
  Clock Path Skew:        -0.110ns (DCD - SCD + CPR)
    Destination Clock Delay (DCD):    4.780ns = ( 14.780 - 10.000 ) 
    Source Clock Delay      (SCD):    5.077ns
    Clock Pessimism Removal (CPR):    0.187ns
  Clock Uncertainty:      0.035ns  ((TSJ^2 + TIJ^2)^1/2 + DJ) / 2 + PE
    Total System Jitter     (TSJ):    0.071ns
    Total Input Jitter      (TIJ):    0.000ns
    Discrete Jitter          (DJ):    0.000ns
    Phase Error              (PE):    0.000ns

    Location             Delay type                Incr(ns)  Path(ns)    Netlist Resource(s)
  -------------------------------------------------------------------    -------------------
                         (clock sys_clk_pin rise edge)
                                                      0.000     0.000 r  <hidden>
                         propagated clock network latency
                                                      5.077     5.077    <hidden>
    SLICE_X15Y58         FDRE                         0.000     5.077 r  cpu_inst/alu_result_reg_reg[3]/C
    SLICE_X15Y58         FDRE (Prop_fdre_C_Q)         0.456     5.533 r  cpu_inst/alu_result_reg_reg[3]/Q
                         net (fo=2208, routed)        5.591    11.123    cpu_inst/alu_result_reg_reg[3]_0[0]
    SLICE_X41Y100        LUT6 (Prop_lut6_I2_O)        0.124    11.247 r  cpu_inst/memory_read_data_reg[28]_i_82/O
                         net (fo=1, routed)           0.000    11.247    cpu_inst/memory_read_data_reg[28]_i_82_n_0
    SLICE_X41Y100        MUXF7 (Prop_muxf7_I0_O)      0.212    11.459 r  cpu_inst/memory_read_data_reg_reg[28]_i_37/O
                         net (fo=1, routed)           0.000    11.459    cpu_inst/memory_read_data_reg_reg[28]_i_37_n_0
    SLICE_X41Y100        MUXF8 (Prop_muxf8_I1_O)      0.094    11.553 r  cpu_inst/memory_read_data_reg_reg[28]_i_14/O
                         net (fo=1, routed)           0.844    12.397    cpu_inst/memory_read_data_reg_reg[28]_i_14_n_0
    SLICE_X44Y97         LUT6 (Prop_lut6_I3_O)        0.316    12.713 r  cpu_inst/memory_read_data_reg[28]_i_5/O
                         net (fo=1, routed)           0.000    12.713    cpu_inst/memory_read_data_reg[28]_i_5_n_0
    SLICE_X44Y97         MUXF7 (Prop_muxf7_I1_O)      0.245    12.958 r  cpu_inst/memory_read_data_reg_reg[28]_i_2/O
                         net (fo=1, routed)           0.000    12.958    cpu_inst/memory_read_data_reg_reg[28]_i_2_n_0
    SLICE_X44Y97         MUXF8 (Prop_muxf8_I0_O)      0.104    13.062 r  cpu_inst/memory_read_data_reg_reg[28]_i_1/O
                         net (fo=1, routed)           0.000    13.062    cpu_inst/data_mem__0[28]
    SLICE_X44Y97         FDRE                                         r  cpu_inst/memory_read_data_reg_reg[28]/D
  -------------------------------------------------------------------    -------------------

                         (clock sys_clk_pin rise edge)
                                                     10.000    10.000 r  <hidden>
                         propagated clock network latency
                                                      4.780    14.780    <hidden>
                         clock pessimism              0.187    14.967    <hidden>
                         clock uncertainty           -0.035    14.931    <hidden>
    SLICE_X44Y97         FDRE (Setup_fdre_C_D)        0.064    14.995    cpu_inst/memory_read_data_reg_reg[28]
  -------------------------------------------------------------------
                         required time                         14.995    <hidden>
                         arrival time                         -13.062    <hidden>
  -------------------------------------------------------------------
                         slack                                  1.933    <hidden>

Slack (MET) :             1.992ns  (required time - arrival time)
  Source:                 cpu_inst/alu_result_reg_reg[3]/C
                            (rising edge-triggered cell FDRE clocked by sys_clk_pin  {rise@0.000ns fall@5.000ns period=10.000ns})
  Destination:            cpu_inst/memory_read_data_reg_reg[16]/D
                            (rising edge-triggered cell FDRE clocked by sys_clk_pin  {rise@0.000ns fall@5.000ns period=10.000ns})
  Path Group:             sys_clk_pin
  Path Type:              Setup (Max at Slow Process Corner)
  Requirement:            10.000ns  (sys_clk_pin rise@10.000ns - sys_clk_pin rise@0.000ns)
  Data Path Delay:        8.093ns  (logic 1.543ns (19.067%)  route 6.550ns (80.933%))
  Logic Levels:           6  (LUT6=2 MUXF7=2 MUXF8=2)
  Clock Path Skew:        0.056ns (DCD - SCD + CPR)
    Destination Clock Delay (DCD):    4.946ns = ( 14.946 - 10.000 ) 
    Source Clock Delay      (SCD):    5.077ns
    Clock Pessimism Removal (CPR):    0.187ns
  Clock Uncertainty:      0.035ns  ((TSJ^2 + TIJ^2)^1/2 + DJ) / 2 + PE
    Total System Jitter     (TSJ):    0.071ns
    Total Input Jitter      (TIJ):    0.000ns
    Discrete Jitter          (DJ):    0.000ns
    Phase Error              (PE):    0.000ns

    Location             Delay type                Incr(ns)  Path(ns)    Netlist Resource(s)
  -------------------------------------------------------------------    -------------------
                         (clock sys_clk_pin rise edge)
                                                      0.000     0.000 r  <hidden>
                         propagated clock network latency
                                                      5.077     5.077    <hidden>
    SLICE_X15Y58         FDRE                         0.000     5.077 r  cpu_inst/alu_result_reg_reg[3]/C
    SLICE_X15Y58         FDRE (Prop_fdre_C_Q)         0.456     5.533 r  cpu_inst/alu_result_reg_reg[3]/Q
                         net (fo=2208, routed)        5.118    10.650    cpu_inst/alu_result_reg_reg[3]_0[0]
    SLICE_X38Y125        LUT6 (Prop_lut6_I2_O)        0.124    10.774 r  cpu_inst/memory_read_data_reg[16]_i_63/O
                         net (fo=1, routed)           0.000    10.774    cpu_inst/memory_read_data_reg[16]_i_63_n_0
    SLICE_X38Y125        MUXF7 (Prop_muxf7_I1_O)      0.214    10.988 r  cpu_inst/memory_read_data_reg_reg[16]_i_27/O
                         net (fo=1, routed)           0.000    10.988    cpu_inst/memory_read_data_reg_reg[16]_i_27_n_0
    SLICE_X38Y125        MUXF8 (Prop_muxf8_I1_O)      0.088    11.076 r  cpu_inst/memory_read_data_reg_reg[16]_i_9/O
                         net (fo=1, routed)           1.432    12.509    cpu_inst/memory_read_data_reg_reg[16]_i_9_n_0
    SLICE_X32Y112        LUT6 (Prop_lut6_I1_O)        0.319    12.828 r  cpu_inst/memory_read_data_reg[16]_i_4/O
                         net (fo=1, routed)           0.000    12.828    cpu_inst/memory_read_data_reg[16]_i_4_n_0
    SLICE_X32Y112        MUXF7 (Prop_muxf7_I0_O)      0.238    13.066 r  cpu_inst/memory_read_data_reg_reg[16]_i_2/O
                         net (fo=1, routed)           0.000    13.066    cpu_inst/memory_read_data_reg_reg[16]_i_2_n_0
    SLICE_X32Y112        MUXF8 (Prop_muxf8_I0_O)      0.104    13.170 r  cpu_inst/memory_read_data_reg_reg[16]_i_1/O
                         net (fo=1, routed)           0.000    13.170    cpu_inst/data_mem__0[16]
    SLICE_X32Y112        FDRE                                         r  cpu_inst/memory_read_data_reg_reg[16]/D
  -------------------------------------------------------------------    -------------------

                         (clock sys_clk_pin rise edge)
                                                     10.000    10.000 r  <hidden>
                         propagated clock network latency
                                                      4.946    14.946    <hidden>
                         clock pessimism              0.187    15.133    <hidden>
                         clock uncertainty           -0.035    15.098    <hidden>
    SLICE_X32Y112        FDRE (Setup_fdre_C_D)        0.064    15.162    cpu_inst/memory_read_data_reg_reg[16]
  -------------------------------------------------------------------
                         required time                         15.162    <hidden>
                         arrival time                         -13.170    <hidden>
  -------------------------------------------------------------------
                         slack                                  1.992    <hidden>

Slack (MET) :             2.030ns  (required time - arrival time)
  Source:                 cpu_inst/FSM_onehot_state_reg[3]/C
                            (rising edge-triggered cell FDRE clocked by sys_clk_pin  {rise@0.000ns fall@5.000ns period=10.000ns})
  Destination:            cpu_inst/data_mem_reg[78][18]/CE
                            (rising edge-triggered cell FDRE clocked by sys_clk_pin  {rise@0.000ns fall@5.000ns period=10.000ns})
  Path Group:             sys_clk_pin
  Path Type:              Setup (Max at Slow Process Corner)
  Requirement:            10.000ns  (sys_clk_pin rise@10.000ns - sys_clk_pin rise@0.000ns)
  Data Path Delay:        7.821ns  (logic 1.058ns (13.528%)  route 6.763ns (86.472%))
  Logic Levels:           3  (LUT3=1 LUT6=2)
  Clock Path Skew:        0.055ns (DCD - SCD + CPR)
    Destination Clock Delay (DCD):    4.945ns = ( 14.945 - 10.000 ) 
    Source Clock Delay      (SCD):    5.077ns
    Clock Pessimism Removal (CPR):    0.187ns
  Clock Uncertainty:      0.035ns  ((TSJ^2 + TIJ^2)^1/2 + DJ) / 2 + PE
    Total System Jitter     (TSJ):    0.071ns
    Total Input Jitter      (TIJ):    0.000ns
    Discrete Jitter          (DJ):    0.000ns
    Phase Error              (PE):    0.000ns

    Location             Delay type                Incr(ns)  Path(ns)    Netlist Resource(s)
  -------------------------------------------------------------------    -------------------
                         (clock sys_clk_pin rise edge)
                                                      0.000     0.000 r  <hidden>
                         propagated clock network latency
                                                      5.077     5.077    <hidden>
    SLICE_X11Y58         FDRE                         0.000     5.077 r  cpu_inst/FSM_onehot_state_reg[3]/C
    SLICE_X11Y58         FDRE (Prop_fdre_C_Q)         0.456     5.533 r  cpu_inst/FSM_onehot_state_reg[3]/Q
                         net (fo=7, routed)           1.053     6.586    cpu_inst/FSM_onehot_state_reg_n_0_[3]
    SLICE_X11Y57         LUT6 (Prop_lut6_I0_O)        0.124     6.710 f  cpu_inst/data_mem[25][31]_i_2/O
                         net (fo=104, routed)         1.356     8.066    cpu_inst/FSM_onehot_state_reg[3]_0
    SLICE_X10Y48         LUT3 (Prop_lut3_I0_O)        0.150     8.216 r  cpu_inst/data_mem[42][31]_i_3/O
                         net (fo=4, routed)           0.599     8.815    cpu_inst/data_mem[42][31]_i_3_n_0
    SLICE_X9Y49          LUT6 (Prop_lut6_I0_O)        0.328     9.143 r  cpu_inst/data_mem[78][31]_i_1/O
                         net (fo=32, routed)          3.755    12.897    cpu_inst/data_mem[78][31]_i_1_n_0
    SLICE_X52Y117        FDRE                                         r  cpu_inst/data_mem_reg[78][18]/CE
  -------------------------------------------------------------------    -------------------

                         (clock sys_clk_pin rise edge)
                                                     10.000    10.000 r  <hidden>
                         propagated clock network latency
                                                      4.945    14.945    <hidden>
                         clock pessimism              0.187    15.132    <hidden>
                         clock uncertainty           -0.035    15.097    <hidden>
    SLICE_X52Y117        FDRE (Setup_fdre_C_CE)      -0.169    14.928    cpu_inst/data_mem_reg[78][18]
  -------------------------------------------------------------------
                         required time                         14.928    <hidden>
                         arrival time                         -12.897    <hidden>
  -------------------------------------------------------------------
                         slack                                  2.030    <hidden>

Slack (MET) :             2.040ns  (required time - arrival time)
  Source:                 cpu_inst/alu_result_reg_reg[2]/C
                            (rising edge-triggered cell FDRE clocked by sys_clk_pin  {rise@0.000ns fall@5.000ns period=10.000ns})
  Destination:            cpu_inst/memory_read_data_reg_reg[24]/D
                            (rising edge-triggered cell FDRE clocked by sys_clk_pin  {rise@0.000ns fall@5.000ns period=10.000ns})
  Path Group:             sys_clk_pin
  Path Type:              Setup (Max at Slow Process Corner)
  Requirement:            10.000ns  (sys_clk_pin rise@10.000ns - sys_clk_pin rise@0.000ns)
  Data Path Delay:        8.049ns  (logic 1.586ns (19.705%)  route 6.463ns (80.295%))
  Logic Levels:           6  (LUT6=2 MUXF7=2 MUXF8=2)
  Clock Path Skew:        0.060ns (DCD - SCD + CPR)
    Destination Clock Delay (DCD):    4.950ns = ( 14.950 - 10.000 ) 
    Source Clock Delay      (SCD):    5.077ns
    Clock Pessimism Removal (CPR):    0.187ns
  Clock Uncertainty:      0.035ns  ((TSJ^2 + TIJ^2)^1/2 + DJ) / 2 + PE
    Total System Jitter     (TSJ):    0.071ns
    Total Input Jitter      (TIJ):    0.000ns
    Discrete Jitter          (DJ):    0.000ns
    Phase Error              (PE):    0.000ns

    Location             Delay type                Incr(ns)  Path(ns)    Netlist Resource(s)
  -------------------------------------------------------------------    -------------------
                         (clock sys_clk_pin rise edge)
                                                      0.000     0.000 r  <hidden>
                         propagated clock network latency
                                                      5.077     5.077    <hidden>
    SLICE_X15Y58         FDRE                         0.000     5.077 r  cpu_inst/alu_result_reg_reg[2]/C
    SLICE_X15Y58         FDRE (Prop_fdre_C_Q)         0.456     5.533 r  cpu_inst/alu_result_reg_reg[2]/Q
                         net (fo=2205, routed)        5.874    11.407    cpu_inst/alu_result_reg_reg_n_0_[2]
    SLICE_X38Y99         LUT6 (Prop_lut6_I4_O)        0.124    11.531 r  cpu_inst/memory_read_data_reg[24]_i_69/O
                         net (fo=1, routed)           0.000    11.531    cpu_inst/memory_read_data_reg[24]_i_69_n_0
    SLICE_X38Y99         MUXF7 (Prop_muxf7_I1_O)      0.247    11.778 r  cpu_inst/memory_read_data_reg_reg[24]_i_30/O
                         net (fo=1, routed)           0.000    11.778    cpu_inst/memory_read_data_reg_reg[24]_i_30_n_0
    SLICE_X38Y99         MUXF8 (Prop_muxf8_I0_O)      0.098    11.876 r  cpu_inst/memory_read_data_reg_reg[24]_i_11/O
                         net (fo=1, routed)           0.589    12.465    cpu_inst/memory_read_data_reg_reg[24]_i_11_n_0
    SLICE_X37Y100        LUT6 (Prop_lut6_I5_O)        0.319    12.784 r  cpu_inst/memory_read_data_reg[24]_i_4/O
                         net (fo=1, routed)           0.000    12.784    cpu_inst/memory_read_data_reg[24]_i_4_n_0
    SLICE_X37Y100        MUXF7 (Prop_muxf7_I0_O)      0.238    13.022 r  cpu_inst/memory_read_data_reg_reg[24]_i_2/O
                         net (fo=1, routed)           0.000    13.022    cpu_inst/memory_read_data_reg_reg[24]_i_2_n_0
    SLICE_X37Y100        MUXF8 (Prop_muxf8_I0_O)      0.104    13.126 r  cpu_inst/memory_read_data_reg_reg[24]_i_1/O
                         net (fo=1, routed)           0.000    13.126    cpu_inst/data_mem__0[24]
    SLICE_X37Y100        FDRE                                         r  cpu_inst/memory_read_data_reg_reg[24]/D
  -------------------------------------------------------------------    -------------------

                         (clock sys_clk_pin rise edge)
                                                     10.000    10.000 r  <hidden>
                         propagated clock network latency
                                                      4.950    14.950    <hidden>
                         clock pessimism              0.187    15.137    <hidden>
                         clock uncertainty           -0.035    15.102    <hidden>
    SLICE_X37Y100        FDRE (Setup_fdre_C_D)        0.064    15.166    cpu_inst/memory_read_data_reg_reg[24]
  -------------------------------------------------------------------
                         required time                         15.166    <hidden>
                         arrival time                         -13.126    <hidden>
  -------------------------------------------------------------------
                         slack                                  2.040    <hidden>

Slack (MET) :             2.040ns  (required time - arrival time)
  Source:                 cpu_inst/alu_result_reg_reg[2]/C
                            (rising edge-triggered cell FDRE clocked by sys_clk_pin  {rise@0.000ns fall@5.000ns period=10.000ns})
  Destination:            cpu_inst/memory_read_data_reg_reg[18]/D
                            (rising edge-triggered cell FDRE clocked by sys_clk_pin  {rise@0.000ns fall@5.000ns period=10.000ns})
  Path Group:             sys_clk_pin
  Path Type:              Setup (Max at Slow Process Corner)
  Requirement:            10.000ns  (sys_clk_pin rise@10.000ns - sys_clk_pin rise@0.000ns)
  Data Path Delay:        8.048ns  (logic 1.549ns (19.246%)  route 6.499ns (80.754%))
  Logic Levels:           6  (LUT6=2 MUXF7=2 MUXF8=2)
  Clock Path Skew:        0.060ns (DCD - SCD + CPR)
    Destination Clock Delay (DCD):    4.950ns = ( 14.950 - 10.000 ) 
    Source Clock Delay      (SCD):    5.077ns
    Clock Pessimism Removal (CPR):    0.187ns
  Clock Uncertainty:      0.035ns  ((TSJ^2 + TIJ^2)^1/2 + DJ) / 2 + PE
    Total System Jitter     (TSJ):    0.071ns
    Total Input Jitter      (TIJ):    0.000ns
    Discrete Jitter          (DJ):    0.000ns
    Phase Error              (PE):    0.000ns

    Location             Delay type                Incr(ns)  Path(ns)    Netlist Resource(s)
  -------------------------------------------------------------------    -------------------
                         (clock sys_clk_pin rise edge)
                                                      0.000     0.000 r  <hidden>
                         propagated clock network latency
                                                      5.077     5.077    <hidden>
    SLICE_X15Y58         FDRE                         0.000     5.077 r  cpu_inst/alu_result_reg_reg[2]/C
    SLICE_X15Y58         FDRE (Prop_fdre_C_Q)         0.456     5.533 r  cpu_inst/alu_result_reg_reg[2]/Q
                         net (fo=2205, routed)        5.767    11.300    cpu_inst/alu_result_reg_reg_n_0_[2]
    SLICE_X55Y111        LUT6 (Prop_lut6_I4_O)        0.124    11.424 r  cpu_inst/memory_read_data_reg[18]_i_71/O
                         net (fo=1, routed)           0.000    11.424    cpu_inst/memory_read_data_reg[18]_i_71_n_0
    SLICE_X55Y111        MUXF7 (Prop_muxf7_I1_O)      0.217    11.641 r  cpu_inst/memory_read_data_reg_reg[18]_i_31/O
                         net (fo=1, routed)           0.000    11.641    cpu_inst/memory_read_data_reg_reg[18]_i_31_n_0
    SLICE_X55Y111        MUXF8 (Prop_muxf8_I1_O)      0.094    11.735 r  cpu_inst/memory_read_data_reg_reg[18]_i_11/O
                         net (fo=1, routed)           0.732    12.467    cpu_inst/memory_read_data_reg_reg[18]_i_11_n_0
    SLICE_X48Y111        LUT6 (Prop_lut6_I5_O)        0.316    12.783 r  cpu_inst/memory_read_data_reg[18]_i_4/O
                         net (fo=1, routed)           0.000    12.783    cpu_inst/memory_read_data_reg[18]_i_4_n_0
    SLICE_X48Y111        MUXF7 (Prop_muxf7_I0_O)      0.238    13.021 r  cpu_inst/memory_read_data_reg_reg[18]_i_2/O
                         net (fo=1, routed)           0.000    13.021    cpu_inst/memory_read_data_reg_reg[18]_i_2_n_0
    SLICE_X48Y111        MUXF8 (Prop_muxf8_I0_O)      0.104    13.125 r  cpu_inst/memory_read_data_reg_reg[18]_i_1/O
                         net (fo=1, routed)           0.000    13.125    cpu_inst/data_mem__0[18]
    SLICE_X48Y111        FDRE                                         r  cpu_inst/memory_read_data_reg_reg[18]/D
  -------------------------------------------------------------------    -------------------

                         (clock sys_clk_pin rise edge)
                                                     10.000    10.000 r  <hidden>
                         propagated clock network latency
                                                      4.950    14.950    <hidden>
                         clock pessimism              0.187    15.137    <hidden>
                         clock uncertainty           -0.035    15.102    <hidden>
    SLICE_X48Y111        FDRE (Setup_fdre_C_D)        0.064    15.166    cpu_inst/memory_read_data_reg_reg[18]
  -------------------------------------------------------------------
                         required time                         15.166    <hidden>
                         arrival time                         -13.125    <hidden>
  -------------------------------------------------------------------
                         slack                                  2.040    <hidden>

Slack (MET) :             2.078ns  (required time - arrival time)
  Source:                 cpu_inst/FSM_onehot_state_reg[3]/C
                            (rising edge-triggered cell FDRE clocked by sys_clk_pin  {rise@0.000ns fall@5.000ns period=10.000ns})
  Destination:            cpu_inst/data_mem_reg[96][22]/CE
                            (rising edge-triggered cell FDRE clocked by sys_clk_pin  {rise@0.000ns fall@5.000ns period=10.000ns})
  Path Group:             sys_clk_pin
  Path Type:              Setup (Max at Slow Process Corner)
  Requirement:            10.000ns  (sys_clk_pin rise@10.000ns - sys_clk_pin rise@0.000ns)
  Data Path Delay:        7.729ns  (logic 1.056ns (13.662%)  route 6.673ns (86.338%))
  Logic Levels:           3  (LUT3=1 LUT6=2)
  Clock Path Skew:        0.048ns (DCD - SCD + CPR)
    Destination Clock Delay (DCD):    4.938ns = ( 14.938 - 10.000 ) 
    Source Clock Delay      (SCD):    5.077ns
    Clock Pessimism Removal (CPR):    0.187ns
  Clock Uncertainty:      0.035ns  ((TSJ^2 + TIJ^2)^1/2 + DJ) / 2 + PE
    Total System Jitter     (TSJ):    0.071ns
    Total Input Jitter      (TIJ):    0.000ns
    Discrete Jitter          (DJ):    0.000ns
    Phase Error              (PE):    0.000ns

    Location             Delay type                Incr(ns)  Path(ns)    Netlist Resource(s)
  -------------------------------------------------------------------    -------------------
                         (clock sys_clk_pin rise edge)
                                                      0.000     0.000 r  <hidden>
                         propagated clock network latency
                                                      5.077     5.077    <hidden>
    SLICE_X11Y58         FDRE                         0.000     5.077 r  cpu_inst/FSM_onehot_state_reg[3]/C
    SLICE_X11Y58         FDRE (Prop_fdre_C_Q)         0.456     5.533 r  cpu_inst/FSM_onehot_state_reg[3]/Q
                         net (fo=7, routed)           1.053     6.586    cpu_inst/FSM_onehot_state_reg_n_0_[3]
    SLICE_X11Y57         LUT6 (Prop_lut6_I0_O)        0.124     6.710 f  cpu_inst/data_mem[25][31]_i_2/O
                         net (fo=104, routed)         0.955     7.665    cpu_inst/FSM_onehot_state_reg[3]_0
    SLICE_X15Y54         LUT3 (Prop_lut3_I0_O)        0.150     7.815 f  cpu_inst/data_mem[1][31]_i_4/O
                         net (fo=8, routed)           0.965     8.780    cpu_inst/data_mem[1][31]_i_4_n_0
    SLICE_X12Y50         LUT6 (Prop_lut6_I5_O)        0.326     9.106 r  cpu_inst/data_mem[96][31]_i_1/O
                         net (fo=32, routed)          3.700    12.806    cpu_inst/data_mem[96][31]_i_1_n_0
    SLICE_X40Y121        FDRE                                         r  cpu_inst/data_mem_reg[96][22]/CE
  -------------------------------------------------------------------    -------------------

                         (clock sys_clk_pin rise edge)
                                                     10.000    10.000 r  <hidden>
                         propagated clock network latency
                                                      4.938    14.938    <hidden>
                         clock pessimism              0.187    15.125    <hidden>
                         clock uncertainty           -0.035    15.090    <hidden>
    SLICE_X40Y121        FDRE (Setup_fdre_C_CE)      -0.205    14.885    cpu_inst/data_mem_reg[96][22]
  -------------------------------------------------------------------
                         required time                         14.885    <hidden>
                         arrival time                         -12.806    <hidden>
  -------------------------------------------------------------------
                         slack                                  2.078    <hidden>




