Copyright 1986-2022 Xilinx, Inc. All Rights Reserved. Copyright 2022-2026 Advanced Micro Devices, Inc. All Rights Reserved.
---------------------------------------------------------------------------------------------------------------------------------------------
| Tool Version : Vivado v.2026.1 (win64) Build 6511674 Tue Jun 16 11:02:23 MDT 2026
| Date         : Thu Jul  9 12:59:25 2026
| Host         : DESKTOP-4GB7DVJ running 64-bit major release  (build 9200)
| Command      : report_timing -max_paths 10 -path_type full -file reports/phase8g/timing/fpga_top_multicycle_synth_worst_paths.rpt
| Design       : fpga_top_multicycle
| Device       : 7a35t-cpg236
| Speed File   : -1  PRODUCTION 1.23 2018-06-13
| Design State : Synthesized
---------------------------------------------------------------------------------------------------------------------------------------------

Timing Report

Slack (MET) :             5.050ns  (required time - arrival time)
  Source:                 cpu_inst/operand_a_reg_reg[1]/C
                            (rising edge-triggered cell FDRE clocked by sys_clk_pin  {rise@0.000ns fall@5.000ns period=10.000ns})
  Destination:            cpu_inst/alu_result_reg_reg[31]/D
                            (rising edge-triggered cell FDRE clocked by sys_clk_pin  {rise@0.000ns fall@5.000ns period=10.000ns})
  Path Group:             sys_clk_pin
  Path Type:              Setup (Max at Slow Process Corner)
  Requirement:            10.000ns  (sys_clk_pin rise@10.000ns - sys_clk_pin rise@0.000ns)
  Data Path Delay:        4.799ns  (logic 2.748ns (57.262%)  route 2.051ns (42.738%))
  Logic Levels:           11  (CARRY4=8 LUT2=1 LUT5=2)
  Clock Path Skew:        -0.145ns (DCD - SCD + CPR)
    Destination Clock Delay (DCD):    2.678ns = ( 12.678 - 10.000 ) 
    Source Clock Delay      (SCD):    2.938ns
    Clock Pessimism Removal (CPR):    0.115ns
  Clock Uncertainty:      0.035ns  ((TSJ^2 + TIJ^2)^1/2 + DJ) / 2 + PE
    Total System Jitter     (TSJ):    0.071ns
    Total Input Jitter      (TIJ):    0.000ns
    Discrete Jitter          (DJ):    0.000ns
    Phase Error              (PE):    0.000ns

    Location             Delay type                Incr(ns)  Path(ns)    Netlist Resource(s)
  -------------------------------------------------------------------    -------------------
                         (clock sys_clk_pin rise edge)
                                                      0.000     0.000 r  <hidden>
                         propagated clock network latency
                                                      2.938     2.938    <hidden>
                         FDRE                         0.000     2.938 r  cpu_inst/operand_a_reg_reg[1]/C
                         FDRE (Prop_fdre_C_Q)         0.456     3.394 r  cpu_inst/operand_a_reg_reg[1]/Q
                         net (fo=9, unplaced)         0.511     3.905    cpu_inst/operand_a[1]
                         LUT2 (Prop_lut2_I0_O)        0.295     4.200 r  cpu_inst/alu_result_reg[3]_i_10/O
                         net (fo=1, unplaced)         0.000     4.200    cpu_inst/alu_result_reg[3]_i_10_n_0
                         CARRY4 (Prop_carry4_S[1]_CO[3])
                                                      0.533     4.733 r  cpu_inst/alu_result_reg_reg[3]_i_5/CO[3]
                         net (fo=1, unplaced)         0.009     4.742    cpu_inst/alu_result_reg_reg[3]_i_5_n_0
                         CARRY4 (Prop_carry4_CI_CO[3])
                                                      0.117     4.859 r  cpu_inst/alu_result_reg_reg[7]_i_5/CO[3]
                         net (fo=1, unplaced)         0.000     4.859    cpu_inst/alu_result_reg_reg[7]_i_5_n_0
                         CARRY4 (Prop_carry4_CI_CO[3])
                                                      0.117     4.976 r  cpu_inst/alu_result_reg_reg[11]_i_5/CO[3]
                         net (fo=1, unplaced)         0.000     4.976    cpu_inst/alu_result_reg_reg[11]_i_5_n_0
                         CARRY4 (Prop_carry4_CI_CO[3])
                                                      0.117     5.093 r  cpu_inst/alu_result_reg_reg[15]_i_7/CO[3]
                         net (fo=1, unplaced)         0.000     5.093    cpu_inst/alu_result_reg_reg[15]_i_7_n_0
                         CARRY4 (Prop_carry4_CI_CO[3])
                                                      0.117     5.210 r  cpu_inst/alu_result_reg_reg[19]_i_5/CO[3]
                         net (fo=1, unplaced)         0.000     5.210    cpu_inst/alu_result_reg_reg[19]_i_5_n_0
                         CARRY4 (Prop_carry4_CI_CO[3])
                                                      0.117     5.327 r  cpu_inst/alu_result_reg_reg[23]_i_5/CO[3]
                         net (fo=1, unplaced)         0.000     5.327    cpu_inst/alu_result_reg_reg[23]_i_5_n_0
                         CARRY4 (Prop_carry4_CI_CO[3])
                                                      0.117     5.444 r  cpu_inst/alu_result_reg_reg[27]_i_5/CO[3]
                         net (fo=1, unplaced)         0.000     5.444    cpu_inst/alu_result_reg_reg[27]_i_5_n_0
                         CARRY4 (Prop_carry4_CI_O[3])
                                                      0.331     5.775 r  cpu_inst/alu_result_reg_reg[31]_i_6/O[3]
                         net (fo=2, unplaced)         0.629     6.404    cpu_inst/alu_result_reg_reg[31]_i_6_n_4
                         LUT5 (Prop_lut5_I4_O)        0.307     6.711 f  cpu_inst/alu_result_reg[31]_i_3/O
                         net (fo=1, unplaced)         0.902     7.613    cpu_inst/alu_result_reg[31]_i_3_n_0
                         LUT5 (Prop_lut5_I0_O)        0.124     7.737 r  cpu_inst/alu_result_reg[31]_i_2/O
                         net (fo=1, unplaced)         0.000     7.737    cpu_inst/alu_result_reg[31]_i_2_n_0
                         FDRE                                         r  cpu_inst/alu_result_reg_reg[31]/D
  -------------------------------------------------------------------    -------------------

                         (clock sys_clk_pin rise edge)
                                                     10.000    10.000 r  <hidden>
                         propagated clock network latency
                                                      2.678    12.678    <hidden>
                         clock pessimism              0.115    12.793    <hidden>
                         clock uncertainty           -0.035    12.758    <hidden>
                         FDRE (Setup_fdre_C_D)        0.029    12.787    cpu_inst/alu_result_reg_reg[31]
  -------------------------------------------------------------------
                         required time                         12.787    <hidden>
                         arrival time                          -7.737    <hidden>
  -------------------------------------------------------------------
                         slack                                  5.050    <hidden>

Slack (MET) :             5.167ns  (required time - arrival time)
  Source:                 cpu_inst/operand_a_reg_reg[1]/C
                            (rising edge-triggered cell FDRE clocked by sys_clk_pin  {rise@0.000ns fall@5.000ns period=10.000ns})
  Destination:            cpu_inst/alu_result_reg_reg[27]/D
                            (rising edge-triggered cell FDRE clocked by sys_clk_pin  {rise@0.000ns fall@5.000ns period=10.000ns})
  Path Group:             sys_clk_pin
  Path Type:              Setup (Max at Slow Process Corner)
  Requirement:            10.000ns  (sys_clk_pin rise@10.000ns - sys_clk_pin rise@0.000ns)
  Data Path Delay:        4.682ns  (logic 2.631ns (56.194%)  route 2.051ns (43.806%))
  Logic Levels:           10  (CARRY4=7 LUT2=1 LUT5=2)
  Clock Path Skew:        -0.145ns (DCD - SCD + CPR)
    Destination Clock Delay (DCD):    2.678ns = ( 12.678 - 10.000 ) 
    Source Clock Delay      (SCD):    2.938ns
    Clock Pessimism Removal (CPR):    0.115ns
  Clock Uncertainty:      0.035ns  ((TSJ^2 + TIJ^2)^1/2 + DJ) / 2 + PE
    Total System Jitter     (TSJ):    0.071ns
    Total Input Jitter      (TIJ):    0.000ns
    Discrete Jitter          (DJ):    0.000ns
    Phase Error              (PE):    0.000ns

    Location             Delay type                Incr(ns)  Path(ns)    Netlist Resource(s)
  -------------------------------------------------------------------    -------------------
                         (clock sys_clk_pin rise edge)
                                                      0.000     0.000 r  <hidden>
                         propagated clock network latency
                                                      2.938     2.938    <hidden>
                         FDRE                         0.000     2.938 r  cpu_inst/operand_a_reg_reg[1]/C
                         FDRE (Prop_fdre_C_Q)         0.456     3.394 r  cpu_inst/operand_a_reg_reg[1]/Q
                         net (fo=9, unplaced)         0.511     3.905    cpu_inst/operand_a[1]
                         LUT2 (Prop_lut2_I0_O)        0.295     4.200 r  cpu_inst/alu_result_reg[3]_i_10/O
                         net (fo=1, unplaced)         0.000     4.200    cpu_inst/alu_result_reg[3]_i_10_n_0
                         CARRY4 (Prop_carry4_S[1]_CO[3])
                                                      0.533     4.733 r  cpu_inst/alu_result_reg_reg[3]_i_5/CO[3]
                         net (fo=1, unplaced)         0.009     4.742    cpu_inst/alu_result_reg_reg[3]_i_5_n_0
                         CARRY4 (Prop_carry4_CI_CO[3])
                                                      0.117     4.859 r  cpu_inst/alu_result_reg_reg[7]_i_5/CO[3]
                         net (fo=1, unplaced)         0.000     4.859    cpu_inst/alu_result_reg_reg[7]_i_5_n_0
                         CARRY4 (Prop_carry4_CI_CO[3])
                                                      0.117     4.976 r  cpu_inst/alu_result_reg_reg[11]_i_5/CO[3]
                         net (fo=1, unplaced)         0.000     4.976    cpu_inst/alu_result_reg_reg[11]_i_5_n_0
                         CARRY4 (Prop_carry4_CI_CO[3])
                                                      0.117     5.093 r  cpu_inst/alu_result_reg_reg[15]_i_7/CO[3]
                         net (fo=1, unplaced)         0.000     5.093    cpu_inst/alu_result_reg_reg[15]_i_7_n_0
                         CARRY4 (Prop_carry4_CI_CO[3])
                                                      0.117     5.210 r  cpu_inst/alu_result_reg_reg[19]_i_5/CO[3]
                         net (fo=1, unplaced)         0.000     5.210    cpu_inst/alu_result_reg_reg[19]_i_5_n_0
                         CARRY4 (Prop_carry4_CI_CO[3])
                                                      0.117     5.327 r  cpu_inst/alu_result_reg_reg[23]_i_5/CO[3]
                         net (fo=1, unplaced)         0.000     5.327    cpu_inst/alu_result_reg_reg[23]_i_5_n_0
                         CARRY4 (Prop_carry4_CI_O[3])
                                                      0.331     5.658 r  cpu_inst/alu_result_reg_reg[27]_i_5/O[3]
                         net (fo=2, unplaced)         0.629     6.287    cpu_inst/alu_result_reg_reg[27]_i_5_n_4
                         LUT5 (Prop_lut5_I4_O)        0.307     6.594 f  cpu_inst/alu_result_reg[27]_i_2/O
                         net (fo=1, unplaced)         0.902     7.496    cpu_inst/alu_result_reg[27]_i_2_n_0
                         LUT5 (Prop_lut5_I0_O)        0.124     7.620 r  cpu_inst/alu_result_reg[27]_i_1/O
                         net (fo=1, unplaced)         0.000     7.620    cpu_inst/alu_result_reg[27]_i_1_n_0
                         FDRE                                         r  cpu_inst/alu_result_reg_reg[27]/D
  -------------------------------------------------------------------    -------------------

                         (clock sys_clk_pin rise edge)
                                                     10.000    10.000 r  <hidden>
                         propagated clock network latency
                                                      2.678    12.678    <hidden>
                         clock pessimism              0.115    12.793    <hidden>
                         clock uncertainty           -0.035    12.758    <hidden>
                         FDRE (Setup_fdre_C_D)        0.029    12.787    cpu_inst/alu_result_reg_reg[27]
  -------------------------------------------------------------------
                         required time                         12.787    <hidden>
                         arrival time                          -7.620    <hidden>
  -------------------------------------------------------------------
                         slack                                  5.167    <hidden>

Slack (MET) :             5.284ns  (required time - arrival time)
  Source:                 cpu_inst/operand_a_reg_reg[1]/C
                            (rising edge-triggered cell FDRE clocked by sys_clk_pin  {rise@0.000ns fall@5.000ns period=10.000ns})
  Destination:            cpu_inst/alu_result_reg_reg[23]/D
                            (rising edge-triggered cell FDRE clocked by sys_clk_pin  {rise@0.000ns fall@5.000ns period=10.000ns})
  Path Group:             sys_clk_pin
  Path Type:              Setup (Max at Slow Process Corner)
  Requirement:            10.000ns  (sys_clk_pin rise@10.000ns - sys_clk_pin rise@0.000ns)
  Data Path Delay:        4.565ns  (logic 2.514ns (55.071%)  route 2.051ns (44.929%))
  Logic Levels:           9  (CARRY4=6 LUT2=1 LUT5=2)
  Clock Path Skew:        -0.145ns (DCD - SCD + CPR)
    Destination Clock Delay (DCD):    2.678ns = ( 12.678 - 10.000 ) 
    Source Clock Delay      (SCD):    2.938ns
    Clock Pessimism Removal (CPR):    0.115ns
  Clock Uncertainty:      0.035ns  ((TSJ^2 + TIJ^2)^1/2 + DJ) / 2 + PE
    Total System Jitter     (TSJ):    0.071ns
    Total Input Jitter      (TIJ):    0.000ns
    Discrete Jitter          (DJ):    0.000ns
    Phase Error              (PE):    0.000ns

    Location             Delay type                Incr(ns)  Path(ns)    Netlist Resource(s)
  -------------------------------------------------------------------    -------------------
                         (clock sys_clk_pin rise edge)
                                                      0.000     0.000 r  <hidden>
                         propagated clock network latency
                                                      2.938     2.938    <hidden>
                         FDRE                         0.000     2.938 r  cpu_inst/operand_a_reg_reg[1]/C
                         FDRE (Prop_fdre_C_Q)         0.456     3.394 r  cpu_inst/operand_a_reg_reg[1]/Q
                         net (fo=9, unplaced)         0.511     3.905    cpu_inst/operand_a[1]
                         LUT2 (Prop_lut2_I0_O)        0.295     4.200 r  cpu_inst/alu_result_reg[3]_i_10/O
                         net (fo=1, unplaced)         0.000     4.200    cpu_inst/alu_result_reg[3]_i_10_n_0
                         CARRY4 (Prop_carry4_S[1]_CO[3])
                                                      0.533     4.733 r  cpu_inst/alu_result_reg_reg[3]_i_5/CO[3]
                         net (fo=1, unplaced)         0.009     4.742    cpu_inst/alu_result_reg_reg[3]_i_5_n_0
                         CARRY4 (Prop_carry4_CI_CO[3])
                                                      0.117     4.859 r  cpu_inst/alu_result_reg_reg[7]_i_5/CO[3]
                         net (fo=1, unplaced)         0.000     4.859    cpu_inst/alu_result_reg_reg[7]_i_5_n_0
                         CARRY4 (Prop_carry4_CI_CO[3])
                                                      0.117     4.976 r  cpu_inst/alu_result_reg_reg[11]_i_5/CO[3]
                         net (fo=1, unplaced)         0.000     4.976    cpu_inst/alu_result_reg_reg[11]_i_5_n_0
                         CARRY4 (Prop_carry4_CI_CO[3])
                                                      0.117     5.093 r  cpu_inst/alu_result_reg_reg[15]_i_7/CO[3]
                         net (fo=1, unplaced)         0.000     5.093    cpu_inst/alu_result_reg_reg[15]_i_7_n_0
                         CARRY4 (Prop_carry4_CI_CO[3])
                                                      0.117     5.210 r  cpu_inst/alu_result_reg_reg[19]_i_5/CO[3]
                         net (fo=1, unplaced)         0.000     5.210    cpu_inst/alu_result_reg_reg[19]_i_5_n_0
                         CARRY4 (Prop_carry4_CI_O[3])
                                                      0.331     5.541 r  cpu_inst/alu_result_reg_reg[23]_i_5/O[3]
                         net (fo=2, unplaced)         0.629     6.170    cpu_inst/alu_result_reg_reg[23]_i_5_n_4
                         LUT5 (Prop_lut5_I4_O)        0.307     6.477 f  cpu_inst/alu_result_reg[23]_i_2/O
                         net (fo=1, unplaced)         0.902     7.379    cpu_inst/alu_result_reg[23]_i_2_n_0
                         LUT5 (Prop_lut5_I0_O)        0.124     7.503 r  cpu_inst/alu_result_reg[23]_i_1/O
                         net (fo=1, unplaced)         0.000     7.503    cpu_inst/alu_result_reg[23]_i_1_n_0
                         FDRE                                         r  cpu_inst/alu_result_reg_reg[23]/D
  -------------------------------------------------------------------    -------------------

                         (clock sys_clk_pin rise edge)
                                                     10.000    10.000 r  <hidden>
                         propagated clock network latency
                                                      2.678    12.678    <hidden>
                         clock pessimism              0.115    12.793    <hidden>
                         clock uncertainty           -0.035    12.758    <hidden>
                         FDRE (Setup_fdre_C_D)        0.029    12.787    cpu_inst/alu_result_reg_reg[23]
  -------------------------------------------------------------------
                         required time                         12.787    <hidden>
                         arrival time                          -7.503    <hidden>
  -------------------------------------------------------------------
                         slack                                  5.284    <hidden>

Slack (MET) :             5.297ns  (required time - arrival time)
  Source:                 cpu_inst/operand_a_reg_reg[1]/C
                            (rising edge-triggered cell FDRE clocked by sys_clk_pin  {rise@0.000ns fall@5.000ns period=10.000ns})
  Destination:            cpu_inst/alu_result_reg_reg[30]/D
                            (rising edge-triggered cell FDRE clocked by sys_clk_pin  {rise@0.000ns fall@5.000ns period=10.000ns})
  Path Group:             sys_clk_pin
  Path Type:              Setup (Max at Slow Process Corner)
  Requirement:            10.000ns  (sys_clk_pin rise@10.000ns - sys_clk_pin rise@0.000ns)
  Data Path Delay:        4.552ns  (logic 2.667ns (58.590%)  route 1.885ns (41.410%))
  Logic Levels:           11  (CARRY4=8 LUT2=1 LUT5=2)
  Clock Path Skew:        -0.145ns (DCD - SCD + CPR)
    Destination Clock Delay (DCD):    2.678ns = ( 12.678 - 10.000 ) 
    Source Clock Delay      (SCD):    2.938ns
    Clock Pessimism Removal (CPR):    0.115ns
  Clock Uncertainty:      0.035ns  ((TSJ^2 + TIJ^2)^1/2 + DJ) / 2 + PE
    Total System Jitter     (TSJ):    0.071ns
    Total Input Jitter      (TIJ):    0.000ns
    Discrete Jitter          (DJ):    0.000ns
    Phase Error              (PE):    0.000ns

    Location             Delay type                Incr(ns)  Path(ns)    Netlist Resource(s)
  -------------------------------------------------------------------    -------------------
                         (clock sys_clk_pin rise edge)
                                                      0.000     0.000 r  <hidden>
                         propagated clock network latency
                                                      2.938     2.938    <hidden>
                         FDRE                         0.000     2.938 r  cpu_inst/operand_a_reg_reg[1]/C
                         FDRE (Prop_fdre_C_Q)         0.456     3.394 r  cpu_inst/operand_a_reg_reg[1]/Q
                         net (fo=9, unplaced)         0.511     3.905    cpu_inst/operand_a[1]
                         LUT2 (Prop_lut2_I0_O)        0.295     4.200 r  cpu_inst/alu_result_reg[3]_i_10/O
                         net (fo=1, unplaced)         0.000     4.200    cpu_inst/alu_result_reg[3]_i_10_n_0
                         CARRY4 (Prop_carry4_S[1]_CO[3])
                                                      0.533     4.733 r  cpu_inst/alu_result_reg_reg[3]_i_5/CO[3]
                         net (fo=1, unplaced)         0.009     4.742    cpu_inst/alu_result_reg_reg[3]_i_5_n_0
                         CARRY4 (Prop_carry4_CI_CO[3])
                                                      0.117     4.859 r  cpu_inst/alu_result_reg_reg[7]_i_5/CO[3]
                         net (fo=1, unplaced)         0.000     4.859    cpu_inst/alu_result_reg_reg[7]_i_5_n_0
                         CARRY4 (Prop_carry4_CI_CO[3])
                                                      0.117     4.976 r  cpu_inst/alu_result_reg_reg[11]_i_5/CO[3]
                         net (fo=1, unplaced)         0.000     4.976    cpu_inst/alu_result_reg_reg[11]_i_5_n_0
                         CARRY4 (Prop_carry4_CI_CO[3])
                                                      0.117     5.093 r  cpu_inst/alu_result_reg_reg[15]_i_7/CO[3]
                         net (fo=1, unplaced)         0.000     5.093    cpu_inst/alu_result_reg_reg[15]_i_7_n_0
                         CARRY4 (Prop_carry4_CI_CO[3])
                                                      0.117     5.210 r  cpu_inst/alu_result_reg_reg[19]_i_5/CO[3]
                         net (fo=1, unplaced)         0.000     5.210    cpu_inst/alu_result_reg_reg[19]_i_5_n_0
                         CARRY4 (Prop_carry4_CI_CO[3])
                                                      0.117     5.327 r  cpu_inst/alu_result_reg_reg[23]_i_5/CO[3]
                         net (fo=1, unplaced)         0.000     5.327    cpu_inst/alu_result_reg_reg[23]_i_5_n_0
                         CARRY4 (Prop_carry4_CI_CO[3])
                                                      0.117     5.444 r  cpu_inst/alu_result_reg_reg[27]_i_5/CO[3]
                         net (fo=1, unplaced)         0.000     5.444    cpu_inst/alu_result_reg_reg[27]_i_5_n_0
                         CARRY4 (Prop_carry4_CI_O[2])
                                                      0.256     5.700 r  cpu_inst/alu_result_reg_reg[31]_i_6/O[2]
                         net (fo=2, unplaced)         0.463     6.163    cpu_inst/alu_result_reg_reg[31]_i_6_n_5
                         LUT5 (Prop_lut5_I4_O)        0.301     6.464 f  cpu_inst/alu_result_reg[30]_i_2/O
                         net (fo=1, unplaced)         0.902     7.366    cpu_inst/alu_result_reg[30]_i_2_n_0
                         LUT5 (Prop_lut5_I0_O)        0.124     7.490 r  cpu_inst/alu_result_reg[30]_i_1/O
                         net (fo=1, unplaced)         0.000     7.490    cpu_inst/alu_result_reg[30]_i_1_n_0
                         FDRE                                         r  cpu_inst/alu_result_reg_reg[30]/D
  -------------------------------------------------------------------    -------------------

                         (clock sys_clk_pin rise edge)
                                                     10.000    10.000 r  <hidden>
                         propagated clock network latency
                                                      2.678    12.678    <hidden>
                         clock pessimism              0.115    12.793    <hidden>
                         clock uncertainty           -0.035    12.758    <hidden>
                         FDRE (Setup_fdre_C_D)        0.029    12.787    cpu_inst/alu_result_reg_reg[30]
  -------------------------------------------------------------------
                         required time                         12.787    <hidden>
                         arrival time                          -7.490    <hidden>
  -------------------------------------------------------------------
                         slack                                  5.297    <hidden>

Slack (MET) :             5.351ns  (required time - arrival time)
  Source:                 cpu_inst/operand_a_reg_reg[1]/C
                            (rising edge-triggered cell FDRE clocked by sys_clk_pin  {rise@0.000ns fall@5.000ns period=10.000ns})
  Destination:            cpu_inst/alu_result_reg_reg[29]/D
                            (rising edge-triggered cell FDRE clocked by sys_clk_pin  {rise@0.000ns fall@5.000ns period=10.000ns})
  Path Group:             sys_clk_pin
  Path Type:              Setup (Max at Slow Process Corner)
  Requirement:            10.000ns  (sys_clk_pin rise@10.000ns - sys_clk_pin rise@0.000ns)
  Data Path Delay:        4.498ns  (logic 2.753ns (61.205%)  route 1.745ns (38.795%))
  Logic Levels:           11  (CARRY4=8 LUT2=1 LUT5=2)
  Clock Path Skew:        -0.145ns (DCD - SCD + CPR)
    Destination Clock Delay (DCD):    2.678ns = ( 12.678 - 10.000 ) 
    Source Clock Delay      (SCD):    2.938ns
    Clock Pessimism Removal (CPR):    0.115ns
  Clock Uncertainty:      0.035ns  ((TSJ^2 + TIJ^2)^1/2 + DJ) / 2 + PE
    Total System Jitter     (TSJ):    0.071ns
    Total Input Jitter      (TIJ):    0.000ns
    Discrete Jitter          (DJ):    0.000ns
    Phase Error              (PE):    0.000ns

    Location             Delay type                Incr(ns)  Path(ns)    Netlist Resource(s)
  -------------------------------------------------------------------    -------------------
                         (clock sys_clk_pin rise edge)
                                                      0.000     0.000 r  <hidden>
                         propagated clock network latency
                                                      2.938     2.938    <hidden>
                         FDRE                         0.000     2.938 r  cpu_inst/operand_a_reg_reg[1]/C
                         FDRE (Prop_fdre_C_Q)         0.456     3.394 r  cpu_inst/operand_a_reg_reg[1]/Q
                         net (fo=9, unplaced)         0.511     3.905    cpu_inst/operand_a[1]
                         LUT2 (Prop_lut2_I0_O)        0.295     4.200 r  cpu_inst/alu_result_reg[3]_i_10/O
                         net (fo=1, unplaced)         0.000     4.200    cpu_inst/alu_result_reg[3]_i_10_n_0
                         CARRY4 (Prop_carry4_S[1]_CO[3])
                                                      0.533     4.733 r  cpu_inst/alu_result_reg_reg[3]_i_5/CO[3]
                         net (fo=1, unplaced)         0.009     4.742    cpu_inst/alu_result_reg_reg[3]_i_5_n_0
                         CARRY4 (Prop_carry4_CI_CO[3])
                                                      0.117     4.859 r  cpu_inst/alu_result_reg_reg[7]_i_5/CO[3]
                         net (fo=1, unplaced)         0.000     4.859    cpu_inst/alu_result_reg_reg[7]_i_5_n_0
                         CARRY4 (Prop_carry4_CI_CO[3])
                                                      0.117     4.976 r  cpu_inst/alu_result_reg_reg[11]_i_5/CO[3]
                         net (fo=1, unplaced)         0.000     4.976    cpu_inst/alu_result_reg_reg[11]_i_5_n_0
                         CARRY4 (Prop_carry4_CI_CO[3])
                                                      0.117     5.093 r  cpu_inst/alu_result_reg_reg[15]_i_7/CO[3]
                         net (fo=1, unplaced)         0.000     5.093    cpu_inst/alu_result_reg_reg[15]_i_7_n_0
                         CARRY4 (Prop_carry4_CI_CO[3])
                                                      0.117     5.210 r  cpu_inst/alu_result_reg_reg[19]_i_5/CO[3]
                         net (fo=1, unplaced)         0.000     5.210    cpu_inst/alu_result_reg_reg[19]_i_5_n_0
                         CARRY4 (Prop_carry4_CI_CO[3])
                                                      0.117     5.327 r  cpu_inst/alu_result_reg_reg[23]_i_5/CO[3]
                         net (fo=1, unplaced)         0.000     5.327    cpu_inst/alu_result_reg_reg[23]_i_5_n_0
                         CARRY4 (Prop_carry4_CI_CO[3])
                                                      0.117     5.444 r  cpu_inst/alu_result_reg_reg[27]_i_5/CO[3]
                         net (fo=1, unplaced)         0.000     5.444    cpu_inst/alu_result_reg_reg[27]_i_5_n_0
                         CARRY4 (Prop_carry4_CI_O[1])
                                                      0.337     5.781 r  cpu_inst/alu_result_reg_reg[31]_i_6/O[1]
                         net (fo=2, unplaced)         0.323     6.104    cpu_inst/alu_result_reg_reg[31]_i_6_n_6
                         LUT5 (Prop_lut5_I4_O)        0.306     6.410 f  cpu_inst/alu_result_reg[29]_i_2/O
                         net (fo=1, unplaced)         0.902     7.312    cpu_inst/alu_result_reg[29]_i_2_n_0
                         LUT5 (Prop_lut5_I0_O)        0.124     7.436 r  cpu_inst/alu_result_reg[29]_i_1/O
                         net (fo=1, unplaced)         0.000     7.436    cpu_inst/alu_result_reg[29]_i_1_n_0
                         FDRE                                         r  cpu_inst/alu_result_reg_reg[29]/D
  -------------------------------------------------------------------    -------------------

                         (clock sys_clk_pin rise edge)
                                                     10.000    10.000 r  <hidden>
                         propagated clock network latency
                                                      2.678    12.678    <hidden>
                         clock pessimism              0.115    12.793    <hidden>
                         clock uncertainty           -0.035    12.758    <hidden>
                         FDRE (Setup_fdre_C_D)        0.029    12.787    cpu_inst/alu_result_reg_reg[29]
  -------------------------------------------------------------------
                         required time                         12.787    <hidden>
                         arrival time                          -7.436    <hidden>
  -------------------------------------------------------------------
                         slack                                  5.351    <hidden>

Slack (MET) :             5.385ns  (required time - arrival time)
  Source:                 cpu_inst/instruction_pc_reg[1]/C
                            (rising edge-triggered cell FDRE clocked by sys_clk_pin  {rise@0.000ns fall@5.000ns period=10.000ns})
  Destination:            cpu_inst/alu_result_reg_reg[14]/D
                            (rising edge-triggered cell FDRE clocked by sys_clk_pin  {rise@0.000ns fall@5.000ns period=10.000ns})
  Path Group:             sys_clk_pin
  Path Type:              Setup (Max at Slow Process Corner)
  Requirement:            10.000ns  (sys_clk_pin rise@10.000ns - sys_clk_pin rise@0.000ns)
  Data Path Delay:        4.464ns  (logic 2.265ns (50.739%)  route 2.199ns (49.261%))
  Logic Levels:           6  (CARRY4=4 LUT4=1 LUT6=1)
  Clock Path Skew:        -0.145ns (DCD - SCD + CPR)
    Destination Clock Delay (DCD):    2.678ns = ( 12.678 - 10.000 ) 
    Source Clock Delay      (SCD):    2.938ns
    Clock Pessimism Removal (CPR):    0.115ns
  Clock Uncertainty:      0.035ns  ((TSJ^2 + TIJ^2)^1/2 + DJ) / 2 + PE
    Total System Jitter     (TSJ):    0.071ns
    Total Input Jitter      (TIJ):    0.000ns
    Discrete Jitter          (DJ):    0.000ns
    Phase Error              (PE):    0.000ns

    Location             Delay type                Incr(ns)  Path(ns)    Netlist Resource(s)
  -------------------------------------------------------------------    -------------------
                         (clock sys_clk_pin rise edge)
                                                      0.000     0.000 r  <hidden>
                         propagated clock network latency
                                                      2.938     2.938    <hidden>
                         FDRE                         0.000     2.938 r  cpu_inst/instruction_pc_reg[1]/C
                         FDRE (Prop_fdre_C_Q)         0.456     3.394 r  cpu_inst/instruction_pc_reg[1]/Q
                         net (fo=1, unplaced)         0.666     4.060    cpu_inst/instruction_pc_reg_n_0_[1]
                         CARRY4 (Prop_carry4_S[0]_CO[3])
                                                      0.808     4.868 r  cpu_inst/pc_reg[4]_i_3/CO[3]
                         net (fo=1, unplaced)         0.009     4.877    cpu_inst/pc_reg[4]_i_3_n_0
                         CARRY4 (Prop_carry4_CI_CO[3])
                                                      0.117     4.994 r  cpu_inst/pc_reg[8]_i_3/CO[3]
                         net (fo=1, unplaced)         0.000     4.994    cpu_inst/pc_reg[8]_i_3_n_0
                         CARRY4 (Prop_carry4_CI_CO[3])
                                                      0.117     5.111 r  cpu_inst/pc_reg[12]_i_3/CO[3]
                         net (fo=1, unplaced)         0.000     5.111    cpu_inst/pc_reg[12]_i_3_n_0
                         CARRY4 (Prop_carry4_CI_O[1])
                                                      0.337     5.448 r  cpu_inst/pc_reg[16]_i_3/O[1]
                         net (fo=2, unplaced)         0.622     6.070    cpu_inst/data2[14]
                         LUT4 (Prop_lut4_I0_O)        0.306     6.376 r  cpu_inst/alu_result_reg[14]_i_2/O
                         net (fo=1, unplaced)         0.902     7.278    cpu_inst/alu_result_reg[14]_i_2_n_0
                         LUT6 (Prop_lut6_I0_O)        0.124     7.402 r  cpu_inst/alu_result_reg[14]_i_1/O
                         net (fo=1, unplaced)         0.000     7.402    cpu_inst/alu_result_reg[14]_i_1_n_0
                         FDRE                                         r  cpu_inst/alu_result_reg_reg[14]/D
  -------------------------------------------------------------------    -------------------

                         (clock sys_clk_pin rise edge)
                                                     10.000    10.000 r  <hidden>
                         propagated clock network latency
                                                      2.678    12.678    <hidden>
                         clock pessimism              0.115    12.793    <hidden>
                         clock uncertainty           -0.035    12.758    <hidden>
                         FDRE (Setup_fdre_C_D)        0.029    12.787    cpu_inst/alu_result_reg_reg[14]
  -------------------------------------------------------------------
                         required time                         12.787    <hidden>
                         arrival time                          -7.402    <hidden>
  -------------------------------------------------------------------
                         slack                                  5.385    <hidden>

Slack (MET) :             5.401ns  (required time - arrival time)
  Source:                 cpu_inst/operand_a_reg_reg[1]/C
                            (rising edge-triggered cell FDRE clocked by sys_clk_pin  {rise@0.000ns fall@5.000ns period=10.000ns})
  Destination:            cpu_inst/alu_result_reg_reg[19]/D
                            (rising edge-triggered cell FDRE clocked by sys_clk_pin  {rise@0.000ns fall@5.000ns period=10.000ns})
  Path Group:             sys_clk_pin
  Path Type:              Setup (Max at Slow Process Corner)
  Requirement:            10.000ns  (sys_clk_pin rise@10.000ns - sys_clk_pin rise@0.000ns)
  Data Path Delay:        4.448ns  (logic 2.397ns (53.889%)  route 2.051ns (46.111%))
  Logic Levels:           8  (CARRY4=5 LUT2=1 LUT5=2)
  Clock Path Skew:        -0.145ns (DCD - SCD + CPR)
    Destination Clock Delay (DCD):    2.678ns = ( 12.678 - 10.000 ) 
    Source Clock Delay      (SCD):    2.938ns
    Clock Pessimism Removal (CPR):    0.115ns
  Clock Uncertainty:      0.035ns  ((TSJ^2 + TIJ^2)^1/2 + DJ) / 2 + PE
    Total System Jitter     (TSJ):    0.071ns
    Total Input Jitter      (TIJ):    0.000ns
    Discrete Jitter          (DJ):    0.000ns
    Phase Error              (PE):    0.000ns

    Location             Delay type                Incr(ns)  Path(ns)    Netlist Resource(s)
  -------------------------------------------------------------------    -------------------
                         (clock sys_clk_pin rise edge)
                                                      0.000     0.000 r  <hidden>
                         propagated clock network latency
                                                      2.938     2.938    <hidden>
                         FDRE                         0.000     2.938 r  cpu_inst/operand_a_reg_reg[1]/C
                         FDRE (Prop_fdre_C_Q)         0.456     3.394 r  cpu_inst/operand_a_reg_reg[1]/Q
                         net (fo=9, unplaced)         0.511     3.905    cpu_inst/operand_a[1]
                         LUT2 (Prop_lut2_I0_O)        0.295     4.200 r  cpu_inst/alu_result_reg[3]_i_10/O
                         net (fo=1, unplaced)         0.000     4.200    cpu_inst/alu_result_reg[3]_i_10_n_0
                         CARRY4 (Prop_carry4_S[1]_CO[3])
                                                      0.533     4.733 r  cpu_inst/alu_result_reg_reg[3]_i_5/CO[3]
                         net (fo=1, unplaced)         0.009     4.742    cpu_inst/alu_result_reg_reg[3]_i_5_n_0
                         CARRY4 (Prop_carry4_CI_CO[3])
                                                      0.117     4.859 r  cpu_inst/alu_result_reg_reg[7]_i_5/CO[3]
                         net (fo=1, unplaced)         0.000     4.859    cpu_inst/alu_result_reg_reg[7]_i_5_n_0
                         CARRY4 (Prop_carry4_CI_CO[3])
                                                      0.117     4.976 r  cpu_inst/alu_result_reg_reg[11]_i_5/CO[3]
                         net (fo=1, unplaced)         0.000     4.976    cpu_inst/alu_result_reg_reg[11]_i_5_n_0
                         CARRY4 (Prop_carry4_CI_CO[3])
                                                      0.117     5.093 r  cpu_inst/alu_result_reg_reg[15]_i_7/CO[3]
                         net (fo=1, unplaced)         0.000     5.093    cpu_inst/alu_result_reg_reg[15]_i_7_n_0
                         CARRY4 (Prop_carry4_CI_O[3])
                                                      0.331     5.424 r  cpu_inst/alu_result_reg_reg[19]_i_5/O[3]
                         net (fo=2, unplaced)         0.629     6.053    cpu_inst/alu_result_reg_reg[19]_i_5_n_4
                         LUT5 (Prop_lut5_I4_O)        0.307     6.360 f  cpu_inst/alu_result_reg[19]_i_2/O
                         net (fo=1, unplaced)         0.902     7.262    cpu_inst/alu_result_reg[19]_i_2_n_0
                         LUT5 (Prop_lut5_I0_O)        0.124     7.386 r  cpu_inst/alu_result_reg[19]_i_1/O
                         net (fo=1, unplaced)         0.000     7.386    cpu_inst/alu_result_reg[19]_i_1_n_0
                         FDRE                                         r  cpu_inst/alu_result_reg_reg[19]/D
  -------------------------------------------------------------------    -------------------

                         (clock sys_clk_pin rise edge)
                                                     10.000    10.000 r  <hidden>
                         propagated clock network latency
                                                      2.678    12.678    <hidden>
                         clock pessimism              0.115    12.793    <hidden>
                         clock uncertainty           -0.035    12.758    <hidden>
                         FDRE (Setup_fdre_C_D)        0.029    12.787    cpu_inst/alu_result_reg_reg[19]
  -------------------------------------------------------------------
                         required time                         12.787    <hidden>
                         arrival time                          -7.386    <hidden>
  -------------------------------------------------------------------
                         slack                                  5.401    <hidden>

Slack (MET) :             5.414ns  (required time - arrival time)
  Source:                 cpu_inst/operand_a_reg_reg[1]/C
                            (rising edge-triggered cell FDRE clocked by sys_clk_pin  {rise@0.000ns fall@5.000ns period=10.000ns})
  Destination:            cpu_inst/alu_result_reg_reg[26]/D
                            (rising edge-triggered cell FDRE clocked by sys_clk_pin  {rise@0.000ns fall@5.000ns period=10.000ns})
  Path Group:             sys_clk_pin
  Path Type:              Setup (Max at Slow Process Corner)
  Requirement:            10.000ns  (sys_clk_pin rise@10.000ns - sys_clk_pin rise@0.000ns)
  Data Path Delay:        4.435ns  (logic 2.550ns (57.497%)  route 1.885ns (42.503%))
  Logic Levels:           10  (CARRY4=7 LUT2=1 LUT5=2)
  Clock Path Skew:        -0.145ns (DCD - SCD + CPR)
    Destination Clock Delay (DCD):    2.678ns = ( 12.678 - 10.000 ) 
    Source Clock Delay      (SCD):    2.938ns
    Clock Pessimism Removal (CPR):    0.115ns
  Clock Uncertainty:      0.035ns  ((TSJ^2 + TIJ^2)^1/2 + DJ) / 2 + PE
    Total System Jitter     (TSJ):    0.071ns
    Total Input Jitter      (TIJ):    0.000ns
    Discrete Jitter          (DJ):    0.000ns
    Phase Error              (PE):    0.000ns

    Location             Delay type                Incr(ns)  Path(ns)    Netlist Resource(s)
  -------------------------------------------------------------------    -------------------
                         (clock sys_clk_pin rise edge)
                                                      0.000     0.000 r  <hidden>
                         propagated clock network latency
                                                      2.938     2.938    <hidden>
                         FDRE                         0.000     2.938 r  cpu_inst/operand_a_reg_reg[1]/C
                         FDRE (Prop_fdre_C_Q)         0.456     3.394 r  cpu_inst/operand_a_reg_reg[1]/Q
                         net (fo=9, unplaced)         0.511     3.905    cpu_inst/operand_a[1]
                         LUT2 (Prop_lut2_I0_O)        0.295     4.200 r  cpu_inst/alu_result_reg[3]_i_10/O
                         net (fo=1, unplaced)         0.000     4.200    cpu_inst/alu_result_reg[3]_i_10_n_0
                         CARRY4 (Prop_carry4_S[1]_CO[3])
                                                      0.533     4.733 r  cpu_inst/alu_result_reg_reg[3]_i_5/CO[3]
                         net (fo=1, unplaced)         0.009     4.742    cpu_inst/alu_result_reg_reg[3]_i_5_n_0
                         CARRY4 (Prop_carry4_CI_CO[3])
                                                      0.117     4.859 r  cpu_inst/alu_result_reg_reg[7]_i_5/CO[3]
                         net (fo=1, unplaced)         0.000     4.859    cpu_inst/alu_result_reg_reg[7]_i_5_n_0
                         CARRY4 (Prop_carry4_CI_CO[3])
                                                      0.117     4.976 r  cpu_inst/alu_result_reg_reg[11]_i_5/CO[3]
                         net (fo=1, unplaced)         0.000     4.976    cpu_inst/alu_result_reg_reg[11]_i_5_n_0
                         CARRY4 (Prop_carry4_CI_CO[3])
                                                      0.117     5.093 r  cpu_inst/alu_result_reg_reg[15]_i_7/CO[3]
                         net (fo=1, unplaced)         0.000     5.093    cpu_inst/alu_result_reg_reg[15]_i_7_n_0
                         CARRY4 (Prop_carry4_CI_CO[3])
                                                      0.117     5.210 r  cpu_inst/alu_result_reg_reg[19]_i_5/CO[3]
                         net (fo=1, unplaced)         0.000     5.210    cpu_inst/alu_result_reg_reg[19]_i_5_n_0
                         CARRY4 (Prop_carry4_CI_CO[3])
                                                      0.117     5.327 r  cpu_inst/alu_result_reg_reg[23]_i_5/CO[3]
                         net (fo=1, unplaced)         0.000     5.327    cpu_inst/alu_result_reg_reg[23]_i_5_n_0
                         CARRY4 (Prop_carry4_CI_O[2])
                                                      0.256     5.583 r  cpu_inst/alu_result_reg_reg[27]_i_5/O[2]
                         net (fo=2, unplaced)         0.463     6.046    cpu_inst/alu_result_reg_reg[27]_i_5_n_5
                         LUT5 (Prop_lut5_I4_O)        0.301     6.347 f  cpu_inst/alu_result_reg[26]_i_2/O
                         net (fo=1, unplaced)         0.902     7.249    cpu_inst/alu_result_reg[26]_i_2_n_0
                         LUT5 (Prop_lut5_I0_O)        0.124     7.373 r  cpu_inst/alu_result_reg[26]_i_1/O
                         net (fo=1, unplaced)         0.000     7.373    cpu_inst/alu_result_reg[26]_i_1_n_0
                         FDRE                                         r  cpu_inst/alu_result_reg_reg[26]/D
  -------------------------------------------------------------------    -------------------

                         (clock sys_clk_pin rise edge)
                                                     10.000    10.000 r  <hidden>
                         propagated clock network latency
                                                      2.678    12.678    <hidden>
                         clock pessimism              0.115    12.793    <hidden>
                         clock uncertainty           -0.035    12.758    <hidden>
                         FDRE (Setup_fdre_C_D)        0.029    12.787    cpu_inst/alu_result_reg_reg[26]
  -------------------------------------------------------------------
                         required time                         12.787    <hidden>
                         arrival time                          -7.373    <hidden>
  -------------------------------------------------------------------
                         slack                                  5.414    <hidden>

Slack (MET) :             5.468ns  (required time - arrival time)
  Source:                 cpu_inst/operand_a_reg_reg[1]/C
                            (rising edge-triggered cell FDRE clocked by sys_clk_pin  {rise@0.000ns fall@5.000ns period=10.000ns})
  Destination:            cpu_inst/alu_result_reg_reg[28]/D
                            (rising edge-triggered cell FDRE clocked by sys_clk_pin  {rise@0.000ns fall@5.000ns period=10.000ns})
  Path Group:             sys_clk_pin
  Path Type:              Setup (Max at Slow Process Corner)
  Requirement:            10.000ns  (sys_clk_pin rise@10.000ns - sys_clk_pin rise@0.000ns)
  Data Path Delay:        4.381ns  (logic 2.637ns (60.192%)  route 1.744ns (39.808%))
  Logic Levels:           11  (CARRY4=8 LUT2=1 LUT5=2)
  Clock Path Skew:        -0.145ns (DCD - SCD + CPR)
    Destination Clock Delay (DCD):    2.678ns = ( 12.678 - 10.000 ) 
    Source Clock Delay      (SCD):    2.938ns
    Clock Pessimism Removal (CPR):    0.115ns
  Clock Uncertainty:      0.035ns  ((TSJ^2 + TIJ^2)^1/2 + DJ) / 2 + PE
    Total System Jitter     (TSJ):    0.071ns
    Total Input Jitter      (TIJ):    0.000ns
    Discrete Jitter          (DJ):    0.000ns
    Phase Error              (PE):    0.000ns

    Location             Delay type                Incr(ns)  Path(ns)    Netlist Resource(s)
  -------------------------------------------------------------------    -------------------
                         (clock sys_clk_pin rise edge)
                                                      0.000     0.000 r  <hidden>
                         propagated clock network latency
                                                      2.938     2.938    <hidden>
                         FDRE                         0.000     2.938 r  cpu_inst/operand_a_reg_reg[1]/C
                         FDRE (Prop_fdre_C_Q)         0.456     3.394 r  cpu_inst/operand_a_reg_reg[1]/Q
                         net (fo=9, unplaced)         0.511     3.905    cpu_inst/operand_a[1]
                         LUT2 (Prop_lut2_I0_O)        0.295     4.200 r  cpu_inst/alu_result_reg[3]_i_10/O
                         net (fo=1, unplaced)         0.000     4.200    cpu_inst/alu_result_reg[3]_i_10_n_0
                         CARRY4 (Prop_carry4_S[1]_CO[3])
                                                      0.533     4.733 r  cpu_inst/alu_result_reg_reg[3]_i_5/CO[3]
                         net (fo=1, unplaced)         0.009     4.742    cpu_inst/alu_result_reg_reg[3]_i_5_n_0
                         CARRY4 (Prop_carry4_CI_CO[3])
                                                      0.117     4.859 r  cpu_inst/alu_result_reg_reg[7]_i_5/CO[3]
                         net (fo=1, unplaced)         0.000     4.859    cpu_inst/alu_result_reg_reg[7]_i_5_n_0
                         CARRY4 (Prop_carry4_CI_CO[3])
                                                      0.117     4.976 r  cpu_inst/alu_result_reg_reg[11]_i_5/CO[3]
                         net (fo=1, unplaced)         0.000     4.976    cpu_inst/alu_result_reg_reg[11]_i_5_n_0
                         CARRY4 (Prop_carry4_CI_CO[3])
                                                      0.117     5.093 r  cpu_inst/alu_result_reg_reg[15]_i_7/CO[3]
                         net (fo=1, unplaced)         0.000     5.093    cpu_inst/alu_result_reg_reg[15]_i_7_n_0
                         CARRY4 (Prop_carry4_CI_CO[3])
                                                      0.117     5.210 r  cpu_inst/alu_result_reg_reg[19]_i_5/CO[3]
                         net (fo=1, unplaced)         0.000     5.210    cpu_inst/alu_result_reg_reg[19]_i_5_n_0
                         CARRY4 (Prop_carry4_CI_CO[3])
                                                      0.117     5.327 r  cpu_inst/alu_result_reg_reg[23]_i_5/CO[3]
                         net (fo=1, unplaced)         0.000     5.327    cpu_inst/alu_result_reg_reg[23]_i_5_n_0
                         CARRY4 (Prop_carry4_CI_CO[3])
                                                      0.117     5.444 r  cpu_inst/alu_result_reg_reg[27]_i_5/CO[3]
                         net (fo=1, unplaced)         0.000     5.444    cpu_inst/alu_result_reg_reg[27]_i_5_n_0
                         CARRY4 (Prop_carry4_CI_O[0])
                                                      0.232     5.676 r  cpu_inst/alu_result_reg_reg[31]_i_6/O[0]
                         net (fo=2, unplaced)         0.322     5.998    cpu_inst/alu_result_reg_reg[31]_i_6_n_7
                         LUT5 (Prop_lut5_I4_O)        0.295     6.293 f  cpu_inst/alu_result_reg[28]_i_2/O
                         net (fo=1, unplaced)         0.902     7.195    cpu_inst/alu_result_reg[28]_i_2_n_0
                         LUT5 (Prop_lut5_I0_O)        0.124     7.319 r  cpu_inst/alu_result_reg[28]_i_1/O
                         net (fo=1, unplaced)         0.000     7.319    cpu_inst/alu_result_reg[28]_i_1_n_0
                         FDRE                                         r  cpu_inst/alu_result_reg_reg[28]/D
  -------------------------------------------------------------------    -------------------

                         (clock sys_clk_pin rise edge)
                                                     10.000    10.000 r  <hidden>
                         propagated clock network latency
                                                      2.678    12.678    <hidden>
                         clock pessimism              0.115    12.793    <hidden>
                         clock uncertainty           -0.035    12.758    <hidden>
                         FDRE (Setup_fdre_C_D)        0.029    12.787    cpu_inst/alu_result_reg_reg[28]
  -------------------------------------------------------------------
                         required time                         12.787    <hidden>
                         arrival time                          -7.319    <hidden>
  -------------------------------------------------------------------
                         slack                                  5.468    <hidden>

Slack (MET) :             5.468ns  (required time - arrival time)
  Source:                 cpu_inst/operand_a_reg_reg[1]/C
                            (rising edge-triggered cell FDRE clocked by sys_clk_pin  {rise@0.000ns fall@5.000ns period=10.000ns})
  Destination:            cpu_inst/alu_result_reg_reg[25]/D
                            (rising edge-triggered cell FDRE clocked by sys_clk_pin  {rise@0.000ns fall@5.000ns period=10.000ns})
  Path Group:             sys_clk_pin
  Path Type:              Setup (Max at Slow Process Corner)
  Requirement:            10.000ns  (sys_clk_pin rise@10.000ns - sys_clk_pin rise@0.000ns)
  Data Path Delay:        4.381ns  (logic 2.636ns (60.169%)  route 1.745ns (39.831%))
  Logic Levels:           10  (CARRY4=7 LUT2=1 LUT5=2)
  Clock Path Skew:        -0.145ns (DCD - SCD + CPR)
    Destination Clock Delay (DCD):    2.678ns = ( 12.678 - 10.000 ) 
    Source Clock Delay      (SCD):    2.938ns
    Clock Pessimism Removal (CPR):    0.115ns
  Clock Uncertainty:      0.035ns  ((TSJ^2 + TIJ^2)^1/2 + DJ) / 2 + PE
    Total System Jitter     (TSJ):    0.071ns
    Total Input Jitter      (TIJ):    0.000ns
    Discrete Jitter          (DJ):    0.000ns
    Phase Error              (PE):    0.000ns

    Location             Delay type                Incr(ns)  Path(ns)    Netlist Resource(s)
  -------------------------------------------------------------------    -------------------
                         (clock sys_clk_pin rise edge)
                                                      0.000     0.000 r  <hidden>
                         propagated clock network latency
                                                      2.938     2.938    <hidden>
                         FDRE                         0.000     2.938 r  cpu_inst/operand_a_reg_reg[1]/C
                         FDRE (Prop_fdre_C_Q)         0.456     3.394 r  cpu_inst/operand_a_reg_reg[1]/Q
                         net (fo=9, unplaced)         0.511     3.905    cpu_inst/operand_a[1]
                         LUT2 (Prop_lut2_I0_O)        0.295     4.200 r  cpu_inst/alu_result_reg[3]_i_10/O
                         net (fo=1, unplaced)         0.000     4.200    cpu_inst/alu_result_reg[3]_i_10_n_0
                         CARRY4 (Prop_carry4_S[1]_CO[3])
                                                      0.533     4.733 r  cpu_inst/alu_result_reg_reg[3]_i_5/CO[3]
                         net (fo=1, unplaced)         0.009     4.742    cpu_inst/alu_result_reg_reg[3]_i_5_n_0
                         CARRY4 (Prop_carry4_CI_CO[3])
                                                      0.117     4.859 r  cpu_inst/alu_result_reg_reg[7]_i_5/CO[3]
                         net (fo=1, unplaced)         0.000     4.859    cpu_inst/alu_result_reg_reg[7]_i_5_n_0
                         CARRY4 (Prop_carry4_CI_CO[3])
                                                      0.117     4.976 r  cpu_inst/alu_result_reg_reg[11]_i_5/CO[3]
                         net (fo=1, unplaced)         0.000     4.976    cpu_inst/alu_result_reg_reg[11]_i_5_n_0
                         CARRY4 (Prop_carry4_CI_CO[3])
                                                      0.117     5.093 r  cpu_inst/alu_result_reg_reg[15]_i_7/CO[3]
                         net (fo=1, unplaced)         0.000     5.093    cpu_inst/alu_result_reg_reg[15]_i_7_n_0
                         CARRY4 (Prop_carry4_CI_CO[3])
                                                      0.117     5.210 r  cpu_inst/alu_result_reg_reg[19]_i_5/CO[3]
                         net (fo=1, unplaced)         0.000     5.210    cpu_inst/alu_result_reg_reg[19]_i_5_n_0
                         CARRY4 (Prop_carry4_CI_CO[3])
                                                      0.117     5.327 r  cpu_inst/alu_result_reg_reg[23]_i_5/CO[3]
                         net (fo=1, unplaced)         0.000     5.327    cpu_inst/alu_result_reg_reg[23]_i_5_n_0
                         CARRY4 (Prop_carry4_CI_O[1])
                                                      0.337     5.664 r  cpu_inst/alu_result_reg_reg[27]_i_5/O[1]
                         net (fo=2, unplaced)         0.323     5.987    cpu_inst/alu_result_reg_reg[27]_i_5_n_6
                         LUT5 (Prop_lut5_I4_O)        0.306     6.293 f  cpu_inst/alu_result_reg[25]_i_2/O
                         net (fo=1, unplaced)         0.902     7.195    cpu_inst/alu_result_reg[25]_i_2_n_0
                         LUT5 (Prop_lut5_I0_O)        0.124     7.319 r  cpu_inst/alu_result_reg[25]_i_1/O
                         net (fo=1, unplaced)         0.000     7.319    cpu_inst/alu_result_reg[25]_i_1_n_0
                         FDRE                                         r  cpu_inst/alu_result_reg_reg[25]/D
  -------------------------------------------------------------------    -------------------

                         (clock sys_clk_pin rise edge)
                                                     10.000    10.000 r  <hidden>
                         propagated clock network latency
                                                      2.678    12.678    <hidden>
                         clock pessimism              0.115    12.793    <hidden>
                         clock uncertainty           -0.035    12.758    <hidden>
                         FDRE (Setup_fdre_C_D)        0.029    12.787    cpu_inst/alu_result_reg_reg[25]
  -------------------------------------------------------------------
                         required time                         12.787    <hidden>
                         arrival time                          -7.319    <hidden>
  -------------------------------------------------------------------
                         slack                                  5.468    <hidden>




