Copyright 1986-2022 Xilinx, Inc. All Rights Reserved. Copyright 2022-2026 Advanced Micro Devices, Inc. All Rights Reserved.
----------------------------------------------------------------------------------------------------------------------------------------------------------
| Tool Version : Vivado v.2026.1 (win64) Build 6511674 Tue Jun 16 11:02:23 MDT 2026
| Date         : Tue Jul 14 19:19:29 2026
| Host         : DESKTOP-4GB7DVJ running 64-bit major release  (build 9200)
| Command      : report_timing -max_paths 10 -path_type full -file reports/phase16a_perf7seg_impl/timing/fpga_top_pipeline6_perf7seg_impl_worst_paths.rpt
| Design       : fpga_top_pipeline6_perf7seg
| Device       : 7a35t-cpg236
| Speed File   : -1  PRODUCTION 1.23 2018-06-13
| Design State : Physopt postRoute
----------------------------------------------------------------------------------------------------------------------------------------------------------

Timing Report

Slack (MET) :             2.336ns  (required time - arrival time)
  Source:                 sw_sync_reg[0]/C
                            (rising edge-triggered cell FDRE clocked by sys_clk_pin  {rise@0.000ns fall@5.000ns period=10.000ns})
  Destination:            cpu_inst/regs_reg[7][13]/CE
                            (rising edge-triggered cell FDRE clocked by sys_clk_pin  {rise@0.000ns fall@5.000ns period=10.000ns})
  Path Group:             sys_clk_pin
  Path Type:              Setup (Max at Slow Process Corner)
  Requirement:            10.000ns  (sys_clk_pin rise@10.000ns - sys_clk_pin rise@0.000ns)
  Data Path Delay:        7.205ns  (logic 0.762ns (10.576%)  route 6.443ns (89.424%))
  Logic Levels:           2  (LUT4=1 LUT6=1)
  Clock Path Skew:        -0.052ns (DCD - SCD + CPR)
    Destination Clock Delay (DCD):    4.778ns = ( 14.778 - 10.000 ) 
    Source Clock Delay      (SCD):    5.090ns
    Clock Pessimism Removal (CPR):    0.260ns
  Clock Uncertainty:      0.035ns  ((TSJ^2 + TIJ^2)^1/2 + DJ) / 2 + PE
    Total System Jitter     (TSJ):    0.071ns
    Total Input Jitter      (TIJ):    0.000ns
    Discrete Jitter          (DJ):    0.000ns
    Phase Error              (PE):    0.000ns

    Location             Delay type                Incr(ns)  Path(ns)    Netlist Resource(s)
  -------------------------------------------------------------------    -------------------
                         (clock sys_clk_pin rise edge)
                                                      0.000     0.000 r  <hidden>
                         propagated clock network latency
                                                      5.090     5.090    <hidden>
    SLICE_X8Y45          FDRE                         0.000     5.090 r  sw_sync_reg[0]/C
    SLICE_X8Y45          FDRE (Prop_fdre_C_Q)         0.518     5.608 r  sw_sync_reg[0]/Q
                         net (fo=380, routed)         3.229     8.837    cpu_inst/led_OBUF[0]
    SLICE_X2Y19          LUT6 (Prop_lut6_I0_O)        0.124     8.961 r  cpu_inst/regs[1][31]_i_3/O
                         net (fo=7, routed)           0.576     9.537    cpu_inst/regs[1][31]_i_3_n_0
    SLICE_X3Y20          LUT4 (Prop_lut4_I0_O)        0.120     9.657 r  cpu_inst/regs[7][31]_i_1/O
                         net (fo=32, routed)          2.638    12.295    cpu_inst/regs[7][31]_i_1_n_0
    SLICE_X30Y32         FDRE                                         r  cpu_inst/regs_reg[7][13]/CE
  -------------------------------------------------------------------    -------------------

                         (clock sys_clk_pin rise edge)
                                                     10.000    10.000 r  <hidden>
                         propagated clock network latency
                                                      4.778    14.778    <hidden>
                         clock pessimism              0.260    15.038    <hidden>
                         clock uncertainty           -0.035    15.003    <hidden>
    SLICE_X30Y32         FDRE (Setup_fdre_C_CE)      -0.372    14.631    cpu_inst/regs_reg[7][13]
  -------------------------------------------------------------------
                         required time                         14.631    <hidden>
                         arrival time                         -12.295    <hidden>
  -------------------------------------------------------------------
                         slack                                  2.336    <hidden>

Slack (MET) :             2.485ns  (required time - arrival time)
  Source:                 sw_sync_reg[0]/C
                            (rising edge-triggered cell FDRE clocked by sys_clk_pin  {rise@0.000ns fall@5.000ns period=10.000ns})
  Destination:            cpu_inst/regs_reg[7][11]/CE
                            (rising edge-triggered cell FDRE clocked by sys_clk_pin  {rise@0.000ns fall@5.000ns period=10.000ns})
  Path Group:             sys_clk_pin
  Path Type:              Setup (Max at Slow Process Corner)
  Requirement:            10.000ns  (sys_clk_pin rise@10.000ns - sys_clk_pin rise@0.000ns)
  Data Path Delay:        7.052ns  (logic 0.762ns (10.806%)  route 6.290ns (89.194%))
  Logic Levels:           2  (LUT4=1 LUT6=1)
  Clock Path Skew:        -0.056ns (DCD - SCD + CPR)
    Destination Clock Delay (DCD):    4.774ns = ( 14.774 - 10.000 ) 
    Source Clock Delay      (SCD):    5.090ns
    Clock Pessimism Removal (CPR):    0.260ns
  Clock Uncertainty:      0.035ns  ((TSJ^2 + TIJ^2)^1/2 + DJ) / 2 + PE
    Total System Jitter     (TSJ):    0.071ns
    Total Input Jitter      (TIJ):    0.000ns
    Discrete Jitter          (DJ):    0.000ns
    Phase Error              (PE):    0.000ns

    Location             Delay type                Incr(ns)  Path(ns)    Netlist Resource(s)
  -------------------------------------------------------------------    -------------------
                         (clock sys_clk_pin rise edge)
                                                      0.000     0.000 r  <hidden>
                         propagated clock network latency
                                                      5.090     5.090    <hidden>
    SLICE_X8Y45          FDRE                         0.000     5.090 r  sw_sync_reg[0]/C
    SLICE_X8Y45          FDRE (Prop_fdre_C_Q)         0.518     5.608 r  sw_sync_reg[0]/Q
                         net (fo=380, routed)         3.229     8.837    cpu_inst/led_OBUF[0]
    SLICE_X2Y19          LUT6 (Prop_lut6_I0_O)        0.124     8.961 r  cpu_inst/regs[1][31]_i_3/O
                         net (fo=7, routed)           0.576     9.537    cpu_inst/regs[1][31]_i_3_n_0
    SLICE_X3Y20          LUT4 (Prop_lut4_I0_O)        0.120     9.657 r  cpu_inst/regs[7][31]_i_1/O
                         net (fo=32, routed)          2.485    12.142    cpu_inst/regs[7][31]_i_1_n_0
    SLICE_X34Y29         FDRE                                         r  cpu_inst/regs_reg[7][11]/CE
  -------------------------------------------------------------------    -------------------

                         (clock sys_clk_pin rise edge)
                                                     10.000    10.000 r  <hidden>
                         propagated clock network latency
                                                      4.774    14.774    <hidden>
                         clock pessimism              0.260    15.034    <hidden>
                         clock uncertainty           -0.035    14.999    <hidden>
    SLICE_X34Y29         FDRE (Setup_fdre_C_CE)      -0.372    14.627    cpu_inst/regs_reg[7][11]
  -------------------------------------------------------------------
                         required time                         14.627    <hidden>
                         arrival time                         -12.142    <hidden>
  -------------------------------------------------------------------
                         slack                                  2.485    <hidden>

Slack (MET) :             2.515ns  (required time - arrival time)
  Source:                 sw_sync_reg[0]/C
                            (rising edge-triggered cell FDRE clocked by sys_clk_pin  {rise@0.000ns fall@5.000ns period=10.000ns})
  Destination:            cpu_inst/regs_reg[1][10]/CE
                            (rising edge-triggered cell FDRE clocked by sys_clk_pin  {rise@0.000ns fall@5.000ns period=10.000ns})
  Path Group:             sys_clk_pin
  Path Type:              Setup (Max at Slow Process Corner)
  Requirement:            10.000ns  (sys_clk_pin rise@10.000ns - sys_clk_pin rise@0.000ns)
  Data Path Delay:        7.187ns  (logic 0.766ns (10.659%)  route 6.421ns (89.341%))
  Logic Levels:           2  (LUT4=1 LUT6=1)
  Clock Path Skew:        -0.058ns (DCD - SCD + CPR)
    Destination Clock Delay (DCD):    4.772ns = ( 14.772 - 10.000 ) 
    Source Clock Delay      (SCD):    5.090ns
    Clock Pessimism Removal (CPR):    0.260ns
  Clock Uncertainty:      0.035ns  ((TSJ^2 + TIJ^2)^1/2 + DJ) / 2 + PE
    Total System Jitter     (TSJ):    0.071ns
    Total Input Jitter      (TIJ):    0.000ns
    Discrete Jitter          (DJ):    0.000ns
    Phase Error              (PE):    0.000ns

    Location             Delay type                Incr(ns)  Path(ns)    Netlist Resource(s)
  -------------------------------------------------------------------    -------------------
                         (clock sys_clk_pin rise edge)
                                                      0.000     0.000 r  <hidden>
                         propagated clock network latency
                                                      5.090     5.090    <hidden>
    SLICE_X8Y45          FDRE                         0.000     5.090 r  sw_sync_reg[0]/C
    SLICE_X8Y45          FDRE (Prop_fdre_C_Q)         0.518     5.608 r  sw_sync_reg[0]/Q
                         net (fo=380, routed)         3.229     8.837    cpu_inst/led_OBUF[0]
    SLICE_X2Y19          LUT6 (Prop_lut6_I0_O)        0.124     8.961 r  cpu_inst/regs[1][31]_i_3/O
                         net (fo=7, routed)           0.448     9.409    cpu_inst/regs[1][31]_i_3_n_0
    SLICE_X2Y20          LUT4 (Prop_lut4_I3_O)        0.124     9.533 r  cpu_inst/regs[1][31]_i_1/O
                         net (fo=32, routed)          2.744    12.277    cpu_inst/regs[1][31]_i_1_n_0
    SLICE_X31Y27         FDRE                                         r  cpu_inst/regs_reg[1][10]/CE
  -------------------------------------------------------------------    -------------------

                         (clock sys_clk_pin rise edge)
                                                     10.000    10.000 r  <hidden>
                         propagated clock network latency
                                                      4.772    14.772    <hidden>
                         clock pessimism              0.260    15.032    <hidden>
                         clock uncertainty           -0.035    14.997    <hidden>
    SLICE_X31Y27         FDRE (Setup_fdre_C_CE)      -0.205    14.792    cpu_inst/regs_reg[1][10]
  -------------------------------------------------------------------
                         required time                         14.792    <hidden>
                         arrival time                         -12.277    <hidden>
  -------------------------------------------------------------------
                         slack                                  2.515    <hidden>

Slack (MET) :             2.515ns  (required time - arrival time)
  Source:                 sw_sync_reg[0]/C
                            (rising edge-triggered cell FDRE clocked by sys_clk_pin  {rise@0.000ns fall@5.000ns period=10.000ns})
  Destination:            cpu_inst/regs_reg[1][18]/CE
                            (rising edge-triggered cell FDRE clocked by sys_clk_pin  {rise@0.000ns fall@5.000ns period=10.000ns})
  Path Group:             sys_clk_pin
  Path Type:              Setup (Max at Slow Process Corner)
  Requirement:            10.000ns  (sys_clk_pin rise@10.000ns - sys_clk_pin rise@0.000ns)
  Data Path Delay:        7.187ns  (logic 0.766ns (10.659%)  route 6.421ns (89.341%))
  Logic Levels:           2  (LUT4=1 LUT6=1)
  Clock Path Skew:        -0.058ns (DCD - SCD + CPR)
    Destination Clock Delay (DCD):    4.772ns = ( 14.772 - 10.000 ) 
    Source Clock Delay      (SCD):    5.090ns
    Clock Pessimism Removal (CPR):    0.260ns
  Clock Uncertainty:      0.035ns  ((TSJ^2 + TIJ^2)^1/2 + DJ) / 2 + PE
    Total System Jitter     (TSJ):    0.071ns
    Total Input Jitter      (TIJ):    0.000ns
    Discrete Jitter          (DJ):    0.000ns
    Phase Error              (PE):    0.000ns

    Location             Delay type                Incr(ns)  Path(ns)    Netlist Resource(s)
  -------------------------------------------------------------------    -------------------
                         (clock sys_clk_pin rise edge)
                                                      0.000     0.000 r  <hidden>
                         propagated clock network latency
                                                      5.090     5.090    <hidden>
    SLICE_X8Y45          FDRE                         0.000     5.090 r  sw_sync_reg[0]/C
    SLICE_X8Y45          FDRE (Prop_fdre_C_Q)         0.518     5.608 r  sw_sync_reg[0]/Q
                         net (fo=380, routed)         3.229     8.837    cpu_inst/led_OBUF[0]
    SLICE_X2Y19          LUT6 (Prop_lut6_I0_O)        0.124     8.961 r  cpu_inst/regs[1][31]_i_3/O
                         net (fo=7, routed)           0.448     9.409    cpu_inst/regs[1][31]_i_3_n_0
    SLICE_X2Y20          LUT4 (Prop_lut4_I3_O)        0.124     9.533 r  cpu_inst/regs[1][31]_i_1/O
                         net (fo=32, routed)          2.744    12.277    cpu_inst/regs[1][31]_i_1_n_0
    SLICE_X31Y27         FDRE                                         r  cpu_inst/regs_reg[1][18]/CE
  -------------------------------------------------------------------    -------------------

                         (clock sys_clk_pin rise edge)
                                                     10.000    10.000 r  <hidden>
                         propagated clock network latency
                                                      4.772    14.772    <hidden>
                         clock pessimism              0.260    15.032    <hidden>
                         clock uncertainty           -0.035    14.997    <hidden>
    SLICE_X31Y27         FDRE (Setup_fdre_C_CE)      -0.205    14.792    cpu_inst/regs_reg[1][18]
  -------------------------------------------------------------------
                         required time                         14.792    <hidden>
                         arrival time                         -12.277    <hidden>
  -------------------------------------------------------------------
                         slack                                  2.515    <hidden>

Slack (MET) :             2.515ns  (required time - arrival time)
  Source:                 sw_sync_reg[0]/C
                            (rising edge-triggered cell FDRE clocked by sys_clk_pin  {rise@0.000ns fall@5.000ns period=10.000ns})
  Destination:            cpu_inst/regs_reg[1][4]/CE
                            (rising edge-triggered cell FDRE clocked by sys_clk_pin  {rise@0.000ns fall@5.000ns period=10.000ns})
  Path Group:             sys_clk_pin
  Path Type:              Setup (Max at Slow Process Corner)
  Requirement:            10.000ns  (sys_clk_pin rise@10.000ns - sys_clk_pin rise@0.000ns)
  Data Path Delay:        7.187ns  (logic 0.766ns (10.659%)  route 6.421ns (89.341%))
  Logic Levels:           2  (LUT4=1 LUT6=1)
  Clock Path Skew:        -0.058ns (DCD - SCD + CPR)
    Destination Clock Delay (DCD):    4.772ns = ( 14.772 - 10.000 ) 
    Source Clock Delay      (SCD):    5.090ns
    Clock Pessimism Removal (CPR):    0.260ns
  Clock Uncertainty:      0.035ns  ((TSJ^2 + TIJ^2)^1/2 + DJ) / 2 + PE
    Total System Jitter     (TSJ):    0.071ns
    Total Input Jitter      (TIJ):    0.000ns
    Discrete Jitter          (DJ):    0.000ns
    Phase Error              (PE):    0.000ns

    Location             Delay type                Incr(ns)  Path(ns)    Netlist Resource(s)
  -------------------------------------------------------------------    -------------------
                         (clock sys_clk_pin rise edge)
                                                      0.000     0.000 r  <hidden>
                         propagated clock network latency
                                                      5.090     5.090    <hidden>
    SLICE_X8Y45          FDRE                         0.000     5.090 r  sw_sync_reg[0]/C
    SLICE_X8Y45          FDRE (Prop_fdre_C_Q)         0.518     5.608 r  sw_sync_reg[0]/Q
                         net (fo=380, routed)         3.229     8.837    cpu_inst/led_OBUF[0]
    SLICE_X2Y19          LUT6 (Prop_lut6_I0_O)        0.124     8.961 r  cpu_inst/regs[1][31]_i_3/O
                         net (fo=7, routed)           0.448     9.409    cpu_inst/regs[1][31]_i_3_n_0
    SLICE_X2Y20          LUT4 (Prop_lut4_I3_O)        0.124     9.533 r  cpu_inst/regs[1][31]_i_1/O
                         net (fo=32, routed)          2.744    12.277    cpu_inst/regs[1][31]_i_1_n_0
    SLICE_X31Y27         FDRE                                         r  cpu_inst/regs_reg[1][4]/CE
  -------------------------------------------------------------------    -------------------

                         (clock sys_clk_pin rise edge)
                                                     10.000    10.000 r  <hidden>
                         propagated clock network latency
                                                      4.772    14.772    <hidden>
                         clock pessimism              0.260    15.032    <hidden>
                         clock uncertainty           -0.035    14.997    <hidden>
    SLICE_X31Y27         FDRE (Setup_fdre_C_CE)      -0.205    14.792    cpu_inst/regs_reg[1][4]
  -------------------------------------------------------------------
                         required time                         14.792    <hidden>
                         arrival time                         -12.277    <hidden>
  -------------------------------------------------------------------
                         slack                                  2.515    <hidden>

Slack (MET) :             2.528ns  (required time - arrival time)
  Source:                 cpu_inst/instr_mem_inst/instruction_reg/CLKBWRCLK
                            (rising edge-triggered cell RAMB18E1 clocked by sys_clk_pin  {rise@0.000ns fall@5.000ns period=10.000ns})
  Destination:            cpu_inst/if_id_reg_reg[pc][18]/R
                            (rising edge-triggered cell FDRE clocked by sys_clk_pin  {rise@0.000ns fall@5.000ns period=10.000ns})
  Path Group:             sys_clk_pin
  Path Type:              Setup (Max at Slow Process Corner)
  Requirement:            10.000ns  (sys_clk_pin rise@10.000ns - sys_clk_pin rise@0.000ns)
  Data Path Delay:        6.891ns  (logic 3.056ns (44.349%)  route 3.835ns (55.651%))
  Logic Levels:           3  (LUT3=1 LUT5=1 LUT6=1)
  Clock Path Skew:        -0.021ns (DCD - SCD + CPR)
    Destination Clock Delay (DCD):    4.843ns = ( 14.843 - 10.000 ) 
    Source Clock Delay      (SCD):    5.125ns
    Clock Pessimism Removal (CPR):    0.260ns
  Clock Uncertainty:      0.035ns  ((TSJ^2 + TIJ^2)^1/2 + DJ) / 2 + PE
    Total System Jitter     (TSJ):    0.071ns
    Total Input Jitter      (TIJ):    0.000ns
    Discrete Jitter          (DJ):    0.000ns
    Phase Error              (PE):    0.000ns

    Location             Delay type                Incr(ns)  Path(ns)    Netlist Resource(s)
  -------------------------------------------------------------------    -------------------
                         (clock sys_clk_pin rise edge)
                                                      0.000     0.000 r  <hidden>
                         propagated clock network latency
                                                      5.125     5.125    <hidden>
    RAMB18_X0Y6          RAMB18E1                     0.000     5.125 r  cpu_inst/instr_mem_inst/instruction_reg/CLKBWRCLK
    RAMB18_X0Y6          RAMB18E1 (Prop_ramb18e1_CLKBWRCLK_DOBDO[13])
                                                      2.454     7.579 r  cpu_inst/instr_mem_inst/instruction_reg/DOBDO[13]
                         net (fo=2, routed)           1.128     8.707    cpu_inst/instr_mem_inst/D[31]
    SLICE_X7Y15          LUT3 (Prop_lut3_I2_O)        0.152     8.859 r  cpu_inst/instr_mem_inst/if_id_reg[opcode][3]_i_3/O
                         net (fo=5, routed)           0.890     9.749    cpu_inst/instr_mem_inst/opcode[3]
    SLICE_X6Y14          LUT6 (Prop_lut6_I2_O)        0.326    10.075 f  cpu_inst/instr_mem_inst/if_id_reg[decoded_valid]_i_1/O
                         net (fo=6, routed)           0.803    10.878    cpu_inst/instr_mem_inst/decoded_stage[valid]_return
    SLICE_X6Y14          LUT5 (Prop_lut5_I1_O)        0.124    11.002 r  cpu_inst/instr_mem_inst/if_id_reg[imm_ext][14]_i_1/O
                         net (fo=44, routed)          1.014    12.016    cpu_inst/instr_mem_inst_n_34
    SLICE_X2Y24          FDRE                                         r  cpu_inst/if_id_reg_reg[pc][18]/R
  -------------------------------------------------------------------    -------------------

                         (clock sys_clk_pin rise edge)
                                                     10.000    10.000 r  <hidden>
                         propagated clock network latency
                                                      4.843    14.843    <hidden>
                         clock pessimism              0.260    15.103    <hidden>
                         clock uncertainty           -0.035    15.068    <hidden>
    SLICE_X2Y24          FDRE (Setup_fdre_C_R)       -0.524    14.544    cpu_inst/if_id_reg_reg[pc][18]
  -------------------------------------------------------------------
                         required time                         14.544    <hidden>
                         arrival time                         -12.016    <hidden>
  -------------------------------------------------------------------
                         slack                                  2.528    <hidden>

Slack (MET) :             2.528ns  (required time - arrival time)
  Source:                 cpu_inst/instr_mem_inst/instruction_reg/CLKBWRCLK
                            (rising edge-triggered cell RAMB18E1 clocked by sys_clk_pin  {rise@0.000ns fall@5.000ns period=10.000ns})
  Destination:            cpu_inst/if_id_reg_reg[pc][19]/R
                            (rising edge-triggered cell FDRE clocked by sys_clk_pin  {rise@0.000ns fall@5.000ns period=10.000ns})
  Path Group:             sys_clk_pin
  Path Type:              Setup (Max at Slow Process Corner)
  Requirement:            10.000ns  (sys_clk_pin rise@10.000ns - sys_clk_pin rise@0.000ns)
  Data Path Delay:        6.891ns  (logic 3.056ns (44.349%)  route 3.835ns (55.651%))
  Logic Levels:           3  (LUT3=1 LUT5=1 LUT6=1)
  Clock Path Skew:        -0.021ns (DCD - SCD + CPR)
    Destination Clock Delay (DCD):    4.843ns = ( 14.843 - 10.000 ) 
    Source Clock Delay      (SCD):    5.125ns
    Clock Pessimism Removal (CPR):    0.260ns
  Clock Uncertainty:      0.035ns  ((TSJ^2 + TIJ^2)^1/2 + DJ) / 2 + PE
    Total System Jitter     (TSJ):    0.071ns
    Total Input Jitter      (TIJ):    0.000ns
    Discrete Jitter          (DJ):    0.000ns
    Phase Error              (PE):    0.000ns

    Location             Delay type                Incr(ns)  Path(ns)    Netlist Resource(s)
  -------------------------------------------------------------------    -------------------
                         (clock sys_clk_pin rise edge)
                                                      0.000     0.000 r  <hidden>
                         propagated clock network latency
                                                      5.125     5.125    <hidden>
    RAMB18_X0Y6          RAMB18E1                     0.000     5.125 r  cpu_inst/instr_mem_inst/instruction_reg/CLKBWRCLK
    RAMB18_X0Y6          RAMB18E1 (Prop_ramb18e1_CLKBWRCLK_DOBDO[13])
                                                      2.454     7.579 r  cpu_inst/instr_mem_inst/instruction_reg/DOBDO[13]
                         net (fo=2, routed)           1.128     8.707    cpu_inst/instr_mem_inst/D[31]
    SLICE_X7Y15          LUT3 (Prop_lut3_I2_O)        0.152     8.859 r  cpu_inst/instr_mem_inst/if_id_reg[opcode][3]_i_3/O
                         net (fo=5, routed)           0.890     9.749    cpu_inst/instr_mem_inst/opcode[3]
    SLICE_X6Y14          LUT6 (Prop_lut6_I2_O)        0.326    10.075 f  cpu_inst/instr_mem_inst/if_id_reg[decoded_valid]_i_1/O
                         net (fo=6, routed)           0.803    10.878    cpu_inst/instr_mem_inst/decoded_stage[valid]_return
    SLICE_X6Y14          LUT5 (Prop_lut5_I1_O)        0.124    11.002 r  cpu_inst/instr_mem_inst/if_id_reg[imm_ext][14]_i_1/O
                         net (fo=44, routed)          1.014    12.016    cpu_inst/instr_mem_inst_n_34
    SLICE_X2Y24          FDRE                                         r  cpu_inst/if_id_reg_reg[pc][19]/R
  -------------------------------------------------------------------    -------------------

                         (clock sys_clk_pin rise edge)
                                                     10.000    10.000 r  <hidden>
                         propagated clock network latency
                                                      4.843    14.843    <hidden>
                         clock pessimism              0.260    15.103    <hidden>
                         clock uncertainty           -0.035    15.068    <hidden>
    SLICE_X2Y24          FDRE (Setup_fdre_C_R)       -0.524    14.544    cpu_inst/if_id_reg_reg[pc][19]
  -------------------------------------------------------------------
                         required time                         14.544    <hidden>
                         arrival time                         -12.016    <hidden>
  -------------------------------------------------------------------
                         slack                                  2.528    <hidden>

Slack (MET) :             2.528ns  (required time - arrival time)
  Source:                 cpu_inst/instr_mem_inst/instruction_reg/CLKBWRCLK
                            (rising edge-triggered cell RAMB18E1 clocked by sys_clk_pin  {rise@0.000ns fall@5.000ns period=10.000ns})
  Destination:            cpu_inst/if_id_reg_reg[pc][20]/R
                            (rising edge-triggered cell FDRE clocked by sys_clk_pin  {rise@0.000ns fall@5.000ns period=10.000ns})
  Path Group:             sys_clk_pin
  Path Type:              Setup (Max at Slow Process Corner)
  Requirement:            10.000ns  (sys_clk_pin rise@10.000ns - sys_clk_pin rise@0.000ns)
  Data Path Delay:        6.891ns  (logic 3.056ns (44.349%)  route 3.835ns (55.651%))
  Logic Levels:           3  (LUT3=1 LUT5=1 LUT6=1)
  Clock Path Skew:        -0.021ns (DCD - SCD + CPR)
    Destination Clock Delay (DCD):    4.843ns = ( 14.843 - 10.000 ) 
    Source Clock Delay      (SCD):    5.125ns
    Clock Pessimism Removal (CPR):    0.260ns
  Clock Uncertainty:      0.035ns  ((TSJ^2 + TIJ^2)^1/2 + DJ) / 2 + PE
    Total System Jitter     (TSJ):    0.071ns
    Total Input Jitter      (TIJ):    0.000ns
    Discrete Jitter          (DJ):    0.000ns
    Phase Error              (PE):    0.000ns

    Location             Delay type                Incr(ns)  Path(ns)    Netlist Resource(s)
  -------------------------------------------------------------------    -------------------
                         (clock sys_clk_pin rise edge)
                                                      0.000     0.000 r  <hidden>
                         propagated clock network latency
                                                      5.125     5.125    <hidden>
    RAMB18_X0Y6          RAMB18E1                     0.000     5.125 r  cpu_inst/instr_mem_inst/instruction_reg/CLKBWRCLK
    RAMB18_X0Y6          RAMB18E1 (Prop_ramb18e1_CLKBWRCLK_DOBDO[13])
                                                      2.454     7.579 r  cpu_inst/instr_mem_inst/instruction_reg/DOBDO[13]
                         net (fo=2, routed)           1.128     8.707    cpu_inst/instr_mem_inst/D[31]
    SLICE_X7Y15          LUT3 (Prop_lut3_I2_O)        0.152     8.859 r  cpu_inst/instr_mem_inst/if_id_reg[opcode][3]_i_3/O
                         net (fo=5, routed)           0.890     9.749    cpu_inst/instr_mem_inst/opcode[3]
    SLICE_X6Y14          LUT6 (Prop_lut6_I2_O)        0.326    10.075 f  cpu_inst/instr_mem_inst/if_id_reg[decoded_valid]_i_1/O
                         net (fo=6, routed)           0.803    10.878    cpu_inst/instr_mem_inst/decoded_stage[valid]_return
    SLICE_X6Y14          LUT5 (Prop_lut5_I1_O)        0.124    11.002 r  cpu_inst/instr_mem_inst/if_id_reg[imm_ext][14]_i_1/O
                         net (fo=44, routed)          1.014    12.016    cpu_inst/instr_mem_inst_n_34
    SLICE_X2Y24          FDRE                                         r  cpu_inst/if_id_reg_reg[pc][20]/R
  -------------------------------------------------------------------    -------------------

                         (clock sys_clk_pin rise edge)
                                                     10.000    10.000 r  <hidden>
                         propagated clock network latency
                                                      4.843    14.843    <hidden>
                         clock pessimism              0.260    15.103    <hidden>
                         clock uncertainty           -0.035    15.068    <hidden>
    SLICE_X2Y24          FDRE (Setup_fdre_C_R)       -0.524    14.544    cpu_inst/if_id_reg_reg[pc][20]
  -------------------------------------------------------------------
                         required time                         14.544    <hidden>
                         arrival time                         -12.016    <hidden>
  -------------------------------------------------------------------
                         slack                                  2.528    <hidden>

Slack (MET) :             2.528ns  (required time - arrival time)
  Source:                 cpu_inst/instr_mem_inst/instruction_reg/CLKBWRCLK
                            (rising edge-triggered cell RAMB18E1 clocked by sys_clk_pin  {rise@0.000ns fall@5.000ns period=10.000ns})
  Destination:            cpu_inst/if_id_reg_reg[pc][21]/R
                            (rising edge-triggered cell FDRE clocked by sys_clk_pin  {rise@0.000ns fall@5.000ns period=10.000ns})
  Path Group:             sys_clk_pin
  Path Type:              Setup (Max at Slow Process Corner)
  Requirement:            10.000ns  (sys_clk_pin rise@10.000ns - sys_clk_pin rise@0.000ns)
  Data Path Delay:        6.891ns  (logic 3.056ns (44.349%)  route 3.835ns (55.651%))
  Logic Levels:           3  (LUT3=1 LUT5=1 LUT6=1)
  Clock Path Skew:        -0.021ns (DCD - SCD + CPR)
    Destination Clock Delay (DCD):    4.843ns = ( 14.843 - 10.000 ) 
    Source Clock Delay      (SCD):    5.125ns
    Clock Pessimism Removal (CPR):    0.260ns
  Clock Uncertainty:      0.035ns  ((TSJ^2 + TIJ^2)^1/2 + DJ) / 2 + PE
    Total System Jitter     (TSJ):    0.071ns
    Total Input Jitter      (TIJ):    0.000ns
    Discrete Jitter          (DJ):    0.000ns
    Phase Error              (PE):    0.000ns

    Location             Delay type                Incr(ns)  Path(ns)    Netlist Resource(s)
  -------------------------------------------------------------------    -------------------
                         (clock sys_clk_pin rise edge)
                                                      0.000     0.000 r  <hidden>
                         propagated clock network latency
                                                      5.125     5.125    <hidden>
    RAMB18_X0Y6          RAMB18E1                     0.000     5.125 r  cpu_inst/instr_mem_inst/instruction_reg/CLKBWRCLK
    RAMB18_X0Y6          RAMB18E1 (Prop_ramb18e1_CLKBWRCLK_DOBDO[13])
                                                      2.454     7.579 r  cpu_inst/instr_mem_inst/instruction_reg/DOBDO[13]
                         net (fo=2, routed)           1.128     8.707    cpu_inst/instr_mem_inst/D[31]
    SLICE_X7Y15          LUT3 (Prop_lut3_I2_O)        0.152     8.859 r  cpu_inst/instr_mem_inst/if_id_reg[opcode][3]_i_3/O
                         net (fo=5, routed)           0.890     9.749    cpu_inst/instr_mem_inst/opcode[3]
    SLICE_X6Y14          LUT6 (Prop_lut6_I2_O)        0.326    10.075 f  cpu_inst/instr_mem_inst/if_id_reg[decoded_valid]_i_1/O
                         net (fo=6, routed)           0.803    10.878    cpu_inst/instr_mem_inst/decoded_stage[valid]_return
    SLICE_X6Y14          LUT5 (Prop_lut5_I1_O)        0.124    11.002 r  cpu_inst/instr_mem_inst/if_id_reg[imm_ext][14]_i_1/O
                         net (fo=44, routed)          1.014    12.016    cpu_inst/instr_mem_inst_n_34
    SLICE_X2Y24          FDRE                                         r  cpu_inst/if_id_reg_reg[pc][21]/R
  -------------------------------------------------------------------    -------------------

                         (clock sys_clk_pin rise edge)
                                                     10.000    10.000 r  <hidden>
                         propagated clock network latency
                                                      4.843    14.843    <hidden>
                         clock pessimism              0.260    15.103    <hidden>
                         clock uncertainty           -0.035    15.068    <hidden>
    SLICE_X2Y24          FDRE (Setup_fdre_C_R)       -0.524    14.544    cpu_inst/if_id_reg_reg[pc][21]
  -------------------------------------------------------------------
                         required time                         14.544    <hidden>
                         arrival time                         -12.016    <hidden>
  -------------------------------------------------------------------
                         slack                                  2.528    <hidden>

Slack (MET) :             2.528ns  (required time - arrival time)
  Source:                 cpu_inst/instr_mem_inst/instruction_reg/CLKBWRCLK
                            (rising edge-triggered cell RAMB18E1 clocked by sys_clk_pin  {rise@0.000ns fall@5.000ns period=10.000ns})
  Destination:            cpu_inst/if_id_reg_reg[pc][22]/R
                            (rising edge-triggered cell FDRE clocked by sys_clk_pin  {rise@0.000ns fall@5.000ns period=10.000ns})
  Path Group:             sys_clk_pin
  Path Type:              Setup (Max at Slow Process Corner)
  Requirement:            10.000ns  (sys_clk_pin rise@10.000ns - sys_clk_pin rise@0.000ns)
  Data Path Delay:        6.891ns  (logic 3.056ns (44.349%)  route 3.835ns (55.651%))
  Logic Levels:           3  (LUT3=1 LUT5=1 LUT6=1)
  Clock Path Skew:        -0.021ns (DCD - SCD + CPR)
    Destination Clock Delay (DCD):    4.843ns = ( 14.843 - 10.000 ) 
    Source Clock Delay      (SCD):    5.125ns
    Clock Pessimism Removal (CPR):    0.260ns
  Clock Uncertainty:      0.035ns  ((TSJ^2 + TIJ^2)^1/2 + DJ) / 2 + PE
    Total System Jitter     (TSJ):    0.071ns
    Total Input Jitter      (TIJ):    0.000ns
    Discrete Jitter          (DJ):    0.000ns
    Phase Error              (PE):    0.000ns

    Location             Delay type                Incr(ns)  Path(ns)    Netlist Resource(s)
  -------------------------------------------------------------------    -------------------
                         (clock sys_clk_pin rise edge)
                                                      0.000     0.000 r  <hidden>
                         propagated clock network latency
                                                      5.125     5.125    <hidden>
    RAMB18_X0Y6          RAMB18E1                     0.000     5.125 r  cpu_inst/instr_mem_inst/instruction_reg/CLKBWRCLK
    RAMB18_X0Y6          RAMB18E1 (Prop_ramb18e1_CLKBWRCLK_DOBDO[13])
                                                      2.454     7.579 r  cpu_inst/instr_mem_inst/instruction_reg/DOBDO[13]
                         net (fo=2, routed)           1.128     8.707    cpu_inst/instr_mem_inst/D[31]
    SLICE_X7Y15          LUT3 (Prop_lut3_I2_O)        0.152     8.859 r  cpu_inst/instr_mem_inst/if_id_reg[opcode][3]_i_3/O
                         net (fo=5, routed)           0.890     9.749    cpu_inst/instr_mem_inst/opcode[3]
    SLICE_X6Y14          LUT6 (Prop_lut6_I2_O)        0.326    10.075 f  cpu_inst/instr_mem_inst/if_id_reg[decoded_valid]_i_1/O
                         net (fo=6, routed)           0.803    10.878    cpu_inst/instr_mem_inst/decoded_stage[valid]_return
    SLICE_X6Y14          LUT5 (Prop_lut5_I1_O)        0.124    11.002 r  cpu_inst/instr_mem_inst/if_id_reg[imm_ext][14]_i_1/O
                         net (fo=44, routed)          1.014    12.016    cpu_inst/instr_mem_inst_n_34
    SLICE_X2Y24          FDRE                                         r  cpu_inst/if_id_reg_reg[pc][22]/R
  -------------------------------------------------------------------    -------------------

                         (clock sys_clk_pin rise edge)
                                                     10.000    10.000 r  <hidden>
                         propagated clock network latency
                                                      4.843    14.843    <hidden>
                         clock pessimism              0.260    15.103    <hidden>
                         clock uncertainty           -0.035    15.068    <hidden>
    SLICE_X2Y24          FDRE (Setup_fdre_C_R)       -0.524    14.544    cpu_inst/if_id_reg_reg[pc][22]
  -------------------------------------------------------------------
                         required time                         14.544    <hidden>
                         arrival time                         -12.016    <hidden>
  -------------------------------------------------------------------
                         slack                                  2.528    <hidden>




