Copyright 1986-2022 Xilinx, Inc. All Rights Reserved. Copyright 2022-2026 Advanced Micro Devices, Inc. All Rights Reserved.
-----------------------------------------------------------------------------------------------------------------------------------------------------
| Tool Version : Vivado v.2026.1 (win64) Build 6511674 Tue Jun 16 11:02:23 MDT 2026
| Date         : Sun Jul 12 13:50:23 2026
| Host         : DESKTOP-4GB7DVJ running 64-bit major release  (build 9200)
| Command      : report_timing_summary -file reports/phase13c_timing/sweep/period_9p000ns/timing/fpga_top_pipeline_timingopt_impl_timing_summary.rpt
| Design       : fpga_top_pipeline_timingopt
| Device       : 7a35t-cpg236
| Speed File   : -1  PRODUCTION 1.23 2018-06-13
| Design State : Routed
-----------------------------------------------------------------------------------------------------------------------------------------------------

Timing Summary Report

------------------------------------------------------------------------------------------------
| Timer Settings
| --------------
------------------------------------------------------------------------------------------------

  Enable Multi Corner Analysis               :  Yes
  Enable Pessimism Removal                   :  Yes
  Pessimism Removal Resolution               :  Nearest Common Node
  Enable Input Delay Default Clock           :  No
  Enable Preset / Clear Arcs                 :  No
  Disable Flight Delays                      :  No
  Ignore I/O Paths                           :  No
  Timing Early Launch at Borrowing Latches   :  No
  Borrow Time for Max Delay Exceptions       :  Yes
  Merge Timing Exceptions                    :  Yes
  Inter-SLR Compensation                     :  Conservative

  Corner  Analyze    Analyze    
  Name    Max Paths  Min Paths  
  ------  ---------  ---------  
  Slow    Yes        Yes        
  Fast    Yes        Yes        


------------------------------------------------------------------------------------------------
| Report Methodology
| ------------------
------------------------------------------------------------------------------------------------

No report available as report_methodology has not been run prior. Run report_methodology on the current design for the summary of methodology violations.



check_timing report

Table of Contents
-----------------
1. checking no_clock (0)
2. checking constant_clock (0)
3. checking pulse_width_clock (0)
4. checking unconstrained_internal_endpoints (0)
5. checking no_input_delay (2)
6. checking no_output_delay (16)
7. checking multiple_clock (0)
8. checking generated_clocks (0)
9. checking loops (0)
10. checking partial_input_delay (0)
11. checking partial_output_delay (0)
12. checking latch_loops (0)

1. checking no_clock (0)
------------------------
 There are 0 register/latch pins with no clock.


2. checking constant_clock (0)
------------------------------
 There are 0 register/latch pins with constant_clock.


3. checking pulse_width_clock (0)
---------------------------------
 There are 0 register/latch pins which need pulse_width check


4. checking unconstrained_internal_endpoints (0)
------------------------------------------------
 There are 0 pins that are not constrained for maximum delay.

 There are 0 pins that are not constrained for maximum delay due to constant clock.


5. checking no_input_delay (2)
------------------------------
 There are 2 input ports with no input delay specified. (HIGH)

 There are 0 input ports with no input delay but user has a false path constraint.


6. checking no_output_delay (16)
--------------------------------
 There are 16 ports with no output delay specified. (HIGH)

 There are 0 ports with no output delay but user has a false path constraint

 There are 0 ports with no output delay but with a timing clock defined on it or propagating through it


7. checking multiple_clock (0)
------------------------------
 There are 0 register/latch pins with multiple clocks.


8. checking generated_clocks (0)
--------------------------------
 There are 0 generated clocks that are not connected to a clock source.


9. checking loops (0)
---------------------
 There are 0 combinational loops in the design.


10. checking partial_input_delay (0)
------------------------------------
 There are 0 input ports with partial input delay specified.


11. checking partial_output_delay (0)
-------------------------------------
 There are 0 ports with partial output delay specified.


12. checking latch_loops (0)
----------------------------
 There are 0 combinational latch loops in the design through latch input



------------------------------------------------------------------------------------------------
| Design Timing Summary
| ---------------------
------------------------------------------------------------------------------------------------

    WNS(ns)      TNS(ns)  TNS Failing Endpoints  TNS Total Endpoints      WHS(ns)      THS(ns)  THS Failing Endpoints  THS Total Endpoints     WPWS(ns)     TPWS(ns)  TPWS Failing Endpoints  TPWS Total Endpoints  
    -------      -------  ---------------------  -------------------      -------      -------  ---------------------  -------------------     --------     --------  ----------------------  --------------------  
     -0.175       -1.574                     27                 3015        0.034        0.000                      0                 3015        4.000        0.000                       0                  1508  


Timing constraints are not met.


------------------------------------------------------------------------------------------------
| Clock Summary
| -------------
------------------------------------------------------------------------------------------------

Clock        Waveform(ns)         Period(ns)      Frequency(MHz)
-----        ------------         ----------      --------------
sys_clk_pin  {0.000 4.500}        9.000           111.111         


------------------------------------------------------------------------------------------------
| Intra Clock Table
| -----------------
------------------------------------------------------------------------------------------------

Clock             WNS(ns)      TNS(ns)  TNS Failing Endpoints  TNS Total Endpoints      WHS(ns)      THS(ns)  THS Failing Endpoints  THS Total Endpoints     WPWS(ns)     TPWS(ns)  TPWS Failing Endpoints  TPWS Total Endpoints  
-----             -------      -------  ---------------------  -------------------      -------      -------  ---------------------  -------------------     --------     --------  ----------------------  --------------------  
sys_clk_pin        -0.175       -1.574                     27                 3015        0.034        0.000                      0                 3015        4.000        0.000                       0                  1508  


------------------------------------------------------------------------------------------------
| Inter Clock Table
| -----------------
------------------------------------------------------------------------------------------------

From Clock    To Clock          WNS(ns)      TNS(ns)  TNS Failing Endpoints  TNS Total Endpoints      WHS(ns)      THS(ns)  THS Failing Endpoints  THS Total Endpoints  
----------    --------          -------      -------  ---------------------  -------------------      -------      -------  ---------------------  -------------------  


------------------------------------------------------------------------------------------------
| Other Path Groups Table
| -----------------------
------------------------------------------------------------------------------------------------

Path Group    From Clock    To Clock          WNS(ns)      TNS(ns)  TNS Failing Endpoints  TNS Total Endpoints      WHS(ns)      THS(ns)  THS Failing Endpoints  THS Total Endpoints  
----------    ----------    --------          -------      -------  ---------------------  -------------------      -------      -------  ---------------------  -------------------  


------------------------------------------------------------------------------------------------
| Timing Details
| --------------
------------------------------------------------------------------------------------------------


---------------------------------------------------------------------------------------------------
From Clock:  sys_clk_pin
  To Clock:  sys_clk_pin

Setup :           27  Failing Endpoints,  Worst Slack       -0.175ns,  Total Violation       -1.574ns
Hold  :            0  Failing Endpoints,  Worst Slack        0.034ns,  Total Violation        0.000ns
PW    :            0  Failing Endpoints,  Worst Slack        4.000ns,  Total Violation        0.000ns
---------------------------------------------------------------------------------------------------


Max Delay Paths
--------------------------------------------------------------------------------------
Slack (VIOLATED) :        -0.175ns  (required time - arrival time)
  Source:                 cpu_inst/data_mem_inst/mem_reg/CLKARDCLK
                            (rising edge-triggered cell RAMB18E1 clocked by sys_clk_pin  {rise@0.000ns fall@4.500ns period=9.000ns})
  Destination:            cpu_inst/id_ex_reg_reg[operand_a][10]/R
                            (rising edge-triggered cell FDRE clocked by sys_clk_pin  {rise@0.000ns fall@4.500ns period=9.000ns})
  Path Group:             sys_clk_pin
  Path Type:              Setup (Max at Slow Process Corner)
  Requirement:            9.000ns  (sys_clk_pin rise@9.000ns - sys_clk_pin rise@0.000ns)
  Data Path Delay:        8.602ns  (logic 4.119ns (47.886%)  route 4.483ns (52.114%))
  Logic Levels:           8  (CARRY4=3 LUT3=2 LUT5=1 LUT6=2)
  Clock Path Skew:        -0.013ns (DCD - SCD + CPR)
    Destination Clock Delay (DCD):    4.858ns = ( 13.858 - 9.000 ) 
    Source Clock Delay      (SCD):    5.132ns
    Clock Pessimism Removal (CPR):    0.260ns
  Clock Uncertainty:      0.035ns  ((TSJ^2 + TIJ^2)^1/2 + DJ) / 2 + PE
    Total System Jitter     (TSJ):    0.071ns
    Total Input Jitter      (TIJ):    0.000ns
    Discrete Jitter          (DJ):    0.000ns
    Phase Error              (PE):    0.000ns

    Location             Delay type                Incr(ns)  Path(ns)    Netlist Resource(s)
  -------------------------------------------------------------------    -------------------
                         (clock sys_clk_pin rise edge)
                                                      0.000     0.000 r  <hidden>
    W5                                                0.000     0.000 r  clk
                         net (fo=0)                   0.000     0.000    clk
    W5                   IBUF (Prop_ibuf_I_O)         1.458     1.458 r  clk_IBUF_inst/O
                         net (fo=1, routed)           1.967     3.425    clk_IBUF
    BUFGCTRL_X0Y0        BUFG (Prop_bufg_I_O)         0.096     3.521 r  clk_IBUF_BUFG_inst/O
                         net (fo=1507, routed)        1.611     5.132    cpu_inst/data_mem_inst/clk_IBUF_BUFG
    RAMB18_X0Y2          RAMB18E1                                     r  cpu_inst/data_mem_inst/mem_reg/CLKARDCLK
  -------------------------------------------------------------------    -------------------
    RAMB18_X0Y2          RAMB18E1 (Prop_ramb18e1_CLKARDCLK_DOADO[1])
                                                      2.454     7.586 r  cpu_inst/data_mem_inst/mem_reg/DOADO[1]
                         net (fo=2, routed)           0.767     8.353    cpu_inst/data_mem_inst/mem_reg_n_14
    SLICE_X9Y4           LUT3 (Prop_lut3_I0_O)        0.124     8.477 r  cpu_inst/data_mem_inst/regs[1][1]_i_1/O
                         net (fo=35, routed)          0.766     9.243    cpu_inst/data_mem_inst/wb_write_data[1]
    SLICE_X10Y4          LUT5 (Prop_lut5_I4_O)        0.124     9.367 r  cpu_inst/data_mem_inst/ex_mem_reg[store_data][1]_i_1/O
                         net (fo=4, routed)           1.034    10.401    cpu_inst/data_mem_inst/ex_store_data[1]
    SLICE_X8Y10          LUT6 (Prop_lut6_I5_O)        0.124    10.525 r  cpu_inst/data_mem_inst/i__carry_i_4/O
                         net (fo=1, routed)           0.000    10.525    cpu_inst/data_mem_inst_n_245
    SLICE_X8Y10          CARRY4 (Prop_carry4_S[0]_CO[3])
                                                      0.513    11.038 r  cpu_inst/ex_branch_taken0_inferred__0/i__carry/CO[3]
                         net (fo=1, routed)           0.000    11.038    cpu_inst/ex_branch_taken0_inferred__0/i__carry_n_0
    SLICE_X8Y11          CARRY4 (Prop_carry4_CI_CO[3])
                                                      0.117    11.155 r  cpu_inst/ex_branch_taken0_inferred__0/i__carry__0/CO[3]
                         net (fo=1, routed)           0.000    11.155    cpu_inst/ex_branch_taken0_inferred__0/i__carry__0_n_0
    SLICE_X8Y12          CARRY4 (Prop_carry4_CI_CO[2])
                                                      0.229    11.384 f  cpu_inst/ex_branch_taken0_inferred__0/i__carry__1/CO[2]
                         net (fo=39, routed)          0.511    11.894    cpu_inst/data_mem_inst/CO[0]
    SLICE_X8Y13          LUT6 (Prop_lut6_I4_O)        0.310    12.204 r  cpu_inst/data_mem_inst/id_ex_reg[imm_ext][12]_i_1/O
                         net (fo=130, routed)         0.565    12.769    cpu_inst/data_mem_inst/id_ex_reg_reg[valid]_1
    SLICE_X8Y13          LUT3 (Prop_lut3_I2_O)        0.124    12.893 r  cpu_inst/data_mem_inst/id_ex_reg[operand_a][31]_i_1/O
                         net (fo=32, routed)          0.840    13.733    cpu_inst/data_mem_inst_n_141
    SLICE_X6Y5           FDRE                                         r  cpu_inst/id_ex_reg_reg[operand_a][10]/R
  -------------------------------------------------------------------    -------------------

                         (clock sys_clk_pin rise edge)
                                                      9.000     9.000 r  <hidden>
    W5                                                0.000     9.000 r  clk
                         net (fo=0)                   0.000     9.000    clk
    W5                   IBUF (Prop_ibuf_I_O)         1.388    10.388 r  clk_IBUF_inst/O
                         net (fo=1, routed)           1.862    12.250    clk_IBUF
    BUFGCTRL_X0Y0        BUFG (Prop_bufg_I_O)         0.091    12.341 r  clk_IBUF_BUFG_inst/O
                         net (fo=1507, routed)        1.517    13.858    cpu_inst/clk_IBUF_BUFG
    SLICE_X6Y5           FDRE                                         r  cpu_inst/id_ex_reg_reg[operand_a][10]/C
                         clock pessimism              0.260    14.118    <hidden>
                         clock uncertainty           -0.035    14.083    <hidden>
    SLICE_X6Y5           FDRE (Setup_fdre_C_R)       -0.524    13.559    cpu_inst/id_ex_reg_reg[operand_a][10]
  -------------------------------------------------------------------
                         required time                         13.559    <hidden>
                         arrival time                         -13.733    <hidden>
  -------------------------------------------------------------------
                         slack                                 -0.175    <hidden>





Min Delay Paths
--------------------------------------------------------------------------------------
Slack (MET) :             0.034ns  (arrival time - required time)
  Source:                 cpu_inst/ex_mem_reg_reg[store_data][15]/C
                            (rising edge-triggered cell FDRE clocked by sys_clk_pin  {rise@0.000ns fall@4.500ns period=9.000ns})
  Destination:            cpu_inst/data_mem_inst/mem_reg/DIADI[15]
                            (rising edge-triggered cell RAMB18E1 clocked by sys_clk_pin  {rise@0.000ns fall@4.500ns period=9.000ns})
  Path Group:             sys_clk_pin
  Path Type:              Hold (Min at Fast Process Corner)
  Requirement:            0.000ns  (sys_clk_pin rise@0.000ns - sys_clk_pin rise@0.000ns)
  Data Path Delay:        0.248ns  (logic 0.141ns (56.898%)  route 0.107ns (43.102%))
  Logic Levels:           0  
  Clock Path Skew:        0.058ns (DCD - SCD - CPR)
    Destination Clock Delay (DCD):    2.005ns
    Source Clock Delay      (SCD):    1.448ns
    Clock Pessimism Removal (CPR):    0.498ns

    Location             Delay type                Incr(ns)  Path(ns)    Netlist Resource(s)
  -------------------------------------------------------------------    -------------------
                         (clock sys_clk_pin rise edge)
                                                      0.000     0.000 r  <hidden>
    W5                                                0.000     0.000 r  clk
                         net (fo=0)                   0.000     0.000    clk
    W5                   IBUF (Prop_ibuf_I_O)         0.226     0.226 r  clk_IBUF_inst/O
                         net (fo=1, routed)           0.631     0.858    clk_IBUF
    BUFGCTRL_X0Y0        BUFG (Prop_bufg_I_O)         0.026     0.884 r  clk_IBUF_BUFG_inst/O
                         net (fo=1507, routed)        0.565     1.448    cpu_inst/clk_IBUF_BUFG
    SLICE_X9Y7           FDRE                                         r  cpu_inst/ex_mem_reg_reg[store_data][15]/C
  -------------------------------------------------------------------    -------------------
    SLICE_X9Y7           FDRE (Prop_fdre_C_Q)         0.141     1.589 r  cpu_inst/ex_mem_reg_reg[store_data][15]/Q
                         net (fo=1, routed)           0.107     1.696    cpu_inst/data_mem_inst/mem_reg_1[15]
    RAMB18_X0Y2          RAMB18E1                                     r  cpu_inst/data_mem_inst/mem_reg/DIADI[15]
  -------------------------------------------------------------------    -------------------

                         (clock sys_clk_pin rise edge)
                                                      0.000     0.000 r  <hidden>
    W5                                                0.000     0.000 r  clk
                         net (fo=0)                   0.000     0.000    clk
    W5                   IBUF (Prop_ibuf_I_O)         0.414     0.414 r  clk_IBUF_inst/O
                         net (fo=1, routed)           0.685     1.099    clk_IBUF
    BUFGCTRL_X0Y0        BUFG (Prop_bufg_I_O)         0.029     1.128 r  clk_IBUF_BUFG_inst/O
                         net (fo=1507, routed)        0.877     2.005    cpu_inst/data_mem_inst/clk_IBUF_BUFG
    RAMB18_X0Y2          RAMB18E1                                     r  cpu_inst/data_mem_inst/mem_reg/CLKARDCLK
                         clock pessimism             -0.498     1.507    <hidden>
    RAMB18_X0Y2          RAMB18E1 (Hold_ramb18e1_CLKARDCLK_DIADI[15])
                                                      0.155     1.662    cpu_inst/data_mem_inst/mem_reg
  -------------------------------------------------------------------
                         required time                         -1.662    <hidden>
                         arrival time                           1.696    <hidden>
  -------------------------------------------------------------------
                         slack                                  0.034    <hidden>





Pulse Width Checks
--------------------------------------------------------------------------------------
Clock Name:         sys_clk_pin
Waveform(ns):       { 0.000 4.500 }
Period(ns):         9.000
Sources:            { clk }

Check Type        Corner  Lib Pin             Reference Pin  Required(ns)  Actual(ns)  Slack(ns)  Location     Pin
Min Period        n/a     RAMB18E1/CLKARDCLK  n/a            2.944         9.000       6.056      RAMB18_X0Y2  cpu_inst/data_mem_inst/mem_reg/CLKARDCLK
Low Pulse Width   Slow    FDRE/C              n/a            0.500         4.500       4.000      SLICE_X7Y5   cpu_inst/ex_mem_reg_reg[alu_result][0]/C
High Pulse Width  Slow    FDRE/C              n/a            0.500         4.500       4.000      SLICE_X7Y5   cpu_inst/ex_mem_reg_reg[alu_result][0]/C



