Copyright 1986-2022 Xilinx, Inc. All Rights Reserved. Copyright 2022-2026 Advanced Micro Devices, Inc. All Rights Reserved.
------------------------------------------------------------------------------------------------------------------------------------------------------------------------
| Tool Version : Vivado v.2026.1 (win64) Build 6511674 Tue Jun 16 11:02:23 MDT 2026
| Date         : Sun Jul 12 13:50:23 2026
| Host         : DESKTOP-4GB7DVJ running 64-bit major release  (build 9200)
| Command      : report_timing -max_paths 10 -path_type full -file reports/phase13c_timing/sweep/period_9p000ns/timing/fpga_top_pipeline_timingopt_impl_worst_paths.rpt
| Design       : fpga_top_pipeline_timingopt
| Device       : 7a35t-cpg236
| Speed File   : -1  PRODUCTION 1.23 2018-06-13
| Design State : Routed
------------------------------------------------------------------------------------------------------------------------------------------------------------------------

Timing Report

Slack (VIOLATED) :        -0.175ns  (required time - arrival time)
  Source:                 cpu_inst/data_mem_inst/mem_reg/CLKARDCLK
                            (rising edge-triggered cell RAMB18E1 clocked by sys_clk_pin  {rise@0.000ns fall@4.500ns period=9.000ns})
  Destination:            cpu_inst/id_ex_reg_reg[operand_a][10]/R
                            (rising edge-triggered cell FDRE clocked by sys_clk_pin  {rise@0.000ns fall@4.500ns period=9.000ns})
  Path Group:             sys_clk_pin
  Path Type:              Setup (Max at Slow Process Corner)
  Requirement:            9.000ns  (sys_clk_pin rise@9.000ns - sys_clk_pin rise@0.000ns)
  Data Path Delay:        8.602ns  (logic 4.119ns (47.886%)  route 4.483ns (52.114%))
  Logic Levels:           8  (CARRY4=3 LUT3=2 LUT5=1 LUT6=2)
  Clock Path Skew:        -0.013ns (DCD - SCD + CPR)
    Destination Clock Delay (DCD):    4.858ns = ( 13.858 - 9.000 ) 
    Source Clock Delay      (SCD):    5.132ns
    Clock Pessimism Removal (CPR):    0.260ns
  Clock Uncertainty:      0.035ns  ((TSJ^2 + TIJ^2)^1/2 + DJ) / 2 + PE
    Total System Jitter     (TSJ):    0.071ns
    Total Input Jitter      (TIJ):    0.000ns
    Discrete Jitter          (DJ):    0.000ns
    Phase Error              (PE):    0.000ns

    Location             Delay type                Incr(ns)  Path(ns)    Netlist Resource(s)
  -------------------------------------------------------------------    -------------------
                         (clock sys_clk_pin rise edge)
                                                      0.000     0.000 r  <hidden>
                         propagated clock network latency
                                                      5.132     5.132    <hidden>
    RAMB18_X0Y2          RAMB18E1                     0.000     5.132 r  cpu_inst/data_mem_inst/mem_reg/CLKARDCLK
    RAMB18_X0Y2          RAMB18E1 (Prop_ramb18e1_CLKARDCLK_DOADO[1])
                                                      2.454     7.586 r  cpu_inst/data_mem_inst/mem_reg/DOADO[1]
                         net (fo=2, routed)           0.767     8.353    cpu_inst/data_mem_inst/mem_reg_n_14
    SLICE_X9Y4           LUT3 (Prop_lut3_I0_O)        0.124     8.477 r  cpu_inst/data_mem_inst/regs[1][1]_i_1/O
                         net (fo=35, routed)          0.766     9.243    cpu_inst/data_mem_inst/wb_write_data[1]
    SLICE_X10Y4          LUT5 (Prop_lut5_I4_O)        0.124     9.367 r  cpu_inst/data_mem_inst/ex_mem_reg[store_data][1]_i_1/O
                         net (fo=4, routed)           1.034    10.401    cpu_inst/data_mem_inst/ex_store_data[1]
    SLICE_X8Y10          LUT6 (Prop_lut6_I5_O)        0.124    10.525 r  cpu_inst/data_mem_inst/i__carry_i_4/O
                         net (fo=1, routed)           0.000    10.525    cpu_inst/data_mem_inst_n_245
    SLICE_X8Y10          CARRY4 (Prop_carry4_S[0]_CO[3])
                                                      0.513    11.038 r  cpu_inst/ex_branch_taken0_inferred__0/i__carry/CO[3]
                         net (fo=1, routed)           0.000    11.038    cpu_inst/ex_branch_taken0_inferred__0/i__carry_n_0
    SLICE_X8Y11          CARRY4 (Prop_carry4_CI_CO[3])
                                                      0.117    11.155 r  cpu_inst/ex_branch_taken0_inferred__0/i__carry__0/CO[3]
                         net (fo=1, routed)           0.000    11.155    cpu_inst/ex_branch_taken0_inferred__0/i__carry__0_n_0
    SLICE_X8Y12          CARRY4 (Prop_carry4_CI_CO[2])
                                                      0.229    11.384 f  cpu_inst/ex_branch_taken0_inferred__0/i__carry__1/CO[2]
                         net (fo=39, routed)          0.511    11.894    cpu_inst/data_mem_inst/CO[0]
    SLICE_X8Y13          LUT6 (Prop_lut6_I4_O)        0.310    12.204 r  cpu_inst/data_mem_inst/id_ex_reg[imm_ext][12]_i_1/O
                         net (fo=130, routed)         0.565    12.769    cpu_inst/data_mem_inst/id_ex_reg_reg[valid]_1
    SLICE_X8Y13          LUT3 (Prop_lut3_I2_O)        0.124    12.893 r  cpu_inst/data_mem_inst/id_ex_reg[operand_a][31]_i_1/O
                         net (fo=32, routed)          0.840    13.733    cpu_inst/data_mem_inst_n_141
    SLICE_X6Y5           FDRE                                         r  cpu_inst/id_ex_reg_reg[operand_a][10]/R
  -------------------------------------------------------------------    -------------------

                         (clock sys_clk_pin rise edge)
                                                      9.000     9.000 r  <hidden>
                         propagated clock network latency
                                                      4.858    13.858    <hidden>
                         clock pessimism              0.260    14.118    <hidden>
                         clock uncertainty           -0.035    14.083    <hidden>
    SLICE_X6Y5           FDRE (Setup_fdre_C_R)       -0.524    13.559    cpu_inst/id_ex_reg_reg[operand_a][10]
  -------------------------------------------------------------------
                         required time                         13.559    <hidden>
                         arrival time                         -13.733    <hidden>
  -------------------------------------------------------------------
                         slack                                 -0.175    <hidden>

Slack (VIOLATED) :        -0.151ns  (required time - arrival time)
  Source:                 cpu_inst/data_mem_inst/mem_reg/CLKARDCLK
                            (rising edge-triggered cell RAMB18E1 clocked by sys_clk_pin  {rise@0.000ns fall@4.500ns period=9.000ns})
  Destination:            cpu_inst/id_ex_reg_reg[operand_a][16]/R
                            (rising edge-triggered cell FDRE clocked by sys_clk_pin  {rise@0.000ns fall@4.500ns period=9.000ns})
  Path Group:             sys_clk_pin
  Path Type:              Setup (Max at Slow Process Corner)
  Requirement:            9.000ns  (sys_clk_pin rise@9.000ns - sys_clk_pin rise@0.000ns)
  Data Path Delay:        8.508ns  (logic 4.119ns (48.413%)  route 4.389ns (51.587%))
  Logic Levels:           8  (CARRY4=3 LUT3=2 LUT5=1 LUT6=2)
  Clock Path Skew:        -0.083ns (DCD - SCD + CPR)
    Destination Clock Delay (DCD):    4.788ns = ( 13.788 - 9.000 ) 
    Source Clock Delay      (SCD):    5.132ns
    Clock Pessimism Removal (CPR):    0.260ns
  Clock Uncertainty:      0.035ns  ((TSJ^2 + TIJ^2)^1/2 + DJ) / 2 + PE
    Total System Jitter     (TSJ):    0.071ns
    Total Input Jitter      (TIJ):    0.000ns
    Discrete Jitter          (DJ):    0.000ns
    Phase Error              (PE):    0.000ns

    Location             Delay type                Incr(ns)  Path(ns)    Netlist Resource(s)
  -------------------------------------------------------------------    -------------------
                         (clock sys_clk_pin rise edge)
                                                      0.000     0.000 r  <hidden>
                         propagated clock network latency
                                                      5.132     5.132    <hidden>
    RAMB18_X0Y2          RAMB18E1                     0.000     5.132 r  cpu_inst/data_mem_inst/mem_reg/CLKARDCLK
    RAMB18_X0Y2          RAMB18E1 (Prop_ramb18e1_CLKARDCLK_DOADO[1])
                                                      2.454     7.586 r  cpu_inst/data_mem_inst/mem_reg/DOADO[1]
                         net (fo=2, routed)           0.767     8.353    cpu_inst/data_mem_inst/mem_reg_n_14
    SLICE_X9Y4           LUT3 (Prop_lut3_I0_O)        0.124     8.477 r  cpu_inst/data_mem_inst/regs[1][1]_i_1/O
                         net (fo=35, routed)          0.766     9.243    cpu_inst/data_mem_inst/wb_write_data[1]
    SLICE_X10Y4          LUT5 (Prop_lut5_I4_O)        0.124     9.367 r  cpu_inst/data_mem_inst/ex_mem_reg[store_data][1]_i_1/O
                         net (fo=4, routed)           1.034    10.401    cpu_inst/data_mem_inst/ex_store_data[1]
    SLICE_X8Y10          LUT6 (Prop_lut6_I5_O)        0.124    10.525 r  cpu_inst/data_mem_inst/i__carry_i_4/O
                         net (fo=1, routed)           0.000    10.525    cpu_inst/data_mem_inst_n_245
    SLICE_X8Y10          CARRY4 (Prop_carry4_S[0]_CO[3])
                                                      0.513    11.038 r  cpu_inst/ex_branch_taken0_inferred__0/i__carry/CO[3]
                         net (fo=1, routed)           0.000    11.038    cpu_inst/ex_branch_taken0_inferred__0/i__carry_n_0
    SLICE_X8Y11          CARRY4 (Prop_carry4_CI_CO[3])
                                                      0.117    11.155 r  cpu_inst/ex_branch_taken0_inferred__0/i__carry__0/CO[3]
                         net (fo=1, routed)           0.000    11.155    cpu_inst/ex_branch_taken0_inferred__0/i__carry__0_n_0
    SLICE_X8Y12          CARRY4 (Prop_carry4_CI_CO[2])
                                                      0.229    11.384 f  cpu_inst/ex_branch_taken0_inferred__0/i__carry__1/CO[2]
                         net (fo=39, routed)          0.511    11.894    cpu_inst/data_mem_inst/CO[0]
    SLICE_X8Y13          LUT6 (Prop_lut6_I4_O)        0.310    12.204 r  cpu_inst/data_mem_inst/id_ex_reg[imm_ext][12]_i_1/O
                         net (fo=130, routed)         0.565    12.769    cpu_inst/data_mem_inst/id_ex_reg_reg[valid]_1
    SLICE_X8Y13          LUT3 (Prop_lut3_I2_O)        0.124    12.893 r  cpu_inst/data_mem_inst/id_ex_reg[operand_a][31]_i_1/O
                         net (fo=32, routed)          0.746    13.640    cpu_inst/data_mem_inst_n_141
    SLICE_X10Y12         FDRE                                         r  cpu_inst/id_ex_reg_reg[operand_a][16]/R
  -------------------------------------------------------------------    -------------------

                         (clock sys_clk_pin rise edge)
                                                      9.000     9.000 r  <hidden>
                         propagated clock network latency
                                                      4.788    13.788    <hidden>
                         clock pessimism              0.260    14.048    <hidden>
                         clock uncertainty           -0.035    14.013    <hidden>
    SLICE_X10Y12         FDRE (Setup_fdre_C_R)       -0.524    13.489    cpu_inst/id_ex_reg_reg[operand_a][16]
  -------------------------------------------------------------------
                         required time                         13.489    <hidden>
                         arrival time                         -13.640    <hidden>
  -------------------------------------------------------------------
                         slack                                 -0.151    <hidden>

Slack (VIOLATED) :        -0.151ns  (required time - arrival time)
  Source:                 cpu_inst/data_mem_inst/mem_reg/CLKARDCLK
                            (rising edge-triggered cell RAMB18E1 clocked by sys_clk_pin  {rise@0.000ns fall@4.500ns period=9.000ns})
  Destination:            cpu_inst/id_ex_reg_reg[operand_a][18]/R
                            (rising edge-triggered cell FDRE clocked by sys_clk_pin  {rise@0.000ns fall@4.500ns period=9.000ns})
  Path Group:             sys_clk_pin
  Path Type:              Setup (Max at Slow Process Corner)
  Requirement:            9.000ns  (sys_clk_pin rise@9.000ns - sys_clk_pin rise@0.000ns)
  Data Path Delay:        8.508ns  (logic 4.119ns (48.413%)  route 4.389ns (51.587%))
  Logic Levels:           8  (CARRY4=3 LUT3=2 LUT5=1 LUT6=2)
  Clock Path Skew:        -0.083ns (DCD - SCD + CPR)
    Destination Clock Delay (DCD):    4.788ns = ( 13.788 - 9.000 ) 
    Source Clock Delay      (SCD):    5.132ns
    Clock Pessimism Removal (CPR):    0.260ns
  Clock Uncertainty:      0.035ns  ((TSJ^2 + TIJ^2)^1/2 + DJ) / 2 + PE
    Total System Jitter     (TSJ):    0.071ns
    Total Input Jitter      (TIJ):    0.000ns
    Discrete Jitter          (DJ):    0.000ns
    Phase Error              (PE):    0.000ns

    Location             Delay type                Incr(ns)  Path(ns)    Netlist Resource(s)
  -------------------------------------------------------------------    -------------------
                         (clock sys_clk_pin rise edge)
                                                      0.000     0.000 r  <hidden>
                         propagated clock network latency
                                                      5.132     5.132    <hidden>
    RAMB18_X0Y2          RAMB18E1                     0.000     5.132 r  cpu_inst/data_mem_inst/mem_reg/CLKARDCLK
    RAMB18_X0Y2          RAMB18E1 (Prop_ramb18e1_CLKARDCLK_DOADO[1])
                                                      2.454     7.586 r  cpu_inst/data_mem_inst/mem_reg/DOADO[1]
                         net (fo=2, routed)           0.767     8.353    cpu_inst/data_mem_inst/mem_reg_n_14
    SLICE_X9Y4           LUT3 (Prop_lut3_I0_O)        0.124     8.477 r  cpu_inst/data_mem_inst/regs[1][1]_i_1/O
                         net (fo=35, routed)          0.766     9.243    cpu_inst/data_mem_inst/wb_write_data[1]
    SLICE_X10Y4          LUT5 (Prop_lut5_I4_O)        0.124     9.367 r  cpu_inst/data_mem_inst/ex_mem_reg[store_data][1]_i_1/O
                         net (fo=4, routed)           1.034    10.401    cpu_inst/data_mem_inst/ex_store_data[1]
    SLICE_X8Y10          LUT6 (Prop_lut6_I5_O)        0.124    10.525 r  cpu_inst/data_mem_inst/i__carry_i_4/O
                         net (fo=1, routed)           0.000    10.525    cpu_inst/data_mem_inst_n_245
    SLICE_X8Y10          CARRY4 (Prop_carry4_S[0]_CO[3])
                                                      0.513    11.038 r  cpu_inst/ex_branch_taken0_inferred__0/i__carry/CO[3]
                         net (fo=1, routed)           0.000    11.038    cpu_inst/ex_branch_taken0_inferred__0/i__carry_n_0
    SLICE_X8Y11          CARRY4 (Prop_carry4_CI_CO[3])
                                                      0.117    11.155 r  cpu_inst/ex_branch_taken0_inferred__0/i__carry__0/CO[3]
                         net (fo=1, routed)           0.000    11.155    cpu_inst/ex_branch_taken0_inferred__0/i__carry__0_n_0
    SLICE_X8Y12          CARRY4 (Prop_carry4_CI_CO[2])
                                                      0.229    11.384 f  cpu_inst/ex_branch_taken0_inferred__0/i__carry__1/CO[2]
                         net (fo=39, routed)          0.511    11.894    cpu_inst/data_mem_inst/CO[0]
    SLICE_X8Y13          LUT6 (Prop_lut6_I4_O)        0.310    12.204 r  cpu_inst/data_mem_inst/id_ex_reg[imm_ext][12]_i_1/O
                         net (fo=130, routed)         0.565    12.769    cpu_inst/data_mem_inst/id_ex_reg_reg[valid]_1
    SLICE_X8Y13          LUT3 (Prop_lut3_I2_O)        0.124    12.893 r  cpu_inst/data_mem_inst/id_ex_reg[operand_a][31]_i_1/O
                         net (fo=32, routed)          0.746    13.640    cpu_inst/data_mem_inst_n_141
    SLICE_X10Y12         FDRE                                         r  cpu_inst/id_ex_reg_reg[operand_a][18]/R
  -------------------------------------------------------------------    -------------------

                         (clock sys_clk_pin rise edge)
                                                      9.000     9.000 r  <hidden>
                         propagated clock network latency
                                                      4.788    13.788    <hidden>
                         clock pessimism              0.260    14.048    <hidden>
                         clock uncertainty           -0.035    14.013    <hidden>
    SLICE_X10Y12         FDRE (Setup_fdre_C_R)       -0.524    13.489    cpu_inst/id_ex_reg_reg[operand_a][18]
  -------------------------------------------------------------------
                         required time                         13.489    <hidden>
                         arrival time                         -13.640    <hidden>
  -------------------------------------------------------------------
                         slack                                 -0.151    <hidden>

Slack (VIOLATED) :        -0.151ns  (required time - arrival time)
  Source:                 cpu_inst/data_mem_inst/mem_reg/CLKARDCLK
                            (rising edge-triggered cell RAMB18E1 clocked by sys_clk_pin  {rise@0.000ns fall@4.500ns period=9.000ns})
  Destination:            cpu_inst/id_ex_reg_reg[operand_a][24]/R
                            (rising edge-triggered cell FDRE clocked by sys_clk_pin  {rise@0.000ns fall@4.500ns period=9.000ns})
  Path Group:             sys_clk_pin
  Path Type:              Setup (Max at Slow Process Corner)
  Requirement:            9.000ns  (sys_clk_pin rise@9.000ns - sys_clk_pin rise@0.000ns)
  Data Path Delay:        8.508ns  (logic 4.119ns (48.413%)  route 4.389ns (51.587%))
  Logic Levels:           8  (CARRY4=3 LUT3=2 LUT5=1 LUT6=2)
  Clock Path Skew:        -0.083ns (DCD - SCD + CPR)
    Destination Clock Delay (DCD):    4.788ns = ( 13.788 - 9.000 ) 
    Source Clock Delay      (SCD):    5.132ns
    Clock Pessimism Removal (CPR):    0.260ns
  Clock Uncertainty:      0.035ns  ((TSJ^2 + TIJ^2)^1/2 + DJ) / 2 + PE
    Total System Jitter     (TSJ):    0.071ns
    Total Input Jitter      (TIJ):    0.000ns
    Discrete Jitter          (DJ):    0.000ns
    Phase Error              (PE):    0.000ns

    Location             Delay type                Incr(ns)  Path(ns)    Netlist Resource(s)
  -------------------------------------------------------------------    -------------------
                         (clock sys_clk_pin rise edge)
                                                      0.000     0.000 r  <hidden>
                         propagated clock network latency
                                                      5.132     5.132    <hidden>
    RAMB18_X0Y2          RAMB18E1                     0.000     5.132 r  cpu_inst/data_mem_inst/mem_reg/CLKARDCLK
    RAMB18_X0Y2          RAMB18E1 (Prop_ramb18e1_CLKARDCLK_DOADO[1])
                                                      2.454     7.586 r  cpu_inst/data_mem_inst/mem_reg/DOADO[1]
                         net (fo=2, routed)           0.767     8.353    cpu_inst/data_mem_inst/mem_reg_n_14
    SLICE_X9Y4           LUT3 (Prop_lut3_I0_O)        0.124     8.477 r  cpu_inst/data_mem_inst/regs[1][1]_i_1/O
                         net (fo=35, routed)          0.766     9.243    cpu_inst/data_mem_inst/wb_write_data[1]
    SLICE_X10Y4          LUT5 (Prop_lut5_I4_O)        0.124     9.367 r  cpu_inst/data_mem_inst/ex_mem_reg[store_data][1]_i_1/O
                         net (fo=4, routed)           1.034    10.401    cpu_inst/data_mem_inst/ex_store_data[1]
    SLICE_X8Y10          LUT6 (Prop_lut6_I5_O)        0.124    10.525 r  cpu_inst/data_mem_inst/i__carry_i_4/O
                         net (fo=1, routed)           0.000    10.525    cpu_inst/data_mem_inst_n_245
    SLICE_X8Y10          CARRY4 (Prop_carry4_S[0]_CO[3])
                                                      0.513    11.038 r  cpu_inst/ex_branch_taken0_inferred__0/i__carry/CO[3]
                         net (fo=1, routed)           0.000    11.038    cpu_inst/ex_branch_taken0_inferred__0/i__carry_n_0
    SLICE_X8Y11          CARRY4 (Prop_carry4_CI_CO[3])
                                                      0.117    11.155 r  cpu_inst/ex_branch_taken0_inferred__0/i__carry__0/CO[3]
                         net (fo=1, routed)           0.000    11.155    cpu_inst/ex_branch_taken0_inferred__0/i__carry__0_n_0
    SLICE_X8Y12          CARRY4 (Prop_carry4_CI_CO[2])
                                                      0.229    11.384 f  cpu_inst/ex_branch_taken0_inferred__0/i__carry__1/CO[2]
                         net (fo=39, routed)          0.511    11.894    cpu_inst/data_mem_inst/CO[0]
    SLICE_X8Y13          LUT6 (Prop_lut6_I4_O)        0.310    12.204 r  cpu_inst/data_mem_inst/id_ex_reg[imm_ext][12]_i_1/O
                         net (fo=130, routed)         0.565    12.769    cpu_inst/data_mem_inst/id_ex_reg_reg[valid]_1
    SLICE_X8Y13          LUT3 (Prop_lut3_I2_O)        0.124    12.893 r  cpu_inst/data_mem_inst/id_ex_reg[operand_a][31]_i_1/O
                         net (fo=32, routed)          0.746    13.640    cpu_inst/data_mem_inst_n_141
    SLICE_X10Y12         FDRE                                         r  cpu_inst/id_ex_reg_reg[operand_a][24]/R
  -------------------------------------------------------------------    -------------------

                         (clock sys_clk_pin rise edge)
                                                      9.000     9.000 r  <hidden>
                         propagated clock network latency
                                                      4.788    13.788    <hidden>
                         clock pessimism              0.260    14.048    <hidden>
                         clock uncertainty           -0.035    14.013    <hidden>
    SLICE_X10Y12         FDRE (Setup_fdre_C_R)       -0.524    13.489    cpu_inst/id_ex_reg_reg[operand_a][24]
  -------------------------------------------------------------------
                         required time                         13.489    <hidden>
                         arrival time                         -13.640    <hidden>
  -------------------------------------------------------------------
                         slack                                 -0.151    <hidden>

Slack (VIOLATED) :        -0.151ns  (required time - arrival time)
  Source:                 cpu_inst/data_mem_inst/mem_reg/CLKARDCLK
                            (rising edge-triggered cell RAMB18E1 clocked by sys_clk_pin  {rise@0.000ns fall@4.500ns period=9.000ns})
  Destination:            cpu_inst/id_ex_reg_reg[operand_a][28]/R
                            (rising edge-triggered cell FDRE clocked by sys_clk_pin  {rise@0.000ns fall@4.500ns period=9.000ns})
  Path Group:             sys_clk_pin
  Path Type:              Setup (Max at Slow Process Corner)
  Requirement:            9.000ns  (sys_clk_pin rise@9.000ns - sys_clk_pin rise@0.000ns)
  Data Path Delay:        8.508ns  (logic 4.119ns (48.413%)  route 4.389ns (51.587%))
  Logic Levels:           8  (CARRY4=3 LUT3=2 LUT5=1 LUT6=2)
  Clock Path Skew:        -0.083ns (DCD - SCD + CPR)
    Destination Clock Delay (DCD):    4.788ns = ( 13.788 - 9.000 ) 
    Source Clock Delay      (SCD):    5.132ns
    Clock Pessimism Removal (CPR):    0.260ns
  Clock Uncertainty:      0.035ns  ((TSJ^2 + TIJ^2)^1/2 + DJ) / 2 + PE
    Total System Jitter     (TSJ):    0.071ns
    Total Input Jitter      (TIJ):    0.000ns
    Discrete Jitter          (DJ):    0.000ns
    Phase Error              (PE):    0.000ns

    Location             Delay type                Incr(ns)  Path(ns)    Netlist Resource(s)
  -------------------------------------------------------------------    -------------------
                         (clock sys_clk_pin rise edge)
                                                      0.000     0.000 r  <hidden>
                         propagated clock network latency
                                                      5.132     5.132    <hidden>
    RAMB18_X0Y2          RAMB18E1                     0.000     5.132 r  cpu_inst/data_mem_inst/mem_reg/CLKARDCLK
    RAMB18_X0Y2          RAMB18E1 (Prop_ramb18e1_CLKARDCLK_DOADO[1])
                                                      2.454     7.586 r  cpu_inst/data_mem_inst/mem_reg/DOADO[1]
                         net (fo=2, routed)           0.767     8.353    cpu_inst/data_mem_inst/mem_reg_n_14
    SLICE_X9Y4           LUT3 (Prop_lut3_I0_O)        0.124     8.477 r  cpu_inst/data_mem_inst/regs[1][1]_i_1/O
                         net (fo=35, routed)          0.766     9.243    cpu_inst/data_mem_inst/wb_write_data[1]
    SLICE_X10Y4          LUT5 (Prop_lut5_I4_O)        0.124     9.367 r  cpu_inst/data_mem_inst/ex_mem_reg[store_data][1]_i_1/O
                         net (fo=4, routed)           1.034    10.401    cpu_inst/data_mem_inst/ex_store_data[1]
    SLICE_X8Y10          LUT6 (Prop_lut6_I5_O)        0.124    10.525 r  cpu_inst/data_mem_inst/i__carry_i_4/O
                         net (fo=1, routed)           0.000    10.525    cpu_inst/data_mem_inst_n_245
    SLICE_X8Y10          CARRY4 (Prop_carry4_S[0]_CO[3])
                                                      0.513    11.038 r  cpu_inst/ex_branch_taken0_inferred__0/i__carry/CO[3]
                         net (fo=1, routed)           0.000    11.038    cpu_inst/ex_branch_taken0_inferred__0/i__carry_n_0
    SLICE_X8Y11          CARRY4 (Prop_carry4_CI_CO[3])
                                                      0.117    11.155 r  cpu_inst/ex_branch_taken0_inferred__0/i__carry__0/CO[3]
                         net (fo=1, routed)           0.000    11.155    cpu_inst/ex_branch_taken0_inferred__0/i__carry__0_n_0
    SLICE_X8Y12          CARRY4 (Prop_carry4_CI_CO[2])
                                                      0.229    11.384 f  cpu_inst/ex_branch_taken0_inferred__0/i__carry__1/CO[2]
                         net (fo=39, routed)          0.511    11.894    cpu_inst/data_mem_inst/CO[0]
    SLICE_X8Y13          LUT6 (Prop_lut6_I4_O)        0.310    12.204 r  cpu_inst/data_mem_inst/id_ex_reg[imm_ext][12]_i_1/O
                         net (fo=130, routed)         0.565    12.769    cpu_inst/data_mem_inst/id_ex_reg_reg[valid]_1
    SLICE_X8Y13          LUT3 (Prop_lut3_I2_O)        0.124    12.893 r  cpu_inst/data_mem_inst/id_ex_reg[operand_a][31]_i_1/O
                         net (fo=32, routed)          0.746    13.640    cpu_inst/data_mem_inst_n_141
    SLICE_X10Y12         FDRE                                         r  cpu_inst/id_ex_reg_reg[operand_a][28]/R
  -------------------------------------------------------------------    -------------------

                         (clock sys_clk_pin rise edge)
                                                      9.000     9.000 r  <hidden>
                         propagated clock network latency
                                                      4.788    13.788    <hidden>
                         clock pessimism              0.260    14.048    <hidden>
                         clock uncertainty           -0.035    14.013    <hidden>
    SLICE_X10Y12         FDRE (Setup_fdre_C_R)       -0.524    13.489    cpu_inst/id_ex_reg_reg[operand_a][28]
  -------------------------------------------------------------------
                         required time                         13.489    <hidden>
                         arrival time                         -13.640    <hidden>
  -------------------------------------------------------------------
                         slack                                 -0.151    <hidden>

Slack (VIOLATED) :        -0.129ns  (required time - arrival time)
  Source:                 cpu_inst/data_mem_inst/mem_reg/CLKARDCLK
                            (rising edge-triggered cell RAMB18E1 clocked by sys_clk_pin  {rise@0.000ns fall@4.500ns period=9.000ns})
  Destination:            cpu_inst/id_ex_reg_reg[operand_a][29]/R
                            (rising edge-triggered cell FDRE clocked by sys_clk_pin  {rise@0.000ns fall@4.500ns period=9.000ns})
  Path Group:             sys_clk_pin
  Path Type:              Setup (Max at Slow Process Corner)
  Requirement:            9.000ns  (sys_clk_pin rise@9.000ns - sys_clk_pin rise@0.000ns)
  Data Path Delay:        8.483ns  (logic 4.119ns (48.557%)  route 4.364ns (51.443%))
  Logic Levels:           8  (CARRY4=3 LUT3=2 LUT5=1 LUT6=2)
  Clock Path Skew:        -0.086ns (DCD - SCD + CPR)
    Destination Clock Delay (DCD):    4.785ns = ( 13.785 - 9.000 ) 
    Source Clock Delay      (SCD):    5.132ns
    Clock Pessimism Removal (CPR):    0.260ns
  Clock Uncertainty:      0.035ns  ((TSJ^2 + TIJ^2)^1/2 + DJ) / 2 + PE
    Total System Jitter     (TSJ):    0.071ns
    Total Input Jitter      (TIJ):    0.000ns
    Discrete Jitter          (DJ):    0.000ns
    Phase Error              (PE):    0.000ns

    Location             Delay type                Incr(ns)  Path(ns)    Netlist Resource(s)
  -------------------------------------------------------------------    -------------------
                         (clock sys_clk_pin rise edge)
                                                      0.000     0.000 r  <hidden>
                         propagated clock network latency
                                                      5.132     5.132    <hidden>
    RAMB18_X0Y2          RAMB18E1                     0.000     5.132 r  cpu_inst/data_mem_inst/mem_reg/CLKARDCLK
    RAMB18_X0Y2          RAMB18E1 (Prop_ramb18e1_CLKARDCLK_DOADO[1])
                                                      2.454     7.586 r  cpu_inst/data_mem_inst/mem_reg/DOADO[1]
                         net (fo=2, routed)           0.767     8.353    cpu_inst/data_mem_inst/mem_reg_n_14
    SLICE_X9Y4           LUT3 (Prop_lut3_I0_O)        0.124     8.477 r  cpu_inst/data_mem_inst/regs[1][1]_i_1/O
                         net (fo=35, routed)          0.766     9.243    cpu_inst/data_mem_inst/wb_write_data[1]
    SLICE_X10Y4          LUT5 (Prop_lut5_I4_O)        0.124     9.367 r  cpu_inst/data_mem_inst/ex_mem_reg[store_data][1]_i_1/O
                         net (fo=4, routed)           1.034    10.401    cpu_inst/data_mem_inst/ex_store_data[1]
    SLICE_X8Y10          LUT6 (Prop_lut6_I5_O)        0.124    10.525 r  cpu_inst/data_mem_inst/i__carry_i_4/O
                         net (fo=1, routed)           0.000    10.525    cpu_inst/data_mem_inst_n_245
    SLICE_X8Y10          CARRY4 (Prop_carry4_S[0]_CO[3])
                                                      0.513    11.038 r  cpu_inst/ex_branch_taken0_inferred__0/i__carry/CO[3]
                         net (fo=1, routed)           0.000    11.038    cpu_inst/ex_branch_taken0_inferred__0/i__carry_n_0
    SLICE_X8Y11          CARRY4 (Prop_carry4_CI_CO[3])
                                                      0.117    11.155 r  cpu_inst/ex_branch_taken0_inferred__0/i__carry__0/CO[3]
                         net (fo=1, routed)           0.000    11.155    cpu_inst/ex_branch_taken0_inferred__0/i__carry__0_n_0
    SLICE_X8Y12          CARRY4 (Prop_carry4_CI_CO[2])
                                                      0.229    11.384 f  cpu_inst/ex_branch_taken0_inferred__0/i__carry__1/CO[2]
                         net (fo=39, routed)          0.511    11.894    cpu_inst/data_mem_inst/CO[0]
    SLICE_X8Y13          LUT6 (Prop_lut6_I4_O)        0.310    12.204 r  cpu_inst/data_mem_inst/id_ex_reg[imm_ext][12]_i_1/O
                         net (fo=130, routed)         0.565    12.769    cpu_inst/data_mem_inst/id_ex_reg_reg[valid]_1
    SLICE_X8Y13          LUT3 (Prop_lut3_I2_O)        0.124    12.893 r  cpu_inst/data_mem_inst/id_ex_reg[operand_a][31]_i_1/O
                         net (fo=32, routed)          0.721    13.615    cpu_inst/data_mem_inst_n_141
    SLICE_X10Y16         FDRE                                         r  cpu_inst/id_ex_reg_reg[operand_a][29]/R
  -------------------------------------------------------------------    -------------------

                         (clock sys_clk_pin rise edge)
                                                      9.000     9.000 r  <hidden>
                         propagated clock network latency
                                                      4.785    13.785    <hidden>
                         clock pessimism              0.260    14.045    <hidden>
                         clock uncertainty           -0.035    14.010    <hidden>
    SLICE_X10Y16         FDRE (Setup_fdre_C_R)       -0.524    13.486    cpu_inst/id_ex_reg_reg[operand_a][29]
  -------------------------------------------------------------------
                         required time                         13.486    <hidden>
                         arrival time                         -13.615    <hidden>
  -------------------------------------------------------------------
                         slack                                 -0.129    <hidden>

Slack (VIOLATED) :        -0.129ns  (required time - arrival time)
  Source:                 cpu_inst/data_mem_inst/mem_reg/CLKARDCLK
                            (rising edge-triggered cell RAMB18E1 clocked by sys_clk_pin  {rise@0.000ns fall@4.500ns period=9.000ns})
  Destination:            cpu_inst/id_ex_reg_reg[operand_a][4]/R
                            (rising edge-triggered cell FDRE clocked by sys_clk_pin  {rise@0.000ns fall@4.500ns period=9.000ns})
  Path Group:             sys_clk_pin
  Path Type:              Setup (Max at Slow Process Corner)
  Requirement:            9.000ns  (sys_clk_pin rise@9.000ns - sys_clk_pin rise@0.000ns)
  Data Path Delay:        8.483ns  (logic 4.119ns (48.557%)  route 4.364ns (51.443%))
  Logic Levels:           8  (CARRY4=3 LUT3=2 LUT5=1 LUT6=2)
  Clock Path Skew:        -0.086ns (DCD - SCD + CPR)
    Destination Clock Delay (DCD):    4.785ns = ( 13.785 - 9.000 ) 
    Source Clock Delay      (SCD):    5.132ns
    Clock Pessimism Removal (CPR):    0.260ns
  Clock Uncertainty:      0.035ns  ((TSJ^2 + TIJ^2)^1/2 + DJ) / 2 + PE
    Total System Jitter     (TSJ):    0.071ns
    Total Input Jitter      (TIJ):    0.000ns
    Discrete Jitter          (DJ):    0.000ns
    Phase Error              (PE):    0.000ns

    Location             Delay type                Incr(ns)  Path(ns)    Netlist Resource(s)
  -------------------------------------------------------------------    -------------------
                         (clock sys_clk_pin rise edge)
                                                      0.000     0.000 r  <hidden>
                         propagated clock network latency
                                                      5.132     5.132    <hidden>
    RAMB18_X0Y2          RAMB18E1                     0.000     5.132 r  cpu_inst/data_mem_inst/mem_reg/CLKARDCLK
    RAMB18_X0Y2          RAMB18E1 (Prop_ramb18e1_CLKARDCLK_DOADO[1])
                                                      2.454     7.586 r  cpu_inst/data_mem_inst/mem_reg/DOADO[1]
                         net (fo=2, routed)           0.767     8.353    cpu_inst/data_mem_inst/mem_reg_n_14
    SLICE_X9Y4           LUT3 (Prop_lut3_I0_O)        0.124     8.477 r  cpu_inst/data_mem_inst/regs[1][1]_i_1/O
                         net (fo=35, routed)          0.766     9.243    cpu_inst/data_mem_inst/wb_write_data[1]
    SLICE_X10Y4          LUT5 (Prop_lut5_I4_O)        0.124     9.367 r  cpu_inst/data_mem_inst/ex_mem_reg[store_data][1]_i_1/O
                         net (fo=4, routed)           1.034    10.401    cpu_inst/data_mem_inst/ex_store_data[1]
    SLICE_X8Y10          LUT6 (Prop_lut6_I5_O)        0.124    10.525 r  cpu_inst/data_mem_inst/i__carry_i_4/O
                         net (fo=1, routed)           0.000    10.525    cpu_inst/data_mem_inst_n_245
    SLICE_X8Y10          CARRY4 (Prop_carry4_S[0]_CO[3])
                                                      0.513    11.038 r  cpu_inst/ex_branch_taken0_inferred__0/i__carry/CO[3]
                         net (fo=1, routed)           0.000    11.038    cpu_inst/ex_branch_taken0_inferred__0/i__carry_n_0
    SLICE_X8Y11          CARRY4 (Prop_carry4_CI_CO[3])
                                                      0.117    11.155 r  cpu_inst/ex_branch_taken0_inferred__0/i__carry__0/CO[3]
                         net (fo=1, routed)           0.000    11.155    cpu_inst/ex_branch_taken0_inferred__0/i__carry__0_n_0
    SLICE_X8Y12          CARRY4 (Prop_carry4_CI_CO[2])
                                                      0.229    11.384 f  cpu_inst/ex_branch_taken0_inferred__0/i__carry__1/CO[2]
                         net (fo=39, routed)          0.511    11.894    cpu_inst/data_mem_inst/CO[0]
    SLICE_X8Y13          LUT6 (Prop_lut6_I4_O)        0.310    12.204 r  cpu_inst/data_mem_inst/id_ex_reg[imm_ext][12]_i_1/O
                         net (fo=130, routed)         0.565    12.769    cpu_inst/data_mem_inst/id_ex_reg_reg[valid]_1
    SLICE_X8Y13          LUT3 (Prop_lut3_I2_O)        0.124    12.893 r  cpu_inst/data_mem_inst/id_ex_reg[operand_a][31]_i_1/O
                         net (fo=32, routed)          0.721    13.615    cpu_inst/data_mem_inst_n_141
    SLICE_X10Y16         FDRE                                         r  cpu_inst/id_ex_reg_reg[operand_a][4]/R
  -------------------------------------------------------------------    -------------------

                         (clock sys_clk_pin rise edge)
                                                      9.000     9.000 r  <hidden>
                         propagated clock network latency
                                                      4.785    13.785    <hidden>
                         clock pessimism              0.260    14.045    <hidden>
                         clock uncertainty           -0.035    14.010    <hidden>
    SLICE_X10Y16         FDRE (Setup_fdre_C_R)       -0.524    13.486    cpu_inst/id_ex_reg_reg[operand_a][4]
  -------------------------------------------------------------------
                         required time                         13.486    <hidden>
                         arrival time                         -13.615    <hidden>
  -------------------------------------------------------------------
                         slack                                 -0.129    <hidden>

Slack (VIOLATED) :        -0.129ns  (required time - arrival time)
  Source:                 cpu_inst/data_mem_inst/mem_reg/CLKARDCLK
                            (rising edge-triggered cell RAMB18E1 clocked by sys_clk_pin  {rise@0.000ns fall@4.500ns period=9.000ns})
  Destination:            cpu_inst/id_ex_reg_reg[operand_a][9]/R
                            (rising edge-triggered cell FDRE clocked by sys_clk_pin  {rise@0.000ns fall@4.500ns period=9.000ns})
  Path Group:             sys_clk_pin
  Path Type:              Setup (Max at Slow Process Corner)
  Requirement:            9.000ns  (sys_clk_pin rise@9.000ns - sys_clk_pin rise@0.000ns)
  Data Path Delay:        8.483ns  (logic 4.119ns (48.557%)  route 4.364ns (51.443%))
  Logic Levels:           8  (CARRY4=3 LUT3=2 LUT5=1 LUT6=2)
  Clock Path Skew:        -0.086ns (DCD - SCD + CPR)
    Destination Clock Delay (DCD):    4.785ns = ( 13.785 - 9.000 ) 
    Source Clock Delay      (SCD):    5.132ns
    Clock Pessimism Removal (CPR):    0.260ns
  Clock Uncertainty:      0.035ns  ((TSJ^2 + TIJ^2)^1/2 + DJ) / 2 + PE
    Total System Jitter     (TSJ):    0.071ns
    Total Input Jitter      (TIJ):    0.000ns
    Discrete Jitter          (DJ):    0.000ns
    Phase Error              (PE):    0.000ns

    Location             Delay type                Incr(ns)  Path(ns)    Netlist Resource(s)
  -------------------------------------------------------------------    -------------------
                         (clock sys_clk_pin rise edge)
                                                      0.000     0.000 r  <hidden>
                         propagated clock network latency
                                                      5.132     5.132    <hidden>
    RAMB18_X0Y2          RAMB18E1                     0.000     5.132 r  cpu_inst/data_mem_inst/mem_reg/CLKARDCLK
    RAMB18_X0Y2          RAMB18E1 (Prop_ramb18e1_CLKARDCLK_DOADO[1])
                                                      2.454     7.586 r  cpu_inst/data_mem_inst/mem_reg/DOADO[1]
                         net (fo=2, routed)           0.767     8.353    cpu_inst/data_mem_inst/mem_reg_n_14
    SLICE_X9Y4           LUT3 (Prop_lut3_I0_O)        0.124     8.477 r  cpu_inst/data_mem_inst/regs[1][1]_i_1/O
                         net (fo=35, routed)          0.766     9.243    cpu_inst/data_mem_inst/wb_write_data[1]
    SLICE_X10Y4          LUT5 (Prop_lut5_I4_O)        0.124     9.367 r  cpu_inst/data_mem_inst/ex_mem_reg[store_data][1]_i_1/O
                         net (fo=4, routed)           1.034    10.401    cpu_inst/data_mem_inst/ex_store_data[1]
    SLICE_X8Y10          LUT6 (Prop_lut6_I5_O)        0.124    10.525 r  cpu_inst/data_mem_inst/i__carry_i_4/O
                         net (fo=1, routed)           0.000    10.525    cpu_inst/data_mem_inst_n_245
    SLICE_X8Y10          CARRY4 (Prop_carry4_S[0]_CO[3])
                                                      0.513    11.038 r  cpu_inst/ex_branch_taken0_inferred__0/i__carry/CO[3]
                         net (fo=1, routed)           0.000    11.038    cpu_inst/ex_branch_taken0_inferred__0/i__carry_n_0
    SLICE_X8Y11          CARRY4 (Prop_carry4_CI_CO[3])
                                                      0.117    11.155 r  cpu_inst/ex_branch_taken0_inferred__0/i__carry__0/CO[3]
                         net (fo=1, routed)           0.000    11.155    cpu_inst/ex_branch_taken0_inferred__0/i__carry__0_n_0
    SLICE_X8Y12          CARRY4 (Prop_carry4_CI_CO[2])
                                                      0.229    11.384 f  cpu_inst/ex_branch_taken0_inferred__0/i__carry__1/CO[2]
                         net (fo=39, routed)          0.511    11.894    cpu_inst/data_mem_inst/CO[0]
    SLICE_X8Y13          LUT6 (Prop_lut6_I4_O)        0.310    12.204 r  cpu_inst/data_mem_inst/id_ex_reg[imm_ext][12]_i_1/O
                         net (fo=130, routed)         0.565    12.769    cpu_inst/data_mem_inst/id_ex_reg_reg[valid]_1
    SLICE_X8Y13          LUT3 (Prop_lut3_I2_O)        0.124    12.893 r  cpu_inst/data_mem_inst/id_ex_reg[operand_a][31]_i_1/O
                         net (fo=32, routed)          0.721    13.615    cpu_inst/data_mem_inst_n_141
    SLICE_X10Y16         FDRE                                         r  cpu_inst/id_ex_reg_reg[operand_a][9]/R
  -------------------------------------------------------------------    -------------------

                         (clock sys_clk_pin rise edge)
                                                      9.000     9.000 r  <hidden>
                         propagated clock network latency
                                                      4.785    13.785    <hidden>
                         clock pessimism              0.260    14.045    <hidden>
                         clock uncertainty           -0.035    14.010    <hidden>
    SLICE_X10Y16         FDRE (Setup_fdre_C_R)       -0.524    13.486    cpu_inst/id_ex_reg_reg[operand_a][9]
  -------------------------------------------------------------------
                         required time                         13.486    <hidden>
                         arrival time                         -13.615    <hidden>
  -------------------------------------------------------------------
                         slack                                 -0.129    <hidden>

Slack (VIOLATED) :        -0.056ns  (required time - arrival time)
  Source:                 cpu_inst/data_mem_inst/mem_reg/CLKARDCLK
                            (rising edge-triggered cell RAMB18E1 clocked by sys_clk_pin  {rise@0.000ns fall@4.500ns period=9.000ns})
  Destination:            cpu_inst/id_ex_reg_reg[operand_a][0]/R
                            (rising edge-triggered cell FDRE clocked by sys_clk_pin  {rise@0.000ns fall@4.500ns period=9.000ns})
  Path Group:             sys_clk_pin
  Path Type:              Setup (Max at Slow Process Corner)
  Requirement:            9.000ns  (sys_clk_pin rise@9.000ns - sys_clk_pin rise@0.000ns)
  Data Path Delay:        8.508ns  (logic 4.119ns (48.413%)  route 4.389ns (51.587%))
  Logic Levels:           8  (CARRY4=3 LUT3=2 LUT5=1 LUT6=2)
  Clock Path Skew:        -0.083ns (DCD - SCD + CPR)
    Destination Clock Delay (DCD):    4.788ns = ( 13.788 - 9.000 ) 
    Source Clock Delay      (SCD):    5.132ns
    Clock Pessimism Removal (CPR):    0.260ns
  Clock Uncertainty:      0.035ns  ((TSJ^2 + TIJ^2)^1/2 + DJ) / 2 + PE
    Total System Jitter     (TSJ):    0.071ns
    Total Input Jitter      (TIJ):    0.000ns
    Discrete Jitter          (DJ):    0.000ns
    Phase Error              (PE):    0.000ns

    Location             Delay type                Incr(ns)  Path(ns)    Netlist Resource(s)
  -------------------------------------------------------------------    -------------------
                         (clock sys_clk_pin rise edge)
                                                      0.000     0.000 r  <hidden>
                         propagated clock network latency
                                                      5.132     5.132    <hidden>
    RAMB18_X0Y2          RAMB18E1                     0.000     5.132 r  cpu_inst/data_mem_inst/mem_reg/CLKARDCLK
    RAMB18_X0Y2          RAMB18E1 (Prop_ramb18e1_CLKARDCLK_DOADO[1])
                                                      2.454     7.586 r  cpu_inst/data_mem_inst/mem_reg/DOADO[1]
                         net (fo=2, routed)           0.767     8.353    cpu_inst/data_mem_inst/mem_reg_n_14
    SLICE_X9Y4           LUT3 (Prop_lut3_I0_O)        0.124     8.477 r  cpu_inst/data_mem_inst/regs[1][1]_i_1/O
                         net (fo=35, routed)          0.766     9.243    cpu_inst/data_mem_inst/wb_write_data[1]
    SLICE_X10Y4          LUT5 (Prop_lut5_I4_O)        0.124     9.367 r  cpu_inst/data_mem_inst/ex_mem_reg[store_data][1]_i_1/O
                         net (fo=4, routed)           1.034    10.401    cpu_inst/data_mem_inst/ex_store_data[1]
    SLICE_X8Y10          LUT6 (Prop_lut6_I5_O)        0.124    10.525 r  cpu_inst/data_mem_inst/i__carry_i_4/O
                         net (fo=1, routed)           0.000    10.525    cpu_inst/data_mem_inst_n_245
    SLICE_X8Y10          CARRY4 (Prop_carry4_S[0]_CO[3])
                                                      0.513    11.038 r  cpu_inst/ex_branch_taken0_inferred__0/i__carry/CO[3]
                         net (fo=1, routed)           0.000    11.038    cpu_inst/ex_branch_taken0_inferred__0/i__carry_n_0
    SLICE_X8Y11          CARRY4 (Prop_carry4_CI_CO[3])
                                                      0.117    11.155 r  cpu_inst/ex_branch_taken0_inferred__0/i__carry__0/CO[3]
                         net (fo=1, routed)           0.000    11.155    cpu_inst/ex_branch_taken0_inferred__0/i__carry__0_n_0
    SLICE_X8Y12          CARRY4 (Prop_carry4_CI_CO[2])
                                                      0.229    11.384 f  cpu_inst/ex_branch_taken0_inferred__0/i__carry__1/CO[2]
                         net (fo=39, routed)          0.511    11.894    cpu_inst/data_mem_inst/CO[0]
    SLICE_X8Y13          LUT6 (Prop_lut6_I4_O)        0.310    12.204 r  cpu_inst/data_mem_inst/id_ex_reg[imm_ext][12]_i_1/O
                         net (fo=130, routed)         0.565    12.769    cpu_inst/data_mem_inst/id_ex_reg_reg[valid]_1
    SLICE_X8Y13          LUT3 (Prop_lut3_I2_O)        0.124    12.893 r  cpu_inst/data_mem_inst/id_ex_reg[operand_a][31]_i_1/O
                         net (fo=32, routed)          0.746    13.640    cpu_inst/data_mem_inst_n_141
    SLICE_X11Y12         FDRE                                         r  cpu_inst/id_ex_reg_reg[operand_a][0]/R
  -------------------------------------------------------------------    -------------------

                         (clock sys_clk_pin rise edge)
                                                      9.000     9.000 r  <hidden>
                         propagated clock network latency
                                                      4.788    13.788    <hidden>
                         clock pessimism              0.260    14.048    <hidden>
                         clock uncertainty           -0.035    14.013    <hidden>
    SLICE_X11Y12         FDRE (Setup_fdre_C_R)       -0.429    13.584    cpu_inst/id_ex_reg_reg[operand_a][0]
  -------------------------------------------------------------------
                         required time                         13.584    <hidden>
                         arrival time                         -13.640    <hidden>
  -------------------------------------------------------------------
                         slack                                 -0.056    <hidden>

Slack (VIOLATED) :        -0.056ns  (required time - arrival time)
  Source:                 cpu_inst/data_mem_inst/mem_reg/CLKARDCLK
                            (rising edge-triggered cell RAMB18E1 clocked by sys_clk_pin  {rise@0.000ns fall@4.500ns period=9.000ns})
  Destination:            cpu_inst/id_ex_reg_reg[operand_a][11]/R
                            (rising edge-triggered cell FDRE clocked by sys_clk_pin  {rise@0.000ns fall@4.500ns period=9.000ns})
  Path Group:             sys_clk_pin
  Path Type:              Setup (Max at Slow Process Corner)
  Requirement:            9.000ns  (sys_clk_pin rise@9.000ns - sys_clk_pin rise@0.000ns)
  Data Path Delay:        8.508ns  (logic 4.119ns (48.413%)  route 4.389ns (51.587%))
  Logic Levels:           8  (CARRY4=3 LUT3=2 LUT5=1 LUT6=2)
  Clock Path Skew:        -0.083ns (DCD - SCD + CPR)
    Destination Clock Delay (DCD):    4.788ns = ( 13.788 - 9.000 ) 
    Source Clock Delay      (SCD):    5.132ns
    Clock Pessimism Removal (CPR):    0.260ns
  Clock Uncertainty:      0.035ns  ((TSJ^2 + TIJ^2)^1/2 + DJ) / 2 + PE
    Total System Jitter     (TSJ):    0.071ns
    Total Input Jitter      (TIJ):    0.000ns
    Discrete Jitter          (DJ):    0.000ns
    Phase Error              (PE):    0.000ns

    Location             Delay type                Incr(ns)  Path(ns)    Netlist Resource(s)
  -------------------------------------------------------------------    -------------------
                         (clock sys_clk_pin rise edge)
                                                      0.000     0.000 r  <hidden>
                         propagated clock network latency
                                                      5.132     5.132    <hidden>
    RAMB18_X0Y2          RAMB18E1                     0.000     5.132 r  cpu_inst/data_mem_inst/mem_reg/CLKARDCLK
    RAMB18_X0Y2          RAMB18E1 (Prop_ramb18e1_CLKARDCLK_DOADO[1])
                                                      2.454     7.586 r  cpu_inst/data_mem_inst/mem_reg/DOADO[1]
                         net (fo=2, routed)           0.767     8.353    cpu_inst/data_mem_inst/mem_reg_n_14
    SLICE_X9Y4           LUT3 (Prop_lut3_I0_O)        0.124     8.477 r  cpu_inst/data_mem_inst/regs[1][1]_i_1/O
                         net (fo=35, routed)          0.766     9.243    cpu_inst/data_mem_inst/wb_write_data[1]
    SLICE_X10Y4          LUT5 (Prop_lut5_I4_O)        0.124     9.367 r  cpu_inst/data_mem_inst/ex_mem_reg[store_data][1]_i_1/O
                         net (fo=4, routed)           1.034    10.401    cpu_inst/data_mem_inst/ex_store_data[1]
    SLICE_X8Y10          LUT6 (Prop_lut6_I5_O)        0.124    10.525 r  cpu_inst/data_mem_inst/i__carry_i_4/O
                         net (fo=1, routed)           0.000    10.525    cpu_inst/data_mem_inst_n_245
    SLICE_X8Y10          CARRY4 (Prop_carry4_S[0]_CO[3])
                                                      0.513    11.038 r  cpu_inst/ex_branch_taken0_inferred__0/i__carry/CO[3]
                         net (fo=1, routed)           0.000    11.038    cpu_inst/ex_branch_taken0_inferred__0/i__carry_n_0
    SLICE_X8Y11          CARRY4 (Prop_carry4_CI_CO[3])
                                                      0.117    11.155 r  cpu_inst/ex_branch_taken0_inferred__0/i__carry__0/CO[3]
                         net (fo=1, routed)           0.000    11.155    cpu_inst/ex_branch_taken0_inferred__0/i__carry__0_n_0
    SLICE_X8Y12          CARRY4 (Prop_carry4_CI_CO[2])
                                                      0.229    11.384 f  cpu_inst/ex_branch_taken0_inferred__0/i__carry__1/CO[2]
                         net (fo=39, routed)          0.511    11.894    cpu_inst/data_mem_inst/CO[0]
    SLICE_X8Y13          LUT6 (Prop_lut6_I4_O)        0.310    12.204 r  cpu_inst/data_mem_inst/id_ex_reg[imm_ext][12]_i_1/O
                         net (fo=130, routed)         0.565    12.769    cpu_inst/data_mem_inst/id_ex_reg_reg[valid]_1
    SLICE_X8Y13          LUT3 (Prop_lut3_I2_O)        0.124    12.893 r  cpu_inst/data_mem_inst/id_ex_reg[operand_a][31]_i_1/O
                         net (fo=32, routed)          0.746    13.640    cpu_inst/data_mem_inst_n_141
    SLICE_X11Y12         FDRE                                         r  cpu_inst/id_ex_reg_reg[operand_a][11]/R
  -------------------------------------------------------------------    -------------------

                         (clock sys_clk_pin rise edge)
                                                      9.000     9.000 r  <hidden>
                         propagated clock network latency
                                                      4.788    13.788    <hidden>
                         clock pessimism              0.260    14.048    <hidden>
                         clock uncertainty           -0.035    14.013    <hidden>
    SLICE_X11Y12         FDRE (Setup_fdre_C_R)       -0.429    13.584    cpu_inst/id_ex_reg_reg[operand_a][11]
  -------------------------------------------------------------------
                         required time                         13.584    <hidden>
                         arrival time                         -13.640    <hidden>
  -------------------------------------------------------------------
                         slack                                 -0.056    <hidden>




