Copyright 1986-2022 Xilinx, Inc. All Rights Reserved. Copyright 2022-2026 Advanced Micro Devices, Inc. All Rights Reserved.
---------------------------------------------------------------------------------------------------------------------------------------------
| Tool Version : Vivado v.2026.1 (win64) Build 6511674 Tue Jun 16 11:02:23 MDT 2026
| Date         : Wed Jul  8 14:01:41 2026
| Host         : DESKTOP-4GB7DVJ running 64-bit major release  (build 9200)
| Command      : report_timing -max_paths 10 -path_type full -file reports/timing/fpga_top_synth_worst_paths.rpt
| Design       : fpga_top
| Device       : 7a35t-cpg236
| Speed File   : -1  PRODUCTION 1.23 2018-06-13
| Design State : Synthesized
---------------------------------------------------------------------------------------------------------------------------------------------

Timing Report

Slack (VIOLATED) :        -0.600ns  (required time - arrival time)
  Source:                 cpu_inst/fetch_inst/pc_inst/pc_reg[17]/C
                            (rising edge-triggered cell FDRE clocked by sys_clk_pin  {rise@0.000ns fall@5.000ns period=10.000ns})
  Destination:            cpu_inst/data_mem_inst/mem_reg[12][0]/CE
                            (rising edge-triggered cell FDRE clocked by sys_clk_pin  {rise@0.000ns fall@5.000ns period=10.000ns})
  Path Group:             sys_clk_pin
  Path Type:              Setup (Max at Slow Process Corner)
  Requirement:            10.000ns  (sys_clk_pin rise@10.000ns - sys_clk_pin rise@0.000ns)
  Data Path Delay:        10.218ns  (logic 2.938ns (28.753%)  route 7.280ns (71.247%))
  Logic Levels:           12  (CARRY4=4 LUT3=1 LUT5=4 LUT6=3)
  Clock Path Skew:        -0.145ns (DCD - SCD + CPR)
    Destination Clock Delay (DCD):    2.678ns = ( 12.678 - 10.000 ) 
    Source Clock Delay      (SCD):    2.938ns
    Clock Pessimism Removal (CPR):    0.115ns
  Clock Uncertainty:      0.035ns  ((TSJ^2 + TIJ^2)^1/2 + DJ) / 2 + PE
    Total System Jitter     (TSJ):    0.071ns
    Total Input Jitter      (TIJ):    0.000ns
    Discrete Jitter          (DJ):    0.000ns
    Phase Error              (PE):    0.000ns

    Location             Delay type                Incr(ns)  Path(ns)    Netlist Resource(s)
  -------------------------------------------------------------------    -------------------
                         (clock sys_clk_pin rise edge)
                                                      0.000     0.000 r  <hidden>
                         propagated clock network latency
                                                      2.938     2.938    <hidden>
                         FDRE                         0.000     2.938 r  cpu_inst/fetch_inst/pc_inst/pc_reg[17]/C
                         FDRE (Prop_fdre_C_Q)         0.478     3.416 r  cpu_inst/fetch_inst/pc_inst/pc_reg[17]/Q
                         net (fo=3, unplaced)         0.983     4.399    cpu_inst/fetch_inst/pc_inst/pc_reg[17]
                         LUT6 (Prop_lut6_I0_O)        0.295     4.694 r  cpu_inst/fetch_inst/pc_inst/led_OBUF[10]_inst_i_3/O
                         net (fo=1, unplaced)         1.111     5.805    cpu_inst/fetch_inst/pc_inst/led_OBUF[10]_inst_i_3_n_0
                         LUT5 (Prop_lut5_I0_O)        0.124     5.929 r  cpu_inst/fetch_inst/pc_inst/led_OBUF[10]_inst_i_2/O
                         net (fo=32, unplaced)        0.520     6.449    cpu_inst/fetch_inst/pc_inst/led_OBUF[10]_inst_i_2_n_0
                         LUT5 (Prop_lut5_I0_O)        0.116     6.565 r  cpu_inst/fetch_inst/pc_inst/y0_carry_i_11/O
                         net (fo=2, unplaced)         0.913     7.478    cpu_inst/fetch_inst/pc_inst/y0_carry_i_11_n_0
                         LUT5 (Prop_lut5_I0_O)        0.124     7.602 r  cpu_inst/fetch_inst/pc_inst/y0_carry_i_7/O
                         net (fo=1, unplaced)         0.000     7.602    cpu_inst/alu_inst/S[1]
                         CARRY4 (Prop_carry4_S[1]_CO[3])
                                                      0.533     8.135 r  cpu_inst/alu_inst/y0_carry/CO[3]
                         net (fo=1, unplaced)         0.009     8.144    cpu_inst/alu_inst/y0_carry_n_0
                         CARRY4 (Prop_carry4_CI_CO[3])
                                                      0.117     8.261 r  cpu_inst/alu_inst/y0_carry__0/CO[3]
                         net (fo=1, unplaced)         0.000     8.261    cpu_inst/alu_inst/y0_carry__0_n_0
                         CARRY4 (Prop_carry4_CI_CO[3])
                                                      0.117     8.378 r  cpu_inst/alu_inst/y0_carry__1/CO[3]
                         net (fo=1, unplaced)         0.000     8.378    cpu_inst/alu_inst/y0_carry__1_n_0
                         CARRY4 (Prop_carry4_CI_O[3])
                                                      0.331     8.709 f  cpu_inst/alu_inst/y0_carry__2/O[3]
                         net (fo=1, unplaced)         0.618     9.327    cpu_inst/fetch_inst/pc_inst/regs_reg[1][31]_2[13]
                         LUT5 (Prop_lut5_I0_O)        0.307     9.634 f  cpu_inst/fetch_inst/pc_inst/regs[1][15]_i_4/O
                         net (fo=6, unplaced)         1.143    10.777    cpu_inst/fetch_inst/pc_inst/regs[1][15]_i_4_n_0
                         LUT6 (Prop_lut6_I0_O)        0.124    10.901 f  cpu_inst/fetch_inst/pc_inst/mem[3][31]_i_2/O
                         net (fo=64, unplaced)        0.537    11.438    cpu_inst/fetch_inst/pc_inst/mem[3][31]_i_2_n_0
                         LUT6 (Prop_lut6_I0_O)        0.124    11.562 f  cpu_inst/fetch_inst/pc_inst/mem[12][31]_i_2/O
                         net (fo=1, unplaced)         0.902    12.464    cpu_inst/fetch_inst/pc_inst/mem[12][31]_i_2_n_0
                         LUT3 (Prop_lut3_I1_O)        0.148    12.612 r  cpu_inst/fetch_inst/pc_inst/mem[12][31]_i_1/O
                         net (fo=32, unplaced)        0.544    13.156    cpu_inst/data_mem_inst/mem_reg[12][31]_0[0]
                         FDRE                                         r  cpu_inst/data_mem_inst/mem_reg[12][0]/CE
  -------------------------------------------------------------------    -------------------

                         (clock sys_clk_pin rise edge)
                                                     10.000    10.000 r  <hidden>
                         propagated clock network latency
                                                      2.678    12.678    <hidden>
                         clock pessimism              0.115    12.793    <hidden>
                         clock uncertainty           -0.035    12.758    <hidden>
                         FDRE (Setup_fdre_C_CE)      -0.202    12.556    cpu_inst/data_mem_inst/mem_reg[12][0]
  -------------------------------------------------------------------
                         required time                         12.556    <hidden>
                         arrival time                         -13.156    <hidden>
  -------------------------------------------------------------------
                         slack                                 -0.600    <hidden>

Slack (VIOLATED) :        -0.600ns  (required time - arrival time)
  Source:                 cpu_inst/fetch_inst/pc_inst/pc_reg[17]/C
                            (rising edge-triggered cell FDRE clocked by sys_clk_pin  {rise@0.000ns fall@5.000ns period=10.000ns})
  Destination:            cpu_inst/data_mem_inst/mem_reg[12][10]/CE
                            (rising edge-triggered cell FDRE clocked by sys_clk_pin  {rise@0.000ns fall@5.000ns period=10.000ns})
  Path Group:             sys_clk_pin
  Path Type:              Setup (Max at Slow Process Corner)
  Requirement:            10.000ns  (sys_clk_pin rise@10.000ns - sys_clk_pin rise@0.000ns)
  Data Path Delay:        10.218ns  (logic 2.938ns (28.753%)  route 7.280ns (71.247%))
  Logic Levels:           12  (CARRY4=4 LUT3=1 LUT5=4 LUT6=3)
  Clock Path Skew:        -0.145ns (DCD - SCD + CPR)
    Destination Clock Delay (DCD):    2.678ns = ( 12.678 - 10.000 ) 
    Source Clock Delay      (SCD):    2.938ns
    Clock Pessimism Removal (CPR):    0.115ns
  Clock Uncertainty:      0.035ns  ((TSJ^2 + TIJ^2)^1/2 + DJ) / 2 + PE
    Total System Jitter     (TSJ):    0.071ns
    Total Input Jitter      (TIJ):    0.000ns
    Discrete Jitter          (DJ):    0.000ns
    Phase Error              (PE):    0.000ns

    Location             Delay type                Incr(ns)  Path(ns)    Netlist Resource(s)
  -------------------------------------------------------------------    -------------------
                         (clock sys_clk_pin rise edge)
                                                      0.000     0.000 r  <hidden>
                         propagated clock network latency
                                                      2.938     2.938    <hidden>
                         FDRE                         0.000     2.938 r  cpu_inst/fetch_inst/pc_inst/pc_reg[17]/C
                         FDRE (Prop_fdre_C_Q)         0.478     3.416 r  cpu_inst/fetch_inst/pc_inst/pc_reg[17]/Q
                         net (fo=3, unplaced)         0.983     4.399    cpu_inst/fetch_inst/pc_inst/pc_reg[17]
                         LUT6 (Prop_lut6_I0_O)        0.295     4.694 r  cpu_inst/fetch_inst/pc_inst/led_OBUF[10]_inst_i_3/O
                         net (fo=1, unplaced)         1.111     5.805    cpu_inst/fetch_inst/pc_inst/led_OBUF[10]_inst_i_3_n_0
                         LUT5 (Prop_lut5_I0_O)        0.124     5.929 r  cpu_inst/fetch_inst/pc_inst/led_OBUF[10]_inst_i_2/O
                         net (fo=32, unplaced)        0.520     6.449    cpu_inst/fetch_inst/pc_inst/led_OBUF[10]_inst_i_2_n_0
                         LUT5 (Prop_lut5_I0_O)        0.116     6.565 r  cpu_inst/fetch_inst/pc_inst/y0_carry_i_11/O
                         net (fo=2, unplaced)         0.913     7.478    cpu_inst/fetch_inst/pc_inst/y0_carry_i_11_n_0
                         LUT5 (Prop_lut5_I0_O)        0.124     7.602 r  cpu_inst/fetch_inst/pc_inst/y0_carry_i_7/O
                         net (fo=1, unplaced)         0.000     7.602    cpu_inst/alu_inst/S[1]
                         CARRY4 (Prop_carry4_S[1]_CO[3])
                                                      0.533     8.135 r  cpu_inst/alu_inst/y0_carry/CO[3]
                         net (fo=1, unplaced)         0.009     8.144    cpu_inst/alu_inst/y0_carry_n_0
                         CARRY4 (Prop_carry4_CI_CO[3])
                                                      0.117     8.261 r  cpu_inst/alu_inst/y0_carry__0/CO[3]
                         net (fo=1, unplaced)         0.000     8.261    cpu_inst/alu_inst/y0_carry__0_n_0
                         CARRY4 (Prop_carry4_CI_CO[3])
                                                      0.117     8.378 r  cpu_inst/alu_inst/y0_carry__1/CO[3]
                         net (fo=1, unplaced)         0.000     8.378    cpu_inst/alu_inst/y0_carry__1_n_0
                         CARRY4 (Prop_carry4_CI_O[3])
                                                      0.331     8.709 f  cpu_inst/alu_inst/y0_carry__2/O[3]
                         net (fo=1, unplaced)         0.618     9.327    cpu_inst/fetch_inst/pc_inst/regs_reg[1][31]_2[13]
                         LUT5 (Prop_lut5_I0_O)        0.307     9.634 f  cpu_inst/fetch_inst/pc_inst/regs[1][15]_i_4/O
                         net (fo=6, unplaced)         1.143    10.777    cpu_inst/fetch_inst/pc_inst/regs[1][15]_i_4_n_0
                         LUT6 (Prop_lut6_I0_O)        0.124    10.901 f  cpu_inst/fetch_inst/pc_inst/mem[3][31]_i_2/O
                         net (fo=64, unplaced)        0.537    11.438    cpu_inst/fetch_inst/pc_inst/mem[3][31]_i_2_n_0
                         LUT6 (Prop_lut6_I0_O)        0.124    11.562 f  cpu_inst/fetch_inst/pc_inst/mem[12][31]_i_2/O
                         net (fo=1, unplaced)         0.902    12.464    cpu_inst/fetch_inst/pc_inst/mem[12][31]_i_2_n_0
                         LUT3 (Prop_lut3_I1_O)        0.148    12.612 r  cpu_inst/fetch_inst/pc_inst/mem[12][31]_i_1/O
                         net (fo=32, unplaced)        0.544    13.156    cpu_inst/data_mem_inst/mem_reg[12][31]_0[0]
                         FDRE                                         r  cpu_inst/data_mem_inst/mem_reg[12][10]/CE
  -------------------------------------------------------------------    -------------------

                         (clock sys_clk_pin rise edge)
                                                     10.000    10.000 r  <hidden>
                         propagated clock network latency
                                                      2.678    12.678    <hidden>
                         clock pessimism              0.115    12.793    <hidden>
                         clock uncertainty           -0.035    12.758    <hidden>
                         FDRE (Setup_fdre_C_CE)      -0.202    12.556    cpu_inst/data_mem_inst/mem_reg[12][10]
  -------------------------------------------------------------------
                         required time                         12.556    <hidden>
                         arrival time                         -13.156    <hidden>
  -------------------------------------------------------------------
                         slack                                 -0.600    <hidden>

Slack (VIOLATED) :        -0.600ns  (required time - arrival time)
  Source:                 cpu_inst/fetch_inst/pc_inst/pc_reg[17]/C
                            (rising edge-triggered cell FDRE clocked by sys_clk_pin  {rise@0.000ns fall@5.000ns period=10.000ns})
  Destination:            cpu_inst/data_mem_inst/mem_reg[12][11]/CE
                            (rising edge-triggered cell FDRE clocked by sys_clk_pin  {rise@0.000ns fall@5.000ns period=10.000ns})
  Path Group:             sys_clk_pin
  Path Type:              Setup (Max at Slow Process Corner)
  Requirement:            10.000ns  (sys_clk_pin rise@10.000ns - sys_clk_pin rise@0.000ns)
  Data Path Delay:        10.218ns  (logic 2.938ns (28.753%)  route 7.280ns (71.247%))
  Logic Levels:           12  (CARRY4=4 LUT3=1 LUT5=4 LUT6=3)
  Clock Path Skew:        -0.145ns (DCD - SCD + CPR)
    Destination Clock Delay (DCD):    2.678ns = ( 12.678 - 10.000 ) 
    Source Clock Delay      (SCD):    2.938ns
    Clock Pessimism Removal (CPR):    0.115ns
  Clock Uncertainty:      0.035ns  ((TSJ^2 + TIJ^2)^1/2 + DJ) / 2 + PE
    Total System Jitter     (TSJ):    0.071ns
    Total Input Jitter      (TIJ):    0.000ns
    Discrete Jitter          (DJ):    0.000ns
    Phase Error              (PE):    0.000ns

    Location             Delay type                Incr(ns)  Path(ns)    Netlist Resource(s)
  -------------------------------------------------------------------    -------------------
                         (clock sys_clk_pin rise edge)
                                                      0.000     0.000 r  <hidden>
                         propagated clock network latency
                                                      2.938     2.938    <hidden>
                         FDRE                         0.000     2.938 r  cpu_inst/fetch_inst/pc_inst/pc_reg[17]/C
                         FDRE (Prop_fdre_C_Q)         0.478     3.416 r  cpu_inst/fetch_inst/pc_inst/pc_reg[17]/Q
                         net (fo=3, unplaced)         0.983     4.399    cpu_inst/fetch_inst/pc_inst/pc_reg[17]
                         LUT6 (Prop_lut6_I0_O)        0.295     4.694 r  cpu_inst/fetch_inst/pc_inst/led_OBUF[10]_inst_i_3/O
                         net (fo=1, unplaced)         1.111     5.805    cpu_inst/fetch_inst/pc_inst/led_OBUF[10]_inst_i_3_n_0
                         LUT5 (Prop_lut5_I0_O)        0.124     5.929 r  cpu_inst/fetch_inst/pc_inst/led_OBUF[10]_inst_i_2/O
                         net (fo=32, unplaced)        0.520     6.449    cpu_inst/fetch_inst/pc_inst/led_OBUF[10]_inst_i_2_n_0
                         LUT5 (Prop_lut5_I0_O)        0.116     6.565 r  cpu_inst/fetch_inst/pc_inst/y0_carry_i_11/O
                         net (fo=2, unplaced)         0.913     7.478    cpu_inst/fetch_inst/pc_inst/y0_carry_i_11_n_0
                         LUT5 (Prop_lut5_I0_O)        0.124     7.602 r  cpu_inst/fetch_inst/pc_inst/y0_carry_i_7/O
                         net (fo=1, unplaced)         0.000     7.602    cpu_inst/alu_inst/S[1]
                         CARRY4 (Prop_carry4_S[1]_CO[3])
                                                      0.533     8.135 r  cpu_inst/alu_inst/y0_carry/CO[3]
                         net (fo=1, unplaced)         0.009     8.144    cpu_inst/alu_inst/y0_carry_n_0
                         CARRY4 (Prop_carry4_CI_CO[3])
                                                      0.117     8.261 r  cpu_inst/alu_inst/y0_carry__0/CO[3]
                         net (fo=1, unplaced)         0.000     8.261    cpu_inst/alu_inst/y0_carry__0_n_0
                         CARRY4 (Prop_carry4_CI_CO[3])
                                                      0.117     8.378 r  cpu_inst/alu_inst/y0_carry__1/CO[3]
                         net (fo=1, unplaced)         0.000     8.378    cpu_inst/alu_inst/y0_carry__1_n_0
                         CARRY4 (Prop_carry4_CI_O[3])
                                                      0.331     8.709 f  cpu_inst/alu_inst/y0_carry__2/O[3]
                         net (fo=1, unplaced)         0.618     9.327    cpu_inst/fetch_inst/pc_inst/regs_reg[1][31]_2[13]
                         LUT5 (Prop_lut5_I0_O)        0.307     9.634 f  cpu_inst/fetch_inst/pc_inst/regs[1][15]_i_4/O
                         net (fo=6, unplaced)         1.143    10.777    cpu_inst/fetch_inst/pc_inst/regs[1][15]_i_4_n_0
                         LUT6 (Prop_lut6_I0_O)        0.124    10.901 f  cpu_inst/fetch_inst/pc_inst/mem[3][31]_i_2/O
                         net (fo=64, unplaced)        0.537    11.438    cpu_inst/fetch_inst/pc_inst/mem[3][31]_i_2_n_0
                         LUT6 (Prop_lut6_I0_O)        0.124    11.562 f  cpu_inst/fetch_inst/pc_inst/mem[12][31]_i_2/O
                         net (fo=1, unplaced)         0.902    12.464    cpu_inst/fetch_inst/pc_inst/mem[12][31]_i_2_n_0
                         LUT3 (Prop_lut3_I1_O)        0.148    12.612 r  cpu_inst/fetch_inst/pc_inst/mem[12][31]_i_1/O
                         net (fo=32, unplaced)        0.544    13.156    cpu_inst/data_mem_inst/mem_reg[12][31]_0[0]
                         FDRE                                         r  cpu_inst/data_mem_inst/mem_reg[12][11]/CE
  -------------------------------------------------------------------    -------------------

                         (clock sys_clk_pin rise edge)
                                                     10.000    10.000 r  <hidden>
                         propagated clock network latency
                                                      2.678    12.678    <hidden>
                         clock pessimism              0.115    12.793    <hidden>
                         clock uncertainty           -0.035    12.758    <hidden>
                         FDRE (Setup_fdre_C_CE)      -0.202    12.556    cpu_inst/data_mem_inst/mem_reg[12][11]
  -------------------------------------------------------------------
                         required time                         12.556    <hidden>
                         arrival time                         -13.156    <hidden>
  -------------------------------------------------------------------
                         slack                                 -0.600    <hidden>

Slack (VIOLATED) :        -0.600ns  (required time - arrival time)
  Source:                 cpu_inst/fetch_inst/pc_inst/pc_reg[17]/C
                            (rising edge-triggered cell FDRE clocked by sys_clk_pin  {rise@0.000ns fall@5.000ns period=10.000ns})
  Destination:            cpu_inst/data_mem_inst/mem_reg[12][12]/CE
                            (rising edge-triggered cell FDRE clocked by sys_clk_pin  {rise@0.000ns fall@5.000ns period=10.000ns})
  Path Group:             sys_clk_pin
  Path Type:              Setup (Max at Slow Process Corner)
  Requirement:            10.000ns  (sys_clk_pin rise@10.000ns - sys_clk_pin rise@0.000ns)
  Data Path Delay:        10.218ns  (logic 2.938ns (28.753%)  route 7.280ns (71.247%))
  Logic Levels:           12  (CARRY4=4 LUT3=1 LUT5=4 LUT6=3)
  Clock Path Skew:        -0.145ns (DCD - SCD + CPR)
    Destination Clock Delay (DCD):    2.678ns = ( 12.678 - 10.000 ) 
    Source Clock Delay      (SCD):    2.938ns
    Clock Pessimism Removal (CPR):    0.115ns
  Clock Uncertainty:      0.035ns  ((TSJ^2 + TIJ^2)^1/2 + DJ) / 2 + PE
    Total System Jitter     (TSJ):    0.071ns
    Total Input Jitter      (TIJ):    0.000ns
    Discrete Jitter          (DJ):    0.000ns
    Phase Error              (PE):    0.000ns

    Location             Delay type                Incr(ns)  Path(ns)    Netlist Resource(s)
  -------------------------------------------------------------------    -------------------
                         (clock sys_clk_pin rise edge)
                                                      0.000     0.000 r  <hidden>
                         propagated clock network latency
                                                      2.938     2.938    <hidden>
                         FDRE                         0.000     2.938 r  cpu_inst/fetch_inst/pc_inst/pc_reg[17]/C
                         FDRE (Prop_fdre_C_Q)         0.478     3.416 r  cpu_inst/fetch_inst/pc_inst/pc_reg[17]/Q
                         net (fo=3, unplaced)         0.983     4.399    cpu_inst/fetch_inst/pc_inst/pc_reg[17]
                         LUT6 (Prop_lut6_I0_O)        0.295     4.694 r  cpu_inst/fetch_inst/pc_inst/led_OBUF[10]_inst_i_3/O
                         net (fo=1, unplaced)         1.111     5.805    cpu_inst/fetch_inst/pc_inst/led_OBUF[10]_inst_i_3_n_0
                         LUT5 (Prop_lut5_I0_O)        0.124     5.929 r  cpu_inst/fetch_inst/pc_inst/led_OBUF[10]_inst_i_2/O
                         net (fo=32, unplaced)        0.520     6.449    cpu_inst/fetch_inst/pc_inst/led_OBUF[10]_inst_i_2_n_0
                         LUT5 (Prop_lut5_I0_O)        0.116     6.565 r  cpu_inst/fetch_inst/pc_inst/y0_carry_i_11/O
                         net (fo=2, unplaced)         0.913     7.478    cpu_inst/fetch_inst/pc_inst/y0_carry_i_11_n_0
                         LUT5 (Prop_lut5_I0_O)        0.124     7.602 r  cpu_inst/fetch_inst/pc_inst/y0_carry_i_7/O
                         net (fo=1, unplaced)         0.000     7.602    cpu_inst/alu_inst/S[1]
                         CARRY4 (Prop_carry4_S[1]_CO[3])
                                                      0.533     8.135 r  cpu_inst/alu_inst/y0_carry/CO[3]
                         net (fo=1, unplaced)         0.009     8.144    cpu_inst/alu_inst/y0_carry_n_0
                         CARRY4 (Prop_carry4_CI_CO[3])
                                                      0.117     8.261 r  cpu_inst/alu_inst/y0_carry__0/CO[3]
                         net (fo=1, unplaced)         0.000     8.261    cpu_inst/alu_inst/y0_carry__0_n_0
                         CARRY4 (Prop_carry4_CI_CO[3])
                                                      0.117     8.378 r  cpu_inst/alu_inst/y0_carry__1/CO[3]
                         net (fo=1, unplaced)         0.000     8.378    cpu_inst/alu_inst/y0_carry__1_n_0
                         CARRY4 (Prop_carry4_CI_O[3])
                                                      0.331     8.709 f  cpu_inst/alu_inst/y0_carry__2/O[3]
                         net (fo=1, unplaced)         0.618     9.327    cpu_inst/fetch_inst/pc_inst/regs_reg[1][31]_2[13]
                         LUT5 (Prop_lut5_I0_O)        0.307     9.634 f  cpu_inst/fetch_inst/pc_inst/regs[1][15]_i_4/O
                         net (fo=6, unplaced)         1.143    10.777    cpu_inst/fetch_inst/pc_inst/regs[1][15]_i_4_n_0
                         LUT6 (Prop_lut6_I0_O)        0.124    10.901 f  cpu_inst/fetch_inst/pc_inst/mem[3][31]_i_2/O
                         net (fo=64, unplaced)        0.537    11.438    cpu_inst/fetch_inst/pc_inst/mem[3][31]_i_2_n_0
                         LUT6 (Prop_lut6_I0_O)        0.124    11.562 f  cpu_inst/fetch_inst/pc_inst/mem[12][31]_i_2/O
                         net (fo=1, unplaced)         0.902    12.464    cpu_inst/fetch_inst/pc_inst/mem[12][31]_i_2_n_0
                         LUT3 (Prop_lut3_I1_O)        0.148    12.612 r  cpu_inst/fetch_inst/pc_inst/mem[12][31]_i_1/O
                         net (fo=32, unplaced)        0.544    13.156    cpu_inst/data_mem_inst/mem_reg[12][31]_0[0]
                         FDRE                                         r  cpu_inst/data_mem_inst/mem_reg[12][12]/CE
  -------------------------------------------------------------------    -------------------

                         (clock sys_clk_pin rise edge)
                                                     10.000    10.000 r  <hidden>
                         propagated clock network latency
                                                      2.678    12.678    <hidden>
                         clock pessimism              0.115    12.793    <hidden>
                         clock uncertainty           -0.035    12.758    <hidden>
                         FDRE (Setup_fdre_C_CE)      -0.202    12.556    cpu_inst/data_mem_inst/mem_reg[12][12]
  -------------------------------------------------------------------
                         required time                         12.556    <hidden>
                         arrival time                         -13.156    <hidden>
  -------------------------------------------------------------------
                         slack                                 -0.600    <hidden>

Slack (VIOLATED) :        -0.600ns  (required time - arrival time)
  Source:                 cpu_inst/fetch_inst/pc_inst/pc_reg[17]/C
                            (rising edge-triggered cell FDRE clocked by sys_clk_pin  {rise@0.000ns fall@5.000ns period=10.000ns})
  Destination:            cpu_inst/data_mem_inst/mem_reg[12][13]/CE
                            (rising edge-triggered cell FDRE clocked by sys_clk_pin  {rise@0.000ns fall@5.000ns period=10.000ns})
  Path Group:             sys_clk_pin
  Path Type:              Setup (Max at Slow Process Corner)
  Requirement:            10.000ns  (sys_clk_pin rise@10.000ns - sys_clk_pin rise@0.000ns)
  Data Path Delay:        10.218ns  (logic 2.938ns (28.753%)  route 7.280ns (71.247%))
  Logic Levels:           12  (CARRY4=4 LUT3=1 LUT5=4 LUT6=3)
  Clock Path Skew:        -0.145ns (DCD - SCD + CPR)
    Destination Clock Delay (DCD):    2.678ns = ( 12.678 - 10.000 ) 
    Source Clock Delay      (SCD):    2.938ns
    Clock Pessimism Removal (CPR):    0.115ns
  Clock Uncertainty:      0.035ns  ((TSJ^2 + TIJ^2)^1/2 + DJ) / 2 + PE
    Total System Jitter     (TSJ):    0.071ns
    Total Input Jitter      (TIJ):    0.000ns
    Discrete Jitter          (DJ):    0.000ns
    Phase Error              (PE):    0.000ns

    Location             Delay type                Incr(ns)  Path(ns)    Netlist Resource(s)
  -------------------------------------------------------------------    -------------------
                         (clock sys_clk_pin rise edge)
                                                      0.000     0.000 r  <hidden>
                         propagated clock network latency
                                                      2.938     2.938    <hidden>
                         FDRE                         0.000     2.938 r  cpu_inst/fetch_inst/pc_inst/pc_reg[17]/C
                         FDRE (Prop_fdre_C_Q)         0.478     3.416 r  cpu_inst/fetch_inst/pc_inst/pc_reg[17]/Q
                         net (fo=3, unplaced)         0.983     4.399    cpu_inst/fetch_inst/pc_inst/pc_reg[17]
                         LUT6 (Prop_lut6_I0_O)        0.295     4.694 r  cpu_inst/fetch_inst/pc_inst/led_OBUF[10]_inst_i_3/O
                         net (fo=1, unplaced)         1.111     5.805    cpu_inst/fetch_inst/pc_inst/led_OBUF[10]_inst_i_3_n_0
                         LUT5 (Prop_lut5_I0_O)        0.124     5.929 r  cpu_inst/fetch_inst/pc_inst/led_OBUF[10]_inst_i_2/O
                         net (fo=32, unplaced)        0.520     6.449    cpu_inst/fetch_inst/pc_inst/led_OBUF[10]_inst_i_2_n_0
                         LUT5 (Prop_lut5_I0_O)        0.116     6.565 r  cpu_inst/fetch_inst/pc_inst/y0_carry_i_11/O
                         net (fo=2, unplaced)         0.913     7.478    cpu_inst/fetch_inst/pc_inst/y0_carry_i_11_n_0
                         LUT5 (Prop_lut5_I0_O)        0.124     7.602 r  cpu_inst/fetch_inst/pc_inst/y0_carry_i_7/O
                         net (fo=1, unplaced)         0.000     7.602    cpu_inst/alu_inst/S[1]
                         CARRY4 (Prop_carry4_S[1]_CO[3])
                                                      0.533     8.135 r  cpu_inst/alu_inst/y0_carry/CO[3]
                         net (fo=1, unplaced)         0.009     8.144    cpu_inst/alu_inst/y0_carry_n_0
                         CARRY4 (Prop_carry4_CI_CO[3])
                                                      0.117     8.261 r  cpu_inst/alu_inst/y0_carry__0/CO[3]
                         net (fo=1, unplaced)         0.000     8.261    cpu_inst/alu_inst/y0_carry__0_n_0
                         CARRY4 (Prop_carry4_CI_CO[3])
                                                      0.117     8.378 r  cpu_inst/alu_inst/y0_carry__1/CO[3]
                         net (fo=1, unplaced)         0.000     8.378    cpu_inst/alu_inst/y0_carry__1_n_0
                         CARRY4 (Prop_carry4_CI_O[3])
                                                      0.331     8.709 f  cpu_inst/alu_inst/y0_carry__2/O[3]
                         net (fo=1, unplaced)         0.618     9.327    cpu_inst/fetch_inst/pc_inst/regs_reg[1][31]_2[13]
                         LUT5 (Prop_lut5_I0_O)        0.307     9.634 f  cpu_inst/fetch_inst/pc_inst/regs[1][15]_i_4/O
                         net (fo=6, unplaced)         1.143    10.777    cpu_inst/fetch_inst/pc_inst/regs[1][15]_i_4_n_0
                         LUT6 (Prop_lut6_I0_O)        0.124    10.901 f  cpu_inst/fetch_inst/pc_inst/mem[3][31]_i_2/O
                         net (fo=64, unplaced)        0.537    11.438    cpu_inst/fetch_inst/pc_inst/mem[3][31]_i_2_n_0
                         LUT6 (Prop_lut6_I0_O)        0.124    11.562 f  cpu_inst/fetch_inst/pc_inst/mem[12][31]_i_2/O
                         net (fo=1, unplaced)         0.902    12.464    cpu_inst/fetch_inst/pc_inst/mem[12][31]_i_2_n_0
                         LUT3 (Prop_lut3_I1_O)        0.148    12.612 r  cpu_inst/fetch_inst/pc_inst/mem[12][31]_i_1/O
                         net (fo=32, unplaced)        0.544    13.156    cpu_inst/data_mem_inst/mem_reg[12][31]_0[0]
                         FDRE                                         r  cpu_inst/data_mem_inst/mem_reg[12][13]/CE
  -------------------------------------------------------------------    -------------------

                         (clock sys_clk_pin rise edge)
                                                     10.000    10.000 r  <hidden>
                         propagated clock network latency
                                                      2.678    12.678    <hidden>
                         clock pessimism              0.115    12.793    <hidden>
                         clock uncertainty           -0.035    12.758    <hidden>
                         FDRE (Setup_fdre_C_CE)      -0.202    12.556    cpu_inst/data_mem_inst/mem_reg[12][13]
  -------------------------------------------------------------------
                         required time                         12.556    <hidden>
                         arrival time                         -13.156    <hidden>
  -------------------------------------------------------------------
                         slack                                 -0.600    <hidden>

Slack (VIOLATED) :        -0.600ns  (required time - arrival time)
  Source:                 cpu_inst/fetch_inst/pc_inst/pc_reg[17]/C
                            (rising edge-triggered cell FDRE clocked by sys_clk_pin  {rise@0.000ns fall@5.000ns period=10.000ns})
  Destination:            cpu_inst/data_mem_inst/mem_reg[12][14]/CE
                            (rising edge-triggered cell FDRE clocked by sys_clk_pin  {rise@0.000ns fall@5.000ns period=10.000ns})
  Path Group:             sys_clk_pin
  Path Type:              Setup (Max at Slow Process Corner)
  Requirement:            10.000ns  (sys_clk_pin rise@10.000ns - sys_clk_pin rise@0.000ns)
  Data Path Delay:        10.218ns  (logic 2.938ns (28.753%)  route 7.280ns (71.247%))
  Logic Levels:           12  (CARRY4=4 LUT3=1 LUT5=4 LUT6=3)
  Clock Path Skew:        -0.145ns (DCD - SCD + CPR)
    Destination Clock Delay (DCD):    2.678ns = ( 12.678 - 10.000 ) 
    Source Clock Delay      (SCD):    2.938ns
    Clock Pessimism Removal (CPR):    0.115ns
  Clock Uncertainty:      0.035ns  ((TSJ^2 + TIJ^2)^1/2 + DJ) / 2 + PE
    Total System Jitter     (TSJ):    0.071ns
    Total Input Jitter      (TIJ):    0.000ns
    Discrete Jitter          (DJ):    0.000ns
    Phase Error              (PE):    0.000ns

    Location             Delay type                Incr(ns)  Path(ns)    Netlist Resource(s)
  -------------------------------------------------------------------    -------------------
                         (clock sys_clk_pin rise edge)
                                                      0.000     0.000 r  <hidden>
                         propagated clock network latency
                                                      2.938     2.938    <hidden>
                         FDRE                         0.000     2.938 r  cpu_inst/fetch_inst/pc_inst/pc_reg[17]/C
                         FDRE (Prop_fdre_C_Q)         0.478     3.416 r  cpu_inst/fetch_inst/pc_inst/pc_reg[17]/Q
                         net (fo=3, unplaced)         0.983     4.399    cpu_inst/fetch_inst/pc_inst/pc_reg[17]
                         LUT6 (Prop_lut6_I0_O)        0.295     4.694 r  cpu_inst/fetch_inst/pc_inst/led_OBUF[10]_inst_i_3/O
                         net (fo=1, unplaced)         1.111     5.805    cpu_inst/fetch_inst/pc_inst/led_OBUF[10]_inst_i_3_n_0
                         LUT5 (Prop_lut5_I0_O)        0.124     5.929 r  cpu_inst/fetch_inst/pc_inst/led_OBUF[10]_inst_i_2/O
                         net (fo=32, unplaced)        0.520     6.449    cpu_inst/fetch_inst/pc_inst/led_OBUF[10]_inst_i_2_n_0
                         LUT5 (Prop_lut5_I0_O)        0.116     6.565 r  cpu_inst/fetch_inst/pc_inst/y0_carry_i_11/O
                         net (fo=2, unplaced)         0.913     7.478    cpu_inst/fetch_inst/pc_inst/y0_carry_i_11_n_0
                         LUT5 (Prop_lut5_I0_O)        0.124     7.602 r  cpu_inst/fetch_inst/pc_inst/y0_carry_i_7/O
                         net (fo=1, unplaced)         0.000     7.602    cpu_inst/alu_inst/S[1]
                         CARRY4 (Prop_carry4_S[1]_CO[3])
                                                      0.533     8.135 r  cpu_inst/alu_inst/y0_carry/CO[3]
                         net (fo=1, unplaced)         0.009     8.144    cpu_inst/alu_inst/y0_carry_n_0
                         CARRY4 (Prop_carry4_CI_CO[3])
                                                      0.117     8.261 r  cpu_inst/alu_inst/y0_carry__0/CO[3]
                         net (fo=1, unplaced)         0.000     8.261    cpu_inst/alu_inst/y0_carry__0_n_0
                         CARRY4 (Prop_carry4_CI_CO[3])
                                                      0.117     8.378 r  cpu_inst/alu_inst/y0_carry__1/CO[3]
                         net (fo=1, unplaced)         0.000     8.378    cpu_inst/alu_inst/y0_carry__1_n_0
                         CARRY4 (Prop_carry4_CI_O[3])
                                                      0.331     8.709 f  cpu_inst/alu_inst/y0_carry__2/O[3]
                         net (fo=1, unplaced)         0.618     9.327    cpu_inst/fetch_inst/pc_inst/regs_reg[1][31]_2[13]
                         LUT5 (Prop_lut5_I0_O)        0.307     9.634 f  cpu_inst/fetch_inst/pc_inst/regs[1][15]_i_4/O
                         net (fo=6, unplaced)         1.143    10.777    cpu_inst/fetch_inst/pc_inst/regs[1][15]_i_4_n_0
                         LUT6 (Prop_lut6_I0_O)        0.124    10.901 f  cpu_inst/fetch_inst/pc_inst/mem[3][31]_i_2/O
                         net (fo=64, unplaced)        0.537    11.438    cpu_inst/fetch_inst/pc_inst/mem[3][31]_i_2_n_0
                         LUT6 (Prop_lut6_I0_O)        0.124    11.562 f  cpu_inst/fetch_inst/pc_inst/mem[12][31]_i_2/O
                         net (fo=1, unplaced)         0.902    12.464    cpu_inst/fetch_inst/pc_inst/mem[12][31]_i_2_n_0
                         LUT3 (Prop_lut3_I1_O)        0.148    12.612 r  cpu_inst/fetch_inst/pc_inst/mem[12][31]_i_1/O
                         net (fo=32, unplaced)        0.544    13.156    cpu_inst/data_mem_inst/mem_reg[12][31]_0[0]
                         FDRE                                         r  cpu_inst/data_mem_inst/mem_reg[12][14]/CE
  -------------------------------------------------------------------    -------------------

                         (clock sys_clk_pin rise edge)
                                                     10.000    10.000 r  <hidden>
                         propagated clock network latency
                                                      2.678    12.678    <hidden>
                         clock pessimism              0.115    12.793    <hidden>
                         clock uncertainty           -0.035    12.758    <hidden>
                         FDRE (Setup_fdre_C_CE)      -0.202    12.556    cpu_inst/data_mem_inst/mem_reg[12][14]
  -------------------------------------------------------------------
                         required time                         12.556    <hidden>
                         arrival time                         -13.156    <hidden>
  -------------------------------------------------------------------
                         slack                                 -0.600    <hidden>

Slack (VIOLATED) :        -0.600ns  (required time - arrival time)
  Source:                 cpu_inst/fetch_inst/pc_inst/pc_reg[17]/C
                            (rising edge-triggered cell FDRE clocked by sys_clk_pin  {rise@0.000ns fall@5.000ns period=10.000ns})
  Destination:            cpu_inst/data_mem_inst/mem_reg[12][15]/CE
                            (rising edge-triggered cell FDRE clocked by sys_clk_pin  {rise@0.000ns fall@5.000ns period=10.000ns})
  Path Group:             sys_clk_pin
  Path Type:              Setup (Max at Slow Process Corner)
  Requirement:            10.000ns  (sys_clk_pin rise@10.000ns - sys_clk_pin rise@0.000ns)
  Data Path Delay:        10.218ns  (logic 2.938ns (28.753%)  route 7.280ns (71.247%))
  Logic Levels:           12  (CARRY4=4 LUT3=1 LUT5=4 LUT6=3)
  Clock Path Skew:        -0.145ns (DCD - SCD + CPR)
    Destination Clock Delay (DCD):    2.678ns = ( 12.678 - 10.000 ) 
    Source Clock Delay      (SCD):    2.938ns
    Clock Pessimism Removal (CPR):    0.115ns
  Clock Uncertainty:      0.035ns  ((TSJ^2 + TIJ^2)^1/2 + DJ) / 2 + PE
    Total System Jitter     (TSJ):    0.071ns
    Total Input Jitter      (TIJ):    0.000ns
    Discrete Jitter          (DJ):    0.000ns
    Phase Error              (PE):    0.000ns

    Location             Delay type                Incr(ns)  Path(ns)    Netlist Resource(s)
  -------------------------------------------------------------------    -------------------
                         (clock sys_clk_pin rise edge)
                                                      0.000     0.000 r  <hidden>
                         propagated clock network latency
                                                      2.938     2.938    <hidden>
                         FDRE                         0.000     2.938 r  cpu_inst/fetch_inst/pc_inst/pc_reg[17]/C
                         FDRE (Prop_fdre_C_Q)         0.478     3.416 r  cpu_inst/fetch_inst/pc_inst/pc_reg[17]/Q
                         net (fo=3, unplaced)         0.983     4.399    cpu_inst/fetch_inst/pc_inst/pc_reg[17]
                         LUT6 (Prop_lut6_I0_O)        0.295     4.694 r  cpu_inst/fetch_inst/pc_inst/led_OBUF[10]_inst_i_3/O
                         net (fo=1, unplaced)         1.111     5.805    cpu_inst/fetch_inst/pc_inst/led_OBUF[10]_inst_i_3_n_0
                         LUT5 (Prop_lut5_I0_O)        0.124     5.929 r  cpu_inst/fetch_inst/pc_inst/led_OBUF[10]_inst_i_2/O
                         net (fo=32, unplaced)        0.520     6.449    cpu_inst/fetch_inst/pc_inst/led_OBUF[10]_inst_i_2_n_0
                         LUT5 (Prop_lut5_I0_O)        0.116     6.565 r  cpu_inst/fetch_inst/pc_inst/y0_carry_i_11/O
                         net (fo=2, unplaced)         0.913     7.478    cpu_inst/fetch_inst/pc_inst/y0_carry_i_11_n_0
                         LUT5 (Prop_lut5_I0_O)        0.124     7.602 r  cpu_inst/fetch_inst/pc_inst/y0_carry_i_7/O
                         net (fo=1, unplaced)         0.000     7.602    cpu_inst/alu_inst/S[1]
                         CARRY4 (Prop_carry4_S[1]_CO[3])
                                                      0.533     8.135 r  cpu_inst/alu_inst/y0_carry/CO[3]
                         net (fo=1, unplaced)         0.009     8.144    cpu_inst/alu_inst/y0_carry_n_0
                         CARRY4 (Prop_carry4_CI_CO[3])
                                                      0.117     8.261 r  cpu_inst/alu_inst/y0_carry__0/CO[3]
                         net (fo=1, unplaced)         0.000     8.261    cpu_inst/alu_inst/y0_carry__0_n_0
                         CARRY4 (Prop_carry4_CI_CO[3])
                                                      0.117     8.378 r  cpu_inst/alu_inst/y0_carry__1/CO[3]
                         net (fo=1, unplaced)         0.000     8.378    cpu_inst/alu_inst/y0_carry__1_n_0
                         CARRY4 (Prop_carry4_CI_O[3])
                                                      0.331     8.709 f  cpu_inst/alu_inst/y0_carry__2/O[3]
                         net (fo=1, unplaced)         0.618     9.327    cpu_inst/fetch_inst/pc_inst/regs_reg[1][31]_2[13]
                         LUT5 (Prop_lut5_I0_O)        0.307     9.634 f  cpu_inst/fetch_inst/pc_inst/regs[1][15]_i_4/O
                         net (fo=6, unplaced)         1.143    10.777    cpu_inst/fetch_inst/pc_inst/regs[1][15]_i_4_n_0
                         LUT6 (Prop_lut6_I0_O)        0.124    10.901 f  cpu_inst/fetch_inst/pc_inst/mem[3][31]_i_2/O
                         net (fo=64, unplaced)        0.537    11.438    cpu_inst/fetch_inst/pc_inst/mem[3][31]_i_2_n_0
                         LUT6 (Prop_lut6_I0_O)        0.124    11.562 f  cpu_inst/fetch_inst/pc_inst/mem[12][31]_i_2/O
                         net (fo=1, unplaced)         0.902    12.464    cpu_inst/fetch_inst/pc_inst/mem[12][31]_i_2_n_0
                         LUT3 (Prop_lut3_I1_O)        0.148    12.612 r  cpu_inst/fetch_inst/pc_inst/mem[12][31]_i_1/O
                         net (fo=32, unplaced)        0.544    13.156    cpu_inst/data_mem_inst/mem_reg[12][31]_0[0]
                         FDRE                                         r  cpu_inst/data_mem_inst/mem_reg[12][15]/CE
  -------------------------------------------------------------------    -------------------

                         (clock sys_clk_pin rise edge)
                                                     10.000    10.000 r  <hidden>
                         propagated clock network latency
                                                      2.678    12.678    <hidden>
                         clock pessimism              0.115    12.793    <hidden>
                         clock uncertainty           -0.035    12.758    <hidden>
                         FDRE (Setup_fdre_C_CE)      -0.202    12.556    cpu_inst/data_mem_inst/mem_reg[12][15]
  -------------------------------------------------------------------
                         required time                         12.556    <hidden>
                         arrival time                         -13.156    <hidden>
  -------------------------------------------------------------------
                         slack                                 -0.600    <hidden>

Slack (VIOLATED) :        -0.600ns  (required time - arrival time)
  Source:                 cpu_inst/fetch_inst/pc_inst/pc_reg[17]/C
                            (rising edge-triggered cell FDRE clocked by sys_clk_pin  {rise@0.000ns fall@5.000ns period=10.000ns})
  Destination:            cpu_inst/data_mem_inst/mem_reg[12][16]/CE
                            (rising edge-triggered cell FDRE clocked by sys_clk_pin  {rise@0.000ns fall@5.000ns period=10.000ns})
  Path Group:             sys_clk_pin
  Path Type:              Setup (Max at Slow Process Corner)
  Requirement:            10.000ns  (sys_clk_pin rise@10.000ns - sys_clk_pin rise@0.000ns)
  Data Path Delay:        10.218ns  (logic 2.938ns (28.753%)  route 7.280ns (71.247%))
  Logic Levels:           12  (CARRY4=4 LUT3=1 LUT5=4 LUT6=3)
  Clock Path Skew:        -0.145ns (DCD - SCD + CPR)
    Destination Clock Delay (DCD):    2.678ns = ( 12.678 - 10.000 ) 
    Source Clock Delay      (SCD):    2.938ns
    Clock Pessimism Removal (CPR):    0.115ns
  Clock Uncertainty:      0.035ns  ((TSJ^2 + TIJ^2)^1/2 + DJ) / 2 + PE
    Total System Jitter     (TSJ):    0.071ns
    Total Input Jitter      (TIJ):    0.000ns
    Discrete Jitter          (DJ):    0.000ns
    Phase Error              (PE):    0.000ns

    Location             Delay type                Incr(ns)  Path(ns)    Netlist Resource(s)
  -------------------------------------------------------------------    -------------------
                         (clock sys_clk_pin rise edge)
                                                      0.000     0.000 r  <hidden>
                         propagated clock network latency
                                                      2.938     2.938    <hidden>
                         FDRE                         0.000     2.938 r  cpu_inst/fetch_inst/pc_inst/pc_reg[17]/C
                         FDRE (Prop_fdre_C_Q)         0.478     3.416 r  cpu_inst/fetch_inst/pc_inst/pc_reg[17]/Q
                         net (fo=3, unplaced)         0.983     4.399    cpu_inst/fetch_inst/pc_inst/pc_reg[17]
                         LUT6 (Prop_lut6_I0_O)        0.295     4.694 r  cpu_inst/fetch_inst/pc_inst/led_OBUF[10]_inst_i_3/O
                         net (fo=1, unplaced)         1.111     5.805    cpu_inst/fetch_inst/pc_inst/led_OBUF[10]_inst_i_3_n_0
                         LUT5 (Prop_lut5_I0_O)        0.124     5.929 r  cpu_inst/fetch_inst/pc_inst/led_OBUF[10]_inst_i_2/O
                         net (fo=32, unplaced)        0.520     6.449    cpu_inst/fetch_inst/pc_inst/led_OBUF[10]_inst_i_2_n_0
                         LUT5 (Prop_lut5_I0_O)        0.116     6.565 r  cpu_inst/fetch_inst/pc_inst/y0_carry_i_11/O
                         net (fo=2, unplaced)         0.913     7.478    cpu_inst/fetch_inst/pc_inst/y0_carry_i_11_n_0
                         LUT5 (Prop_lut5_I0_O)        0.124     7.602 r  cpu_inst/fetch_inst/pc_inst/y0_carry_i_7/O
                         net (fo=1, unplaced)         0.000     7.602    cpu_inst/alu_inst/S[1]
                         CARRY4 (Prop_carry4_S[1]_CO[3])
                                                      0.533     8.135 r  cpu_inst/alu_inst/y0_carry/CO[3]
                         net (fo=1, unplaced)         0.009     8.144    cpu_inst/alu_inst/y0_carry_n_0
                         CARRY4 (Prop_carry4_CI_CO[3])
                                                      0.117     8.261 r  cpu_inst/alu_inst/y0_carry__0/CO[3]
                         net (fo=1, unplaced)         0.000     8.261    cpu_inst/alu_inst/y0_carry__0_n_0
                         CARRY4 (Prop_carry4_CI_CO[3])
                                                      0.117     8.378 r  cpu_inst/alu_inst/y0_carry__1/CO[3]
                         net (fo=1, unplaced)         0.000     8.378    cpu_inst/alu_inst/y0_carry__1_n_0
                         CARRY4 (Prop_carry4_CI_O[3])
                                                      0.331     8.709 f  cpu_inst/alu_inst/y0_carry__2/O[3]
                         net (fo=1, unplaced)         0.618     9.327    cpu_inst/fetch_inst/pc_inst/regs_reg[1][31]_2[13]
                         LUT5 (Prop_lut5_I0_O)        0.307     9.634 f  cpu_inst/fetch_inst/pc_inst/regs[1][15]_i_4/O
                         net (fo=6, unplaced)         1.143    10.777    cpu_inst/fetch_inst/pc_inst/regs[1][15]_i_4_n_0
                         LUT6 (Prop_lut6_I0_O)        0.124    10.901 f  cpu_inst/fetch_inst/pc_inst/mem[3][31]_i_2/O
                         net (fo=64, unplaced)        0.537    11.438    cpu_inst/fetch_inst/pc_inst/mem[3][31]_i_2_n_0
                         LUT6 (Prop_lut6_I0_O)        0.124    11.562 f  cpu_inst/fetch_inst/pc_inst/mem[12][31]_i_2/O
                         net (fo=1, unplaced)         0.902    12.464    cpu_inst/fetch_inst/pc_inst/mem[12][31]_i_2_n_0
                         LUT3 (Prop_lut3_I1_O)        0.148    12.612 r  cpu_inst/fetch_inst/pc_inst/mem[12][31]_i_1/O
                         net (fo=32, unplaced)        0.544    13.156    cpu_inst/data_mem_inst/mem_reg[12][31]_0[0]
                         FDRE                                         r  cpu_inst/data_mem_inst/mem_reg[12][16]/CE
  -------------------------------------------------------------------    -------------------

                         (clock sys_clk_pin rise edge)
                                                     10.000    10.000 r  <hidden>
                         propagated clock network latency
                                                      2.678    12.678    <hidden>
                         clock pessimism              0.115    12.793    <hidden>
                         clock uncertainty           -0.035    12.758    <hidden>
                         FDRE (Setup_fdre_C_CE)      -0.202    12.556    cpu_inst/data_mem_inst/mem_reg[12][16]
  -------------------------------------------------------------------
                         required time                         12.556    <hidden>
                         arrival time                         -13.156    <hidden>
  -------------------------------------------------------------------
                         slack                                 -0.600    <hidden>

Slack (VIOLATED) :        -0.600ns  (required time - arrival time)
  Source:                 cpu_inst/fetch_inst/pc_inst/pc_reg[17]/C
                            (rising edge-triggered cell FDRE clocked by sys_clk_pin  {rise@0.000ns fall@5.000ns period=10.000ns})
  Destination:            cpu_inst/data_mem_inst/mem_reg[12][17]/CE
                            (rising edge-triggered cell FDRE clocked by sys_clk_pin  {rise@0.000ns fall@5.000ns period=10.000ns})
  Path Group:             sys_clk_pin
  Path Type:              Setup (Max at Slow Process Corner)
  Requirement:            10.000ns  (sys_clk_pin rise@10.000ns - sys_clk_pin rise@0.000ns)
  Data Path Delay:        10.218ns  (logic 2.938ns (28.753%)  route 7.280ns (71.247%))
  Logic Levels:           12  (CARRY4=4 LUT3=1 LUT5=4 LUT6=3)
  Clock Path Skew:        -0.145ns (DCD - SCD + CPR)
    Destination Clock Delay (DCD):    2.678ns = ( 12.678 - 10.000 ) 
    Source Clock Delay      (SCD):    2.938ns
    Clock Pessimism Removal (CPR):    0.115ns
  Clock Uncertainty:      0.035ns  ((TSJ^2 + TIJ^2)^1/2 + DJ) / 2 + PE
    Total System Jitter     (TSJ):    0.071ns
    Total Input Jitter      (TIJ):    0.000ns
    Discrete Jitter          (DJ):    0.000ns
    Phase Error              (PE):    0.000ns

    Location             Delay type                Incr(ns)  Path(ns)    Netlist Resource(s)
  -------------------------------------------------------------------    -------------------
                         (clock sys_clk_pin rise edge)
                                                      0.000     0.000 r  <hidden>
                         propagated clock network latency
                                                      2.938     2.938    <hidden>
                         FDRE                         0.000     2.938 r  cpu_inst/fetch_inst/pc_inst/pc_reg[17]/C
                         FDRE (Prop_fdre_C_Q)         0.478     3.416 r  cpu_inst/fetch_inst/pc_inst/pc_reg[17]/Q
                         net (fo=3, unplaced)         0.983     4.399    cpu_inst/fetch_inst/pc_inst/pc_reg[17]
                         LUT6 (Prop_lut6_I0_O)        0.295     4.694 r  cpu_inst/fetch_inst/pc_inst/led_OBUF[10]_inst_i_3/O
                         net (fo=1, unplaced)         1.111     5.805    cpu_inst/fetch_inst/pc_inst/led_OBUF[10]_inst_i_3_n_0
                         LUT5 (Prop_lut5_I0_O)        0.124     5.929 r  cpu_inst/fetch_inst/pc_inst/led_OBUF[10]_inst_i_2/O
                         net (fo=32, unplaced)        0.520     6.449    cpu_inst/fetch_inst/pc_inst/led_OBUF[10]_inst_i_2_n_0
                         LUT5 (Prop_lut5_I0_O)        0.116     6.565 r  cpu_inst/fetch_inst/pc_inst/y0_carry_i_11/O
                         net (fo=2, unplaced)         0.913     7.478    cpu_inst/fetch_inst/pc_inst/y0_carry_i_11_n_0
                         LUT5 (Prop_lut5_I0_O)        0.124     7.602 r  cpu_inst/fetch_inst/pc_inst/y0_carry_i_7/O
                         net (fo=1, unplaced)         0.000     7.602    cpu_inst/alu_inst/S[1]
                         CARRY4 (Prop_carry4_S[1]_CO[3])
                                                      0.533     8.135 r  cpu_inst/alu_inst/y0_carry/CO[3]
                         net (fo=1, unplaced)         0.009     8.144    cpu_inst/alu_inst/y0_carry_n_0
                         CARRY4 (Prop_carry4_CI_CO[3])
                                                      0.117     8.261 r  cpu_inst/alu_inst/y0_carry__0/CO[3]
                         net (fo=1, unplaced)         0.000     8.261    cpu_inst/alu_inst/y0_carry__0_n_0
                         CARRY4 (Prop_carry4_CI_CO[3])
                                                      0.117     8.378 r  cpu_inst/alu_inst/y0_carry__1/CO[3]
                         net (fo=1, unplaced)         0.000     8.378    cpu_inst/alu_inst/y0_carry__1_n_0
                         CARRY4 (Prop_carry4_CI_O[3])
                                                      0.331     8.709 f  cpu_inst/alu_inst/y0_carry__2/O[3]
                         net (fo=1, unplaced)         0.618     9.327    cpu_inst/fetch_inst/pc_inst/regs_reg[1][31]_2[13]
                         LUT5 (Prop_lut5_I0_O)        0.307     9.634 f  cpu_inst/fetch_inst/pc_inst/regs[1][15]_i_4/O
                         net (fo=6, unplaced)         1.143    10.777    cpu_inst/fetch_inst/pc_inst/regs[1][15]_i_4_n_0
                         LUT6 (Prop_lut6_I0_O)        0.124    10.901 f  cpu_inst/fetch_inst/pc_inst/mem[3][31]_i_2/O
                         net (fo=64, unplaced)        0.537    11.438    cpu_inst/fetch_inst/pc_inst/mem[3][31]_i_2_n_0
                         LUT6 (Prop_lut6_I0_O)        0.124    11.562 f  cpu_inst/fetch_inst/pc_inst/mem[12][31]_i_2/O
                         net (fo=1, unplaced)         0.902    12.464    cpu_inst/fetch_inst/pc_inst/mem[12][31]_i_2_n_0
                         LUT3 (Prop_lut3_I1_O)        0.148    12.612 r  cpu_inst/fetch_inst/pc_inst/mem[12][31]_i_1/O
                         net (fo=32, unplaced)        0.544    13.156    cpu_inst/data_mem_inst/mem_reg[12][31]_0[0]
                         FDRE                                         r  cpu_inst/data_mem_inst/mem_reg[12][17]/CE
  -------------------------------------------------------------------    -------------------

                         (clock sys_clk_pin rise edge)
                                                     10.000    10.000 r  <hidden>
                         propagated clock network latency
                                                      2.678    12.678    <hidden>
                         clock pessimism              0.115    12.793    <hidden>
                         clock uncertainty           -0.035    12.758    <hidden>
                         FDRE (Setup_fdre_C_CE)      -0.202    12.556    cpu_inst/data_mem_inst/mem_reg[12][17]
  -------------------------------------------------------------------
                         required time                         12.556    <hidden>
                         arrival time                         -13.156    <hidden>
  -------------------------------------------------------------------
                         slack                                 -0.600    <hidden>

Slack (VIOLATED) :        -0.600ns  (required time - arrival time)
  Source:                 cpu_inst/fetch_inst/pc_inst/pc_reg[17]/C
                            (rising edge-triggered cell FDRE clocked by sys_clk_pin  {rise@0.000ns fall@5.000ns period=10.000ns})
  Destination:            cpu_inst/data_mem_inst/mem_reg[12][18]/CE
                            (rising edge-triggered cell FDRE clocked by sys_clk_pin  {rise@0.000ns fall@5.000ns period=10.000ns})
  Path Group:             sys_clk_pin
  Path Type:              Setup (Max at Slow Process Corner)
  Requirement:            10.000ns  (sys_clk_pin rise@10.000ns - sys_clk_pin rise@0.000ns)
  Data Path Delay:        10.218ns  (logic 2.938ns (28.753%)  route 7.280ns (71.247%))
  Logic Levels:           12  (CARRY4=4 LUT3=1 LUT5=4 LUT6=3)
  Clock Path Skew:        -0.145ns (DCD - SCD + CPR)
    Destination Clock Delay (DCD):    2.678ns = ( 12.678 - 10.000 ) 
    Source Clock Delay      (SCD):    2.938ns
    Clock Pessimism Removal (CPR):    0.115ns
  Clock Uncertainty:      0.035ns  ((TSJ^2 + TIJ^2)^1/2 + DJ) / 2 + PE
    Total System Jitter     (TSJ):    0.071ns
    Total Input Jitter      (TIJ):    0.000ns
    Discrete Jitter          (DJ):    0.000ns
    Phase Error              (PE):    0.000ns

    Location             Delay type                Incr(ns)  Path(ns)    Netlist Resource(s)
  -------------------------------------------------------------------    -------------------
                         (clock sys_clk_pin rise edge)
                                                      0.000     0.000 r  <hidden>
                         propagated clock network latency
                                                      2.938     2.938    <hidden>
                         FDRE                         0.000     2.938 r  cpu_inst/fetch_inst/pc_inst/pc_reg[17]/C
                         FDRE (Prop_fdre_C_Q)         0.478     3.416 r  cpu_inst/fetch_inst/pc_inst/pc_reg[17]/Q
                         net (fo=3, unplaced)         0.983     4.399    cpu_inst/fetch_inst/pc_inst/pc_reg[17]
                         LUT6 (Prop_lut6_I0_O)        0.295     4.694 r  cpu_inst/fetch_inst/pc_inst/led_OBUF[10]_inst_i_3/O
                         net (fo=1, unplaced)         1.111     5.805    cpu_inst/fetch_inst/pc_inst/led_OBUF[10]_inst_i_3_n_0
                         LUT5 (Prop_lut5_I0_O)        0.124     5.929 r  cpu_inst/fetch_inst/pc_inst/led_OBUF[10]_inst_i_2/O
                         net (fo=32, unplaced)        0.520     6.449    cpu_inst/fetch_inst/pc_inst/led_OBUF[10]_inst_i_2_n_0
                         LUT5 (Prop_lut5_I0_O)        0.116     6.565 r  cpu_inst/fetch_inst/pc_inst/y0_carry_i_11/O
                         net (fo=2, unplaced)         0.913     7.478    cpu_inst/fetch_inst/pc_inst/y0_carry_i_11_n_0
                         LUT5 (Prop_lut5_I0_O)        0.124     7.602 r  cpu_inst/fetch_inst/pc_inst/y0_carry_i_7/O
                         net (fo=1, unplaced)         0.000     7.602    cpu_inst/alu_inst/S[1]
                         CARRY4 (Prop_carry4_S[1]_CO[3])
                                                      0.533     8.135 r  cpu_inst/alu_inst/y0_carry/CO[3]
                         net (fo=1, unplaced)         0.009     8.144    cpu_inst/alu_inst/y0_carry_n_0
                         CARRY4 (Prop_carry4_CI_CO[3])
                                                      0.117     8.261 r  cpu_inst/alu_inst/y0_carry__0/CO[3]
                         net (fo=1, unplaced)         0.000     8.261    cpu_inst/alu_inst/y0_carry__0_n_0
                         CARRY4 (Prop_carry4_CI_CO[3])
                                                      0.117     8.378 r  cpu_inst/alu_inst/y0_carry__1/CO[3]
                         net (fo=1, unplaced)         0.000     8.378    cpu_inst/alu_inst/y0_carry__1_n_0
                         CARRY4 (Prop_carry4_CI_O[3])
                                                      0.331     8.709 f  cpu_inst/alu_inst/y0_carry__2/O[3]
                         net (fo=1, unplaced)         0.618     9.327    cpu_inst/fetch_inst/pc_inst/regs_reg[1][31]_2[13]
                         LUT5 (Prop_lut5_I0_O)        0.307     9.634 f  cpu_inst/fetch_inst/pc_inst/regs[1][15]_i_4/O
                         net (fo=6, unplaced)         1.143    10.777    cpu_inst/fetch_inst/pc_inst/regs[1][15]_i_4_n_0
                         LUT6 (Prop_lut6_I0_O)        0.124    10.901 f  cpu_inst/fetch_inst/pc_inst/mem[3][31]_i_2/O
                         net (fo=64, unplaced)        0.537    11.438    cpu_inst/fetch_inst/pc_inst/mem[3][31]_i_2_n_0
                         LUT6 (Prop_lut6_I0_O)        0.124    11.562 f  cpu_inst/fetch_inst/pc_inst/mem[12][31]_i_2/O
                         net (fo=1, unplaced)         0.902    12.464    cpu_inst/fetch_inst/pc_inst/mem[12][31]_i_2_n_0
                         LUT3 (Prop_lut3_I1_O)        0.148    12.612 r  cpu_inst/fetch_inst/pc_inst/mem[12][31]_i_1/O
                         net (fo=32, unplaced)        0.544    13.156    cpu_inst/data_mem_inst/mem_reg[12][31]_0[0]
                         FDRE                                         r  cpu_inst/data_mem_inst/mem_reg[12][18]/CE
  -------------------------------------------------------------------    -------------------

                         (clock sys_clk_pin rise edge)
                                                     10.000    10.000 r  <hidden>
                         propagated clock network latency
                                                      2.678    12.678    <hidden>
                         clock pessimism              0.115    12.793    <hidden>
                         clock uncertainty           -0.035    12.758    <hidden>
                         FDRE (Setup_fdre_C_CE)      -0.202    12.556    cpu_inst/data_mem_inst/mem_reg[12][18]
  -------------------------------------------------------------------
                         required time                         12.556    <hidden>
                         arrival time                         -13.156    <hidden>
  -------------------------------------------------------------------
                         slack                                 -0.600    <hidden>




