Copyright 1986-2022 Xilinx, Inc. All Rights Reserved. Copyright 2022-2026 Advanced Micro Devices, Inc. All Rights Reserved.
---------------------------------------------------------------------------------------------------------------------------------------------
| Tool Version : Vivado v.2026.1 (win64) Build 6511674 Tue Jun 16 11:02:23 MDT 2026
| Date         : Wed Jul  8 14:01:41 2026
| Host         : DESKTOP-4GB7DVJ running 64-bit major release  (build 9200)
| Command      : report_timing_summary -file reports/timing/fpga_top_synth_timing_summary.rpt
| Design       : fpga_top
| Device       : 7a35t-cpg236
| Speed File   : -1  PRODUCTION 1.23 2018-06-13
| Design State : Synthesized
---------------------------------------------------------------------------------------------------------------------------------------------

Timing Summary Report

------------------------------------------------------------------------------------------------
| Timer Settings
| --------------
------------------------------------------------------------------------------------------------

  Enable Multi Corner Analysis               :  Yes
  Enable Pessimism Removal                   :  Yes
  Pessimism Removal Resolution               :  Nearest Common Node
  Enable Input Delay Default Clock           :  No
  Enable Preset / Clear Arcs                 :  No
  Disable Flight Delays                      :  No
  Ignore I/O Paths                           :  No
  Timing Early Launch at Borrowing Latches   :  No
  Borrow Time for Max Delay Exceptions       :  Yes
  Merge Timing Exceptions                    :  Yes
  Inter-SLR Compensation                     :  Conservative

  Corner  Analyze    Analyze    
  Name    Max Paths  Min Paths  
  ------  ---------  ---------  
  Slow    Yes        Yes        
  Fast    Yes        Yes        


------------------------------------------------------------------------------------------------
| Report Methodology
| ------------------
------------------------------------------------------------------------------------------------

No report available as report_methodology has not been run prior. Run report_methodology on the current design for the summary of methodology violations.



check_timing report

Table of Contents
-----------------
1. checking no_clock (0)
2. checking constant_clock (0)
3. checking pulse_width_clock (0)
4. checking unconstrained_internal_endpoints (0)
5. checking no_input_delay (2)
6. checking no_output_delay (14)
7. checking multiple_clock (0)
8. checking generated_clocks (0)
9. checking loops (0)
10. checking partial_input_delay (0)
11. checking partial_output_delay (0)
12. checking latch_loops (0)

1. checking no_clock (0)
------------------------
 There are 0 register/latch pins with no clock.


2. checking constant_clock (0)
------------------------------
 There are 0 register/latch pins with constant_clock.


3. checking pulse_width_clock (0)
---------------------------------
 There are 0 register/latch pins which need pulse_width check


4. checking unconstrained_internal_endpoints (0)
------------------------------------------------
 There are 0 pins that are not constrained for maximum delay.

 There are 0 pins that are not constrained for maximum delay due to constant clock.


5. checking no_input_delay (2)
------------------------------
 There are 2 input ports with no input delay specified. (HIGH)

 There are 0 input ports with no input delay but user has a false path constraint.


6. checking no_output_delay (14)
--------------------------------
 There are 14 ports with no output delay specified. (HIGH)

 There are 0 ports with no output delay but user has a false path constraint

 There are 0 ports with no output delay but with a timing clock defined on it or propagating through it


7. checking multiple_clock (0)
------------------------------
 There are 0 register/latch pins with multiple clocks.


8. checking generated_clocks (0)
--------------------------------
 There are 0 generated clocks that are not connected to a clock source.


9. checking loops (0)
---------------------
 There are 0 combinational loops in the design.


10. checking partial_input_delay (0)
------------------------------------
 There are 0 input ports with partial input delay specified.


11. checking partial_output_delay (0)
-------------------------------------
 There are 0 ports with partial output delay specified.


12. checking latch_loops (0)
----------------------------
 There are 0 combinational latch loops in the design through latch input



------------------------------------------------------------------------------------------------
| Design Timing Summary
| ---------------------
------------------------------------------------------------------------------------------------

    WNS(ns)      TNS(ns)  TNS Failing Endpoints  TNS Total Endpoints      WHS(ns)      THS(ns)  THS Failing Endpoints  THS Total Endpoints     WPWS(ns)     TPWS(ns)  TPWS Failing Endpoints  TPWS Total Endpoints  
    -------      -------  ---------------------  -------------------      -------      -------  ---------------------  -------------------     --------     --------  ----------------------  --------------------  
     -0.600    -3879.171                   8256                16627        0.070        0.000                      0                16627        4.500        0.000                       0                  8315  


Timing constraints are not met.


------------------------------------------------------------------------------------------------
| Clock Summary
| -------------
------------------------------------------------------------------------------------------------

Clock        Waveform(ns)       Period(ns)      Frequency(MHz)
-----        ------------       ----------      --------------
sys_clk_pin  {0.000 5.000}      10.000          100.000         


------------------------------------------------------------------------------------------------
| Intra Clock Table
| -----------------
------------------------------------------------------------------------------------------------

Clock             WNS(ns)      TNS(ns)  TNS Failing Endpoints  TNS Total Endpoints      WHS(ns)      THS(ns)  THS Failing Endpoints  THS Total Endpoints     WPWS(ns)     TPWS(ns)  TPWS Failing Endpoints  TPWS Total Endpoints  
-----             -------      -------  ---------------------  -------------------      -------      -------  ---------------------  -------------------     --------     --------  ----------------------  --------------------  
sys_clk_pin        -0.600    -3879.171                   8256                16627        0.070        0.000                      0                16627        4.500        0.000                       0                  8315  


------------------------------------------------------------------------------------------------
| Inter Clock Table
| -----------------
------------------------------------------------------------------------------------------------

From Clock    To Clock          WNS(ns)      TNS(ns)  TNS Failing Endpoints  TNS Total Endpoints      WHS(ns)      THS(ns)  THS Failing Endpoints  THS Total Endpoints  
----------    --------          -------      -------  ---------------------  -------------------      -------      -------  ---------------------  -------------------  


------------------------------------------------------------------------------------------------
| Other Path Groups Table
| -----------------------
------------------------------------------------------------------------------------------------

Path Group    From Clock    To Clock          WNS(ns)      TNS(ns)  TNS Failing Endpoints  TNS Total Endpoints      WHS(ns)      THS(ns)  THS Failing Endpoints  THS Total Endpoints  
----------    ----------    --------          -------      -------  ---------------------  -------------------      -------      -------  ---------------------  -------------------  


------------------------------------------------------------------------------------------------
| Timing Details
| --------------
------------------------------------------------------------------------------------------------


---------------------------------------------------------------------------------------------------
From Clock:  sys_clk_pin
  To Clock:  sys_clk_pin

Setup :         8256  Failing Endpoints,  Worst Slack       -0.600ns,  Total Violation    -3879.171ns
Hold  :            0  Failing Endpoints,  Worst Slack        0.070ns,  Total Violation        0.000ns
PW    :            0  Failing Endpoints,  Worst Slack        4.500ns,  Total Violation        0.000ns
---------------------------------------------------------------------------------------------------


Max Delay Paths
--------------------------------------------------------------------------------------
Slack (VIOLATED) :        -0.600ns  (required time - arrival time)
  Source:                 cpu_inst/fetch_inst/pc_inst/pc_reg[17]/C
                            (rising edge-triggered cell FDRE clocked by sys_clk_pin  {rise@0.000ns fall@5.000ns period=10.000ns})
  Destination:            cpu_inst/data_mem_inst/mem_reg[12][0]/CE
                            (rising edge-triggered cell FDRE clocked by sys_clk_pin  {rise@0.000ns fall@5.000ns period=10.000ns})
  Path Group:             sys_clk_pin
  Path Type:              Setup (Max at Slow Process Corner)
  Requirement:            10.000ns  (sys_clk_pin rise@10.000ns - sys_clk_pin rise@0.000ns)
  Data Path Delay:        10.218ns  (logic 2.938ns (28.753%)  route 7.280ns (71.247%))
  Logic Levels:           12  (CARRY4=4 LUT3=1 LUT5=4 LUT6=3)
  Clock Path Skew:        -0.145ns (DCD - SCD + CPR)
    Destination Clock Delay (DCD):    2.678ns = ( 12.678 - 10.000 ) 
    Source Clock Delay      (SCD):    2.938ns
    Clock Pessimism Removal (CPR):    0.115ns
  Clock Uncertainty:      0.035ns  ((TSJ^2 + TIJ^2)^1/2 + DJ) / 2 + PE
    Total System Jitter     (TSJ):    0.071ns
    Total Input Jitter      (TIJ):    0.000ns
    Discrete Jitter          (DJ):    0.000ns
    Phase Error              (PE):    0.000ns

    Location             Delay type                Incr(ns)  Path(ns)    Netlist Resource(s)
  -------------------------------------------------------------------    -------------------
                         (clock sys_clk_pin rise edge)
                                                      0.000     0.000 r  <hidden>
    W5                                                0.000     0.000 r  clk
                         net (fo=0)                   0.000     0.000    clk
    W5                   IBUF (Prop_ibuf_I_O)         1.458     1.458 r  clk_IBUF_inst/O
                         net (fo=1, unplaced)         0.800     2.258    clk_IBUF
                         BUFG (Prop_bufg_I_O)         0.096     2.354 r  clk_IBUF_BUFG_inst/O
                         net (fo=8314, unplaced)      0.584     2.938    cpu_inst/fetch_inst/pc_inst/CLK
                         FDRE                                         r  cpu_inst/fetch_inst/pc_inst/pc_reg[17]/C
  -------------------------------------------------------------------    -------------------
                         FDRE (Prop_fdre_C_Q)         0.478     3.416 r  cpu_inst/fetch_inst/pc_inst/pc_reg[17]/Q
                         net (fo=3, unplaced)         0.983     4.399    cpu_inst/fetch_inst/pc_inst/pc_reg[17]
                         LUT6 (Prop_lut6_I0_O)        0.295     4.694 r  cpu_inst/fetch_inst/pc_inst/led_OBUF[10]_inst_i_3/O
                         net (fo=1, unplaced)         1.111     5.805    cpu_inst/fetch_inst/pc_inst/led_OBUF[10]_inst_i_3_n_0
                         LUT5 (Prop_lut5_I0_O)        0.124     5.929 r  cpu_inst/fetch_inst/pc_inst/led_OBUF[10]_inst_i_2/O
                         net (fo=32, unplaced)        0.520     6.449    cpu_inst/fetch_inst/pc_inst/led_OBUF[10]_inst_i_2_n_0
                         LUT5 (Prop_lut5_I0_O)        0.116     6.565 r  cpu_inst/fetch_inst/pc_inst/y0_carry_i_11/O
                         net (fo=2, unplaced)         0.913     7.478    cpu_inst/fetch_inst/pc_inst/y0_carry_i_11_n_0
                         LUT5 (Prop_lut5_I0_O)        0.124     7.602 r  cpu_inst/fetch_inst/pc_inst/y0_carry_i_7/O
                         net (fo=1, unplaced)         0.000     7.602    cpu_inst/alu_inst/S[1]
                         CARRY4 (Prop_carry4_S[1]_CO[3])
                                                      0.533     8.135 r  cpu_inst/alu_inst/y0_carry/CO[3]
                         net (fo=1, unplaced)         0.009     8.144    cpu_inst/alu_inst/y0_carry_n_0
                         CARRY4 (Prop_carry4_CI_CO[3])
                                                      0.117     8.261 r  cpu_inst/alu_inst/y0_carry__0/CO[3]
                         net (fo=1, unplaced)         0.000     8.261    cpu_inst/alu_inst/y0_carry__0_n_0
                         CARRY4 (Prop_carry4_CI_CO[3])
                                                      0.117     8.378 r  cpu_inst/alu_inst/y0_carry__1/CO[3]
                         net (fo=1, unplaced)         0.000     8.378    cpu_inst/alu_inst/y0_carry__1_n_0
                         CARRY4 (Prop_carry4_CI_O[3])
                                                      0.331     8.709 f  cpu_inst/alu_inst/y0_carry__2/O[3]
                         net (fo=1, unplaced)         0.618     9.327    cpu_inst/fetch_inst/pc_inst/regs_reg[1][31]_2[13]
                         LUT5 (Prop_lut5_I0_O)        0.307     9.634 f  cpu_inst/fetch_inst/pc_inst/regs[1][15]_i_4/O
                         net (fo=6, unplaced)         1.143    10.777    cpu_inst/fetch_inst/pc_inst/regs[1][15]_i_4_n_0
                         LUT6 (Prop_lut6_I0_O)        0.124    10.901 f  cpu_inst/fetch_inst/pc_inst/mem[3][31]_i_2/O
                         net (fo=64, unplaced)        0.537    11.438    cpu_inst/fetch_inst/pc_inst/mem[3][31]_i_2_n_0
                         LUT6 (Prop_lut6_I0_O)        0.124    11.562 f  cpu_inst/fetch_inst/pc_inst/mem[12][31]_i_2/O
                         net (fo=1, unplaced)         0.902    12.464    cpu_inst/fetch_inst/pc_inst/mem[12][31]_i_2_n_0
                         LUT3 (Prop_lut3_I1_O)        0.148    12.612 r  cpu_inst/fetch_inst/pc_inst/mem[12][31]_i_1/O
                         net (fo=32, unplaced)        0.544    13.156    cpu_inst/data_mem_inst/mem_reg[12][31]_0[0]
                         FDRE                                         r  cpu_inst/data_mem_inst/mem_reg[12][0]/CE
  -------------------------------------------------------------------    -------------------

                         (clock sys_clk_pin rise edge)
                                                     10.000    10.000 r  <hidden>
    W5                                                0.000    10.000 r  clk
                         net (fo=0)                   0.000    10.000    clk
    W5                   IBUF (Prop_ibuf_I_O)         1.388    11.388 r  clk_IBUF_inst/O
                         net (fo=1, unplaced)         0.760    12.148    clk_IBUF
                         BUFG (Prop_bufg_I_O)         0.091    12.239 r  clk_IBUF_BUFG_inst/O
                         net (fo=8314, unplaced)      0.439    12.678    cpu_inst/data_mem_inst/CLK
                         FDRE                                         r  cpu_inst/data_mem_inst/mem_reg[12][0]/C
                         clock pessimism              0.115    12.793    <hidden>
                         clock uncertainty           -0.035    12.758    <hidden>
                         FDRE (Setup_fdre_C_CE)      -0.202    12.556    cpu_inst/data_mem_inst/mem_reg[12][0]
  -------------------------------------------------------------------
                         required time                         12.556    <hidden>
                         arrival time                         -13.156    <hidden>
  -------------------------------------------------------------------
                         slack                                 -0.600    <hidden>





Min Delay Paths
--------------------------------------------------------------------------------------
Slack (MET) :             0.070ns  (arrival time - required time)
  Source:                 cpu_inst/fetch_inst/pc_inst/pc_reg[11]/C
                            (rising edge-triggered cell FDRE clocked by sys_clk_pin  {rise@0.000ns fall@5.000ns period=10.000ns})
  Destination:            cpu_inst/fetch_inst/pc_inst/pc_reg[12]/D
                            (rising edge-triggered cell FDRE clocked by sys_clk_pin  {rise@0.000ns fall@5.000ns period=10.000ns})
  Path Group:             sys_clk_pin
  Path Type:              Hold (Min at Fast Process Corner)
  Requirement:            0.000ns  (sys_clk_pin rise@0.000ns - sys_clk_pin rise@0.000ns)
  Data Path Delay:        0.328ns  (logic 0.239ns (72.973%)  route 0.089ns (27.027%))
  Logic Levels:           1  (CARRY4=1)
  Clock Path Skew:        0.145ns (DCD - SCD - CPR)
    Destination Clock Delay (DCD):    1.057ns
    Source Clock Delay      (SCD):    0.704ns
    Clock Pessimism Removal (CPR):    0.208ns

    Location             Delay type                Incr(ns)  Path(ns)    Netlist Resource(s)
  -------------------------------------------------------------------    -------------------
                         (clock sys_clk_pin rise edge)
                                                      0.000     0.000 r  <hidden>
    W5                                                0.000     0.000 r  clk
                         net (fo=0)                   0.000     0.000    clk
    W5                   IBUF (Prop_ibuf_I_O)         0.226     0.226 r  clk_IBUF_inst/O
                         net (fo=1, unplaced)         0.337     0.564    clk_IBUF
                         BUFG (Prop_bufg_I_O)         0.026     0.590 r  clk_IBUF_BUFG_inst/O
                         net (fo=8314, unplaced)      0.114     0.704    cpu_inst/fetch_inst/pc_inst/CLK
                         FDRE                                         r  cpu_inst/fetch_inst/pc_inst/pc_reg[11]/C
  -------------------------------------------------------------------    -------------------
                         FDRE (Prop_fdre_C_Q)         0.147     0.851 r  cpu_inst/fetch_inst/pc_inst/pc_reg[11]/Q
                         net (fo=3, unplaced)         0.089     0.939    cpu_inst/fetch_inst/pc_inst/pc_reg[11]
                         CARRY4 (Prop_carry4_DI[2]_O[3])
                                                      0.092     1.031 r  cpu_inst/fetch_inst/pc_inst/pc_reg[9]_i_1/O[3]
                         net (fo=1, unplaced)         0.000     1.031    cpu_inst/fetch_inst/pc_inst/pc_reg[9]_i_1_n_4
                         FDRE                                         r  cpu_inst/fetch_inst/pc_inst/pc_reg[12]/D
  -------------------------------------------------------------------    -------------------

                         (clock sys_clk_pin rise edge)
                                                      0.000     0.000 r  <hidden>
    W5                                                0.000     0.000 r  clk
                         net (fo=0)                   0.000     0.000    clk
    W5                   IBUF (Prop_ibuf_I_O)         0.414     0.414 r  clk_IBUF_inst/O
                         net (fo=1, unplaced)         0.355     0.769    clk_IBUF
                         BUFG (Prop_bufg_I_O)         0.029     0.798 r  clk_IBUF_BUFG_inst/O
                         net (fo=8314, unplaced)      0.259     1.057    cpu_inst/fetch_inst/pc_inst/CLK
                         FDRE                                         r  cpu_inst/fetch_inst/pc_inst/pc_reg[12]/C
                         clock pessimism             -0.208     0.849    <hidden>
                         FDRE (Hold_fdre_C_D)         0.113     0.962    cpu_inst/fetch_inst/pc_inst/pc_reg[12]
  -------------------------------------------------------------------
                         required time                         -0.962    <hidden>
                         arrival time                           1.031    <hidden>
  -------------------------------------------------------------------
                         slack                                  0.070    <hidden>





Pulse Width Checks
--------------------------------------------------------------------------------------
Clock Name:         sys_clk_pin
Waveform(ns):       { 0.000 5.000 }
Period(ns):         10.000
Sources:            { clk }

Check Type        Corner  Lib Pin  Reference Pin  Required(ns)  Actual(ns)  Slack(ns)  Location  Pin
Min Period        n/a     BUFG/I   n/a            2.155         10.000      7.845                clk_IBUF_BUFG_inst/I
Low Pulse Width   Slow    FDRE/C   n/a            0.500         5.000       4.500                cpu_inst/data_mem_inst/mem_reg[0][0]/C
High Pulse Width  Slow    FDRE/C   n/a            0.500         5.000       4.500                cpu_inst/data_mem_inst/mem_reg[0][0]/C



