Copyright 1986-2022 Xilinx, Inc. All Rights Reserved. Copyright 2022-2026 Advanced Micro Devices, Inc. All Rights Reserved.
---------------------------------------------------------------------------------------------------------------------------------------------
| Tool Version : Vivado v.2026.1 (win64) Build 6511674 Tue Jun 16 11:02:23 MDT 2026
| Date         : Wed Jul  8 14:21:57 2026
| Host         : DESKTOP-4GB7DVJ running 64-bit major release  (build 9200)
| Command      : report_timing_summary -file reports/timing/fpga_top_impl_timing_summary.rpt
| Design       : fpga_top
| Device       : 7a35t-cpg236
| Speed File   : -1  PRODUCTION 1.23 2018-06-13
| Design State : Routed
---------------------------------------------------------------------------------------------------------------------------------------------

Timing Summary Report

------------------------------------------------------------------------------------------------
| Timer Settings
| --------------
------------------------------------------------------------------------------------------------

  Enable Multi Corner Analysis               :  Yes
  Enable Pessimism Removal                   :  Yes
  Pessimism Removal Resolution               :  Nearest Common Node
  Enable Input Delay Default Clock           :  No
  Enable Preset / Clear Arcs                 :  No
  Disable Flight Delays                      :  No
  Ignore I/O Paths                           :  No
  Timing Early Launch at Borrowing Latches   :  No
  Borrow Time for Max Delay Exceptions       :  Yes
  Merge Timing Exceptions                    :  Yes
  Inter-SLR Compensation                     :  Conservative

  Corner  Analyze    Analyze    
  Name    Max Paths  Min Paths  
  ------  ---------  ---------  
  Slow    Yes        Yes        
  Fast    Yes        Yes        


------------------------------------------------------------------------------------------------
| Report Methodology
| ------------------
------------------------------------------------------------------------------------------------

No report available as report_methodology has not been run prior. Run report_methodology on the current design for the summary of methodology violations.



check_timing report

Table of Contents
-----------------
1. checking no_clock (0)
2. checking constant_clock (0)
3. checking pulse_width_clock (0)
4. checking unconstrained_internal_endpoints (0)
5. checking no_input_delay (2)
6. checking no_output_delay (14)
7. checking multiple_clock (0)
8. checking generated_clocks (0)
9. checking loops (0)
10. checking partial_input_delay (0)
11. checking partial_output_delay (0)
12. checking latch_loops (0)

1. checking no_clock (0)
------------------------
 There are 0 register/latch pins with no clock.


2. checking constant_clock (0)
------------------------------
 There are 0 register/latch pins with constant_clock.


3. checking pulse_width_clock (0)
---------------------------------
 There are 0 register/latch pins which need pulse_width check


4. checking unconstrained_internal_endpoints (0)
------------------------------------------------
 There are 0 pins that are not constrained for maximum delay.

 There are 0 pins that are not constrained for maximum delay due to constant clock.


5. checking no_input_delay (2)
------------------------------
 There are 2 input ports with no input delay specified. (HIGH)

 There are 0 input ports with no input delay but user has a false path constraint.


6. checking no_output_delay (14)
--------------------------------
 There are 14 ports with no output delay specified. (HIGH)

 There are 0 ports with no output delay but user has a false path constraint

 There are 0 ports with no output delay but with a timing clock defined on it or propagating through it


7. checking multiple_clock (0)
------------------------------
 There are 0 register/latch pins with multiple clocks.


8. checking generated_clocks (0)
--------------------------------
 There are 0 generated clocks that are not connected to a clock source.


9. checking loops (0)
---------------------
 There are 0 combinational loops in the design.


10. checking partial_input_delay (0)
------------------------------------
 There are 0 input ports with partial input delay specified.


11. checking partial_output_delay (0)
-------------------------------------
 There are 0 ports with partial output delay specified.


12. checking latch_loops (0)
----------------------------
 There are 0 combinational latch loops in the design through latch input



------------------------------------------------------------------------------------------------
| Design Timing Summary
| ---------------------
------------------------------------------------------------------------------------------------

    WNS(ns)      TNS(ns)  TNS Failing Endpoints  TNS Total Endpoints      WHS(ns)      THS(ns)  THS Failing Endpoints  THS Total Endpoints     WPWS(ns)     TPWS(ns)  TPWS Failing Endpoints  TPWS Total Endpoints  
    -------      -------  ---------------------  -------------------      -------      -------  ---------------------  -------------------     --------     --------  ----------------------  --------------------  
     -1.551    -5707.315                   8192                16627        0.075        0.000                      0                16627        4.500        0.000                       0                  8315  


Timing constraints are not met.


------------------------------------------------------------------------------------------------
| Clock Summary
| -------------
------------------------------------------------------------------------------------------------

Clock        Waveform(ns)       Period(ns)      Frequency(MHz)
-----        ------------       ----------      --------------
sys_clk_pin  {0.000 5.000}      10.000          100.000         


------------------------------------------------------------------------------------------------
| Intra Clock Table
| -----------------
------------------------------------------------------------------------------------------------

Clock             WNS(ns)      TNS(ns)  TNS Failing Endpoints  TNS Total Endpoints      WHS(ns)      THS(ns)  THS Failing Endpoints  THS Total Endpoints     WPWS(ns)     TPWS(ns)  TPWS Failing Endpoints  TPWS Total Endpoints  
-----             -------      -------  ---------------------  -------------------      -------      -------  ---------------------  -------------------     --------     --------  ----------------------  --------------------  
sys_clk_pin        -1.551    -5707.315                   8192                16627        0.075        0.000                      0                16627        4.500        0.000                       0                  8315  


------------------------------------------------------------------------------------------------
| Inter Clock Table
| -----------------
------------------------------------------------------------------------------------------------

From Clock    To Clock          WNS(ns)      TNS(ns)  TNS Failing Endpoints  TNS Total Endpoints      WHS(ns)      THS(ns)  THS Failing Endpoints  THS Total Endpoints  
----------    --------          -------      -------  ---------------------  -------------------      -------      -------  ---------------------  -------------------  


------------------------------------------------------------------------------------------------
| Other Path Groups Table
| -----------------------
------------------------------------------------------------------------------------------------

Path Group    From Clock    To Clock          WNS(ns)      TNS(ns)  TNS Failing Endpoints  TNS Total Endpoints      WHS(ns)      THS(ns)  THS Failing Endpoints  THS Total Endpoints  
----------    ----------    --------          -------      -------  ---------------------  -------------------      -------      -------  ---------------------  -------------------  


------------------------------------------------------------------------------------------------
| Timing Details
| --------------
------------------------------------------------------------------------------------------------


---------------------------------------------------------------------------------------------------
From Clock:  sys_clk_pin
  To Clock:  sys_clk_pin

Setup :         8192  Failing Endpoints,  Worst Slack       -1.551ns,  Total Violation    -5707.315ns
Hold  :            0  Failing Endpoints,  Worst Slack        0.075ns,  Total Violation        0.000ns
PW    :            0  Failing Endpoints,  Worst Slack        4.500ns,  Total Violation        0.000ns
---------------------------------------------------------------------------------------------------


Max Delay Paths
--------------------------------------------------------------------------------------
Slack (VIOLATED) :        -1.551ns  (required time - arrival time)
  Source:                 cpu_inst/fetch_inst/pc_inst/pc_reg[30]/C
                            (rising edge-triggered cell FDRE clocked by sys_clk_pin  {rise@0.000ns fall@5.000ns period=10.000ns})
  Destination:            cpu_inst/reg_file_inst/regs_reg[2][12]/D
                            (rising edge-triggered cell FDRE clocked by sys_clk_pin  {rise@0.000ns fall@5.000ns period=10.000ns})
  Path Group:             sys_clk_pin
  Path Type:              Setup (Max at Slow Process Corner)
  Requirement:            10.000ns  (sys_clk_pin rise@10.000ns - sys_clk_pin rise@0.000ns)
  Data Path Delay:        11.343ns  (logic 3.520ns (31.034%)  route 7.823ns (68.966%))
  Logic Levels:           12  (CARRY4=1 LUT5=3 LUT6=4 MUXF7=3 MUXF8=1)
  Clock Path Skew:        -0.111ns (DCD - SCD + CPR)
    Destination Clock Delay (DCD):    4.785ns = ( 14.785 - 10.000 ) 
    Source Clock Delay      (SCD):    5.076ns
    Clock Pessimism Removal (CPR):    0.180ns
  Clock Uncertainty:      0.035ns  ((TSJ^2 + TIJ^2)^1/2 + DJ) / 2 + PE
    Total System Jitter     (TSJ):    0.071ns
    Total Input Jitter      (TIJ):    0.000ns
    Discrete Jitter          (DJ):    0.000ns
    Phase Error              (PE):    0.000ns

    Location             Delay type                Incr(ns)  Path(ns)    Netlist Resource(s)
  -------------------------------------------------------------------    -------------------
                         (clock sys_clk_pin rise edge)
                                                      0.000     0.000 r  <hidden>
    W5                                                0.000     0.000 r  clk
                         net (fo=0)                   0.000     0.000    clk
    W5                   IBUF (Prop_ibuf_I_O)         1.458     1.458 r  clk_IBUF_inst/O
                         net (fo=1, routed)           1.967     3.425    clk_IBUF
    BUFGCTRL_X0Y0        BUFG (Prop_bufg_I_O)         0.096     3.521 r  clk_IBUF_BUFG_inst/O
                         net (fo=8314, routed)        1.555     5.076    cpu_inst/fetch_inst/pc_inst/CLK
    SLICE_X44Y53         FDRE                                         r  cpu_inst/fetch_inst/pc_inst/pc_reg[30]/C
  -------------------------------------------------------------------    -------------------
    SLICE_X44Y53         FDRE (Prop_fdre_C_Q)         0.456     5.532 f  cpu_inst/fetch_inst/pc_inst/pc_reg[30]/Q
                         net (fo=3, routed)           0.810     6.342    cpu_inst/fetch_inst/pc_inst/pc_reg[30]
    SLICE_X45Y52         LUT6 (Prop_lut6_I1_O)        0.124     6.466 f  cpu_inst/fetch_inst/pc_inst/led_OBUF[10]_inst_i_3/O
                         net (fo=1, routed)           0.797     7.263    cpu_inst/fetch_inst/pc_inst/led_OBUF[10]_inst_i_3_n_0
    SLICE_X45Y51         LUT5 (Prop_lut5_I0_O)        0.124     7.387 f  cpu_inst/fetch_inst/pc_inst/led_OBUF[10]_inst_i_2/O
                         net (fo=32, routed)          0.416     7.803    cpu_inst/fetch_inst/pc_inst/led_OBUF[10]_inst_i_2_n_0
    SLICE_X43Y51         LUT5 (Prop_lut5_I0_O)        0.124     7.927 r  cpu_inst/fetch_inst/pc_inst/led_OBUF[15]_inst_i_3/O
                         net (fo=291, routed)         1.151     9.078    cpu_inst/fetch_inst/pc_inst/led_OBUF[0]
    SLICE_X41Y45         LUT5 (Prop_lut5_I2_O)        0.124     9.202 r  cpu_inst/fetch_inst/pc_inst/y0_carry_i_8/O
                         net (fo=1, routed)           0.000     9.202    cpu_inst/alu_inst/S[0]
    SLICE_X41Y45         CARRY4 (Prop_carry4_S[0]_O[2])
                                                      0.547     9.749 r  cpu_inst/alu_inst/y0_carry/O[2]
                         net (fo=1, routed)           0.351    10.100    cpu_inst/fetch_inst/pc_inst/regs_reg[1][2]_2
    SLICE_X40Y45         MUXF7 (Prop_muxf7_I1_O)      0.547    10.647 r  cpu_inst/fetch_inst/pc_inst/regs_reg[1][2]_i_4/O
                         net (fo=2156, routed)        1.704    12.351    cpu_inst/data_mem_inst/regs_reg[1][31]_i_67_1
    SLICE_X31Y20         LUT6 (Prop_lut6_I4_O)        0.298    12.649 r  cpu_inst/data_mem_inst/regs[1][12]_i_67/O
                         net (fo=1, routed)           0.000    12.649    cpu_inst/data_mem_inst/regs[1][12]_i_67_n_0
    SLICE_X31Y20         MUXF7 (Prop_muxf7_I1_O)      0.245    12.894 r  cpu_inst/data_mem_inst/regs_reg[1][12]_i_30/O
                         net (fo=1, routed)           0.000    12.894    cpu_inst/data_mem_inst/regs_reg[1][12]_i_30_n_0
    SLICE_X31Y20         MUXF8 (Prop_muxf8_I0_O)      0.104    12.998 r  cpu_inst/data_mem_inst/regs_reg[1][12]_i_12/O
                         net (fo=1, routed)           1.468    14.467    cpu_inst/data_mem_inst/regs_reg[1][12]_i_12_n_0
    SLICE_X36Y42         LUT6 (Prop_lut6_I3_O)        0.316    14.783 r  cpu_inst/data_mem_inst/regs[1][12]_i_5/O
                         net (fo=1, routed)           0.000    14.783    cpu_inst/data_mem_inst/regs[1][12]_i_5_n_0
    SLICE_X36Y42         MUXF7 (Prop_muxf7_I0_O)      0.212    14.995 r  cpu_inst/data_mem_inst/regs_reg[1][12]_i_2/O
                         net (fo=1, routed)           0.794    15.788    cpu_inst/fetch_inst/pc_inst/regs_reg[1][12]
    SLICE_X39Y42         LUT6 (Prop_lut6_I1_O)        0.299    16.087 r  cpu_inst/fetch_inst/pc_inst/regs[1][12]_i_1/O
                         net (fo=2, routed)           0.331    16.418    cpu_inst/reg_file_inst/regs_reg[1][31]_1[12]
    SLICE_X39Y41         FDRE                                         r  cpu_inst/reg_file_inst/regs_reg[2][12]/D
  -------------------------------------------------------------------    -------------------

                         (clock sys_clk_pin rise edge)
                                                     10.000    10.000 r  <hidden>
    W5                                                0.000    10.000 r  clk
                         net (fo=0)                   0.000    10.000    clk
    W5                   IBUF (Prop_ibuf_I_O)         1.388    11.388 r  clk_IBUF_inst/O
                         net (fo=1, routed)           1.862    13.250    clk_IBUF
    BUFGCTRL_X0Y0        BUFG (Prop_bufg_I_O)         0.091    13.341 r  clk_IBUF_BUFG_inst/O
                         net (fo=8314, routed)        1.444    14.785    cpu_inst/reg_file_inst/CLK
    SLICE_X39Y41         FDRE                                         r  cpu_inst/reg_file_inst/regs_reg[2][12]/C
                         clock pessimism              0.180    14.965    <hidden>
                         clock uncertainty           -0.035    14.930    <hidden>
    SLICE_X39Y41         FDRE (Setup_fdre_C_D)       -0.062    14.868    cpu_inst/reg_file_inst/regs_reg[2][12]
  -------------------------------------------------------------------
                         required time                         14.868    <hidden>
                         arrival time                         -16.418    <hidden>
  -------------------------------------------------------------------
                         slack                                 -1.551    <hidden>





Min Delay Paths
--------------------------------------------------------------------------------------
Slack (MET) :             0.075ns  (arrival time - required time)
  Source:                 cpu_inst/fetch_inst/pc_inst/pc_reg[6]/C
                            (rising edge-triggered cell FDRE clocked by sys_clk_pin  {rise@0.000ns fall@5.000ns period=10.000ns})
  Destination:            cpu_inst/fetch_inst/pc_inst/pc_reg[9]/D
                            (rising edge-triggered cell FDRE clocked by sys_clk_pin  {rise@0.000ns fall@5.000ns period=10.000ns})
  Path Group:             sys_clk_pin
  Path Type:              Hold (Min at Fast Process Corner)
  Requirement:            0.000ns  (sys_clk_pin rise@0.000ns - sys_clk_pin rise@0.000ns)
  Data Path Delay:        0.448ns  (logic 0.342ns (76.341%)  route 0.106ns (23.659%))
  Logic Levels:           2  (CARRY4=2)
  Clock Path Skew:        0.268ns (DCD - SCD - CPR)
    Destination Clock Delay (DCD):    1.960ns
    Source Clock Delay      (SCD):    1.448ns
    Clock Pessimism Removal (CPR):    0.244ns

    Location             Delay type                Incr(ns)  Path(ns)    Netlist Resource(s)
  -------------------------------------------------------------------    -------------------
                         (clock sys_clk_pin rise edge)
                                                      0.000     0.000 r  <hidden>
    W5                                                0.000     0.000 r  clk
                         net (fo=0)                   0.000     0.000    clk
    W5                   IBUF (Prop_ibuf_I_O)         0.226     0.226 r  clk_IBUF_inst/O
                         net (fo=1, routed)           0.631     0.858    clk_IBUF
    BUFGCTRL_X0Y0        BUFG (Prop_bufg_I_O)         0.026     0.884 r  clk_IBUF_BUFG_inst/O
                         net (fo=8314, routed)        0.565     1.448    cpu_inst/fetch_inst/pc_inst/CLK
    SLICE_X44Y49         FDRE                                         r  cpu_inst/fetch_inst/pc_inst/pc_reg[6]/C
  -------------------------------------------------------------------    -------------------
    SLICE_X44Y49         FDRE (Prop_fdre_C_Q)         0.141     1.589 r  cpu_inst/fetch_inst/pc_inst/pc_reg[6]/Q
                         net (fo=5, routed)           0.105     1.694    cpu_inst/fetch_inst/pc_inst/pc_reg_n_0_[6]
    SLICE_X44Y49         CARRY4 (Prop_carry4_DI[1]_CO[3])
                                                      0.147     1.841 r  cpu_inst/fetch_inst/pc_inst/pc_reg[5]_i_1/CO[3]
                         net (fo=1, routed)           0.001     1.842    cpu_inst/fetch_inst/pc_inst/pc_reg[5]_i_1_n_0
    SLICE_X44Y50         CARRY4 (Prop_carry4_CI_O[0])
                                                      0.054     1.896 r  cpu_inst/fetch_inst/pc_inst/pc_reg[9]_i_1/O[0]
                         net (fo=1, routed)           0.000     1.896    cpu_inst/fetch_inst/pc_inst/pc_reg[9]_i_1_n_7
    SLICE_X44Y50         FDRE                                         r  cpu_inst/fetch_inst/pc_inst/pc_reg[9]/D
  -------------------------------------------------------------------    -------------------

                         (clock sys_clk_pin rise edge)
                                                      0.000     0.000 r  <hidden>
    W5                                                0.000     0.000 r  clk
                         net (fo=0)                   0.000     0.000    clk
    W5                   IBUF (Prop_ibuf_I_O)         0.414     0.414 r  clk_IBUF_inst/O
                         net (fo=1, routed)           0.685     1.099    clk_IBUF
    BUFGCTRL_X0Y0        BUFG (Prop_bufg_I_O)         0.029     1.128 r  clk_IBUF_BUFG_inst/O
                         net (fo=8314, routed)        0.833     1.960    cpu_inst/fetch_inst/pc_inst/CLK
    SLICE_X44Y50         FDRE                                         r  cpu_inst/fetch_inst/pc_inst/pc_reg[9]/C
                         clock pessimism             -0.244     1.716    <hidden>
    SLICE_X44Y50         FDRE (Hold_fdre_C_D)         0.105     1.821    cpu_inst/fetch_inst/pc_inst/pc_reg[9]
  -------------------------------------------------------------------
                         required time                         -1.821    <hidden>
                         arrival time                           1.896    <hidden>
  -------------------------------------------------------------------
                         slack                                  0.075    <hidden>





Pulse Width Checks
--------------------------------------------------------------------------------------
Clock Name:         sys_clk_pin
Waveform(ns):       { 0.000 5.000 }
Period(ns):         10.000
Sources:            { clk }

Check Type        Corner  Lib Pin  Reference Pin  Required(ns)  Actual(ns)  Slack(ns)  Location       Pin
Min Period        n/a     BUFG/I   n/a            2.155         10.000      7.845      BUFGCTRL_X0Y0  clk_IBUF_BUFG_inst/I
Low Pulse Width   Slow    FDRE/C   n/a            0.500         5.000       4.500      SLICE_X11Y32   cpu_inst/data_mem_inst/mem_reg[0][0]/C
High Pulse Width  Slow    FDRE/C   n/a            0.500         5.000       4.500      SLICE_X11Y32   cpu_inst/data_mem_inst/mem_reg[0][0]/C



