Copyright 1986-2022 Xilinx, Inc. All Rights Reserved. Copyright 2022-2026 Advanced Micro Devices, Inc. All Rights Reserved.
---------------------------------------------------------------------------------------------------------------------------------------------
| Tool Version : Vivado v.2026.1 (win64) Build 6511674 Tue Jun 16 11:02:23 MDT 2026
| Date         : Wed Jul  8 14:21:57 2026
| Host         : DESKTOP-4GB7DVJ running 64-bit major release  (build 9200)
| Command      : report_timing -max_paths 10 -path_type full -file reports/timing/fpga_top_impl_worst_paths.rpt
| Design       : fpga_top
| Device       : 7a35t-cpg236
| Speed File   : -1  PRODUCTION 1.23 2018-06-13
| Design State : Routed
---------------------------------------------------------------------------------------------------------------------------------------------

Timing Report

Slack (VIOLATED) :        -1.551ns  (required time - arrival time)
  Source:                 cpu_inst/fetch_inst/pc_inst/pc_reg[30]/C
                            (rising edge-triggered cell FDRE clocked by sys_clk_pin  {rise@0.000ns fall@5.000ns period=10.000ns})
  Destination:            cpu_inst/reg_file_inst/regs_reg[2][12]/D
                            (rising edge-triggered cell FDRE clocked by sys_clk_pin  {rise@0.000ns fall@5.000ns period=10.000ns})
  Path Group:             sys_clk_pin
  Path Type:              Setup (Max at Slow Process Corner)
  Requirement:            10.000ns  (sys_clk_pin rise@10.000ns - sys_clk_pin rise@0.000ns)
  Data Path Delay:        11.343ns  (logic 3.520ns (31.034%)  route 7.823ns (68.966%))
  Logic Levels:           12  (CARRY4=1 LUT5=3 LUT6=4 MUXF7=3 MUXF8=1)
  Clock Path Skew:        -0.111ns (DCD - SCD + CPR)
    Destination Clock Delay (DCD):    4.785ns = ( 14.785 - 10.000 ) 
    Source Clock Delay      (SCD):    5.076ns
    Clock Pessimism Removal (CPR):    0.180ns
  Clock Uncertainty:      0.035ns  ((TSJ^2 + TIJ^2)^1/2 + DJ) / 2 + PE
    Total System Jitter     (TSJ):    0.071ns
    Total Input Jitter      (TIJ):    0.000ns
    Discrete Jitter          (DJ):    0.000ns
    Phase Error              (PE):    0.000ns

    Location             Delay type                Incr(ns)  Path(ns)    Netlist Resource(s)
  -------------------------------------------------------------------    -------------------
                         (clock sys_clk_pin rise edge)
                                                      0.000     0.000 r  <hidden>
                         propagated clock network latency
                                                      5.076     5.076    <hidden>
    SLICE_X44Y53         FDRE                         0.000     5.076 r  cpu_inst/fetch_inst/pc_inst/pc_reg[30]/C
    SLICE_X44Y53         FDRE (Prop_fdre_C_Q)         0.456     5.532 f  cpu_inst/fetch_inst/pc_inst/pc_reg[30]/Q
                         net (fo=3, routed)           0.810     6.342    cpu_inst/fetch_inst/pc_inst/pc_reg[30]
    SLICE_X45Y52         LUT6 (Prop_lut6_I1_O)        0.124     6.466 f  cpu_inst/fetch_inst/pc_inst/led_OBUF[10]_inst_i_3/O
                         net (fo=1, routed)           0.797     7.263    cpu_inst/fetch_inst/pc_inst/led_OBUF[10]_inst_i_3_n_0
    SLICE_X45Y51         LUT5 (Prop_lut5_I0_O)        0.124     7.387 f  cpu_inst/fetch_inst/pc_inst/led_OBUF[10]_inst_i_2/O
                         net (fo=32, routed)          0.416     7.803    cpu_inst/fetch_inst/pc_inst/led_OBUF[10]_inst_i_2_n_0
    SLICE_X43Y51         LUT5 (Prop_lut5_I0_O)        0.124     7.927 r  cpu_inst/fetch_inst/pc_inst/led_OBUF[15]_inst_i_3/O
                         net (fo=291, routed)         1.151     9.078    cpu_inst/fetch_inst/pc_inst/led_OBUF[0]
    SLICE_X41Y45         LUT5 (Prop_lut5_I2_O)        0.124     9.202 r  cpu_inst/fetch_inst/pc_inst/y0_carry_i_8/O
                         net (fo=1, routed)           0.000     9.202    cpu_inst/alu_inst/S[0]
    SLICE_X41Y45         CARRY4 (Prop_carry4_S[0]_O[2])
                                                      0.547     9.749 r  cpu_inst/alu_inst/y0_carry/O[2]
                         net (fo=1, routed)           0.351    10.100    cpu_inst/fetch_inst/pc_inst/regs_reg[1][2]_2
    SLICE_X40Y45         MUXF7 (Prop_muxf7_I1_O)      0.547    10.647 r  cpu_inst/fetch_inst/pc_inst/regs_reg[1][2]_i_4/O
                         net (fo=2156, routed)        1.704    12.351    cpu_inst/data_mem_inst/regs_reg[1][31]_i_67_1
    SLICE_X31Y20         LUT6 (Prop_lut6_I4_O)        0.298    12.649 r  cpu_inst/data_mem_inst/regs[1][12]_i_67/O
                         net (fo=1, routed)           0.000    12.649    cpu_inst/data_mem_inst/regs[1][12]_i_67_n_0
    SLICE_X31Y20         MUXF7 (Prop_muxf7_I1_O)      0.245    12.894 r  cpu_inst/data_mem_inst/regs_reg[1][12]_i_30/O
                         net (fo=1, routed)           0.000    12.894    cpu_inst/data_mem_inst/regs_reg[1][12]_i_30_n_0
    SLICE_X31Y20         MUXF8 (Prop_muxf8_I0_O)      0.104    12.998 r  cpu_inst/data_mem_inst/regs_reg[1][12]_i_12/O
                         net (fo=1, routed)           1.468    14.467    cpu_inst/data_mem_inst/regs_reg[1][12]_i_12_n_0
    SLICE_X36Y42         LUT6 (Prop_lut6_I3_O)        0.316    14.783 r  cpu_inst/data_mem_inst/regs[1][12]_i_5/O
                         net (fo=1, routed)           0.000    14.783    cpu_inst/data_mem_inst/regs[1][12]_i_5_n_0
    SLICE_X36Y42         MUXF7 (Prop_muxf7_I0_O)      0.212    14.995 r  cpu_inst/data_mem_inst/regs_reg[1][12]_i_2/O
                         net (fo=1, routed)           0.794    15.788    cpu_inst/fetch_inst/pc_inst/regs_reg[1][12]
    SLICE_X39Y42         LUT6 (Prop_lut6_I1_O)        0.299    16.087 r  cpu_inst/fetch_inst/pc_inst/regs[1][12]_i_1/O
                         net (fo=2, routed)           0.331    16.418    cpu_inst/reg_file_inst/regs_reg[1][31]_1[12]
    SLICE_X39Y41         FDRE                                         r  cpu_inst/reg_file_inst/regs_reg[2][12]/D
  -------------------------------------------------------------------    -------------------

                         (clock sys_clk_pin rise edge)
                                                     10.000    10.000 r  <hidden>
                         propagated clock network latency
                                                      4.785    14.785    <hidden>
                         clock pessimism              0.180    14.965    <hidden>
                         clock uncertainty           -0.035    14.930    <hidden>
    SLICE_X39Y41         FDRE (Setup_fdre_C_D)       -0.062    14.868    cpu_inst/reg_file_inst/regs_reg[2][12]
  -------------------------------------------------------------------
                         required time                         14.868    <hidden>
                         arrival time                         -16.418    <hidden>
  -------------------------------------------------------------------
                         slack                                 -1.551    <hidden>

Slack (VIOLATED) :        -1.544ns  (required time - arrival time)
  Source:                 cpu_inst/fetch_inst/pc_inst/pc_reg[30]/C
                            (rising edge-triggered cell FDRE clocked by sys_clk_pin  {rise@0.000ns fall@5.000ns period=10.000ns})
  Destination:            cpu_inst/reg_file_inst/regs_reg[2][6]/D
                            (rising edge-triggered cell FDRE clocked by sys_clk_pin  {rise@0.000ns fall@5.000ns period=10.000ns})
  Path Group:             sys_clk_pin
  Path Type:              Setup (Max at Slow Process Corner)
  Requirement:            10.000ns  (sys_clk_pin rise@10.000ns - sys_clk_pin rise@0.000ns)
  Data Path Delay:        11.365ns  (logic 3.508ns (30.867%)  route 7.857ns (69.133%))
  Logic Levels:           12  (CARRY4=1 LUT5=3 LUT6=4 MUXF7=3 MUXF8=1)
  Clock Path Skew:        -0.104ns (DCD - SCD + CPR)
    Destination Clock Delay (DCD):    4.792ns = ( 14.792 - 10.000 ) 
    Source Clock Delay      (SCD):    5.076ns
    Clock Pessimism Removal (CPR):    0.180ns
  Clock Uncertainty:      0.035ns  ((TSJ^2 + TIJ^2)^1/2 + DJ) / 2 + PE
    Total System Jitter     (TSJ):    0.071ns
    Total Input Jitter      (TIJ):    0.000ns
    Discrete Jitter          (DJ):    0.000ns
    Phase Error              (PE):    0.000ns

    Location             Delay type                Incr(ns)  Path(ns)    Netlist Resource(s)
  -------------------------------------------------------------------    -------------------
                         (clock sys_clk_pin rise edge)
                                                      0.000     0.000 r  <hidden>
                         propagated clock network latency
                                                      5.076     5.076    <hidden>
    SLICE_X44Y53         FDRE                         0.000     5.076 r  cpu_inst/fetch_inst/pc_inst/pc_reg[30]/C
    SLICE_X44Y53         FDRE (Prop_fdre_C_Q)         0.456     5.532 f  cpu_inst/fetch_inst/pc_inst/pc_reg[30]/Q
                         net (fo=3, routed)           0.810     6.342    cpu_inst/fetch_inst/pc_inst/pc_reg[30]
    SLICE_X45Y52         LUT6 (Prop_lut6_I1_O)        0.124     6.466 f  cpu_inst/fetch_inst/pc_inst/led_OBUF[10]_inst_i_3/O
                         net (fo=1, routed)           0.797     7.263    cpu_inst/fetch_inst/pc_inst/led_OBUF[10]_inst_i_3_n_0
    SLICE_X45Y51         LUT5 (Prop_lut5_I0_O)        0.124     7.387 f  cpu_inst/fetch_inst/pc_inst/led_OBUF[10]_inst_i_2/O
                         net (fo=32, routed)          0.416     7.803    cpu_inst/fetch_inst/pc_inst/led_OBUF[10]_inst_i_2_n_0
    SLICE_X43Y51         LUT5 (Prop_lut5_I0_O)        0.124     7.927 r  cpu_inst/fetch_inst/pc_inst/led_OBUF[15]_inst_i_3/O
                         net (fo=291, routed)         1.151     9.078    cpu_inst/fetch_inst/pc_inst/led_OBUF[0]
    SLICE_X41Y45         LUT5 (Prop_lut5_I2_O)        0.124     9.202 r  cpu_inst/fetch_inst/pc_inst/y0_carry_i_8/O
                         net (fo=1, routed)           0.000     9.202    cpu_inst/alu_inst/S[0]
    SLICE_X41Y45         CARRY4 (Prop_carry4_S[0]_O[2])
                                                      0.547     9.749 r  cpu_inst/alu_inst/y0_carry/O[2]
                         net (fo=1, routed)           0.351    10.100    cpu_inst/fetch_inst/pc_inst/regs_reg[1][2]_2
    SLICE_X40Y45         MUXF7 (Prop_muxf7_I1_O)      0.547    10.647 r  cpu_inst/fetch_inst/pc_inst/regs_reg[1][2]_i_4/O
                         net (fo=2156, routed)        1.998    12.645    cpu_inst/data_mem_inst/regs_reg[1][31]_i_67_1
    SLICE_X56Y56         LUT6 (Prop_lut6_I4_O)        0.298    12.943 r  cpu_inst/data_mem_inst/regs[1][6]_i_122/O
                         net (fo=1, routed)           0.000    12.943    cpu_inst/data_mem_inst/regs[1][6]_i_122_n_0
    SLICE_X56Y56         MUXF7 (Prop_muxf7_I1_O)      0.214    13.157 r  cpu_inst/data_mem_inst/regs_reg[1][6]_i_58/O
                         net (fo=1, routed)           0.000    13.157    cpu_inst/data_mem_inst/regs_reg[1][6]_i_58_n_0
    SLICE_X56Y56         MUXF8 (Prop_muxf8_I1_O)      0.088    13.245 r  cpu_inst/data_mem_inst/regs_reg[1][6]_i_25/O
                         net (fo=1, routed)           1.368    14.613    cpu_inst/data_mem_inst/regs_reg[1][6]_i_25_n_0
    SLICE_X51Y46         LUT6 (Prop_lut6_I5_O)        0.319    14.932 r  cpu_inst/data_mem_inst/regs[1][6]_i_8/O
                         net (fo=1, routed)           0.000    14.932    cpu_inst/data_mem_inst/regs[1][6]_i_8_n_0
    SLICE_X51Y46         MUXF7 (Prop_muxf7_I1_O)      0.245    15.177 r  cpu_inst/data_mem_inst/regs_reg[1][6]_i_3/O
                         net (fo=1, routed)           0.622    15.799    cpu_inst/fetch_inst/pc_inst/regs_reg[1][6]_1
    SLICE_X51Y45         LUT6 (Prop_lut6_I3_O)        0.298    16.097 r  cpu_inst/fetch_inst/pc_inst/regs[1][6]_i_1/O
                         net (fo=2, routed)           0.344    16.441    cpu_inst/reg_file_inst/regs_reg[1][31]_1[6]
    SLICE_X48Y45         FDRE                                         r  cpu_inst/reg_file_inst/regs_reg[2][6]/D
  -------------------------------------------------------------------    -------------------

                         (clock sys_clk_pin rise edge)
                                                     10.000    10.000 r  <hidden>
                         propagated clock network latency
                                                      4.792    14.792    <hidden>
                         clock pessimism              0.180    14.972    <hidden>
                         clock uncertainty           -0.035    14.937    <hidden>
    SLICE_X48Y45         FDRE (Setup_fdre_C_D)       -0.040    14.897    cpu_inst/reg_file_inst/regs_reg[2][6]
  -------------------------------------------------------------------
                         required time                         14.897    <hidden>
                         arrival time                         -16.441    <hidden>
  -------------------------------------------------------------------
                         slack                                 -1.544    <hidden>

Slack (VIOLATED) :        -1.524ns  (required time - arrival time)
  Source:                 cpu_inst/fetch_inst/pc_inst/pc_reg[30]/C
                            (rising edge-triggered cell FDRE clocked by sys_clk_pin  {rise@0.000ns fall@5.000ns period=10.000ns})
  Destination:            cpu_inst/reg_file_inst/regs_reg[1][23]/D
                            (rising edge-triggered cell FDRE clocked by sys_clk_pin  {rise@0.000ns fall@5.000ns period=10.000ns})
  Path Group:             sys_clk_pin
  Path Type:              Setup (Max at Slow Process Corner)
  Requirement:            10.000ns  (sys_clk_pin rise@10.000ns - sys_clk_pin rise@0.000ns)
  Data Path Delay:        11.301ns  (logic 3.588ns (31.749%)  route 7.713ns (68.251%))
  Logic Levels:           12  (CARRY4=1 LUT5=3 LUT6=4 MUXF7=3 MUXF8=1)
  Clock Path Skew:        -0.107ns (DCD - SCD + CPR)
    Destination Clock Delay (DCD):    4.789ns = ( 14.789 - 10.000 ) 
    Source Clock Delay      (SCD):    5.076ns
    Clock Pessimism Removal (CPR):    0.180ns
  Clock Uncertainty:      0.035ns  ((TSJ^2 + TIJ^2)^1/2 + DJ) / 2 + PE
    Total System Jitter     (TSJ):    0.071ns
    Total Input Jitter      (TIJ):    0.000ns
    Discrete Jitter          (DJ):    0.000ns
    Phase Error              (PE):    0.000ns

    Location             Delay type                Incr(ns)  Path(ns)    Netlist Resource(s)
  -------------------------------------------------------------------    -------------------
                         (clock sys_clk_pin rise edge)
                                                      0.000     0.000 r  <hidden>
                         propagated clock network latency
                                                      5.076     5.076    <hidden>
    SLICE_X44Y53         FDRE                         0.000     5.076 r  cpu_inst/fetch_inst/pc_inst/pc_reg[30]/C
    SLICE_X44Y53         FDRE (Prop_fdre_C_Q)         0.456     5.532 f  cpu_inst/fetch_inst/pc_inst/pc_reg[30]/Q
                         net (fo=3, routed)           0.810     6.342    cpu_inst/fetch_inst/pc_inst/pc_reg[30]
    SLICE_X45Y52         LUT6 (Prop_lut6_I1_O)        0.124     6.466 f  cpu_inst/fetch_inst/pc_inst/led_OBUF[10]_inst_i_3/O
                         net (fo=1, routed)           0.797     7.263    cpu_inst/fetch_inst/pc_inst/led_OBUF[10]_inst_i_3_n_0
    SLICE_X45Y51         LUT5 (Prop_lut5_I0_O)        0.124     7.387 f  cpu_inst/fetch_inst/pc_inst/led_OBUF[10]_inst_i_2/O
                         net (fo=32, routed)          0.416     7.803    cpu_inst/fetch_inst/pc_inst/led_OBUF[10]_inst_i_2_n_0
    SLICE_X43Y51         LUT5 (Prop_lut5_I0_O)        0.124     7.927 r  cpu_inst/fetch_inst/pc_inst/led_OBUF[15]_inst_i_3/O
                         net (fo=291, routed)         1.151     9.078    cpu_inst/fetch_inst/pc_inst/led_OBUF[0]
    SLICE_X41Y45         LUT5 (Prop_lut5_I2_O)        0.124     9.202 r  cpu_inst/fetch_inst/pc_inst/y0_carry_i_8/O
                         net (fo=1, routed)           0.000     9.202    cpu_inst/alu_inst/S[0]
    SLICE_X41Y45         CARRY4 (Prop_carry4_S[0]_O[3])
                                                      0.606     9.808 r  cpu_inst/alu_inst/y0_carry/O[3]
                         net (fo=1, routed)           0.313    10.121    cpu_inst/fetch_inst/pc_inst/regs_reg[1][3]_3
    SLICE_X39Y44         MUXF7 (Prop_muxf7_I1_O)      0.551    10.672 r  cpu_inst/fetch_inst/pc_inst/regs_reg[1][3]_i_4/O
                         net (fo=2164, routed)        1.987    12.659    cpu_inst/data_mem_inst/regs_reg[1][31]_i_67_0
    SLICE_X58Y55         LUT6 (Prop_lut6_I2_O)        0.298    12.957 r  cpu_inst/data_mem_inst/regs[1][23]_i_121/O
                         net (fo=1, routed)           0.000    12.957    cpu_inst/data_mem_inst/regs[1][23]_i_121_n_0
    SLICE_X58Y55         MUXF7 (Prop_muxf7_I1_O)      0.245    13.202 r  cpu_inst/data_mem_inst/regs_reg[1][23]_i_57/O
                         net (fo=1, routed)           0.000    13.202    cpu_inst/data_mem_inst/regs_reg[1][23]_i_57_n_0
    SLICE_X58Y55         MUXF8 (Prop_muxf8_I0_O)      0.104    13.306 r  cpu_inst/data_mem_inst/regs_reg[1][23]_i_25/O
                         net (fo=1, routed)           1.209    14.515    cpu_inst/data_mem_inst/regs_reg[1][23]_i_25_n_0
    SLICE_X47Y45         LUT6 (Prop_lut6_I5_O)        0.316    14.831 r  cpu_inst/data_mem_inst/regs[1][23]_i_8/O
                         net (fo=1, routed)           0.000    14.831    cpu_inst/data_mem_inst/regs[1][23]_i_8_n_0
    SLICE_X47Y45         MUXF7 (Prop_muxf7_I1_O)      0.217    15.048 r  cpu_inst/data_mem_inst/regs_reg[1][23]_i_3/O
                         net (fo=1, routed)           0.688    15.735    cpu_inst/fetch_inst/pc_inst/regs_reg[1][23]_0
    SLICE_X47Y45         LUT6 (Prop_lut6_I3_O)        0.299    16.034 r  cpu_inst/fetch_inst/pc_inst/regs[1][23]_i_1/O
                         net (fo=2, routed)           0.343    16.377    cpu_inst/reg_file_inst/regs_reg[1][31]_1[23]
    SLICE_X47Y46         FDRE                                         r  cpu_inst/reg_file_inst/regs_reg[1][23]/D
  -------------------------------------------------------------------    -------------------

                         (clock sys_clk_pin rise edge)
                                                     10.000    10.000 r  <hidden>
                         propagated clock network latency
                                                      4.789    14.789    <hidden>
                         clock pessimism              0.180    14.969    <hidden>
                         clock uncertainty           -0.035    14.934    <hidden>
    SLICE_X47Y46         FDRE (Setup_fdre_C_D)       -0.081    14.853    cpu_inst/reg_file_inst/regs_reg[1][23]
  -------------------------------------------------------------------
                         required time                         14.853    <hidden>
                         arrival time                         -16.377    <hidden>
  -------------------------------------------------------------------
                         slack                                 -1.524    <hidden>

Slack (VIOLATED) :        -1.499ns  (required time - arrival time)
  Source:                 cpu_inst/fetch_inst/pc_inst/pc_reg[30]/C
                            (rising edge-triggered cell FDRE clocked by sys_clk_pin  {rise@0.000ns fall@5.000ns period=10.000ns})
  Destination:            cpu_inst/reg_file_inst/regs_reg[2][13]/D
                            (rising edge-triggered cell FDRE clocked by sys_clk_pin  {rise@0.000ns fall@5.000ns period=10.000ns})
  Path Group:             sys_clk_pin
  Path Type:              Setup (Max at Slow Process Corner)
  Requirement:            10.000ns  (sys_clk_pin rise@10.000ns - sys_clk_pin rise@0.000ns)
  Data Path Delay:        11.316ns  (logic 3.570ns (31.549%)  route 7.746ns (68.451%))
  Logic Levels:           12  (CARRY4=1 LUT5=3 LUT6=4 MUXF7=3 MUXF8=1)
  Clock Path Skew:        -0.108ns (DCD - SCD + CPR)
    Destination Clock Delay (DCD):    4.788ns = ( 14.788 - 10.000 ) 
    Source Clock Delay      (SCD):    5.076ns
    Clock Pessimism Removal (CPR):    0.180ns
  Clock Uncertainty:      0.035ns  ((TSJ^2 + TIJ^2)^1/2 + DJ) / 2 + PE
    Total System Jitter     (TSJ):    0.071ns
    Total Input Jitter      (TIJ):    0.000ns
    Discrete Jitter          (DJ):    0.000ns
    Phase Error              (PE):    0.000ns

    Location             Delay type                Incr(ns)  Path(ns)    Netlist Resource(s)
  -------------------------------------------------------------------    -------------------
                         (clock sys_clk_pin rise edge)
                                                      0.000     0.000 r  <hidden>
                         propagated clock network latency
                                                      5.076     5.076    <hidden>
    SLICE_X44Y53         FDRE                         0.000     5.076 r  cpu_inst/fetch_inst/pc_inst/pc_reg[30]/C
    SLICE_X44Y53         FDRE (Prop_fdre_C_Q)         0.456     5.532 f  cpu_inst/fetch_inst/pc_inst/pc_reg[30]/Q
                         net (fo=3, routed)           0.810     6.342    cpu_inst/fetch_inst/pc_inst/pc_reg[30]
    SLICE_X45Y52         LUT6 (Prop_lut6_I1_O)        0.124     6.466 f  cpu_inst/fetch_inst/pc_inst/led_OBUF[10]_inst_i_3/O
                         net (fo=1, routed)           0.797     7.263    cpu_inst/fetch_inst/pc_inst/led_OBUF[10]_inst_i_3_n_0
    SLICE_X45Y51         LUT5 (Prop_lut5_I0_O)        0.124     7.387 f  cpu_inst/fetch_inst/pc_inst/led_OBUF[10]_inst_i_2/O
                         net (fo=32, routed)          0.416     7.803    cpu_inst/fetch_inst/pc_inst/led_OBUF[10]_inst_i_2_n_0
    SLICE_X43Y51         LUT5 (Prop_lut5_I0_O)        0.124     7.927 r  cpu_inst/fetch_inst/pc_inst/led_OBUF[15]_inst_i_3/O
                         net (fo=291, routed)         1.151     9.078    cpu_inst/fetch_inst/pc_inst/led_OBUF[0]
    SLICE_X41Y45         LUT5 (Prop_lut5_I2_O)        0.124     9.202 r  cpu_inst/fetch_inst/pc_inst/y0_carry_i_8/O
                         net (fo=1, routed)           0.000     9.202    cpu_inst/alu_inst/S[0]
    SLICE_X41Y45         CARRY4 (Prop_carry4_S[0]_O[3])
                                                      0.606     9.808 r  cpu_inst/alu_inst/y0_carry/O[3]
                         net (fo=1, routed)           0.313    10.121    cpu_inst/fetch_inst/pc_inst/regs_reg[1][3]_3
    SLICE_X39Y44         MUXF7 (Prop_muxf7_I1_O)      0.551    10.672 r  cpu_inst/fetch_inst/pc_inst/regs_reg[1][3]_i_4/O
                         net (fo=2164, routed)        1.955    12.627    cpu_inst/data_mem_inst/regs_reg[1][31]_i_67_0
    SLICE_X57Y26         LUT6 (Prop_lut6_I2_O)        0.298    12.925 r  cpu_inst/data_mem_inst/regs[1][13]_i_105/O
                         net (fo=1, routed)           0.000    12.925    cpu_inst/data_mem_inst/regs[1][13]_i_105_n_0
    SLICE_X57Y26         MUXF7 (Prop_muxf7_I1_O)      0.217    13.142 r  cpu_inst/data_mem_inst/regs_reg[1][13]_i_49/O
                         net (fo=1, routed)           0.000    13.142    cpu_inst/data_mem_inst/regs_reg[1][13]_i_49_n_0
    SLICE_X57Y26         MUXF8 (Prop_muxf8_I1_O)      0.094    13.236 r  cpu_inst/data_mem_inst/regs_reg[1][13]_i_21/O
                         net (fo=1, routed)           1.091    14.328    cpu_inst/data_mem_inst/regs_reg[1][13]_i_21_n_0
    SLICE_X44Y42         LUT6 (Prop_lut6_I5_O)        0.316    14.644 r  cpu_inst/data_mem_inst/regs[1][13]_i_7/O
                         net (fo=1, routed)           0.000    14.644    cpu_inst/data_mem_inst/regs[1][13]_i_7_n_0
    SLICE_X44Y42         MUXF7 (Prop_muxf7_I0_O)      0.238    14.882 r  cpu_inst/data_mem_inst/regs_reg[1][13]_i_3/O
                         net (fo=1, routed)           0.563    15.445    cpu_inst/fetch_inst/pc_inst/regs_reg[1][13]_1
    SLICE_X44Y45         LUT6 (Prop_lut6_I3_O)        0.298    15.743 r  cpu_inst/fetch_inst/pc_inst/regs[1][13]_i_1/O
                         net (fo=2, routed)           0.649    16.392    cpu_inst/reg_file_inst/regs_reg[1][31]_1[13]
    SLICE_X43Y45         FDRE                                         r  cpu_inst/reg_file_inst/regs_reg[2][13]/D
  -------------------------------------------------------------------    -------------------

                         (clock sys_clk_pin rise edge)
                                                     10.000    10.000 r  <hidden>
                         propagated clock network latency
                                                      4.788    14.788    <hidden>
                         clock pessimism              0.180    14.968    <hidden>
                         clock uncertainty           -0.035    14.933    <hidden>
    SLICE_X43Y45         FDRE (Setup_fdre_C_D)       -0.040    14.893    cpu_inst/reg_file_inst/regs_reg[2][13]
  -------------------------------------------------------------------
                         required time                         14.893    <hidden>
                         arrival time                         -16.392    <hidden>
  -------------------------------------------------------------------
                         slack                                 -1.499    <hidden>

Slack (VIOLATED) :        -1.483ns  (required time - arrival time)
  Source:                 cpu_inst/fetch_inst/pc_inst/pc_reg[30]/C
                            (rising edge-triggered cell FDRE clocked by sys_clk_pin  {rise@0.000ns fall@5.000ns period=10.000ns})
  Destination:            cpu_inst/reg_file_inst/regs_reg[2][23]/D
                            (rising edge-triggered cell FDRE clocked by sys_clk_pin  {rise@0.000ns fall@5.000ns period=10.000ns})
  Path Group:             sys_clk_pin
  Path Type:              Setup (Max at Slow Process Corner)
  Requirement:            10.000ns  (sys_clk_pin rise@10.000ns - sys_clk_pin rise@0.000ns)
  Data Path Delay:        11.301ns  (logic 3.588ns (31.749%)  route 7.713ns (68.251%))
  Logic Levels:           12  (CARRY4=1 LUT5=3 LUT6=4 MUXF7=3 MUXF8=1)
  Clock Path Skew:        -0.107ns (DCD - SCD + CPR)
    Destination Clock Delay (DCD):    4.789ns = ( 14.789 - 10.000 ) 
    Source Clock Delay      (SCD):    5.076ns
    Clock Pessimism Removal (CPR):    0.180ns
  Clock Uncertainty:      0.035ns  ((TSJ^2 + TIJ^2)^1/2 + DJ) / 2 + PE
    Total System Jitter     (TSJ):    0.071ns
    Total Input Jitter      (TIJ):    0.000ns
    Discrete Jitter          (DJ):    0.000ns
    Phase Error              (PE):    0.000ns

    Location             Delay type                Incr(ns)  Path(ns)    Netlist Resource(s)
  -------------------------------------------------------------------    -------------------
                         (clock sys_clk_pin rise edge)
                                                      0.000     0.000 r  <hidden>
                         propagated clock network latency
                                                      5.076     5.076    <hidden>
    SLICE_X44Y53         FDRE                         0.000     5.076 r  cpu_inst/fetch_inst/pc_inst/pc_reg[30]/C
    SLICE_X44Y53         FDRE (Prop_fdre_C_Q)         0.456     5.532 f  cpu_inst/fetch_inst/pc_inst/pc_reg[30]/Q
                         net (fo=3, routed)           0.810     6.342    cpu_inst/fetch_inst/pc_inst/pc_reg[30]
    SLICE_X45Y52         LUT6 (Prop_lut6_I1_O)        0.124     6.466 f  cpu_inst/fetch_inst/pc_inst/led_OBUF[10]_inst_i_3/O
                         net (fo=1, routed)           0.797     7.263    cpu_inst/fetch_inst/pc_inst/led_OBUF[10]_inst_i_3_n_0
    SLICE_X45Y51         LUT5 (Prop_lut5_I0_O)        0.124     7.387 f  cpu_inst/fetch_inst/pc_inst/led_OBUF[10]_inst_i_2/O
                         net (fo=32, routed)          0.416     7.803    cpu_inst/fetch_inst/pc_inst/led_OBUF[10]_inst_i_2_n_0
    SLICE_X43Y51         LUT5 (Prop_lut5_I0_O)        0.124     7.927 r  cpu_inst/fetch_inst/pc_inst/led_OBUF[15]_inst_i_3/O
                         net (fo=291, routed)         1.151     9.078    cpu_inst/fetch_inst/pc_inst/led_OBUF[0]
    SLICE_X41Y45         LUT5 (Prop_lut5_I2_O)        0.124     9.202 r  cpu_inst/fetch_inst/pc_inst/y0_carry_i_8/O
                         net (fo=1, routed)           0.000     9.202    cpu_inst/alu_inst/S[0]
    SLICE_X41Y45         CARRY4 (Prop_carry4_S[0]_O[3])
                                                      0.606     9.808 r  cpu_inst/alu_inst/y0_carry/O[3]
                         net (fo=1, routed)           0.313    10.121    cpu_inst/fetch_inst/pc_inst/regs_reg[1][3]_3
    SLICE_X39Y44         MUXF7 (Prop_muxf7_I1_O)      0.551    10.672 r  cpu_inst/fetch_inst/pc_inst/regs_reg[1][3]_i_4/O
                         net (fo=2164, routed)        1.987    12.659    cpu_inst/data_mem_inst/regs_reg[1][31]_i_67_0
    SLICE_X58Y55         LUT6 (Prop_lut6_I2_O)        0.298    12.957 r  cpu_inst/data_mem_inst/regs[1][23]_i_121/O
                         net (fo=1, routed)           0.000    12.957    cpu_inst/data_mem_inst/regs[1][23]_i_121_n_0
    SLICE_X58Y55         MUXF7 (Prop_muxf7_I1_O)      0.245    13.202 r  cpu_inst/data_mem_inst/regs_reg[1][23]_i_57/O
                         net (fo=1, routed)           0.000    13.202    cpu_inst/data_mem_inst/regs_reg[1][23]_i_57_n_0
    SLICE_X58Y55         MUXF8 (Prop_muxf8_I0_O)      0.104    13.306 r  cpu_inst/data_mem_inst/regs_reg[1][23]_i_25/O
                         net (fo=1, routed)           1.209    14.515    cpu_inst/data_mem_inst/regs_reg[1][23]_i_25_n_0
    SLICE_X47Y45         LUT6 (Prop_lut6_I5_O)        0.316    14.831 r  cpu_inst/data_mem_inst/regs[1][23]_i_8/O
                         net (fo=1, routed)           0.000    14.831    cpu_inst/data_mem_inst/regs[1][23]_i_8_n_0
    SLICE_X47Y45         MUXF7 (Prop_muxf7_I1_O)      0.217    15.048 r  cpu_inst/data_mem_inst/regs_reg[1][23]_i_3/O
                         net (fo=1, routed)           0.688    15.735    cpu_inst/fetch_inst/pc_inst/regs_reg[1][23]_0
    SLICE_X47Y45         LUT6 (Prop_lut6_I3_O)        0.299    16.034 r  cpu_inst/fetch_inst/pc_inst/regs[1][23]_i_1/O
                         net (fo=2, routed)           0.343    16.377    cpu_inst/reg_file_inst/regs_reg[1][31]_1[23]
    SLICE_X47Y44         FDRE                                         r  cpu_inst/reg_file_inst/regs_reg[2][23]/D
  -------------------------------------------------------------------    -------------------

                         (clock sys_clk_pin rise edge)
                                                     10.000    10.000 r  <hidden>
                         propagated clock network latency
                                                      4.789    14.789    <hidden>
                         clock pessimism              0.180    14.969    <hidden>
                         clock uncertainty           -0.035    14.934    <hidden>
    SLICE_X47Y44         FDRE (Setup_fdre_C_D)       -0.040    14.894    cpu_inst/reg_file_inst/regs_reg[2][23]
  -------------------------------------------------------------------
                         required time                         14.894    <hidden>
                         arrival time                         -16.377    <hidden>
  -------------------------------------------------------------------
                         slack                                 -1.483    <hidden>

Slack (VIOLATED) :        -1.477ns  (required time - arrival time)
  Source:                 cpu_inst/fetch_inst/pc_inst/pc_reg[30]/C
                            (rising edge-triggered cell FDRE clocked by sys_clk_pin  {rise@0.000ns fall@5.000ns period=10.000ns})
  Destination:            cpu_inst/reg_file_inst/regs_reg[2][30]/D
                            (rising edge-triggered cell FDRE clocked by sys_clk_pin  {rise@0.000ns fall@5.000ns period=10.000ns})
  Path Group:             sys_clk_pin
  Path Type:              Setup (Max at Slow Process Corner)
  Requirement:            10.000ns  (sys_clk_pin rise@10.000ns - sys_clk_pin rise@0.000ns)
  Data Path Delay:        11.255ns  (logic 3.583ns (31.835%)  route 7.672ns (68.165%))
  Logic Levels:           12  (CARRY4=1 LUT5=3 LUT6=4 MUXF7=3 MUXF8=1)
  Clock Path Skew:        -0.106ns (DCD - SCD + CPR)
    Destination Clock Delay (DCD):    4.790ns = ( 14.790 - 10.000 ) 
    Source Clock Delay      (SCD):    5.076ns
    Clock Pessimism Removal (CPR):    0.180ns
  Clock Uncertainty:      0.035ns  ((TSJ^2 + TIJ^2)^1/2 + DJ) / 2 + PE
    Total System Jitter     (TSJ):    0.071ns
    Total Input Jitter      (TIJ):    0.000ns
    Discrete Jitter          (DJ):    0.000ns
    Phase Error              (PE):    0.000ns

    Location             Delay type                Incr(ns)  Path(ns)    Netlist Resource(s)
  -------------------------------------------------------------------    -------------------
                         (clock sys_clk_pin rise edge)
                                                      0.000     0.000 r  <hidden>
                         propagated clock network latency
                                                      5.076     5.076    <hidden>
    SLICE_X44Y53         FDRE                         0.000     5.076 r  cpu_inst/fetch_inst/pc_inst/pc_reg[30]/C
    SLICE_X44Y53         FDRE (Prop_fdre_C_Q)         0.456     5.532 f  cpu_inst/fetch_inst/pc_inst/pc_reg[30]/Q
                         net (fo=3, routed)           0.810     6.342    cpu_inst/fetch_inst/pc_inst/pc_reg[30]
    SLICE_X45Y52         LUT6 (Prop_lut6_I1_O)        0.124     6.466 f  cpu_inst/fetch_inst/pc_inst/led_OBUF[10]_inst_i_3/O
                         net (fo=1, routed)           0.797     7.263    cpu_inst/fetch_inst/pc_inst/led_OBUF[10]_inst_i_3_n_0
    SLICE_X45Y51         LUT5 (Prop_lut5_I0_O)        0.124     7.387 f  cpu_inst/fetch_inst/pc_inst/led_OBUF[10]_inst_i_2/O
                         net (fo=32, routed)          0.416     7.803    cpu_inst/fetch_inst/pc_inst/led_OBUF[10]_inst_i_2_n_0
    SLICE_X43Y51         LUT5 (Prop_lut5_I0_O)        0.124     7.927 r  cpu_inst/fetch_inst/pc_inst/led_OBUF[15]_inst_i_3/O
                         net (fo=291, routed)         1.151     9.078    cpu_inst/fetch_inst/pc_inst/led_OBUF[0]
    SLICE_X41Y45         LUT5 (Prop_lut5_I2_O)        0.124     9.202 r  cpu_inst/fetch_inst/pc_inst/y0_carry_i_8/O
                         net (fo=1, routed)           0.000     9.202    cpu_inst/alu_inst/S[0]
    SLICE_X41Y45         CARRY4 (Prop_carry4_S[0]_O[3])
                                                      0.606     9.808 r  cpu_inst/alu_inst/y0_carry/O[3]
                         net (fo=1, routed)           0.313    10.121    cpu_inst/fetch_inst/pc_inst/regs_reg[1][3]_3
    SLICE_X39Y44         MUXF7 (Prop_muxf7_I1_O)      0.551    10.672 r  cpu_inst/fetch_inst/pc_inst/regs_reg[1][3]_i_4/O
                         net (fo=2164, routed)        1.913    12.585    cpu_inst/data_mem_inst/regs_reg[1][31]_i_67_0
    SLICE_X53Y25         LUT6 (Prop_lut6_I2_O)        0.298    12.883 r  cpu_inst/data_mem_inst/regs[1][30]_i_103/O
                         net (fo=1, routed)           0.000    12.883    cpu_inst/data_mem_inst/regs[1][30]_i_103_n_0
    SLICE_X53Y25         MUXF7 (Prop_muxf7_I1_O)      0.245    13.128 r  cpu_inst/data_mem_inst/regs_reg[1][30]_i_48/O
                         net (fo=1, routed)           0.000    13.128    cpu_inst/data_mem_inst/regs_reg[1][30]_i_48_n_0
    SLICE_X53Y25         MUXF8 (Prop_muxf8_I0_O)      0.104    13.232 r  cpu_inst/data_mem_inst/regs_reg[1][30]_i_21/O
                         net (fo=1, routed)           1.211    14.443    cpu_inst/data_mem_inst/regs_reg[1][30]_i_21_n_0
    SLICE_X47Y48         LUT6 (Prop_lut6_I5_O)        0.316    14.759 r  cpu_inst/data_mem_inst/regs[1][30]_i_7/O
                         net (fo=1, routed)           0.000    14.759    cpu_inst/data_mem_inst/regs[1][30]_i_7_n_0
    SLICE_X47Y48         MUXF7 (Prop_muxf7_I0_O)      0.212    14.971 r  cpu_inst/data_mem_inst/regs_reg[1][30]_i_3/O
                         net (fo=1, routed)           0.433    15.404    cpu_inst/fetch_inst/pc_inst/regs_reg[1][30]_1
    SLICE_X47Y48         LUT6 (Prop_lut6_I3_O)        0.299    15.703 r  cpu_inst/fetch_inst/pc_inst/regs[1][30]_i_1/O
                         net (fo=2, routed)           0.628    16.331    cpu_inst/reg_file_inst/regs_reg[1][31]_1[30]
    SLICE_X47Y48         FDRE                                         r  cpu_inst/reg_file_inst/regs_reg[2][30]/D
  -------------------------------------------------------------------    -------------------

                         (clock sys_clk_pin rise edge)
                                                     10.000    10.000 r  <hidden>
                         propagated clock network latency
                                                      4.790    14.790    <hidden>
                         clock pessimism              0.180    14.970    <hidden>
                         clock uncertainty           -0.035    14.935    <hidden>
    SLICE_X47Y48         FDRE (Setup_fdre_C_D)       -0.081    14.854    cpu_inst/reg_file_inst/regs_reg[2][30]
  -------------------------------------------------------------------
                         required time                         14.854    <hidden>
                         arrival time                         -16.331    <hidden>
  -------------------------------------------------------------------
                         slack                                 -1.477    <hidden>

Slack (VIOLATED) :        -1.451ns  (required time - arrival time)
  Source:                 cpu_inst/fetch_inst/pc_inst/pc_reg[30]/C
                            (rising edge-triggered cell FDRE clocked by sys_clk_pin  {rise@0.000ns fall@5.000ns period=10.000ns})
  Destination:            cpu_inst/reg_file_inst/regs_reg[1][19]/D
                            (rising edge-triggered cell FDRE clocked by sys_clk_pin  {rise@0.000ns fall@5.000ns period=10.000ns})
  Path Group:             sys_clk_pin
  Path Type:              Setup (Max at Slow Process Corner)
  Requirement:            10.000ns  (sys_clk_pin rise@10.000ns - sys_clk_pin rise@0.000ns)
  Data Path Delay:        11.231ns  (logic 3.607ns (32.115%)  route 7.624ns (67.885%))
  Logic Levels:           12  (CARRY4=1 LUT5=3 LUT6=4 MUXF7=3 MUXF8=1)
  Clock Path Skew:        -0.104ns (DCD - SCD + CPR)
    Destination Clock Delay (DCD):    4.792ns = ( 14.792 - 10.000 ) 
    Source Clock Delay      (SCD):    5.076ns
    Clock Pessimism Removal (CPR):    0.180ns
  Clock Uncertainty:      0.035ns  ((TSJ^2 + TIJ^2)^1/2 + DJ) / 2 + PE
    Total System Jitter     (TSJ):    0.071ns
    Total Input Jitter      (TIJ):    0.000ns
    Discrete Jitter          (DJ):    0.000ns
    Phase Error              (PE):    0.000ns

    Location             Delay type                Incr(ns)  Path(ns)    Netlist Resource(s)
  -------------------------------------------------------------------    -------------------
                         (clock sys_clk_pin rise edge)
                                                      0.000     0.000 r  <hidden>
                         propagated clock network latency
                                                      5.076     5.076    <hidden>
    SLICE_X44Y53         FDRE                         0.000     5.076 r  cpu_inst/fetch_inst/pc_inst/pc_reg[30]/C
    SLICE_X44Y53         FDRE (Prop_fdre_C_Q)         0.456     5.532 f  cpu_inst/fetch_inst/pc_inst/pc_reg[30]/Q
                         net (fo=3, routed)           0.810     6.342    cpu_inst/fetch_inst/pc_inst/pc_reg[30]
    SLICE_X45Y52         LUT6 (Prop_lut6_I1_O)        0.124     6.466 f  cpu_inst/fetch_inst/pc_inst/led_OBUF[10]_inst_i_3/O
                         net (fo=1, routed)           0.797     7.263    cpu_inst/fetch_inst/pc_inst/led_OBUF[10]_inst_i_3_n_0
    SLICE_X45Y51         LUT5 (Prop_lut5_I0_O)        0.124     7.387 f  cpu_inst/fetch_inst/pc_inst/led_OBUF[10]_inst_i_2/O
                         net (fo=32, routed)          0.416     7.803    cpu_inst/fetch_inst/pc_inst/led_OBUF[10]_inst_i_2_n_0
    SLICE_X43Y51         LUT5 (Prop_lut5_I0_O)        0.124     7.927 r  cpu_inst/fetch_inst/pc_inst/led_OBUF[15]_inst_i_3/O
                         net (fo=291, routed)         1.151     9.078    cpu_inst/fetch_inst/pc_inst/led_OBUF[0]
    SLICE_X41Y45         LUT5 (Prop_lut5_I2_O)        0.124     9.202 r  cpu_inst/fetch_inst/pc_inst/y0_carry_i_8/O
                         net (fo=1, routed)           0.000     9.202    cpu_inst/alu_inst/S[0]
    SLICE_X41Y45         CARRY4 (Prop_carry4_S[0]_O[3])
                                                      0.606     9.808 r  cpu_inst/alu_inst/y0_carry/O[3]
                         net (fo=1, routed)           0.313    10.121    cpu_inst/fetch_inst/pc_inst/regs_reg[1][3]_3
    SLICE_X39Y44         MUXF7 (Prop_muxf7_I1_O)      0.551    10.672 r  cpu_inst/fetch_inst/pc_inst/regs_reg[1][3]_i_4/O
                         net (fo=2164, routed)        1.995    12.667    cpu_inst/data_mem_inst/regs_reg[1][31]_i_67_0
    SLICE_X60Y35         LUT6 (Prop_lut6_I2_O)        0.298    12.965 r  cpu_inst/data_mem_inst/regs[1][19]_i_91/O
                         net (fo=1, routed)           0.000    12.965    cpu_inst/data_mem_inst/regs[1][19]_i_91_n_0
    SLICE_X60Y35         MUXF7 (Prop_muxf7_I1_O)      0.247    13.212 r  cpu_inst/data_mem_inst/regs_reg[1][19]_i_42/O
                         net (fo=1, routed)           0.000    13.212    cpu_inst/data_mem_inst/regs_reg[1][19]_i_42_n_0
    SLICE_X60Y35         MUXF8 (Prop_muxf8_I0_O)      0.098    13.310 r  cpu_inst/data_mem_inst/regs_reg[1][19]_i_18/O
                         net (fo=1, routed)           1.071    14.381    cpu_inst/data_mem_inst/regs_reg[1][19]_i_18_n_0
    SLICE_X48Y43         LUT6 (Prop_lut6_I0_O)        0.319    14.700 r  cpu_inst/data_mem_inst/regs[1][19]_i_7/O
                         net (fo=1, routed)           0.000    14.700    cpu_inst/data_mem_inst/regs[1][19]_i_7_n_0
    SLICE_X48Y43         MUXF7 (Prop_muxf7_I0_O)      0.238    14.938 r  cpu_inst/data_mem_inst/regs_reg[1][19]_i_3/O
                         net (fo=1, routed)           0.444    15.382    cpu_inst/fetch_inst/pc_inst/regs_reg[1][19]_0
    SLICE_X48Y44         LUT6 (Prop_lut6_I3_O)        0.298    15.680 r  cpu_inst/fetch_inst/pc_inst/regs[1][19]_i_1/O
                         net (fo=2, routed)           0.628    16.307    cpu_inst/reg_file_inst/regs_reg[1][31]_1[19]
    SLICE_X48Y44         FDRE                                         r  cpu_inst/reg_file_inst/regs_reg[1][19]/D
  -------------------------------------------------------------------    -------------------

                         (clock sys_clk_pin rise edge)
                                                     10.000    10.000 r  <hidden>
                         propagated clock network latency
                                                      4.792    14.792    <hidden>
                         clock pessimism              0.180    14.972    <hidden>
                         clock uncertainty           -0.035    14.937    <hidden>
    SLICE_X48Y44         FDRE (Setup_fdre_C_D)       -0.081    14.856    cpu_inst/reg_file_inst/regs_reg[1][19]
  -------------------------------------------------------------------
                         required time                         14.856    <hidden>
                         arrival time                         -16.307    <hidden>
  -------------------------------------------------------------------
                         slack                                 -1.451    <hidden>

Slack (VIOLATED) :        -1.448ns  (required time - arrival time)
  Source:                 cpu_inst/fetch_inst/pc_inst/pc_reg[30]/C
                            (rising edge-triggered cell FDRE clocked by sys_clk_pin  {rise@0.000ns fall@5.000ns period=10.000ns})
  Destination:            cpu_inst/data_mem_inst/mem_reg[18][10]/CE
                            (rising edge-triggered cell FDRE clocked by sys_clk_pin  {rise@0.000ns fall@5.000ns period=10.000ns})
  Path Group:             sys_clk_pin
  Path Type:              Setup (Max at Slow Process Corner)
  Requirement:            10.000ns  (sys_clk_pin rise@10.000ns - sys_clk_pin rise@0.000ns)
  Data Path Delay:        11.088ns  (logic 3.159ns (28.492%)  route 7.929ns (71.508%))
  Logic Levels:           16  (CARRY4=8 LUT4=1 LUT5=4 LUT6=3)
  Clock Path Skew:        -0.121ns (DCD - SCD + CPR)
    Destination Clock Delay (DCD):    4.775ns = ( 14.775 - 10.000 ) 
    Source Clock Delay      (SCD):    5.076ns
    Clock Pessimism Removal (CPR):    0.180ns
  Clock Uncertainty:      0.035ns  ((TSJ^2 + TIJ^2)^1/2 + DJ) / 2 + PE
    Total System Jitter     (TSJ):    0.071ns
    Total Input Jitter      (TIJ):    0.000ns
    Discrete Jitter          (DJ):    0.000ns
    Phase Error              (PE):    0.000ns

    Location             Delay type                Incr(ns)  Path(ns)    Netlist Resource(s)
  -------------------------------------------------------------------    -------------------
                         (clock sys_clk_pin rise edge)
                                                      0.000     0.000 r  <hidden>
                         propagated clock network latency
                                                      5.076     5.076    <hidden>
    SLICE_X44Y53         FDRE                         0.000     5.076 r  cpu_inst/fetch_inst/pc_inst/pc_reg[30]/C
    SLICE_X44Y53         FDRE (Prop_fdre_C_Q)         0.456     5.532 f  cpu_inst/fetch_inst/pc_inst/pc_reg[30]/Q
                         net (fo=3, routed)           0.810     6.342    cpu_inst/fetch_inst/pc_inst/pc_reg[30]
    SLICE_X45Y52         LUT6 (Prop_lut6_I1_O)        0.124     6.466 f  cpu_inst/fetch_inst/pc_inst/led_OBUF[10]_inst_i_3/O
                         net (fo=1, routed)           0.797     7.263    cpu_inst/fetch_inst/pc_inst/led_OBUF[10]_inst_i_3_n_0
    SLICE_X45Y51         LUT5 (Prop_lut5_I0_O)        0.124     7.387 f  cpu_inst/fetch_inst/pc_inst/led_OBUF[10]_inst_i_2/O
                         net (fo=32, routed)          0.416     7.803    cpu_inst/fetch_inst/pc_inst/led_OBUF[10]_inst_i_2_n_0
    SLICE_X43Y51         LUT5 (Prop_lut5_I0_O)        0.124     7.927 r  cpu_inst/fetch_inst/pc_inst/led_OBUF[15]_inst_i_3/O
                         net (fo=291, routed)         1.151     9.078    cpu_inst/fetch_inst/pc_inst/led_OBUF[0]
    SLICE_X41Y45         LUT5 (Prop_lut5_I2_O)        0.124     9.202 r  cpu_inst/fetch_inst/pc_inst/y0_carry_i_8/O
                         net (fo=1, routed)           0.000     9.202    cpu_inst/alu_inst/S[0]
    SLICE_X41Y45         CARRY4 (Prop_carry4_S[0]_CO[3])
                                                      0.532     9.734 r  cpu_inst/alu_inst/y0_carry/CO[3]
                         net (fo=1, routed)           0.000     9.734    cpu_inst/alu_inst/y0_carry_n_0
    SLICE_X41Y46         CARRY4 (Prop_carry4_CI_CO[3])
                                                      0.114     9.848 r  cpu_inst/alu_inst/y0_carry__0/CO[3]
                         net (fo=1, routed)           0.000     9.848    cpu_inst/alu_inst/y0_carry__0_n_0
    SLICE_X41Y47         CARRY4 (Prop_carry4_CI_CO[3])
                                                      0.114     9.962 r  cpu_inst/alu_inst/y0_carry__1/CO[3]
                         net (fo=1, routed)           0.000     9.962    cpu_inst/alu_inst/y0_carry__1_n_0
    SLICE_X41Y48         CARRY4 (Prop_carry4_CI_CO[3])
                                                      0.114    10.076 r  cpu_inst/alu_inst/y0_carry__2/CO[3]
                         net (fo=1, routed)           0.000    10.076    cpu_inst/alu_inst/y0_carry__2_n_0
    SLICE_X41Y49         CARRY4 (Prop_carry4_CI_CO[3])
                                                      0.114    10.190 r  cpu_inst/alu_inst/y0_carry__3/CO[3]
                         net (fo=1, routed)           0.001    10.191    cpu_inst/alu_inst/y0_carry__3_n_0
    SLICE_X41Y50         CARRY4 (Prop_carry4_CI_CO[3])
                                                      0.114    10.305 r  cpu_inst/alu_inst/y0_carry__4/CO[3]
                         net (fo=1, routed)           0.000    10.305    cpu_inst/alu_inst/y0_carry__4_n_0
    SLICE_X41Y51         CARRY4 (Prop_carry4_CI_CO[3])
                                                      0.114    10.419 r  cpu_inst/alu_inst/y0_carry__5/CO[3]
                         net (fo=1, routed)           0.000    10.419    cpu_inst/alu_inst/y0_carry__5_n_0
    SLICE_X41Y52         CARRY4 (Prop_carry4_CI_O[3])
                                                      0.313    10.732 f  cpu_inst/alu_inst/y0_carry__6/O[3]
                         net (fo=2, routed)           0.439    11.171    cpu_inst/fetch_inst/pc_inst/regs_reg[1][31]_2[29]
    SLICE_X40Y52         LUT5 (Prop_lut5_I0_O)        0.306    11.477 f  cpu_inst/fetch_inst/pc_inst/regs[1][31]_i_19/O
                         net (fo=1, routed)           0.998    12.475    cpu_inst/fetch_inst/pc_inst/regs[1][31]_i_19_n_0
    SLICE_X40Y50         LUT6 (Prop_lut6_I4_O)        0.124    12.599 f  cpu_inst/fetch_inst/pc_inst/regs[1][31]_i_10/O
                         net (fo=5, routed)           0.713    13.312    cpu_inst/fetch_inst/pc_inst/regs[1][31]_i_10_n_0
    SLICE_X36Y42         LUT6 (Prop_lut6_I3_O)        0.124    13.436 r  cpu_inst/fetch_inst/pc_inst/mem[0][31]_i_3/O
                         net (fo=64, routed)          1.423    14.859    cpu_inst/fetch_inst/pc_inst/mem[0][31]_i_3_n_0
    SLICE_X37Y35         LUT4 (Prop_lut4_I0_O)        0.124    14.983 r  cpu_inst/fetch_inst/pc_inst/mem[18][31]_i_1/O
                         net (fo=32, routed)          1.180    16.163    cpu_inst/data_mem_inst/mem_reg[18][31]_0[0]
    SLICE_X37Y19         FDRE                                         r  cpu_inst/data_mem_inst/mem_reg[18][10]/CE
  -------------------------------------------------------------------    -------------------

                         (clock sys_clk_pin rise edge)
                                                     10.000    10.000 r  <hidden>
                         propagated clock network latency
                                                      4.775    14.775    <hidden>
                         clock pessimism              0.180    14.955    <hidden>
                         clock uncertainty           -0.035    14.920    <hidden>
    SLICE_X37Y19         FDRE (Setup_fdre_C_CE)      -0.205    14.715    cpu_inst/data_mem_inst/mem_reg[18][10]
  -------------------------------------------------------------------
                         required time                         14.715    <hidden>
                         arrival time                         -16.163    <hidden>
  -------------------------------------------------------------------
                         slack                                 -1.448    <hidden>

Slack (VIOLATED) :        -1.448ns  (required time - arrival time)
  Source:                 cpu_inst/fetch_inst/pc_inst/pc_reg[30]/C
                            (rising edge-triggered cell FDRE clocked by sys_clk_pin  {rise@0.000ns fall@5.000ns period=10.000ns})
  Destination:            cpu_inst/data_mem_inst/mem_reg[18][23]/CE
                            (rising edge-triggered cell FDRE clocked by sys_clk_pin  {rise@0.000ns fall@5.000ns period=10.000ns})
  Path Group:             sys_clk_pin
  Path Type:              Setup (Max at Slow Process Corner)
  Requirement:            10.000ns  (sys_clk_pin rise@10.000ns - sys_clk_pin rise@0.000ns)
  Data Path Delay:        11.088ns  (logic 3.159ns (28.492%)  route 7.929ns (71.508%))
  Logic Levels:           16  (CARRY4=8 LUT4=1 LUT5=4 LUT6=3)
  Clock Path Skew:        -0.121ns (DCD - SCD + CPR)
    Destination Clock Delay (DCD):    4.775ns = ( 14.775 - 10.000 ) 
    Source Clock Delay      (SCD):    5.076ns
    Clock Pessimism Removal (CPR):    0.180ns
  Clock Uncertainty:      0.035ns  ((TSJ^2 + TIJ^2)^1/2 + DJ) / 2 + PE
    Total System Jitter     (TSJ):    0.071ns
    Total Input Jitter      (TIJ):    0.000ns
    Discrete Jitter          (DJ):    0.000ns
    Phase Error              (PE):    0.000ns

    Location             Delay type                Incr(ns)  Path(ns)    Netlist Resource(s)
  -------------------------------------------------------------------    -------------------
                         (clock sys_clk_pin rise edge)
                                                      0.000     0.000 r  <hidden>
                         propagated clock network latency
                                                      5.076     5.076    <hidden>
    SLICE_X44Y53         FDRE                         0.000     5.076 r  cpu_inst/fetch_inst/pc_inst/pc_reg[30]/C
    SLICE_X44Y53         FDRE (Prop_fdre_C_Q)         0.456     5.532 f  cpu_inst/fetch_inst/pc_inst/pc_reg[30]/Q
                         net (fo=3, routed)           0.810     6.342    cpu_inst/fetch_inst/pc_inst/pc_reg[30]
    SLICE_X45Y52         LUT6 (Prop_lut6_I1_O)        0.124     6.466 f  cpu_inst/fetch_inst/pc_inst/led_OBUF[10]_inst_i_3/O
                         net (fo=1, routed)           0.797     7.263    cpu_inst/fetch_inst/pc_inst/led_OBUF[10]_inst_i_3_n_0
    SLICE_X45Y51         LUT5 (Prop_lut5_I0_O)        0.124     7.387 f  cpu_inst/fetch_inst/pc_inst/led_OBUF[10]_inst_i_2/O
                         net (fo=32, routed)          0.416     7.803    cpu_inst/fetch_inst/pc_inst/led_OBUF[10]_inst_i_2_n_0
    SLICE_X43Y51         LUT5 (Prop_lut5_I0_O)        0.124     7.927 r  cpu_inst/fetch_inst/pc_inst/led_OBUF[15]_inst_i_3/O
                         net (fo=291, routed)         1.151     9.078    cpu_inst/fetch_inst/pc_inst/led_OBUF[0]
    SLICE_X41Y45         LUT5 (Prop_lut5_I2_O)        0.124     9.202 r  cpu_inst/fetch_inst/pc_inst/y0_carry_i_8/O
                         net (fo=1, routed)           0.000     9.202    cpu_inst/alu_inst/S[0]
    SLICE_X41Y45         CARRY4 (Prop_carry4_S[0]_CO[3])
                                                      0.532     9.734 r  cpu_inst/alu_inst/y0_carry/CO[3]
                         net (fo=1, routed)           0.000     9.734    cpu_inst/alu_inst/y0_carry_n_0
    SLICE_X41Y46         CARRY4 (Prop_carry4_CI_CO[3])
                                                      0.114     9.848 r  cpu_inst/alu_inst/y0_carry__0/CO[3]
                         net (fo=1, routed)           0.000     9.848    cpu_inst/alu_inst/y0_carry__0_n_0
    SLICE_X41Y47         CARRY4 (Prop_carry4_CI_CO[3])
                                                      0.114     9.962 r  cpu_inst/alu_inst/y0_carry__1/CO[3]
                         net (fo=1, routed)           0.000     9.962    cpu_inst/alu_inst/y0_carry__1_n_0
    SLICE_X41Y48         CARRY4 (Prop_carry4_CI_CO[3])
                                                      0.114    10.076 r  cpu_inst/alu_inst/y0_carry__2/CO[3]
                         net (fo=1, routed)           0.000    10.076    cpu_inst/alu_inst/y0_carry__2_n_0
    SLICE_X41Y49         CARRY4 (Prop_carry4_CI_CO[3])
                                                      0.114    10.190 r  cpu_inst/alu_inst/y0_carry__3/CO[3]
                         net (fo=1, routed)           0.001    10.191    cpu_inst/alu_inst/y0_carry__3_n_0
    SLICE_X41Y50         CARRY4 (Prop_carry4_CI_CO[3])
                                                      0.114    10.305 r  cpu_inst/alu_inst/y0_carry__4/CO[3]
                         net (fo=1, routed)           0.000    10.305    cpu_inst/alu_inst/y0_carry__4_n_0
    SLICE_X41Y51         CARRY4 (Prop_carry4_CI_CO[3])
                                                      0.114    10.419 r  cpu_inst/alu_inst/y0_carry__5/CO[3]
                         net (fo=1, routed)           0.000    10.419    cpu_inst/alu_inst/y0_carry__5_n_0
    SLICE_X41Y52         CARRY4 (Prop_carry4_CI_O[3])
                                                      0.313    10.732 f  cpu_inst/alu_inst/y0_carry__6/O[3]
                         net (fo=2, routed)           0.439    11.171    cpu_inst/fetch_inst/pc_inst/regs_reg[1][31]_2[29]
    SLICE_X40Y52         LUT5 (Prop_lut5_I0_O)        0.306    11.477 f  cpu_inst/fetch_inst/pc_inst/regs[1][31]_i_19/O
                         net (fo=1, routed)           0.998    12.475    cpu_inst/fetch_inst/pc_inst/regs[1][31]_i_19_n_0
    SLICE_X40Y50         LUT6 (Prop_lut6_I4_O)        0.124    12.599 f  cpu_inst/fetch_inst/pc_inst/regs[1][31]_i_10/O
                         net (fo=5, routed)           0.713    13.312    cpu_inst/fetch_inst/pc_inst/regs[1][31]_i_10_n_0
    SLICE_X36Y42         LUT6 (Prop_lut6_I3_O)        0.124    13.436 r  cpu_inst/fetch_inst/pc_inst/mem[0][31]_i_3/O
                         net (fo=64, routed)          1.423    14.859    cpu_inst/fetch_inst/pc_inst/mem[0][31]_i_3_n_0
    SLICE_X37Y35         LUT4 (Prop_lut4_I0_O)        0.124    14.983 r  cpu_inst/fetch_inst/pc_inst/mem[18][31]_i_1/O
                         net (fo=32, routed)          1.180    16.163    cpu_inst/data_mem_inst/mem_reg[18][31]_0[0]
    SLICE_X37Y19         FDRE                                         r  cpu_inst/data_mem_inst/mem_reg[18][23]/CE
  -------------------------------------------------------------------    -------------------

                         (clock sys_clk_pin rise edge)
                                                     10.000    10.000 r  <hidden>
                         propagated clock network latency
                                                      4.775    14.775    <hidden>
                         clock pessimism              0.180    14.955    <hidden>
                         clock uncertainty           -0.035    14.920    <hidden>
    SLICE_X37Y19         FDRE (Setup_fdre_C_CE)      -0.205    14.715    cpu_inst/data_mem_inst/mem_reg[18][23]
  -------------------------------------------------------------------
                         required time                         14.715    <hidden>
                         arrival time                         -16.163    <hidden>
  -------------------------------------------------------------------
                         slack                                 -1.448    <hidden>

Slack (VIOLATED) :        -1.448ns  (required time - arrival time)
  Source:                 cpu_inst/fetch_inst/pc_inst/pc_reg[30]/C
                            (rising edge-triggered cell FDRE clocked by sys_clk_pin  {rise@0.000ns fall@5.000ns period=10.000ns})
  Destination:            cpu_inst/data_mem_inst/mem_reg[18][8]/CE
                            (rising edge-triggered cell FDRE clocked by sys_clk_pin  {rise@0.000ns fall@5.000ns period=10.000ns})
  Path Group:             sys_clk_pin
  Path Type:              Setup (Max at Slow Process Corner)
  Requirement:            10.000ns  (sys_clk_pin rise@10.000ns - sys_clk_pin rise@0.000ns)
  Data Path Delay:        11.088ns  (logic 3.159ns (28.492%)  route 7.929ns (71.508%))
  Logic Levels:           16  (CARRY4=8 LUT4=1 LUT5=4 LUT6=3)
  Clock Path Skew:        -0.121ns (DCD - SCD + CPR)
    Destination Clock Delay (DCD):    4.775ns = ( 14.775 - 10.000 ) 
    Source Clock Delay      (SCD):    5.076ns
    Clock Pessimism Removal (CPR):    0.180ns
  Clock Uncertainty:      0.035ns  ((TSJ^2 + TIJ^2)^1/2 + DJ) / 2 + PE
    Total System Jitter     (TSJ):    0.071ns
    Total Input Jitter      (TIJ):    0.000ns
    Discrete Jitter          (DJ):    0.000ns
    Phase Error              (PE):    0.000ns

    Location             Delay type                Incr(ns)  Path(ns)    Netlist Resource(s)
  -------------------------------------------------------------------    -------------------
                         (clock sys_clk_pin rise edge)
                                                      0.000     0.000 r  <hidden>
                         propagated clock network latency
                                                      5.076     5.076    <hidden>
    SLICE_X44Y53         FDRE                         0.000     5.076 r  cpu_inst/fetch_inst/pc_inst/pc_reg[30]/C
    SLICE_X44Y53         FDRE (Prop_fdre_C_Q)         0.456     5.532 f  cpu_inst/fetch_inst/pc_inst/pc_reg[30]/Q
                         net (fo=3, routed)           0.810     6.342    cpu_inst/fetch_inst/pc_inst/pc_reg[30]
    SLICE_X45Y52         LUT6 (Prop_lut6_I1_O)        0.124     6.466 f  cpu_inst/fetch_inst/pc_inst/led_OBUF[10]_inst_i_3/O
                         net (fo=1, routed)           0.797     7.263    cpu_inst/fetch_inst/pc_inst/led_OBUF[10]_inst_i_3_n_0
    SLICE_X45Y51         LUT5 (Prop_lut5_I0_O)        0.124     7.387 f  cpu_inst/fetch_inst/pc_inst/led_OBUF[10]_inst_i_2/O
                         net (fo=32, routed)          0.416     7.803    cpu_inst/fetch_inst/pc_inst/led_OBUF[10]_inst_i_2_n_0
    SLICE_X43Y51         LUT5 (Prop_lut5_I0_O)        0.124     7.927 r  cpu_inst/fetch_inst/pc_inst/led_OBUF[15]_inst_i_3/O
                         net (fo=291, routed)         1.151     9.078    cpu_inst/fetch_inst/pc_inst/led_OBUF[0]
    SLICE_X41Y45         LUT5 (Prop_lut5_I2_O)        0.124     9.202 r  cpu_inst/fetch_inst/pc_inst/y0_carry_i_8/O
                         net (fo=1, routed)           0.000     9.202    cpu_inst/alu_inst/S[0]
    SLICE_X41Y45         CARRY4 (Prop_carry4_S[0]_CO[3])
                                                      0.532     9.734 r  cpu_inst/alu_inst/y0_carry/CO[3]
                         net (fo=1, routed)           0.000     9.734    cpu_inst/alu_inst/y0_carry_n_0
    SLICE_X41Y46         CARRY4 (Prop_carry4_CI_CO[3])
                                                      0.114     9.848 r  cpu_inst/alu_inst/y0_carry__0/CO[3]
                         net (fo=1, routed)           0.000     9.848    cpu_inst/alu_inst/y0_carry__0_n_0
    SLICE_X41Y47         CARRY4 (Prop_carry4_CI_CO[3])
                                                      0.114     9.962 r  cpu_inst/alu_inst/y0_carry__1/CO[3]
                         net (fo=1, routed)           0.000     9.962    cpu_inst/alu_inst/y0_carry__1_n_0
    SLICE_X41Y48         CARRY4 (Prop_carry4_CI_CO[3])
                                                      0.114    10.076 r  cpu_inst/alu_inst/y0_carry__2/CO[3]
                         net (fo=1, routed)           0.000    10.076    cpu_inst/alu_inst/y0_carry__2_n_0
    SLICE_X41Y49         CARRY4 (Prop_carry4_CI_CO[3])
                                                      0.114    10.190 r  cpu_inst/alu_inst/y0_carry__3/CO[3]
                         net (fo=1, routed)           0.001    10.191    cpu_inst/alu_inst/y0_carry__3_n_0
    SLICE_X41Y50         CARRY4 (Prop_carry4_CI_CO[3])
                                                      0.114    10.305 r  cpu_inst/alu_inst/y0_carry__4/CO[3]
                         net (fo=1, routed)           0.000    10.305    cpu_inst/alu_inst/y0_carry__4_n_0
    SLICE_X41Y51         CARRY4 (Prop_carry4_CI_CO[3])
                                                      0.114    10.419 r  cpu_inst/alu_inst/y0_carry__5/CO[3]
                         net (fo=1, routed)           0.000    10.419    cpu_inst/alu_inst/y0_carry__5_n_0
    SLICE_X41Y52         CARRY4 (Prop_carry4_CI_O[3])
                                                      0.313    10.732 f  cpu_inst/alu_inst/y0_carry__6/O[3]
                         net (fo=2, routed)           0.439    11.171    cpu_inst/fetch_inst/pc_inst/regs_reg[1][31]_2[29]
    SLICE_X40Y52         LUT5 (Prop_lut5_I0_O)        0.306    11.477 f  cpu_inst/fetch_inst/pc_inst/regs[1][31]_i_19/O
                         net (fo=1, routed)           0.998    12.475    cpu_inst/fetch_inst/pc_inst/regs[1][31]_i_19_n_0
    SLICE_X40Y50         LUT6 (Prop_lut6_I4_O)        0.124    12.599 f  cpu_inst/fetch_inst/pc_inst/regs[1][31]_i_10/O
                         net (fo=5, routed)           0.713    13.312    cpu_inst/fetch_inst/pc_inst/regs[1][31]_i_10_n_0
    SLICE_X36Y42         LUT6 (Prop_lut6_I3_O)        0.124    13.436 r  cpu_inst/fetch_inst/pc_inst/mem[0][31]_i_3/O
                         net (fo=64, routed)          1.423    14.859    cpu_inst/fetch_inst/pc_inst/mem[0][31]_i_3_n_0
    SLICE_X37Y35         LUT4 (Prop_lut4_I0_O)        0.124    14.983 r  cpu_inst/fetch_inst/pc_inst/mem[18][31]_i_1/O
                         net (fo=32, routed)          1.180    16.163    cpu_inst/data_mem_inst/mem_reg[18][31]_0[0]
    SLICE_X37Y19         FDRE                                         r  cpu_inst/data_mem_inst/mem_reg[18][8]/CE
  -------------------------------------------------------------------    -------------------

                         (clock sys_clk_pin rise edge)
                                                     10.000    10.000 r  <hidden>
                         propagated clock network latency
                                                      4.775    14.775    <hidden>
                         clock pessimism              0.180    14.955    <hidden>
                         clock uncertainty           -0.035    14.920    <hidden>
    SLICE_X37Y19         FDRE (Setup_fdre_C_CE)      -0.205    14.715    cpu_inst/data_mem_inst/mem_reg[18][8]
  -------------------------------------------------------------------
                         required time                         14.715    <hidden>
                         arrival time                         -16.163    <hidden>
  -------------------------------------------------------------------
                         slack                                 -1.448    <hidden>




