Copyright 1986-2022 Xilinx, Inc. All Rights Reserved. Copyright 2022-2026 Advanced Micro Devices, Inc. All Rights Reserved.
---------------------------------------------------------------------------------------------------------------------------------------------
| Tool Version : Vivado v.2026.1 (win64) Build 6511674 Tue Jun 16 11:02:23 MDT 2026
| Date         : Tue Jul 14 12:42:01 2026
| Host         : DESKTOP-4GB7DVJ running 64-bit major release  (build 9200)
| Command      : report_timing_summary -file reports/phase14g_impl/fanout_opt_6p200ns/timing/fpga_top_pipeline6_impl_timing_summary.rpt
| Design       : fpga_top_pipeline6
| Device       : 7a35t-cpg236
| Speed File   : -1  PRODUCTION 1.23 2018-06-13
| Design State : Physopt postRoute
---------------------------------------------------------------------------------------------------------------------------------------------

Timing Summary Report

------------------------------------------------------------------------------------------------
| Timer Settings
| --------------
------------------------------------------------------------------------------------------------

  Enable Multi Corner Analysis               :  Yes
  Enable Pessimism Removal                   :  Yes
  Pessimism Removal Resolution               :  Nearest Common Node
  Enable Input Delay Default Clock           :  No
  Enable Preset / Clear Arcs                 :  No
  Disable Flight Delays                      :  No
  Ignore I/O Paths                           :  No
  Timing Early Launch at Borrowing Latches   :  No
  Borrow Time for Max Delay Exceptions       :  Yes
  Merge Timing Exceptions                    :  Yes
  Inter-SLR Compensation                     :  Conservative

  Corner  Analyze    Analyze    
  Name    Max Paths  Min Paths  
  ------  ---------  ---------  
  Slow    Yes        Yes        
  Fast    Yes        Yes        


------------------------------------------------------------------------------------------------
| Report Methodology
| ------------------
------------------------------------------------------------------------------------------------

No report available as report_methodology has not been run prior. Run report_methodology on the current design for the summary of methodology violations.



check_timing report

Table of Contents
-----------------
1. checking no_clock (0)
2. checking constant_clock (0)
3. checking pulse_width_clock (0)
4. checking unconstrained_internal_endpoints (0)
5. checking no_input_delay (2)
6. checking no_output_delay (16)
7. checking multiple_clock (0)
8. checking generated_clocks (0)
9. checking loops (0)
10. checking partial_input_delay (0)
11. checking partial_output_delay (0)
12. checking latch_loops (0)

1. checking no_clock (0)
------------------------
 There are 0 register/latch pins with no clock.


2. checking constant_clock (0)
------------------------------
 There are 0 register/latch pins with constant_clock.


3. checking pulse_width_clock (0)
---------------------------------
 There are 0 register/latch pins which need pulse_width check


4. checking unconstrained_internal_endpoints (0)
------------------------------------------------
 There are 0 pins that are not constrained for maximum delay.

 There are 0 pins that are not constrained for maximum delay due to constant clock.


5. checking no_input_delay (2)
------------------------------
 There are 2 input ports with no input delay specified. (HIGH)

 There are 0 input ports with no input delay but user has a false path constraint.


6. checking no_output_delay (16)
--------------------------------
 There are 16 ports with no output delay specified. (HIGH)

 There are 0 ports with no output delay but user has a false path constraint

 There are 0 ports with no output delay but with a timing clock defined on it or propagating through it


7. checking multiple_clock (0)
------------------------------
 There are 0 register/latch pins with multiple clocks.


8. checking generated_clocks (0)
--------------------------------
 There are 0 generated clocks that are not connected to a clock source.


9. checking loops (0)
---------------------
 There are 0 combinational loops in the design.


10. checking partial_input_delay (0)
------------------------------------
 There are 0 input ports with partial input delay specified.


11. checking partial_output_delay (0)
-------------------------------------
 There are 0 ports with partial output delay specified.


12. checking latch_loops (0)
----------------------------
 There are 0 combinational latch loops in the design through latch input



------------------------------------------------------------------------------------------------
| Design Timing Summary
| ---------------------
------------------------------------------------------------------------------------------------

    WNS(ns)      TNS(ns)  TNS Failing Endpoints  TNS Total Endpoints      WHS(ns)      THS(ns)  THS Failing Endpoints  THS Total Endpoints     WPWS(ns)     TPWS(ns)  TPWS Failing Endpoints  TPWS Total Endpoints  
    -------      -------  ---------------------  -------------------      -------      -------  ---------------------  -------------------     --------     --------  ----------------------  --------------------  
      0.088        0.000                      0                 3278        0.037        0.000                      0                 3278        2.600        0.000                       0                  1607  


All user specified timing constraints are met.


------------------------------------------------------------------------------------------------
| Clock Summary
| -------------
------------------------------------------------------------------------------------------------

Clock        Waveform(ns)         Period(ns)      Frequency(MHz)
-----        ------------         ----------      --------------
sys_clk_pin  {0.000 3.100}        6.200           161.290         


------------------------------------------------------------------------------------------------
| Intra Clock Table
| -----------------
------------------------------------------------------------------------------------------------

Clock             WNS(ns)      TNS(ns)  TNS Failing Endpoints  TNS Total Endpoints      WHS(ns)      THS(ns)  THS Failing Endpoints  THS Total Endpoints     WPWS(ns)     TPWS(ns)  TPWS Failing Endpoints  TPWS Total Endpoints  
-----             -------      -------  ---------------------  -------------------      -------      -------  ---------------------  -------------------     --------     --------  ----------------------  --------------------  
sys_clk_pin         0.088        0.000                      0                 3278        0.037        0.000                      0                 3278        2.600        0.000                       0                  1607  


------------------------------------------------------------------------------------------------
| Inter Clock Table
| -----------------
------------------------------------------------------------------------------------------------

From Clock    To Clock          WNS(ns)      TNS(ns)  TNS Failing Endpoints  TNS Total Endpoints      WHS(ns)      THS(ns)  THS Failing Endpoints  THS Total Endpoints  
----------    --------          -------      -------  ---------------------  -------------------      -------      -------  ---------------------  -------------------  


------------------------------------------------------------------------------------------------
| Other Path Groups Table
| -----------------------
------------------------------------------------------------------------------------------------

Path Group    From Clock    To Clock          WNS(ns)      TNS(ns)  TNS Failing Endpoints  TNS Total Endpoints      WHS(ns)      THS(ns)  THS Failing Endpoints  THS Total Endpoints  
----------    ----------    --------          -------      -------  ---------------------  -------------------      -------      -------  ---------------------  -------------------  


------------------------------------------------------------------------------------------------
| Timing Details
| --------------
------------------------------------------------------------------------------------------------


---------------------------------------------------------------------------------------------------
From Clock:  sys_clk_pin
  To Clock:  sys_clk_pin

Setup :            0  Failing Endpoints,  Worst Slack        0.088ns,  Total Violation        0.000ns
Hold  :            0  Failing Endpoints,  Worst Slack        0.037ns,  Total Violation        0.000ns
PW    :            0  Failing Endpoints,  Worst Slack        2.600ns,  Total Violation        0.000ns
---------------------------------------------------------------------------------------------------


Max Delay Paths
--------------------------------------------------------------------------------------
Slack (MET) :             0.088ns  (required time - arrival time)
  Source:                 cpu_inst/op_ex_reg_reg[operand_a][14]/C
                            (rising edge-triggered cell FDRE clocked by sys_clk_pin  {rise@0.000ns fall@3.100ns period=6.200ns})
  Destination:            cpu_inst/fetch_request_pc_reg_reg[30]/D
                            (rising edge-triggered cell FDRE clocked by sys_clk_pin  {rise@0.000ns fall@3.100ns period=6.200ns})
  Path Group:             sys_clk_pin
  Path Type:              Setup (Max at Slow Process Corner)
  Requirement:            6.200ns  (sys_clk_pin rise@6.200ns - sys_clk_pin rise@0.000ns)
  Data Path Delay:        6.216ns  (logic 3.376ns (54.309%)  route 2.840ns (45.691%))
  Logic Levels:           13  (CARRY4=10 LUT4=1 LUT6=2)
  Clock Path Skew:        0.031ns (DCD - SCD + CPR)
    Destination Clock Delay (DCD):    4.852ns = ( 11.052 - 6.200 ) 
    Source Clock Delay      (SCD):    5.081ns
    Clock Pessimism Removal (CPR):    0.260ns
  Clock Uncertainty:      0.035ns  ((TSJ^2 + TIJ^2)^1/2 + DJ) / 2 + PE
    Total System Jitter     (TSJ):    0.071ns
    Total Input Jitter      (TIJ):    0.000ns
    Discrete Jitter          (DJ):    0.000ns
    Phase Error              (PE):    0.000ns

    Location             Delay type                Incr(ns)  Path(ns)    Netlist Resource(s)
  -------------------------------------------------------------------    -------------------
                         (clock sys_clk_pin rise edge)
                                                      0.000     0.000 r  <hidden>
    W5                                                0.000     0.000 r  clk
                         net (fo=0)                   0.000     0.000    clk
    W5                   IBUF (Prop_ibuf_I_O)         1.458     1.458 r  clk_IBUF_inst/O
                         net (fo=1, routed)           1.967     3.425    clk_IBUF
    BUFGCTRL_X0Y0        BUFG (Prop_bufg_I_O)         0.096     3.521 r  clk_IBUF_BUFG_inst/O
                         net (fo=1606, routed)        1.560     5.081    cpu_inst/clk_IBUF_BUFG
    SLICE_X8Y32          FDRE                                         r  cpu_inst/op_ex_reg_reg[operand_a][14]/C
  -------------------------------------------------------------------    -------------------
    SLICE_X8Y32          FDRE (Prop_fdre_C_Q)         0.518     5.599 r  cpu_inst/op_ex_reg_reg[operand_a][14]/Q
                         net (fo=9, routed)           1.162     6.762    cpu_inst/op_ex_reg_reg[operand_a][14]
    SLICE_X8Y35          LUT6 (Prop_lut6_I0_O)        0.124     6.886 r  cpu_inst/branch_taken0_carry__0_i_4/O
                         net (fo=1, routed)           0.000     6.886    cpu_inst/branch_taken0_carry__0_i_4_n_0
    SLICE_X8Y35          CARRY4 (Prop_carry4_S[0]_CO[3])
                                                      0.513     7.399 r  cpu_inst/branch_taken0_carry__0/CO[3]
                         net (fo=1, routed)           0.000     7.399    cpu_inst/branch_taken0_carry__0_n_0
    SLICE_X8Y36          CARRY4 (Prop_carry4_CI_CO[2])
                                                      0.229     7.628 r  cpu_inst/branch_taken0_carry__1/CO[2]
                         net (fo=1, routed)           0.643     8.271    cpu_inst/branch_taken0
    SLICE_X9Y30          LUT6 (Prop_lut6_I5_O)        0.310     8.581 r  cpu_inst/paused_response_instruction_reg[31]_i_3/O
                         net (fo=116, routed)         1.035     9.616    cpu_inst/redirect_valid__0
    SLICE_X6Y27          LUT4 (Prop_lut4_I2_O)        0.124     9.740 r  cpu_inst/fetch_request_pc_reg[4]_i_7/O
                         net (fo=1, routed)           0.000     9.740    cpu_inst/fetch_request_pc_reg[4]_i_7_n_0
    SLICE_X6Y27          CARRY4 (Prop_carry4_S[1]_CO[3])
                                                      0.533    10.273 r  cpu_inst/fetch_request_pc_reg_reg[4]_i_1/CO[3]
                         net (fo=1, routed)           0.000    10.273    cpu_inst/fetch_request_pc_reg_reg[4]_i_1_n_0
    SLICE_X6Y28          CARRY4 (Prop_carry4_CI_CO[3])
                                                      0.117    10.390 r  cpu_inst/fetch_request_pc_reg_reg[8]_i_1/CO[3]
                         net (fo=1, routed)           0.000    10.390    cpu_inst/fetch_request_pc_reg_reg[8]_i_1_n_0
    SLICE_X6Y29          CARRY4 (Prop_carry4_CI_CO[3])
                                                      0.117    10.507 r  cpu_inst/fetch_request_pc_reg_reg[12]_i_1/CO[3]
                         net (fo=1, routed)           0.000    10.507    cpu_inst/fetch_request_pc_reg_reg[12]_i_1_n_0
    SLICE_X6Y30          CARRY4 (Prop_carry4_CI_CO[3])
                                                      0.117    10.624 r  cpu_inst/fetch_request_pc_reg_reg[16]_i_1/CO[3]
                         net (fo=1, routed)           0.000    10.624    cpu_inst/fetch_request_pc_reg_reg[16]_i_1_n_0
    SLICE_X6Y31          CARRY4 (Prop_carry4_CI_CO[3])
                                                      0.117    10.741 r  cpu_inst/fetch_request_pc_reg_reg[20]_i_1/CO[3]
                         net (fo=1, routed)           0.000    10.741    cpu_inst/fetch_request_pc_reg_reg[20]_i_1_n_0
    SLICE_X6Y32          CARRY4 (Prop_carry4_CI_CO[3])
                                                      0.117    10.858 r  cpu_inst/fetch_request_pc_reg_reg[24]_i_1/CO[3]
                         net (fo=1, routed)           0.000    10.858    cpu_inst/fetch_request_pc_reg_reg[24]_i_1_n_0
    SLICE_X6Y33          CARRY4 (Prop_carry4_CI_CO[3])
                                                      0.117    10.975 r  cpu_inst/fetch_request_pc_reg_reg[28]_i_1/CO[3]
                         net (fo=1, routed)           0.000    10.975    cpu_inst/fetch_request_pc_reg_reg[28]_i_1_n_0
    SLICE_X6Y34          CARRY4 (Prop_carry4_CI_O[1])
                                                      0.323    11.298 r  cpu_inst/fetch_request_pc_reg_reg[31]_i_2/O[1]
                         net (fo=1, routed)           0.000    11.298    cpu_inst/fetch_request_pc_reg_reg[31]_i_2_n_6
    SLICE_X6Y34          FDRE                                         r  cpu_inst/fetch_request_pc_reg_reg[30]/D
  -------------------------------------------------------------------    -------------------

                         (clock sys_clk_pin rise edge)
                                                      6.200     6.200 r  <hidden>
    W5                                                0.000     6.200 r  clk
                         net (fo=0)                   0.000     6.200    clk
    W5                   IBUF (Prop_ibuf_I_O)         1.388     7.588 r  clk_IBUF_inst/O
                         net (fo=1, routed)           1.862     9.450    clk_IBUF
    BUFGCTRL_X0Y0        BUFG (Prop_bufg_I_O)         0.091     9.541 r  clk_IBUF_BUFG_inst/O
                         net (fo=1606, routed)        1.511    11.052    cpu_inst/clk_IBUF_BUFG
    SLICE_X6Y34          FDRE                                         r  cpu_inst/fetch_request_pc_reg_reg[30]/C
                         clock pessimism              0.260    11.312    <hidden>
                         clock uncertainty           -0.035    11.277    <hidden>
    SLICE_X6Y34          FDRE (Setup_fdre_C_D)        0.109    11.386    cpu_inst/fetch_request_pc_reg_reg[30]
  -------------------------------------------------------------------
                         required time                         11.386    <hidden>
                         arrival time                         -11.298    <hidden>
  -------------------------------------------------------------------
                         slack                                  0.088    <hidden>





Min Delay Paths
--------------------------------------------------------------------------------------
Slack (MET) :             0.037ns  (arrival time - required time)
  Source:                 cpu_inst/ex_mem_reg_reg[store_data][29]/C
                            (rising edge-triggered cell FDRE clocked by sys_clk_pin  {rise@0.000ns fall@3.100ns period=6.200ns})
  Destination:            cpu_inst/data_mem_inst/mem_reg/DIBDI[11]
                            (rising edge-triggered cell RAMB18E1 clocked by sys_clk_pin  {rise@0.000ns fall@3.100ns period=6.200ns})
  Path Group:             sys_clk_pin
  Path Type:              Hold (Min at Fast Process Corner)
  Requirement:            0.000ns  (sys_clk_pin rise@0.000ns - sys_clk_pin rise@0.000ns)
  Data Path Delay:        0.247ns  (logic 0.141ns (57.072%)  route 0.106ns (42.928%))
  Logic Levels:           0  
  Clock Path Skew:        0.055ns (DCD - SCD - CPR)
    Destination Clock Delay (DCD):    2.001ns
    Source Clock Delay      (SCD):    1.447ns
    Clock Pessimism Removal (CPR):    0.498ns

    Location             Delay type                Incr(ns)  Path(ns)    Netlist Resource(s)
  -------------------------------------------------------------------    -------------------
                         (clock sys_clk_pin rise edge)
                                                      0.000     0.000 r  <hidden>
    W5                                                0.000     0.000 r  clk
                         net (fo=0)                   0.000     0.000    clk
    W5                   IBUF (Prop_ibuf_I_O)         0.226     0.226 r  clk_IBUF_inst/O
                         net (fo=1, routed)           0.631     0.858    clk_IBUF
    BUFGCTRL_X0Y0        BUFG (Prop_bufg_I_O)         0.026     0.884 r  clk_IBUF_BUFG_inst/O
                         net (fo=1606, routed)        0.564     1.447    cpu_inst/clk_IBUF_BUFG
    SLICE_X9Y39          FDRE                                         r  cpu_inst/ex_mem_reg_reg[store_data][29]/C
  -------------------------------------------------------------------    -------------------
    SLICE_X9Y39          FDRE (Prop_fdre_C_Q)         0.141     1.588 r  cpu_inst/ex_mem_reg_reg[store_data][29]/Q
                         net (fo=1, routed)           0.106     1.694    cpu_inst/data_mem_inst/mem_reg_1[29]
    RAMB18_X0Y15         RAMB18E1                                     r  cpu_inst/data_mem_inst/mem_reg/DIBDI[11]
  -------------------------------------------------------------------    -------------------

                         (clock sys_clk_pin rise edge)
                                                      0.000     0.000 r  <hidden>
    W5                                                0.000     0.000 r  clk
                         net (fo=0)                   0.000     0.000    clk
    W5                   IBUF (Prop_ibuf_I_O)         0.414     0.414 r  clk_IBUF_inst/O
                         net (fo=1, routed)           0.685     1.099    clk_IBUF
    BUFGCTRL_X0Y0        BUFG (Prop_bufg_I_O)         0.029     1.128 r  clk_IBUF_BUFG_inst/O
                         net (fo=1606, routed)        0.873     2.001    cpu_inst/data_mem_inst/clk_IBUF_BUFG
    RAMB18_X0Y15         RAMB18E1                                     r  cpu_inst/data_mem_inst/mem_reg/CLKBWRCLK
                         clock pessimism             -0.498     1.503    <hidden>
    RAMB18_X0Y15         RAMB18E1 (Hold_ramb18e1_CLKBWRCLK_DIBDI[11])
                                                      0.155     1.658    cpu_inst/data_mem_inst/mem_reg
  -------------------------------------------------------------------
                         required time                         -1.658    <hidden>
                         arrival time                           1.694    <hidden>
  -------------------------------------------------------------------
                         slack                                  0.037    <hidden>





Pulse Width Checks
--------------------------------------------------------------------------------------
Clock Name:         sys_clk_pin
Waveform(ns):       { 0.000 3.100 }
Period(ns):         6.200
Sources:            { clk }

Check Type        Corner  Lib Pin             Reference Pin  Required(ns)  Actual(ns)  Slack(ns)  Location      Pin
Min Period        n/a     RAMB18E1/CLKARDCLK  n/a            2.944         6.200       3.256      RAMB18_X0Y15  cpu_inst/data_mem_inst/mem_reg/CLKARDCLK
Low Pulse Width   Slow    FDRE/C              n/a            0.500         3.100       2.600      SLICE_X2Y30   cpu_inst/debug_reg_write_reg/C
High Pulse Width  Slow    FDRE/C              n/a            0.500         3.100       2.600      SLICE_X2Y30   cpu_inst/debug_reg_write_reg/C



