Copyright 1986-2022 Xilinx, Inc. All Rights Reserved. Copyright 2022-2026 Advanced Micro Devices, Inc. All Rights Reserved.
---------------------------------------------------------------------------------------------------------------------------------------------
| Tool Version : Vivado v.2026.1 (win64) Build 6511674 Tue Jun 16 11:02:23 MDT 2026
| Date         : Fri Jul 10 11:08:12 2026
| Host         : DESKTOP-4GB7DVJ running 64-bit major release  (build 9200)
| Command      : report_timing -max_paths 10 -path_type full -file reports/phase10h/timing/fpga_top_multicycle_bram_synth_worst_paths.rpt
| Design       : fpga_top_multicycle_bram
| Device       : 7a35t-cpg236
| Speed File   : -1  PRODUCTION 1.23 2018-06-13
| Design State : Synthesized
---------------------------------------------------------------------------------------------------------------------------------------------

Timing Report

Slack (MET) :             5.321ns  (required time - arrival time)
  Source:                 cpu_inst/operand_b_reg_reg[1]/C
                            (rising edge-triggered cell FDRE clocked by sys_clk_pin  {rise@0.000ns fall@5.000ns period=10.000ns})
  Destination:            cpu_inst/alu_result_reg_reg[30]/D
                            (rising edge-triggered cell FDRE clocked by sys_clk_pin  {rise@0.000ns fall@5.000ns period=10.000ns})
  Path Group:             sys_clk_pin
  Path Type:              Setup (Max at Slow Process Corner)
  Requirement:            10.000ns  (sys_clk_pin rise@10.000ns - sys_clk_pin rise@0.000ns)
  Data Path Delay:        4.528ns  (logic 2.667ns (58.900%)  route 1.861ns (41.100%))
  Logic Levels:           11  (CARRY4=8 LUT2=1 LUT4=1 LUT6=1)
  Clock Path Skew:        -0.145ns (DCD - SCD + CPR)
    Destination Clock Delay (DCD):    2.678ns = ( 12.678 - 10.000 ) 
    Source Clock Delay      (SCD):    2.938ns
    Clock Pessimism Removal (CPR):    0.115ns
  Clock Uncertainty:      0.035ns  ((TSJ^2 + TIJ^2)^1/2 + DJ) / 2 + PE
    Total System Jitter     (TSJ):    0.071ns
    Total Input Jitter      (TIJ):    0.000ns
    Discrete Jitter          (DJ):    0.000ns
    Phase Error              (PE):    0.000ns

    Location             Delay type                Incr(ns)  Path(ns)    Netlist Resource(s)
  -------------------------------------------------------------------    -------------------
                         (clock sys_clk_pin rise edge)
                                                      0.000     0.000 r  <hidden>
                         propagated clock network latency
                                                      2.938     2.938    <hidden>
                         FDRE                         0.000     2.938 r  cpu_inst/operand_b_reg_reg[1]/C
                         FDRE (Prop_fdre_C_Q)         0.456     3.394 r  cpu_inst/operand_b_reg_reg[1]/Q
                         net (fo=5, unplaced)         0.498     3.892    cpu_inst/operand_b[1]
                         LUT2 (Prop_lut2_I0_O)        0.295     4.187 r  cpu_inst/alu_execute0_carry_i_3/O
                         net (fo=1, unplaced)         0.000     4.187    cpu_inst/alu_execute0_carry_i_3_n_0
                         CARRY4 (Prop_carry4_S[1]_CO[3])
                                                      0.533     4.720 r  cpu_inst/alu_execute0_carry/CO[3]
                         net (fo=1, unplaced)         0.009     4.729    cpu_inst/alu_execute0_carry_n_0
                         CARRY4 (Prop_carry4_CI_CO[3])
                                                      0.117     4.846 r  cpu_inst/alu_execute0_carry__0/CO[3]
                         net (fo=1, unplaced)         0.000     4.846    cpu_inst/alu_execute0_carry__0_n_0
                         CARRY4 (Prop_carry4_CI_CO[3])
                                                      0.117     4.963 r  cpu_inst/alu_execute0_carry__1/CO[3]
                         net (fo=1, unplaced)         0.000     4.963    cpu_inst/alu_execute0_carry__1_n_0
                         CARRY4 (Prop_carry4_CI_CO[3])
                                                      0.117     5.080 r  cpu_inst/alu_execute0_carry__2/CO[3]
                         net (fo=1, unplaced)         0.000     5.080    cpu_inst/alu_execute0_carry__2_n_0
                         CARRY4 (Prop_carry4_CI_CO[3])
                                                      0.117     5.197 r  cpu_inst/alu_execute0_carry__3/CO[3]
                         net (fo=1, unplaced)         0.000     5.197    cpu_inst/alu_execute0_carry__3_n_0
                         CARRY4 (Prop_carry4_CI_CO[3])
                                                      0.117     5.314 r  cpu_inst/alu_execute0_carry__4/CO[3]
                         net (fo=1, unplaced)         0.000     5.314    cpu_inst/alu_execute0_carry__4_n_0
                         CARRY4 (Prop_carry4_CI_CO[3])
                                                      0.117     5.431 r  cpu_inst/alu_execute0_carry__5/CO[3]
                         net (fo=1, unplaced)         0.000     5.431    cpu_inst/alu_execute0_carry__5_n_0
                         CARRY4 (Prop_carry4_CI_O[2])
                                                      0.256     5.687 r  cpu_inst/alu_execute0_carry__6/O[2]
                         net (fo=1, unplaced)         0.905     6.592    cpu_inst/alu_execute0_carry__6_n_5
                         LUT6 (Prop_lut6_I1_O)        0.301     6.893 r  cpu_inst/alu_result_reg[30]_i_3/O
                         net (fo=1, unplaced)         0.449     7.342    cpu_inst/alu_result_reg[30]_i_3_n_0
                         LUT4 (Prop_lut4_I1_O)        0.124     7.466 r  cpu_inst/alu_result_reg[30]_i_1/O
                         net (fo=1, unplaced)         0.000     7.466    cpu_inst/alu_result_reg[30]_i_1_n_0
                         FDRE                                         r  cpu_inst/alu_result_reg_reg[30]/D
  -------------------------------------------------------------------    -------------------

                         (clock sys_clk_pin rise edge)
                                                     10.000    10.000 r  <hidden>
                         propagated clock network latency
                                                      2.678    12.678    <hidden>
                         clock pessimism              0.115    12.793    <hidden>
                         clock uncertainty           -0.035    12.758    <hidden>
                         FDRE (Setup_fdre_C_D)        0.029    12.787    cpu_inst/alu_result_reg_reg[30]
  -------------------------------------------------------------------
                         required time                         12.787    <hidden>
                         arrival time                          -7.466    <hidden>
  -------------------------------------------------------------------
                         slack                                  5.321    <hidden>

Slack (MET) :             5.438ns  (required time - arrival time)
  Source:                 cpu_inst/operand_b_reg_reg[1]/C
                            (rising edge-triggered cell FDRE clocked by sys_clk_pin  {rise@0.000ns fall@5.000ns period=10.000ns})
  Destination:            cpu_inst/alu_result_reg_reg[26]/D
                            (rising edge-triggered cell FDRE clocked by sys_clk_pin  {rise@0.000ns fall@5.000ns period=10.000ns})
  Path Group:             sys_clk_pin
  Path Type:              Setup (Max at Slow Process Corner)
  Requirement:            10.000ns  (sys_clk_pin rise@10.000ns - sys_clk_pin rise@0.000ns)
  Data Path Delay:        4.411ns  (logic 2.550ns (57.810%)  route 1.861ns (42.190%))
  Logic Levels:           10  (CARRY4=7 LUT2=1 LUT4=1 LUT6=1)
  Clock Path Skew:        -0.145ns (DCD - SCD + CPR)
    Destination Clock Delay (DCD):    2.678ns = ( 12.678 - 10.000 ) 
    Source Clock Delay      (SCD):    2.938ns
    Clock Pessimism Removal (CPR):    0.115ns
  Clock Uncertainty:      0.035ns  ((TSJ^2 + TIJ^2)^1/2 + DJ) / 2 + PE
    Total System Jitter     (TSJ):    0.071ns
    Total Input Jitter      (TIJ):    0.000ns
    Discrete Jitter          (DJ):    0.000ns
    Phase Error              (PE):    0.000ns

    Location             Delay type                Incr(ns)  Path(ns)    Netlist Resource(s)
  -------------------------------------------------------------------    -------------------
                         (clock sys_clk_pin rise edge)
                                                      0.000     0.000 r  <hidden>
                         propagated clock network latency
                                                      2.938     2.938    <hidden>
                         FDRE                         0.000     2.938 r  cpu_inst/operand_b_reg_reg[1]/C
                         FDRE (Prop_fdre_C_Q)         0.456     3.394 r  cpu_inst/operand_b_reg_reg[1]/Q
                         net (fo=5, unplaced)         0.498     3.892    cpu_inst/operand_b[1]
                         LUT2 (Prop_lut2_I0_O)        0.295     4.187 r  cpu_inst/alu_execute0_carry_i_3/O
                         net (fo=1, unplaced)         0.000     4.187    cpu_inst/alu_execute0_carry_i_3_n_0
                         CARRY4 (Prop_carry4_S[1]_CO[3])
                                                      0.533     4.720 r  cpu_inst/alu_execute0_carry/CO[3]
                         net (fo=1, unplaced)         0.009     4.729    cpu_inst/alu_execute0_carry_n_0
                         CARRY4 (Prop_carry4_CI_CO[3])
                                                      0.117     4.846 r  cpu_inst/alu_execute0_carry__0/CO[3]
                         net (fo=1, unplaced)         0.000     4.846    cpu_inst/alu_execute0_carry__0_n_0
                         CARRY4 (Prop_carry4_CI_CO[3])
                                                      0.117     4.963 r  cpu_inst/alu_execute0_carry__1/CO[3]
                         net (fo=1, unplaced)         0.000     4.963    cpu_inst/alu_execute0_carry__1_n_0
                         CARRY4 (Prop_carry4_CI_CO[3])
                                                      0.117     5.080 r  cpu_inst/alu_execute0_carry__2/CO[3]
                         net (fo=1, unplaced)         0.000     5.080    cpu_inst/alu_execute0_carry__2_n_0
                         CARRY4 (Prop_carry4_CI_CO[3])
                                                      0.117     5.197 r  cpu_inst/alu_execute0_carry__3/CO[3]
                         net (fo=1, unplaced)         0.000     5.197    cpu_inst/alu_execute0_carry__3_n_0
                         CARRY4 (Prop_carry4_CI_CO[3])
                                                      0.117     5.314 r  cpu_inst/alu_execute0_carry__4/CO[3]
                         net (fo=1, unplaced)         0.000     5.314    cpu_inst/alu_execute0_carry__4_n_0
                         CARRY4 (Prop_carry4_CI_O[2])
                                                      0.256     5.570 r  cpu_inst/alu_execute0_carry__5/O[2]
                         net (fo=1, unplaced)         0.905     6.475    cpu_inst/alu_execute0_carry__5_n_5
                         LUT6 (Prop_lut6_I1_O)        0.301     6.776 r  cpu_inst/alu_result_reg[26]_i_3/O
                         net (fo=1, unplaced)         0.449     7.225    cpu_inst/alu_result_reg[26]_i_3_n_0
                         LUT4 (Prop_lut4_I1_O)        0.124     7.349 r  cpu_inst/alu_result_reg[26]_i_1/O
                         net (fo=1, unplaced)         0.000     7.349    cpu_inst/alu_result_reg[26]_i_1_n_0
                         FDRE                                         r  cpu_inst/alu_result_reg_reg[26]/D
  -------------------------------------------------------------------    -------------------

                         (clock sys_clk_pin rise edge)
                                                     10.000    10.000 r  <hidden>
                         propagated clock network latency
                                                      2.678    12.678    <hidden>
                         clock pessimism              0.115    12.793    <hidden>
                         clock uncertainty           -0.035    12.758    <hidden>
                         FDRE (Setup_fdre_C_D)        0.029    12.787    cpu_inst/alu_result_reg_reg[26]
  -------------------------------------------------------------------
                         required time                         12.787    <hidden>
                         arrival time                          -7.349    <hidden>
  -------------------------------------------------------------------
                         slack                                  5.438    <hidden>

Slack (MET) :             5.515ns  (required time - arrival time)
  Source:                 cpu_inst/operand_b_reg_reg[1]/C
                            (rising edge-triggered cell FDRE clocked by sys_clk_pin  {rise@0.000ns fall@5.000ns period=10.000ns})
  Destination:            cpu_inst/alu_result_reg_reg[28]/D
                            (rising edge-triggered cell FDRE clocked by sys_clk_pin  {rise@0.000ns fall@5.000ns period=10.000ns})
  Path Group:             sys_clk_pin
  Path Type:              Setup (Max at Slow Process Corner)
  Requirement:            10.000ns  (sys_clk_pin rise@10.000ns - sys_clk_pin rise@0.000ns)
  Data Path Delay:        4.334ns  (logic 2.637ns (60.844%)  route 1.697ns (39.156%))
  Logic Levels:           11  (CARRY4=8 LUT2=1 LUT4=1 LUT6=1)
  Clock Path Skew:        -0.145ns (DCD - SCD + CPR)
    Destination Clock Delay (DCD):    2.678ns = ( 12.678 - 10.000 ) 
    Source Clock Delay      (SCD):    2.938ns
    Clock Pessimism Removal (CPR):    0.115ns
  Clock Uncertainty:      0.035ns  ((TSJ^2 + TIJ^2)^1/2 + DJ) / 2 + PE
    Total System Jitter     (TSJ):    0.071ns
    Total Input Jitter      (TIJ):    0.000ns
    Discrete Jitter          (DJ):    0.000ns
    Phase Error              (PE):    0.000ns

    Location             Delay type                Incr(ns)  Path(ns)    Netlist Resource(s)
  -------------------------------------------------------------------    -------------------
                         (clock sys_clk_pin rise edge)
                                                      0.000     0.000 r  <hidden>
                         propagated clock network latency
                                                      2.938     2.938    <hidden>
                         FDRE                         0.000     2.938 r  cpu_inst/operand_b_reg_reg[1]/C
                         FDRE (Prop_fdre_C_Q)         0.456     3.394 r  cpu_inst/operand_b_reg_reg[1]/Q
                         net (fo=5, unplaced)         0.498     3.892    cpu_inst/operand_b[1]
                         LUT2 (Prop_lut2_I0_O)        0.295     4.187 r  cpu_inst/alu_execute0_carry_i_3/O
                         net (fo=1, unplaced)         0.000     4.187    cpu_inst/alu_execute0_carry_i_3_n_0
                         CARRY4 (Prop_carry4_S[1]_CO[3])
                                                      0.533     4.720 r  cpu_inst/alu_execute0_carry/CO[3]
                         net (fo=1, unplaced)         0.009     4.729    cpu_inst/alu_execute0_carry_n_0
                         CARRY4 (Prop_carry4_CI_CO[3])
                                                      0.117     4.846 r  cpu_inst/alu_execute0_carry__0/CO[3]
                         net (fo=1, unplaced)         0.000     4.846    cpu_inst/alu_execute0_carry__0_n_0
                         CARRY4 (Prop_carry4_CI_CO[3])
                                                      0.117     4.963 r  cpu_inst/alu_execute0_carry__1/CO[3]
                         net (fo=1, unplaced)         0.000     4.963    cpu_inst/alu_execute0_carry__1_n_0
                         CARRY4 (Prop_carry4_CI_CO[3])
                                                      0.117     5.080 r  cpu_inst/alu_execute0_carry__2/CO[3]
                         net (fo=1, unplaced)         0.000     5.080    cpu_inst/alu_execute0_carry__2_n_0
                         CARRY4 (Prop_carry4_CI_CO[3])
                                                      0.117     5.197 r  cpu_inst/alu_execute0_carry__3/CO[3]
                         net (fo=1, unplaced)         0.000     5.197    cpu_inst/alu_execute0_carry__3_n_0
                         CARRY4 (Prop_carry4_CI_CO[3])
                                                      0.117     5.314 r  cpu_inst/alu_execute0_carry__4/CO[3]
                         net (fo=1, unplaced)         0.000     5.314    cpu_inst/alu_execute0_carry__4_n_0
                         CARRY4 (Prop_carry4_CI_CO[3])
                                                      0.117     5.431 r  cpu_inst/alu_execute0_carry__5/CO[3]
                         net (fo=1, unplaced)         0.000     5.431    cpu_inst/alu_execute0_carry__5_n_0
                         CARRY4 (Prop_carry4_CI_O[0])
                                                      0.232     5.663 r  cpu_inst/alu_execute0_carry__6/O[0]
                         net (fo=1, unplaced)         0.741     6.404    cpu_inst/alu_execute0_carry__6_n_7
                         LUT6 (Prop_lut6_I1_O)        0.295     6.699 r  cpu_inst/alu_result_reg[28]_i_3/O
                         net (fo=1, unplaced)         0.449     7.148    cpu_inst/alu_result_reg[28]_i_3_n_0
                         LUT4 (Prop_lut4_I1_O)        0.124     7.272 r  cpu_inst/alu_result_reg[28]_i_1/O
                         net (fo=1, unplaced)         0.000     7.272    cpu_inst/alu_result_reg[28]_i_1_n_0
                         FDRE                                         r  cpu_inst/alu_result_reg_reg[28]/D
  -------------------------------------------------------------------    -------------------

                         (clock sys_clk_pin rise edge)
                                                     10.000    10.000 r  <hidden>
                         propagated clock network latency
                                                      2.678    12.678    <hidden>
                         clock pessimism              0.115    12.793    <hidden>
                         clock uncertainty           -0.035    12.758    <hidden>
                         FDRE (Setup_fdre_C_D)        0.029    12.787    cpu_inst/alu_result_reg_reg[28]
  -------------------------------------------------------------------
                         required time                         12.787    <hidden>
                         arrival time                          -7.272    <hidden>
  -------------------------------------------------------------------
                         slack                                  5.515    <hidden>

Slack (MET) :             5.517ns  (required time - arrival time)
  Source:                 cpu_inst/operand_a_reg_reg[1]/C
                            (rising edge-triggered cell FDRE clocked by sys_clk_pin  {rise@0.000ns fall@5.000ns period=10.000ns})
  Destination:            cpu_inst/alu_result_reg_reg[31]/D
                            (rising edge-triggered cell FDRE clocked by sys_clk_pin  {rise@0.000ns fall@5.000ns period=10.000ns})
  Path Group:             sys_clk_pin
  Path Type:              Setup (Max at Slow Process Corner)
  Requirement:            10.000ns  (sys_clk_pin rise@10.000ns - sys_clk_pin rise@0.000ns)
  Data Path Delay:        4.332ns  (logic 2.748ns (63.435%)  route 1.584ns (36.565%))
  Logic Levels:           11  (CARRY4=8 LUT2=1 LUT4=1 LUT6=1)
  Clock Path Skew:        -0.145ns (DCD - SCD + CPR)
    Destination Clock Delay (DCD):    2.678ns = ( 12.678 - 10.000 ) 
    Source Clock Delay      (SCD):    2.938ns
    Clock Pessimism Removal (CPR):    0.115ns
  Clock Uncertainty:      0.035ns  ((TSJ^2 + TIJ^2)^1/2 + DJ) / 2 + PE
    Total System Jitter     (TSJ):    0.071ns
    Total Input Jitter      (TIJ):    0.000ns
    Discrete Jitter          (DJ):    0.000ns
    Phase Error              (PE):    0.000ns

    Location             Delay type                Incr(ns)  Path(ns)    Netlist Resource(s)
  -------------------------------------------------------------------    -------------------
                         (clock sys_clk_pin rise edge)
                                                      0.000     0.000 r  <hidden>
                         propagated clock network latency
                                                      2.938     2.938    <hidden>
                         FDRE                         0.000     2.938 r  cpu_inst/operand_a_reg_reg[1]/C
                         FDRE (Prop_fdre_C_Q)         0.456     3.394 r  cpu_inst/operand_a_reg_reg[1]/Q
                         net (fo=8, unplaced)         0.508     3.902    cpu_inst/operand_a[1]
                         LUT2 (Prop_lut2_I0_O)        0.295     4.197 r  cpu_inst/alu_result_reg0_carry_i_3/O
                         net (fo=1, unplaced)         0.000     4.197    cpu_inst/alu_result_reg0_carry_i_3_n_0
                         CARRY4 (Prop_carry4_S[1]_CO[3])
                                                      0.533     4.730 r  cpu_inst/alu_result_reg0_carry/CO[3]
                         net (fo=1, unplaced)         0.009     4.739    cpu_inst/alu_result_reg0_carry_n_0
                         CARRY4 (Prop_carry4_CI_CO[3])
                                                      0.117     4.856 r  cpu_inst/alu_result_reg0_carry__0/CO[3]
                         net (fo=1, unplaced)         0.000     4.856    cpu_inst/alu_result_reg0_carry__0_n_0
                         CARRY4 (Prop_carry4_CI_CO[3])
                                                      0.117     4.973 r  cpu_inst/alu_result_reg0_carry__1/CO[3]
                         net (fo=1, unplaced)         0.000     4.973    cpu_inst/alu_result_reg0_carry__1_n_0
                         CARRY4 (Prop_carry4_CI_CO[3])
                                                      0.117     5.090 r  cpu_inst/alu_result_reg0_carry__2/CO[3]
                         net (fo=1, unplaced)         0.000     5.090    cpu_inst/alu_result_reg0_carry__2_n_0
                         CARRY4 (Prop_carry4_CI_CO[3])
                                                      0.117     5.207 r  cpu_inst/alu_result_reg0_carry__3/CO[3]
                         net (fo=1, unplaced)         0.000     5.207    cpu_inst/alu_result_reg0_carry__3_n_0
                         CARRY4 (Prop_carry4_CI_CO[3])
                                                      0.117     5.324 r  cpu_inst/alu_result_reg0_carry__4/CO[3]
                         net (fo=1, unplaced)         0.000     5.324    cpu_inst/alu_result_reg0_carry__4_n_0
                         CARRY4 (Prop_carry4_CI_CO[3])
                                                      0.117     5.441 r  cpu_inst/alu_result_reg0_carry__5/CO[3]
                         net (fo=1, unplaced)         0.000     5.441    cpu_inst/alu_result_reg0_carry__5_n_0
                         CARRY4 (Prop_carry4_CI_O[3])
                                                      0.331     5.772 r  cpu_inst/alu_result_reg0_carry__6/O[3]
                         net (fo=1, unplaced)         0.618     6.390    cpu_inst/alu_result_reg0_carry__6_n_4
                         LUT6 (Prop_lut6_I4_O)        0.307     6.697 r  cpu_inst/alu_result_reg[31]_i_4/O
                         net (fo=1, unplaced)         0.449     7.146    cpu_inst/alu_result_reg[31]_i_4_n_0
                         LUT4 (Prop_lut4_I1_O)        0.124     7.270 r  cpu_inst/alu_result_reg[31]_i_2/O
                         net (fo=1, unplaced)         0.000     7.270    cpu_inst/alu_result_reg[31]_i_2_n_0
                         FDRE                                         r  cpu_inst/alu_result_reg_reg[31]/D
  -------------------------------------------------------------------    -------------------

                         (clock sys_clk_pin rise edge)
                                                     10.000    10.000 r  <hidden>
                         propagated clock network latency
                                                      2.678    12.678    <hidden>
                         clock pessimism              0.115    12.793    <hidden>
                         clock uncertainty           -0.035    12.758    <hidden>
                         FDRE (Setup_fdre_C_D)        0.029    12.787    cpu_inst/alu_result_reg_reg[31]
  -------------------------------------------------------------------
                         required time                         12.787    <hidden>
                         arrival time                          -7.270    <hidden>
  -------------------------------------------------------------------
                         slack                                  5.517    <hidden>

Slack (MET) :             5.519ns  (required time - arrival time)
  Source:                 cpu_inst/operand_a_reg_reg[1]/C
                            (rising edge-triggered cell FDRE clocked by sys_clk_pin  {rise@0.000ns fall@5.000ns period=10.000ns})
  Destination:            cpu_inst/alu_result_reg_reg[29]/D
                            (rising edge-triggered cell FDRE clocked by sys_clk_pin  {rise@0.000ns fall@5.000ns period=10.000ns})
  Path Group:             sys_clk_pin
  Path Type:              Setup (Max at Slow Process Corner)
  Requirement:            10.000ns  (sys_clk_pin rise@10.000ns - sys_clk_pin rise@0.000ns)
  Data Path Delay:        4.330ns  (logic 2.753ns (63.580%)  route 1.577ns (36.420%))
  Logic Levels:           11  (CARRY4=8 LUT2=1 LUT4=1 LUT6=1)
  Clock Path Skew:        -0.145ns (DCD - SCD + CPR)
    Destination Clock Delay (DCD):    2.678ns = ( 12.678 - 10.000 ) 
    Source Clock Delay      (SCD):    2.938ns
    Clock Pessimism Removal (CPR):    0.115ns
  Clock Uncertainty:      0.035ns  ((TSJ^2 + TIJ^2)^1/2 + DJ) / 2 + PE
    Total System Jitter     (TSJ):    0.071ns
    Total Input Jitter      (TIJ):    0.000ns
    Discrete Jitter          (DJ):    0.000ns
    Phase Error              (PE):    0.000ns

    Location             Delay type                Incr(ns)  Path(ns)    Netlist Resource(s)
  -------------------------------------------------------------------    -------------------
                         (clock sys_clk_pin rise edge)
                                                      0.000     0.000 r  <hidden>
                         propagated clock network latency
                                                      2.938     2.938    <hidden>
                         FDRE                         0.000     2.938 r  cpu_inst/operand_a_reg_reg[1]/C
                         FDRE (Prop_fdre_C_Q)         0.456     3.394 r  cpu_inst/operand_a_reg_reg[1]/Q
                         net (fo=8, unplaced)         0.508     3.902    cpu_inst/operand_a[1]
                         LUT2 (Prop_lut2_I0_O)        0.295     4.197 r  cpu_inst/i__carry_i_3__1/O
                         net (fo=1, unplaced)         0.000     4.197    cpu_inst/i__carry_i_3__1_n_0
                         CARRY4 (Prop_carry4_S[1]_CO[3])
                                                      0.533     4.730 r  cpu_inst/alu_execute0_inferred__0/i__carry/CO[3]
                         net (fo=1, unplaced)         0.009     4.739    cpu_inst/alu_execute0_inferred__0/i__carry_n_0
                         CARRY4 (Prop_carry4_CI_CO[3])
                                                      0.117     4.856 r  cpu_inst/alu_execute0_inferred__0/i__carry__0/CO[3]
                         net (fo=1, unplaced)         0.000     4.856    cpu_inst/alu_execute0_inferred__0/i__carry__0_n_0
                         CARRY4 (Prop_carry4_CI_CO[3])
                                                      0.117     4.973 r  cpu_inst/alu_execute0_inferred__0/i__carry__1/CO[3]
                         net (fo=1, unplaced)         0.000     4.973    cpu_inst/alu_execute0_inferred__0/i__carry__1_n_0
                         CARRY4 (Prop_carry4_CI_CO[3])
                                                      0.117     5.090 r  cpu_inst/alu_execute0_inferred__0/i__carry__2/CO[3]
                         net (fo=1, unplaced)         0.000     5.090    cpu_inst/alu_execute0_inferred__0/i__carry__2_n_0
                         CARRY4 (Prop_carry4_CI_CO[3])
                                                      0.117     5.207 r  cpu_inst/alu_execute0_inferred__0/i__carry__3/CO[3]
                         net (fo=1, unplaced)         0.000     5.207    cpu_inst/alu_execute0_inferred__0/i__carry__3_n_0
                         CARRY4 (Prop_carry4_CI_CO[3])
                                                      0.117     5.324 r  cpu_inst/alu_execute0_inferred__0/i__carry__4/CO[3]
                         net (fo=1, unplaced)         0.000     5.324    cpu_inst/alu_execute0_inferred__0/i__carry__4_n_0
                         CARRY4 (Prop_carry4_CI_CO[3])
                                                      0.117     5.441 r  cpu_inst/alu_execute0_inferred__0/i__carry__5/CO[3]
                         net (fo=1, unplaced)         0.000     5.441    cpu_inst/alu_execute0_inferred__0/i__carry__5_n_0
                         CARRY4 (Prop_carry4_CI_O[1])
                                                      0.337     5.778 r  cpu_inst/alu_execute0_inferred__0/i__carry__6/O[1]
                         net (fo=1, unplaced)         0.611     6.389    cpu_inst/data1[29]
                         LUT6 (Prop_lut6_I3_O)        0.306     6.695 r  cpu_inst/alu_result_reg[29]_i_3/O
                         net (fo=1, unplaced)         0.449     7.144    cpu_inst/alu_result_reg[29]_i_3_n_0
                         LUT4 (Prop_lut4_I1_O)        0.124     7.268 r  cpu_inst/alu_result_reg[29]_i_1/O
                         net (fo=1, unplaced)         0.000     7.268    cpu_inst/alu_result_reg[29]_i_1_n_0
                         FDRE                                         r  cpu_inst/alu_result_reg_reg[29]/D
  -------------------------------------------------------------------    -------------------

                         (clock sys_clk_pin rise edge)
                                                     10.000    10.000 r  <hidden>
                         propagated clock network latency
                                                      2.678    12.678    <hidden>
                         clock pessimism              0.115    12.793    <hidden>
                         clock uncertainty           -0.035    12.758    <hidden>
                         FDRE (Setup_fdre_C_D)        0.029    12.787    cpu_inst/alu_result_reg_reg[29]
  -------------------------------------------------------------------
                         required time                         12.787    <hidden>
                         arrival time                          -7.268    <hidden>
  -------------------------------------------------------------------
                         slack                                  5.519    <hidden>

Slack (MET) :             5.555ns  (required time - arrival time)
  Source:                 cpu_inst/operand_b_reg_reg[1]/C
                            (rising edge-triggered cell FDRE clocked by sys_clk_pin  {rise@0.000ns fall@5.000ns period=10.000ns})
  Destination:            cpu_inst/alu_result_reg_reg[22]/D
                            (rising edge-triggered cell FDRE clocked by sys_clk_pin  {rise@0.000ns fall@5.000ns period=10.000ns})
  Path Group:             sys_clk_pin
  Path Type:              Setup (Max at Slow Process Corner)
  Requirement:            10.000ns  (sys_clk_pin rise@10.000ns - sys_clk_pin rise@0.000ns)
  Data Path Delay:        4.294ns  (logic 2.433ns (56.660%)  route 1.861ns (43.340%))
  Logic Levels:           9  (CARRY4=6 LUT2=1 LUT4=1 LUT6=1)
  Clock Path Skew:        -0.145ns (DCD - SCD + CPR)
    Destination Clock Delay (DCD):    2.678ns = ( 12.678 - 10.000 ) 
    Source Clock Delay      (SCD):    2.938ns
    Clock Pessimism Removal (CPR):    0.115ns
  Clock Uncertainty:      0.035ns  ((TSJ^2 + TIJ^2)^1/2 + DJ) / 2 + PE
    Total System Jitter     (TSJ):    0.071ns
    Total Input Jitter      (TIJ):    0.000ns
    Discrete Jitter          (DJ):    0.000ns
    Phase Error              (PE):    0.000ns

    Location             Delay type                Incr(ns)  Path(ns)    Netlist Resource(s)
  -------------------------------------------------------------------    -------------------
                         (clock sys_clk_pin rise edge)
                                                      0.000     0.000 r  <hidden>
                         propagated clock network latency
                                                      2.938     2.938    <hidden>
                         FDRE                         0.000     2.938 r  cpu_inst/operand_b_reg_reg[1]/C
                         FDRE (Prop_fdre_C_Q)         0.456     3.394 r  cpu_inst/operand_b_reg_reg[1]/Q
                         net (fo=5, unplaced)         0.498     3.892    cpu_inst/operand_b[1]
                         LUT2 (Prop_lut2_I0_O)        0.295     4.187 r  cpu_inst/alu_execute0_carry_i_3/O
                         net (fo=1, unplaced)         0.000     4.187    cpu_inst/alu_execute0_carry_i_3_n_0
                         CARRY4 (Prop_carry4_S[1]_CO[3])
                                                      0.533     4.720 r  cpu_inst/alu_execute0_carry/CO[3]
                         net (fo=1, unplaced)         0.009     4.729    cpu_inst/alu_execute0_carry_n_0
                         CARRY4 (Prop_carry4_CI_CO[3])
                                                      0.117     4.846 r  cpu_inst/alu_execute0_carry__0/CO[3]
                         net (fo=1, unplaced)         0.000     4.846    cpu_inst/alu_execute0_carry__0_n_0
                         CARRY4 (Prop_carry4_CI_CO[3])
                                                      0.117     4.963 r  cpu_inst/alu_execute0_carry__1/CO[3]
                         net (fo=1, unplaced)         0.000     4.963    cpu_inst/alu_execute0_carry__1_n_0
                         CARRY4 (Prop_carry4_CI_CO[3])
                                                      0.117     5.080 r  cpu_inst/alu_execute0_carry__2/CO[3]
                         net (fo=1, unplaced)         0.000     5.080    cpu_inst/alu_execute0_carry__2_n_0
                         CARRY4 (Prop_carry4_CI_CO[3])
                                                      0.117     5.197 r  cpu_inst/alu_execute0_carry__3/CO[3]
                         net (fo=1, unplaced)         0.000     5.197    cpu_inst/alu_execute0_carry__3_n_0
                         CARRY4 (Prop_carry4_CI_O[2])
                                                      0.256     5.453 r  cpu_inst/alu_execute0_carry__4/O[2]
                         net (fo=1, unplaced)         0.905     6.358    cpu_inst/alu_execute0_carry__4_n_5
                         LUT6 (Prop_lut6_I1_O)        0.301     6.659 r  cpu_inst/alu_result_reg[22]_i_3/O
                         net (fo=1, unplaced)         0.449     7.108    cpu_inst/alu_result_reg[22]_i_3_n_0
                         LUT4 (Prop_lut4_I1_O)        0.124     7.232 r  cpu_inst/alu_result_reg[22]_i_1/O
                         net (fo=1, unplaced)         0.000     7.232    cpu_inst/alu_result_reg[22]_i_1_n_0
                         FDRE                                         r  cpu_inst/alu_result_reg_reg[22]/D
  -------------------------------------------------------------------    -------------------

                         (clock sys_clk_pin rise edge)
                                                     10.000    10.000 r  <hidden>
                         propagated clock network latency
                                                      2.678    12.678    <hidden>
                         clock pessimism              0.115    12.793    <hidden>
                         clock uncertainty           -0.035    12.758    <hidden>
                         FDRE (Setup_fdre_C_D)        0.029    12.787    cpu_inst/alu_result_reg_reg[22]
  -------------------------------------------------------------------
                         required time                         12.787    <hidden>
                         arrival time                          -7.232    <hidden>
  -------------------------------------------------------------------
                         slack                                  5.555    <hidden>

Slack (MET) :             5.608ns  (required time - arrival time)
  Source:                 cpu_inst/alu_result_reg_reg[22]/C
                            (rising edge-triggered cell FDRE clocked by sys_clk_pin  {rise@0.000ns fall@5.000ns period=10.000ns})
  Destination:            cpu_inst/data_mem_inst/mem_reg/WEA[0]
                            (rising edge-triggered cell RAMB18E1 clocked by sys_clk_pin  {rise@0.000ns fall@5.000ns period=10.000ns})
  Path Group:             sys_clk_pin
  Path Type:              Setup (Max at Slow Process Corner)
  Requirement:            10.000ns  (sys_clk_pin rise@10.000ns - sys_clk_pin rise@0.000ns)
  Data Path Delay:        3.680ns  (logic 0.999ns (27.149%)  route 2.681ns (72.851%))
  Logic Levels:           3  (LUT6=3)
  Clock Path Skew:        -0.145ns (DCD - SCD + CPR)
    Destination Clock Delay (DCD):    2.678ns = ( 12.678 - 10.000 ) 
    Source Clock Delay      (SCD):    2.938ns
    Clock Pessimism Removal (CPR):    0.115ns
  Clock Uncertainty:      0.035ns  ((TSJ^2 + TIJ^2)^1/2 + DJ) / 2 + PE
    Total System Jitter     (TSJ):    0.071ns
    Total Input Jitter      (TIJ):    0.000ns
    Discrete Jitter          (DJ):    0.000ns
    Phase Error              (PE):    0.000ns

    Location             Delay type                Incr(ns)  Path(ns)    Netlist Resource(s)
  -------------------------------------------------------------------    -------------------
                         (clock sys_clk_pin rise edge)
                                                      0.000     0.000 r  <hidden>
                         propagated clock network latency
                                                      2.938     2.938    <hidden>
                         FDRE                         0.000     2.938 r  cpu_inst/alu_result_reg_reg[22]/C
                         FDRE (Prop_fdre_C_Q)         0.456     3.394 f  cpu_inst/alu_result_reg_reg[22]/Q
                         net (fo=3, unplaced)         0.983     4.377    cpu_inst/data_mem_inst/regs_reg[31][31]_0[22]
                         LUT6 (Prop_lut6_I0_O)        0.295     4.672 r  cpu_inst/data_mem_inst/mem_reg_i_16/O
                         net (fo=1, unplaced)         0.449     5.121    cpu_inst/data_mem_inst/mem_reg_i_16_n_0
                         LUT6 (Prop_lut6_I5_O)        0.124     5.245 r  cpu_inst/data_mem_inst/mem_reg_i_12/O
                         net (fo=1, unplaced)         0.449     5.694    cpu_inst/data_mem_inst/mem_reg_i_12_n_0
                         LUT6 (Prop_lut6_I5_O)        0.124     5.818 r  cpu_inst/data_mem_inst/mem_reg_i_3/O
                         net (fo=4, unplaced)         0.800     6.618    cpu_inst/data_mem_inst/mem_reg_i_3_n_0
                         RAMB18E1                                     r  cpu_inst/data_mem_inst/mem_reg/WEA[0]
  -------------------------------------------------------------------    -------------------

                         (clock sys_clk_pin rise edge)
                                                     10.000    10.000 r  <hidden>
                         propagated clock network latency
                                                      2.678    12.678    <hidden>
                         clock pessimism              0.115    12.793    <hidden>
                         clock uncertainty           -0.035    12.758    <hidden>
                         RAMB18E1 (Setup_ramb18e1_CLKARDCLK_WEA[0])
                                                     -0.532    12.226    cpu_inst/data_mem_inst/mem_reg
  -------------------------------------------------------------------
                         required time                         12.226    <hidden>
                         arrival time                          -6.618    <hidden>
  -------------------------------------------------------------------
                         slack                                  5.608    <hidden>

Slack (MET) :             5.608ns  (required time - arrival time)
  Source:                 cpu_inst/alu_result_reg_reg[22]/C
                            (rising edge-triggered cell FDRE clocked by sys_clk_pin  {rise@0.000ns fall@5.000ns period=10.000ns})
  Destination:            cpu_inst/data_mem_inst/mem_reg/WEA[1]
                            (rising edge-triggered cell RAMB18E1 clocked by sys_clk_pin  {rise@0.000ns fall@5.000ns period=10.000ns})
  Path Group:             sys_clk_pin
  Path Type:              Setup (Max at Slow Process Corner)
  Requirement:            10.000ns  (sys_clk_pin rise@10.000ns - sys_clk_pin rise@0.000ns)
  Data Path Delay:        3.680ns  (logic 0.999ns (27.149%)  route 2.681ns (72.851%))
  Logic Levels:           3  (LUT6=3)
  Clock Path Skew:        -0.145ns (DCD - SCD + CPR)
    Destination Clock Delay (DCD):    2.678ns = ( 12.678 - 10.000 ) 
    Source Clock Delay      (SCD):    2.938ns
    Clock Pessimism Removal (CPR):    0.115ns
  Clock Uncertainty:      0.035ns  ((TSJ^2 + TIJ^2)^1/2 + DJ) / 2 + PE
    Total System Jitter     (TSJ):    0.071ns
    Total Input Jitter      (TIJ):    0.000ns
    Discrete Jitter          (DJ):    0.000ns
    Phase Error              (PE):    0.000ns

    Location             Delay type                Incr(ns)  Path(ns)    Netlist Resource(s)
  -------------------------------------------------------------------    -------------------
                         (clock sys_clk_pin rise edge)
                                                      0.000     0.000 r  <hidden>
                         propagated clock network latency
                                                      2.938     2.938    <hidden>
                         FDRE                         0.000     2.938 r  cpu_inst/alu_result_reg_reg[22]/C
                         FDRE (Prop_fdre_C_Q)         0.456     3.394 f  cpu_inst/alu_result_reg_reg[22]/Q
                         net (fo=3, unplaced)         0.983     4.377    cpu_inst/data_mem_inst/regs_reg[31][31]_0[22]
                         LUT6 (Prop_lut6_I0_O)        0.295     4.672 r  cpu_inst/data_mem_inst/mem_reg_i_16/O
                         net (fo=1, unplaced)         0.449     5.121    cpu_inst/data_mem_inst/mem_reg_i_16_n_0
                         LUT6 (Prop_lut6_I5_O)        0.124     5.245 r  cpu_inst/data_mem_inst/mem_reg_i_12/O
                         net (fo=1, unplaced)         0.449     5.694    cpu_inst/data_mem_inst/mem_reg_i_12_n_0
                         LUT6 (Prop_lut6_I5_O)        0.124     5.818 r  cpu_inst/data_mem_inst/mem_reg_i_3/O
                         net (fo=4, unplaced)         0.800     6.618    cpu_inst/data_mem_inst/mem_reg_i_3_n_0
                         RAMB18E1                                     r  cpu_inst/data_mem_inst/mem_reg/WEA[1]
  -------------------------------------------------------------------    -------------------

                         (clock sys_clk_pin rise edge)
                                                     10.000    10.000 r  <hidden>
                         propagated clock network latency
                                                      2.678    12.678    <hidden>
                         clock pessimism              0.115    12.793    <hidden>
                         clock uncertainty           -0.035    12.758    <hidden>
                         RAMB18E1 (Setup_ramb18e1_CLKARDCLK_WEA[1])
                                                     -0.532    12.226    cpu_inst/data_mem_inst/mem_reg
  -------------------------------------------------------------------
                         required time                         12.226    <hidden>
                         arrival time                          -6.618    <hidden>
  -------------------------------------------------------------------
                         slack                                  5.608    <hidden>

Slack (MET) :             5.608ns  (required time - arrival time)
  Source:                 cpu_inst/alu_result_reg_reg[22]/C
                            (rising edge-triggered cell FDRE clocked by sys_clk_pin  {rise@0.000ns fall@5.000ns period=10.000ns})
  Destination:            cpu_inst/data_mem_inst/mem_reg/WEBWE[0]
                            (rising edge-triggered cell RAMB18E1 clocked by sys_clk_pin  {rise@0.000ns fall@5.000ns period=10.000ns})
  Path Group:             sys_clk_pin
  Path Type:              Setup (Max at Slow Process Corner)
  Requirement:            10.000ns  (sys_clk_pin rise@10.000ns - sys_clk_pin rise@0.000ns)
  Data Path Delay:        3.680ns  (logic 0.999ns (27.149%)  route 2.681ns (72.851%))
  Logic Levels:           3  (LUT6=3)
  Clock Path Skew:        -0.145ns (DCD - SCD + CPR)
    Destination Clock Delay (DCD):    2.678ns = ( 12.678 - 10.000 ) 
    Source Clock Delay      (SCD):    2.938ns
    Clock Pessimism Removal (CPR):    0.115ns
  Clock Uncertainty:      0.035ns  ((TSJ^2 + TIJ^2)^1/2 + DJ) / 2 + PE
    Total System Jitter     (TSJ):    0.071ns
    Total Input Jitter      (TIJ):    0.000ns
    Discrete Jitter          (DJ):    0.000ns
    Phase Error              (PE):    0.000ns

    Location             Delay type                Incr(ns)  Path(ns)    Netlist Resource(s)
  -------------------------------------------------------------------    -------------------
                         (clock sys_clk_pin rise edge)
                                                      0.000     0.000 r  <hidden>
                         propagated clock network latency
                                                      2.938     2.938    <hidden>
                         FDRE                         0.000     2.938 r  cpu_inst/alu_result_reg_reg[22]/C
                         FDRE (Prop_fdre_C_Q)         0.456     3.394 f  cpu_inst/alu_result_reg_reg[22]/Q
                         net (fo=3, unplaced)         0.983     4.377    cpu_inst/data_mem_inst/regs_reg[31][31]_0[22]
                         LUT6 (Prop_lut6_I0_O)        0.295     4.672 r  cpu_inst/data_mem_inst/mem_reg_i_16/O
                         net (fo=1, unplaced)         0.449     5.121    cpu_inst/data_mem_inst/mem_reg_i_16_n_0
                         LUT6 (Prop_lut6_I5_O)        0.124     5.245 r  cpu_inst/data_mem_inst/mem_reg_i_12/O
                         net (fo=1, unplaced)         0.449     5.694    cpu_inst/data_mem_inst/mem_reg_i_12_n_0
                         LUT6 (Prop_lut6_I5_O)        0.124     5.818 r  cpu_inst/data_mem_inst/mem_reg_i_3/O
                         net (fo=4, unplaced)         0.800     6.618    cpu_inst/data_mem_inst/mem_reg_i_3_n_0
                         RAMB18E1                                     r  cpu_inst/data_mem_inst/mem_reg/WEBWE[0]
  -------------------------------------------------------------------    -------------------

                         (clock sys_clk_pin rise edge)
                                                     10.000    10.000 r  <hidden>
                         propagated clock network latency
                                                      2.678    12.678    <hidden>
                         clock pessimism              0.115    12.793    <hidden>
                         clock uncertainty           -0.035    12.758    <hidden>
                         RAMB18E1 (Setup_ramb18e1_CLKBWRCLK_WEBWE[0])
                                                     -0.532    12.226    cpu_inst/data_mem_inst/mem_reg
  -------------------------------------------------------------------
                         required time                         12.226    <hidden>
                         arrival time                          -6.618    <hidden>
  -------------------------------------------------------------------
                         slack                                  5.608    <hidden>

Slack (MET) :             5.608ns  (required time - arrival time)
  Source:                 cpu_inst/alu_result_reg_reg[22]/C
                            (rising edge-triggered cell FDRE clocked by sys_clk_pin  {rise@0.000ns fall@5.000ns period=10.000ns})
  Destination:            cpu_inst/data_mem_inst/mem_reg/WEBWE[1]
                            (rising edge-triggered cell RAMB18E1 clocked by sys_clk_pin  {rise@0.000ns fall@5.000ns period=10.000ns})
  Path Group:             sys_clk_pin
  Path Type:              Setup (Max at Slow Process Corner)
  Requirement:            10.000ns  (sys_clk_pin rise@10.000ns - sys_clk_pin rise@0.000ns)
  Data Path Delay:        3.680ns  (logic 0.999ns (27.149%)  route 2.681ns (72.851%))
  Logic Levels:           3  (LUT6=3)
  Clock Path Skew:        -0.145ns (DCD - SCD + CPR)
    Destination Clock Delay (DCD):    2.678ns = ( 12.678 - 10.000 ) 
    Source Clock Delay      (SCD):    2.938ns
    Clock Pessimism Removal (CPR):    0.115ns
  Clock Uncertainty:      0.035ns  ((TSJ^2 + TIJ^2)^1/2 + DJ) / 2 + PE
    Total System Jitter     (TSJ):    0.071ns
    Total Input Jitter      (TIJ):    0.000ns
    Discrete Jitter          (DJ):    0.000ns
    Phase Error              (PE):    0.000ns

    Location             Delay type                Incr(ns)  Path(ns)    Netlist Resource(s)
  -------------------------------------------------------------------    -------------------
                         (clock sys_clk_pin rise edge)
                                                      0.000     0.000 r  <hidden>
                         propagated clock network latency
                                                      2.938     2.938    <hidden>
                         FDRE                         0.000     2.938 r  cpu_inst/alu_result_reg_reg[22]/C
                         FDRE (Prop_fdre_C_Q)         0.456     3.394 f  cpu_inst/alu_result_reg_reg[22]/Q
                         net (fo=3, unplaced)         0.983     4.377    cpu_inst/data_mem_inst/regs_reg[31][31]_0[22]
                         LUT6 (Prop_lut6_I0_O)        0.295     4.672 r  cpu_inst/data_mem_inst/mem_reg_i_16/O
                         net (fo=1, unplaced)         0.449     5.121    cpu_inst/data_mem_inst/mem_reg_i_16_n_0
                         LUT6 (Prop_lut6_I5_O)        0.124     5.245 r  cpu_inst/data_mem_inst/mem_reg_i_12/O
                         net (fo=1, unplaced)         0.449     5.694    cpu_inst/data_mem_inst/mem_reg_i_12_n_0
                         LUT6 (Prop_lut6_I5_O)        0.124     5.818 r  cpu_inst/data_mem_inst/mem_reg_i_3/O
                         net (fo=4, unplaced)         0.800     6.618    cpu_inst/data_mem_inst/mem_reg_i_3_n_0
                         RAMB18E1                                     r  cpu_inst/data_mem_inst/mem_reg/WEBWE[1]
  -------------------------------------------------------------------    -------------------

                         (clock sys_clk_pin rise edge)
                                                     10.000    10.000 r  <hidden>
                         propagated clock network latency
                                                      2.678    12.678    <hidden>
                         clock pessimism              0.115    12.793    <hidden>
                         clock uncertainty           -0.035    12.758    <hidden>
                         RAMB18E1 (Setup_ramb18e1_CLKBWRCLK_WEBWE[1])
                                                     -0.532    12.226    cpu_inst/data_mem_inst/mem_reg
  -------------------------------------------------------------------
                         required time                         12.226    <hidden>
                         arrival time                          -6.618    <hidden>
  -------------------------------------------------------------------
                         slack                                  5.608    <hidden>




