Copyright 1986-2022 Xilinx, Inc. All Rights Reserved. Copyright 2022-2026 Advanced Micro Devices, Inc. All Rights Reserved.
------------------------------------------------------------------------------------------------------------------------------------------------------------------------
| Tool Version : Vivado v.2026.1 (win64) Build 6511674 Tue Jun 16 11:02:23 MDT 2026
| Date         : Sun Jul 12 13:45:41 2026
| Host         : DESKTOP-4GB7DVJ running 64-bit major release  (build 9200)
| Command      : report_timing -max_paths 10 -path_type full -file reports/phase13c_timing/sweep/period_9p250ns/timing/fpga_top_pipeline_timingopt_impl_worst_paths.rpt
| Design       : fpga_top_pipeline_timingopt
| Device       : 7a35t-cpg236
| Speed File   : -1  PRODUCTION 1.23 2018-06-13
| Design State : Routed
------------------------------------------------------------------------------------------------------------------------------------------------------------------------

Timing Report

Slack (MET) :             0.009ns  (required time - arrival time)
  Source:                 cpu_inst/ex_mem_reg_reg[rd][4]/C
                            (rising edge-triggered cell FDRE clocked by sys_clk_pin  {rise@0.000ns fall@4.625ns period=9.250ns})
  Destination:            cpu_inst/id_ex_reg_reg[operand_a][12]/R
                            (rising edge-triggered cell FDRE clocked by sys_clk_pin  {rise@0.000ns fall@4.625ns period=9.250ns})
  Path Group:             sys_clk_pin
  Path Type:              Setup (Max at Slow Process Corner)
  Requirement:            9.250ns  (sys_clk_pin rise@9.250ns - sys_clk_pin rise@0.000ns)
  Data Path Delay:        8.651ns  (logic 2.449ns (28.309%)  route 6.202ns (71.691%))
  Logic Levels:           10  (CARRY4=3 LUT3=1 LUT4=1 LUT5=2 LUT6=3)
  Clock Path Skew:        -0.031ns (DCD - SCD + CPR)
    Destination Clock Delay (DCD):    4.852ns = ( 14.102 - 9.250 ) 
    Source Clock Delay      (SCD):    5.156ns
    Clock Pessimism Removal (CPR):    0.273ns
  Clock Uncertainty:      0.035ns  ((TSJ^2 + TIJ^2)^1/2 + DJ) / 2 + PE
    Total System Jitter     (TSJ):    0.071ns
    Total Input Jitter      (TIJ):    0.000ns
    Discrete Jitter          (DJ):    0.000ns
    Phase Error              (PE):    0.000ns

    Location             Delay type                Incr(ns)  Path(ns)    Netlist Resource(s)
  -------------------------------------------------------------------    -------------------
                         (clock sys_clk_pin rise edge)
                                                      0.000     0.000 r  <hidden>
                         propagated clock network latency
                                                      5.156     5.156    <hidden>
    SLICE_X6Y5           FDRE                         0.000     5.156 r  cpu_inst/ex_mem_reg_reg[rd][4]/C
    SLICE_X6Y5           FDRE (Prop_fdre_C_Q)         0.518     5.674 r  cpu_inst/ex_mem_reg_reg[rd][4]/Q
                         net (fo=4, routed)           0.950     6.624    cpu_inst/ex_mem_reg_reg[rd][4]
    SLICE_X8Y5           LUT5 (Prop_lut5_I0_O)        0.124     6.748 r  cpu_inst/ex_mem_reg[store_data][31]_i_10/O
                         net (fo=1, routed)           0.764     7.512    cpu_inst/ex_mem_reg[store_data][31]_i_10_n_0
    SLICE_X9Y4           LUT4 (Prop_lut4_I0_O)        0.124     7.636 r  cpu_inst/ex_mem_reg[store_data][31]_i_4/O
                         net (fo=2, routed)           0.642     8.278    cpu_inst/ex_mem_reg[store_data][31]_i_4_n_0
    SLICE_X9Y12          LUT6 (Prop_lut6_I0_O)        0.124     8.402 r  cpu_inst/ex_mem_reg[store_data][31]_i_2/O
                         net (fo=64, routed)          1.065     9.467    cpu_inst/data_mem_inst/ex_mem_reg_reg[store_data][0]
    SLICE_X6Y6           LUT5 (Prop_lut5_I1_O)        0.124     9.591 r  cpu_inst/data_mem_inst/ex_mem_reg[store_data][2]_i_1/O
                         net (fo=4, routed)           0.845    10.436    cpu_inst/data_mem_inst/ex_store_data[2]
    SLICE_X7Y6           LUT6 (Prop_lut6_I2_O)        0.124    10.560 r  cpu_inst/data_mem_inst/i__carry_i_4/O
                         net (fo=1, routed)           0.000    10.560    cpu_inst/data_mem_inst_n_245
    SLICE_X7Y6           CARRY4 (Prop_carry4_S[0]_CO[3])
                                                      0.532    11.092 r  cpu_inst/ex_branch_taken0_inferred__0/i__carry/CO[3]
                         net (fo=1, routed)           0.000    11.092    cpu_inst/ex_branch_taken0_inferred__0/i__carry_n_0
    SLICE_X7Y7           CARRY4 (Prop_carry4_CI_CO[3])
                                                      0.114    11.206 r  cpu_inst/ex_branch_taken0_inferred__0/i__carry__0/CO[3]
                         net (fo=1, routed)           0.000    11.206    cpu_inst/ex_branch_taken0_inferred__0/i__carry__0_n_0
    SLICE_X7Y8           CARRY4 (Prop_carry4_CI_CO[2])
                                                      0.228    11.434 f  cpu_inst/ex_branch_taken0_inferred__0/i__carry__1/CO[2]
                         net (fo=39, routed)          0.517    11.951    cpu_inst/data_mem_inst/CO[0]
    SLICE_X7Y9           LUT6 (Prop_lut6_I4_O)        0.313    12.264 r  cpu_inst/data_mem_inst/id_ex_reg[imm_ext][12]_i_1/O
                         net (fo=130, routed)         0.758    13.022    cpu_inst/data_mem_inst/id_ex_reg_reg[valid]_1
    SLICE_X9Y15          LUT3 (Prop_lut3_I2_O)        0.124    13.146 r  cpu_inst/data_mem_inst/id_ex_reg[operand_a][31]_i_1/O
                         net (fo=32, routed)          0.661    13.807    cpu_inst/data_mem_inst_n_141
    SLICE_X6Y15          FDRE                                         r  cpu_inst/id_ex_reg_reg[operand_a][12]/R
  -------------------------------------------------------------------    -------------------

                         (clock sys_clk_pin rise edge)
                                                      9.250     9.250 r  <hidden>
                         propagated clock network latency
                                                      4.852    14.102    <hidden>
                         clock pessimism              0.273    14.375    <hidden>
                         clock uncertainty           -0.035    14.340    <hidden>
    SLICE_X6Y15          FDRE (Setup_fdre_C_R)       -0.524    13.816    cpu_inst/id_ex_reg_reg[operand_a][12]
  -------------------------------------------------------------------
                         required time                         13.816    <hidden>
                         arrival time                         -13.807    <hidden>
  -------------------------------------------------------------------
                         slack                                  0.009    <hidden>

Slack (MET) :             0.009ns  (required time - arrival time)
  Source:                 cpu_inst/ex_mem_reg_reg[rd][4]/C
                            (rising edge-triggered cell FDRE clocked by sys_clk_pin  {rise@0.000ns fall@4.625ns period=9.250ns})
  Destination:            cpu_inst/id_ex_reg_reg[operand_a][3]/R
                            (rising edge-triggered cell FDRE clocked by sys_clk_pin  {rise@0.000ns fall@4.625ns period=9.250ns})
  Path Group:             sys_clk_pin
  Path Type:              Setup (Max at Slow Process Corner)
  Requirement:            9.250ns  (sys_clk_pin rise@9.250ns - sys_clk_pin rise@0.000ns)
  Data Path Delay:        8.651ns  (logic 2.449ns (28.309%)  route 6.202ns (71.691%))
  Logic Levels:           10  (CARRY4=3 LUT3=1 LUT4=1 LUT5=2 LUT6=3)
  Clock Path Skew:        -0.031ns (DCD - SCD + CPR)
    Destination Clock Delay (DCD):    4.852ns = ( 14.102 - 9.250 ) 
    Source Clock Delay      (SCD):    5.156ns
    Clock Pessimism Removal (CPR):    0.273ns
  Clock Uncertainty:      0.035ns  ((TSJ^2 + TIJ^2)^1/2 + DJ) / 2 + PE
    Total System Jitter     (TSJ):    0.071ns
    Total Input Jitter      (TIJ):    0.000ns
    Discrete Jitter          (DJ):    0.000ns
    Phase Error              (PE):    0.000ns

    Location             Delay type                Incr(ns)  Path(ns)    Netlist Resource(s)
  -------------------------------------------------------------------    -------------------
                         (clock sys_clk_pin rise edge)
                                                      0.000     0.000 r  <hidden>
                         propagated clock network latency
                                                      5.156     5.156    <hidden>
    SLICE_X6Y5           FDRE                         0.000     5.156 r  cpu_inst/ex_mem_reg_reg[rd][4]/C
    SLICE_X6Y5           FDRE (Prop_fdre_C_Q)         0.518     5.674 r  cpu_inst/ex_mem_reg_reg[rd][4]/Q
                         net (fo=4, routed)           0.950     6.624    cpu_inst/ex_mem_reg_reg[rd][4]
    SLICE_X8Y5           LUT5 (Prop_lut5_I0_O)        0.124     6.748 r  cpu_inst/ex_mem_reg[store_data][31]_i_10/O
                         net (fo=1, routed)           0.764     7.512    cpu_inst/ex_mem_reg[store_data][31]_i_10_n_0
    SLICE_X9Y4           LUT4 (Prop_lut4_I0_O)        0.124     7.636 r  cpu_inst/ex_mem_reg[store_data][31]_i_4/O
                         net (fo=2, routed)           0.642     8.278    cpu_inst/ex_mem_reg[store_data][31]_i_4_n_0
    SLICE_X9Y12          LUT6 (Prop_lut6_I0_O)        0.124     8.402 r  cpu_inst/ex_mem_reg[store_data][31]_i_2/O
                         net (fo=64, routed)          1.065     9.467    cpu_inst/data_mem_inst/ex_mem_reg_reg[store_data][0]
    SLICE_X6Y6           LUT5 (Prop_lut5_I1_O)        0.124     9.591 r  cpu_inst/data_mem_inst/ex_mem_reg[store_data][2]_i_1/O
                         net (fo=4, routed)           0.845    10.436    cpu_inst/data_mem_inst/ex_store_data[2]
    SLICE_X7Y6           LUT6 (Prop_lut6_I2_O)        0.124    10.560 r  cpu_inst/data_mem_inst/i__carry_i_4/O
                         net (fo=1, routed)           0.000    10.560    cpu_inst/data_mem_inst_n_245
    SLICE_X7Y6           CARRY4 (Prop_carry4_S[0]_CO[3])
                                                      0.532    11.092 r  cpu_inst/ex_branch_taken0_inferred__0/i__carry/CO[3]
                         net (fo=1, routed)           0.000    11.092    cpu_inst/ex_branch_taken0_inferred__0/i__carry_n_0
    SLICE_X7Y7           CARRY4 (Prop_carry4_CI_CO[3])
                                                      0.114    11.206 r  cpu_inst/ex_branch_taken0_inferred__0/i__carry__0/CO[3]
                         net (fo=1, routed)           0.000    11.206    cpu_inst/ex_branch_taken0_inferred__0/i__carry__0_n_0
    SLICE_X7Y8           CARRY4 (Prop_carry4_CI_CO[2])
                                                      0.228    11.434 f  cpu_inst/ex_branch_taken0_inferred__0/i__carry__1/CO[2]
                         net (fo=39, routed)          0.517    11.951    cpu_inst/data_mem_inst/CO[0]
    SLICE_X7Y9           LUT6 (Prop_lut6_I4_O)        0.313    12.264 r  cpu_inst/data_mem_inst/id_ex_reg[imm_ext][12]_i_1/O
                         net (fo=130, routed)         0.758    13.022    cpu_inst/data_mem_inst/id_ex_reg_reg[valid]_1
    SLICE_X9Y15          LUT3 (Prop_lut3_I2_O)        0.124    13.146 r  cpu_inst/data_mem_inst/id_ex_reg[operand_a][31]_i_1/O
                         net (fo=32, routed)          0.661    13.807    cpu_inst/data_mem_inst_n_141
    SLICE_X6Y15          FDRE                                         r  cpu_inst/id_ex_reg_reg[operand_a][3]/R
  -------------------------------------------------------------------    -------------------

                         (clock sys_clk_pin rise edge)
                                                      9.250     9.250 r  <hidden>
                         propagated clock network latency
                                                      4.852    14.102    <hidden>
                         clock pessimism              0.273    14.375    <hidden>
                         clock uncertainty           -0.035    14.340    <hidden>
    SLICE_X6Y15          FDRE (Setup_fdre_C_R)       -0.524    13.816    cpu_inst/id_ex_reg_reg[operand_a][3]
  -------------------------------------------------------------------
                         required time                         13.816    <hidden>
                         arrival time                         -13.807    <hidden>
  -------------------------------------------------------------------
                         slack                                  0.009    <hidden>

Slack (MET) :             0.009ns  (required time - arrival time)
  Source:                 cpu_inst/ex_mem_reg_reg[rd][4]/C
                            (rising edge-triggered cell FDRE clocked by sys_clk_pin  {rise@0.000ns fall@4.625ns period=9.250ns})
  Destination:            cpu_inst/id_ex_reg_reg[operand_a][5]/R
                            (rising edge-triggered cell FDRE clocked by sys_clk_pin  {rise@0.000ns fall@4.625ns period=9.250ns})
  Path Group:             sys_clk_pin
  Path Type:              Setup (Max at Slow Process Corner)
  Requirement:            9.250ns  (sys_clk_pin rise@9.250ns - sys_clk_pin rise@0.000ns)
  Data Path Delay:        8.651ns  (logic 2.449ns (28.309%)  route 6.202ns (71.691%))
  Logic Levels:           10  (CARRY4=3 LUT3=1 LUT4=1 LUT5=2 LUT6=3)
  Clock Path Skew:        -0.031ns (DCD - SCD + CPR)
    Destination Clock Delay (DCD):    4.852ns = ( 14.102 - 9.250 ) 
    Source Clock Delay      (SCD):    5.156ns
    Clock Pessimism Removal (CPR):    0.273ns
  Clock Uncertainty:      0.035ns  ((TSJ^2 + TIJ^2)^1/2 + DJ) / 2 + PE
    Total System Jitter     (TSJ):    0.071ns
    Total Input Jitter      (TIJ):    0.000ns
    Discrete Jitter          (DJ):    0.000ns
    Phase Error              (PE):    0.000ns

    Location             Delay type                Incr(ns)  Path(ns)    Netlist Resource(s)
  -------------------------------------------------------------------    -------------------
                         (clock sys_clk_pin rise edge)
                                                      0.000     0.000 r  <hidden>
                         propagated clock network latency
                                                      5.156     5.156    <hidden>
    SLICE_X6Y5           FDRE                         0.000     5.156 r  cpu_inst/ex_mem_reg_reg[rd][4]/C
    SLICE_X6Y5           FDRE (Prop_fdre_C_Q)         0.518     5.674 r  cpu_inst/ex_mem_reg_reg[rd][4]/Q
                         net (fo=4, routed)           0.950     6.624    cpu_inst/ex_mem_reg_reg[rd][4]
    SLICE_X8Y5           LUT5 (Prop_lut5_I0_O)        0.124     6.748 r  cpu_inst/ex_mem_reg[store_data][31]_i_10/O
                         net (fo=1, routed)           0.764     7.512    cpu_inst/ex_mem_reg[store_data][31]_i_10_n_0
    SLICE_X9Y4           LUT4 (Prop_lut4_I0_O)        0.124     7.636 r  cpu_inst/ex_mem_reg[store_data][31]_i_4/O
                         net (fo=2, routed)           0.642     8.278    cpu_inst/ex_mem_reg[store_data][31]_i_4_n_0
    SLICE_X9Y12          LUT6 (Prop_lut6_I0_O)        0.124     8.402 r  cpu_inst/ex_mem_reg[store_data][31]_i_2/O
                         net (fo=64, routed)          1.065     9.467    cpu_inst/data_mem_inst/ex_mem_reg_reg[store_data][0]
    SLICE_X6Y6           LUT5 (Prop_lut5_I1_O)        0.124     9.591 r  cpu_inst/data_mem_inst/ex_mem_reg[store_data][2]_i_1/O
                         net (fo=4, routed)           0.845    10.436    cpu_inst/data_mem_inst/ex_store_data[2]
    SLICE_X7Y6           LUT6 (Prop_lut6_I2_O)        0.124    10.560 r  cpu_inst/data_mem_inst/i__carry_i_4/O
                         net (fo=1, routed)           0.000    10.560    cpu_inst/data_mem_inst_n_245
    SLICE_X7Y6           CARRY4 (Prop_carry4_S[0]_CO[3])
                                                      0.532    11.092 r  cpu_inst/ex_branch_taken0_inferred__0/i__carry/CO[3]
                         net (fo=1, routed)           0.000    11.092    cpu_inst/ex_branch_taken0_inferred__0/i__carry_n_0
    SLICE_X7Y7           CARRY4 (Prop_carry4_CI_CO[3])
                                                      0.114    11.206 r  cpu_inst/ex_branch_taken0_inferred__0/i__carry__0/CO[3]
                         net (fo=1, routed)           0.000    11.206    cpu_inst/ex_branch_taken0_inferred__0/i__carry__0_n_0
    SLICE_X7Y8           CARRY4 (Prop_carry4_CI_CO[2])
                                                      0.228    11.434 f  cpu_inst/ex_branch_taken0_inferred__0/i__carry__1/CO[2]
                         net (fo=39, routed)          0.517    11.951    cpu_inst/data_mem_inst/CO[0]
    SLICE_X7Y9           LUT6 (Prop_lut6_I4_O)        0.313    12.264 r  cpu_inst/data_mem_inst/id_ex_reg[imm_ext][12]_i_1/O
                         net (fo=130, routed)         0.758    13.022    cpu_inst/data_mem_inst/id_ex_reg_reg[valid]_1
    SLICE_X9Y15          LUT3 (Prop_lut3_I2_O)        0.124    13.146 r  cpu_inst/data_mem_inst/id_ex_reg[operand_a][31]_i_1/O
                         net (fo=32, routed)          0.661    13.807    cpu_inst/data_mem_inst_n_141
    SLICE_X6Y15          FDRE                                         r  cpu_inst/id_ex_reg_reg[operand_a][5]/R
  -------------------------------------------------------------------    -------------------

                         (clock sys_clk_pin rise edge)
                                                      9.250     9.250 r  <hidden>
                         propagated clock network latency
                                                      4.852    14.102    <hidden>
                         clock pessimism              0.273    14.375    <hidden>
                         clock uncertainty           -0.035    14.340    <hidden>
    SLICE_X6Y15          FDRE (Setup_fdre_C_R)       -0.524    13.816    cpu_inst/id_ex_reg_reg[operand_a][5]
  -------------------------------------------------------------------
                         required time                         13.816    <hidden>
                         arrival time                         -13.807    <hidden>
  -------------------------------------------------------------------
                         slack                                  0.009    <hidden>

Slack (MET) :             0.009ns  (required time - arrival time)
  Source:                 cpu_inst/ex_mem_reg_reg[rd][4]/C
                            (rising edge-triggered cell FDRE clocked by sys_clk_pin  {rise@0.000ns fall@4.625ns period=9.250ns})
  Destination:            cpu_inst/id_ex_reg_reg[operand_a][7]/R
                            (rising edge-triggered cell FDRE clocked by sys_clk_pin  {rise@0.000ns fall@4.625ns period=9.250ns})
  Path Group:             sys_clk_pin
  Path Type:              Setup (Max at Slow Process Corner)
  Requirement:            9.250ns  (sys_clk_pin rise@9.250ns - sys_clk_pin rise@0.000ns)
  Data Path Delay:        8.651ns  (logic 2.449ns (28.309%)  route 6.202ns (71.691%))
  Logic Levels:           10  (CARRY4=3 LUT3=1 LUT4=1 LUT5=2 LUT6=3)
  Clock Path Skew:        -0.031ns (DCD - SCD + CPR)
    Destination Clock Delay (DCD):    4.852ns = ( 14.102 - 9.250 ) 
    Source Clock Delay      (SCD):    5.156ns
    Clock Pessimism Removal (CPR):    0.273ns
  Clock Uncertainty:      0.035ns  ((TSJ^2 + TIJ^2)^1/2 + DJ) / 2 + PE
    Total System Jitter     (TSJ):    0.071ns
    Total Input Jitter      (TIJ):    0.000ns
    Discrete Jitter          (DJ):    0.000ns
    Phase Error              (PE):    0.000ns

    Location             Delay type                Incr(ns)  Path(ns)    Netlist Resource(s)
  -------------------------------------------------------------------    -------------------
                         (clock sys_clk_pin rise edge)
                                                      0.000     0.000 r  <hidden>
                         propagated clock network latency
                                                      5.156     5.156    <hidden>
    SLICE_X6Y5           FDRE                         0.000     5.156 r  cpu_inst/ex_mem_reg_reg[rd][4]/C
    SLICE_X6Y5           FDRE (Prop_fdre_C_Q)         0.518     5.674 r  cpu_inst/ex_mem_reg_reg[rd][4]/Q
                         net (fo=4, routed)           0.950     6.624    cpu_inst/ex_mem_reg_reg[rd][4]
    SLICE_X8Y5           LUT5 (Prop_lut5_I0_O)        0.124     6.748 r  cpu_inst/ex_mem_reg[store_data][31]_i_10/O
                         net (fo=1, routed)           0.764     7.512    cpu_inst/ex_mem_reg[store_data][31]_i_10_n_0
    SLICE_X9Y4           LUT4 (Prop_lut4_I0_O)        0.124     7.636 r  cpu_inst/ex_mem_reg[store_data][31]_i_4/O
                         net (fo=2, routed)           0.642     8.278    cpu_inst/ex_mem_reg[store_data][31]_i_4_n_0
    SLICE_X9Y12          LUT6 (Prop_lut6_I0_O)        0.124     8.402 r  cpu_inst/ex_mem_reg[store_data][31]_i_2/O
                         net (fo=64, routed)          1.065     9.467    cpu_inst/data_mem_inst/ex_mem_reg_reg[store_data][0]
    SLICE_X6Y6           LUT5 (Prop_lut5_I1_O)        0.124     9.591 r  cpu_inst/data_mem_inst/ex_mem_reg[store_data][2]_i_1/O
                         net (fo=4, routed)           0.845    10.436    cpu_inst/data_mem_inst/ex_store_data[2]
    SLICE_X7Y6           LUT6 (Prop_lut6_I2_O)        0.124    10.560 r  cpu_inst/data_mem_inst/i__carry_i_4/O
                         net (fo=1, routed)           0.000    10.560    cpu_inst/data_mem_inst_n_245
    SLICE_X7Y6           CARRY4 (Prop_carry4_S[0]_CO[3])
                                                      0.532    11.092 r  cpu_inst/ex_branch_taken0_inferred__0/i__carry/CO[3]
                         net (fo=1, routed)           0.000    11.092    cpu_inst/ex_branch_taken0_inferred__0/i__carry_n_0
    SLICE_X7Y7           CARRY4 (Prop_carry4_CI_CO[3])
                                                      0.114    11.206 r  cpu_inst/ex_branch_taken0_inferred__0/i__carry__0/CO[3]
                         net (fo=1, routed)           0.000    11.206    cpu_inst/ex_branch_taken0_inferred__0/i__carry__0_n_0
    SLICE_X7Y8           CARRY4 (Prop_carry4_CI_CO[2])
                                                      0.228    11.434 f  cpu_inst/ex_branch_taken0_inferred__0/i__carry__1/CO[2]
                         net (fo=39, routed)          0.517    11.951    cpu_inst/data_mem_inst/CO[0]
    SLICE_X7Y9           LUT6 (Prop_lut6_I4_O)        0.313    12.264 r  cpu_inst/data_mem_inst/id_ex_reg[imm_ext][12]_i_1/O
                         net (fo=130, routed)         0.758    13.022    cpu_inst/data_mem_inst/id_ex_reg_reg[valid]_1
    SLICE_X9Y15          LUT3 (Prop_lut3_I2_O)        0.124    13.146 r  cpu_inst/data_mem_inst/id_ex_reg[operand_a][31]_i_1/O
                         net (fo=32, routed)          0.661    13.807    cpu_inst/data_mem_inst_n_141
    SLICE_X6Y15          FDRE                                         r  cpu_inst/id_ex_reg_reg[operand_a][7]/R
  -------------------------------------------------------------------    -------------------

                         (clock sys_clk_pin rise edge)
                                                      9.250     9.250 r  <hidden>
                         propagated clock network latency
                                                      4.852    14.102    <hidden>
                         clock pessimism              0.273    14.375    <hidden>
                         clock uncertainty           -0.035    14.340    <hidden>
    SLICE_X6Y15          FDRE (Setup_fdre_C_R)       -0.524    13.816    cpu_inst/id_ex_reg_reg[operand_a][7]
  -------------------------------------------------------------------
                         required time                         13.816    <hidden>
                         arrival time                         -13.807    <hidden>
  -------------------------------------------------------------------
                         slack                                  0.009    <hidden>

Slack (MET) :             0.054ns  (required time - arrival time)
  Source:                 cpu_inst/ex_mem_reg_reg[rd][4]/C
                            (rising edge-triggered cell FDRE clocked by sys_clk_pin  {rise@0.000ns fall@4.625ns period=9.250ns})
  Destination:            cpu_inst/id_ex_reg_reg[operand_a][0]/R
                            (rising edge-triggered cell FDRE clocked by sys_clk_pin  {rise@0.000ns fall@4.625ns period=9.250ns})
  Path Group:             sys_clk_pin
  Path Type:              Setup (Max at Slow Process Corner)
  Requirement:            9.250ns  (sys_clk_pin rise@9.250ns - sys_clk_pin rise@0.000ns)
  Data Path Delay:        8.524ns  (logic 2.449ns (28.731%)  route 6.075ns (71.269%))
  Logic Levels:           10  (CARRY4=3 LUT3=1 LUT4=1 LUT5=2 LUT6=3)
  Clock Path Skew:        -0.113ns (DCD - SCD + CPR)
    Destination Clock Delay (DCD):    4.783ns = ( 14.033 - 9.250 ) 
    Source Clock Delay      (SCD):    5.156ns
    Clock Pessimism Removal (CPR):    0.260ns
  Clock Uncertainty:      0.035ns  ((TSJ^2 + TIJ^2)^1/2 + DJ) / 2 + PE
    Total System Jitter     (TSJ):    0.071ns
    Total Input Jitter      (TIJ):    0.000ns
    Discrete Jitter          (DJ):    0.000ns
    Phase Error              (PE):    0.000ns

    Location             Delay type                Incr(ns)  Path(ns)    Netlist Resource(s)
  -------------------------------------------------------------------    -------------------
                         (clock sys_clk_pin rise edge)
                                                      0.000     0.000 r  <hidden>
                         propagated clock network latency
                                                      5.156     5.156    <hidden>
    SLICE_X6Y5           FDRE                         0.000     5.156 r  cpu_inst/ex_mem_reg_reg[rd][4]/C
    SLICE_X6Y5           FDRE (Prop_fdre_C_Q)         0.518     5.674 r  cpu_inst/ex_mem_reg_reg[rd][4]/Q
                         net (fo=4, routed)           0.950     6.624    cpu_inst/ex_mem_reg_reg[rd][4]
    SLICE_X8Y5           LUT5 (Prop_lut5_I0_O)        0.124     6.748 r  cpu_inst/ex_mem_reg[store_data][31]_i_10/O
                         net (fo=1, routed)           0.764     7.512    cpu_inst/ex_mem_reg[store_data][31]_i_10_n_0
    SLICE_X9Y4           LUT4 (Prop_lut4_I0_O)        0.124     7.636 r  cpu_inst/ex_mem_reg[store_data][31]_i_4/O
                         net (fo=2, routed)           0.642     8.278    cpu_inst/ex_mem_reg[store_data][31]_i_4_n_0
    SLICE_X9Y12          LUT6 (Prop_lut6_I0_O)        0.124     8.402 r  cpu_inst/ex_mem_reg[store_data][31]_i_2/O
                         net (fo=64, routed)          1.065     9.467    cpu_inst/data_mem_inst/ex_mem_reg_reg[store_data][0]
    SLICE_X6Y6           LUT5 (Prop_lut5_I1_O)        0.124     9.591 r  cpu_inst/data_mem_inst/ex_mem_reg[store_data][2]_i_1/O
                         net (fo=4, routed)           0.845    10.436    cpu_inst/data_mem_inst/ex_store_data[2]
    SLICE_X7Y6           LUT6 (Prop_lut6_I2_O)        0.124    10.560 r  cpu_inst/data_mem_inst/i__carry_i_4/O
                         net (fo=1, routed)           0.000    10.560    cpu_inst/data_mem_inst_n_245
    SLICE_X7Y6           CARRY4 (Prop_carry4_S[0]_CO[3])
                                                      0.532    11.092 r  cpu_inst/ex_branch_taken0_inferred__0/i__carry/CO[3]
                         net (fo=1, routed)           0.000    11.092    cpu_inst/ex_branch_taken0_inferred__0/i__carry_n_0
    SLICE_X7Y7           CARRY4 (Prop_carry4_CI_CO[3])
                                                      0.114    11.206 r  cpu_inst/ex_branch_taken0_inferred__0/i__carry__0/CO[3]
                         net (fo=1, routed)           0.000    11.206    cpu_inst/ex_branch_taken0_inferred__0/i__carry__0_n_0
    SLICE_X7Y8           CARRY4 (Prop_carry4_CI_CO[2])
                                                      0.228    11.434 f  cpu_inst/ex_branch_taken0_inferred__0/i__carry__1/CO[2]
                         net (fo=39, routed)          0.517    11.951    cpu_inst/data_mem_inst/CO[0]
    SLICE_X7Y9           LUT6 (Prop_lut6_I4_O)        0.313    12.264 r  cpu_inst/data_mem_inst/id_ex_reg[imm_ext][12]_i_1/O
                         net (fo=130, routed)         0.758    13.022    cpu_inst/data_mem_inst/id_ex_reg_reg[valid]_1
    SLICE_X9Y15          LUT3 (Prop_lut3_I2_O)        0.124    13.146 r  cpu_inst/data_mem_inst/id_ex_reg[operand_a][31]_i_1/O
                         net (fo=32, routed)          0.534    13.680    cpu_inst/data_mem_inst_n_141
    SLICE_X8Y17          FDRE                                         r  cpu_inst/id_ex_reg_reg[operand_a][0]/R
  -------------------------------------------------------------------    -------------------

                         (clock sys_clk_pin rise edge)
                                                      9.250     9.250 r  <hidden>
                         propagated clock network latency
                                                      4.783    14.033    <hidden>
                         clock pessimism              0.260    14.293    <hidden>
                         clock uncertainty           -0.035    14.258    <hidden>
    SLICE_X8Y17          FDRE (Setup_fdre_C_R)       -0.524    13.734    cpu_inst/id_ex_reg_reg[operand_a][0]
  -------------------------------------------------------------------
                         required time                         13.734    <hidden>
                         arrival time                         -13.680    <hidden>
  -------------------------------------------------------------------
                         slack                                  0.054    <hidden>

Slack (MET) :             0.054ns  (required time - arrival time)
  Source:                 cpu_inst/ex_mem_reg_reg[rd][4]/C
                            (rising edge-triggered cell FDRE clocked by sys_clk_pin  {rise@0.000ns fall@4.625ns period=9.250ns})
  Destination:            cpu_inst/id_ex_reg_reg[operand_a][22]/R
                            (rising edge-triggered cell FDRE clocked by sys_clk_pin  {rise@0.000ns fall@4.625ns period=9.250ns})
  Path Group:             sys_clk_pin
  Path Type:              Setup (Max at Slow Process Corner)
  Requirement:            9.250ns  (sys_clk_pin rise@9.250ns - sys_clk_pin rise@0.000ns)
  Data Path Delay:        8.524ns  (logic 2.449ns (28.731%)  route 6.075ns (71.269%))
  Logic Levels:           10  (CARRY4=3 LUT3=1 LUT4=1 LUT5=2 LUT6=3)
  Clock Path Skew:        -0.113ns (DCD - SCD + CPR)
    Destination Clock Delay (DCD):    4.783ns = ( 14.033 - 9.250 ) 
    Source Clock Delay      (SCD):    5.156ns
    Clock Pessimism Removal (CPR):    0.260ns
  Clock Uncertainty:      0.035ns  ((TSJ^2 + TIJ^2)^1/2 + DJ) / 2 + PE
    Total System Jitter     (TSJ):    0.071ns
    Total Input Jitter      (TIJ):    0.000ns
    Discrete Jitter          (DJ):    0.000ns
    Phase Error              (PE):    0.000ns

    Location             Delay type                Incr(ns)  Path(ns)    Netlist Resource(s)
  -------------------------------------------------------------------    -------------------
                         (clock sys_clk_pin rise edge)
                                                      0.000     0.000 r  <hidden>
                         propagated clock network latency
                                                      5.156     5.156    <hidden>
    SLICE_X6Y5           FDRE                         0.000     5.156 r  cpu_inst/ex_mem_reg_reg[rd][4]/C
    SLICE_X6Y5           FDRE (Prop_fdre_C_Q)         0.518     5.674 r  cpu_inst/ex_mem_reg_reg[rd][4]/Q
                         net (fo=4, routed)           0.950     6.624    cpu_inst/ex_mem_reg_reg[rd][4]
    SLICE_X8Y5           LUT5 (Prop_lut5_I0_O)        0.124     6.748 r  cpu_inst/ex_mem_reg[store_data][31]_i_10/O
                         net (fo=1, routed)           0.764     7.512    cpu_inst/ex_mem_reg[store_data][31]_i_10_n_0
    SLICE_X9Y4           LUT4 (Prop_lut4_I0_O)        0.124     7.636 r  cpu_inst/ex_mem_reg[store_data][31]_i_4/O
                         net (fo=2, routed)           0.642     8.278    cpu_inst/ex_mem_reg[store_data][31]_i_4_n_0
    SLICE_X9Y12          LUT6 (Prop_lut6_I0_O)        0.124     8.402 r  cpu_inst/ex_mem_reg[store_data][31]_i_2/O
                         net (fo=64, routed)          1.065     9.467    cpu_inst/data_mem_inst/ex_mem_reg_reg[store_data][0]
    SLICE_X6Y6           LUT5 (Prop_lut5_I1_O)        0.124     9.591 r  cpu_inst/data_mem_inst/ex_mem_reg[store_data][2]_i_1/O
                         net (fo=4, routed)           0.845    10.436    cpu_inst/data_mem_inst/ex_store_data[2]
    SLICE_X7Y6           LUT6 (Prop_lut6_I2_O)        0.124    10.560 r  cpu_inst/data_mem_inst/i__carry_i_4/O
                         net (fo=1, routed)           0.000    10.560    cpu_inst/data_mem_inst_n_245
    SLICE_X7Y6           CARRY4 (Prop_carry4_S[0]_CO[3])
                                                      0.532    11.092 r  cpu_inst/ex_branch_taken0_inferred__0/i__carry/CO[3]
                         net (fo=1, routed)           0.000    11.092    cpu_inst/ex_branch_taken0_inferred__0/i__carry_n_0
    SLICE_X7Y7           CARRY4 (Prop_carry4_CI_CO[3])
                                                      0.114    11.206 r  cpu_inst/ex_branch_taken0_inferred__0/i__carry__0/CO[3]
                         net (fo=1, routed)           0.000    11.206    cpu_inst/ex_branch_taken0_inferred__0/i__carry__0_n_0
    SLICE_X7Y8           CARRY4 (Prop_carry4_CI_CO[2])
                                                      0.228    11.434 f  cpu_inst/ex_branch_taken0_inferred__0/i__carry__1/CO[2]
                         net (fo=39, routed)          0.517    11.951    cpu_inst/data_mem_inst/CO[0]
    SLICE_X7Y9           LUT6 (Prop_lut6_I4_O)        0.313    12.264 r  cpu_inst/data_mem_inst/id_ex_reg[imm_ext][12]_i_1/O
                         net (fo=130, routed)         0.758    13.022    cpu_inst/data_mem_inst/id_ex_reg_reg[valid]_1
    SLICE_X9Y15          LUT3 (Prop_lut3_I2_O)        0.124    13.146 r  cpu_inst/data_mem_inst/id_ex_reg[operand_a][31]_i_1/O
                         net (fo=32, routed)          0.534    13.680    cpu_inst/data_mem_inst_n_141
    SLICE_X8Y17          FDRE                                         r  cpu_inst/id_ex_reg_reg[operand_a][22]/R
  -------------------------------------------------------------------    -------------------

                         (clock sys_clk_pin rise edge)
                                                      9.250     9.250 r  <hidden>
                         propagated clock network latency
                                                      4.783    14.033    <hidden>
                         clock pessimism              0.260    14.293    <hidden>
                         clock uncertainty           -0.035    14.258    <hidden>
    SLICE_X8Y17          FDRE (Setup_fdre_C_R)       -0.524    13.734    cpu_inst/id_ex_reg_reg[operand_a][22]
  -------------------------------------------------------------------
                         required time                         13.734    <hidden>
                         arrival time                         -13.680    <hidden>
  -------------------------------------------------------------------
                         slack                                  0.054    <hidden>

Slack (MET) :             0.054ns  (required time - arrival time)
  Source:                 cpu_inst/ex_mem_reg_reg[rd][4]/C
                            (rising edge-triggered cell FDRE clocked by sys_clk_pin  {rise@0.000ns fall@4.625ns period=9.250ns})
  Destination:            cpu_inst/id_ex_reg_reg[operand_a][23]/R
                            (rising edge-triggered cell FDRE clocked by sys_clk_pin  {rise@0.000ns fall@4.625ns period=9.250ns})
  Path Group:             sys_clk_pin
  Path Type:              Setup (Max at Slow Process Corner)
  Requirement:            9.250ns  (sys_clk_pin rise@9.250ns - sys_clk_pin rise@0.000ns)
  Data Path Delay:        8.524ns  (logic 2.449ns (28.731%)  route 6.075ns (71.269%))
  Logic Levels:           10  (CARRY4=3 LUT3=1 LUT4=1 LUT5=2 LUT6=3)
  Clock Path Skew:        -0.113ns (DCD - SCD + CPR)
    Destination Clock Delay (DCD):    4.783ns = ( 14.033 - 9.250 ) 
    Source Clock Delay      (SCD):    5.156ns
    Clock Pessimism Removal (CPR):    0.260ns
  Clock Uncertainty:      0.035ns  ((TSJ^2 + TIJ^2)^1/2 + DJ) / 2 + PE
    Total System Jitter     (TSJ):    0.071ns
    Total Input Jitter      (TIJ):    0.000ns
    Discrete Jitter          (DJ):    0.000ns
    Phase Error              (PE):    0.000ns

    Location             Delay type                Incr(ns)  Path(ns)    Netlist Resource(s)
  -------------------------------------------------------------------    -------------------
                         (clock sys_clk_pin rise edge)
                                                      0.000     0.000 r  <hidden>
                         propagated clock network latency
                                                      5.156     5.156    <hidden>
    SLICE_X6Y5           FDRE                         0.000     5.156 r  cpu_inst/ex_mem_reg_reg[rd][4]/C
    SLICE_X6Y5           FDRE (Prop_fdre_C_Q)         0.518     5.674 r  cpu_inst/ex_mem_reg_reg[rd][4]/Q
                         net (fo=4, routed)           0.950     6.624    cpu_inst/ex_mem_reg_reg[rd][4]
    SLICE_X8Y5           LUT5 (Prop_lut5_I0_O)        0.124     6.748 r  cpu_inst/ex_mem_reg[store_data][31]_i_10/O
                         net (fo=1, routed)           0.764     7.512    cpu_inst/ex_mem_reg[store_data][31]_i_10_n_0
    SLICE_X9Y4           LUT4 (Prop_lut4_I0_O)        0.124     7.636 r  cpu_inst/ex_mem_reg[store_data][31]_i_4/O
                         net (fo=2, routed)           0.642     8.278    cpu_inst/ex_mem_reg[store_data][31]_i_4_n_0
    SLICE_X9Y12          LUT6 (Prop_lut6_I0_O)        0.124     8.402 r  cpu_inst/ex_mem_reg[store_data][31]_i_2/O
                         net (fo=64, routed)          1.065     9.467    cpu_inst/data_mem_inst/ex_mem_reg_reg[store_data][0]
    SLICE_X6Y6           LUT5 (Prop_lut5_I1_O)        0.124     9.591 r  cpu_inst/data_mem_inst/ex_mem_reg[store_data][2]_i_1/O
                         net (fo=4, routed)           0.845    10.436    cpu_inst/data_mem_inst/ex_store_data[2]
    SLICE_X7Y6           LUT6 (Prop_lut6_I2_O)        0.124    10.560 r  cpu_inst/data_mem_inst/i__carry_i_4/O
                         net (fo=1, routed)           0.000    10.560    cpu_inst/data_mem_inst_n_245
    SLICE_X7Y6           CARRY4 (Prop_carry4_S[0]_CO[3])
                                                      0.532    11.092 r  cpu_inst/ex_branch_taken0_inferred__0/i__carry/CO[3]
                         net (fo=1, routed)           0.000    11.092    cpu_inst/ex_branch_taken0_inferred__0/i__carry_n_0
    SLICE_X7Y7           CARRY4 (Prop_carry4_CI_CO[3])
                                                      0.114    11.206 r  cpu_inst/ex_branch_taken0_inferred__0/i__carry__0/CO[3]
                         net (fo=1, routed)           0.000    11.206    cpu_inst/ex_branch_taken0_inferred__0/i__carry__0_n_0
    SLICE_X7Y8           CARRY4 (Prop_carry4_CI_CO[2])
                                                      0.228    11.434 f  cpu_inst/ex_branch_taken0_inferred__0/i__carry__1/CO[2]
                         net (fo=39, routed)          0.517    11.951    cpu_inst/data_mem_inst/CO[0]
    SLICE_X7Y9           LUT6 (Prop_lut6_I4_O)        0.313    12.264 r  cpu_inst/data_mem_inst/id_ex_reg[imm_ext][12]_i_1/O
                         net (fo=130, routed)         0.758    13.022    cpu_inst/data_mem_inst/id_ex_reg_reg[valid]_1
    SLICE_X9Y15          LUT3 (Prop_lut3_I2_O)        0.124    13.146 r  cpu_inst/data_mem_inst/id_ex_reg[operand_a][31]_i_1/O
                         net (fo=32, routed)          0.534    13.680    cpu_inst/data_mem_inst_n_141
    SLICE_X8Y17          FDRE                                         r  cpu_inst/id_ex_reg_reg[operand_a][23]/R
  -------------------------------------------------------------------    -------------------

                         (clock sys_clk_pin rise edge)
                                                      9.250     9.250 r  <hidden>
                         propagated clock network latency
                                                      4.783    14.033    <hidden>
                         clock pessimism              0.260    14.293    <hidden>
                         clock uncertainty           -0.035    14.258    <hidden>
    SLICE_X8Y17          FDRE (Setup_fdre_C_R)       -0.524    13.734    cpu_inst/id_ex_reg_reg[operand_a][23]
  -------------------------------------------------------------------
                         required time                         13.734    <hidden>
                         arrival time                         -13.680    <hidden>
  -------------------------------------------------------------------
                         slack                                  0.054    <hidden>

Slack (MET) :             0.054ns  (required time - arrival time)
  Source:                 cpu_inst/ex_mem_reg_reg[rd][4]/C
                            (rising edge-triggered cell FDRE clocked by sys_clk_pin  {rise@0.000ns fall@4.625ns period=9.250ns})
  Destination:            cpu_inst/id_ex_reg_reg[operand_a][26]/R
                            (rising edge-triggered cell FDRE clocked by sys_clk_pin  {rise@0.000ns fall@4.625ns period=9.250ns})
  Path Group:             sys_clk_pin
  Path Type:              Setup (Max at Slow Process Corner)
  Requirement:            9.250ns  (sys_clk_pin rise@9.250ns - sys_clk_pin rise@0.000ns)
  Data Path Delay:        8.524ns  (logic 2.449ns (28.731%)  route 6.075ns (71.269%))
  Logic Levels:           10  (CARRY4=3 LUT3=1 LUT4=1 LUT5=2 LUT6=3)
  Clock Path Skew:        -0.113ns (DCD - SCD + CPR)
    Destination Clock Delay (DCD):    4.783ns = ( 14.033 - 9.250 ) 
    Source Clock Delay      (SCD):    5.156ns
    Clock Pessimism Removal (CPR):    0.260ns
  Clock Uncertainty:      0.035ns  ((TSJ^2 + TIJ^2)^1/2 + DJ) / 2 + PE
    Total System Jitter     (TSJ):    0.071ns
    Total Input Jitter      (TIJ):    0.000ns
    Discrete Jitter          (DJ):    0.000ns
    Phase Error              (PE):    0.000ns

    Location             Delay type                Incr(ns)  Path(ns)    Netlist Resource(s)
  -------------------------------------------------------------------    -------------------
                         (clock sys_clk_pin rise edge)
                                                      0.000     0.000 r  <hidden>
                         propagated clock network latency
                                                      5.156     5.156    <hidden>
    SLICE_X6Y5           FDRE                         0.000     5.156 r  cpu_inst/ex_mem_reg_reg[rd][4]/C
    SLICE_X6Y5           FDRE (Prop_fdre_C_Q)         0.518     5.674 r  cpu_inst/ex_mem_reg_reg[rd][4]/Q
                         net (fo=4, routed)           0.950     6.624    cpu_inst/ex_mem_reg_reg[rd][4]
    SLICE_X8Y5           LUT5 (Prop_lut5_I0_O)        0.124     6.748 r  cpu_inst/ex_mem_reg[store_data][31]_i_10/O
                         net (fo=1, routed)           0.764     7.512    cpu_inst/ex_mem_reg[store_data][31]_i_10_n_0
    SLICE_X9Y4           LUT4 (Prop_lut4_I0_O)        0.124     7.636 r  cpu_inst/ex_mem_reg[store_data][31]_i_4/O
                         net (fo=2, routed)           0.642     8.278    cpu_inst/ex_mem_reg[store_data][31]_i_4_n_0
    SLICE_X9Y12          LUT6 (Prop_lut6_I0_O)        0.124     8.402 r  cpu_inst/ex_mem_reg[store_data][31]_i_2/O
                         net (fo=64, routed)          1.065     9.467    cpu_inst/data_mem_inst/ex_mem_reg_reg[store_data][0]
    SLICE_X6Y6           LUT5 (Prop_lut5_I1_O)        0.124     9.591 r  cpu_inst/data_mem_inst/ex_mem_reg[store_data][2]_i_1/O
                         net (fo=4, routed)           0.845    10.436    cpu_inst/data_mem_inst/ex_store_data[2]
    SLICE_X7Y6           LUT6 (Prop_lut6_I2_O)        0.124    10.560 r  cpu_inst/data_mem_inst/i__carry_i_4/O
                         net (fo=1, routed)           0.000    10.560    cpu_inst/data_mem_inst_n_245
    SLICE_X7Y6           CARRY4 (Prop_carry4_S[0]_CO[3])
                                                      0.532    11.092 r  cpu_inst/ex_branch_taken0_inferred__0/i__carry/CO[3]
                         net (fo=1, routed)           0.000    11.092    cpu_inst/ex_branch_taken0_inferred__0/i__carry_n_0
    SLICE_X7Y7           CARRY4 (Prop_carry4_CI_CO[3])
                                                      0.114    11.206 r  cpu_inst/ex_branch_taken0_inferred__0/i__carry__0/CO[3]
                         net (fo=1, routed)           0.000    11.206    cpu_inst/ex_branch_taken0_inferred__0/i__carry__0_n_0
    SLICE_X7Y8           CARRY4 (Prop_carry4_CI_CO[2])
                                                      0.228    11.434 f  cpu_inst/ex_branch_taken0_inferred__0/i__carry__1/CO[2]
                         net (fo=39, routed)          0.517    11.951    cpu_inst/data_mem_inst/CO[0]
    SLICE_X7Y9           LUT6 (Prop_lut6_I4_O)        0.313    12.264 r  cpu_inst/data_mem_inst/id_ex_reg[imm_ext][12]_i_1/O
                         net (fo=130, routed)         0.758    13.022    cpu_inst/data_mem_inst/id_ex_reg_reg[valid]_1
    SLICE_X9Y15          LUT3 (Prop_lut3_I2_O)        0.124    13.146 r  cpu_inst/data_mem_inst/id_ex_reg[operand_a][31]_i_1/O
                         net (fo=32, routed)          0.534    13.680    cpu_inst/data_mem_inst_n_141
    SLICE_X8Y17          FDRE                                         r  cpu_inst/id_ex_reg_reg[operand_a][26]/R
  -------------------------------------------------------------------    -------------------

                         (clock sys_clk_pin rise edge)
                                                      9.250     9.250 r  <hidden>
                         propagated clock network latency
                                                      4.783    14.033    <hidden>
                         clock pessimism              0.260    14.293    <hidden>
                         clock uncertainty           -0.035    14.258    <hidden>
    SLICE_X8Y17          FDRE (Setup_fdre_C_R)       -0.524    13.734    cpu_inst/id_ex_reg_reg[operand_a][26]
  -------------------------------------------------------------------
                         required time                         13.734    <hidden>
                         arrival time                         -13.680    <hidden>
  -------------------------------------------------------------------
                         slack                                  0.054    <hidden>

Slack (MET) :             0.055ns  (required time - arrival time)
  Source:                 cpu_inst/ex_mem_reg_reg[rd][4]/C
                            (rising edge-triggered cell FDRE clocked by sys_clk_pin  {rise@0.000ns fall@4.625ns period=9.250ns})
  Destination:            cpu_inst/id_ex_reg_reg[operand_a][10]/R
                            (rising edge-triggered cell FDRE clocked by sys_clk_pin  {rise@0.000ns fall@4.625ns period=9.250ns})
  Path Group:             sys_clk_pin
  Path Type:              Setup (Max at Slow Process Corner)
  Requirement:            9.250ns  (sys_clk_pin rise@9.250ns - sys_clk_pin rise@0.000ns)
  Data Path Delay:        8.526ns  (logic 2.449ns (28.725%)  route 6.077ns (71.275%))
  Logic Levels:           10  (CARRY4=3 LUT3=1 LUT4=1 LUT5=2 LUT6=3)
  Clock Path Skew:        -0.110ns (DCD - SCD + CPR)
    Destination Clock Delay (DCD):    4.786ns = ( 14.036 - 9.250 ) 
    Source Clock Delay      (SCD):    5.156ns
    Clock Pessimism Removal (CPR):    0.260ns
  Clock Uncertainty:      0.035ns  ((TSJ^2 + TIJ^2)^1/2 + DJ) / 2 + PE
    Total System Jitter     (TSJ):    0.071ns
    Total Input Jitter      (TIJ):    0.000ns
    Discrete Jitter          (DJ):    0.000ns
    Phase Error              (PE):    0.000ns

    Location             Delay type                Incr(ns)  Path(ns)    Netlist Resource(s)
  -------------------------------------------------------------------    -------------------
                         (clock sys_clk_pin rise edge)
                                                      0.000     0.000 r  <hidden>
                         propagated clock network latency
                                                      5.156     5.156    <hidden>
    SLICE_X6Y5           FDRE                         0.000     5.156 r  cpu_inst/ex_mem_reg_reg[rd][4]/C
    SLICE_X6Y5           FDRE (Prop_fdre_C_Q)         0.518     5.674 r  cpu_inst/ex_mem_reg_reg[rd][4]/Q
                         net (fo=4, routed)           0.950     6.624    cpu_inst/ex_mem_reg_reg[rd][4]
    SLICE_X8Y5           LUT5 (Prop_lut5_I0_O)        0.124     6.748 r  cpu_inst/ex_mem_reg[store_data][31]_i_10/O
                         net (fo=1, routed)           0.764     7.512    cpu_inst/ex_mem_reg[store_data][31]_i_10_n_0
    SLICE_X9Y4           LUT4 (Prop_lut4_I0_O)        0.124     7.636 r  cpu_inst/ex_mem_reg[store_data][31]_i_4/O
                         net (fo=2, routed)           0.642     8.278    cpu_inst/ex_mem_reg[store_data][31]_i_4_n_0
    SLICE_X9Y12          LUT6 (Prop_lut6_I0_O)        0.124     8.402 r  cpu_inst/ex_mem_reg[store_data][31]_i_2/O
                         net (fo=64, routed)          1.065     9.467    cpu_inst/data_mem_inst/ex_mem_reg_reg[store_data][0]
    SLICE_X6Y6           LUT5 (Prop_lut5_I1_O)        0.124     9.591 r  cpu_inst/data_mem_inst/ex_mem_reg[store_data][2]_i_1/O
                         net (fo=4, routed)           0.845    10.436    cpu_inst/data_mem_inst/ex_store_data[2]
    SLICE_X7Y6           LUT6 (Prop_lut6_I2_O)        0.124    10.560 r  cpu_inst/data_mem_inst/i__carry_i_4/O
                         net (fo=1, routed)           0.000    10.560    cpu_inst/data_mem_inst_n_245
    SLICE_X7Y6           CARRY4 (Prop_carry4_S[0]_CO[3])
                                                      0.532    11.092 r  cpu_inst/ex_branch_taken0_inferred__0/i__carry/CO[3]
                         net (fo=1, routed)           0.000    11.092    cpu_inst/ex_branch_taken0_inferred__0/i__carry_n_0
    SLICE_X7Y7           CARRY4 (Prop_carry4_CI_CO[3])
                                                      0.114    11.206 r  cpu_inst/ex_branch_taken0_inferred__0/i__carry__0/CO[3]
                         net (fo=1, routed)           0.000    11.206    cpu_inst/ex_branch_taken0_inferred__0/i__carry__0_n_0
    SLICE_X7Y8           CARRY4 (Prop_carry4_CI_CO[2])
                                                      0.228    11.434 f  cpu_inst/ex_branch_taken0_inferred__0/i__carry__1/CO[2]
                         net (fo=39, routed)          0.517    11.951    cpu_inst/data_mem_inst/CO[0]
    SLICE_X7Y9           LUT6 (Prop_lut6_I4_O)        0.313    12.264 r  cpu_inst/data_mem_inst/id_ex_reg[imm_ext][12]_i_1/O
                         net (fo=130, routed)         0.758    13.022    cpu_inst/data_mem_inst/id_ex_reg_reg[valid]_1
    SLICE_X9Y15          LUT3 (Prop_lut3_I2_O)        0.124    13.146 r  cpu_inst/data_mem_inst/id_ex_reg[operand_a][31]_i_1/O
                         net (fo=32, routed)          0.536    13.682    cpu_inst/data_mem_inst_n_141
    SLICE_X8Y14          FDRE                                         r  cpu_inst/id_ex_reg_reg[operand_a][10]/R
  -------------------------------------------------------------------    -------------------

                         (clock sys_clk_pin rise edge)
                                                      9.250     9.250 r  <hidden>
                         propagated clock network latency
                                                      4.786    14.036    <hidden>
                         clock pessimism              0.260    14.296    <hidden>
                         clock uncertainty           -0.035    14.261    <hidden>
    SLICE_X8Y14          FDRE (Setup_fdre_C_R)       -0.524    13.737    cpu_inst/id_ex_reg_reg[operand_a][10]
  -------------------------------------------------------------------
                         required time                         13.737    <hidden>
                         arrival time                         -13.682    <hidden>
  -------------------------------------------------------------------
                         slack                                  0.055    <hidden>

Slack (MET) :             0.055ns  (required time - arrival time)
  Source:                 cpu_inst/ex_mem_reg_reg[rd][4]/C
                            (rising edge-triggered cell FDRE clocked by sys_clk_pin  {rise@0.000ns fall@4.625ns period=9.250ns})
  Destination:            cpu_inst/id_ex_reg_reg[operand_a][13]/R
                            (rising edge-triggered cell FDRE clocked by sys_clk_pin  {rise@0.000ns fall@4.625ns period=9.250ns})
  Path Group:             sys_clk_pin
  Path Type:              Setup (Max at Slow Process Corner)
  Requirement:            9.250ns  (sys_clk_pin rise@9.250ns - sys_clk_pin rise@0.000ns)
  Data Path Delay:        8.526ns  (logic 2.449ns (28.725%)  route 6.077ns (71.275%))
  Logic Levels:           10  (CARRY4=3 LUT3=1 LUT4=1 LUT5=2 LUT6=3)
  Clock Path Skew:        -0.110ns (DCD - SCD + CPR)
    Destination Clock Delay (DCD):    4.786ns = ( 14.036 - 9.250 ) 
    Source Clock Delay      (SCD):    5.156ns
    Clock Pessimism Removal (CPR):    0.260ns
  Clock Uncertainty:      0.035ns  ((TSJ^2 + TIJ^2)^1/2 + DJ) / 2 + PE
    Total System Jitter     (TSJ):    0.071ns
    Total Input Jitter      (TIJ):    0.000ns
    Discrete Jitter          (DJ):    0.000ns
    Phase Error              (PE):    0.000ns

    Location             Delay type                Incr(ns)  Path(ns)    Netlist Resource(s)
  -------------------------------------------------------------------    -------------------
                         (clock sys_clk_pin rise edge)
                                                      0.000     0.000 r  <hidden>
                         propagated clock network latency
                                                      5.156     5.156    <hidden>
    SLICE_X6Y5           FDRE                         0.000     5.156 r  cpu_inst/ex_mem_reg_reg[rd][4]/C
    SLICE_X6Y5           FDRE (Prop_fdre_C_Q)         0.518     5.674 r  cpu_inst/ex_mem_reg_reg[rd][4]/Q
                         net (fo=4, routed)           0.950     6.624    cpu_inst/ex_mem_reg_reg[rd][4]
    SLICE_X8Y5           LUT5 (Prop_lut5_I0_O)        0.124     6.748 r  cpu_inst/ex_mem_reg[store_data][31]_i_10/O
                         net (fo=1, routed)           0.764     7.512    cpu_inst/ex_mem_reg[store_data][31]_i_10_n_0
    SLICE_X9Y4           LUT4 (Prop_lut4_I0_O)        0.124     7.636 r  cpu_inst/ex_mem_reg[store_data][31]_i_4/O
                         net (fo=2, routed)           0.642     8.278    cpu_inst/ex_mem_reg[store_data][31]_i_4_n_0
    SLICE_X9Y12          LUT6 (Prop_lut6_I0_O)        0.124     8.402 r  cpu_inst/ex_mem_reg[store_data][31]_i_2/O
                         net (fo=64, routed)          1.065     9.467    cpu_inst/data_mem_inst/ex_mem_reg_reg[store_data][0]
    SLICE_X6Y6           LUT5 (Prop_lut5_I1_O)        0.124     9.591 r  cpu_inst/data_mem_inst/ex_mem_reg[store_data][2]_i_1/O
                         net (fo=4, routed)           0.845    10.436    cpu_inst/data_mem_inst/ex_store_data[2]
    SLICE_X7Y6           LUT6 (Prop_lut6_I2_O)        0.124    10.560 r  cpu_inst/data_mem_inst/i__carry_i_4/O
                         net (fo=1, routed)           0.000    10.560    cpu_inst/data_mem_inst_n_245
    SLICE_X7Y6           CARRY4 (Prop_carry4_S[0]_CO[3])
                                                      0.532    11.092 r  cpu_inst/ex_branch_taken0_inferred__0/i__carry/CO[3]
                         net (fo=1, routed)           0.000    11.092    cpu_inst/ex_branch_taken0_inferred__0/i__carry_n_0
    SLICE_X7Y7           CARRY4 (Prop_carry4_CI_CO[3])
                                                      0.114    11.206 r  cpu_inst/ex_branch_taken0_inferred__0/i__carry__0/CO[3]
                         net (fo=1, routed)           0.000    11.206    cpu_inst/ex_branch_taken0_inferred__0/i__carry__0_n_0
    SLICE_X7Y8           CARRY4 (Prop_carry4_CI_CO[2])
                                                      0.228    11.434 f  cpu_inst/ex_branch_taken0_inferred__0/i__carry__1/CO[2]
                         net (fo=39, routed)          0.517    11.951    cpu_inst/data_mem_inst/CO[0]
    SLICE_X7Y9           LUT6 (Prop_lut6_I4_O)        0.313    12.264 r  cpu_inst/data_mem_inst/id_ex_reg[imm_ext][12]_i_1/O
                         net (fo=130, routed)         0.758    13.022    cpu_inst/data_mem_inst/id_ex_reg_reg[valid]_1
    SLICE_X9Y15          LUT3 (Prop_lut3_I2_O)        0.124    13.146 r  cpu_inst/data_mem_inst/id_ex_reg[operand_a][31]_i_1/O
                         net (fo=32, routed)          0.536    13.682    cpu_inst/data_mem_inst_n_141
    SLICE_X8Y14          FDRE                                         r  cpu_inst/id_ex_reg_reg[operand_a][13]/R
  -------------------------------------------------------------------    -------------------

                         (clock sys_clk_pin rise edge)
                                                      9.250     9.250 r  <hidden>
                         propagated clock network latency
                                                      4.786    14.036    <hidden>
                         clock pessimism              0.260    14.296    <hidden>
                         clock uncertainty           -0.035    14.261    <hidden>
    SLICE_X8Y14          FDRE (Setup_fdre_C_R)       -0.524    13.737    cpu_inst/id_ex_reg_reg[operand_a][13]
  -------------------------------------------------------------------
                         required time                         13.737    <hidden>
                         arrival time                         -13.682    <hidden>
  -------------------------------------------------------------------
                         slack                                  0.055    <hidden>




