Copyright 1986-2022 Xilinx, Inc. All Rights Reserved. Copyright 2022-2026 Advanced Micro Devices, Inc. All Rights Reserved.
---------------------------------------------------------------------------------------------------------------------------------------------
| Tool Version : Vivado v.2026.1 (win64) Build 6511674 Tue Jun 16 11:02:23 MDT 2026
| Date         : Sat Aug 22 13:10:43 2026
| Host         : DESKTOP-4GB7DVJ running 64-bit major release  (build 9200)
| Command      : report_timing_summary -file C:/FPGA/systemverilog-fpga-cpu/reports/final_gpu/final_gpu_timing_summary.rpt
| Design       : basys3_vector_gpu_top
| Device       : 7a35t-cpg236
| Speed File   : -1  PRODUCTION 1.23 2018-06-13
| Design State : Routed
---------------------------------------------------------------------------------------------------------------------------------------------

Timing Summary Report

------------------------------------------------------------------------------------------------
| Timer Settings
| --------------
------------------------------------------------------------------------------------------------

  Enable Multi Corner Analysis               :  Yes
  Enable Pessimism Removal                   :  Yes
  Pessimism Removal Resolution               :  Nearest Common Node
  Enable Input Delay Default Clock           :  No
  Enable Preset / Clear Arcs                 :  No
  Disable Flight Delays                      :  No
  Ignore I/O Paths                           :  No
  Timing Early Launch at Borrowing Latches   :  No
  Borrow Time for Max Delay Exceptions       :  Yes
  Merge Timing Exceptions                    :  Yes
  Inter-SLR Compensation                     :  Conservative

  Corner  Analyze    Analyze    
  Name    Max Paths  Min Paths  
  ------  ---------  ---------  
  Slow    Yes        Yes        
  Fast    Yes        Yes        


------------------------------------------------------------------------------------------------
| Report Methodology
| ------------------
------------------------------------------------------------------------------------------------

Rule     Severity  Description                                 Violations  
-------  --------  ------------------------------------------  ----------  
SYNTH-6  Warning   Timing of a RAM block might be sub-optimal  2           

Note: This report is based on the most recent report_methodology run and may not be up-to-date. Run report_methodology on the current design for the latest report.



check_timing report

Table of Contents
-----------------
1. checking no_clock (0)
2. checking constant_clock (0)
3. checking pulse_width_clock (0)
4. checking unconstrained_internal_endpoints (0)
5. checking no_input_delay (2)
6. checking no_output_delay (4)
7. checking multiple_clock (0)
8. checking generated_clocks (0)
9. checking loops (0)
10. checking partial_input_delay (0)
11. checking partial_output_delay (0)
12. checking latch_loops (0)

1. checking no_clock (0)
------------------------
 There are 0 register/latch pins with no clock.


2. checking constant_clock (0)
------------------------------
 There are 0 register/latch pins with constant_clock.


3. checking pulse_width_clock (0)
---------------------------------
 There are 0 register/latch pins which need pulse_width check


4. checking unconstrained_internal_endpoints (0)
------------------------------------------------
 There are 0 pins that are not constrained for maximum delay.

 There are 0 pins that are not constrained for maximum delay due to constant clock.


5. checking no_input_delay (2)
------------------------------
 There are 2 input ports with no input delay specified. (HIGH)

 There are 0 input ports with no input delay but user has a false path constraint.


6. checking no_output_delay (4)
-------------------------------
 There are 4 ports with no output delay specified. (HIGH)

 There are 0 ports with no output delay but user has a false path constraint

 There are 0 ports with no output delay but with a timing clock defined on it or propagating through it


7. checking multiple_clock (0)
------------------------------
 There are 0 register/latch pins with multiple clocks.


8. checking generated_clocks (0)
--------------------------------
 There are 0 generated clocks that are not connected to a clock source.


9. checking loops (0)
---------------------
 There are 0 combinational loops in the design.


10. checking partial_input_delay (0)
------------------------------------
 There are 0 input ports with partial input delay specified.


11. checking partial_output_delay (0)
-------------------------------------
 There are 0 ports with partial output delay specified.


12. checking latch_loops (0)
----------------------------
 There are 0 combinational latch loops in the design through latch input



------------------------------------------------------------------------------------------------
| Design Timing Summary
| ---------------------
------------------------------------------------------------------------------------------------

    WNS(ns)      TNS(ns)  TNS Failing Endpoints  TNS Total Endpoints      WHS(ns)      THS(ns)  THS Failing Endpoints  THS Total Endpoints     WPWS(ns)     TPWS(ns)  TPWS Failing Endpoints  TPWS Total Endpoints  
    -------      -------  ---------------------  -------------------      -------      -------  ---------------------  -------------------     --------     --------  ----------------------  --------------------  
      0.351        0.000                      0                 5956        0.043        0.000                      0                 5956        3.000        0.000                       0                  2054  


All user specified timing constraints are met.


------------------------------------------------------------------------------------------------
| Clock Summary
| -------------
------------------------------------------------------------------------------------------------

Clock        Waveform(ns)       Period(ns)      Frequency(MHz)
-----        ------------       ----------      --------------
sys_clk_pin  {0.000 5.000}      10.000          100.000         
  clk80      {0.000 6.250}      12.500          80.000          
  clkfb      {0.000 5.000}      10.000          100.000         


------------------------------------------------------------------------------------------------
| Intra Clock Table
| -----------------
------------------------------------------------------------------------------------------------

Clock             WNS(ns)      TNS(ns)  TNS Failing Endpoints  TNS Total Endpoints      WHS(ns)      THS(ns)  THS Failing Endpoints  THS Total Endpoints     WPWS(ns)     TPWS(ns)  TPWS Failing Endpoints  TPWS Total Endpoints  
-----             -------      -------  ---------------------  -------------------      -------      -------  ---------------------  -------------------     --------     --------  ----------------------  --------------------  
sys_clk_pin                                                                                                                                                     3.000        0.000                       0                     1  
  clk80             0.351        0.000                      0                 5956        0.043        0.000                      0                 5956        5.000        0.000                       0                  2051  
  clkfb                                                                                                                                                         8.751        0.000                       0                     2  


------------------------------------------------------------------------------------------------
| Inter Clock Table
| -----------------
------------------------------------------------------------------------------------------------

From Clock    To Clock          WNS(ns)      TNS(ns)  TNS Failing Endpoints  TNS Total Endpoints      WHS(ns)      THS(ns)  THS Failing Endpoints  THS Total Endpoints  
----------    --------          -------      -------  ---------------------  -------------------      -------      -------  ---------------------  -------------------  


------------------------------------------------------------------------------------------------
| Other Path Groups Table
| -----------------------
------------------------------------------------------------------------------------------------

Path Group    From Clock    To Clock          WNS(ns)      TNS(ns)  TNS Failing Endpoints  TNS Total Endpoints      WHS(ns)      THS(ns)  THS Failing Endpoints  THS Total Endpoints  
----------    ----------    --------          -------      -------  ---------------------  -------------------      -------      -------  ---------------------  -------------------  


------------------------------------------------------------------------------------------------
| Timing Details
| --------------
------------------------------------------------------------------------------------------------


---------------------------------------------------------------------------------------------------
From Clock:  sys_clk_pin
  To Clock:  sys_clk_pin

Setup :           NA  Failing Endpoints,  Worst Slack           NA  ,  Total Violation           NA
Hold  :           NA  Failing Endpoints,  Worst Slack           NA  ,  Total Violation           NA
PW    :            0  Failing Endpoints,  Worst Slack        3.000ns,  Total Violation        0.000ns
---------------------------------------------------------------------------------------------------


Pulse Width Checks
--------------------------------------------------------------------------------------
Clock Name:         sys_clk_pin
Waveform(ns):       { 0.000 5.000 }
Period(ns):         10.000
Sources:            { clk }

Check Type        Corner  Lib Pin            Reference Pin  Required(ns)  Actual(ns)  Slack(ns)  Location         Pin
Min Period        n/a     MMCME2_ADV/CLKIN1  n/a            1.249         10.000      8.751      MMCME2_ADV_X1Y0  mmcm/CLKIN1
Max Period        n/a     MMCME2_ADV/CLKIN1  n/a            100.000       10.000      90.000     MMCME2_ADV_X1Y0  mmcm/CLKIN1
Low Pulse Width   Slow    MMCME2_ADV/CLKIN1  n/a            2.000         5.000       3.000      MMCME2_ADV_X1Y0  mmcm/CLKIN1
High Pulse Width  Slow    MMCME2_ADV/CLKIN1  n/a            2.000         5.000       3.000      MMCME2_ADV_X1Y0  mmcm/CLKIN1



---------------------------------------------------------------------------------------------------
From Clock:  clk80
  To Clock:  clk80

Setup :            0  Failing Endpoints,  Worst Slack        0.351ns,  Total Violation        0.000ns
Hold  :            0  Failing Endpoints,  Worst Slack        0.043ns,  Total Violation        0.000ns
PW    :            0  Failing Endpoints,  Worst Slack        5.000ns,  Total Violation        0.000ns
---------------------------------------------------------------------------------------------------


Max Delay Paths
--------------------------------------------------------------------------------------
Slack (MET) :             0.351ns  (required time - arrival time)
  Source:                 gpu/core/current_pc_reg[1]/C
                            (rising edge-triggered cell FDRE clocked by clk80  {rise@0.000ns fall@6.250ns period=12.500ns})
  Destination:            gpu/core/eu/vector_register_file_inst/regs_reg[1][32]/D
                            (rising edge-triggered cell FDRE clocked by clk80  {rise@0.000ns fall@6.250ns period=12.500ns})
  Path Group:             clk80
  Path Type:              Setup (Max at Slow Process Corner)
  Requirement:            12.500ns  (clk80 rise@12.500ns - clk80 rise@0.000ns)
  Data Path Delay:        11.922ns  (logic 3.519ns (29.517%)  route 8.403ns (70.483%))
  Logic Levels:           11  (CARRY4=2 LUT4=2 LUT5=1 LUT6=3 MUXF7=2 RAMD32=1)
  Clock Path Skew:        -0.114ns (DCD - SCD + CPR)
    Destination Clock Delay (DCD):    5.739ns = ( 18.239 - 12.500 ) 
    Source Clock Delay      (SCD):    6.084ns
    Clock Pessimism Removal (CPR):    0.232ns
  Clock Uncertainty:      0.082ns  ((TSJ^2 + DJ^2)^1/2) / 2 + PE
    Total System Jitter     (TSJ):    0.071ns
    Discrete Jitter          (DJ):    0.149ns
    Phase Error              (PE):    0.000ns

    Location             Delay type                Incr(ns)  Path(ns)    Netlist Resource(s)
  -------------------------------------------------------------------    -------------------
                         (clock clk80 rise edge)      0.000     0.000 r  <hidden>
    W5                                                0.000     0.000 r  clk
                         net (fo=0)                   0.000     0.000    clk
    W5                   IBUF (Prop_ibuf_I_O)         1.458     1.458 r  clk_IBUF_inst/O
                         net (fo=1, routed)           1.233     2.691    clk_IBUF
    MMCME2_ADV_X1Y0      MMCME2_ADV (Prop_mmcme2_adv_CLKIN1_CLKOUT0)
                                                      0.088     2.779 r  mmcm/CLKOUT0
                         net (fo=1, routed)           1.661     4.441    clk80
    BUFGCTRL_X0Y0        BUFG (Prop_bufg_I_O)         0.096     4.537 r  gpu_bufg/O
                         net (fo=2049, routed)        1.547     6.084    gpu/core/clk
    SLICE_X36Y23         FDRE                                         r  gpu/core/current_pc_reg[1]/C
  -------------------------------------------------------------------    -------------------
    SLICE_X36Y23         FDRE (Prop_fdre_C_Q)         0.456     6.540 r  gpu/core/current_pc_reg[1]/Q
                         net (fo=63, routed)          1.353     7.894    gpu/core/pim/memory_reg_0_15_0_5/ADDRB1
    SLICE_X38Y27         RAMD32 (Prop_ramd32_RADR1_O)
                                                      0.152     8.046 r  gpu/core/pim/memory_reg_0_15_0_5/RAMB/O
                         net (fo=6, routed)           1.282     9.328    gpu/core/pim/memory_reg_0_15_0_5_n_3
    SLICE_X39Y32         LUT4 (Prop_lut4_I0_O)        0.376     9.704 r  gpu/core/pim/regs[0][63]_i_24/O
                         net (fo=64, routed)          2.010    11.714    gpu/core/eu/vector_register_file_inst/regs_reg[0][63]_i_5_0
    SLICE_X29Y60         LUT6 (Prop_lut6_I2_O)        0.332    12.046 r  gpu/core/eu/vector_register_file_inst/regs[0][46]_i_15/O
                         net (fo=1, routed)           0.000    12.046    gpu/core/eu/vector_register_file_inst/regs[0][46]_i_15_n_0
    SLICE_X29Y60         MUXF7 (Prop_muxf7_I1_O)      0.217    12.263 r  gpu/core/eu/vector_register_file_inst/regs_reg[0][46]_i_13/O
                         net (fo=7, routed)           1.340    13.603    gpu/core/eu/vector_register_file_inst/rf_vector_b[46]
    SLICE_X34Y55         LUT6 (Prop_lut6_I3_O)        0.299    13.902 r  gpu/core/eu/vector_register_file_inst/regs[0][32]_i_47/O
                         net (fo=1, routed)           0.000    13.902    gpu/core/eu/vector_register_file_inst/regs[0][32]_i_47_n_0
    SLICE_X34Y55         CARRY4 (Prop_carry4_S[0]_CO[3])
                                                      0.513    14.415 r  gpu/core/eu/vector_register_file_inst/regs_reg[0][32]_i_30/CO[3]
                         net (fo=1, routed)           0.000    14.415    gpu/core/eu/vector_register_file_inst/regs_reg[0][32]_i_30_n_0
    SLICE_X34Y56         CARRY4 (Prop_carry4_CI_CO[2])
                                                      0.229    14.644 r  gpu/core/eu/vector_register_file_inst/regs_reg[0][32]_i_20/CO[2]
                         net (fo=1, routed)           0.712    15.356    gpu/core/eu/vector_register_file_inst/regs_reg[0][32]_i_20_n_1
    SLICE_X34Y52         LUT4 (Prop_lut4_I0_O)        0.310    15.666 r  gpu/core/eu/vector_register_file_inst/regs[0][32]_i_10/O
                         net (fo=1, routed)           0.425    16.091    gpu/core/eu/vector_register_file_inst/regs[0][32]_i_10_n_0
    SLICE_X34Y52         LUT6 (Prop_lut6_I5_O)        0.124    16.215 r  gpu/core/eu/vector_register_file_inst/regs[0][32]_i_7/O
                         net (fo=1, routed)           0.000    16.215    gpu/core/eu/vector_register_file_inst/regs[0][32]_i_7_n_0
    SLICE_X34Y52         MUXF7 (Prop_muxf7_I1_O)      0.214    16.429 r  gpu/core/eu/vector_register_file_inst/regs_reg[0][32]_i_4/O
                         net (fo=1, routed)           0.505    16.934    gpu/core/pim/regs_reg[7][32]_0
    SLICE_X34Y50         LUT5 (Prop_lut5_I3_O)        0.297    17.231 r  gpu/core/pim/regs[0][32]_i_1/O
                         net (fo=8, routed)           0.775    18.006    gpu/core/eu/vector_register_file_inst/D[32]
    SLICE_X34Y53         FDRE                                         r  gpu/core/eu/vector_register_file_inst/regs_reg[1][32]/D
  -------------------------------------------------------------------    -------------------

                         (clock clk80 rise edge)     12.500    12.500 r  <hidden>
    W5                                                0.000    12.500 r  clk
                         net (fo=0)                   0.000    12.500    clk
    W5                   IBUF (Prop_ibuf_I_O)         1.388    13.888 r  clk_IBUF_inst/O
                         net (fo=1, routed)           1.162    15.050    clk_IBUF
    MMCME2_ADV_X1Y0      MMCME2_ADV (Prop_mmcme2_adv_CLKIN1_CLKOUT0)
                                                      0.083    15.133 r  mmcm/CLKOUT0
                         net (fo=1, routed)           1.581    16.714    clk80
    BUFGCTRL_X0Y0        BUFG (Prop_bufg_I_O)         0.091    16.805 r  gpu_bufg/O
                         net (fo=2049, routed)        1.434    18.239    gpu/core/eu/vector_register_file_inst/clk
    SLICE_X34Y53         FDRE                                         r  gpu/core/eu/vector_register_file_inst/regs_reg[1][32]/C
                         clock pessimism              0.232    18.471    <hidden>
                         clock uncertainty           -0.082    18.388    <hidden>
    SLICE_X34Y53         FDRE (Setup_fdre_C_D)       -0.031    18.357    gpu/core/eu/vector_register_file_inst/regs_reg[1][32]
  -------------------------------------------------------------------
                         required time                         18.357    <hidden>
                         arrival time                         -18.006    <hidden>
  -------------------------------------------------------------------
                         slack                                  0.351    <hidden>





Min Delay Paths
--------------------------------------------------------------------------------------
Slack (MET) :             0.043ns  (arrival time - required time)
  Source:                 ctl/rx/data_reg[6]/C
                            (rising edge-triggered cell FDRE clocked by clk80  {rise@0.000ns fall@6.250ns period=12.500ns})
  Destination:            ctl/prog_write_data_reg[14]/D
                            (rising edge-triggered cell FDRE clocked by clk80  {rise@0.000ns fall@6.250ns period=12.500ns})
  Path Group:             clk80
  Path Type:              Hold (Min at Fast Process Corner)
  Requirement:            0.000ns  (clk80 rise@0.000ns - clk80 rise@0.000ns)
  Data Path Delay:        0.374ns  (logic 0.141ns (37.734%)  route 0.233ns (62.266%))
  Logic Levels:           0  
  Clock Path Skew:        0.259ns (DCD - SCD - CPR)
    Destination Clock Delay (DCD):    2.322ns
    Source Clock Delay      (SCD):    1.781ns
    Clock Pessimism Removal (CPR):    0.282ns

    Location             Delay type                Incr(ns)  Path(ns)    Netlist Resource(s)
  -------------------------------------------------------------------    -------------------
                         (clock clk80 rise edge)      0.000     0.000 r  <hidden>
    W5                                                0.000     0.000 r  clk
                         net (fo=0)                   0.000     0.000    clk
    W5                   IBUF (Prop_ibuf_I_O)         0.226     0.226 r  clk_IBUF_inst/O
                         net (fo=1, routed)           0.440     0.667    clk_IBUF
    MMCME2_ADV_X1Y0      MMCME2_ADV (Prop_mmcme2_adv_CLKIN1_CLKOUT0)
                                                      0.050     0.717 r  mmcm/CLKOUT0
                         net (fo=1, routed)           0.486     1.203    clk80
    BUFGCTRL_X0Y0        BUFG (Prop_bufg_I_O)         0.026     1.229 r  gpu_bufg/O
                         net (fo=2049, routed)        0.553     1.781    ctl/rx/gpu_clk
    SLICE_X32Y27         FDRE                                         r  ctl/rx/data_reg[6]/C
  -------------------------------------------------------------------    -------------------
    SLICE_X32Y27         FDRE (Prop_fdre_C_Q)         0.141     1.922 r  ctl/rx/data_reg[6]/Q
                         net (fo=21, routed)          0.233     2.155    ctl/rx_data[6]
    SLICE_X39Y26         FDRE                                         r  ctl/prog_write_data_reg[14]/D
  -------------------------------------------------------------------    -------------------

                         (clock clk80 rise edge)      0.000     0.000 r  <hidden>
    W5                                                0.000     0.000 r  clk
                         net (fo=0)                   0.000     0.000    clk
    W5                   IBUF (Prop_ibuf_I_O)         0.414     0.414 r  clk_IBUF_inst/O
                         net (fo=1, routed)           0.480     0.894    clk_IBUF
    MMCME2_ADV_X1Y0      MMCME2_ADV (Prop_mmcme2_adv_CLKIN1_CLKOUT0)
                                                      0.053     0.947 r  mmcm/CLKOUT0
                         net (fo=1, routed)           0.530     1.477    clk80
    BUFGCTRL_X0Y0        BUFG (Prop_bufg_I_O)         0.029     1.506 r  gpu_bufg/O
                         net (fo=2049, routed)        0.817     2.322    ctl/gpu_clk
    SLICE_X39Y26         FDRE                                         r  ctl/prog_write_data_reg[14]/C
                         clock pessimism             -0.282     2.040    <hidden>
    SLICE_X39Y26         FDRE (Hold_fdre_C_D)         0.072     2.112    ctl/prog_write_data_reg[14]
  -------------------------------------------------------------------
                         required time                         -2.112    <hidden>
                         arrival time                           2.155    <hidden>
  -------------------------------------------------------------------
                         slack                                  0.043    <hidden>





Pulse Width Checks
--------------------------------------------------------------------------------------
Clock Name:         clk80
Waveform(ns):       { 0.000 6.250 }
Period(ns):         12.500
Sources:            { mmcm/CLKOUT0 }

Check Type        Corner  Lib Pin             Reference Pin  Required(ns)  Actual(ns)  Slack(ns)  Location         Pin
Min Period        n/a     RAMB36E1/CLKARDCLK  n/a            2.944         12.500      9.556      RAMB36_X1Y4      gpu/core/dm/memory_reg_0/CLKARDCLK
Max Period        n/a     MMCME2_ADV/CLKOUT0  n/a            213.360       12.500      200.860    MMCME2_ADV_X1Y0  mmcm/CLKOUT0
Low Pulse Width   Slow    RAMD32/CLK          n/a            1.250         6.250       5.000      SLICE_X38Y23     gpu/core/look/memory_reg_0_15_0_5/RAMA/CLK
High Pulse Width  Slow    RAMD32/CLK          n/a            1.250         6.250       5.000      SLICE_X38Y23     gpu/core/look/memory_reg_0_15_0_5/RAMA/CLK



---------------------------------------------------------------------------------------------------
From Clock:  clkfb
  To Clock:  clkfb

Setup :           NA  Failing Endpoints,  Worst Slack           NA  ,  Total Violation           NA
Hold  :           NA  Failing Endpoints,  Worst Slack           NA  ,  Total Violation           NA
PW    :            0  Failing Endpoints,  Worst Slack        8.751ns,  Total Violation        0.000ns
---------------------------------------------------------------------------------------------------


Pulse Width Checks
--------------------------------------------------------------------------------------
Clock Name:         clkfb
Waveform(ns):       { 0.000 5.000 }
Period(ns):         10.000
Sources:            { mmcm/CLKFBOUT }

Check Type  Corner  Lib Pin              Reference Pin  Required(ns)  Actual(ns)  Slack(ns)  Location         Pin
Min Period  n/a     MMCME2_ADV/CLKFBOUT  n/a            1.249         10.000      8.751      MMCME2_ADV_X1Y0  mmcm/CLKFBOUT
Max Period  n/a     MMCME2_ADV/CLKFBIN   n/a            100.000       10.000      90.000     MMCME2_ADV_X1Y0  mmcm/CLKFBIN



