Copyright 1986-2022 Xilinx, Inc. All Rights Reserved. Copyright 2022-2026 Advanced Micro Devices, Inc. All Rights Reserved.
---------------------------------------------------------------------------------------------------------------------------------------------
| Tool Version : Vivado v.2026.1 (win64) Build 6511674 Tue Jun 16 11:02:23 MDT 2026
| Date         : Wed Aug 12 12:23:58 2026
| Host         : DESKTOP-4GB7DVJ running 64-bit major release  (build 9200)
| Command      : report_ram_utilization -file reports/vector_stage7/stage7_ram_utilization.rpt
| Design       : vector_memory_program_core_synth_top
| Device       : xc7a35tcpg236-1
| Speed File   : -1
---------------------------------------------------------------------------------------------------------------------------------------------

RAM Usage Information

Table of Contents
-----------------
1. Summary
2. Memory Description
3. Memory Utilization - Inferred
4. Memory Performance - Inferred
5. Block Ram / URAM Memory Power - Inferred

1. Summary
----------

+--------------------------+------------+-----------+-------+-----------+
| Memory Type              | Total Used | Available | Util% | Inferred% |
+--------------------------+------------+-----------+-------+-----------+
| BlockRAM                 |          2 |        50 |  4.00 |    100.00 |
|  RAMB36E1                |          2 |           |       |    100.00 |
| LUTMs as Distributed RAM |         12 |      9600 |  0.12 |    100.00 |
|  LUTMs as RAM32M         |         12 |           |       |    100.00 |
+--------------------------+------------+-----------+-------+-----------+
*  Each RAMB18 is calculated as 0.5 BlockRAM
**  Tables 2, 3, 4 and 5 cover RAMs inferred by Vivado Synthesis using XPMs or RTL inference
***  XRAMs are not reported for detailed tables


2. Memory Description
---------------------

+-----------------------------+------------+-----------+-------------+------------------------+------------------------+
| Memory Name                 | Array Size | RAM_STYLE | Memory Type | Port 1 Dimension / Map | Port 2 Dimension / Map |
+-----------------------------+------------+-----------+-------------+------------------------+------------------------+
| core/data_mem/memory        |      65536 |           | RAM_SDP     | 512x128                | 512x128                |
|  core/data_mem/memory_reg_0 |      36864 |      AUTO |             |  B:B:32x72             |  A:A:32x72             |
|  core/data_mem/memory_reg_1 |      28672 |      AUTO |             |  B:B:32x56             |  A:A:32x56             |
+-----------------------------+------------+-----------+-------------+------------------------+------------------------+


3. Memory Utilization - Inferred
--------------------------------

+-----------------------------+-----------+-----------+----------------+-----------+-----------+---------+---------------+---------------+---------+---------------+---------------+---------+---------------+---------------+---------+---------------+---------------+
| Memory Name                 | Primitive | RAM STYLE | Available Bits | Used Bits | Bit Util% | A Depth | A Depth Avail | A Depth Util% | A Width | A Width Avail | A Width Util% | B Depth | B Depth Avail | B Depth Util% | B Width | B Width Avail | B Width Util% |
+-----------------------------+-----------+-----------+----------------+-----------+-----------+---------+---------------+---------------+---------+---------------+---------------+---------+---------------+---------------+---------+---------------+---------------+
| core/data_mem/memory        |           |           |                |           |           |         |               |               |         |               |               |         |               |               |         |               |               |
|  core/data_mem/memory_reg_0 | RAMB36E1  |      AUTO |          36864 |      2304 |      6.25 |      32 |           512 |          6.25 |      72 |            72 |        100.00 |      32 |           512 |          6.25 |      72 |            72 |        100.00 |
|  core/data_mem/memory_reg_1 | RAMB36E1  |      AUTO |          36864 |      1792 |      4.86 |      32 |           512 |          6.25 |      56 |            72 |         77.78 |      32 |           512 |          6.25 |      56 |            72 |         77.78 |
+-----------------------------+-----------+-----------+----------------+-----------+-----------+---------+---------------+---------------+---------+---------------+---------------+---------+---------------+---------------+---------+---------------+---------------+


4. Memory Performance - Inferred
--------------------------------

+-----------------------------+-----------+------------------------+------------------------+-------------+-------------------------+-------------+-------------------------+-----------+--------+--------+---------+-----------+--------+--------+---------+
| Memory Name                 | Primitive | Port 1 Dimension / Map | Port 2 Dimension / Map | Port A Type | Port A Requirement (ns) | Port B Type | Port B Requirement (ns) | A Cascade | IREG_A | OREG_A | DOA_REG | B Cascade | IREG_B | OREG_B | DOB_REG |
+-----------------------------+-----------+------------------------+------------------------+-------------+-------------------------+-------------+-------------------------+-----------+--------+--------+---------+-----------+--------+--------+---------+
| core/data_mem/memory        |           | 512x128                | 512x128                |             |                         |             |                         |           |        |        |         |           |        |        |         |
|  core/data_mem/memory_reg_0 | RAMB36E1  |  B:B:32x72             |  A:A:32x72             |        Read |                    12.5 |       Write |                    12.5 |           |        |        |       0 |           |        |        |       0 |
|  core/data_mem/memory_reg_1 | RAMB36E1  |  B:B:32x56             |  A:A:32x56             |        Read |                    12.5 |       Write |                    12.5 |           |        |        |       0 |           |        |        |       0 |
+-----------------------------+-----------+------------------------+------------------------+-------------+-------------------------+-------------+-------------------------+-----------+--------+--------+---------+-----------+--------+--------+---------+


5. Block Ram / URAM Memory Power - Inferred
-------------------------------------------

+-----------------------------+-----------+------------------------+------------------------+--------------------+---------------+-------------------+-----------+--------------------+---------------+-------------------+-----------+
| Memory Name                 | Primitive | Port 1 Dimension / Map | Port 2 Dimension / Map | Port A Power Gated | Port A Enable | Port A WRITE_MODE | A Cascade | Port B Power Gated | Port B Enable | Port B WRITE_MODE | B Cascade |
+-----------------------------+-----------+------------------------+------------------------+--------------------+---------------+-------------------+-----------+--------------------+---------------+-------------------+-----------+
| core/data_mem/memory        |           | 512x128                | 512x128                |                    |               |                   |           |                    |               |                   |           |
|  core/data_mem/memory_reg_0 | RAMB36E1  |  B:B:32x72             |  A:A:32x72             |                    |        SIGNAL |        READ_FIRST |           |                    |         POWER |        READ_FIRST |           |
|  core/data_mem/memory_reg_1 | RAMB36E1  |  B:B:32x56             |  A:A:32x56             |                    |        SIGNAL |        READ_FIRST |           |                    |         POWER |        READ_FIRST |           |
+-----------------------------+-----------+------------------------+------------------------+--------------------+---------------+-------------------+-----------+--------------------+---------------+-------------------+-----------+


