Copyright 1986-2022 Xilinx, Inc. All Rights Reserved. Copyright 2022-2026 Advanced Micro Devices, Inc. All Rights Reserved.
-----------------------------------------------------------------------------------------------------------------------------------------------------------
| Tool Version : Vivado v.2026.1 (win64) Build 6511674 Tue Jun 16 11:02:23 MDT 2026
| Date         : Tue Jul 14 11:59:17 2026
| Host         : DESKTOP-4GB7DVJ running 64-bit major release  (build 9200)
| Command      : report_timing -max_paths 10 -path_type full -file reports/phase14g_impl/fanout_opt_6p750ns/timing/fpga_top_pipeline6_impl_worst_paths.rpt
| Design       : fpga_top_pipeline6
| Device       : 7a35t-cpg236
| Speed File   : -1  PRODUCTION 1.23 2018-06-13
| Design State : Physopt postRoute
-----------------------------------------------------------------------------------------------------------------------------------------------------------

Timing Report

Slack (MET) :             0.533ns  (required time - arrival time)
  Source:                 cpu_inst/op_ex_reg_reg[operand_a][1]/C
                            (rising edge-triggered cell FDRE clocked by sys_clk_pin  {rise@0.000ns fall@3.375ns period=6.750ns})
  Destination:            cpu_inst/op_ex_reg_reg[operand_b][30]/R
                            (rising edge-triggered cell FDRE clocked by sys_clk_pin  {rise@0.000ns fall@3.375ns period=6.750ns})
  Path Group:             sys_clk_pin
  Path Type:              Setup (Max at Slow Process Corner)
  Requirement:            6.750ns  (sys_clk_pin rise@6.750ns - sys_clk_pin rise@0.000ns)
  Data Path Delay:        5.426ns  (logic 1.947ns (35.883%)  route 3.479ns (64.117%))
  Logic Levels:           6  (CARRY4=3 LUT4=1 LUT6=2)
  Clock Path Skew:        -0.030ns (DCD - SCD + CPR)
    Destination Clock Delay (DCD):    4.780ns = ( 11.530 - 6.750 ) 
    Source Clock Delay      (SCD):    5.070ns
    Clock Pessimism Removal (CPR):    0.260ns
  Clock Uncertainty:      0.035ns  ((TSJ^2 + TIJ^2)^1/2 + DJ) / 2 + PE
    Total System Jitter     (TSJ):    0.071ns
    Total Input Jitter      (TIJ):    0.000ns
    Discrete Jitter          (DJ):    0.000ns
    Phase Error              (PE):    0.000ns

    Location             Delay type                Incr(ns)  Path(ns)    Netlist Resource(s)
  -------------------------------------------------------------------    -------------------
                         (clock sys_clk_pin rise edge)
                                                      0.000     0.000 r  <hidden>
                         propagated clock network latency
                                                      5.070     5.070    <hidden>
    SLICE_X8Y24          FDRE                         0.000     5.070 r  cpu_inst/op_ex_reg_reg[operand_a][1]/C
    SLICE_X8Y24          FDRE (Prop_fdre_C_Q)         0.518     5.588 r  cpu_inst/op_ex_reg_reg[operand_a][1]/Q
                         net (fo=9, routed)           1.264     6.853    cpu_inst/op_ex_reg_reg[operand_a][1]
    SLICE_X3Y21          LUT6 (Prop_lut6_I2_O)        0.124     6.977 r  cpu_inst/branch_taken0_carry_i_4/O
                         net (fo=1, routed)           0.000     6.977    cpu_inst/branch_taken0_carry_i_4_n_0
    SLICE_X3Y21          CARRY4 (Prop_carry4_S[0]_CO[3])
                                                      0.532     7.509 r  cpu_inst/branch_taken0_carry/CO[3]
                         net (fo=1, routed)           0.000     7.509    cpu_inst/branch_taken0_carry_n_0
    SLICE_X3Y22          CARRY4 (Prop_carry4_CI_CO[3])
                                                      0.114     7.623 r  cpu_inst/branch_taken0_carry__0/CO[3]
                         net (fo=1, routed)           0.000     7.623    cpu_inst/branch_taken0_carry__0_n_0
    SLICE_X3Y23          CARRY4 (Prop_carry4_CI_CO[2])
                                                      0.228     7.851 r  cpu_inst/branch_taken0_carry__1/CO[2]
                         net (fo=1, routed)           0.439     8.289    cpu_inst/branch_taken0
    SLICE_X3Y20          LUT6 (Prop_lut6_I5_O)        0.313     8.602 r  cpu_inst/paused_response_instruction_reg[31]_i_3/O
                         net (fo=116, routed)         0.590     9.192    cpu_inst/redirect_valid__0
    SLICE_X3Y20          LUT4 (Prop_lut4_I0_O)        0.118     9.310 r  cpu_inst/op_ex_reg[imm_ext][14]_i_1/O
                         net (fo=119, routed)         1.186    10.496    cpu_inst/op_ex_reg[imm_ext][14]_i_1_n_0
    SLICE_X10Y28         FDRE                                         r  cpu_inst/op_ex_reg_reg[operand_b][30]/R
  -------------------------------------------------------------------    -------------------

                         (clock sys_clk_pin rise edge)
                                                      6.750     6.750 r  <hidden>
                         propagated clock network latency
                                                      4.780    11.530    <hidden>
                         clock pessimism              0.260    11.790    <hidden>
                         clock uncertainty           -0.035    11.755    <hidden>
    SLICE_X10Y28         FDRE (Setup_fdre_C_R)       -0.726    11.029    cpu_inst/op_ex_reg_reg[operand_b][30]
  -------------------------------------------------------------------
                         required time                         11.029    <hidden>
                         arrival time                         -10.496    <hidden>
  -------------------------------------------------------------------
                         slack                                  0.533    <hidden>

Slack (MET) :             0.533ns  (required time - arrival time)
  Source:                 cpu_inst/op_ex_reg_reg[operand_a][1]/C
                            (rising edge-triggered cell FDRE clocked by sys_clk_pin  {rise@0.000ns fall@3.375ns period=6.750ns})
  Destination:            cpu_inst/op_ex_reg_reg[store_data][27]/R
                            (rising edge-triggered cell FDRE clocked by sys_clk_pin  {rise@0.000ns fall@3.375ns period=6.750ns})
  Path Group:             sys_clk_pin
  Path Type:              Setup (Max at Slow Process Corner)
  Requirement:            6.750ns  (sys_clk_pin rise@6.750ns - sys_clk_pin rise@0.000ns)
  Data Path Delay:        5.426ns  (logic 1.947ns (35.883%)  route 3.479ns (64.117%))
  Logic Levels:           6  (CARRY4=3 LUT4=1 LUT6=2)
  Clock Path Skew:        -0.030ns (DCD - SCD + CPR)
    Destination Clock Delay (DCD):    4.780ns = ( 11.530 - 6.750 ) 
    Source Clock Delay      (SCD):    5.070ns
    Clock Pessimism Removal (CPR):    0.260ns
  Clock Uncertainty:      0.035ns  ((TSJ^2 + TIJ^2)^1/2 + DJ) / 2 + PE
    Total System Jitter     (TSJ):    0.071ns
    Total Input Jitter      (TIJ):    0.000ns
    Discrete Jitter          (DJ):    0.000ns
    Phase Error              (PE):    0.000ns

    Location             Delay type                Incr(ns)  Path(ns)    Netlist Resource(s)
  -------------------------------------------------------------------    -------------------
                         (clock sys_clk_pin rise edge)
                                                      0.000     0.000 r  <hidden>
                         propagated clock network latency
                                                      5.070     5.070    <hidden>
    SLICE_X8Y24          FDRE                         0.000     5.070 r  cpu_inst/op_ex_reg_reg[operand_a][1]/C
    SLICE_X8Y24          FDRE (Prop_fdre_C_Q)         0.518     5.588 r  cpu_inst/op_ex_reg_reg[operand_a][1]/Q
                         net (fo=9, routed)           1.264     6.853    cpu_inst/op_ex_reg_reg[operand_a][1]
    SLICE_X3Y21          LUT6 (Prop_lut6_I2_O)        0.124     6.977 r  cpu_inst/branch_taken0_carry_i_4/O
                         net (fo=1, routed)           0.000     6.977    cpu_inst/branch_taken0_carry_i_4_n_0
    SLICE_X3Y21          CARRY4 (Prop_carry4_S[0]_CO[3])
                                                      0.532     7.509 r  cpu_inst/branch_taken0_carry/CO[3]
                         net (fo=1, routed)           0.000     7.509    cpu_inst/branch_taken0_carry_n_0
    SLICE_X3Y22          CARRY4 (Prop_carry4_CI_CO[3])
                                                      0.114     7.623 r  cpu_inst/branch_taken0_carry__0/CO[3]
                         net (fo=1, routed)           0.000     7.623    cpu_inst/branch_taken0_carry__0_n_0
    SLICE_X3Y23          CARRY4 (Prop_carry4_CI_CO[2])
                                                      0.228     7.851 r  cpu_inst/branch_taken0_carry__1/CO[2]
                         net (fo=1, routed)           0.439     8.289    cpu_inst/branch_taken0
    SLICE_X3Y20          LUT6 (Prop_lut6_I5_O)        0.313     8.602 r  cpu_inst/paused_response_instruction_reg[31]_i_3/O
                         net (fo=116, routed)         0.590     9.192    cpu_inst/redirect_valid__0
    SLICE_X3Y20          LUT4 (Prop_lut4_I0_O)        0.118     9.310 r  cpu_inst/op_ex_reg[imm_ext][14]_i_1/O
                         net (fo=119, routed)         1.186    10.496    cpu_inst/op_ex_reg[imm_ext][14]_i_1_n_0
    SLICE_X10Y28         FDRE                                         r  cpu_inst/op_ex_reg_reg[store_data][27]/R
  -------------------------------------------------------------------    -------------------

                         (clock sys_clk_pin rise edge)
                                                      6.750     6.750 r  <hidden>
                         propagated clock network latency
                                                      4.780    11.530    <hidden>
                         clock pessimism              0.260    11.790    <hidden>
                         clock uncertainty           -0.035    11.755    <hidden>
    SLICE_X10Y28         FDRE (Setup_fdre_C_R)       -0.726    11.029    cpu_inst/op_ex_reg_reg[store_data][27]
  -------------------------------------------------------------------
                         required time                         11.029    <hidden>
                         arrival time                         -10.496    <hidden>
  -------------------------------------------------------------------
                         slack                                  0.533    <hidden>

Slack (MET) :             0.593ns  (required time - arrival time)
  Source:                 cpu_inst/op_ex_reg_reg[operand_a][1]/C
                            (rising edge-triggered cell FDRE clocked by sys_clk_pin  {rise@0.000ns fall@3.375ns period=6.750ns})
  Destination:            cpu_inst/fetch_pc_reg_reg[30]/D
                            (rising edge-triggered cell FDRE clocked by sys_clk_pin  {rise@0.000ns fall@3.375ns period=6.750ns})
  Path Group:             sys_clk_pin
  Path Type:              Setup (Max at Slow Process Corner)
  Requirement:            6.750ns  (sys_clk_pin rise@6.750ns - sys_clk_pin rise@0.000ns)
  Data Path Delay:        6.149ns  (logic 3.521ns (57.258%)  route 2.628ns (42.742%))
  Logic Levels:           14  (CARRY4=11 LUT3=1 LUT6=2)
  Clock Path Skew:        -0.034ns (DCD - SCD + CPR)
    Destination Clock Delay (DCD):    4.776ns = ( 11.526 - 6.750 ) 
    Source Clock Delay      (SCD):    5.070ns
    Clock Pessimism Removal (CPR):    0.260ns
  Clock Uncertainty:      0.035ns  ((TSJ^2 + TIJ^2)^1/2 + DJ) / 2 + PE
    Total System Jitter     (TSJ):    0.071ns
    Total Input Jitter      (TIJ):    0.000ns
    Discrete Jitter          (DJ):    0.000ns
    Phase Error              (PE):    0.000ns

    Location             Delay type                Incr(ns)  Path(ns)    Netlist Resource(s)
  -------------------------------------------------------------------    -------------------
                         (clock sys_clk_pin rise edge)
                                                      0.000     0.000 r  <hidden>
                         propagated clock network latency
                                                      5.070     5.070    <hidden>
    SLICE_X8Y24          FDRE                         0.000     5.070 r  cpu_inst/op_ex_reg_reg[operand_a][1]/C
    SLICE_X8Y24          FDRE (Prop_fdre_C_Q)         0.518     5.588 r  cpu_inst/op_ex_reg_reg[operand_a][1]/Q
                         net (fo=9, routed)           1.264     6.853    cpu_inst/op_ex_reg_reg[operand_a][1]
    SLICE_X3Y21          LUT6 (Prop_lut6_I2_O)        0.124     6.977 r  cpu_inst/branch_taken0_carry_i_4/O
                         net (fo=1, routed)           0.000     6.977    cpu_inst/branch_taken0_carry_i_4_n_0
    SLICE_X3Y21          CARRY4 (Prop_carry4_S[0]_CO[3])
                                                      0.532     7.509 r  cpu_inst/branch_taken0_carry/CO[3]
                         net (fo=1, routed)           0.000     7.509    cpu_inst/branch_taken0_carry_n_0
    SLICE_X3Y22          CARRY4 (Prop_carry4_CI_CO[3])
                                                      0.114     7.623 r  cpu_inst/branch_taken0_carry__0/CO[3]
                         net (fo=1, routed)           0.000     7.623    cpu_inst/branch_taken0_carry__0_n_0
    SLICE_X3Y23          CARRY4 (Prop_carry4_CI_CO[2])
                                                      0.228     7.851 r  cpu_inst/branch_taken0_carry__1/CO[2]
                         net (fo=1, routed)           0.439     8.289    cpu_inst/branch_taken0
    SLICE_X3Y20          LUT6 (Prop_lut6_I5_O)        0.313     8.602 r  cpu_inst/paused_response_instruction_reg[31]_i_3/O
                         net (fo=116, routed)         0.916     9.519    cpu_inst/redirect_valid__0
    SLICE_X9Y19          LUT3 (Prop_lut3_I2_O)        0.124     9.643 r  cpu_inst/fetch_pc_reg[1]_i_5/O
                         net (fo=1, routed)           0.000     9.643    cpu_inst/fetch_pc_reg[1]_i_5_n_0
    SLICE_X9Y19          CARRY4 (Prop_carry4_S[1]_CO[3])
                                                      0.550    10.193 r  cpu_inst/fetch_pc_reg_reg[1]_i_1/CO[3]
                         net (fo=1, routed)           0.000    10.193    cpu_inst/fetch_pc_reg_reg[1]_i_1_n_0
    SLICE_X9Y20          CARRY4 (Prop_carry4_CI_CO[3])
                                                      0.114    10.307 r  cpu_inst/fetch_pc_reg_reg[5]_i_1/CO[3]
                         net (fo=1, routed)           0.000    10.307    cpu_inst/fetch_pc_reg_reg[5]_i_1_n_0
    SLICE_X9Y21          CARRY4 (Prop_carry4_CI_CO[3])
                                                      0.114    10.421 r  cpu_inst/fetch_pc_reg_reg[9]_i_1/CO[3]
                         net (fo=1, routed)           0.000    10.421    cpu_inst/fetch_pc_reg_reg[9]_i_1_n_0
    SLICE_X9Y22          CARRY4 (Prop_carry4_CI_CO[3])
                                                      0.114    10.535 r  cpu_inst/fetch_pc_reg_reg[13]_i_1/CO[3]
                         net (fo=1, routed)           0.000    10.535    cpu_inst/fetch_pc_reg_reg[13]_i_1_n_0
    SLICE_X9Y23          CARRY4 (Prop_carry4_CI_CO[3])
                                                      0.114    10.649 r  cpu_inst/fetch_pc_reg_reg[17]_i_1/CO[3]
                         net (fo=1, routed)           0.000    10.649    cpu_inst/fetch_pc_reg_reg[17]_i_1_n_0
    SLICE_X9Y24          CARRY4 (Prop_carry4_CI_CO[3])
                                                      0.114    10.763 r  cpu_inst/fetch_pc_reg_reg[21]_i_1/CO[3]
                         net (fo=1, routed)           0.009    10.772    cpu_inst/fetch_pc_reg_reg[21]_i_1_n_0
    SLICE_X9Y25          CARRY4 (Prop_carry4_CI_CO[3])
                                                      0.114    10.886 r  cpu_inst/fetch_pc_reg_reg[25]_i_1/CO[3]
                         net (fo=1, routed)           0.000    10.886    cpu_inst/fetch_pc_reg_reg[25]_i_1_n_0
    SLICE_X9Y26          CARRY4 (Prop_carry4_CI_O[1])
                                                      0.334    11.220 r  cpu_inst/fetch_pc_reg_reg[29]_i_1/O[1]
                         net (fo=1, routed)           0.000    11.220    cpu_inst/fetch_pc_reg_reg[29]_i_1_n_6
    SLICE_X9Y26          FDRE                                         r  cpu_inst/fetch_pc_reg_reg[30]/D
  -------------------------------------------------------------------    -------------------

                         (clock sys_clk_pin rise edge)
                                                      6.750     6.750 r  <hidden>
                         propagated clock network latency
                                                      4.776    11.526    <hidden>
                         clock pessimism              0.260    11.786    <hidden>
                         clock uncertainty           -0.035    11.751    <hidden>
    SLICE_X9Y26          FDRE (Setup_fdre_C_D)        0.062    11.813    cpu_inst/fetch_pc_reg_reg[30]
  -------------------------------------------------------------------
                         required time                         11.813    <hidden>
                         arrival time                         -11.220    <hidden>
  -------------------------------------------------------------------
                         slack                                  0.593    <hidden>

Slack (MET) :             0.605ns  (required time - arrival time)
  Source:                 cpu_inst/op_ex_reg_reg[opcode][3]/C
                            (rising edge-triggered cell FDRE clocked by sys_clk_pin  {rise@0.000ns fall@3.375ns period=6.750ns})
  Destination:            cpu_inst/op_ex_reg_reg[operand_b][25]/D
                            (rising edge-triggered cell FDRE clocked by sys_clk_pin  {rise@0.000ns fall@3.375ns period=6.750ns})
  Path Group:             sys_clk_pin
  Path Type:              Setup (Max at Slow Process Corner)
  Requirement:            6.750ns  (sys_clk_pin rise@6.750ns - sys_clk_pin rise@0.000ns)
  Data Path Delay:        6.097ns  (logic 1.304ns (21.387%)  route 4.793ns (78.613%))
  Logic Levels:           5  (LUT3=1 LUT4=1 LUT6=3)
  Clock Path Skew:        -0.044ns (DCD - SCD + CPR)
    Destination Clock Delay (DCD):    4.847ns = ( 11.597 - 6.750 ) 
    Source Clock Delay      (SCD):    5.151ns
    Clock Pessimism Removal (CPR):    0.260ns
  Clock Uncertainty:      0.035ns  ((TSJ^2 + TIJ^2)^1/2 + DJ) / 2 + PE
    Total System Jitter     (TSJ):    0.071ns
    Total Input Jitter      (TIJ):    0.000ns
    Discrete Jitter          (DJ):    0.000ns
    Phase Error              (PE):    0.000ns

    Location             Delay type                Incr(ns)  Path(ns)    Netlist Resource(s)
  -------------------------------------------------------------------    -------------------
                         (clock sys_clk_pin rise edge)
                                                      0.000     0.000 r  <hidden>
                         propagated clock network latency
                                                      5.151     5.151    <hidden>
    SLICE_X3Y16          FDRE                         0.000     5.151 r  cpu_inst/op_ex_reg_reg[opcode][3]/C
    SLICE_X3Y16          FDRE (Prop_fdre_C_Q)         0.456     5.607 f  cpu_inst/op_ex_reg_reg[opcode][3]/Q
                         net (fo=10, routed)          0.878     6.486    cpu_inst/op_ex_reg_reg[opcode_n_0_][3]
    SLICE_X3Y17          LUT4 (Prop_lut4_I3_O)        0.150     6.636 f  cpu_inst/op_ex_reg[operand_b][31]_i_11/O
                         net (fo=2, routed)           0.852     7.487    cpu_inst/p_13_in
    SLICE_X4Y17          LUT6 (Prop_lut6_I0_O)        0.326     7.813 f  cpu_inst/op_ex_reg[operand_b][31]_i_4/O
                         net (fo=66, routed)          0.600     8.414    cpu_inst/p_23_out__0
    SLICE_X5Y18          LUT3 (Prop_lut3_I0_O)        0.124     8.538 r  cpu_inst/op_ex_reg[operand_b][31]_i_7/O
                         net (fo=44, routed)          1.491    10.029    cpu_inst/data_mem_inst/op_ex_reg_reg[operand_b][0]_3
    SLICE_X8Y32          LUT6 (Prop_lut6_I0_O)        0.124    10.153 r  cpu_inst/data_mem_inst/op_ex_reg[operand_b][25]_i_2/O
                         net (fo=2, routed)           0.972    11.124    cpu_inst/data_mem_inst/id_op_reg_reg[rs2][4]_14
    SLICE_X4Y29          LUT6 (Prop_lut6_I0_O)        0.124    11.248 r  cpu_inst/data_mem_inst/op_ex_reg[operand_b][25]_i_1/O
                         net (fo=1, routed)           0.000    11.248    cpu_inst/prepare_operands[operand_b]_return[25]
    SLICE_X4Y29          FDRE                                         r  cpu_inst/op_ex_reg_reg[operand_b][25]/D
  -------------------------------------------------------------------    -------------------

                         (clock sys_clk_pin rise edge)
                                                      6.750     6.750 r  <hidden>
                         propagated clock network latency
                                                      4.847    11.597    <hidden>
                         clock pessimism              0.260    11.857    <hidden>
                         clock uncertainty           -0.035    11.822    <hidden>
    SLICE_X4Y29          FDRE (Setup_fdre_C_D)        0.031    11.853    cpu_inst/op_ex_reg_reg[operand_b][25]
  -------------------------------------------------------------------
                         required time                         11.853    <hidden>
                         arrival time                         -11.248    <hidden>
  -------------------------------------------------------------------
                         slack                                  0.605    <hidden>

Slack (MET) :             0.612ns  (required time - arrival time)
  Source:                 cpu_inst/op_ex_reg_reg[rd][4]/C
                            (rising edge-triggered cell FDRE clocked by sys_clk_pin  {rise@0.000ns fall@3.375ns period=6.750ns})
  Destination:            cpu_inst/op_ex_reg_reg[operand_a][22]/D
                            (rising edge-triggered cell FDRE clocked by sys_clk_pin  {rise@0.000ns fall@3.375ns period=6.750ns})
  Path Group:             sys_clk_pin
  Path Type:              Setup (Max at Slow Process Corner)
  Requirement:            6.750ns  (sys_clk_pin rise@6.750ns - sys_clk_pin rise@0.000ns)
  Data Path Delay:        6.087ns  (logic 1.441ns (23.672%)  route 4.646ns (76.328%))
  Logic Levels:           5  (LUT3=1 LUT6=4)
  Clock Path Skew:        -0.044ns (DCD - SCD + CPR)
    Destination Clock Delay (DCD):    4.847ns = ( 11.597 - 6.750 ) 
    Source Clock Delay      (SCD):    5.151ns
    Clock Pessimism Removal (CPR):    0.260ns
  Clock Uncertainty:      0.035ns  ((TSJ^2 + TIJ^2)^1/2 + DJ) / 2 + PE
    Total System Jitter     (TSJ):    0.071ns
    Total Input Jitter      (TIJ):    0.000ns
    Discrete Jitter          (DJ):    0.000ns
    Phase Error              (PE):    0.000ns

    Location             Delay type                Incr(ns)  Path(ns)    Netlist Resource(s)
  -------------------------------------------------------------------    -------------------
                         (clock sys_clk_pin rise edge)
                                                      0.000     0.000 r  <hidden>
                         propagated clock network latency
                                                      5.151     5.151    <hidden>
    SLICE_X3Y16          FDRE                         0.000     5.151 r  cpu_inst/op_ex_reg_reg[rd][4]/C
    SLICE_X3Y16          FDRE (Prop_fdre_C_Q)         0.419     5.570 r  cpu_inst/op_ex_reg_reg[rd][4]/Q
                         net (fo=4, routed)           0.877     6.447    cpu_inst/op_ex_reg_reg[rd][4]
    SLICE_X4Y15          LUT6 (Prop_lut6_I0_O)        0.296     6.743 f  cpu_inst/op_ex_reg[operand_a][31]_i_11/O
                         net (fo=2, routed)           0.822     7.565    cpu_inst/op_ex_reg[operand_a][31]_i_11_n_0
    SLICE_X4Y17          LUT6 (Prop_lut6_I1_O)        0.124     7.689 f  cpu_inst/op_ex_reg[operand_a][31]_i_6/O
                         net (fo=33, routed)          0.832     8.521    cpu_inst/p_33_out__0
    SLICE_X5Y18          LUT3 (Prop_lut3_I0_O)        0.152     8.673 r  cpu_inst/op_ex_reg[operand_a][31]_i_13/O
                         net (fo=32, routed)          1.423    10.096    cpu_inst/data_mem_inst/op_ex_reg_reg[operand_a][0]
    SLICE_X11Y35         LUT6 (Prop_lut6_I0_O)        0.326    10.422 r  cpu_inst/data_mem_inst/op_ex_reg[operand_a][22]_i_2/O
                         net (fo=1, routed)           0.693    11.115    cpu_inst/data_mem_inst/op_ex_reg[operand_a][22]_i_2_n_0
    SLICE_X7Y30          LUT6 (Prop_lut6_I3_O)        0.124    11.239 r  cpu_inst/data_mem_inst/op_ex_reg[operand_a][22]_i_1/O
                         net (fo=1, routed)           0.000    11.239    cpu_inst/p_1_in[22]
    SLICE_X7Y30          FDRE                                         r  cpu_inst/op_ex_reg_reg[operand_a][22]/D
  -------------------------------------------------------------------    -------------------

                         (clock sys_clk_pin rise edge)
                                                      6.750     6.750 r  <hidden>
                         propagated clock network latency
                                                      4.847    11.597    <hidden>
                         clock pessimism              0.260    11.857    <hidden>
                         clock uncertainty           -0.035    11.822    <hidden>
    SLICE_X7Y30          FDRE (Setup_fdre_C_D)        0.029    11.851    cpu_inst/op_ex_reg_reg[operand_a][22]
  -------------------------------------------------------------------
                         required time                         11.851    <hidden>
                         arrival time                         -11.239    <hidden>
  -------------------------------------------------------------------
                         slack                                  0.612    <hidden>

Slack (MET) :             0.620ns  (required time - arrival time)
  Source:                 cpu_inst/instr_mem_inst/instruction_reg/CLKBWRCLK
                            (rising edge-triggered cell RAMB18E1 clocked by sys_clk_pin  {rise@0.000ns fall@3.375ns period=6.750ns})
  Destination:            cpu_inst/if_id_reg_reg[opcode][0]/R
                            (rising edge-triggered cell FDRE clocked by sys_clk_pin  {rise@0.000ns fall@3.375ns period=6.750ns})
  Path Group:             sys_clk_pin
  Path Type:              Setup (Max at Slow Process Corner)
  Requirement:            6.750ns  (sys_clk_pin rise@6.750ns - sys_clk_pin rise@0.000ns)
  Data Path Delay:        5.554ns  (logic 2.826ns (50.878%)  route 2.728ns (49.122%))
  Logic Levels:           3  (LUT3=1 LUT5=1 LUT6=1)
  Clock Path Skew:        -0.016ns (DCD - SCD + CPR)
    Destination Clock Delay (DCD):    4.853ns = ( 11.603 - 6.750 ) 
    Source Clock Delay      (SCD):    5.130ns
    Clock Pessimism Removal (CPR):    0.260ns
  Clock Uncertainty:      0.035ns  ((TSJ^2 + TIJ^2)^1/2 + DJ) / 2 + PE
    Total System Jitter     (TSJ):    0.071ns
    Total Input Jitter      (TIJ):    0.000ns
    Discrete Jitter          (DJ):    0.000ns
    Phase Error              (PE):    0.000ns

    Location             Delay type                Incr(ns)  Path(ns)    Netlist Resource(s)
  -------------------------------------------------------------------    -------------------
                         (clock sys_clk_pin rise edge)
                                                      0.000     0.000 r  <hidden>
                         propagated clock network latency
                                                      5.130     5.130    <hidden>
    RAMB18_X0Y5          RAMB18E1                     0.000     5.130 r  cpu_inst/instr_mem_inst/instruction_reg/CLKBWRCLK
    RAMB18_X0Y5          RAMB18E1 (Prop_ramb18e1_CLKBWRCLK_DOBDO[10])
                                                      2.454     7.584 r  cpu_inst/instr_mem_inst/instruction_reg/DOBDO[10]
                         net (fo=2, routed)           0.818     8.401    cpu_inst/instr_mem_inst/D[28]
    SLICE_X8Y14          LUT3 (Prop_lut3_I2_O)        0.124     8.525 r  cpu_inst/instr_mem_inst/if_id_reg[opcode][0]_i_1/O
                         net (fo=6, routed)           0.702     9.227    cpu_inst/instr_mem_inst/opcode[0]
    SLICE_X8Y14          LUT6 (Prop_lut6_I3_O)        0.124     9.351 f  cpu_inst/instr_mem_inst/if_id_reg[decoded_valid]_i_1/O
                         net (fo=19, routed)          0.597     9.948    cpu_inst/instr_mem_inst/decoded_stage[valid]_return
    SLICE_X5Y14          LUT5 (Prop_lut5_I4_O)        0.124    10.072 r  cpu_inst/instr_mem_inst/if_id_reg[opcode][3]_i_1/O
                         net (fo=8, routed)           0.612    10.684    cpu_inst/instr_mem_inst_n_32
    SLICE_X6Y14          FDRE                                         r  cpu_inst/if_id_reg_reg[opcode][0]/R
  -------------------------------------------------------------------    -------------------

                         (clock sys_clk_pin rise edge)
                                                      6.750     6.750 r  <hidden>
                         propagated clock network latency
                                                      4.853    11.603    <hidden>
                         clock pessimism              0.260    11.863    <hidden>
                         clock uncertainty           -0.035    11.828    <hidden>
    SLICE_X6Y14          FDRE (Setup_fdre_C_R)       -0.524    11.304    cpu_inst/if_id_reg_reg[opcode][0]
  -------------------------------------------------------------------
                         required time                         11.304    <hidden>
                         arrival time                         -10.684    <hidden>
  -------------------------------------------------------------------
                         slack                                  0.620    <hidden>

Slack (MET) :             0.620ns  (required time - arrival time)
  Source:                 cpu_inst/instr_mem_inst/instruction_reg/CLKBWRCLK
                            (rising edge-triggered cell RAMB18E1 clocked by sys_clk_pin  {rise@0.000ns fall@3.375ns period=6.750ns})
  Destination:            cpu_inst/if_id_reg_reg[opcode][0]_lopt_replica/R
                            (rising edge-triggered cell FDRE clocked by sys_clk_pin  {rise@0.000ns fall@3.375ns period=6.750ns})
  Path Group:             sys_clk_pin
  Path Type:              Setup (Max at Slow Process Corner)
  Requirement:            6.750ns  (sys_clk_pin rise@6.750ns - sys_clk_pin rise@0.000ns)
  Data Path Delay:        5.554ns  (logic 2.826ns (50.878%)  route 2.728ns (49.122%))
  Logic Levels:           3  (LUT3=1 LUT5=1 LUT6=1)
  Clock Path Skew:        -0.016ns (DCD - SCD + CPR)
    Destination Clock Delay (DCD):    4.853ns = ( 11.603 - 6.750 ) 
    Source Clock Delay      (SCD):    5.130ns
    Clock Pessimism Removal (CPR):    0.260ns
  Clock Uncertainty:      0.035ns  ((TSJ^2 + TIJ^2)^1/2 + DJ) / 2 + PE
    Total System Jitter     (TSJ):    0.071ns
    Total Input Jitter      (TIJ):    0.000ns
    Discrete Jitter          (DJ):    0.000ns
    Phase Error              (PE):    0.000ns

    Location             Delay type                Incr(ns)  Path(ns)    Netlist Resource(s)
  -------------------------------------------------------------------    -------------------
                         (clock sys_clk_pin rise edge)
                                                      0.000     0.000 r  <hidden>
                         propagated clock network latency
                                                      5.130     5.130    <hidden>
    RAMB18_X0Y5          RAMB18E1                     0.000     5.130 r  cpu_inst/instr_mem_inst/instruction_reg/CLKBWRCLK
    RAMB18_X0Y5          RAMB18E1 (Prop_ramb18e1_CLKBWRCLK_DOBDO[10])
                                                      2.454     7.584 r  cpu_inst/instr_mem_inst/instruction_reg/DOBDO[10]
                         net (fo=2, routed)           0.818     8.401    cpu_inst/instr_mem_inst/D[28]
    SLICE_X8Y14          LUT3 (Prop_lut3_I2_O)        0.124     8.525 r  cpu_inst/instr_mem_inst/if_id_reg[opcode][0]_i_1/O
                         net (fo=6, routed)           0.702     9.227    cpu_inst/instr_mem_inst/opcode[0]
    SLICE_X8Y14          LUT6 (Prop_lut6_I3_O)        0.124     9.351 f  cpu_inst/instr_mem_inst/if_id_reg[decoded_valid]_i_1/O
                         net (fo=19, routed)          0.597     9.948    cpu_inst/instr_mem_inst/decoded_stage[valid]_return
    SLICE_X5Y14          LUT5 (Prop_lut5_I4_O)        0.124    10.072 r  cpu_inst/instr_mem_inst/if_id_reg[opcode][3]_i_1/O
                         net (fo=8, routed)           0.612    10.684    cpu_inst/instr_mem_inst_n_32
    SLICE_X6Y14          FDRE                                         r  cpu_inst/if_id_reg_reg[opcode][0]_lopt_replica/R
  -------------------------------------------------------------------    -------------------

                         (clock sys_clk_pin rise edge)
                                                      6.750     6.750 r  <hidden>
                         propagated clock network latency
                                                      4.853    11.603    <hidden>
                         clock pessimism              0.260    11.863    <hidden>
                         clock uncertainty           -0.035    11.828    <hidden>
    SLICE_X6Y14          FDRE (Setup_fdre_C_R)       -0.524    11.304    cpu_inst/if_id_reg_reg[opcode][0]_lopt_replica
  -------------------------------------------------------------------
                         required time                         11.304    <hidden>
                         arrival time                         -10.684    <hidden>
  -------------------------------------------------------------------
                         slack                                  0.620    <hidden>

Slack (MET) :             0.620ns  (required time - arrival time)
  Source:                 cpu_inst/instr_mem_inst/instruction_reg/CLKBWRCLK
                            (rising edge-triggered cell RAMB18E1 clocked by sys_clk_pin  {rise@0.000ns fall@3.375ns period=6.750ns})
  Destination:            cpu_inst/if_id_reg_reg[opcode][1]/R
                            (rising edge-triggered cell FDRE clocked by sys_clk_pin  {rise@0.000ns fall@3.375ns period=6.750ns})
  Path Group:             sys_clk_pin
  Path Type:              Setup (Max at Slow Process Corner)
  Requirement:            6.750ns  (sys_clk_pin rise@6.750ns - sys_clk_pin rise@0.000ns)
  Data Path Delay:        5.554ns  (logic 2.826ns (50.878%)  route 2.728ns (49.122%))
  Logic Levels:           3  (LUT3=1 LUT5=1 LUT6=1)
  Clock Path Skew:        -0.016ns (DCD - SCD + CPR)
    Destination Clock Delay (DCD):    4.853ns = ( 11.603 - 6.750 ) 
    Source Clock Delay      (SCD):    5.130ns
    Clock Pessimism Removal (CPR):    0.260ns
  Clock Uncertainty:      0.035ns  ((TSJ^2 + TIJ^2)^1/2 + DJ) / 2 + PE
    Total System Jitter     (TSJ):    0.071ns
    Total Input Jitter      (TIJ):    0.000ns
    Discrete Jitter          (DJ):    0.000ns
    Phase Error              (PE):    0.000ns

    Location             Delay type                Incr(ns)  Path(ns)    Netlist Resource(s)
  -------------------------------------------------------------------    -------------------
                         (clock sys_clk_pin rise edge)
                                                      0.000     0.000 r  <hidden>
                         propagated clock network latency
                                                      5.130     5.130    <hidden>
    RAMB18_X0Y5          RAMB18E1                     0.000     5.130 r  cpu_inst/instr_mem_inst/instruction_reg/CLKBWRCLK
    RAMB18_X0Y5          RAMB18E1 (Prop_ramb18e1_CLKBWRCLK_DOBDO[10])
                                                      2.454     7.584 r  cpu_inst/instr_mem_inst/instruction_reg/DOBDO[10]
                         net (fo=2, routed)           0.818     8.401    cpu_inst/instr_mem_inst/D[28]
    SLICE_X8Y14          LUT3 (Prop_lut3_I2_O)        0.124     8.525 r  cpu_inst/instr_mem_inst/if_id_reg[opcode][0]_i_1/O
                         net (fo=6, routed)           0.702     9.227    cpu_inst/instr_mem_inst/opcode[0]
    SLICE_X8Y14          LUT6 (Prop_lut6_I3_O)        0.124     9.351 f  cpu_inst/instr_mem_inst/if_id_reg[decoded_valid]_i_1/O
                         net (fo=19, routed)          0.597     9.948    cpu_inst/instr_mem_inst/decoded_stage[valid]_return
    SLICE_X5Y14          LUT5 (Prop_lut5_I4_O)        0.124    10.072 r  cpu_inst/instr_mem_inst/if_id_reg[opcode][3]_i_1/O
                         net (fo=8, routed)           0.612    10.684    cpu_inst/instr_mem_inst_n_32
    SLICE_X6Y14          FDRE                                         r  cpu_inst/if_id_reg_reg[opcode][1]/R
  -------------------------------------------------------------------    -------------------

                         (clock sys_clk_pin rise edge)
                                                      6.750     6.750 r  <hidden>
                         propagated clock network latency
                                                      4.853    11.603    <hidden>
                         clock pessimism              0.260    11.863    <hidden>
                         clock uncertainty           -0.035    11.828    <hidden>
    SLICE_X6Y14          FDRE (Setup_fdre_C_R)       -0.524    11.304    cpu_inst/if_id_reg_reg[opcode][1]
  -------------------------------------------------------------------
                         required time                         11.304    <hidden>
                         arrival time                         -10.684    <hidden>
  -------------------------------------------------------------------
                         slack                                  0.620    <hidden>

Slack (MET) :             0.620ns  (required time - arrival time)
  Source:                 cpu_inst/instr_mem_inst/instruction_reg/CLKBWRCLK
                            (rising edge-triggered cell RAMB18E1 clocked by sys_clk_pin  {rise@0.000ns fall@3.375ns period=6.750ns})
  Destination:            cpu_inst/if_id_reg_reg[opcode][1]_lopt_replica/R
                            (rising edge-triggered cell FDRE clocked by sys_clk_pin  {rise@0.000ns fall@3.375ns period=6.750ns})
  Path Group:             sys_clk_pin
  Path Type:              Setup (Max at Slow Process Corner)
  Requirement:            6.750ns  (sys_clk_pin rise@6.750ns - sys_clk_pin rise@0.000ns)
  Data Path Delay:        5.554ns  (logic 2.826ns (50.878%)  route 2.728ns (49.122%))
  Logic Levels:           3  (LUT3=1 LUT5=1 LUT6=1)
  Clock Path Skew:        -0.016ns (DCD - SCD + CPR)
    Destination Clock Delay (DCD):    4.853ns = ( 11.603 - 6.750 ) 
    Source Clock Delay      (SCD):    5.130ns
    Clock Pessimism Removal (CPR):    0.260ns
  Clock Uncertainty:      0.035ns  ((TSJ^2 + TIJ^2)^1/2 + DJ) / 2 + PE
    Total System Jitter     (TSJ):    0.071ns
    Total Input Jitter      (TIJ):    0.000ns
    Discrete Jitter          (DJ):    0.000ns
    Phase Error              (PE):    0.000ns

    Location             Delay type                Incr(ns)  Path(ns)    Netlist Resource(s)
  -------------------------------------------------------------------    -------------------
                         (clock sys_clk_pin rise edge)
                                                      0.000     0.000 r  <hidden>
                         propagated clock network latency
                                                      5.130     5.130    <hidden>
    RAMB18_X0Y5          RAMB18E1                     0.000     5.130 r  cpu_inst/instr_mem_inst/instruction_reg/CLKBWRCLK
    RAMB18_X0Y5          RAMB18E1 (Prop_ramb18e1_CLKBWRCLK_DOBDO[10])
                                                      2.454     7.584 r  cpu_inst/instr_mem_inst/instruction_reg/DOBDO[10]
                         net (fo=2, routed)           0.818     8.401    cpu_inst/instr_mem_inst/D[28]
    SLICE_X8Y14          LUT3 (Prop_lut3_I2_O)        0.124     8.525 r  cpu_inst/instr_mem_inst/if_id_reg[opcode][0]_i_1/O
                         net (fo=6, routed)           0.702     9.227    cpu_inst/instr_mem_inst/opcode[0]
    SLICE_X8Y14          LUT6 (Prop_lut6_I3_O)        0.124     9.351 f  cpu_inst/instr_mem_inst/if_id_reg[decoded_valid]_i_1/O
                         net (fo=19, routed)          0.597     9.948    cpu_inst/instr_mem_inst/decoded_stage[valid]_return
    SLICE_X5Y14          LUT5 (Prop_lut5_I4_O)        0.124    10.072 r  cpu_inst/instr_mem_inst/if_id_reg[opcode][3]_i_1/O
                         net (fo=8, routed)           0.612    10.684    cpu_inst/instr_mem_inst_n_32
    SLICE_X6Y14          FDRE                                         r  cpu_inst/if_id_reg_reg[opcode][1]_lopt_replica/R
  -------------------------------------------------------------------    -------------------

                         (clock sys_clk_pin rise edge)
                                                      6.750     6.750 r  <hidden>
                         propagated clock network latency
                                                      4.853    11.603    <hidden>
                         clock pessimism              0.260    11.863    <hidden>
                         clock uncertainty           -0.035    11.828    <hidden>
    SLICE_X6Y14          FDRE (Setup_fdre_C_R)       -0.524    11.304    cpu_inst/if_id_reg_reg[opcode][1]_lopt_replica
  -------------------------------------------------------------------
                         required time                         11.304    <hidden>
                         arrival time                         -10.684    <hidden>
  -------------------------------------------------------------------
                         slack                                  0.620    <hidden>

Slack (MET) :             0.620ns  (required time - arrival time)
  Source:                 cpu_inst/instr_mem_inst/instruction_reg/CLKBWRCLK
                            (rising edge-triggered cell RAMB18E1 clocked by sys_clk_pin  {rise@0.000ns fall@3.375ns period=6.750ns})
  Destination:            cpu_inst/if_id_reg_reg[opcode][2]/R
                            (rising edge-triggered cell FDRE clocked by sys_clk_pin  {rise@0.000ns fall@3.375ns period=6.750ns})
  Path Group:             sys_clk_pin
  Path Type:              Setup (Max at Slow Process Corner)
  Requirement:            6.750ns  (sys_clk_pin rise@6.750ns - sys_clk_pin rise@0.000ns)
  Data Path Delay:        5.554ns  (logic 2.826ns (50.878%)  route 2.728ns (49.122%))
  Logic Levels:           3  (LUT3=1 LUT5=1 LUT6=1)
  Clock Path Skew:        -0.016ns (DCD - SCD + CPR)
    Destination Clock Delay (DCD):    4.853ns = ( 11.603 - 6.750 ) 
    Source Clock Delay      (SCD):    5.130ns
    Clock Pessimism Removal (CPR):    0.260ns
  Clock Uncertainty:      0.035ns  ((TSJ^2 + TIJ^2)^1/2 + DJ) / 2 + PE
    Total System Jitter     (TSJ):    0.071ns
    Total Input Jitter      (TIJ):    0.000ns
    Discrete Jitter          (DJ):    0.000ns
    Phase Error              (PE):    0.000ns

    Location             Delay type                Incr(ns)  Path(ns)    Netlist Resource(s)
  -------------------------------------------------------------------    -------------------
                         (clock sys_clk_pin rise edge)
                                                      0.000     0.000 r  <hidden>
                         propagated clock network latency
                                                      5.130     5.130    <hidden>
    RAMB18_X0Y5          RAMB18E1                     0.000     5.130 r  cpu_inst/instr_mem_inst/instruction_reg/CLKBWRCLK
    RAMB18_X0Y5          RAMB18E1 (Prop_ramb18e1_CLKBWRCLK_DOBDO[10])
                                                      2.454     7.584 r  cpu_inst/instr_mem_inst/instruction_reg/DOBDO[10]
                         net (fo=2, routed)           0.818     8.401    cpu_inst/instr_mem_inst/D[28]
    SLICE_X8Y14          LUT3 (Prop_lut3_I2_O)        0.124     8.525 r  cpu_inst/instr_mem_inst/if_id_reg[opcode][0]_i_1/O
                         net (fo=6, routed)           0.702     9.227    cpu_inst/instr_mem_inst/opcode[0]
    SLICE_X8Y14          LUT6 (Prop_lut6_I3_O)        0.124     9.351 f  cpu_inst/instr_mem_inst/if_id_reg[decoded_valid]_i_1/O
                         net (fo=19, routed)          0.597     9.948    cpu_inst/instr_mem_inst/decoded_stage[valid]_return
    SLICE_X5Y14          LUT5 (Prop_lut5_I4_O)        0.124    10.072 r  cpu_inst/instr_mem_inst/if_id_reg[opcode][3]_i_1/O
                         net (fo=8, routed)           0.612    10.684    cpu_inst/instr_mem_inst_n_32
    SLICE_X6Y14          FDRE                                         r  cpu_inst/if_id_reg_reg[opcode][2]/R
  -------------------------------------------------------------------    -------------------

                         (clock sys_clk_pin rise edge)
                                                      6.750     6.750 r  <hidden>
                         propagated clock network latency
                                                      4.853    11.603    <hidden>
                         clock pessimism              0.260    11.863    <hidden>
                         clock uncertainty           -0.035    11.828    <hidden>
    SLICE_X6Y14          FDRE (Setup_fdre_C_R)       -0.524    11.304    cpu_inst/if_id_reg_reg[opcode][2]
  -------------------------------------------------------------------
                         required time                         11.304    <hidden>
                         arrival time                         -10.684    <hidden>
  -------------------------------------------------------------------
                         slack                                  0.620    <hidden>




