Copyright 1986-2022 Xilinx, Inc. All Rights Reserved. Copyright 2022-2026 Advanced Micro Devices, Inc. All Rights Reserved.
-----------------------------------------------------------------------------------------------------------------------------------------------------------------------
| Tool Version : Vivado v.2026.1 (win64) Build 6511674 Tue Jun 16 11:02:23 MDT 2026
| Date         : Tue Jul 14 19:59:31 2026
| Host         : DESKTOP-4GB7DVJ running 64-bit major release  (build 9200)
| Command      : report_timing_summary -file reports/phase16c_cpu_mips_compare_impl/phase11e_ctrlopt_prefetch/timing/phase11e_ctrlopt_prefetch_impl_timing_summary.rpt
| Design       : fpga_top_cpu_mips_compare
| Device       : 7a35t-cpg236
| Speed File   : -1  PRODUCTION 1.23 2018-06-13
| Design State : Physopt postRoute
-----------------------------------------------------------------------------------------------------------------------------------------------------------------------

Timing Summary Report

------------------------------------------------------------------------------------------------
| Timer Settings
| --------------
------------------------------------------------------------------------------------------------

  Enable Multi Corner Analysis               :  Yes
  Enable Pessimism Removal                   :  Yes
  Pessimism Removal Resolution               :  Nearest Common Node
  Enable Input Delay Default Clock           :  No
  Enable Preset / Clear Arcs                 :  No
  Disable Flight Delays                      :  No
  Ignore I/O Paths                           :  No
  Timing Early Launch at Borrowing Latches   :  No
  Borrow Time for Max Delay Exceptions       :  Yes
  Merge Timing Exceptions                    :  Yes
  Inter-SLR Compensation                     :  Conservative

  Corner  Analyze    Analyze    
  Name    Max Paths  Min Paths  
  ------  ---------  ---------  
  Slow    Yes        Yes        
  Fast    Yes        Yes        


------------------------------------------------------------------------------------------------
| Report Methodology
| ------------------
------------------------------------------------------------------------------------------------

No report available as report_methodology has not been run prior. Run report_methodology on the current design for the summary of methodology violations.



check_timing report

Table of Contents
-----------------
1. checking no_clock (0)
2. checking constant_clock (0)
3. checking pulse_width_clock (0)
4. checking unconstrained_internal_endpoints (0)
5. checking no_input_delay (3)
6. checking no_output_delay (25)
7. checking multiple_clock (0)
8. checking generated_clocks (0)
9. checking loops (0)
10. checking partial_input_delay (0)
11. checking partial_output_delay (0)
12. checking latch_loops (0)

1. checking no_clock (0)
------------------------
 There are 0 register/latch pins with no clock.


2. checking constant_clock (0)
------------------------------
 There are 0 register/latch pins with constant_clock.


3. checking pulse_width_clock (0)
---------------------------------
 There are 0 register/latch pins which need pulse_width check


4. checking unconstrained_internal_endpoints (0)
------------------------------------------------
 There are 0 pins that are not constrained for maximum delay.

 There are 0 pins that are not constrained for maximum delay due to constant clock.


5. checking no_input_delay (3)
------------------------------
 There are 3 input ports with no input delay specified. (HIGH)

 There are 0 input ports with no input delay but user has a false path constraint.


6. checking no_output_delay (25)
--------------------------------
 There are 25 ports with no output delay specified. (HIGH)

 There are 0 ports with no output delay but user has a false path constraint

 There are 0 ports with no output delay but with a timing clock defined on it or propagating through it


7. checking multiple_clock (0)
------------------------------
 There are 0 register/latch pins with multiple clocks.


8. checking generated_clocks (0)
--------------------------------
 There are 0 generated clocks that are not connected to a clock source.


9. checking loops (0)
---------------------
 There are 0 combinational loops in the design.


10. checking partial_input_delay (0)
------------------------------------
 There are 0 input ports with partial input delay specified.


11. checking partial_output_delay (0)
-------------------------------------
 There are 0 ports with partial output delay specified.


12. checking latch_loops (0)
----------------------------
 There are 0 combinational latch loops in the design through latch input



------------------------------------------------------------------------------------------------
| Design Timing Summary
| ---------------------
------------------------------------------------------------------------------------------------

    WNS(ns)      TNS(ns)  TNS Failing Endpoints  TNS Total Endpoints      WHS(ns)      THS(ns)  THS Failing Endpoints  THS Total Endpoints     WPWS(ns)     TPWS(ns)  TPWS Failing Endpoints  TPWS Total Endpoints  
    -------      -------  ---------------------  -------------------      -------      -------  ---------------------  -------------------     --------     --------  ----------------------  --------------------  
      0.334        0.000                      0                 4303        0.133        0.000                      0                 4303        4.500        0.000                       0                  1427  


All user specified timing constraints are met.


------------------------------------------------------------------------------------------------
| Clock Summary
| -------------
------------------------------------------------------------------------------------------------

Clock        Waveform(ns)       Period(ns)      Frequency(MHz)
-----        ------------       ----------      --------------
sys_clk_pin  {0.000 5.000}      10.000          100.000         


------------------------------------------------------------------------------------------------
| Intra Clock Table
| -----------------
------------------------------------------------------------------------------------------------

Clock             WNS(ns)      TNS(ns)  TNS Failing Endpoints  TNS Total Endpoints      WHS(ns)      THS(ns)  THS Failing Endpoints  THS Total Endpoints     WPWS(ns)     TPWS(ns)  TPWS Failing Endpoints  TPWS Total Endpoints  
-----             -------      -------  ---------------------  -------------------      -------      -------  ---------------------  -------------------     --------     --------  ----------------------  --------------------  
sys_clk_pin         0.334        0.000                      0                 4303        0.133        0.000                      0                 4303        4.500        0.000                       0                  1427  


------------------------------------------------------------------------------------------------
| Inter Clock Table
| -----------------
------------------------------------------------------------------------------------------------

From Clock    To Clock          WNS(ns)      TNS(ns)  TNS Failing Endpoints  TNS Total Endpoints      WHS(ns)      THS(ns)  THS Failing Endpoints  THS Total Endpoints  
----------    --------          -------      -------  ---------------------  -------------------      -------      -------  ---------------------  -------------------  


------------------------------------------------------------------------------------------------
| Other Path Groups Table
| -----------------------
------------------------------------------------------------------------------------------------

Path Group    From Clock    To Clock          WNS(ns)      TNS(ns)  TNS Failing Endpoints  TNS Total Endpoints      WHS(ns)      THS(ns)  THS Failing Endpoints  THS Total Endpoints  
----------    ----------    --------          -------      -------  ---------------------  -------------------      -------      -------  ---------------------  -------------------  


------------------------------------------------------------------------------------------------
| Timing Details
| --------------
------------------------------------------------------------------------------------------------


---------------------------------------------------------------------------------------------------
From Clock:  sys_clk_pin
  To Clock:  sys_clk_pin

Setup :            0  Failing Endpoints,  Worst Slack        0.334ns,  Total Violation        0.000ns
Hold  :            0  Failing Endpoints,  Worst Slack        0.133ns,  Total Violation        0.000ns
PW    :            0  Failing Endpoints,  Worst Slack        4.500ns,  Total Violation        0.000ns
---------------------------------------------------------------------------------------------------


Max Delay Paths
--------------------------------------------------------------------------------------
Slack (MET) :             0.334ns  (required time - arrival time)
  Source:                 gen_phase11e.cpu_inst/pc_reg[5]/C
                            (rising edge-triggered cell FDRE clocked by sys_clk_pin  {rise@0.000ns fall@5.000ns period=10.000ns})
  Destination:            gen_phase11e.cpu_inst/instr_mem_inst/instruction_reg/RSTRAMARSTRAM
                            (rising edge-triggered cell RAMB18E1 clocked by sys_clk_pin  {rise@0.000ns fall@5.000ns period=10.000ns})
  Path Group:             sys_clk_pin
  Path Type:              Setup (Max at Slow Process Corner)
  Requirement:            10.000ns  (sys_clk_pin rise@10.000ns - sys_clk_pin rise@0.000ns)
  Data Path Delay:        9.206ns  (logic 3.802ns (41.300%)  route 5.404ns (58.700%))
  Logic Levels:           16  (CARRY4=10 LUT4=1 LUT6=5)
  Clock Path Skew:        -0.066ns (DCD - SCD + CPR)
    Destination Clock Delay (DCD):    4.834ns = ( 14.834 - 10.000 ) 
    Source Clock Delay      (SCD):    5.159ns
    Clock Pessimism Removal (CPR):    0.260ns
  Clock Uncertainty:      0.035ns  ((TSJ^2 + TIJ^2)^1/2 + DJ) / 2 + PE
    Total System Jitter     (TSJ):    0.071ns
    Total Input Jitter      (TIJ):    0.000ns
    Discrete Jitter          (DJ):    0.000ns
    Phase Error              (PE):    0.000ns

    Location             Delay type                Incr(ns)  Path(ns)    Netlist Resource(s)
  -------------------------------------------------------------------    -------------------
                         (clock sys_clk_pin rise edge)
                                                      0.000     0.000 r  <hidden>
    W5                                                0.000     0.000 r  clk
                         net (fo=0)                   0.000     0.000    clk
    W5                   IBUF (Prop_ibuf_I_O)         1.458     1.458 r  clk_IBUF_inst/O
                         net (fo=1, routed)           1.967     3.425    clk_IBUF
    BUFGCTRL_X0Y0        BUFG (Prop_bufg_I_O)         0.096     3.521 r  clk_IBUF_BUFG_inst/O
                         net (fo=1426, routed)        1.638     5.159    gen_phase11e.cpu_inst/clk_IBUF_BUFG
    SLICE_X3Y4           FDRE                                         r  gen_phase11e.cpu_inst/pc_reg[5]/C
  -------------------------------------------------------------------    -------------------
    SLICE_X3Y4           FDRE (Prop_fdre_C_Q)         0.456     5.615 r  gen_phase11e.cpu_inst/pc_reg[5]/Q
                         net (fo=6, routed)           1.125     6.740    gen_phase11e.cpu_inst/instr_mem_inst/prefetch_request_pc_reg[31][4]
    SLICE_X2Y5           LUT6 (Prop_lut6_I1_O)        0.124     6.864 r  gen_phase11e.cpu_inst/instr_mem_inst/FSM_sequential_state[1]_i_32/O
                         net (fo=1, routed)           0.000     6.864    gen_phase11e.cpu_inst/instr_mem_inst/FSM_sequential_state[1]_i_32_n_0
    SLICE_X2Y5           CARRY4 (Prop_carry4_S[1]_CO[3])
                                                      0.533     7.397 r  gen_phase11e.cpu_inst/instr_mem_inst/FSM_sequential_state_reg[1]_i_21/CO[3]
                         net (fo=1, routed)           0.000     7.397    gen_phase11e.cpu_inst/instr_mem_inst/FSM_sequential_state_reg[1]_i_21_n_0
    SLICE_X2Y6           CARRY4 (Prop_carry4_CI_CO[3])
                                                      0.117     7.514 r  gen_phase11e.cpu_inst/instr_mem_inst/FSM_sequential_state_reg[1]_i_11/CO[3]
                         net (fo=1, routed)           0.000     7.514    gen_phase11e.cpu_inst/instr_mem_inst/FSM_sequential_state_reg[1]_i_11_n_0
    SLICE_X2Y7           CARRY4 (Prop_carry4_CI_CO[2])
                                                      0.229     7.743 r  gen_phase11e.cpu_inst/instr_mem_inst/FSM_sequential_state_reg[1]_i_5/CO[2]
                         net (fo=35, routed)          0.897     8.640    gen_phase11e.cpu_inst/instr_mem_inst/CO[0]
    SLICE_X0Y2           LUT4 (Prop_lut4_I1_O)        0.310     8.950 r  gen_phase11e.cpu_inst/instr_mem_inst/prefetch_request_pc[4]_i_7/O
                         net (fo=1, routed)           0.000     8.950    gen_phase11e.cpu_inst/instr_mem_inst/prefetch_request_pc[4]_i_7_n_0
    SLICE_X0Y2           CARRY4 (Prop_carry4_S[1]_CO[3])
                                                      0.550     9.500 r  gen_phase11e.cpu_inst/instr_mem_inst/prefetch_request_pc_reg[4]_i_3/CO[3]
                         net (fo=1, routed)           0.000     9.500    gen_phase11e.cpu_inst/instr_mem_inst/prefetch_request_pc_reg[4]_i_3_n_0
    SLICE_X0Y3           CARRY4 (Prop_carry4_CI_CO[3])
                                                      0.114     9.614 r  gen_phase11e.cpu_inst/instr_mem_inst/prefetch_request_pc_reg[8]_i_3/CO[3]
                         net (fo=1, routed)           0.000     9.614    gen_phase11e.cpu_inst/instr_mem_inst/prefetch_request_pc_reg[8]_i_3_n_0
    SLICE_X0Y4           CARRY4 (Prop_carry4_CI_CO[3])
                                                      0.114     9.728 r  gen_phase11e.cpu_inst/instr_mem_inst/prefetch_request_pc_reg[12]_i_3/CO[3]
                         net (fo=1, routed)           0.000     9.728    gen_phase11e.cpu_inst/instr_mem_inst/prefetch_request_pc_reg[12]_i_3_n_0
    SLICE_X0Y5           CARRY4 (Prop_carry4_CI_CO[3])
                                                      0.114     9.842 r  gen_phase11e.cpu_inst/instr_mem_inst/prefetch_request_pc_reg[16]_i_3/CO[3]
                         net (fo=1, routed)           0.000     9.842    gen_phase11e.cpu_inst/instr_mem_inst/prefetch_request_pc_reg[16]_i_3_n_0
    SLICE_X0Y6           CARRY4 (Prop_carry4_CI_CO[3])
                                                      0.114     9.956 r  gen_phase11e.cpu_inst/instr_mem_inst/prefetch_request_pc_reg[20]_i_3/CO[3]
                         net (fo=1, routed)           0.000     9.956    gen_phase11e.cpu_inst/instr_mem_inst/prefetch_request_pc_reg[20]_i_3_n_0
    SLICE_X0Y7           CARRY4 (Prop_carry4_CI_CO[3])
                                                      0.114    10.070 r  gen_phase11e.cpu_inst/instr_mem_inst/prefetch_request_pc_reg[24]_i_3/CO[3]
                         net (fo=1, routed)           0.000    10.070    gen_phase11e.cpu_inst/instr_mem_inst/prefetch_request_pc_reg[24]_i_3_n_0
    SLICE_X0Y8           CARRY4 (Prop_carry4_CI_O[2])
                                                      0.239    10.309 r  gen_phase11e.cpu_inst/instr_mem_inst/prefetch_request_pc_reg[28]_i_3/O[2]
                         net (fo=2, routed)           1.101    11.410    gen_phase11e.cpu_inst/instr_mem_inst/in8[26]
    SLICE_X0Y10          LUT6 (Prop_lut6_I0_O)        0.302    11.712 f  gen_phase11e.cpu_inst/instr_mem_inst/instruction_reg_i_61/O
                         net (fo=1, routed)           0.416    12.128    gen_phase11e.cpu_inst/instr_mem_inst/instruction_reg_i_61_n_0
    SLICE_X2Y9           LUT6 (Prop_lut6_I0_O)        0.124    12.252 f  gen_phase11e.cpu_inst/instr_mem_inst/instruction_reg_i_34/O
                         net (fo=1, routed)           0.295    12.546    gen_phase11e.cpu_inst/instr_mem_inst/instruction_reg_i_34_n_0
    SLICE_X3Y8           LUT6 (Prop_lut6_I2_O)        0.124    12.670 r  gen_phase11e.cpu_inst/instr_mem_inst/instruction_reg_i_13/O
                         net (fo=1, routed)           0.546    13.217    gen_phase11e.cpu_inst/instr_mem_inst/instruction_reg_i_13_n_0
    SLICE_X7Y8           LUT6 (Prop_lut6_I3_O)        0.124    13.341 r  gen_phase11e.cpu_inst/instr_mem_inst/instruction_reg_i_1/O
                         net (fo=2, routed)           1.024    14.365    gen_phase11e.cpu_inst/instr_mem_inst/instruction_reg_i_1_n_0
    RAMB18_X0Y0          RAMB18E1                                     r  gen_phase11e.cpu_inst/instr_mem_inst/instruction_reg/RSTRAMARSTRAM
  -------------------------------------------------------------------    -------------------

                         (clock sys_clk_pin rise edge)
                                                     10.000    10.000 r  <hidden>
    W5                                                0.000    10.000 r  clk
                         net (fo=0)                   0.000    10.000    clk
    W5                   IBUF (Prop_ibuf_I_O)         1.388    11.388 r  clk_IBUF_inst/O
                         net (fo=1, routed)           1.862    13.250    clk_IBUF
    BUFGCTRL_X0Y0        BUFG (Prop_bufg_I_O)         0.091    13.341 r  clk_IBUF_BUFG_inst/O
                         net (fo=1426, routed)        1.493    14.834    gen_phase11e.cpu_inst/instr_mem_inst/clk_IBUF_BUFG
    RAMB18_X0Y0          RAMB18E1                                     r  gen_phase11e.cpu_inst/instr_mem_inst/instruction_reg/CLKARDCLK
                         clock pessimism              0.260    15.094    <hidden>
                         clock uncertainty           -0.035    15.058    <hidden>
    RAMB18_X0Y0          RAMB18E1 (Setup_ramb18e1_CLKARDCLK_RSTRAMARSTRAM)
                                                     -0.359    14.699    gen_phase11e.cpu_inst/instr_mem_inst/instruction_reg
  -------------------------------------------------------------------
                         required time                         14.699    <hidden>
                         arrival time                         -14.365    <hidden>
  -------------------------------------------------------------------
                         slack                                  0.334    <hidden>





Min Delay Paths
--------------------------------------------------------------------------------------
Slack (MET) :             0.133ns  (arrival time - required time)
  Source:                 gen_phase11e.cpu_inst/prefetch_request_pc_reg[21]/C
                            (rising edge-triggered cell FDRE clocked by sys_clk_pin  {rise@0.000ns fall@5.000ns period=10.000ns})
  Destination:            gen_phase11e.cpu_inst/instruction_pc_reg[21]/D
                            (rising edge-triggered cell FDRE clocked by sys_clk_pin  {rise@0.000ns fall@5.000ns period=10.000ns})
  Path Group:             sys_clk_pin
  Path Type:              Hold (Min at Fast Process Corner)
  Requirement:            0.000ns  (sys_clk_pin rise@0.000ns - sys_clk_pin rise@0.000ns)
  Data Path Delay:        0.266ns  (logic 0.186ns (69.810%)  route 0.080ns (30.190%))
  Logic Levels:           1  (LUT6=1)
  Clock Path Skew:        0.013ns (DCD - SCD - CPR)
    Destination Clock Delay (DCD):    1.992ns
    Source Clock Delay      (SCD):    1.477ns
    Clock Pessimism Removal (CPR):    0.502ns

    Location             Delay type                Incr(ns)  Path(ns)    Netlist Resource(s)
  -------------------------------------------------------------------    -------------------
                         (clock sys_clk_pin rise edge)
                                                      0.000     0.000 r  <hidden>
    W5                                                0.000     0.000 r  clk
                         net (fo=0)                   0.000     0.000    clk
    W5                   IBUF (Prop_ibuf_I_O)         0.226     0.226 r  clk_IBUF_inst/O
                         net (fo=1, routed)           0.631     0.858    clk_IBUF
    BUFGCTRL_X0Y0        BUFG (Prop_bufg_I_O)         0.026     0.884 r  clk_IBUF_BUFG_inst/O
                         net (fo=1426, routed)        0.594     1.477    gen_phase11e.cpu_inst/clk_IBUF_BUFG
    SLICE_X3Y8           FDRE                                         r  gen_phase11e.cpu_inst/prefetch_request_pc_reg[21]/C
  -------------------------------------------------------------------    -------------------
    SLICE_X3Y8           FDRE (Prop_fdre_C_Q)         0.141     1.618 r  gen_phase11e.cpu_inst/prefetch_request_pc_reg[21]/Q
                         net (fo=4, routed)           0.080     1.699    gen_phase11e.cpu_inst/prefetch_request_pc_reg_n_0_[21]
    SLICE_X2Y8           LUT6 (Prop_lut6_I2_O)        0.045     1.744 r  gen_phase11e.cpu_inst/instruction_pc[21]_i_1/O
                         net (fo=1, routed)           0.000     1.744    gen_phase11e.cpu_inst/instruction_pc[21]_i_1_n_0
    SLICE_X2Y8           FDRE                                         r  gen_phase11e.cpu_inst/instruction_pc_reg[21]/D
  -------------------------------------------------------------------    -------------------

                         (clock sys_clk_pin rise edge)
                                                      0.000     0.000 r  <hidden>
    W5                                                0.000     0.000 r  clk
                         net (fo=0)                   0.000     0.000    clk
    W5                   IBUF (Prop_ibuf_I_O)         0.414     0.414 r  clk_IBUF_inst/O
                         net (fo=1, routed)           0.685     1.099    clk_IBUF
    BUFGCTRL_X0Y0        BUFG (Prop_bufg_I_O)         0.029     1.128 r  clk_IBUF_BUFG_inst/O
                         net (fo=1426, routed)        0.865     1.992    gen_phase11e.cpu_inst/clk_IBUF_BUFG
    SLICE_X2Y8           FDRE                                         r  gen_phase11e.cpu_inst/instruction_pc_reg[21]/C
                         clock pessimism             -0.502     1.490    <hidden>
    SLICE_X2Y8           FDRE (Hold_fdre_C_D)         0.120     1.610    gen_phase11e.cpu_inst/instruction_pc_reg[21]
  -------------------------------------------------------------------
                         required time                         -1.610    <hidden>
                         arrival time                           1.744    <hidden>
  -------------------------------------------------------------------
                         slack                                  0.133    <hidden>





Pulse Width Checks
--------------------------------------------------------------------------------------
Clock Name:         sys_clk_pin
Waveform(ns):       { 0.000 5.000 }
Period(ns):         10.000
Sources:            { clk }

Check Type        Corner  Lib Pin             Reference Pin  Required(ns)  Actual(ns)  Slack(ns)  Location      Pin
Min Period        n/a     RAMB18E1/CLKARDCLK  n/a            2.944         10.000      7.056      RAMB18_X0Y4   gen_phase11e.cpu_inst/data_mem_inst/mem_reg/CLKARDCLK
Low Pulse Width   Slow    FDRE/C              n/a            0.500         5.000       4.500      SLICE_X14Y33  cycle_counter_reg[0]/C
High Pulse Width  Slow    FDRE/C              n/a            0.500         5.000       4.500      SLICE_X14Y33  cycle_counter_reg[0]/C



