Copyright 1986-2022 Xilinx, Inc. All Rights Reserved. Copyright 2022-2026 Advanced Micro Devices, Inc. All Rights Reserved.
---------------------------------------------------------------------------------------------------------------------------------------------
| Tool Version : Vivado v.2026.1 (win64) Build 6511674 Tue Jun 16 11:02:23 MDT 2026
| Date         : Tue Aug 11 20:55:07 2026
| Host         : DESKTOP-4GB7DVJ running 64-bit major release  (build 9200)
| Command      : report_timing_summary -file reports/vector_stage5a/stage5a_impl_timing_summary.rpt
| Design       : vector_program_core_synth_top
| Device       : 7a35t-cpg236
| Speed File   : -1  PRODUCTION 1.23 2018-06-13
| Design State : Routed
---------------------------------------------------------------------------------------------------------------------------------------------

Timing Summary Report

------------------------------------------------------------------------------------------------
| Timer Settings
| --------------
------------------------------------------------------------------------------------------------

  Enable Multi Corner Analysis               :  Yes
  Enable Pessimism Removal                   :  Yes
  Pessimism Removal Resolution               :  Nearest Common Node
  Enable Input Delay Default Clock           :  No
  Enable Preset / Clear Arcs                 :  No
  Disable Flight Delays                      :  No
  Ignore I/O Paths                           :  No
  Timing Early Launch at Borrowing Latches   :  No
  Borrow Time for Max Delay Exceptions       :  Yes
  Merge Timing Exceptions                    :  Yes
  Inter-SLR Compensation                     :  Conservative

  Corner  Analyze    Analyze    
  Name    Max Paths  Min Paths  
  ------  ---------  ---------  
  Slow    Yes        Yes        
  Fast    Yes        Yes        


------------------------------------------------------------------------------------------------
| Report Methodology
| ------------------
------------------------------------------------------------------------------------------------

No report available as report_methodology has not been run prior. Run report_methodology on the current design for the summary of methodology violations.



check_timing report

Table of Contents
-----------------
1. checking no_clock (0)
2. checking constant_clock (0)
3. checking pulse_width_clock (0)
4. checking unconstrained_internal_endpoints (0)
5. checking no_input_delay (36)
6. checking no_output_delay (9)
7. checking multiple_clock (0)
8. checking generated_clocks (0)
9. checking loops (0)
10. checking partial_input_delay (0)
11. checking partial_output_delay (0)
12. checking latch_loops (0)

1. checking no_clock (0)
------------------------
 There are 0 register/latch pins with no clock.


2. checking constant_clock (0)
------------------------------
 There are 0 register/latch pins with constant_clock.


3. checking pulse_width_clock (0)
---------------------------------
 There are 0 register/latch pins which need pulse_width check


4. checking unconstrained_internal_endpoints (0)
------------------------------------------------
 There are 0 pins that are not constrained for maximum delay.

 There are 0 pins that are not constrained for maximum delay due to constant clock.


5. checking no_input_delay (36)
-------------------------------
 There are 36 input ports with no input delay specified. (HIGH)

 There are 0 input ports with no input delay but user has a false path constraint.


6. checking no_output_delay (9)
-------------------------------
 There are 9 ports with no output delay specified. (HIGH)

 There are 0 ports with no output delay but user has a false path constraint

 There are 0 ports with no output delay but with a timing clock defined on it or propagating through it


7. checking multiple_clock (0)
------------------------------
 There are 0 register/latch pins with multiple clocks.


8. checking generated_clocks (0)
--------------------------------
 There are 0 generated clocks that are not connected to a clock source.


9. checking loops (0)
---------------------
 There are 0 combinational loops in the design.


10. checking partial_input_delay (0)
------------------------------------
 There are 0 input ports with partial input delay specified.


11. checking partial_output_delay (0)
-------------------------------------
 There are 0 ports with partial output delay specified.


12. checking latch_loops (0)
----------------------------
 There are 0 combinational latch loops in the design through latch input



------------------------------------------------------------------------------------------------
| Design Timing Summary
| ---------------------
------------------------------------------------------------------------------------------------

    WNS(ns)      TNS(ns)  TNS Failing Endpoints  TNS Total Endpoints      WHS(ns)      THS(ns)  THS Failing Endpoints  THS Total Endpoints     WPWS(ns)     TPWS(ns)  TPWS Failing Endpoints  TPWS Total Endpoints  
    -------      -------  ---------------------  -------------------      -------      -------  ---------------------  -------------------     --------     --------  ----------------------  --------------------  
     -0.629      -32.957                    217                 2092        0.275        0.000                      0                 2092        3.750        0.000                       0                  1060  


Timing constraints are not met.


------------------------------------------------------------------------------------------------
| Clock Summary
| -------------
------------------------------------------------------------------------------------------------

Clock            Waveform(ns)       Period(ns)      Frequency(MHz)
-----            ------------       ----------      --------------
vector_core_clk  {0.000 5.000}      10.000          100.000         


------------------------------------------------------------------------------------------------
| Intra Clock Table
| -----------------
------------------------------------------------------------------------------------------------

Clock                WNS(ns)      TNS(ns)  TNS Failing Endpoints  TNS Total Endpoints      WHS(ns)      THS(ns)  THS Failing Endpoints  THS Total Endpoints     WPWS(ns)     TPWS(ns)  TPWS Failing Endpoints  TPWS Total Endpoints  
-----                -------      -------  ---------------------  -------------------      -------      -------  ---------------------  -------------------     --------     --------  ----------------------  --------------------  
vector_core_clk       -0.629      -32.957                    217                 2092        0.275        0.000                      0                 2092        3.750        0.000                       0                  1060  


------------------------------------------------------------------------------------------------
| Inter Clock Table
| -----------------
------------------------------------------------------------------------------------------------

From Clock    To Clock          WNS(ns)      TNS(ns)  TNS Failing Endpoints  TNS Total Endpoints      WHS(ns)      THS(ns)  THS Failing Endpoints  THS Total Endpoints  
----------    --------          -------      -------  ---------------------  -------------------      -------      -------  ---------------------  -------------------  


------------------------------------------------------------------------------------------------
| Other Path Groups Table
| -----------------------
------------------------------------------------------------------------------------------------

Path Group    From Clock    To Clock          WNS(ns)      TNS(ns)  TNS Failing Endpoints  TNS Total Endpoints      WHS(ns)      THS(ns)  THS Failing Endpoints  THS Total Endpoints  
----------    ----------    --------          -------      -------  ---------------------  -------------------      -------      -------  ---------------------  -------------------  


------------------------------------------------------------------------------------------------
| Timing Details
| --------------
------------------------------------------------------------------------------------------------


---------------------------------------------------------------------------------------------------
From Clock:  vector_core_clk
  To Clock:  vector_core_clk

Setup :          217  Failing Endpoints,  Worst Slack       -0.629ns,  Total Violation      -32.957ns
Hold  :            0  Failing Endpoints,  Worst Slack        0.275ns,  Total Violation        0.000ns
PW    :            0  Failing Endpoints,  Worst Slack        3.750ns,  Total Violation        0.000ns
---------------------------------------------------------------------------------------------------


Max Delay Paths
--------------------------------------------------------------------------------------
Slack (VIOLATED) :        -0.629ns  (required time - arrival time)
  Source:                 core_inst/current_pc_reg[1]/C
                            (rising edge-triggered cell FDRE clocked by vector_core_clk  {rise@0.000ns fall@5.000ns period=10.000ns})
  Destination:            core_inst/execution_unit_inst/execution_unit_inst/vector_register_file_inst/regs_reg[6][0]/D
                            (rising edge-triggered cell FDRE clocked by vector_core_clk  {rise@0.000ns fall@5.000ns period=10.000ns})
  Path Group:             vector_core_clk
  Path Type:              Setup (Max at Slow Process Corner)
  Requirement:            10.000ns  (vector_core_clk rise@10.000ns - vector_core_clk rise@0.000ns)
  Data Path Delay:        10.480ns  (logic 3.153ns (30.085%)  route 7.327ns (69.915%))
  Logic Levels:           11  (CARRY4=2 LUT2=1 LUT3=1 LUT4=2 LUT6=3 MUXF7=1 RAMD32=1)
  Clock Path Skew:        -0.032ns (DCD - SCD + CPR)
    Destination Clock Delay (DCD):    4.784ns = ( 14.784 - 10.000 ) 
    Source Clock Delay      (SCD):    5.090ns
    Clock Pessimism Removal (CPR):    0.274ns
  Clock Uncertainty:      0.035ns  ((TSJ^2 + TIJ^2)^1/2 + DJ) / 2 + PE
    Total System Jitter     (TSJ):    0.071ns
    Total Input Jitter      (TIJ):    0.000ns
    Discrete Jitter          (DJ):    0.000ns
    Phase Error              (PE):    0.000ns

    Location             Delay type                Incr(ns)  Path(ns)    Netlist Resource(s)
  -------------------------------------------------------------------    -------------------
                         (clock vector_core_clk rise edge)
                                                      0.000     0.000 r  <hidden>
    W5                                                0.000     0.000 r  clk
                         net (fo=0)                   0.000     0.000    clk
    W5                   IBUF (Prop_ibuf_I_O)         1.458     1.458 r  clk_IBUF_inst/O
                         net (fo=1, routed)           1.967     3.425    clk_IBUF
    BUFGCTRL_X0Y0        BUFG (Prop_bufg_I_O)         0.096     3.521 r  clk_IBUF_BUFG_inst/O
                         net (fo=1059, routed)        1.569     5.090    core_inst/clk
    SLICE_X15Y46         FDRE                                         r  core_inst/current_pc_reg[1]/C
  -------------------------------------------------------------------    -------------------
    SLICE_X15Y46         FDRE (Prop_fdre_C_Q)         0.419     5.509 r  core_inst/current_pc_reg[1]/Q
                         net (fo=23, routed)          0.882     6.391    core_inst/instruction_memory_inst/memory_reg_0_15_12_15/ADDRB1
    SLICE_X14Y45         RAMD32 (Prop_ramd32_RADR1_O)
                                                      0.327     6.718 f  core_inst/instruction_memory_inst/memory_reg_0_15_12_15/RAMB/O
                         net (fo=26, routed)          0.978     7.696    core_inst/instruction_memory_inst/memory_reg_0_15_12_15_n_3
    SLICE_X13Y43         LUT4 (Prop_lut4_I1_O)        0.348     8.044 r  core_inst/instruction_memory_inst/regs[0][31]_i_45/O
                         net (fo=64, routed)          1.338     9.382    core_inst/execution_unit_inst/execution_unit_inst/vector_register_file_inst/regs_reg[0][0]_i_8_0
    SLICE_X14Y31         LUT6 (Prop_lut6_I2_O)        0.124     9.506 r  core_inst/execution_unit_inst/execution_unit_inst/vector_register_file_inst/regs[0][12]_i_14/O
                         net (fo=1, routed)           0.000     9.506    core_inst/execution_unit_inst/execution_unit_inst/vector_register_file_inst/regs[0][12]_i_14_n_0
    SLICE_X14Y31         MUXF7 (Prop_muxf7_I1_O)      0.214     9.720 r  core_inst/execution_unit_inst/execution_unit_inst/vector_register_file_inst/regs_reg[0][12]_i_10/O
                         net (fo=4, routed)           1.018    10.738    core_inst/execution_unit_inst/execution_unit_inst/vector_register_file_inst/rf_vector_b[12]
    SLICE_X9Y35          LUT2 (Prop_lut2_I1_O)        0.297    11.035 r  core_inst/execution_unit_inst/execution_unit_inst/vector_register_file_inst/regs[0][12]_i_12/O
                         net (fo=4, routed)           1.010    12.045    core_inst/execution_unit_inst/execution_unit_inst/vector_register_file_inst/regs[0][15]_i_12_0[0]
    SLICE_X12Y35         LUT3 (Prop_lut3_I0_O)        0.124    12.169 r  core_inst/execution_unit_inst/execution_unit_inst/vector_register_file_inst/regs[0][0]_i_48/O
                         net (fo=1, routed)           0.000    12.169    core_inst/execution_unit_inst/execution_unit_inst/vector_alu_inst/regs_reg[0][0]_i_19_0[0]
    SLICE_X12Y35         CARRY4 (Prop_carry4_S[0]_CO[3])
                                                      0.513    12.682 r  core_inst/execution_unit_inst/execution_unit_inst/vector_alu_inst/regs_reg[0][0]_i_31/CO[3]
                         net (fo=1, routed)           0.000    12.682    core_inst/execution_unit_inst/execution_unit_inst/vector_alu_inst/regs_reg[0][0]_i_31_n_0
    SLICE_X12Y36         CARRY4 (Prop_carry4_CI_CO[2])
                                                      0.229    12.911 r  core_inst/execution_unit_inst/execution_unit_inst/vector_alu_inst/regs_reg[0][0]_i_19/CO[2]
                         net (fo=1, routed)           0.623    13.534    core_inst/execution_unit_inst/execution_unit_inst/vector_register_file_inst/CO[0]
    SLICE_X14Y34         LUT4 (Prop_lut4_I0_O)        0.310    13.844 r  core_inst/execution_unit_inst/execution_unit_inst/vector_register_file_inst/regs[0][0]_i_7/O
                         net (fo=1, routed)           0.303    14.147    core_inst/execution_unit_inst/execution_unit_inst/vector_register_file_inst/regs[0][0]_i_7_n_0
    SLICE_X14Y33         LUT6 (Prop_lut6_I5_O)        0.124    14.271 r  core_inst/execution_unit_inst/execution_unit_inst/vector_register_file_inst/regs[0][0]_i_3/O
                         net (fo=1, routed)           0.412    14.683    core_inst/execution_unit_inst/execution_unit_inst/vector_register_file_inst/regs[0][0]_i_3_n_0
    SLICE_X15Y32         LUT6 (Prop_lut6_I2_O)        0.124    14.807 r  core_inst/execution_unit_inst/execution_unit_inst/vector_register_file_inst/regs[0][0]_i_1/O
                         net (fo=8, routed)           0.764    15.571    core_inst/execution_unit_inst/execution_unit_inst/vector_register_file_inst/regs[0][0]_i_1_n_0
    SLICE_X13Y33         FDRE                                         r  core_inst/execution_unit_inst/execution_unit_inst/vector_register_file_inst/regs_reg[6][0]/D
  -------------------------------------------------------------------    -------------------

                         (clock vector_core_clk rise edge)
                                                     10.000    10.000 r  <hidden>
    W5                                                0.000    10.000 r  clk
                         net (fo=0)                   0.000    10.000    clk
    W5                   IBUF (Prop_ibuf_I_O)         1.388    11.388 r  clk_IBUF_inst/O
                         net (fo=1, routed)           1.862    13.250    clk_IBUF
    BUFGCTRL_X0Y0        BUFG (Prop_bufg_I_O)         0.091    13.341 r  clk_IBUF_BUFG_inst/O
                         net (fo=1059, routed)        1.443    14.784    core_inst/execution_unit_inst/execution_unit_inst/vector_register_file_inst/clk
    SLICE_X13Y33         FDRE                                         r  core_inst/execution_unit_inst/execution_unit_inst/vector_register_file_inst/regs_reg[6][0]/C
                         clock pessimism              0.274    15.058    <hidden>
                         clock uncertainty           -0.035    15.023    <hidden>
    SLICE_X13Y33         FDRE (Setup_fdre_C_D)       -0.081    14.942    core_inst/execution_unit_inst/execution_unit_inst/vector_register_file_inst/regs_reg[6][0]
  -------------------------------------------------------------------
                         required time                         14.942    <hidden>
                         arrival time                         -15.571    <hidden>
  -------------------------------------------------------------------
                         slack                                 -0.629    <hidden>





Min Delay Paths
--------------------------------------------------------------------------------------
Slack (MET) :             0.275ns  (arrival time - required time)
  Source:                 core_inst/running_reg/C
                            (rising edge-triggered cell FDRE clocked by vector_core_clk  {rise@0.000ns fall@5.000ns period=10.000ns})
  Destination:            core_inst/running_reg/D
                            (rising edge-triggered cell FDRE clocked by vector_core_clk  {rise@0.000ns fall@5.000ns period=10.000ns})
  Path Group:             vector_core_clk
  Path Type:              Hold (Min at Fast Process Corner)
  Requirement:            0.000ns  (vector_core_clk rise@0.000ns - vector_core_clk rise@0.000ns)
  Data Path Delay:        0.366ns  (logic 0.186ns (50.759%)  route 0.180ns (49.241%))
  Logic Levels:           1  (LUT5=1)
  Clock Path Skew:        0.000ns (DCD - SCD - CPR)
    Destination Clock Delay (DCD):    1.975ns
    Source Clock Delay      (SCD):    1.463ns
    Clock Pessimism Removal (CPR):    0.512ns

    Location             Delay type                Incr(ns)  Path(ns)    Netlist Resource(s)
  -------------------------------------------------------------------    -------------------
                         (clock vector_core_clk rise edge)
                                                      0.000     0.000 r  <hidden>
    W5                                                0.000     0.000 r  clk
                         net (fo=0)                   0.000     0.000    clk
    W5                   IBUF (Prop_ibuf_I_O)         0.226     0.226 r  clk_IBUF_inst/O
                         net (fo=1, routed)           0.631     0.858    clk_IBUF
    BUFGCTRL_X0Y0        BUFG (Prop_bufg_I_O)         0.026     0.884 r  clk_IBUF_BUFG_inst/O
                         net (fo=1059, routed)        0.580     1.463    core_inst/clk
    SLICE_X7Y25          FDRE                                         r  core_inst/running_reg/C
  -------------------------------------------------------------------    -------------------
    SLICE_X7Y25          FDRE (Prop_fdre_C_Q)         0.141     1.604 r  core_inst/running_reg/Q
                         net (fo=16, routed)          0.180     1.785    core_inst/running_OBUF
    SLICE_X7Y25          LUT5 (Prop_lut5_I1_O)        0.045     1.830 r  core_inst/running_i_1/O
                         net (fo=1, routed)           0.000     1.830    core_inst/running_i_1_n_0
    SLICE_X7Y25          FDRE                                         r  core_inst/running_reg/D
  -------------------------------------------------------------------    -------------------

                         (clock vector_core_clk rise edge)
                                                      0.000     0.000 r  <hidden>
    W5                                                0.000     0.000 r  clk
                         net (fo=0)                   0.000     0.000    clk
    W5                   IBUF (Prop_ibuf_I_O)         0.414     0.414 r  clk_IBUF_inst/O
                         net (fo=1, routed)           0.685     1.099    clk_IBUF
    BUFGCTRL_X0Y0        BUFG (Prop_bufg_I_O)         0.029     1.128 r  clk_IBUF_BUFG_inst/O
                         net (fo=1059, routed)        0.848     1.975    core_inst/clk
    SLICE_X7Y25          FDRE                                         r  core_inst/running_reg/C
                         clock pessimism             -0.512     1.463    <hidden>
    SLICE_X7Y25          FDRE (Hold_fdre_C_D)         0.091     1.554    core_inst/running_reg
  -------------------------------------------------------------------
                         required time                         -1.554    <hidden>
                         arrival time                           1.830    <hidden>
  -------------------------------------------------------------------
                         slack                                  0.275    <hidden>





Pulse Width Checks
--------------------------------------------------------------------------------------
Clock Name:         vector_core_clk
Waveform(ns):       { 0.000 5.000 }
Period(ns):         10.000
Sources:            { clk }

Check Type        Corner  Lib Pin     Reference Pin  Required(ns)  Actual(ns)  Slack(ns)  Location       Pin
Min Period        n/a     BUFG/I      n/a            2.155         10.000      7.845      BUFGCTRL_X0Y0  clk_IBUF_BUFG_inst/I
Low Pulse Width   Slow    RAMD32/CLK  n/a            1.250         5.000       3.750      SLICE_X14Y43   core_inst/instruction_memory_inst/memory_reg_0_15_0_5/RAMA/CLK
High Pulse Width  Slow    RAMD32/CLK  n/a            1.250         5.000       3.750      SLICE_X14Y43   core_inst/instruction_memory_inst/memory_reg_0_15_0_5/RAMA/CLK



