Copyright 1986-2022 Xilinx, Inc. All Rights Reserved. Copyright 2022-2026 Advanced Micro Devices, Inc. All Rights Reserved.
---------------------------------------------------------------------------------------------------------------------------------------------
| Tool Version : Vivado v.2026.1 (win64) Build 6511674 Tue Jun 16 11:02:23 MDT 2026
| Date         : Tue Aug 11 20:55:13 2026
| Host         : DESKTOP-4GB7DVJ running 64-bit major release  (build 9200)
| Command      : report_methodology -file reports/vector_stage5a/stage5a_methodology.rpt
| Design       : vector_program_core_synth_top
| Device       : xc7a35tcpg236-1
| Speed File   : -1
| Design State : Fully Routed
---------------------------------------------------------------------------------------------------------------------------------------------

Report Methodology

Table of Contents
-----------------
1. REPORT SUMMARY
2. REPORT DETAILS

1. REPORT SUMMARY
-----------------
            Netlist: vector_program_core_synth_top
          Floorplan: design_1
      Design limits: <entire design considered>
             Max checks: <unlimited>
             Checks found: 45
+-----------+----------+-------------------------------+--------+
| Rule      | Severity | Description                   | Checks |
+-----------+----------+-------------------------------+--------+
| TIMING-18 | Warning  | Missing input or output delay | 45     |
+-----------+----------+-------------------------------+--------+

2. REPORT DETAILS
-----------------
TIMING-18#1 Warning
Missing input or output delay  
An input delay is missing on debug_read_addr[0] relative to the rising and/or falling clock edge(s) of vector_core_clk.
Related violations: <none>

TIMING-18#2 Warning
Missing input or output delay  
An input delay is missing on debug_read_addr[1] relative to the rising and/or falling clock edge(s) of vector_core_clk.
Related violations: <none>

TIMING-18#3 Warning
Missing input or output delay  
An input delay is missing on debug_read_addr[2] relative to the rising and/or falling clock edge(s) of vector_core_clk.
Related violations: <none>

TIMING-18#4 Warning
Missing input or output delay  
An input delay is missing on debug_read_enable relative to the rising and/or falling clock edge(s) of vector_core_clk.
Related violations: <none>

TIMING-18#5 Warning
Missing input or output delay  
An input delay is missing on load_addr[0] relative to the rising and/or falling clock edge(s) of vector_core_clk.
Related violations: <none>

TIMING-18#6 Warning
Missing input or output delay  
An input delay is missing on load_addr[1] relative to the rising and/or falling clock edge(s) of vector_core_clk.
Related violations: <none>

TIMING-18#7 Warning
Missing input or output delay  
An input delay is missing on load_addr[2] relative to the rising and/or falling clock edge(s) of vector_core_clk.
Related violations: <none>

TIMING-18#8 Warning
Missing input or output delay  
An input delay is missing on load_enable relative to the rising and/or falling clock edge(s) of vector_core_clk.
Related violations: <none>

TIMING-18#9 Warning
Missing input or output delay  
An input delay is missing on prog_load_addr[0] relative to the rising and/or falling clock edge(s) of vector_core_clk.
Related violations: <none>

TIMING-18#10 Warning
Missing input or output delay  
An input delay is missing on prog_load_addr[1] relative to the rising and/or falling clock edge(s) of vector_core_clk.
Related violations: <none>

TIMING-18#11 Warning
Missing input or output delay  
An input delay is missing on prog_load_addr[2] relative to the rising and/or falling clock edge(s) of vector_core_clk.
Related violations: <none>

TIMING-18#12 Warning
Missing input or output delay  
An input delay is missing on prog_load_addr[3] relative to the rising and/or falling clock edge(s) of vector_core_clk.
Related violations: <none>

TIMING-18#13 Warning
Missing input or output delay  
An input delay is missing on prog_load_data[0] relative to the rising and/or falling clock edge(s) of vector_core_clk.
Related violations: <none>

TIMING-18#14 Warning
Missing input or output delay  
An input delay is missing on prog_load_data[10] relative to the rising and/or falling clock edge(s) of vector_core_clk.
Related violations: <none>

TIMING-18#15 Warning
Missing input or output delay  
An input delay is missing on prog_load_data[11] relative to the rising and/or falling clock edge(s) of vector_core_clk.
Related violations: <none>

TIMING-18#16 Warning
Missing input or output delay  
An input delay is missing on prog_load_data[12] relative to the rising and/or falling clock edge(s) of vector_core_clk.
Related violations: <none>

TIMING-18#17 Warning
Missing input or output delay  
An input delay is missing on prog_load_data[13] relative to the rising and/or falling clock edge(s) of vector_core_clk.
Related violations: <none>

TIMING-18#18 Warning
Missing input or output delay  
An input delay is missing on prog_load_data[14] relative to the rising and/or falling clock edge(s) of vector_core_clk.
Related violations: <none>

TIMING-18#19 Warning
Missing input or output delay  
An input delay is missing on prog_load_data[15] relative to the rising and/or falling clock edge(s) of vector_core_clk.
Related violations: <none>

TIMING-18#20 Warning
Missing input or output delay  
An input delay is missing on prog_load_data[1] relative to the rising and/or falling clock edge(s) of vector_core_clk.
Related violations: <none>

TIMING-18#21 Warning
Missing input or output delay  
An input delay is missing on prog_load_data[2] relative to the rising and/or falling clock edge(s) of vector_core_clk.
Related violations: <none>

TIMING-18#22 Warning
Missing input or output delay  
An input delay is missing on prog_load_data[3] relative to the rising and/or falling clock edge(s) of vector_core_clk.
Related violations: <none>

TIMING-18#23 Warning
Missing input or output delay  
An input delay is missing on prog_load_data[4] relative to the rising and/or falling clock edge(s) of vector_core_clk.
Related violations: <none>

TIMING-18#24 Warning
Missing input or output delay  
An input delay is missing on prog_load_data[5] relative to the rising and/or falling clock edge(s) of vector_core_clk.
Related violations: <none>

TIMING-18#25 Warning
Missing input or output delay  
An input delay is missing on prog_load_data[6] relative to the rising and/or falling clock edge(s) of vector_core_clk.
Related violations: <none>

TIMING-18#26 Warning
Missing input or output delay  
An input delay is missing on prog_load_data[7] relative to the rising and/or falling clock edge(s) of vector_core_clk.
Related violations: <none>

TIMING-18#27 Warning
Missing input or output delay  
An input delay is missing on prog_load_data[8] relative to the rising and/or falling clock edge(s) of vector_core_clk.
Related violations: <none>

TIMING-18#28 Warning
Missing input or output delay  
An input delay is missing on prog_load_data[9] relative to the rising and/or falling clock edge(s) of vector_core_clk.
Related violations: <none>

TIMING-18#29 Warning
Missing input or output delay  
An input delay is missing on prog_load_enable relative to the rising and/or falling clock edge(s) of vector_core_clk.
Related violations: <none>

TIMING-18#30 Warning
Missing input or output delay  
An input delay is missing on program_length[0] relative to the rising and/or falling clock edge(s) of vector_core_clk.
Related violations: <none>

TIMING-18#31 Warning
Missing input or output delay  
An input delay is missing on program_length[1] relative to the rising and/or falling clock edge(s) of vector_core_clk.
Related violations: <none>

TIMING-18#32 Warning
Missing input or output delay  
An input delay is missing on program_length[2] relative to the rising and/or falling clock edge(s) of vector_core_clk.
Related violations: <none>

TIMING-18#33 Warning
Missing input or output delay  
An input delay is missing on program_length[3] relative to the rising and/or falling clock edge(s) of vector_core_clk.
Related violations: <none>

TIMING-18#34 Warning
Missing input or output delay  
An input delay is missing on program_length[4] relative to the rising and/or falling clock edge(s) of vector_core_clk.
Related violations: <none>

TIMING-18#35 Warning
Missing input or output delay  
An input delay is missing on rst relative to the rising and/or falling clock edge(s) of vector_core_clk.
Related violations: <none>

TIMING-18#36 Warning
Missing input or output delay  
An input delay is missing on start relative to the rising and/or falling clock edge(s) of vector_core_clk.
Related violations: <none>

TIMING-18#37 Warning
Missing input or output delay  
An output delay is missing on current_instruction_parity relative to the rising and/or falling clock edge(s) of vector_core_clk.
Related violations: <none>

TIMING-18#38 Warning
Missing input or output delay  
An output delay is missing on current_instruction_valid relative to the rising and/or falling clock edge(s) of vector_core_clk.
Related violations: <none>

TIMING-18#39 Warning
Missing input or output delay  
An output delay is missing on current_pc[0] relative to the rising and/or falling clock edge(s) of vector_core_clk.
Related violations: <none>

TIMING-18#40 Warning
Missing input or output delay  
An output delay is missing on current_pc[1] relative to the rising and/or falling clock edge(s) of vector_core_clk.
Related violations: <none>

TIMING-18#41 Warning
Missing input or output delay  
An output delay is missing on current_pc[2] relative to the rising and/or falling clock edge(s) of vector_core_clk.
Related violations: <none>

TIMING-18#42 Warning
Missing input or output delay  
An output delay is missing on current_pc[3] relative to the rising and/or falling clock edge(s) of vector_core_clk.
Related violations: <none>

TIMING-18#43 Warning
Missing input or output delay  
An output delay is missing on debug_read_data_parity relative to the rising and/or falling clock edge(s) of vector_core_clk.
Related violations: <none>

TIMING-18#44 Warning
Missing input or output delay  
An output delay is missing on done relative to the rising and/or falling clock edge(s) of vector_core_clk.
Related violations: <none>

TIMING-18#45 Warning
Missing input or output delay  
An output delay is missing on running relative to the rising and/or falling clock edge(s) of vector_core_clk.
Related violations: <none>


