Copyright 1986-2022 Xilinx, Inc. All Rights Reserved. Copyright 2022-2026 Advanced Micro Devices, Inc. All Rights Reserved.
----------------------------------------------------------------------------------------------------------------------------------------------------------------------------
| Tool Version : Vivado v.2026.1 (win64) Build 6511674 Tue Jun 16 11:02:23 MDT 2026
| Date         : Mon Jul 13 13:25:28 2026
| Host         : DESKTOP-4GB7DVJ running 64-bit major release  (build 9200)
| Command      : report_timing -max_paths 10 -path_type full -file reports/phase13i_strategy/fanout_opt_8p800ns/timing/fpga_top_pipeline_forwardtiming_impl_worst_paths.rpt
| Design       : fpga_top_pipeline_forwardtiming
| Device       : 7a35t-cpg236
| Speed File   : -1  PRODUCTION 1.23 2018-06-13
| Design State : Physopt postRoute
----------------------------------------------------------------------------------------------------------------------------------------------------------------------------

Timing Report

Slack (MET) :             0.012ns  (required time - arrival time)
  Source:                 cpu_inst/data_mem_inst/mem_reg/CLKARDCLK
                            (rising edge-triggered cell RAMB18E1 clocked by sys_clk_pin  {rise@0.000ns fall@4.400ns period=8.800ns})
  Destination:            cpu_inst/fetch_pending_pc_reg[3]/CE
                            (rising edge-triggered cell FDRE clocked by sys_clk_pin  {rise@0.000ns fall@4.400ns period=8.800ns})
  Path Group:             sys_clk_pin
  Path Type:              Setup (Max at Slow Process Corner)
  Requirement:            8.800ns  (sys_clk_pin rise@8.800ns - sys_clk_pin rise@0.000ns)
  Data Path Delay:        8.462ns  (logic 3.982ns (47.056%)  route 4.480ns (52.944%))
  Logic Levels:           8  (CARRY4=3 LUT2=1 LUT3=1 LUT5=1 LUT6=2)
  Clock Path Skew:        -0.085ns (DCD - SCD + CPR)
    Destination Clock Delay (DCD):    4.776ns = ( 13.576 - 8.800 ) 
    Source Clock Delay      (SCD):    5.122ns
    Clock Pessimism Removal (CPR):    0.260ns
  Clock Uncertainty:      0.035ns  ((TSJ^2 + TIJ^2)^1/2 + DJ) / 2 + PE
    Total System Jitter     (TSJ):    0.071ns
    Total Input Jitter      (TIJ):    0.000ns
    Discrete Jitter          (DJ):    0.000ns
    Phase Error              (PE):    0.000ns

    Location             Delay type                Incr(ns)  Path(ns)    Netlist Resource(s)
  -------------------------------------------------------------------    -------------------
                         (clock sys_clk_pin rise edge)
                                                      0.000     0.000 r  <hidden>
                         propagated clock network latency
                                                      5.122     5.122    <hidden>
    RAMB18_X0Y6          RAMB18E1                     0.000     5.122 r  cpu_inst/data_mem_inst/mem_reg/CLKARDCLK
    RAMB18_X0Y6          RAMB18E1 (Prop_ramb18e1_CLKARDCLK_DOADO[9])
                                                      2.454     7.576 r  cpu_inst/data_mem_inst/mem_reg/DOADO[9]
                         net (fo=5, routed)           1.012     8.588    cpu_inst/data_mem_inst/mem_reg_n_6
    SLICE_X11Y9          LUT5 (Prop_lut5_I0_O)        0.124     8.712 f  cpu_inst/data_mem_inst/i__carry__1_i_11/O
                         net (fo=1, routed)           0.264     8.976    cpu_inst/data_mem_inst/i__carry__1_i_11_n_0
    SLICE_X11Y9          LUT3 (Prop_lut3_I1_O)        0.124     9.100 r  cpu_inst/data_mem_inst/i__carry__1_i_3__0/O
                         net (fo=5, routed)           1.192    10.292    cpu_inst/data_mem_inst/ex_mem_reg_reg[alu_result][9]_0
    SLICE_X8Y15          LUT6 (Prop_lut6_I0_O)        0.124    10.416 r  cpu_inst/data_mem_inst/i__carry_i_1/O
                         net (fo=1, routed)           0.000    10.416    cpu_inst/data_mem_inst_n_221
    SLICE_X8Y15          CARRY4 (Prop_carry4_S[3]_CO[3])
                                                      0.376    10.792 r  cpu_inst/ex_branch_taken0_inferred__0/i__carry/CO[3]
                         net (fo=1, routed)           0.000    10.792    cpu_inst/ex_branch_taken0_inferred__0/i__carry_n_0
    SLICE_X8Y16          CARRY4 (Prop_carry4_CI_CO[3])
                                                      0.117    10.909 r  cpu_inst/ex_branch_taken0_inferred__0/i__carry__0/CO[3]
                         net (fo=1, routed)           0.000    10.909    cpu_inst/ex_branch_taken0_inferred__0/i__carry__0_n_0
    SLICE_X8Y17          CARRY4 (Prop_carry4_CI_CO[2])
                                                      0.229    11.138 f  cpu_inst/ex_branch_taken0_inferred__0/i__carry__1/CO[2]
                         net (fo=39, routed)          0.983    12.121    cpu_inst/data_mem_inst/CO[0]
    SLICE_X9Y27          LUT6 (Prop_lut6_I3_O)        0.310    12.431 r  cpu_inst/data_mem_inst/fetch_pc[31]_i_1/O
                         net (fo=32, routed)          0.346    12.778    cpu_inst/data_mem_inst/id_ex_reg_reg[valid]_1[0]
    SLICE_X9Y29          LUT2 (Prop_lut2_I0_O)        0.124    12.902 r  cpu_inst/data_mem_inst/fetch_pending_pc[31]_i_1/O
                         net (fo=31, routed)          0.682    13.584    cpu_inst/data_mem_inst_n_158
    SLICE_X9Y26          FDRE                                         r  cpu_inst/fetch_pending_pc_reg[3]/CE
  -------------------------------------------------------------------    -------------------

                         (clock sys_clk_pin rise edge)
                                                      8.800     8.800 r  <hidden>
                         propagated clock network latency
                                                      4.776    13.576    <hidden>
                         clock pessimism              0.260    13.836    <hidden>
                         clock uncertainty           -0.035    13.801    <hidden>
    SLICE_X9Y26          FDRE (Setup_fdre_C_CE)      -0.205    13.596    cpu_inst/fetch_pending_pc_reg[3]
  -------------------------------------------------------------------
                         required time                         13.596    <hidden>
                         arrival time                         -13.584    <hidden>
  -------------------------------------------------------------------
                         slack                                  0.012    <hidden>

Slack (MET) :             0.012ns  (required time - arrival time)
  Source:                 cpu_inst/data_mem_inst/mem_reg/CLKARDCLK
                            (rising edge-triggered cell RAMB18E1 clocked by sys_clk_pin  {rise@0.000ns fall@4.400ns period=8.800ns})
  Destination:            cpu_inst/fetch_pending_pc_reg[5]/CE
                            (rising edge-triggered cell FDRE clocked by sys_clk_pin  {rise@0.000ns fall@4.400ns period=8.800ns})
  Path Group:             sys_clk_pin
  Path Type:              Setup (Max at Slow Process Corner)
  Requirement:            8.800ns  (sys_clk_pin rise@8.800ns - sys_clk_pin rise@0.000ns)
  Data Path Delay:        8.462ns  (logic 3.982ns (47.056%)  route 4.480ns (52.944%))
  Logic Levels:           8  (CARRY4=3 LUT2=1 LUT3=1 LUT5=1 LUT6=2)
  Clock Path Skew:        -0.085ns (DCD - SCD + CPR)
    Destination Clock Delay (DCD):    4.776ns = ( 13.576 - 8.800 ) 
    Source Clock Delay      (SCD):    5.122ns
    Clock Pessimism Removal (CPR):    0.260ns
  Clock Uncertainty:      0.035ns  ((TSJ^2 + TIJ^2)^1/2 + DJ) / 2 + PE
    Total System Jitter     (TSJ):    0.071ns
    Total Input Jitter      (TIJ):    0.000ns
    Discrete Jitter          (DJ):    0.000ns
    Phase Error              (PE):    0.000ns

    Location             Delay type                Incr(ns)  Path(ns)    Netlist Resource(s)
  -------------------------------------------------------------------    -------------------
                         (clock sys_clk_pin rise edge)
                                                      0.000     0.000 r  <hidden>
                         propagated clock network latency
                                                      5.122     5.122    <hidden>
    RAMB18_X0Y6          RAMB18E1                     0.000     5.122 r  cpu_inst/data_mem_inst/mem_reg/CLKARDCLK
    RAMB18_X0Y6          RAMB18E1 (Prop_ramb18e1_CLKARDCLK_DOADO[9])
                                                      2.454     7.576 r  cpu_inst/data_mem_inst/mem_reg/DOADO[9]
                         net (fo=5, routed)           1.012     8.588    cpu_inst/data_mem_inst/mem_reg_n_6
    SLICE_X11Y9          LUT5 (Prop_lut5_I0_O)        0.124     8.712 f  cpu_inst/data_mem_inst/i__carry__1_i_11/O
                         net (fo=1, routed)           0.264     8.976    cpu_inst/data_mem_inst/i__carry__1_i_11_n_0
    SLICE_X11Y9          LUT3 (Prop_lut3_I1_O)        0.124     9.100 r  cpu_inst/data_mem_inst/i__carry__1_i_3__0/O
                         net (fo=5, routed)           1.192    10.292    cpu_inst/data_mem_inst/ex_mem_reg_reg[alu_result][9]_0
    SLICE_X8Y15          LUT6 (Prop_lut6_I0_O)        0.124    10.416 r  cpu_inst/data_mem_inst/i__carry_i_1/O
                         net (fo=1, routed)           0.000    10.416    cpu_inst/data_mem_inst_n_221
    SLICE_X8Y15          CARRY4 (Prop_carry4_S[3]_CO[3])
                                                      0.376    10.792 r  cpu_inst/ex_branch_taken0_inferred__0/i__carry/CO[3]
                         net (fo=1, routed)           0.000    10.792    cpu_inst/ex_branch_taken0_inferred__0/i__carry_n_0
    SLICE_X8Y16          CARRY4 (Prop_carry4_CI_CO[3])
                                                      0.117    10.909 r  cpu_inst/ex_branch_taken0_inferred__0/i__carry__0/CO[3]
                         net (fo=1, routed)           0.000    10.909    cpu_inst/ex_branch_taken0_inferred__0/i__carry__0_n_0
    SLICE_X8Y17          CARRY4 (Prop_carry4_CI_CO[2])
                                                      0.229    11.138 f  cpu_inst/ex_branch_taken0_inferred__0/i__carry__1/CO[2]
                         net (fo=39, routed)          0.983    12.121    cpu_inst/data_mem_inst/CO[0]
    SLICE_X9Y27          LUT6 (Prop_lut6_I3_O)        0.310    12.431 r  cpu_inst/data_mem_inst/fetch_pc[31]_i_1/O
                         net (fo=32, routed)          0.346    12.778    cpu_inst/data_mem_inst/id_ex_reg_reg[valid]_1[0]
    SLICE_X9Y29          LUT2 (Prop_lut2_I0_O)        0.124    12.902 r  cpu_inst/data_mem_inst/fetch_pending_pc[31]_i_1/O
                         net (fo=31, routed)          0.682    13.584    cpu_inst/data_mem_inst_n_158
    SLICE_X9Y26          FDRE                                         r  cpu_inst/fetch_pending_pc_reg[5]/CE
  -------------------------------------------------------------------    -------------------

                         (clock sys_clk_pin rise edge)
                                                      8.800     8.800 r  <hidden>
                         propagated clock network latency
                                                      4.776    13.576    <hidden>
                         clock pessimism              0.260    13.836    <hidden>
                         clock uncertainty           -0.035    13.801    <hidden>
    SLICE_X9Y26          FDRE (Setup_fdre_C_CE)      -0.205    13.596    cpu_inst/fetch_pending_pc_reg[5]
  -------------------------------------------------------------------
                         required time                         13.596    <hidden>
                         arrival time                         -13.584    <hidden>
  -------------------------------------------------------------------
                         slack                                  0.012    <hidden>

Slack (MET) :             0.012ns  (required time - arrival time)
  Source:                 cpu_inst/data_mem_inst/mem_reg/CLKARDCLK
                            (rising edge-triggered cell RAMB18E1 clocked by sys_clk_pin  {rise@0.000ns fall@4.400ns period=8.800ns})
  Destination:            cpu_inst/fetch_pending_pc_reg[6]/CE
                            (rising edge-triggered cell FDRE clocked by sys_clk_pin  {rise@0.000ns fall@4.400ns period=8.800ns})
  Path Group:             sys_clk_pin
  Path Type:              Setup (Max at Slow Process Corner)
  Requirement:            8.800ns  (sys_clk_pin rise@8.800ns - sys_clk_pin rise@0.000ns)
  Data Path Delay:        8.462ns  (logic 3.982ns (47.056%)  route 4.480ns (52.944%))
  Logic Levels:           8  (CARRY4=3 LUT2=1 LUT3=1 LUT5=1 LUT6=2)
  Clock Path Skew:        -0.085ns (DCD - SCD + CPR)
    Destination Clock Delay (DCD):    4.776ns = ( 13.576 - 8.800 ) 
    Source Clock Delay      (SCD):    5.122ns
    Clock Pessimism Removal (CPR):    0.260ns
  Clock Uncertainty:      0.035ns  ((TSJ^2 + TIJ^2)^1/2 + DJ) / 2 + PE
    Total System Jitter     (TSJ):    0.071ns
    Total Input Jitter      (TIJ):    0.000ns
    Discrete Jitter          (DJ):    0.000ns
    Phase Error              (PE):    0.000ns

    Location             Delay type                Incr(ns)  Path(ns)    Netlist Resource(s)
  -------------------------------------------------------------------    -------------------
                         (clock sys_clk_pin rise edge)
                                                      0.000     0.000 r  <hidden>
                         propagated clock network latency
                                                      5.122     5.122    <hidden>
    RAMB18_X0Y6          RAMB18E1                     0.000     5.122 r  cpu_inst/data_mem_inst/mem_reg/CLKARDCLK
    RAMB18_X0Y6          RAMB18E1 (Prop_ramb18e1_CLKARDCLK_DOADO[9])
                                                      2.454     7.576 r  cpu_inst/data_mem_inst/mem_reg/DOADO[9]
                         net (fo=5, routed)           1.012     8.588    cpu_inst/data_mem_inst/mem_reg_n_6
    SLICE_X11Y9          LUT5 (Prop_lut5_I0_O)        0.124     8.712 f  cpu_inst/data_mem_inst/i__carry__1_i_11/O
                         net (fo=1, routed)           0.264     8.976    cpu_inst/data_mem_inst/i__carry__1_i_11_n_0
    SLICE_X11Y9          LUT3 (Prop_lut3_I1_O)        0.124     9.100 r  cpu_inst/data_mem_inst/i__carry__1_i_3__0/O
                         net (fo=5, routed)           1.192    10.292    cpu_inst/data_mem_inst/ex_mem_reg_reg[alu_result][9]_0
    SLICE_X8Y15          LUT6 (Prop_lut6_I0_O)        0.124    10.416 r  cpu_inst/data_mem_inst/i__carry_i_1/O
                         net (fo=1, routed)           0.000    10.416    cpu_inst/data_mem_inst_n_221
    SLICE_X8Y15          CARRY4 (Prop_carry4_S[3]_CO[3])
                                                      0.376    10.792 r  cpu_inst/ex_branch_taken0_inferred__0/i__carry/CO[3]
                         net (fo=1, routed)           0.000    10.792    cpu_inst/ex_branch_taken0_inferred__0/i__carry_n_0
    SLICE_X8Y16          CARRY4 (Prop_carry4_CI_CO[3])
                                                      0.117    10.909 r  cpu_inst/ex_branch_taken0_inferred__0/i__carry__0/CO[3]
                         net (fo=1, routed)           0.000    10.909    cpu_inst/ex_branch_taken0_inferred__0/i__carry__0_n_0
    SLICE_X8Y17          CARRY4 (Prop_carry4_CI_CO[2])
                                                      0.229    11.138 f  cpu_inst/ex_branch_taken0_inferred__0/i__carry__1/CO[2]
                         net (fo=39, routed)          0.983    12.121    cpu_inst/data_mem_inst/CO[0]
    SLICE_X9Y27          LUT6 (Prop_lut6_I3_O)        0.310    12.431 r  cpu_inst/data_mem_inst/fetch_pc[31]_i_1/O
                         net (fo=32, routed)          0.346    12.778    cpu_inst/data_mem_inst/id_ex_reg_reg[valid]_1[0]
    SLICE_X9Y29          LUT2 (Prop_lut2_I0_O)        0.124    12.902 r  cpu_inst/data_mem_inst/fetch_pending_pc[31]_i_1/O
                         net (fo=31, routed)          0.682    13.584    cpu_inst/data_mem_inst_n_158
    SLICE_X9Y26          FDRE                                         r  cpu_inst/fetch_pending_pc_reg[6]/CE
  -------------------------------------------------------------------    -------------------

                         (clock sys_clk_pin rise edge)
                                                      8.800     8.800 r  <hidden>
                         propagated clock network latency
                                                      4.776    13.576    <hidden>
                         clock pessimism              0.260    13.836    <hidden>
                         clock uncertainty           -0.035    13.801    <hidden>
    SLICE_X9Y26          FDRE (Setup_fdre_C_CE)      -0.205    13.596    cpu_inst/fetch_pending_pc_reg[6]
  -------------------------------------------------------------------
                         required time                         13.596    <hidden>
                         arrival time                         -13.584    <hidden>
  -------------------------------------------------------------------
                         slack                                  0.012    <hidden>

Slack (MET) :             0.012ns  (required time - arrival time)
  Source:                 cpu_inst/data_mem_inst/mem_reg/CLKARDCLK
                            (rising edge-triggered cell RAMB18E1 clocked by sys_clk_pin  {rise@0.000ns fall@4.400ns period=8.800ns})
  Destination:            cpu_inst/fetch_pending_pc_reg[7]/CE
                            (rising edge-triggered cell FDRE clocked by sys_clk_pin  {rise@0.000ns fall@4.400ns period=8.800ns})
  Path Group:             sys_clk_pin
  Path Type:              Setup (Max at Slow Process Corner)
  Requirement:            8.800ns  (sys_clk_pin rise@8.800ns - sys_clk_pin rise@0.000ns)
  Data Path Delay:        8.462ns  (logic 3.982ns (47.056%)  route 4.480ns (52.944%))
  Logic Levels:           8  (CARRY4=3 LUT2=1 LUT3=1 LUT5=1 LUT6=2)
  Clock Path Skew:        -0.085ns (DCD - SCD + CPR)
    Destination Clock Delay (DCD):    4.776ns = ( 13.576 - 8.800 ) 
    Source Clock Delay      (SCD):    5.122ns
    Clock Pessimism Removal (CPR):    0.260ns
  Clock Uncertainty:      0.035ns  ((TSJ^2 + TIJ^2)^1/2 + DJ) / 2 + PE
    Total System Jitter     (TSJ):    0.071ns
    Total Input Jitter      (TIJ):    0.000ns
    Discrete Jitter          (DJ):    0.000ns
    Phase Error              (PE):    0.000ns

    Location             Delay type                Incr(ns)  Path(ns)    Netlist Resource(s)
  -------------------------------------------------------------------    -------------------
                         (clock sys_clk_pin rise edge)
                                                      0.000     0.000 r  <hidden>
                         propagated clock network latency
                                                      5.122     5.122    <hidden>
    RAMB18_X0Y6          RAMB18E1                     0.000     5.122 r  cpu_inst/data_mem_inst/mem_reg/CLKARDCLK
    RAMB18_X0Y6          RAMB18E1 (Prop_ramb18e1_CLKARDCLK_DOADO[9])
                                                      2.454     7.576 r  cpu_inst/data_mem_inst/mem_reg/DOADO[9]
                         net (fo=5, routed)           1.012     8.588    cpu_inst/data_mem_inst/mem_reg_n_6
    SLICE_X11Y9          LUT5 (Prop_lut5_I0_O)        0.124     8.712 f  cpu_inst/data_mem_inst/i__carry__1_i_11/O
                         net (fo=1, routed)           0.264     8.976    cpu_inst/data_mem_inst/i__carry__1_i_11_n_0
    SLICE_X11Y9          LUT3 (Prop_lut3_I1_O)        0.124     9.100 r  cpu_inst/data_mem_inst/i__carry__1_i_3__0/O
                         net (fo=5, routed)           1.192    10.292    cpu_inst/data_mem_inst/ex_mem_reg_reg[alu_result][9]_0
    SLICE_X8Y15          LUT6 (Prop_lut6_I0_O)        0.124    10.416 r  cpu_inst/data_mem_inst/i__carry_i_1/O
                         net (fo=1, routed)           0.000    10.416    cpu_inst/data_mem_inst_n_221
    SLICE_X8Y15          CARRY4 (Prop_carry4_S[3]_CO[3])
                                                      0.376    10.792 r  cpu_inst/ex_branch_taken0_inferred__0/i__carry/CO[3]
                         net (fo=1, routed)           0.000    10.792    cpu_inst/ex_branch_taken0_inferred__0/i__carry_n_0
    SLICE_X8Y16          CARRY4 (Prop_carry4_CI_CO[3])
                                                      0.117    10.909 r  cpu_inst/ex_branch_taken0_inferred__0/i__carry__0/CO[3]
                         net (fo=1, routed)           0.000    10.909    cpu_inst/ex_branch_taken0_inferred__0/i__carry__0_n_0
    SLICE_X8Y17          CARRY4 (Prop_carry4_CI_CO[2])
                                                      0.229    11.138 f  cpu_inst/ex_branch_taken0_inferred__0/i__carry__1/CO[2]
                         net (fo=39, routed)          0.983    12.121    cpu_inst/data_mem_inst/CO[0]
    SLICE_X9Y27          LUT6 (Prop_lut6_I3_O)        0.310    12.431 r  cpu_inst/data_mem_inst/fetch_pc[31]_i_1/O
                         net (fo=32, routed)          0.346    12.778    cpu_inst/data_mem_inst/id_ex_reg_reg[valid]_1[0]
    SLICE_X9Y29          LUT2 (Prop_lut2_I0_O)        0.124    12.902 r  cpu_inst/data_mem_inst/fetch_pending_pc[31]_i_1/O
                         net (fo=31, routed)          0.682    13.584    cpu_inst/data_mem_inst_n_158
    SLICE_X9Y26          FDRE                                         r  cpu_inst/fetch_pending_pc_reg[7]/CE
  -------------------------------------------------------------------    -------------------

                         (clock sys_clk_pin rise edge)
                                                      8.800     8.800 r  <hidden>
                         propagated clock network latency
                                                      4.776    13.576    <hidden>
                         clock pessimism              0.260    13.836    <hidden>
                         clock uncertainty           -0.035    13.801    <hidden>
    SLICE_X9Y26          FDRE (Setup_fdre_C_CE)      -0.205    13.596    cpu_inst/fetch_pending_pc_reg[7]
  -------------------------------------------------------------------
                         required time                         13.596    <hidden>
                         arrival time                         -13.584    <hidden>
  -------------------------------------------------------------------
                         slack                                  0.012    <hidden>

Slack (MET) :             0.035ns  (required time - arrival time)
  Source:                 cpu_inst/data_mem_inst/mem_reg/CLKARDCLK
                            (rising edge-triggered cell RAMB18E1 clocked by sys_clk_pin  {rise@0.000ns fall@4.400ns period=8.800ns})
  Destination:            cpu_inst/fetch_buffer_instruction_reg[30]/CE
                            (rising edge-triggered cell FDRE clocked by sys_clk_pin  {rise@0.000ns fall@4.400ns period=8.800ns})
  Path Group:             sys_clk_pin
  Path Type:              Setup (Max at Slow Process Corner)
  Requirement:            8.800ns  (sys_clk_pin rise@8.800ns - sys_clk_pin rise@0.000ns)
  Data Path Delay:        8.449ns  (logic 3.982ns (47.131%)  route 4.467ns (52.869%))
  Logic Levels:           8  (CARRY4=3 LUT3=1 LUT4=1 LUT5=1 LUT6=2)
  Clock Path Skew:        -0.075ns (DCD - SCD + CPR)
    Destination Clock Delay (DCD):    4.786ns = ( 13.586 - 8.800 ) 
    Source Clock Delay      (SCD):    5.122ns
    Clock Pessimism Removal (CPR):    0.260ns
  Clock Uncertainty:      0.035ns  ((TSJ^2 + TIJ^2)^1/2 + DJ) / 2 + PE
    Total System Jitter     (TSJ):    0.071ns
    Total Input Jitter      (TIJ):    0.000ns
    Discrete Jitter          (DJ):    0.000ns
    Phase Error              (PE):    0.000ns

    Location             Delay type                Incr(ns)  Path(ns)    Netlist Resource(s)
  -------------------------------------------------------------------    -------------------
                         (clock sys_clk_pin rise edge)
                                                      0.000     0.000 r  <hidden>
                         propagated clock network latency
                                                      5.122     5.122    <hidden>
    RAMB18_X0Y6          RAMB18E1                     0.000     5.122 r  cpu_inst/data_mem_inst/mem_reg/CLKARDCLK
    RAMB18_X0Y6          RAMB18E1 (Prop_ramb18e1_CLKARDCLK_DOADO[9])
                                                      2.454     7.576 r  cpu_inst/data_mem_inst/mem_reg/DOADO[9]
                         net (fo=5, routed)           1.012     8.588    cpu_inst/data_mem_inst/mem_reg_n_6
    SLICE_X11Y9          LUT5 (Prop_lut5_I0_O)        0.124     8.712 f  cpu_inst/data_mem_inst/i__carry__1_i_11/O
                         net (fo=1, routed)           0.264     8.976    cpu_inst/data_mem_inst/i__carry__1_i_11_n_0
    SLICE_X11Y9          LUT3 (Prop_lut3_I1_O)        0.124     9.100 r  cpu_inst/data_mem_inst/i__carry__1_i_3__0/O
                         net (fo=5, routed)           1.192    10.292    cpu_inst/data_mem_inst/ex_mem_reg_reg[alu_result][9]_0
    SLICE_X8Y15          LUT6 (Prop_lut6_I0_O)        0.124    10.416 r  cpu_inst/data_mem_inst/i__carry_i_1/O
                         net (fo=1, routed)           0.000    10.416    cpu_inst/data_mem_inst_n_221
    SLICE_X8Y15          CARRY4 (Prop_carry4_S[3]_CO[3])
                                                      0.376    10.792 r  cpu_inst/ex_branch_taken0_inferred__0/i__carry/CO[3]
                         net (fo=1, routed)           0.000    10.792    cpu_inst/ex_branch_taken0_inferred__0/i__carry_n_0
    SLICE_X8Y16          CARRY4 (Prop_carry4_CI_CO[3])
                                                      0.117    10.909 r  cpu_inst/ex_branch_taken0_inferred__0/i__carry__0/CO[3]
                         net (fo=1, routed)           0.000    10.909    cpu_inst/ex_branch_taken0_inferred__0/i__carry__0_n_0
    SLICE_X8Y17          CARRY4 (Prop_carry4_CI_CO[2])
                                                      0.229    11.138 f  cpu_inst/ex_branch_taken0_inferred__0/i__carry__1/CO[2]
                         net (fo=39, routed)          0.534    11.672    cpu_inst/data_mem_inst/CO[0]
    SLICE_X9Y19          LUT4 (Prop_lut4_I3_O)        0.310    11.982 f  cpu_inst/data_mem_inst/fetch_buffer_instruction[31]_i_2/O
                         net (fo=7, routed)           0.475    12.457    cpu_inst/data_mem_inst/fetch_buffer_instruction[31]_i_2_n_0
    SLICE_X9Y20          LUT6 (Prop_lut6_I4_O)        0.124    12.581 r  cpu_inst/data_mem_inst/fetch_buffer_instruction[31]_i_1/O
                         net (fo=63, routed)          0.989    13.570    cpu_inst/fetch_buffer_pc[0]
    SLICE_X13Y13         FDRE                                         r  cpu_inst/fetch_buffer_instruction_reg[30]/CE
  -------------------------------------------------------------------    -------------------

                         (clock sys_clk_pin rise edge)
                                                      8.800     8.800 r  <hidden>
                         propagated clock network latency
                                                      4.786    13.586    <hidden>
                         clock pessimism              0.260    13.846    <hidden>
                         clock uncertainty           -0.035    13.811    <hidden>
    SLICE_X13Y13         FDRE (Setup_fdre_C_CE)      -0.205    13.606    cpu_inst/fetch_buffer_instruction_reg[30]
  -------------------------------------------------------------------
                         required time                         13.606    <hidden>
                         arrival time                         -13.571    <hidden>
  -------------------------------------------------------------------
                         slack                                  0.035    <hidden>

Slack (MET) :             0.044ns  (required time - arrival time)
  Source:                 cpu_inst/data_mem_inst/mem_reg/CLKARDCLK
                            (rising edge-triggered cell RAMB18E1 clocked by sys_clk_pin  {rise@0.000ns fall@4.400ns period=8.800ns})
  Destination:            cpu_inst/fetch_buffer_instruction_reg[31]/CE
                            (rising edge-triggered cell FDRE clocked by sys_clk_pin  {rise@0.000ns fall@4.400ns period=8.800ns})
  Path Group:             sys_clk_pin
  Path Type:              Setup (Max at Slow Process Corner)
  Requirement:            8.800ns  (sys_clk_pin rise@8.800ns - sys_clk_pin rise@0.000ns)
  Data Path Delay:        8.442ns  (logic 3.982ns (47.170%)  route 4.460ns (52.830%))
  Logic Levels:           8  (CARRY4=3 LUT3=1 LUT4=1 LUT5=1 LUT6=2)
  Clock Path Skew:        -0.073ns (DCD - SCD + CPR)
    Destination Clock Delay (DCD):    4.788ns = ( 13.588 - 8.800 ) 
    Source Clock Delay      (SCD):    5.122ns
    Clock Pessimism Removal (CPR):    0.260ns
  Clock Uncertainty:      0.035ns  ((TSJ^2 + TIJ^2)^1/2 + DJ) / 2 + PE
    Total System Jitter     (TSJ):    0.071ns
    Total Input Jitter      (TIJ):    0.000ns
    Discrete Jitter          (DJ):    0.000ns
    Phase Error              (PE):    0.000ns

    Location             Delay type                Incr(ns)  Path(ns)    Netlist Resource(s)
  -------------------------------------------------------------------    -------------------
                         (clock sys_clk_pin rise edge)
                                                      0.000     0.000 r  <hidden>
                         propagated clock network latency
                                                      5.122     5.122    <hidden>
    RAMB18_X0Y6          RAMB18E1                     0.000     5.122 r  cpu_inst/data_mem_inst/mem_reg/CLKARDCLK
    RAMB18_X0Y6          RAMB18E1 (Prop_ramb18e1_CLKARDCLK_DOADO[9])
                                                      2.454     7.576 r  cpu_inst/data_mem_inst/mem_reg/DOADO[9]
                         net (fo=5, routed)           1.012     8.588    cpu_inst/data_mem_inst/mem_reg_n_6
    SLICE_X11Y9          LUT5 (Prop_lut5_I0_O)        0.124     8.712 f  cpu_inst/data_mem_inst/i__carry__1_i_11/O
                         net (fo=1, routed)           0.264     8.976    cpu_inst/data_mem_inst/i__carry__1_i_11_n_0
    SLICE_X11Y9          LUT3 (Prop_lut3_I1_O)        0.124     9.100 r  cpu_inst/data_mem_inst/i__carry__1_i_3__0/O
                         net (fo=5, routed)           1.192    10.292    cpu_inst/data_mem_inst/ex_mem_reg_reg[alu_result][9]_0
    SLICE_X8Y15          LUT6 (Prop_lut6_I0_O)        0.124    10.416 r  cpu_inst/data_mem_inst/i__carry_i_1/O
                         net (fo=1, routed)           0.000    10.416    cpu_inst/data_mem_inst_n_221
    SLICE_X8Y15          CARRY4 (Prop_carry4_S[3]_CO[3])
                                                      0.376    10.792 r  cpu_inst/ex_branch_taken0_inferred__0/i__carry/CO[3]
                         net (fo=1, routed)           0.000    10.792    cpu_inst/ex_branch_taken0_inferred__0/i__carry_n_0
    SLICE_X8Y16          CARRY4 (Prop_carry4_CI_CO[3])
                                                      0.117    10.909 r  cpu_inst/ex_branch_taken0_inferred__0/i__carry__0/CO[3]
                         net (fo=1, routed)           0.000    10.909    cpu_inst/ex_branch_taken0_inferred__0/i__carry__0_n_0
    SLICE_X8Y17          CARRY4 (Prop_carry4_CI_CO[2])
                                                      0.229    11.138 f  cpu_inst/ex_branch_taken0_inferred__0/i__carry__1/CO[2]
                         net (fo=39, routed)          0.534    11.672    cpu_inst/data_mem_inst/CO[0]
    SLICE_X9Y19          LUT4 (Prop_lut4_I3_O)        0.310    11.982 f  cpu_inst/data_mem_inst/fetch_buffer_instruction[31]_i_2/O
                         net (fo=7, routed)           0.475    12.457    cpu_inst/data_mem_inst/fetch_buffer_instruction[31]_i_2_n_0
    SLICE_X9Y20          LUT6 (Prop_lut6_I4_O)        0.124    12.581 r  cpu_inst/data_mem_inst/fetch_buffer_instruction[31]_i_1/O
                         net (fo=63, routed)          0.982    13.564    cpu_inst/fetch_buffer_pc[0]
    SLICE_X11Y12         FDRE                                         r  cpu_inst/fetch_buffer_instruction_reg[31]/CE
  -------------------------------------------------------------------    -------------------

                         (clock sys_clk_pin rise edge)
                                                      8.800     8.800 r  <hidden>
                         propagated clock network latency
                                                      4.788    13.588    <hidden>
                         clock pessimism              0.260    13.848    <hidden>
                         clock uncertainty           -0.035    13.813    <hidden>
    SLICE_X11Y12         FDRE (Setup_fdre_C_CE)      -0.205    13.608    cpu_inst/fetch_buffer_instruction_reg[31]
  -------------------------------------------------------------------
                         required time                         13.608    <hidden>
                         arrival time                         -13.564    <hidden>
  -------------------------------------------------------------------
                         slack                                  0.044    <hidden>

Slack (MET) :             0.044ns  (required time - arrival time)
  Source:                 cpu_inst/data_mem_inst/mem_reg/CLKARDCLK
                            (rising edge-triggered cell RAMB18E1 clocked by sys_clk_pin  {rise@0.000ns fall@4.400ns period=8.800ns})
  Destination:            cpu_inst/fetch_buffer_pc_reg[22]/CE
                            (rising edge-triggered cell FDRE clocked by sys_clk_pin  {rise@0.000ns fall@4.400ns period=8.800ns})
  Path Group:             sys_clk_pin
  Path Type:              Setup (Max at Slow Process Corner)
  Requirement:            8.800ns  (sys_clk_pin rise@8.800ns - sys_clk_pin rise@0.000ns)
  Data Path Delay:        8.442ns  (logic 3.982ns (47.170%)  route 4.460ns (52.830%))
  Logic Levels:           8  (CARRY4=3 LUT3=1 LUT4=1 LUT5=1 LUT6=2)
  Clock Path Skew:        -0.073ns (DCD - SCD + CPR)
    Destination Clock Delay (DCD):    4.788ns = ( 13.588 - 8.800 ) 
    Source Clock Delay      (SCD):    5.122ns
    Clock Pessimism Removal (CPR):    0.260ns
  Clock Uncertainty:      0.035ns  ((TSJ^2 + TIJ^2)^1/2 + DJ) / 2 + PE
    Total System Jitter     (TSJ):    0.071ns
    Total Input Jitter      (TIJ):    0.000ns
    Discrete Jitter          (DJ):    0.000ns
    Phase Error              (PE):    0.000ns

    Location             Delay type                Incr(ns)  Path(ns)    Netlist Resource(s)
  -------------------------------------------------------------------    -------------------
                         (clock sys_clk_pin rise edge)
                                                      0.000     0.000 r  <hidden>
                         propagated clock network latency
                                                      5.122     5.122    <hidden>
    RAMB18_X0Y6          RAMB18E1                     0.000     5.122 r  cpu_inst/data_mem_inst/mem_reg/CLKARDCLK
    RAMB18_X0Y6          RAMB18E1 (Prop_ramb18e1_CLKARDCLK_DOADO[9])
                                                      2.454     7.576 r  cpu_inst/data_mem_inst/mem_reg/DOADO[9]
                         net (fo=5, routed)           1.012     8.588    cpu_inst/data_mem_inst/mem_reg_n_6
    SLICE_X11Y9          LUT5 (Prop_lut5_I0_O)        0.124     8.712 f  cpu_inst/data_mem_inst/i__carry__1_i_11/O
                         net (fo=1, routed)           0.264     8.976    cpu_inst/data_mem_inst/i__carry__1_i_11_n_0
    SLICE_X11Y9          LUT3 (Prop_lut3_I1_O)        0.124     9.100 r  cpu_inst/data_mem_inst/i__carry__1_i_3__0/O
                         net (fo=5, routed)           1.192    10.292    cpu_inst/data_mem_inst/ex_mem_reg_reg[alu_result][9]_0
    SLICE_X8Y15          LUT6 (Prop_lut6_I0_O)        0.124    10.416 r  cpu_inst/data_mem_inst/i__carry_i_1/O
                         net (fo=1, routed)           0.000    10.416    cpu_inst/data_mem_inst_n_221
    SLICE_X8Y15          CARRY4 (Prop_carry4_S[3]_CO[3])
                                                      0.376    10.792 r  cpu_inst/ex_branch_taken0_inferred__0/i__carry/CO[3]
                         net (fo=1, routed)           0.000    10.792    cpu_inst/ex_branch_taken0_inferred__0/i__carry_n_0
    SLICE_X8Y16          CARRY4 (Prop_carry4_CI_CO[3])
                                                      0.117    10.909 r  cpu_inst/ex_branch_taken0_inferred__0/i__carry__0/CO[3]
                         net (fo=1, routed)           0.000    10.909    cpu_inst/ex_branch_taken0_inferred__0/i__carry__0_n_0
    SLICE_X8Y17          CARRY4 (Prop_carry4_CI_CO[2])
                                                      0.229    11.138 f  cpu_inst/ex_branch_taken0_inferred__0/i__carry__1/CO[2]
                         net (fo=39, routed)          0.534    11.672    cpu_inst/data_mem_inst/CO[0]
    SLICE_X9Y19          LUT4 (Prop_lut4_I3_O)        0.310    11.982 f  cpu_inst/data_mem_inst/fetch_buffer_instruction[31]_i_2/O
                         net (fo=7, routed)           0.475    12.457    cpu_inst/data_mem_inst/fetch_buffer_instruction[31]_i_2_n_0
    SLICE_X9Y20          LUT6 (Prop_lut6_I4_O)        0.124    12.581 r  cpu_inst/data_mem_inst/fetch_buffer_instruction[31]_i_1/O
                         net (fo=63, routed)          0.982    13.564    cpu_inst/fetch_buffer_pc[0]
    SLICE_X11Y12         FDRE                                         r  cpu_inst/fetch_buffer_pc_reg[22]/CE
  -------------------------------------------------------------------    -------------------

                         (clock sys_clk_pin rise edge)
                                                      8.800     8.800 r  <hidden>
                         propagated clock network latency
                                                      4.788    13.588    <hidden>
                         clock pessimism              0.260    13.848    <hidden>
                         clock uncertainty           -0.035    13.813    <hidden>
    SLICE_X11Y12         FDRE (Setup_fdre_C_CE)      -0.205    13.608    cpu_inst/fetch_buffer_pc_reg[22]
  -------------------------------------------------------------------
                         required time                         13.608    <hidden>
                         arrival time                         -13.564    <hidden>
  -------------------------------------------------------------------
                         slack                                  0.044    <hidden>

Slack (MET) :             0.075ns  (required time - arrival time)
  Source:                 cpu_inst/data_mem_inst/mem_reg/CLKARDCLK
                            (rising edge-triggered cell RAMB18E1 clocked by sys_clk_pin  {rise@0.000ns fall@4.400ns period=8.800ns})
  Destination:            cpu_inst/fetch_buffer_instruction_reg[20]/CE
                            (rising edge-triggered cell FDRE clocked by sys_clk_pin  {rise@0.000ns fall@4.400ns period=8.800ns})
  Path Group:             sys_clk_pin
  Path Type:              Setup (Max at Slow Process Corner)
  Requirement:            8.800ns  (sys_clk_pin rise@8.800ns - sys_clk_pin rise@0.000ns)
  Data Path Delay:        8.446ns  (logic 3.982ns (47.147%)  route 4.464ns (52.853%))
  Logic Levels:           8  (CARRY4=3 LUT3=1 LUT4=1 LUT5=1 LUT6=2)
  Clock Path Skew:        -0.074ns (DCD - SCD + CPR)
    Destination Clock Delay (DCD):    4.787ns = ( 13.587 - 8.800 ) 
    Source Clock Delay      (SCD):    5.122ns
    Clock Pessimism Removal (CPR):    0.260ns
  Clock Uncertainty:      0.035ns  ((TSJ^2 + TIJ^2)^1/2 + DJ) / 2 + PE
    Total System Jitter     (TSJ):    0.071ns
    Total Input Jitter      (TIJ):    0.000ns
    Discrete Jitter          (DJ):    0.000ns
    Phase Error              (PE):    0.000ns

    Location             Delay type                Incr(ns)  Path(ns)    Netlist Resource(s)
  -------------------------------------------------------------------    -------------------
                         (clock sys_clk_pin rise edge)
                                                      0.000     0.000 r  <hidden>
                         propagated clock network latency
                                                      5.122     5.122    <hidden>
    RAMB18_X0Y6          RAMB18E1                     0.000     5.122 r  cpu_inst/data_mem_inst/mem_reg/CLKARDCLK
    RAMB18_X0Y6          RAMB18E1 (Prop_ramb18e1_CLKARDCLK_DOADO[9])
                                                      2.454     7.576 r  cpu_inst/data_mem_inst/mem_reg/DOADO[9]
                         net (fo=5, routed)           1.012     8.588    cpu_inst/data_mem_inst/mem_reg_n_6
    SLICE_X11Y9          LUT5 (Prop_lut5_I0_O)        0.124     8.712 f  cpu_inst/data_mem_inst/i__carry__1_i_11/O
                         net (fo=1, routed)           0.264     8.976    cpu_inst/data_mem_inst/i__carry__1_i_11_n_0
    SLICE_X11Y9          LUT3 (Prop_lut3_I1_O)        0.124     9.100 r  cpu_inst/data_mem_inst/i__carry__1_i_3__0/O
                         net (fo=5, routed)           1.192    10.292    cpu_inst/data_mem_inst/ex_mem_reg_reg[alu_result][9]_0
    SLICE_X8Y15          LUT6 (Prop_lut6_I0_O)        0.124    10.416 r  cpu_inst/data_mem_inst/i__carry_i_1/O
                         net (fo=1, routed)           0.000    10.416    cpu_inst/data_mem_inst_n_221
    SLICE_X8Y15          CARRY4 (Prop_carry4_S[3]_CO[3])
                                                      0.376    10.792 r  cpu_inst/ex_branch_taken0_inferred__0/i__carry/CO[3]
                         net (fo=1, routed)           0.000    10.792    cpu_inst/ex_branch_taken0_inferred__0/i__carry_n_0
    SLICE_X8Y16          CARRY4 (Prop_carry4_CI_CO[3])
                                                      0.117    10.909 r  cpu_inst/ex_branch_taken0_inferred__0/i__carry__0/CO[3]
                         net (fo=1, routed)           0.000    10.909    cpu_inst/ex_branch_taken0_inferred__0/i__carry__0_n_0
    SLICE_X8Y17          CARRY4 (Prop_carry4_CI_CO[2])
                                                      0.229    11.138 f  cpu_inst/ex_branch_taken0_inferred__0/i__carry__1/CO[2]
                         net (fo=39, routed)          0.534    11.672    cpu_inst/data_mem_inst/CO[0]
    SLICE_X9Y19          LUT4 (Prop_lut4_I3_O)        0.310    11.982 f  cpu_inst/data_mem_inst/fetch_buffer_instruction[31]_i_2/O
                         net (fo=7, routed)           0.475    12.457    cpu_inst/data_mem_inst/fetch_buffer_instruction[31]_i_2_n_0
    SLICE_X9Y20          LUT6 (Prop_lut6_I4_O)        0.124    12.581 r  cpu_inst/data_mem_inst/fetch_buffer_instruction[31]_i_1/O
                         net (fo=63, routed)          0.986    13.568    cpu_inst/fetch_buffer_pc[0]
    SLICE_X10Y13         FDRE                                         r  cpu_inst/fetch_buffer_instruction_reg[20]/CE
  -------------------------------------------------------------------    -------------------

                         (clock sys_clk_pin rise edge)
                                                      8.800     8.800 r  <hidden>
                         propagated clock network latency
                                                      4.787    13.587    <hidden>
                         clock pessimism              0.260    13.847    <hidden>
                         clock uncertainty           -0.035    13.812    <hidden>
    SLICE_X10Y13         FDRE (Setup_fdre_C_CE)      -0.169    13.643    cpu_inst/fetch_buffer_instruction_reg[20]
  -------------------------------------------------------------------
                         required time                         13.643    <hidden>
                         arrival time                         -13.568    <hidden>
  -------------------------------------------------------------------
                         slack                                  0.075    <hidden>

Slack (MET) :             0.075ns  (required time - arrival time)
  Source:                 cpu_inst/data_mem_inst/mem_reg/CLKARDCLK
                            (rising edge-triggered cell RAMB18E1 clocked by sys_clk_pin  {rise@0.000ns fall@4.400ns period=8.800ns})
  Destination:            cpu_inst/fetch_buffer_instruction_reg[27]/CE
                            (rising edge-triggered cell FDRE clocked by sys_clk_pin  {rise@0.000ns fall@4.400ns period=8.800ns})
  Path Group:             sys_clk_pin
  Path Type:              Setup (Max at Slow Process Corner)
  Requirement:            8.800ns  (sys_clk_pin rise@8.800ns - sys_clk_pin rise@0.000ns)
  Data Path Delay:        8.446ns  (logic 3.982ns (47.147%)  route 4.464ns (52.853%))
  Logic Levels:           8  (CARRY4=3 LUT3=1 LUT4=1 LUT5=1 LUT6=2)
  Clock Path Skew:        -0.074ns (DCD - SCD + CPR)
    Destination Clock Delay (DCD):    4.787ns = ( 13.587 - 8.800 ) 
    Source Clock Delay      (SCD):    5.122ns
    Clock Pessimism Removal (CPR):    0.260ns
  Clock Uncertainty:      0.035ns  ((TSJ^2 + TIJ^2)^1/2 + DJ) / 2 + PE
    Total System Jitter     (TSJ):    0.071ns
    Total Input Jitter      (TIJ):    0.000ns
    Discrete Jitter          (DJ):    0.000ns
    Phase Error              (PE):    0.000ns

    Location             Delay type                Incr(ns)  Path(ns)    Netlist Resource(s)
  -------------------------------------------------------------------    -------------------
                         (clock sys_clk_pin rise edge)
                                                      0.000     0.000 r  <hidden>
                         propagated clock network latency
                                                      5.122     5.122    <hidden>
    RAMB18_X0Y6          RAMB18E1                     0.000     5.122 r  cpu_inst/data_mem_inst/mem_reg/CLKARDCLK
    RAMB18_X0Y6          RAMB18E1 (Prop_ramb18e1_CLKARDCLK_DOADO[9])
                                                      2.454     7.576 r  cpu_inst/data_mem_inst/mem_reg/DOADO[9]
                         net (fo=5, routed)           1.012     8.588    cpu_inst/data_mem_inst/mem_reg_n_6
    SLICE_X11Y9          LUT5 (Prop_lut5_I0_O)        0.124     8.712 f  cpu_inst/data_mem_inst/i__carry__1_i_11/O
                         net (fo=1, routed)           0.264     8.976    cpu_inst/data_mem_inst/i__carry__1_i_11_n_0
    SLICE_X11Y9          LUT3 (Prop_lut3_I1_O)        0.124     9.100 r  cpu_inst/data_mem_inst/i__carry__1_i_3__0/O
                         net (fo=5, routed)           1.192    10.292    cpu_inst/data_mem_inst/ex_mem_reg_reg[alu_result][9]_0
    SLICE_X8Y15          LUT6 (Prop_lut6_I0_O)        0.124    10.416 r  cpu_inst/data_mem_inst/i__carry_i_1/O
                         net (fo=1, routed)           0.000    10.416    cpu_inst/data_mem_inst_n_221
    SLICE_X8Y15          CARRY4 (Prop_carry4_S[3]_CO[3])
                                                      0.376    10.792 r  cpu_inst/ex_branch_taken0_inferred__0/i__carry/CO[3]
                         net (fo=1, routed)           0.000    10.792    cpu_inst/ex_branch_taken0_inferred__0/i__carry_n_0
    SLICE_X8Y16          CARRY4 (Prop_carry4_CI_CO[3])
                                                      0.117    10.909 r  cpu_inst/ex_branch_taken0_inferred__0/i__carry__0/CO[3]
                         net (fo=1, routed)           0.000    10.909    cpu_inst/ex_branch_taken0_inferred__0/i__carry__0_n_0
    SLICE_X8Y17          CARRY4 (Prop_carry4_CI_CO[2])
                                                      0.229    11.138 f  cpu_inst/ex_branch_taken0_inferred__0/i__carry__1/CO[2]
                         net (fo=39, routed)          0.534    11.672    cpu_inst/data_mem_inst/CO[0]
    SLICE_X9Y19          LUT4 (Prop_lut4_I3_O)        0.310    11.982 f  cpu_inst/data_mem_inst/fetch_buffer_instruction[31]_i_2/O
                         net (fo=7, routed)           0.475    12.457    cpu_inst/data_mem_inst/fetch_buffer_instruction[31]_i_2_n_0
    SLICE_X9Y20          LUT6 (Prop_lut6_I4_O)        0.124    12.581 r  cpu_inst/data_mem_inst/fetch_buffer_instruction[31]_i_1/O
                         net (fo=63, routed)          0.986    13.568    cpu_inst/fetch_buffer_pc[0]
    SLICE_X10Y13         FDRE                                         r  cpu_inst/fetch_buffer_instruction_reg[27]/CE
  -------------------------------------------------------------------    -------------------

                         (clock sys_clk_pin rise edge)
                                                      8.800     8.800 r  <hidden>
                         propagated clock network latency
                                                      4.787    13.587    <hidden>
                         clock pessimism              0.260    13.847    <hidden>
                         clock uncertainty           -0.035    13.812    <hidden>
    SLICE_X10Y13         FDRE (Setup_fdre_C_CE)      -0.169    13.643    cpu_inst/fetch_buffer_instruction_reg[27]
  -------------------------------------------------------------------
                         required time                         13.643    <hidden>
                         arrival time                         -13.568    <hidden>
  -------------------------------------------------------------------
                         slack                                  0.075    <hidden>

Slack (MET) :             0.075ns  (required time - arrival time)
  Source:                 cpu_inst/data_mem_inst/mem_reg/CLKARDCLK
                            (rising edge-triggered cell RAMB18E1 clocked by sys_clk_pin  {rise@0.000ns fall@4.400ns period=8.800ns})
  Destination:            cpu_inst/fetch_buffer_instruction_reg[28]/CE
                            (rising edge-triggered cell FDRE clocked by sys_clk_pin  {rise@0.000ns fall@4.400ns period=8.800ns})
  Path Group:             sys_clk_pin
  Path Type:              Setup (Max at Slow Process Corner)
  Requirement:            8.800ns  (sys_clk_pin rise@8.800ns - sys_clk_pin rise@0.000ns)
  Data Path Delay:        8.446ns  (logic 3.982ns (47.147%)  route 4.464ns (52.853%))
  Logic Levels:           8  (CARRY4=3 LUT3=1 LUT4=1 LUT5=1 LUT6=2)
  Clock Path Skew:        -0.074ns (DCD - SCD + CPR)
    Destination Clock Delay (DCD):    4.787ns = ( 13.587 - 8.800 ) 
    Source Clock Delay      (SCD):    5.122ns
    Clock Pessimism Removal (CPR):    0.260ns
  Clock Uncertainty:      0.035ns  ((TSJ^2 + TIJ^2)^1/2 + DJ) / 2 + PE
    Total System Jitter     (TSJ):    0.071ns
    Total Input Jitter      (TIJ):    0.000ns
    Discrete Jitter          (DJ):    0.000ns
    Phase Error              (PE):    0.000ns

    Location             Delay type                Incr(ns)  Path(ns)    Netlist Resource(s)
  -------------------------------------------------------------------    -------------------
                         (clock sys_clk_pin rise edge)
                                                      0.000     0.000 r  <hidden>
                         propagated clock network latency
                                                      5.122     5.122    <hidden>
    RAMB18_X0Y6          RAMB18E1                     0.000     5.122 r  cpu_inst/data_mem_inst/mem_reg/CLKARDCLK
    RAMB18_X0Y6          RAMB18E1 (Prop_ramb18e1_CLKARDCLK_DOADO[9])
                                                      2.454     7.576 r  cpu_inst/data_mem_inst/mem_reg/DOADO[9]
                         net (fo=5, routed)           1.012     8.588    cpu_inst/data_mem_inst/mem_reg_n_6
    SLICE_X11Y9          LUT5 (Prop_lut5_I0_O)        0.124     8.712 f  cpu_inst/data_mem_inst/i__carry__1_i_11/O
                         net (fo=1, routed)           0.264     8.976    cpu_inst/data_mem_inst/i__carry__1_i_11_n_0
    SLICE_X11Y9          LUT3 (Prop_lut3_I1_O)        0.124     9.100 r  cpu_inst/data_mem_inst/i__carry__1_i_3__0/O
                         net (fo=5, routed)           1.192    10.292    cpu_inst/data_mem_inst/ex_mem_reg_reg[alu_result][9]_0
    SLICE_X8Y15          LUT6 (Prop_lut6_I0_O)        0.124    10.416 r  cpu_inst/data_mem_inst/i__carry_i_1/O
                         net (fo=1, routed)           0.000    10.416    cpu_inst/data_mem_inst_n_221
    SLICE_X8Y15          CARRY4 (Prop_carry4_S[3]_CO[3])
                                                      0.376    10.792 r  cpu_inst/ex_branch_taken0_inferred__0/i__carry/CO[3]
                         net (fo=1, routed)           0.000    10.792    cpu_inst/ex_branch_taken0_inferred__0/i__carry_n_0
    SLICE_X8Y16          CARRY4 (Prop_carry4_CI_CO[3])
                                                      0.117    10.909 r  cpu_inst/ex_branch_taken0_inferred__0/i__carry__0/CO[3]
                         net (fo=1, routed)           0.000    10.909    cpu_inst/ex_branch_taken0_inferred__0/i__carry__0_n_0
    SLICE_X8Y17          CARRY4 (Prop_carry4_CI_CO[2])
                                                      0.229    11.138 f  cpu_inst/ex_branch_taken0_inferred__0/i__carry__1/CO[2]
                         net (fo=39, routed)          0.534    11.672    cpu_inst/data_mem_inst/CO[0]
    SLICE_X9Y19          LUT4 (Prop_lut4_I3_O)        0.310    11.982 f  cpu_inst/data_mem_inst/fetch_buffer_instruction[31]_i_2/O
                         net (fo=7, routed)           0.475    12.457    cpu_inst/data_mem_inst/fetch_buffer_instruction[31]_i_2_n_0
    SLICE_X9Y20          LUT6 (Prop_lut6_I4_O)        0.124    12.581 r  cpu_inst/data_mem_inst/fetch_buffer_instruction[31]_i_1/O
                         net (fo=63, routed)          0.986    13.568    cpu_inst/fetch_buffer_pc[0]
    SLICE_X10Y13         FDRE                                         r  cpu_inst/fetch_buffer_instruction_reg[28]/CE
  -------------------------------------------------------------------    -------------------

                         (clock sys_clk_pin rise edge)
                                                      8.800     8.800 r  <hidden>
                         propagated clock network latency
                                                      4.787    13.587    <hidden>
                         clock pessimism              0.260    13.847    <hidden>
                         clock uncertainty           -0.035    13.812    <hidden>
    SLICE_X10Y13         FDRE (Setup_fdre_C_CE)      -0.169    13.643    cpu_inst/fetch_buffer_instruction_reg[28]
  -------------------------------------------------------------------
                         required time                         13.643    <hidden>
                         arrival time                         -13.568    <hidden>
  -------------------------------------------------------------------
                         slack                                  0.075    <hidden>




