Copyright 1986-2022 Xilinx, Inc. All Rights Reserved. Copyright 2022-2026 Advanced Micro Devices, Inc. All Rights Reserved.
---------------------------------------------------------------------------------------------------------------------------------------------------------
| Tool Version : Vivado v.2026.1 (win64) Build 6511674 Tue Jun 16 11:02:23 MDT 2026
| Date         : Mon Jul 13 13:25:28 2026
| Host         : DESKTOP-4GB7DVJ running 64-bit major release  (build 9200)
| Command      : report_timing_summary -file reports/phase13i_strategy/fanout_opt_8p800ns/timing/fpga_top_pipeline_forwardtiming_impl_timing_summary.rpt
| Design       : fpga_top_pipeline_forwardtiming
| Device       : 7a35t-cpg236
| Speed File   : -1  PRODUCTION 1.23 2018-06-13
| Design State : Physopt postRoute
---------------------------------------------------------------------------------------------------------------------------------------------------------

Timing Summary Report

------------------------------------------------------------------------------------------------
| Timer Settings
| --------------
------------------------------------------------------------------------------------------------

  Enable Multi Corner Analysis               :  Yes
  Enable Pessimism Removal                   :  Yes
  Pessimism Removal Resolution               :  Nearest Common Node
  Enable Input Delay Default Clock           :  No
  Enable Preset / Clear Arcs                 :  No
  Disable Flight Delays                      :  No
  Ignore I/O Paths                           :  No
  Timing Early Launch at Borrowing Latches   :  No
  Borrow Time for Max Delay Exceptions       :  Yes
  Merge Timing Exceptions                    :  Yes
  Inter-SLR Compensation                     :  Conservative

  Corner  Analyze    Analyze    
  Name    Max Paths  Min Paths  
  ------  ---------  ---------  
  Slow    Yes        Yes        
  Fast    Yes        Yes        


------------------------------------------------------------------------------------------------
| Report Methodology
| ------------------
------------------------------------------------------------------------------------------------

No report available as report_methodology has not been run prior. Run report_methodology on the current design for the summary of methodology violations.



check_timing report

Table of Contents
-----------------
1. checking no_clock (0)
2. checking constant_clock (0)
3. checking pulse_width_clock (0)
4. checking unconstrained_internal_endpoints (0)
5. checking no_input_delay (2)
6. checking no_output_delay (16)
7. checking multiple_clock (0)
8. checking generated_clocks (0)
9. checking loops (0)
10. checking partial_input_delay (0)
11. checking partial_output_delay (0)
12. checking latch_loops (0)

1. checking no_clock (0)
------------------------
 There are 0 register/latch pins with no clock.


2. checking constant_clock (0)
------------------------------
 There are 0 register/latch pins with constant_clock.


3. checking pulse_width_clock (0)
---------------------------------
 There are 0 register/latch pins which need pulse_width check


4. checking unconstrained_internal_endpoints (0)
------------------------------------------------
 There are 0 pins that are not constrained for maximum delay.

 There are 0 pins that are not constrained for maximum delay due to constant clock.


5. checking no_input_delay (2)
------------------------------
 There are 2 input ports with no input delay specified. (HIGH)

 There are 0 input ports with no input delay but user has a false path constraint.


6. checking no_output_delay (16)
--------------------------------
 There are 16 ports with no output delay specified. (HIGH)

 There are 0 ports with no output delay but user has a false path constraint

 There are 0 ports with no output delay but with a timing clock defined on it or propagating through it


7. checking multiple_clock (0)
------------------------------
 There are 0 register/latch pins with multiple clocks.


8. checking generated_clocks (0)
--------------------------------
 There are 0 generated clocks that are not connected to a clock source.


9. checking loops (0)
---------------------
 There are 0 combinational loops in the design.


10. checking partial_input_delay (0)
------------------------------------
 There are 0 input ports with partial input delay specified.


11. checking partial_output_delay (0)
-------------------------------------
 There are 0 ports with partial output delay specified.


12. checking latch_loops (0)
----------------------------
 There are 0 combinational latch loops in the design through latch input



------------------------------------------------------------------------------------------------
| Design Timing Summary
| ---------------------
------------------------------------------------------------------------------------------------

    WNS(ns)      TNS(ns)  TNS Failing Endpoints  TNS Total Endpoints      WHS(ns)      THS(ns)  THS Failing Endpoints  THS Total Endpoints     WPWS(ns)     TPWS(ns)  TPWS Failing Endpoints  TPWS Total Endpoints  
    -------      -------  ---------------------  -------------------      -------      -------  ---------------------  -------------------     --------     --------  ----------------------  --------------------  
      0.012        0.000                      0                 3023        0.039        0.000                      0                 3023        3.900        0.000                       0                  1512  


All user specified timing constraints are met.


------------------------------------------------------------------------------------------------
| Clock Summary
| -------------
------------------------------------------------------------------------------------------------

Clock        Waveform(ns)         Period(ns)      Frequency(MHz)
-----        ------------         ----------      --------------
sys_clk_pin  {0.000 4.400}        8.800           113.636         


------------------------------------------------------------------------------------------------
| Intra Clock Table
| -----------------
------------------------------------------------------------------------------------------------

Clock             WNS(ns)      TNS(ns)  TNS Failing Endpoints  TNS Total Endpoints      WHS(ns)      THS(ns)  THS Failing Endpoints  THS Total Endpoints     WPWS(ns)     TPWS(ns)  TPWS Failing Endpoints  TPWS Total Endpoints  
-----             -------      -------  ---------------------  -------------------      -------      -------  ---------------------  -------------------     --------     --------  ----------------------  --------------------  
sys_clk_pin         0.012        0.000                      0                 3023        0.039        0.000                      0                 3023        3.900        0.000                       0                  1512  


------------------------------------------------------------------------------------------------
| Inter Clock Table
| -----------------
------------------------------------------------------------------------------------------------

From Clock    To Clock          WNS(ns)      TNS(ns)  TNS Failing Endpoints  TNS Total Endpoints      WHS(ns)      THS(ns)  THS Failing Endpoints  THS Total Endpoints  
----------    --------          -------      -------  ---------------------  -------------------      -------      -------  ---------------------  -------------------  


------------------------------------------------------------------------------------------------
| Other Path Groups Table
| -----------------------
------------------------------------------------------------------------------------------------

Path Group    From Clock    To Clock          WNS(ns)      TNS(ns)  TNS Failing Endpoints  TNS Total Endpoints      WHS(ns)      THS(ns)  THS Failing Endpoints  THS Total Endpoints  
----------    ----------    --------          -------      -------  ---------------------  -------------------      -------      -------  ---------------------  -------------------  


------------------------------------------------------------------------------------------------
| Timing Details
| --------------
------------------------------------------------------------------------------------------------


---------------------------------------------------------------------------------------------------
From Clock:  sys_clk_pin
  To Clock:  sys_clk_pin

Setup :            0  Failing Endpoints,  Worst Slack        0.012ns,  Total Violation        0.000ns
Hold  :            0  Failing Endpoints,  Worst Slack        0.039ns,  Total Violation        0.000ns
PW    :            0  Failing Endpoints,  Worst Slack        3.900ns,  Total Violation        0.000ns
---------------------------------------------------------------------------------------------------


Max Delay Paths
--------------------------------------------------------------------------------------
Slack (MET) :             0.012ns  (required time - arrival time)
  Source:                 cpu_inst/data_mem_inst/mem_reg/CLKARDCLK
                            (rising edge-triggered cell RAMB18E1 clocked by sys_clk_pin  {rise@0.000ns fall@4.400ns period=8.800ns})
  Destination:            cpu_inst/fetch_pending_pc_reg[3]/CE
                            (rising edge-triggered cell FDRE clocked by sys_clk_pin  {rise@0.000ns fall@4.400ns period=8.800ns})
  Path Group:             sys_clk_pin
  Path Type:              Setup (Max at Slow Process Corner)
  Requirement:            8.800ns  (sys_clk_pin rise@8.800ns - sys_clk_pin rise@0.000ns)
  Data Path Delay:        8.462ns  (logic 3.982ns (47.056%)  route 4.480ns (52.944%))
  Logic Levels:           8  (CARRY4=3 LUT2=1 LUT3=1 LUT5=1 LUT6=2)
  Clock Path Skew:        -0.085ns (DCD - SCD + CPR)
    Destination Clock Delay (DCD):    4.776ns = ( 13.576 - 8.800 ) 
    Source Clock Delay      (SCD):    5.122ns
    Clock Pessimism Removal (CPR):    0.260ns
  Clock Uncertainty:      0.035ns  ((TSJ^2 + TIJ^2)^1/2 + DJ) / 2 + PE
    Total System Jitter     (TSJ):    0.071ns
    Total Input Jitter      (TIJ):    0.000ns
    Discrete Jitter          (DJ):    0.000ns
    Phase Error              (PE):    0.000ns

    Location             Delay type                Incr(ns)  Path(ns)    Netlist Resource(s)
  -------------------------------------------------------------------    -------------------
                         (clock sys_clk_pin rise edge)
                                                      0.000     0.000 r  <hidden>
    W5                                                0.000     0.000 r  clk
                         net (fo=0)                   0.000     0.000    clk
    W5                   IBUF (Prop_ibuf_I_O)         1.458     1.458 r  clk_IBUF_inst/O
                         net (fo=1, routed)           1.967     3.425    clk_IBUF
    BUFGCTRL_X0Y0        BUFG (Prop_bufg_I_O)         0.096     3.521 r  clk_IBUF_BUFG_inst/O
                         net (fo=1511, routed)        1.601     5.122    cpu_inst/data_mem_inst/clk_IBUF_BUFG
    RAMB18_X0Y6          RAMB18E1                                     r  cpu_inst/data_mem_inst/mem_reg/CLKARDCLK
  -------------------------------------------------------------------    -------------------
    RAMB18_X0Y6          RAMB18E1 (Prop_ramb18e1_CLKARDCLK_DOADO[9])
                                                      2.454     7.576 r  cpu_inst/data_mem_inst/mem_reg/DOADO[9]
                         net (fo=5, routed)           1.012     8.588    cpu_inst/data_mem_inst/mem_reg_n_6
    SLICE_X11Y9          LUT5 (Prop_lut5_I0_O)        0.124     8.712 f  cpu_inst/data_mem_inst/i__carry__1_i_11/O
                         net (fo=1, routed)           0.264     8.976    cpu_inst/data_mem_inst/i__carry__1_i_11_n_0
    SLICE_X11Y9          LUT3 (Prop_lut3_I1_O)        0.124     9.100 r  cpu_inst/data_mem_inst/i__carry__1_i_3__0/O
                         net (fo=5, routed)           1.192    10.292    cpu_inst/data_mem_inst/ex_mem_reg_reg[alu_result][9]_0
    SLICE_X8Y15          LUT6 (Prop_lut6_I0_O)        0.124    10.416 r  cpu_inst/data_mem_inst/i__carry_i_1/O
                         net (fo=1, routed)           0.000    10.416    cpu_inst/data_mem_inst_n_221
    SLICE_X8Y15          CARRY4 (Prop_carry4_S[3]_CO[3])
                                                      0.376    10.792 r  cpu_inst/ex_branch_taken0_inferred__0/i__carry/CO[3]
                         net (fo=1, routed)           0.000    10.792    cpu_inst/ex_branch_taken0_inferred__0/i__carry_n_0
    SLICE_X8Y16          CARRY4 (Prop_carry4_CI_CO[3])
                                                      0.117    10.909 r  cpu_inst/ex_branch_taken0_inferred__0/i__carry__0/CO[3]
                         net (fo=1, routed)           0.000    10.909    cpu_inst/ex_branch_taken0_inferred__0/i__carry__0_n_0
    SLICE_X8Y17          CARRY4 (Prop_carry4_CI_CO[2])
                                                      0.229    11.138 f  cpu_inst/ex_branch_taken0_inferred__0/i__carry__1/CO[2]
                         net (fo=39, routed)          0.983    12.121    cpu_inst/data_mem_inst/CO[0]
    SLICE_X9Y27          LUT6 (Prop_lut6_I3_O)        0.310    12.431 r  cpu_inst/data_mem_inst/fetch_pc[31]_i_1/O
                         net (fo=32, routed)          0.346    12.778    cpu_inst/data_mem_inst/id_ex_reg_reg[valid]_1[0]
    SLICE_X9Y29          LUT2 (Prop_lut2_I0_O)        0.124    12.902 r  cpu_inst/data_mem_inst/fetch_pending_pc[31]_i_1/O
                         net (fo=31, routed)          0.682    13.584    cpu_inst/data_mem_inst_n_158
    SLICE_X9Y26          FDRE                                         r  cpu_inst/fetch_pending_pc_reg[3]/CE
  -------------------------------------------------------------------    -------------------

                         (clock sys_clk_pin rise edge)
                                                      8.800     8.800 r  <hidden>
    W5                                                0.000     8.800 r  clk
                         net (fo=0)                   0.000     8.800    clk
    W5                   IBUF (Prop_ibuf_I_O)         1.388    10.188 r  clk_IBUF_inst/O
                         net (fo=1, routed)           1.862    12.050    clk_IBUF
    BUFGCTRL_X0Y0        BUFG (Prop_bufg_I_O)         0.091    12.141 r  clk_IBUF_BUFG_inst/O
                         net (fo=1511, routed)        1.435    13.576    cpu_inst/clk_IBUF_BUFG
    SLICE_X9Y26          FDRE                                         r  cpu_inst/fetch_pending_pc_reg[3]/C
                         clock pessimism              0.260    13.836    <hidden>
                         clock uncertainty           -0.035    13.801    <hidden>
    SLICE_X9Y26          FDRE (Setup_fdre_C_CE)      -0.205    13.596    cpu_inst/fetch_pending_pc_reg[3]
  -------------------------------------------------------------------
                         required time                         13.596    <hidden>
                         arrival time                         -13.584    <hidden>
  -------------------------------------------------------------------
                         slack                                  0.012    <hidden>





Min Delay Paths
--------------------------------------------------------------------------------------
Slack (MET) :             0.039ns  (arrival time - required time)
  Source:                 cpu_inst/ex_mem_reg_reg[store_data][4]/C
                            (rising edge-triggered cell FDRE clocked by sys_clk_pin  {rise@0.000ns fall@4.400ns period=8.800ns})
  Destination:            cpu_inst/data_mem_inst/mem_reg/DIADI[4]
                            (rising edge-triggered cell RAMB18E1 clocked by sys_clk_pin  {rise@0.000ns fall@4.400ns period=8.800ns})
  Path Group:             sys_clk_pin
  Path Type:              Hold (Min at Fast Process Corner)
  Requirement:            0.000ns  (sys_clk_pin rise@0.000ns - sys_clk_pin rise@0.000ns)
  Data Path Delay:        0.247ns  (logic 0.141ns (57.072%)  route 0.106ns (42.928%))
  Logic Levels:           0  
  Clock Path Skew:        0.053ns (DCD - SCD - CPR)
    Destination Clock Delay (DCD):    1.997ns
    Source Clock Delay      (SCD):    1.445ns
    Clock Pessimism Removal (CPR):    0.498ns

    Location             Delay type                Incr(ns)  Path(ns)    Netlist Resource(s)
  -------------------------------------------------------------------    -------------------
                         (clock sys_clk_pin rise edge)
                                                      0.000     0.000 r  <hidden>
    W5                                                0.000     0.000 r  clk
                         net (fo=0)                   0.000     0.000    clk
    W5                   IBUF (Prop_ibuf_I_O)         0.226     0.226 r  clk_IBUF_inst/O
                         net (fo=1, routed)           0.631     0.858    clk_IBUF
    BUFGCTRL_X0Y0        BUFG (Prop_bufg_I_O)         0.026     0.884 r  clk_IBUF_BUFG_inst/O
                         net (fo=1511, routed)        0.562     1.445    cpu_inst/clk_IBUF_BUFG
    SLICE_X9Y15          FDRE                                         r  cpu_inst/ex_mem_reg_reg[store_data][4]/C
  -------------------------------------------------------------------    -------------------
    SLICE_X9Y15          FDRE (Prop_fdre_C_Q)         0.141     1.586 r  cpu_inst/ex_mem_reg_reg[store_data][4]/Q
                         net (fo=1, routed)           0.106     1.692    cpu_inst/data_mem_inst/mem_reg_2[4]
    RAMB18_X0Y6          RAMB18E1                                     r  cpu_inst/data_mem_inst/mem_reg/DIADI[4]
  -------------------------------------------------------------------    -------------------

                         (clock sys_clk_pin rise edge)
                                                      0.000     0.000 r  <hidden>
    W5                                                0.000     0.000 r  clk
                         net (fo=0)                   0.000     0.000    clk
    W5                   IBUF (Prop_ibuf_I_O)         0.414     0.414 r  clk_IBUF_inst/O
                         net (fo=1, routed)           0.685     1.099    clk_IBUF
    BUFGCTRL_X0Y0        BUFG (Prop_bufg_I_O)         0.029     1.128 r  clk_IBUF_BUFG_inst/O
                         net (fo=1511, routed)        0.869     1.997    cpu_inst/data_mem_inst/clk_IBUF_BUFG
    RAMB18_X0Y6          RAMB18E1                                     r  cpu_inst/data_mem_inst/mem_reg/CLKARDCLK
                         clock pessimism             -0.498     1.499    <hidden>
    RAMB18_X0Y6          RAMB18E1 (Hold_ramb18e1_CLKARDCLK_DIADI[4])
                                                      0.155     1.654    cpu_inst/data_mem_inst/mem_reg
  -------------------------------------------------------------------
                         required time                         -1.654    <hidden>
                         arrival time                           1.692    <hidden>
  -------------------------------------------------------------------
                         slack                                  0.039    <hidden>





Pulse Width Checks
--------------------------------------------------------------------------------------
Clock Name:         sys_clk_pin
Waveform(ns):       { 0.000 4.400 }
Period(ns):         8.800
Sources:            { clk }

Check Type        Corner  Lib Pin             Reference Pin  Required(ns)  Actual(ns)  Slack(ns)  Location      Pin
Min Period        n/a     RAMB18E1/CLKARDCLK  n/a            2.944         8.800       5.856      RAMB18_X0Y6   cpu_inst/data_mem_inst/mem_reg/CLKARDCLK
Low Pulse Width   Slow    FDRE/C              n/a            0.500         4.400       3.900      SLICE_X11Y11  cpu_inst/ex_mem_reg_reg[alu_result][0]/C
High Pulse Width  Slow    FDRE/C              n/a            0.500         4.400       3.900      SLICE_X11Y11  cpu_inst/ex_mem_reg_reg[alu_result][0]/C



