Copyright 1986-2022 Xilinx, Inc. All Rights Reserved. Copyright 2022-2026 Advanced Micro Devices, Inc. All Rights Reserved.
---------------------------------------------------------------------------------------------------------------------------------------------
| Tool Version : Vivado v.2026.1 (win64) Build 6511674 Tue Jun 16 11:02:23 MDT 2026
| Date         : Sat Jul 11 14:46:17 2026
| Host         : DESKTOP-4GB7DVJ running 64-bit major release  (build 9200)
| Command      : report_timing -max_paths 10 -path_type full -file reports/phase12_pipeline/timing/fpga_top_pipeline_impl_worst_paths.rpt
| Design       : fpga_top_pipeline
| Device       : 7a35t-cpg236
| Speed File   : -1  PRODUCTION 1.23 2018-06-13
| Design State : Routed
---------------------------------------------------------------------------------------------------------------------------------------------

Timing Report

Slack (MET) :             0.185ns  (required time - arrival time)
  Source:                 cpu_inst/data_mem_inst/mem_reg/CLKARDCLK
                            (rising edge-triggered cell RAMB18E1 clocked by sys_clk_pin  {rise@0.000ns fall@5.000ns period=10.000ns})
  Destination:            cpu_inst/if_id_reg_reg[instruction][23]/R
                            (rising edge-triggered cell FDRE clocked by sys_clk_pin  {rise@0.000ns fall@5.000ns period=10.000ns})
  Path Group:             sys_clk_pin
  Path Type:              Setup (Max at Slow Process Corner)
  Requirement:            10.000ns  (sys_clk_pin rise@10.000ns - sys_clk_pin rise@0.000ns)
  Data Path Delay:        9.171ns  (logic 4.279ns (46.657%)  route 4.892ns (53.343%))
  Logic Levels:           9  (CARRY4=3 LUT3=1 LUT4=1 LUT5=2 LUT6=2)
  Clock Path Skew:        -0.084ns (DCD - SCD + CPR)
    Destination Clock Delay (DCD):    4.783ns = ( 14.783 - 10.000 ) 
    Source Clock Delay      (SCD):    5.128ns
    Clock Pessimism Removal (CPR):    0.260ns
  Clock Uncertainty:      0.035ns  ((TSJ^2 + TIJ^2)^1/2 + DJ) / 2 + PE
    Total System Jitter     (TSJ):    0.071ns
    Total Input Jitter      (TIJ):    0.000ns
    Discrete Jitter          (DJ):    0.000ns
    Phase Error              (PE):    0.000ns

    Location             Delay type                Incr(ns)  Path(ns)    Netlist Resource(s)
  -------------------------------------------------------------------    -------------------
                         (clock sys_clk_pin rise edge)
                                                      0.000     0.000 r  <hidden>
                         propagated clock network latency
                                                      5.128     5.128    <hidden>
    RAMB18_X0Y4          RAMB18E1                     0.000     5.128 r  cpu_inst/data_mem_inst/mem_reg/CLKARDCLK
    RAMB18_X0Y4          RAMB18E1 (Prop_ramb18e1_CLKARDCLK_DOADO[4])
                                                      2.454     7.582 r  cpu_inst/data_mem_inst/mem_reg/DOADO[4]
                         net (fo=2, routed)           0.790     8.372    cpu_inst/data_mem_inst/mem_reg_n_11
    SLICE_X9Y7           LUT3 (Prop_lut3_I0_O)        0.124     8.496 r  cpu_inst/data_mem_inst/regs[1][4]_i_1/O
                         net (fo=35, routed)          0.691     9.187    cpu_inst/data_mem_inst/wb_write_data[4]
    SLICE_X8Y7           LUT5 (Prop_lut5_I4_O)        0.124     9.311 r  cpu_inst/data_mem_inst/ex_mem_reg[store_data][4]_i_1/O
                         net (fo=4, routed)           0.972    10.283    cpu_inst/data_mem_inst/ex_store_data[4]
    SLICE_X9Y10          LUT6 (Prop_lut6_I5_O)        0.124    10.407 r  cpu_inst/data_mem_inst/i__carry_i_3/O
                         net (fo=1, routed)           0.000    10.407    cpu_inst/data_mem_inst_n_259
    SLICE_X9Y10          CARRY4 (Prop_carry4_S[1]_CO[3])
                                                      0.550    10.957 r  cpu_inst/ex_branch_taken0_inferred__0/i__carry/CO[3]
                         net (fo=1, routed)           0.000    10.957    cpu_inst/ex_branch_taken0_inferred__0/i__carry_n_0
    SLICE_X9Y11          CARRY4 (Prop_carry4_CI_CO[3])
                                                      0.114    11.071 r  cpu_inst/ex_branch_taken0_inferred__0/i__carry__0/CO[3]
                         net (fo=1, routed)           0.000    11.071    cpu_inst/ex_branch_taken0_inferred__0/i__carry__0_n_0
    SLICE_X9Y12          CARRY4 (Prop_carry4_CI_CO[2])
                                                      0.228    11.299 r  cpu_inst/ex_branch_taken0_inferred__0/i__carry__1/CO[2]
                         net (fo=16, routed)          0.642    11.941    cpu_inst/data_mem_inst/CO[0]
    SLICE_X9Y13          LUT4 (Prop_lut4_I1_O)        0.313    12.254 f  cpu_inst/data_mem_inst/led_OBUF[12]_inst_i_3/O
                         net (fo=35, routed)          0.480    12.734    cpu_inst/data_mem_inst/led_OBUF[12]_inst_i_3_n_0
    SLICE_X7Y13          LUT5 (Prop_lut5_I3_O)        0.124    12.858 f  cpu_inst/data_mem_inst/fetch_pending_pc[31]_i_3/O
                         net (fo=3, routed)           0.319    13.177    cpu_inst/data_mem_inst/fetch_pending_pc[31]_i_3_n_0
    SLICE_X7Y15          LUT6 (Prop_lut6_I5_O)        0.124    13.301 r  cpu_inst/data_mem_inst/if_id_reg[instruction][31]_i_1/O
                         net (fo=34, routed)          0.998    14.299    cpu_inst/data_mem_inst_n_99
    SLICE_X14Y17         FDRE                                         r  cpu_inst/if_id_reg_reg[instruction][23]/R
  -------------------------------------------------------------------    -------------------

                         (clock sys_clk_pin rise edge)
                                                     10.000    10.000 r  <hidden>
                         propagated clock network latency
                                                      4.783    14.783    <hidden>
                         clock pessimism              0.260    15.043    <hidden>
                         clock uncertainty           -0.035    15.008    <hidden>
    SLICE_X14Y17         FDRE (Setup_fdre_C_R)       -0.524    14.484    cpu_inst/if_id_reg_reg[instruction][23]
  -------------------------------------------------------------------
                         required time                         14.484    <hidden>
                         arrival time                         -14.299    <hidden>
  -------------------------------------------------------------------
                         slack                                  0.185    <hidden>

Slack (MET) :             0.185ns  (required time - arrival time)
  Source:                 cpu_inst/data_mem_inst/mem_reg/CLKARDCLK
                            (rising edge-triggered cell RAMB18E1 clocked by sys_clk_pin  {rise@0.000ns fall@5.000ns period=10.000ns})
  Destination:            cpu_inst/if_id_reg_reg[instruction][24]/R
                            (rising edge-triggered cell FDRE clocked by sys_clk_pin  {rise@0.000ns fall@5.000ns period=10.000ns})
  Path Group:             sys_clk_pin
  Path Type:              Setup (Max at Slow Process Corner)
  Requirement:            10.000ns  (sys_clk_pin rise@10.000ns - sys_clk_pin rise@0.000ns)
  Data Path Delay:        9.171ns  (logic 4.279ns (46.657%)  route 4.892ns (53.343%))
  Logic Levels:           9  (CARRY4=3 LUT3=1 LUT4=1 LUT5=2 LUT6=2)
  Clock Path Skew:        -0.084ns (DCD - SCD + CPR)
    Destination Clock Delay (DCD):    4.783ns = ( 14.783 - 10.000 ) 
    Source Clock Delay      (SCD):    5.128ns
    Clock Pessimism Removal (CPR):    0.260ns
  Clock Uncertainty:      0.035ns  ((TSJ^2 + TIJ^2)^1/2 + DJ) / 2 + PE
    Total System Jitter     (TSJ):    0.071ns
    Total Input Jitter      (TIJ):    0.000ns
    Discrete Jitter          (DJ):    0.000ns
    Phase Error              (PE):    0.000ns

    Location             Delay type                Incr(ns)  Path(ns)    Netlist Resource(s)
  -------------------------------------------------------------------    -------------------
                         (clock sys_clk_pin rise edge)
                                                      0.000     0.000 r  <hidden>
                         propagated clock network latency
                                                      5.128     5.128    <hidden>
    RAMB18_X0Y4          RAMB18E1                     0.000     5.128 r  cpu_inst/data_mem_inst/mem_reg/CLKARDCLK
    RAMB18_X0Y4          RAMB18E1 (Prop_ramb18e1_CLKARDCLK_DOADO[4])
                                                      2.454     7.582 r  cpu_inst/data_mem_inst/mem_reg/DOADO[4]
                         net (fo=2, routed)           0.790     8.372    cpu_inst/data_mem_inst/mem_reg_n_11
    SLICE_X9Y7           LUT3 (Prop_lut3_I0_O)        0.124     8.496 r  cpu_inst/data_mem_inst/regs[1][4]_i_1/O
                         net (fo=35, routed)          0.691     9.187    cpu_inst/data_mem_inst/wb_write_data[4]
    SLICE_X8Y7           LUT5 (Prop_lut5_I4_O)        0.124     9.311 r  cpu_inst/data_mem_inst/ex_mem_reg[store_data][4]_i_1/O
                         net (fo=4, routed)           0.972    10.283    cpu_inst/data_mem_inst/ex_store_data[4]
    SLICE_X9Y10          LUT6 (Prop_lut6_I5_O)        0.124    10.407 r  cpu_inst/data_mem_inst/i__carry_i_3/O
                         net (fo=1, routed)           0.000    10.407    cpu_inst/data_mem_inst_n_259
    SLICE_X9Y10          CARRY4 (Prop_carry4_S[1]_CO[3])
                                                      0.550    10.957 r  cpu_inst/ex_branch_taken0_inferred__0/i__carry/CO[3]
                         net (fo=1, routed)           0.000    10.957    cpu_inst/ex_branch_taken0_inferred__0/i__carry_n_0
    SLICE_X9Y11          CARRY4 (Prop_carry4_CI_CO[3])
                                                      0.114    11.071 r  cpu_inst/ex_branch_taken0_inferred__0/i__carry__0/CO[3]
                         net (fo=1, routed)           0.000    11.071    cpu_inst/ex_branch_taken0_inferred__0/i__carry__0_n_0
    SLICE_X9Y12          CARRY4 (Prop_carry4_CI_CO[2])
                                                      0.228    11.299 r  cpu_inst/ex_branch_taken0_inferred__0/i__carry__1/CO[2]
                         net (fo=16, routed)          0.642    11.941    cpu_inst/data_mem_inst/CO[0]
    SLICE_X9Y13          LUT4 (Prop_lut4_I1_O)        0.313    12.254 f  cpu_inst/data_mem_inst/led_OBUF[12]_inst_i_3/O
                         net (fo=35, routed)          0.480    12.734    cpu_inst/data_mem_inst/led_OBUF[12]_inst_i_3_n_0
    SLICE_X7Y13          LUT5 (Prop_lut5_I3_O)        0.124    12.858 f  cpu_inst/data_mem_inst/fetch_pending_pc[31]_i_3/O
                         net (fo=3, routed)           0.319    13.177    cpu_inst/data_mem_inst/fetch_pending_pc[31]_i_3_n_0
    SLICE_X7Y15          LUT6 (Prop_lut6_I5_O)        0.124    13.301 r  cpu_inst/data_mem_inst/if_id_reg[instruction][31]_i_1/O
                         net (fo=34, routed)          0.998    14.299    cpu_inst/data_mem_inst_n_99
    SLICE_X14Y17         FDRE                                         r  cpu_inst/if_id_reg_reg[instruction][24]/R
  -------------------------------------------------------------------    -------------------

                         (clock sys_clk_pin rise edge)
                                                     10.000    10.000 r  <hidden>
                         propagated clock network latency
                                                      4.783    14.783    <hidden>
                         clock pessimism              0.260    15.043    <hidden>
                         clock uncertainty           -0.035    15.008    <hidden>
    SLICE_X14Y17         FDRE (Setup_fdre_C_R)       -0.524    14.484    cpu_inst/if_id_reg_reg[instruction][24]
  -------------------------------------------------------------------
                         required time                         14.484    <hidden>
                         arrival time                         -14.299    <hidden>
  -------------------------------------------------------------------
                         slack                                  0.185    <hidden>

Slack (MET) :             0.213ns  (required time - arrival time)
  Source:                 cpu_inst/data_mem_inst/mem_reg/CLKARDCLK
                            (rising edge-triggered cell RAMB18E1 clocked by sys_clk_pin  {rise@0.000ns fall@5.000ns period=10.000ns})
  Destination:            cpu_inst/fetch_buffer_instruction_reg[12]/R
                            (rising edge-triggered cell FDRE clocked by sys_clk_pin  {rise@0.000ns fall@5.000ns period=10.000ns})
  Path Group:             sys_clk_pin
  Path Type:              Setup (Max at Slow Process Corner)
  Requirement:            10.000ns  (sys_clk_pin rise@10.000ns - sys_clk_pin rise@0.000ns)
  Data Path Delay:        9.309ns  (logic 4.279ns (45.968%)  route 5.030ns (54.032%))
  Logic Levels:           9  (CARRY4=3 LUT3=1 LUT4=2 LUT5=1 LUT6=2)
  Clock Path Skew:        -0.014ns (DCD - SCD + CPR)
    Destination Clock Delay (DCD):    4.853ns = ( 14.853 - 10.000 ) 
    Source Clock Delay      (SCD):    5.128ns
    Clock Pessimism Removal (CPR):    0.260ns
  Clock Uncertainty:      0.035ns  ((TSJ^2 + TIJ^2)^1/2 + DJ) / 2 + PE
    Total System Jitter     (TSJ):    0.071ns
    Total Input Jitter      (TIJ):    0.000ns
    Discrete Jitter          (DJ):    0.000ns
    Phase Error              (PE):    0.000ns

    Location             Delay type                Incr(ns)  Path(ns)    Netlist Resource(s)
  -------------------------------------------------------------------    -------------------
                         (clock sys_clk_pin rise edge)
                                                      0.000     0.000 r  <hidden>
                         propagated clock network latency
                                                      5.128     5.128    <hidden>
    RAMB18_X0Y4          RAMB18E1                     0.000     5.128 r  cpu_inst/data_mem_inst/mem_reg/CLKARDCLK
    RAMB18_X0Y4          RAMB18E1 (Prop_ramb18e1_CLKARDCLK_DOADO[4])
                                                      2.454     7.582 r  cpu_inst/data_mem_inst/mem_reg/DOADO[4]
                         net (fo=2, routed)           0.790     8.372    cpu_inst/data_mem_inst/mem_reg_n_11
    SLICE_X9Y7           LUT3 (Prop_lut3_I0_O)        0.124     8.496 r  cpu_inst/data_mem_inst/regs[1][4]_i_1/O
                         net (fo=35, routed)          0.691     9.187    cpu_inst/data_mem_inst/wb_write_data[4]
    SLICE_X8Y7           LUT5 (Prop_lut5_I4_O)        0.124     9.311 r  cpu_inst/data_mem_inst/ex_mem_reg[store_data][4]_i_1/O
                         net (fo=4, routed)           0.972    10.283    cpu_inst/data_mem_inst/ex_store_data[4]
    SLICE_X9Y10          LUT6 (Prop_lut6_I5_O)        0.124    10.407 r  cpu_inst/data_mem_inst/i__carry_i_3/O
                         net (fo=1, routed)           0.000    10.407    cpu_inst/data_mem_inst_n_259
    SLICE_X9Y10          CARRY4 (Prop_carry4_S[1]_CO[3])
                                                      0.550    10.957 r  cpu_inst/ex_branch_taken0_inferred__0/i__carry/CO[3]
                         net (fo=1, routed)           0.000    10.957    cpu_inst/ex_branch_taken0_inferred__0/i__carry_n_0
    SLICE_X9Y11          CARRY4 (Prop_carry4_CI_CO[3])
                                                      0.114    11.071 r  cpu_inst/ex_branch_taken0_inferred__0/i__carry__0/CO[3]
                         net (fo=1, routed)           0.000    11.071    cpu_inst/ex_branch_taken0_inferred__0/i__carry__0_n_0
    SLICE_X9Y12          CARRY4 (Prop_carry4_CI_CO[2])
                                                      0.228    11.299 r  cpu_inst/ex_branch_taken0_inferred__0/i__carry__1/CO[2]
                         net (fo=16, routed)          0.642    11.941    cpu_inst/data_mem_inst/CO[0]
    SLICE_X9Y13          LUT4 (Prop_lut4_I1_O)        0.313    12.254 f  cpu_inst/data_mem_inst/led_OBUF[12]_inst_i_3/O
                         net (fo=35, routed)          0.547    12.801    cpu_inst/data_mem_inst/led_OBUF[12]_inst_i_3_n_0
    SLICE_X11Y13         LUT6 (Prop_lut6_I2_O)        0.124    12.925 r  cpu_inst/data_mem_inst/led_OBUF[12]_inst_i_1/O
                         net (fo=40, routed)          0.512    13.437    cpu_inst/data_mem_inst/redirect_pending_valid_reg_0[0]
    SLICE_X10Y13         LUT4 (Prop_lut4_I2_O)        0.124    13.561 r  cpu_inst/data_mem_inst/fetch_buffer_instruction[31]_i_1/O
                         net (fo=32, routed)          0.875    14.436    cpu_inst/if_id_reg
    SLICE_X4Y14          FDRE                                         r  cpu_inst/fetch_buffer_instruction_reg[12]/R
  -------------------------------------------------------------------    -------------------

                         (clock sys_clk_pin rise edge)
                                                     10.000    10.000 r  <hidden>
                         propagated clock network latency
                                                      4.853    14.853    <hidden>
                         clock pessimism              0.260    15.113    <hidden>
                         clock uncertainty           -0.035    15.078    <hidden>
    SLICE_X4Y14          FDRE (Setup_fdre_C_R)       -0.429    14.649    cpu_inst/fetch_buffer_instruction_reg[12]
  -------------------------------------------------------------------
                         required time                         14.649    <hidden>
                         arrival time                         -14.436    <hidden>
  -------------------------------------------------------------------
                         slack                                  0.213    <hidden>

Slack (MET) :             0.213ns  (required time - arrival time)
  Source:                 cpu_inst/data_mem_inst/mem_reg/CLKARDCLK
                            (rising edge-triggered cell RAMB18E1 clocked by sys_clk_pin  {rise@0.000ns fall@5.000ns period=10.000ns})
  Destination:            cpu_inst/fetch_buffer_instruction_reg[13]/R
                            (rising edge-triggered cell FDRE clocked by sys_clk_pin  {rise@0.000ns fall@5.000ns period=10.000ns})
  Path Group:             sys_clk_pin
  Path Type:              Setup (Max at Slow Process Corner)
  Requirement:            10.000ns  (sys_clk_pin rise@10.000ns - sys_clk_pin rise@0.000ns)
  Data Path Delay:        9.309ns  (logic 4.279ns (45.968%)  route 5.030ns (54.032%))
  Logic Levels:           9  (CARRY4=3 LUT3=1 LUT4=2 LUT5=1 LUT6=2)
  Clock Path Skew:        -0.014ns (DCD - SCD + CPR)
    Destination Clock Delay (DCD):    4.853ns = ( 14.853 - 10.000 ) 
    Source Clock Delay      (SCD):    5.128ns
    Clock Pessimism Removal (CPR):    0.260ns
  Clock Uncertainty:      0.035ns  ((TSJ^2 + TIJ^2)^1/2 + DJ) / 2 + PE
    Total System Jitter     (TSJ):    0.071ns
    Total Input Jitter      (TIJ):    0.000ns
    Discrete Jitter          (DJ):    0.000ns
    Phase Error              (PE):    0.000ns

    Location             Delay type                Incr(ns)  Path(ns)    Netlist Resource(s)
  -------------------------------------------------------------------    -------------------
                         (clock sys_clk_pin rise edge)
                                                      0.000     0.000 r  <hidden>
                         propagated clock network latency
                                                      5.128     5.128    <hidden>
    RAMB18_X0Y4          RAMB18E1                     0.000     5.128 r  cpu_inst/data_mem_inst/mem_reg/CLKARDCLK
    RAMB18_X0Y4          RAMB18E1 (Prop_ramb18e1_CLKARDCLK_DOADO[4])
                                                      2.454     7.582 r  cpu_inst/data_mem_inst/mem_reg/DOADO[4]
                         net (fo=2, routed)           0.790     8.372    cpu_inst/data_mem_inst/mem_reg_n_11
    SLICE_X9Y7           LUT3 (Prop_lut3_I0_O)        0.124     8.496 r  cpu_inst/data_mem_inst/regs[1][4]_i_1/O
                         net (fo=35, routed)          0.691     9.187    cpu_inst/data_mem_inst/wb_write_data[4]
    SLICE_X8Y7           LUT5 (Prop_lut5_I4_O)        0.124     9.311 r  cpu_inst/data_mem_inst/ex_mem_reg[store_data][4]_i_1/O
                         net (fo=4, routed)           0.972    10.283    cpu_inst/data_mem_inst/ex_store_data[4]
    SLICE_X9Y10          LUT6 (Prop_lut6_I5_O)        0.124    10.407 r  cpu_inst/data_mem_inst/i__carry_i_3/O
                         net (fo=1, routed)           0.000    10.407    cpu_inst/data_mem_inst_n_259
    SLICE_X9Y10          CARRY4 (Prop_carry4_S[1]_CO[3])
                                                      0.550    10.957 r  cpu_inst/ex_branch_taken0_inferred__0/i__carry/CO[3]
                         net (fo=1, routed)           0.000    10.957    cpu_inst/ex_branch_taken0_inferred__0/i__carry_n_0
    SLICE_X9Y11          CARRY4 (Prop_carry4_CI_CO[3])
                                                      0.114    11.071 r  cpu_inst/ex_branch_taken0_inferred__0/i__carry__0/CO[3]
                         net (fo=1, routed)           0.000    11.071    cpu_inst/ex_branch_taken0_inferred__0/i__carry__0_n_0
    SLICE_X9Y12          CARRY4 (Prop_carry4_CI_CO[2])
                                                      0.228    11.299 r  cpu_inst/ex_branch_taken0_inferred__0/i__carry__1/CO[2]
                         net (fo=16, routed)          0.642    11.941    cpu_inst/data_mem_inst/CO[0]
    SLICE_X9Y13          LUT4 (Prop_lut4_I1_O)        0.313    12.254 f  cpu_inst/data_mem_inst/led_OBUF[12]_inst_i_3/O
                         net (fo=35, routed)          0.547    12.801    cpu_inst/data_mem_inst/led_OBUF[12]_inst_i_3_n_0
    SLICE_X11Y13         LUT6 (Prop_lut6_I2_O)        0.124    12.925 r  cpu_inst/data_mem_inst/led_OBUF[12]_inst_i_1/O
                         net (fo=40, routed)          0.512    13.437    cpu_inst/data_mem_inst/redirect_pending_valid_reg_0[0]
    SLICE_X10Y13         LUT4 (Prop_lut4_I2_O)        0.124    13.561 r  cpu_inst/data_mem_inst/fetch_buffer_instruction[31]_i_1/O
                         net (fo=32, routed)          0.875    14.436    cpu_inst/if_id_reg
    SLICE_X4Y14          FDRE                                         r  cpu_inst/fetch_buffer_instruction_reg[13]/R
  -------------------------------------------------------------------    -------------------

                         (clock sys_clk_pin rise edge)
                                                     10.000    10.000 r  <hidden>
                         propagated clock network latency
                                                      4.853    14.853    <hidden>
                         clock pessimism              0.260    15.113    <hidden>
                         clock uncertainty           -0.035    15.078    <hidden>
    SLICE_X4Y14          FDRE (Setup_fdre_C_R)       -0.429    14.649    cpu_inst/fetch_buffer_instruction_reg[13]
  -------------------------------------------------------------------
                         required time                         14.649    <hidden>
                         arrival time                         -14.436    <hidden>
  -------------------------------------------------------------------
                         slack                                  0.213    <hidden>

Slack (MET) :             0.213ns  (required time - arrival time)
  Source:                 cpu_inst/data_mem_inst/mem_reg/CLKARDCLK
                            (rising edge-triggered cell RAMB18E1 clocked by sys_clk_pin  {rise@0.000ns fall@5.000ns period=10.000ns})
  Destination:            cpu_inst/fetch_buffer_instruction_reg[18]/R
                            (rising edge-triggered cell FDRE clocked by sys_clk_pin  {rise@0.000ns fall@5.000ns period=10.000ns})
  Path Group:             sys_clk_pin
  Path Type:              Setup (Max at Slow Process Corner)
  Requirement:            10.000ns  (sys_clk_pin rise@10.000ns - sys_clk_pin rise@0.000ns)
  Data Path Delay:        9.309ns  (logic 4.279ns (45.968%)  route 5.030ns (54.032%))
  Logic Levels:           9  (CARRY4=3 LUT3=1 LUT4=2 LUT5=1 LUT6=2)
  Clock Path Skew:        -0.014ns (DCD - SCD + CPR)
    Destination Clock Delay (DCD):    4.853ns = ( 14.853 - 10.000 ) 
    Source Clock Delay      (SCD):    5.128ns
    Clock Pessimism Removal (CPR):    0.260ns
  Clock Uncertainty:      0.035ns  ((TSJ^2 + TIJ^2)^1/2 + DJ) / 2 + PE
    Total System Jitter     (TSJ):    0.071ns
    Total Input Jitter      (TIJ):    0.000ns
    Discrete Jitter          (DJ):    0.000ns
    Phase Error              (PE):    0.000ns

    Location             Delay type                Incr(ns)  Path(ns)    Netlist Resource(s)
  -------------------------------------------------------------------    -------------------
                         (clock sys_clk_pin rise edge)
                                                      0.000     0.000 r  <hidden>
                         propagated clock network latency
                                                      5.128     5.128    <hidden>
    RAMB18_X0Y4          RAMB18E1                     0.000     5.128 r  cpu_inst/data_mem_inst/mem_reg/CLKARDCLK
    RAMB18_X0Y4          RAMB18E1 (Prop_ramb18e1_CLKARDCLK_DOADO[4])
                                                      2.454     7.582 r  cpu_inst/data_mem_inst/mem_reg/DOADO[4]
                         net (fo=2, routed)           0.790     8.372    cpu_inst/data_mem_inst/mem_reg_n_11
    SLICE_X9Y7           LUT3 (Prop_lut3_I0_O)        0.124     8.496 r  cpu_inst/data_mem_inst/regs[1][4]_i_1/O
                         net (fo=35, routed)          0.691     9.187    cpu_inst/data_mem_inst/wb_write_data[4]
    SLICE_X8Y7           LUT5 (Prop_lut5_I4_O)        0.124     9.311 r  cpu_inst/data_mem_inst/ex_mem_reg[store_data][4]_i_1/O
                         net (fo=4, routed)           0.972    10.283    cpu_inst/data_mem_inst/ex_store_data[4]
    SLICE_X9Y10          LUT6 (Prop_lut6_I5_O)        0.124    10.407 r  cpu_inst/data_mem_inst/i__carry_i_3/O
                         net (fo=1, routed)           0.000    10.407    cpu_inst/data_mem_inst_n_259
    SLICE_X9Y10          CARRY4 (Prop_carry4_S[1]_CO[3])
                                                      0.550    10.957 r  cpu_inst/ex_branch_taken0_inferred__0/i__carry/CO[3]
                         net (fo=1, routed)           0.000    10.957    cpu_inst/ex_branch_taken0_inferred__0/i__carry_n_0
    SLICE_X9Y11          CARRY4 (Prop_carry4_CI_CO[3])
                                                      0.114    11.071 r  cpu_inst/ex_branch_taken0_inferred__0/i__carry__0/CO[3]
                         net (fo=1, routed)           0.000    11.071    cpu_inst/ex_branch_taken0_inferred__0/i__carry__0_n_0
    SLICE_X9Y12          CARRY4 (Prop_carry4_CI_CO[2])
                                                      0.228    11.299 r  cpu_inst/ex_branch_taken0_inferred__0/i__carry__1/CO[2]
                         net (fo=16, routed)          0.642    11.941    cpu_inst/data_mem_inst/CO[0]
    SLICE_X9Y13          LUT4 (Prop_lut4_I1_O)        0.313    12.254 f  cpu_inst/data_mem_inst/led_OBUF[12]_inst_i_3/O
                         net (fo=35, routed)          0.547    12.801    cpu_inst/data_mem_inst/led_OBUF[12]_inst_i_3_n_0
    SLICE_X11Y13         LUT6 (Prop_lut6_I2_O)        0.124    12.925 r  cpu_inst/data_mem_inst/led_OBUF[12]_inst_i_1/O
                         net (fo=40, routed)          0.512    13.437    cpu_inst/data_mem_inst/redirect_pending_valid_reg_0[0]
    SLICE_X10Y13         LUT4 (Prop_lut4_I2_O)        0.124    13.561 r  cpu_inst/data_mem_inst/fetch_buffer_instruction[31]_i_1/O
                         net (fo=32, routed)          0.875    14.436    cpu_inst/if_id_reg
    SLICE_X4Y14          FDRE                                         r  cpu_inst/fetch_buffer_instruction_reg[18]/R
  -------------------------------------------------------------------    -------------------

                         (clock sys_clk_pin rise edge)
                                                     10.000    10.000 r  <hidden>
                         propagated clock network latency
                                                      4.853    14.853    <hidden>
                         clock pessimism              0.260    15.113    <hidden>
                         clock uncertainty           -0.035    15.078    <hidden>
    SLICE_X4Y14          FDRE (Setup_fdre_C_R)       -0.429    14.649    cpu_inst/fetch_buffer_instruction_reg[18]
  -------------------------------------------------------------------
                         required time                         14.649    <hidden>
                         arrival time                         -14.436    <hidden>
  -------------------------------------------------------------------
                         slack                                  0.213    <hidden>

Slack (MET) :             0.213ns  (required time - arrival time)
  Source:                 cpu_inst/data_mem_inst/mem_reg/CLKARDCLK
                            (rising edge-triggered cell RAMB18E1 clocked by sys_clk_pin  {rise@0.000ns fall@5.000ns period=10.000ns})
  Destination:            cpu_inst/fetch_buffer_instruction_reg[19]/R
                            (rising edge-triggered cell FDRE clocked by sys_clk_pin  {rise@0.000ns fall@5.000ns period=10.000ns})
  Path Group:             sys_clk_pin
  Path Type:              Setup (Max at Slow Process Corner)
  Requirement:            10.000ns  (sys_clk_pin rise@10.000ns - sys_clk_pin rise@0.000ns)
  Data Path Delay:        9.309ns  (logic 4.279ns (45.968%)  route 5.030ns (54.032%))
  Logic Levels:           9  (CARRY4=3 LUT3=1 LUT4=2 LUT5=1 LUT6=2)
  Clock Path Skew:        -0.014ns (DCD - SCD + CPR)
    Destination Clock Delay (DCD):    4.853ns = ( 14.853 - 10.000 ) 
    Source Clock Delay      (SCD):    5.128ns
    Clock Pessimism Removal (CPR):    0.260ns
  Clock Uncertainty:      0.035ns  ((TSJ^2 + TIJ^2)^1/2 + DJ) / 2 + PE
    Total System Jitter     (TSJ):    0.071ns
    Total Input Jitter      (TIJ):    0.000ns
    Discrete Jitter          (DJ):    0.000ns
    Phase Error              (PE):    0.000ns

    Location             Delay type                Incr(ns)  Path(ns)    Netlist Resource(s)
  -------------------------------------------------------------------    -------------------
                         (clock sys_clk_pin rise edge)
                                                      0.000     0.000 r  <hidden>
                         propagated clock network latency
                                                      5.128     5.128    <hidden>
    RAMB18_X0Y4          RAMB18E1                     0.000     5.128 r  cpu_inst/data_mem_inst/mem_reg/CLKARDCLK
    RAMB18_X0Y4          RAMB18E1 (Prop_ramb18e1_CLKARDCLK_DOADO[4])
                                                      2.454     7.582 r  cpu_inst/data_mem_inst/mem_reg/DOADO[4]
                         net (fo=2, routed)           0.790     8.372    cpu_inst/data_mem_inst/mem_reg_n_11
    SLICE_X9Y7           LUT3 (Prop_lut3_I0_O)        0.124     8.496 r  cpu_inst/data_mem_inst/regs[1][4]_i_1/O
                         net (fo=35, routed)          0.691     9.187    cpu_inst/data_mem_inst/wb_write_data[4]
    SLICE_X8Y7           LUT5 (Prop_lut5_I4_O)        0.124     9.311 r  cpu_inst/data_mem_inst/ex_mem_reg[store_data][4]_i_1/O
                         net (fo=4, routed)           0.972    10.283    cpu_inst/data_mem_inst/ex_store_data[4]
    SLICE_X9Y10          LUT6 (Prop_lut6_I5_O)        0.124    10.407 r  cpu_inst/data_mem_inst/i__carry_i_3/O
                         net (fo=1, routed)           0.000    10.407    cpu_inst/data_mem_inst_n_259
    SLICE_X9Y10          CARRY4 (Prop_carry4_S[1]_CO[3])
                                                      0.550    10.957 r  cpu_inst/ex_branch_taken0_inferred__0/i__carry/CO[3]
                         net (fo=1, routed)           0.000    10.957    cpu_inst/ex_branch_taken0_inferred__0/i__carry_n_0
    SLICE_X9Y11          CARRY4 (Prop_carry4_CI_CO[3])
                                                      0.114    11.071 r  cpu_inst/ex_branch_taken0_inferred__0/i__carry__0/CO[3]
                         net (fo=1, routed)           0.000    11.071    cpu_inst/ex_branch_taken0_inferred__0/i__carry__0_n_0
    SLICE_X9Y12          CARRY4 (Prop_carry4_CI_CO[2])
                                                      0.228    11.299 r  cpu_inst/ex_branch_taken0_inferred__0/i__carry__1/CO[2]
                         net (fo=16, routed)          0.642    11.941    cpu_inst/data_mem_inst/CO[0]
    SLICE_X9Y13          LUT4 (Prop_lut4_I1_O)        0.313    12.254 f  cpu_inst/data_mem_inst/led_OBUF[12]_inst_i_3/O
                         net (fo=35, routed)          0.547    12.801    cpu_inst/data_mem_inst/led_OBUF[12]_inst_i_3_n_0
    SLICE_X11Y13         LUT6 (Prop_lut6_I2_O)        0.124    12.925 r  cpu_inst/data_mem_inst/led_OBUF[12]_inst_i_1/O
                         net (fo=40, routed)          0.512    13.437    cpu_inst/data_mem_inst/redirect_pending_valid_reg_0[0]
    SLICE_X10Y13         LUT4 (Prop_lut4_I2_O)        0.124    13.561 r  cpu_inst/data_mem_inst/fetch_buffer_instruction[31]_i_1/O
                         net (fo=32, routed)          0.875    14.436    cpu_inst/if_id_reg
    SLICE_X4Y14          FDRE                                         r  cpu_inst/fetch_buffer_instruction_reg[19]/R
  -------------------------------------------------------------------    -------------------

                         (clock sys_clk_pin rise edge)
                                                     10.000    10.000 r  <hidden>
                         propagated clock network latency
                                                      4.853    14.853    <hidden>
                         clock pessimism              0.260    15.113    <hidden>
                         clock uncertainty           -0.035    15.078    <hidden>
    SLICE_X4Y14          FDRE (Setup_fdre_C_R)       -0.429    14.649    cpu_inst/fetch_buffer_instruction_reg[19]
  -------------------------------------------------------------------
                         required time                         14.649    <hidden>
                         arrival time                         -14.436    <hidden>
  -------------------------------------------------------------------
                         slack                                  0.213    <hidden>

Slack (MET) :             0.213ns  (required time - arrival time)
  Source:                 cpu_inst/data_mem_inst/mem_reg/CLKARDCLK
                            (rising edge-triggered cell RAMB18E1 clocked by sys_clk_pin  {rise@0.000ns fall@5.000ns period=10.000ns})
  Destination:            cpu_inst/fetch_buffer_instruction_reg[22]/R
                            (rising edge-triggered cell FDRE clocked by sys_clk_pin  {rise@0.000ns fall@5.000ns period=10.000ns})
  Path Group:             sys_clk_pin
  Path Type:              Setup (Max at Slow Process Corner)
  Requirement:            10.000ns  (sys_clk_pin rise@10.000ns - sys_clk_pin rise@0.000ns)
  Data Path Delay:        9.309ns  (logic 4.279ns (45.968%)  route 5.030ns (54.032%))
  Logic Levels:           9  (CARRY4=3 LUT3=1 LUT4=2 LUT5=1 LUT6=2)
  Clock Path Skew:        -0.014ns (DCD - SCD + CPR)
    Destination Clock Delay (DCD):    4.853ns = ( 14.853 - 10.000 ) 
    Source Clock Delay      (SCD):    5.128ns
    Clock Pessimism Removal (CPR):    0.260ns
  Clock Uncertainty:      0.035ns  ((TSJ^2 + TIJ^2)^1/2 + DJ) / 2 + PE
    Total System Jitter     (TSJ):    0.071ns
    Total Input Jitter      (TIJ):    0.000ns
    Discrete Jitter          (DJ):    0.000ns
    Phase Error              (PE):    0.000ns

    Location             Delay type                Incr(ns)  Path(ns)    Netlist Resource(s)
  -------------------------------------------------------------------    -------------------
                         (clock sys_clk_pin rise edge)
                                                      0.000     0.000 r  <hidden>
                         propagated clock network latency
                                                      5.128     5.128    <hidden>
    RAMB18_X0Y4          RAMB18E1                     0.000     5.128 r  cpu_inst/data_mem_inst/mem_reg/CLKARDCLK
    RAMB18_X0Y4          RAMB18E1 (Prop_ramb18e1_CLKARDCLK_DOADO[4])
                                                      2.454     7.582 r  cpu_inst/data_mem_inst/mem_reg/DOADO[4]
                         net (fo=2, routed)           0.790     8.372    cpu_inst/data_mem_inst/mem_reg_n_11
    SLICE_X9Y7           LUT3 (Prop_lut3_I0_O)        0.124     8.496 r  cpu_inst/data_mem_inst/regs[1][4]_i_1/O
                         net (fo=35, routed)          0.691     9.187    cpu_inst/data_mem_inst/wb_write_data[4]
    SLICE_X8Y7           LUT5 (Prop_lut5_I4_O)        0.124     9.311 r  cpu_inst/data_mem_inst/ex_mem_reg[store_data][4]_i_1/O
                         net (fo=4, routed)           0.972    10.283    cpu_inst/data_mem_inst/ex_store_data[4]
    SLICE_X9Y10          LUT6 (Prop_lut6_I5_O)        0.124    10.407 r  cpu_inst/data_mem_inst/i__carry_i_3/O
                         net (fo=1, routed)           0.000    10.407    cpu_inst/data_mem_inst_n_259
    SLICE_X9Y10          CARRY4 (Prop_carry4_S[1]_CO[3])
                                                      0.550    10.957 r  cpu_inst/ex_branch_taken0_inferred__0/i__carry/CO[3]
                         net (fo=1, routed)           0.000    10.957    cpu_inst/ex_branch_taken0_inferred__0/i__carry_n_0
    SLICE_X9Y11          CARRY4 (Prop_carry4_CI_CO[3])
                                                      0.114    11.071 r  cpu_inst/ex_branch_taken0_inferred__0/i__carry__0/CO[3]
                         net (fo=1, routed)           0.000    11.071    cpu_inst/ex_branch_taken0_inferred__0/i__carry__0_n_0
    SLICE_X9Y12          CARRY4 (Prop_carry4_CI_CO[2])
                                                      0.228    11.299 r  cpu_inst/ex_branch_taken0_inferred__0/i__carry__1/CO[2]
                         net (fo=16, routed)          0.642    11.941    cpu_inst/data_mem_inst/CO[0]
    SLICE_X9Y13          LUT4 (Prop_lut4_I1_O)        0.313    12.254 f  cpu_inst/data_mem_inst/led_OBUF[12]_inst_i_3/O
                         net (fo=35, routed)          0.547    12.801    cpu_inst/data_mem_inst/led_OBUF[12]_inst_i_3_n_0
    SLICE_X11Y13         LUT6 (Prop_lut6_I2_O)        0.124    12.925 r  cpu_inst/data_mem_inst/led_OBUF[12]_inst_i_1/O
                         net (fo=40, routed)          0.512    13.437    cpu_inst/data_mem_inst/redirect_pending_valid_reg_0[0]
    SLICE_X10Y13         LUT4 (Prop_lut4_I2_O)        0.124    13.561 r  cpu_inst/data_mem_inst/fetch_buffer_instruction[31]_i_1/O
                         net (fo=32, routed)          0.875    14.436    cpu_inst/if_id_reg
    SLICE_X4Y14          FDRE                                         r  cpu_inst/fetch_buffer_instruction_reg[22]/R
  -------------------------------------------------------------------    -------------------

                         (clock sys_clk_pin rise edge)
                                                     10.000    10.000 r  <hidden>
                         propagated clock network latency
                                                      4.853    14.853    <hidden>
                         clock pessimism              0.260    15.113    <hidden>
                         clock uncertainty           -0.035    15.078    <hidden>
    SLICE_X4Y14          FDRE (Setup_fdre_C_R)       -0.429    14.649    cpu_inst/fetch_buffer_instruction_reg[22]
  -------------------------------------------------------------------
                         required time                         14.649    <hidden>
                         arrival time                         -14.436    <hidden>
  -------------------------------------------------------------------
                         slack                                  0.213    <hidden>

Slack (MET) :             0.213ns  (required time - arrival time)
  Source:                 cpu_inst/data_mem_inst/mem_reg/CLKARDCLK
                            (rising edge-triggered cell RAMB18E1 clocked by sys_clk_pin  {rise@0.000ns fall@5.000ns period=10.000ns})
  Destination:            cpu_inst/fetch_buffer_instruction_reg[23]/R
                            (rising edge-triggered cell FDRE clocked by sys_clk_pin  {rise@0.000ns fall@5.000ns period=10.000ns})
  Path Group:             sys_clk_pin
  Path Type:              Setup (Max at Slow Process Corner)
  Requirement:            10.000ns  (sys_clk_pin rise@10.000ns - sys_clk_pin rise@0.000ns)
  Data Path Delay:        9.309ns  (logic 4.279ns (45.968%)  route 5.030ns (54.032%))
  Logic Levels:           9  (CARRY4=3 LUT3=1 LUT4=2 LUT5=1 LUT6=2)
  Clock Path Skew:        -0.014ns (DCD - SCD + CPR)
    Destination Clock Delay (DCD):    4.853ns = ( 14.853 - 10.000 ) 
    Source Clock Delay      (SCD):    5.128ns
    Clock Pessimism Removal (CPR):    0.260ns
  Clock Uncertainty:      0.035ns  ((TSJ^2 + TIJ^2)^1/2 + DJ) / 2 + PE
    Total System Jitter     (TSJ):    0.071ns
    Total Input Jitter      (TIJ):    0.000ns
    Discrete Jitter          (DJ):    0.000ns
    Phase Error              (PE):    0.000ns

    Location             Delay type                Incr(ns)  Path(ns)    Netlist Resource(s)
  -------------------------------------------------------------------    -------------------
                         (clock sys_clk_pin rise edge)
                                                      0.000     0.000 r  <hidden>
                         propagated clock network latency
                                                      5.128     5.128    <hidden>
    RAMB18_X0Y4          RAMB18E1                     0.000     5.128 r  cpu_inst/data_mem_inst/mem_reg/CLKARDCLK
    RAMB18_X0Y4          RAMB18E1 (Prop_ramb18e1_CLKARDCLK_DOADO[4])
                                                      2.454     7.582 r  cpu_inst/data_mem_inst/mem_reg/DOADO[4]
                         net (fo=2, routed)           0.790     8.372    cpu_inst/data_mem_inst/mem_reg_n_11
    SLICE_X9Y7           LUT3 (Prop_lut3_I0_O)        0.124     8.496 r  cpu_inst/data_mem_inst/regs[1][4]_i_1/O
                         net (fo=35, routed)          0.691     9.187    cpu_inst/data_mem_inst/wb_write_data[4]
    SLICE_X8Y7           LUT5 (Prop_lut5_I4_O)        0.124     9.311 r  cpu_inst/data_mem_inst/ex_mem_reg[store_data][4]_i_1/O
                         net (fo=4, routed)           0.972    10.283    cpu_inst/data_mem_inst/ex_store_data[4]
    SLICE_X9Y10          LUT6 (Prop_lut6_I5_O)        0.124    10.407 r  cpu_inst/data_mem_inst/i__carry_i_3/O
                         net (fo=1, routed)           0.000    10.407    cpu_inst/data_mem_inst_n_259
    SLICE_X9Y10          CARRY4 (Prop_carry4_S[1]_CO[3])
                                                      0.550    10.957 r  cpu_inst/ex_branch_taken0_inferred__0/i__carry/CO[3]
                         net (fo=1, routed)           0.000    10.957    cpu_inst/ex_branch_taken0_inferred__0/i__carry_n_0
    SLICE_X9Y11          CARRY4 (Prop_carry4_CI_CO[3])
                                                      0.114    11.071 r  cpu_inst/ex_branch_taken0_inferred__0/i__carry__0/CO[3]
                         net (fo=1, routed)           0.000    11.071    cpu_inst/ex_branch_taken0_inferred__0/i__carry__0_n_0
    SLICE_X9Y12          CARRY4 (Prop_carry4_CI_CO[2])
                                                      0.228    11.299 r  cpu_inst/ex_branch_taken0_inferred__0/i__carry__1/CO[2]
                         net (fo=16, routed)          0.642    11.941    cpu_inst/data_mem_inst/CO[0]
    SLICE_X9Y13          LUT4 (Prop_lut4_I1_O)        0.313    12.254 f  cpu_inst/data_mem_inst/led_OBUF[12]_inst_i_3/O
                         net (fo=35, routed)          0.547    12.801    cpu_inst/data_mem_inst/led_OBUF[12]_inst_i_3_n_0
    SLICE_X11Y13         LUT6 (Prop_lut6_I2_O)        0.124    12.925 r  cpu_inst/data_mem_inst/led_OBUF[12]_inst_i_1/O
                         net (fo=40, routed)          0.512    13.437    cpu_inst/data_mem_inst/redirect_pending_valid_reg_0[0]
    SLICE_X10Y13         LUT4 (Prop_lut4_I2_O)        0.124    13.561 r  cpu_inst/data_mem_inst/fetch_buffer_instruction[31]_i_1/O
                         net (fo=32, routed)          0.875    14.436    cpu_inst/if_id_reg
    SLICE_X4Y14          FDRE                                         r  cpu_inst/fetch_buffer_instruction_reg[23]/R
  -------------------------------------------------------------------    -------------------

                         (clock sys_clk_pin rise edge)
                                                     10.000    10.000 r  <hidden>
                         propagated clock network latency
                                                      4.853    14.853    <hidden>
                         clock pessimism              0.260    15.113    <hidden>
                         clock uncertainty           -0.035    15.078    <hidden>
    SLICE_X4Y14          FDRE (Setup_fdre_C_R)       -0.429    14.649    cpu_inst/fetch_buffer_instruction_reg[23]
  -------------------------------------------------------------------
                         required time                         14.649    <hidden>
                         arrival time                         -14.436    <hidden>
  -------------------------------------------------------------------
                         slack                                  0.213    <hidden>

Slack (MET) :             0.213ns  (required time - arrival time)
  Source:                 cpu_inst/data_mem_inst/mem_reg/CLKARDCLK
                            (rising edge-triggered cell RAMB18E1 clocked by sys_clk_pin  {rise@0.000ns fall@5.000ns period=10.000ns})
  Destination:            cpu_inst/fetch_buffer_instruction_reg[26]/R
                            (rising edge-triggered cell FDRE clocked by sys_clk_pin  {rise@0.000ns fall@5.000ns period=10.000ns})
  Path Group:             sys_clk_pin
  Path Type:              Setup (Max at Slow Process Corner)
  Requirement:            10.000ns  (sys_clk_pin rise@10.000ns - sys_clk_pin rise@0.000ns)
  Data Path Delay:        9.309ns  (logic 4.279ns (45.968%)  route 5.030ns (54.032%))
  Logic Levels:           9  (CARRY4=3 LUT3=1 LUT4=2 LUT5=1 LUT6=2)
  Clock Path Skew:        -0.014ns (DCD - SCD + CPR)
    Destination Clock Delay (DCD):    4.853ns = ( 14.853 - 10.000 ) 
    Source Clock Delay      (SCD):    5.128ns
    Clock Pessimism Removal (CPR):    0.260ns
  Clock Uncertainty:      0.035ns  ((TSJ^2 + TIJ^2)^1/2 + DJ) / 2 + PE
    Total System Jitter     (TSJ):    0.071ns
    Total Input Jitter      (TIJ):    0.000ns
    Discrete Jitter          (DJ):    0.000ns
    Phase Error              (PE):    0.000ns

    Location             Delay type                Incr(ns)  Path(ns)    Netlist Resource(s)
  -------------------------------------------------------------------    -------------------
                         (clock sys_clk_pin rise edge)
                                                      0.000     0.000 r  <hidden>
                         propagated clock network latency
                                                      5.128     5.128    <hidden>
    RAMB18_X0Y4          RAMB18E1                     0.000     5.128 r  cpu_inst/data_mem_inst/mem_reg/CLKARDCLK
    RAMB18_X0Y4          RAMB18E1 (Prop_ramb18e1_CLKARDCLK_DOADO[4])
                                                      2.454     7.582 r  cpu_inst/data_mem_inst/mem_reg/DOADO[4]
                         net (fo=2, routed)           0.790     8.372    cpu_inst/data_mem_inst/mem_reg_n_11
    SLICE_X9Y7           LUT3 (Prop_lut3_I0_O)        0.124     8.496 r  cpu_inst/data_mem_inst/regs[1][4]_i_1/O
                         net (fo=35, routed)          0.691     9.187    cpu_inst/data_mem_inst/wb_write_data[4]
    SLICE_X8Y7           LUT5 (Prop_lut5_I4_O)        0.124     9.311 r  cpu_inst/data_mem_inst/ex_mem_reg[store_data][4]_i_1/O
                         net (fo=4, routed)           0.972    10.283    cpu_inst/data_mem_inst/ex_store_data[4]
    SLICE_X9Y10          LUT6 (Prop_lut6_I5_O)        0.124    10.407 r  cpu_inst/data_mem_inst/i__carry_i_3/O
                         net (fo=1, routed)           0.000    10.407    cpu_inst/data_mem_inst_n_259
    SLICE_X9Y10          CARRY4 (Prop_carry4_S[1]_CO[3])
                                                      0.550    10.957 r  cpu_inst/ex_branch_taken0_inferred__0/i__carry/CO[3]
                         net (fo=1, routed)           0.000    10.957    cpu_inst/ex_branch_taken0_inferred__0/i__carry_n_0
    SLICE_X9Y11          CARRY4 (Prop_carry4_CI_CO[3])
                                                      0.114    11.071 r  cpu_inst/ex_branch_taken0_inferred__0/i__carry__0/CO[3]
                         net (fo=1, routed)           0.000    11.071    cpu_inst/ex_branch_taken0_inferred__0/i__carry__0_n_0
    SLICE_X9Y12          CARRY4 (Prop_carry4_CI_CO[2])
                                                      0.228    11.299 r  cpu_inst/ex_branch_taken0_inferred__0/i__carry__1/CO[2]
                         net (fo=16, routed)          0.642    11.941    cpu_inst/data_mem_inst/CO[0]
    SLICE_X9Y13          LUT4 (Prop_lut4_I1_O)        0.313    12.254 f  cpu_inst/data_mem_inst/led_OBUF[12]_inst_i_3/O
                         net (fo=35, routed)          0.547    12.801    cpu_inst/data_mem_inst/led_OBUF[12]_inst_i_3_n_0
    SLICE_X11Y13         LUT6 (Prop_lut6_I2_O)        0.124    12.925 r  cpu_inst/data_mem_inst/led_OBUF[12]_inst_i_1/O
                         net (fo=40, routed)          0.512    13.437    cpu_inst/data_mem_inst/redirect_pending_valid_reg_0[0]
    SLICE_X10Y13         LUT4 (Prop_lut4_I2_O)        0.124    13.561 r  cpu_inst/data_mem_inst/fetch_buffer_instruction[31]_i_1/O
                         net (fo=32, routed)          0.875    14.436    cpu_inst/if_id_reg
    SLICE_X4Y14          FDRE                                         r  cpu_inst/fetch_buffer_instruction_reg[26]/R
  -------------------------------------------------------------------    -------------------

                         (clock sys_clk_pin rise edge)
                                                     10.000    10.000 r  <hidden>
                         propagated clock network latency
                                                      4.853    14.853    <hidden>
                         clock pessimism              0.260    15.113    <hidden>
                         clock uncertainty           -0.035    15.078    <hidden>
    SLICE_X4Y14          FDRE (Setup_fdre_C_R)       -0.429    14.649    cpu_inst/fetch_buffer_instruction_reg[26]
  -------------------------------------------------------------------
                         required time                         14.649    <hidden>
                         arrival time                         -14.436    <hidden>
  -------------------------------------------------------------------
                         slack                                  0.213    <hidden>

Slack (MET) :             0.213ns  (required time - arrival time)
  Source:                 cpu_inst/data_mem_inst/mem_reg/CLKARDCLK
                            (rising edge-triggered cell RAMB18E1 clocked by sys_clk_pin  {rise@0.000ns fall@5.000ns period=10.000ns})
  Destination:            cpu_inst/fetch_buffer_instruction_reg[27]/R
                            (rising edge-triggered cell FDRE clocked by sys_clk_pin  {rise@0.000ns fall@5.000ns period=10.000ns})
  Path Group:             sys_clk_pin
  Path Type:              Setup (Max at Slow Process Corner)
  Requirement:            10.000ns  (sys_clk_pin rise@10.000ns - sys_clk_pin rise@0.000ns)
  Data Path Delay:        9.309ns  (logic 4.279ns (45.968%)  route 5.030ns (54.032%))
  Logic Levels:           9  (CARRY4=3 LUT3=1 LUT4=2 LUT5=1 LUT6=2)
  Clock Path Skew:        -0.014ns (DCD - SCD + CPR)
    Destination Clock Delay (DCD):    4.853ns = ( 14.853 - 10.000 ) 
    Source Clock Delay      (SCD):    5.128ns
    Clock Pessimism Removal (CPR):    0.260ns
  Clock Uncertainty:      0.035ns  ((TSJ^2 + TIJ^2)^1/2 + DJ) / 2 + PE
    Total System Jitter     (TSJ):    0.071ns
    Total Input Jitter      (TIJ):    0.000ns
    Discrete Jitter          (DJ):    0.000ns
    Phase Error              (PE):    0.000ns

    Location             Delay type                Incr(ns)  Path(ns)    Netlist Resource(s)
  -------------------------------------------------------------------    -------------------
                         (clock sys_clk_pin rise edge)
                                                      0.000     0.000 r  <hidden>
                         propagated clock network latency
                                                      5.128     5.128    <hidden>
    RAMB18_X0Y4          RAMB18E1                     0.000     5.128 r  cpu_inst/data_mem_inst/mem_reg/CLKARDCLK
    RAMB18_X0Y4          RAMB18E1 (Prop_ramb18e1_CLKARDCLK_DOADO[4])
                                                      2.454     7.582 r  cpu_inst/data_mem_inst/mem_reg/DOADO[4]
                         net (fo=2, routed)           0.790     8.372    cpu_inst/data_mem_inst/mem_reg_n_11
    SLICE_X9Y7           LUT3 (Prop_lut3_I0_O)        0.124     8.496 r  cpu_inst/data_mem_inst/regs[1][4]_i_1/O
                         net (fo=35, routed)          0.691     9.187    cpu_inst/data_mem_inst/wb_write_data[4]
    SLICE_X8Y7           LUT5 (Prop_lut5_I4_O)        0.124     9.311 r  cpu_inst/data_mem_inst/ex_mem_reg[store_data][4]_i_1/O
                         net (fo=4, routed)           0.972    10.283    cpu_inst/data_mem_inst/ex_store_data[4]
    SLICE_X9Y10          LUT6 (Prop_lut6_I5_O)        0.124    10.407 r  cpu_inst/data_mem_inst/i__carry_i_3/O
                         net (fo=1, routed)           0.000    10.407    cpu_inst/data_mem_inst_n_259
    SLICE_X9Y10          CARRY4 (Prop_carry4_S[1]_CO[3])
                                                      0.550    10.957 r  cpu_inst/ex_branch_taken0_inferred__0/i__carry/CO[3]
                         net (fo=1, routed)           0.000    10.957    cpu_inst/ex_branch_taken0_inferred__0/i__carry_n_0
    SLICE_X9Y11          CARRY4 (Prop_carry4_CI_CO[3])
                                                      0.114    11.071 r  cpu_inst/ex_branch_taken0_inferred__0/i__carry__0/CO[3]
                         net (fo=1, routed)           0.000    11.071    cpu_inst/ex_branch_taken0_inferred__0/i__carry__0_n_0
    SLICE_X9Y12          CARRY4 (Prop_carry4_CI_CO[2])
                                                      0.228    11.299 r  cpu_inst/ex_branch_taken0_inferred__0/i__carry__1/CO[2]
                         net (fo=16, routed)          0.642    11.941    cpu_inst/data_mem_inst/CO[0]
    SLICE_X9Y13          LUT4 (Prop_lut4_I1_O)        0.313    12.254 f  cpu_inst/data_mem_inst/led_OBUF[12]_inst_i_3/O
                         net (fo=35, routed)          0.547    12.801    cpu_inst/data_mem_inst/led_OBUF[12]_inst_i_3_n_0
    SLICE_X11Y13         LUT6 (Prop_lut6_I2_O)        0.124    12.925 r  cpu_inst/data_mem_inst/led_OBUF[12]_inst_i_1/O
                         net (fo=40, routed)          0.512    13.437    cpu_inst/data_mem_inst/redirect_pending_valid_reg_0[0]
    SLICE_X10Y13         LUT4 (Prop_lut4_I2_O)        0.124    13.561 r  cpu_inst/data_mem_inst/fetch_buffer_instruction[31]_i_1/O
                         net (fo=32, routed)          0.875    14.436    cpu_inst/if_id_reg
    SLICE_X4Y14          FDRE                                         r  cpu_inst/fetch_buffer_instruction_reg[27]/R
  -------------------------------------------------------------------    -------------------

                         (clock sys_clk_pin rise edge)
                                                     10.000    10.000 r  <hidden>
                         propagated clock network latency
                                                      4.853    14.853    <hidden>
                         clock pessimism              0.260    15.113    <hidden>
                         clock uncertainty           -0.035    15.078    <hidden>
    SLICE_X4Y14          FDRE (Setup_fdre_C_R)       -0.429    14.649    cpu_inst/fetch_buffer_instruction_reg[27]
  -------------------------------------------------------------------
                         required time                         14.649    <hidden>
                         arrival time                         -14.436    <hidden>
  -------------------------------------------------------------------
                         slack                                  0.213    <hidden>




