Copyright 1986-2022 Xilinx, Inc. All Rights Reserved. Copyright 2022-2026 Advanced Micro Devices, Inc. All Rights Reserved.
------------------------------------------------------------------------------------------------------------------------------------------------------
| Tool Version : Vivado v.2026.1 (win64) Build 6511674 Tue Jun 16 11:02:23 MDT 2026
| Date         : Thu Jul 16 13:54:24 2026
| Host         : DESKTOP-4GB7DVJ running 64-bit major release  (build 9200)
| Command      : report_timing_summary -file reports/phase17e_mmcm_mips_impl/timing/fpga_top_pipeline_forwardtiming_mmcm_mips_impl_timing_summary.rpt
| Design       : fpga_top_pipeline_forwardtiming_mmcm_mips
| Device       : 7a35t-cpg236
| Speed File   : -1  PRODUCTION 1.23 2018-06-13
| Design State : Physopt postRoute
------------------------------------------------------------------------------------------------------------------------------------------------------

Timing Summary Report

------------------------------------------------------------------------------------------------
| Timer Settings
| --------------
------------------------------------------------------------------------------------------------

  Enable Multi Corner Analysis               :  Yes
  Enable Pessimism Removal                   :  Yes
  Pessimism Removal Resolution               :  Nearest Common Node
  Enable Input Delay Default Clock           :  No
  Enable Preset / Clear Arcs                 :  No
  Disable Flight Delays                      :  No
  Ignore I/O Paths                           :  No
  Timing Early Launch at Borrowing Latches   :  No
  Borrow Time for Max Delay Exceptions       :  Yes
  Merge Timing Exceptions                    :  Yes
  Inter-SLR Compensation                     :  Conservative

  Corner  Analyze    Analyze    
  Name    Max Paths  Min Paths  
  ------  ---------  ---------  
  Slow    Yes        Yes        
  Fast    Yes        Yes        


------------------------------------------------------------------------------------------------
| Report Methodology
| ------------------
------------------------------------------------------------------------------------------------

No report available as report_methodology has not been run prior. Run report_methodology on the current design for the summary of methodology violations.



check_timing report

Table of Contents
-----------------
1. checking no_clock (0)
2. checking constant_clock (0)
3. checking pulse_width_clock (0)
4. checking unconstrained_internal_endpoints (0)
5. checking no_input_delay (5)
6. checking no_output_delay (26)
7. checking multiple_clock (0)
8. checking generated_clocks (0)
9. checking loops (0)
10. checking partial_input_delay (0)
11. checking partial_output_delay (0)
12. checking latch_loops (0)

1. checking no_clock (0)
------------------------
 There are 0 register/latch pins with no clock.


2. checking constant_clock (0)
------------------------------
 There are 0 register/latch pins with constant_clock.


3. checking pulse_width_clock (0)
---------------------------------
 There are 0 register/latch pins which need pulse_width check


4. checking unconstrained_internal_endpoints (0)
------------------------------------------------
 There are 0 pins that are not constrained for maximum delay.

 There are 0 pins that are not constrained for maximum delay due to constant clock.


5. checking no_input_delay (5)
------------------------------
 There are 5 input ports with no input delay specified. (HIGH)

 There are 0 input ports with no input delay but user has a false path constraint.


6. checking no_output_delay (26)
--------------------------------
 There are 26 ports with no output delay specified. (HIGH)

 There are 0 ports with no output delay but user has a false path constraint

 There are 0 ports with no output delay but with a timing clock defined on it or propagating through it


7. checking multiple_clock (0)
------------------------------
 There are 0 register/latch pins with multiple clocks.


8. checking generated_clocks (0)
--------------------------------
 There are 0 generated clocks that are not connected to a clock source.


9. checking loops (0)
---------------------
 There are 0 combinational loops in the design.


10. checking partial_input_delay (0)
------------------------------------
 There are 0 input ports with partial input delay specified.


11. checking partial_output_delay (0)
-------------------------------------
 There are 0 ports with partial output delay specified.


12. checking latch_loops (0)
----------------------------
 There are 0 combinational latch loops in the design through latch input



------------------------------------------------------------------------------------------------
| Design Timing Summary
| ---------------------
------------------------------------------------------------------------------------------------

    WNS(ns)      TNS(ns)  TNS Failing Endpoints  TNS Total Endpoints      WHS(ns)      THS(ns)  THS Failing Endpoints  THS Total Endpoints     WPWS(ns)     TPWS(ns)  TPWS Failing Endpoints  TPWS Total Endpoints  
    -------      -------  ---------------------  -------------------      -------      -------  ---------------------  -------------------     --------     --------  ----------------------  --------------------  
      0.008        0.000                      0                 6217        0.035        0.000                      0                 6217        3.000        0.000                       0                  2083  


All user specified timing constraints are met.


------------------------------------------------------------------------------------------------
| Clock Summary
| -------------
------------------------------------------------------------------------------------------------

Clock            Waveform(ns)         Period(ns)      Frequency(MHz)
-----            ------------         ----------      --------------
sys_clk_pin      {0.000 5.000}        10.000          100.000         
  clkfb          {0.000 25.000}       50.000          20.000          
  cpu_clk_unbuf  {0.000 4.348}        8.696           115.000         


------------------------------------------------------------------------------------------------
| Intra Clock Table
| -----------------
------------------------------------------------------------------------------------------------

Clock                WNS(ns)      TNS(ns)  TNS Failing Endpoints  TNS Total Endpoints      WHS(ns)      THS(ns)  THS Failing Endpoints  THS Total Endpoints     WPWS(ns)     TPWS(ns)  TPWS Failing Endpoints  TPWS Total Endpoints  
-----                -------      -------  ---------------------  -------------------      -------      -------  ---------------------  -------------------     --------     --------  ----------------------  --------------------  
sys_clk_pin                                                                                                                                                        3.000        0.000                       0                     1  
  clkfb                                                                                                                                                           47.845        0.000                       0                     3  
  cpu_clk_unbuf        0.008        0.000                      0                 6217        0.035        0.000                      0                 6217        3.848        0.000                       0                  2079  


------------------------------------------------------------------------------------------------
| Inter Clock Table
| -----------------
------------------------------------------------------------------------------------------------

From Clock    To Clock          WNS(ns)      TNS(ns)  TNS Failing Endpoints  TNS Total Endpoints      WHS(ns)      THS(ns)  THS Failing Endpoints  THS Total Endpoints  
----------    --------          -------      -------  ---------------------  -------------------      -------      -------  ---------------------  -------------------  


------------------------------------------------------------------------------------------------
| Other Path Groups Table
| -----------------------
------------------------------------------------------------------------------------------------

Path Group    From Clock    To Clock          WNS(ns)      TNS(ns)  TNS Failing Endpoints  TNS Total Endpoints      WHS(ns)      THS(ns)  THS Failing Endpoints  THS Total Endpoints  
----------    ----------    --------          -------      -------  ---------------------  -------------------      -------      -------  ---------------------  -------------------  


------------------------------------------------------------------------------------------------
| Timing Details
| --------------
------------------------------------------------------------------------------------------------


---------------------------------------------------------------------------------------------------
From Clock:  sys_clk_pin
  To Clock:  sys_clk_pin

Setup :           NA  Failing Endpoints,  Worst Slack           NA  ,  Total Violation           NA
Hold  :           NA  Failing Endpoints,  Worst Slack           NA  ,  Total Violation           NA
PW    :            0  Failing Endpoints,  Worst Slack        3.000ns,  Total Violation        0.000ns
---------------------------------------------------------------------------------------------------


Pulse Width Checks
--------------------------------------------------------------------------------------
Clock Name:         sys_clk_pin
Waveform(ns):       { 0.000 5.000 }
Period(ns):         10.000
Sources:            { clk }

Check Type        Corner  Lib Pin            Reference Pin  Required(ns)  Actual(ns)  Slack(ns)  Location         Pin
Min Period        n/a     MMCME2_ADV/CLKIN1  n/a            1.249         10.000      8.751      MMCME2_ADV_X1Y0  cpu_clk_mmcm/CLKIN1
Max Period        n/a     MMCME2_ADV/CLKIN1  n/a            100.000       10.000      90.000     MMCME2_ADV_X1Y0  cpu_clk_mmcm/CLKIN1
Low Pulse Width   Slow    MMCME2_ADV/CLKIN1  n/a            2.000         5.000       3.000      MMCME2_ADV_X1Y0  cpu_clk_mmcm/CLKIN1
High Pulse Width  Slow    MMCME2_ADV/CLKIN1  n/a            2.000         5.000       3.000      MMCME2_ADV_X1Y0  cpu_clk_mmcm/CLKIN1



---------------------------------------------------------------------------------------------------
From Clock:  clkfb
  To Clock:  clkfb

Setup :           NA  Failing Endpoints,  Worst Slack           NA  ,  Total Violation           NA
Hold  :           NA  Failing Endpoints,  Worst Slack           NA  ,  Total Violation           NA
PW    :            0  Failing Endpoints,  Worst Slack       47.845ns,  Total Violation        0.000ns
---------------------------------------------------------------------------------------------------


Pulse Width Checks
--------------------------------------------------------------------------------------
Clock Name:         clkfb
Waveform(ns):       { 0.000 25.000 }
Period(ns):         50.000
Sources:            { cpu_clk_mmcm/CLKFBOUT }

Check Type  Corner  Lib Pin             Reference Pin  Required(ns)  Actual(ns)  Slack(ns)  Location         Pin
Min Period  n/a     BUFG/I              n/a            2.155         50.000      47.845     BUFGCTRL_X0Y1    clkfb_bufg/I
Max Period  n/a     MMCME2_ADV/CLKFBIN  n/a            100.000       50.000      50.000     MMCME2_ADV_X1Y0  cpu_clk_mmcm/CLKFBIN



---------------------------------------------------------------------------------------------------
From Clock:  cpu_clk_unbuf
  To Clock:  cpu_clk_unbuf

Setup :            0  Failing Endpoints,  Worst Slack        0.008ns,  Total Violation        0.000ns
Hold  :            0  Failing Endpoints,  Worst Slack        0.035ns,  Total Violation        0.000ns
PW    :            0  Failing Endpoints,  Worst Slack        3.848ns,  Total Violation        0.000ns
---------------------------------------------------------------------------------------------------


Max Delay Paths
--------------------------------------------------------------------------------------
Slack (MET) :             0.008ns  (required time - arrival time)
  Source:                 cpu_inst/mem_wb_reg_reg[rd][2]/C
                            (rising edge-triggered cell FDRE clocked by cpu_clk_unbuf  {rise@0.000ns fall@4.348ns period=8.696ns})
  Destination:            cpu_inst/id_ex_reg_reg[operand_b][22]/R
                            (rising edge-triggered cell FDRE clocked by cpu_clk_unbuf  {rise@0.000ns fall@4.348ns period=8.696ns})
  Path Group:             cpu_clk_unbuf
  Path Type:              Setup (Max at Slow Process Corner)
  Requirement:            8.696ns  (cpu_clk_unbuf rise@8.696ns - cpu_clk_unbuf rise@0.000ns)
  Data Path Delay:        7.989ns  (logic 2.369ns (29.651%)  route 5.620ns (70.349%))
  Logic Levels:           10  (CARRY4=3 LUT2=1 LUT3=1 LUT4=1 LUT5=1 LUT6=3)
  Clock Path Skew:        -0.043ns (DCD - SCD + CPR)
    Destination Clock Delay (DCD):    -1.315ns = ( 7.381 - 8.696 ) 
    Source Clock Delay      (SCD):    -0.697ns
    Clock Pessimism Removal (CPR):    0.576ns
  Clock Uncertainty:      0.132ns  ((TSJ^2 + DJ^2)^1/2) / 2 + PE
    Total System Jitter     (TSJ):    0.071ns
    Discrete Jitter          (DJ):    0.253ns
    Phase Error              (PE):    0.000ns

    Location             Delay type                Incr(ns)  Path(ns)    Netlist Resource(s)
  -------------------------------------------------------------------    -------------------
                         (clock cpu_clk_unbuf rise edge)
                                                      0.000     0.000 r  <hidden>
    W5                                                0.000     0.000 r  clk
                         net (fo=0)                   0.000     0.000    clk
    W5                   IBUF (Prop_ibuf_I_O)         1.458     1.458 r  clk_IBUF_inst/O
                         net (fo=1, routed)           1.233     2.691    clk_IBUF
    MMCME2_ADV_X1Y0      MMCME2_ADV (Prop_mmcme2_adv_CLKIN1_CLKOUT0)
                                                     -6.961    -4.269 r  cpu_clk_mmcm/CLKOUT0
                         net (fo=1, routed)           1.661    -2.608    cpu_clk_unbuf
    BUFGCTRL_X0Y15       BUFG (Prop_bufg_I_O)         0.096    -2.512 r  cpu_clk_bufg_replica/O
                         net (fo=8, routed)           0.154    -2.358    cpu_clk_repN
    BUFGCTRL_X0Y0        BUFG (Prop_bufg_I_O)         0.096    -2.262 r  cpu_clk_bufg/O
                         net (fo=2069, routed)        1.565    -0.697    cpu_inst/cpu_clk
    SLICE_X11Y12         FDRE                                         r  cpu_inst/mem_wb_reg_reg[rd][2]/C
  -------------------------------------------------------------------    -------------------
    SLICE_X11Y12         FDRE (Prop_fdre_C_Q)         0.456    -0.241 f  cpu_inst/mem_wb_reg_reg[rd][2]/Q
                         net (fo=36, routed)          0.652     0.411    cpu_inst/mem_wb_reg_reg[rd][2]
    SLICE_X11Y11         LUT3 (Prop_lut3_I0_O)        0.124     0.535 f  cpu_inst/reg_write_seen_i_3/O
                         net (fo=1, routed)           0.149     0.684    cpu_inst/reg_write_seen_i_3_n_0
    SLICE_X11Y11         LUT5 (Prop_lut5_I0_O)        0.124     0.808 r  cpu_inst/reg_write_seen_i_2/O
                         net (fo=40, routed)          0.734     1.542    cpu_inst/reg_write_seen_i_2_n_0
    SLICE_X12Y11         LUT2 (Prop_lut2_I1_O)        0.124     1.666 f  cpu_inst/regs[1][31]_i_3/O
                         net (fo=135, routed)         0.824     2.490    cpu_inst/regs[1][31]_i_3_n_0
    SLICE_X12Y4          LUT6 (Prop_lut6_I4_O)        0.124     2.614 f  cpu_inst/ex_mem_reg[store_data][2]_i_2_comp/O
                         net (fo=1, routed)           0.476     3.090    cpu_inst/data_mem_inst/ex_mem_reg_reg[store_data][2]_1
    SLICE_X11Y4          LUT6 (Prop_lut6_I0_O)        0.124     3.214 r  cpu_inst/data_mem_inst/ex_mem_reg[store_data][2]_i_1/O
                         net (fo=6, routed)           0.855     4.069    cpu_inst/data_mem_inst/ex_store_data[2]
    SLICE_X12Y6          LUT6 (Prop_lut6_I2_O)        0.124     4.193 r  cpu_inst/data_mem_inst/redirect_pending_valid_i_17/O
                         net (fo=1, routed)           0.000     4.193    cpu_inst/data_mem_inst/redirect_pending_valid_i_17_n_0
    SLICE_X12Y6          CARRY4 (Prop_carry4_S[0]_CO[3])
                                                      0.513     4.706 r  cpu_inst/data_mem_inst/redirect_pending_valid_reg_i_7/CO[3]
                         net (fo=1, routed)           0.000     4.706    cpu_inst/data_mem_inst/redirect_pending_valid_reg_i_7_n_0
    SLICE_X12Y7          CARRY4 (Prop_carry4_CI_CO[3])
                                                      0.117     4.823 r  cpu_inst/data_mem_inst/redirect_pending_valid_reg_i_3/CO[3]
                         net (fo=1, routed)           0.000     4.823    cpu_inst/data_mem_inst/redirect_pending_valid_reg_i_3_n_0
    SLICE_X12Y8          CARRY4 (Prop_carry4_CI_CO[2])
                                                      0.229     5.052 f  cpu_inst/data_mem_inst/redirect_pending_valid_reg_i_2/CO[2]
                         net (fo=41, routed)          1.395     6.447    cpu_inst/data_mem_inst/ex_branch_taken040_in
    SLICE_X15Y15         LUT4 (Prop_lut4_I1_O)        0.310     6.757 r  cpu_inst/data_mem_inst/id_ex_reg[operand_b][31]_i_1_comp_1/O
                         net (fo=32, routed)          0.536     7.293    cpu_inst/data_mem_inst_n_173
    SLICE_X14Y17         FDRE                                         r  cpu_inst/id_ex_reg_reg[operand_b][22]/R
  -------------------------------------------------------------------    -------------------

                         (clock cpu_clk_unbuf rise edge)
                                                      8.696     8.696 r  <hidden>
    W5                                                0.000     8.696 r  clk
                         net (fo=0)                   0.000     8.696    clk
    W5                   IBUF (Prop_ibuf_I_O)         1.388    10.084 r  clk_IBUF_inst/O
                         net (fo=1, routed)           1.162    11.246    clk_IBUF
    MMCME2_ADV_X1Y0      MMCME2_ADV (Prop_mmcme2_adv_CLKIN1_CLKOUT0)
                                                     -7.217     4.028 r  cpu_clk_mmcm/CLKOUT0
                         net (fo=1, routed)           1.581     5.609    cpu_clk_unbuf
    BUFGCTRL_X0Y15       BUFG (Prop_bufg_I_O)         0.091     5.700 r  cpu_clk_bufg_replica/O
                         net (fo=8, routed)           0.147     5.847    cpu_clk_repN
    BUFGCTRL_X0Y0        BUFG (Prop_bufg_I_O)         0.091     5.938 r  cpu_clk_bufg/O
                         net (fo=2069, routed)        1.442     7.381    cpu_inst/cpu_clk
    SLICE_X14Y17         FDRE                                         r  cpu_inst/id_ex_reg_reg[operand_b][22]/C
                         clock pessimism              0.576     7.956    <hidden>
                         clock uncertainty           -0.132     7.825    <hidden>
    SLICE_X14Y17         FDRE (Setup_fdre_C_R)       -0.524     7.301    cpu_inst/id_ex_reg_reg[operand_b][22]
  -------------------------------------------------------------------
                         required time                          7.301    <hidden>
                         arrival time                          -7.293    <hidden>
  -------------------------------------------------------------------
                         slack                                  0.008    <hidden>





Min Delay Paths
--------------------------------------------------------------------------------------
Slack (MET) :             0.035ns  (arrival time - required time)
  Source:                 cpu_inst/ex_mem_reg_reg[store_data][12]/C
                            (rising edge-triggered cell FDRE clocked by cpu_clk_unbuf  {rise@0.000ns fall@4.348ns period=8.696ns})
  Destination:            cpu_inst/data_mem_inst/mem_reg/DIADI[12]
                            (rising edge-triggered cell RAMB18E1 clocked by cpu_clk_unbuf  {rise@0.000ns fall@4.348ns period=8.696ns})
  Path Group:             cpu_clk_unbuf
  Path Type:              Hold (Min at Fast Process Corner)
  Requirement:            0.000ns  (cpu_clk_unbuf rise@0.000ns - cpu_clk_unbuf rise@0.000ns)
  Data Path Delay:        0.248ns  (logic 0.141ns (56.898%)  route 0.107ns (43.102%))
  Logic Levels:           0  
  Clock Path Skew:        0.057ns (DCD - SCD - CPR)
    Destination Clock Delay (DCD):    -0.737ns
    Source Clock Delay      (SCD):    -0.547ns
    Clock Pessimism Removal (CPR):    -0.247ns

    Location             Delay type                Incr(ns)  Path(ns)    Netlist Resource(s)
  -------------------------------------------------------------------    -------------------
                         (clock cpu_clk_unbuf rise edge)
                                                      0.000     0.000 r  <hidden>
    W5                                                0.000     0.000 r  clk
                         net (fo=0)                   0.000     0.000    clk
    W5                   IBUF (Prop_ibuf_I_O)         0.226     0.226 r  clk_IBUF_inst/O
                         net (fo=1, routed)           0.440     0.667    clk_IBUF
    MMCME2_ADV_X1Y0      MMCME2_ADV (Prop_mmcme2_adv_CLKIN1_CLKOUT0)
                                                     -2.360    -1.693 r  cpu_clk_mmcm/CLKOUT0
                         net (fo=1, routed)           0.486    -1.207    cpu_clk_unbuf
    BUFGCTRL_X0Y15       BUFG (Prop_bufg_I_O)         0.026    -1.181 r  cpu_clk_bufg_replica/O
                         net (fo=8, routed)           0.042    -1.139    cpu_clk_repN
    BUFGCTRL_X0Y0        BUFG (Prop_bufg_I_O)         0.026    -1.113 r  cpu_clk_bufg/O
                         net (fo=2069, routed)        0.566    -0.547    cpu_inst/cpu_clk
    SLICE_X9Y6           FDRE                                         r  cpu_inst/ex_mem_reg_reg[store_data][12]/C
  -------------------------------------------------------------------    -------------------
    SLICE_X9Y6           FDRE (Prop_fdre_C_Q)         0.141    -0.406 r  cpu_inst/ex_mem_reg_reg[store_data][12]/Q
                         net (fo=1, routed)           0.107    -0.300    cpu_inst/data_mem_inst/mem_reg_1[12]
    RAMB18_X0Y2          RAMB18E1                                     r  cpu_inst/data_mem_inst/mem_reg/DIADI[12]
  -------------------------------------------------------------------    -------------------

                         (clock cpu_clk_unbuf rise edge)
                                                      0.000     0.000 r  <hidden>
    W5                                                0.000     0.000 r  clk
                         net (fo=0)                   0.000     0.000    clk
    W5                   IBUF (Prop_ibuf_I_O)         0.414     0.414 r  clk_IBUF_inst/O
                         net (fo=1, routed)           0.480     0.894    clk_IBUF
    MMCME2_ADV_X1Y0      MMCME2_ADV (Prop_mmcme2_adv_CLKIN1_CLKOUT0)
                                                     -3.142    -2.248 r  cpu_clk_mmcm/CLKOUT0
                         net (fo=1, routed)           0.530    -1.718    cpu_clk_unbuf
    BUFGCTRL_X0Y15       BUFG (Prop_bufg_I_O)         0.029    -1.689 r  cpu_clk_bufg_replica/O
                         net (fo=8, routed)           0.046    -1.643    cpu_clk_repN
    BUFGCTRL_X0Y0        BUFG (Prop_bufg_I_O)         0.029    -1.614 r  cpu_clk_bufg/O
                         net (fo=2069, routed)        0.877    -0.737    cpu_inst/data_mem_inst/cpu_clk
    RAMB18_X0Y2          RAMB18E1                                     r  cpu_inst/data_mem_inst/mem_reg/CLKARDCLK
                         clock pessimism              0.247    -0.490    <hidden>
    RAMB18_X0Y2          RAMB18E1 (Hold_ramb18e1_CLKARDCLK_DIADI[12])
                                                      0.155    -0.335    cpu_inst/data_mem_inst/mem_reg
  -------------------------------------------------------------------
                         required time                          0.335    <hidden>
                         arrival time                          -0.300    <hidden>
  -------------------------------------------------------------------
                         slack                                  0.035    <hidden>





Pulse Width Checks
--------------------------------------------------------------------------------------
Clock Name:         cpu_clk_unbuf
Waveform(ns):       { 0.000 4.348 }
Period(ns):         8.696
Sources:            { cpu_clk_mmcm/CLKOUT0 }

Check Type        Corner  Lib Pin             Reference Pin  Required(ns)  Actual(ns)  Slack(ns)  Location         Pin
Min Period        n/a     RAMB18E1/CLKARDCLK  n/a            2.944         8.696       5.752      RAMB18_X0Y2      cpu_inst/data_mem_inst/mem_reg/CLKARDCLK
Max Period        n/a     MMCME2_ADV/CLKOUT0  n/a            213.360       8.696       204.664    MMCME2_ADV_X1Y0  cpu_clk_mmcm/CLKOUT0
Low Pulse Width   Slow    FDRE/C              n/a            0.500         4.348       3.848      SLICE_X37Y26     control_flush_pct_accum_reg[0]/C
High Pulse Width  Slow    FDRE/C              n/a            0.500         4.348       3.848      SLICE_X37Y26     control_flush_pct_accum_reg[0]/C



