Copyright 1986-2022 Xilinx, Inc. All Rights Reserved. Copyright 2022-2026 Advanced Micro Devices, Inc. All Rights Reserved.
-------------------------------------------------------------------------------------------------------------------------------------------------------------------------
| Tool Version : Vivado v.2026.1 (win64) Build 6511674 Tue Jun 16 11:02:23 MDT 2026
| Date         : Thu Jul 16 13:54:24 2026
| Host         : DESKTOP-4GB7DVJ running 64-bit major release  (build 9200)
| Command      : report_timing -max_paths 10 -path_type full -file reports/phase17e_mmcm_mips_impl/timing/fpga_top_pipeline_forwardtiming_mmcm_mips_impl_worst_paths.rpt
| Design       : fpga_top_pipeline_forwardtiming_mmcm_mips
| Device       : 7a35t-cpg236
| Speed File   : -1  PRODUCTION 1.23 2018-06-13
| Design State : Physopt postRoute
-------------------------------------------------------------------------------------------------------------------------------------------------------------------------

Timing Report

Slack (MET) :             0.008ns  (required time - arrival time)
  Source:                 cpu_inst/mem_wb_reg_reg[rd][2]/C
                            (rising edge-triggered cell FDRE clocked by cpu_clk_unbuf  {rise@0.000ns fall@4.348ns period=8.696ns})
  Destination:            cpu_inst/id_ex_reg_reg[operand_b][22]/R
                            (rising edge-triggered cell FDRE clocked by cpu_clk_unbuf  {rise@0.000ns fall@4.348ns period=8.696ns})
  Path Group:             cpu_clk_unbuf
  Path Type:              Setup (Max at Slow Process Corner)
  Requirement:            8.696ns  (cpu_clk_unbuf rise@8.696ns - cpu_clk_unbuf rise@0.000ns)
  Data Path Delay:        7.989ns  (logic 2.369ns (29.651%)  route 5.620ns (70.349%))
  Logic Levels:           10  (CARRY4=3 LUT2=1 LUT3=1 LUT4=1 LUT5=1 LUT6=3)
  Clock Path Skew:        -0.043ns (DCD - SCD + CPR)
    Destination Clock Delay (DCD):    -1.315ns = ( 7.381 - 8.696 ) 
    Source Clock Delay      (SCD):    -0.697ns
    Clock Pessimism Removal (CPR):    0.576ns
  Clock Uncertainty:      0.132ns  ((TSJ^2 + DJ^2)^1/2) / 2 + PE
    Total System Jitter     (TSJ):    0.071ns
    Discrete Jitter          (DJ):    0.253ns
    Phase Error              (PE):    0.000ns

    Location             Delay type                Incr(ns)  Path(ns)    Netlist Resource(s)
  -------------------------------------------------------------------    -------------------
                         (clock cpu_clk_unbuf rise edge)
                                                      0.000     0.000 r  <hidden>
                         clock source latency        -4.269    -4.269    <hidden>
                         propagated clock network latency
                                                      3.573    -0.697    <hidden>
    SLICE_X11Y12         FDRE                         0.000    -0.697 r  cpu_inst/mem_wb_reg_reg[rd][2]/C
    SLICE_X11Y12         FDRE (Prop_fdre_C_Q)         0.456    -0.241 f  cpu_inst/mem_wb_reg_reg[rd][2]/Q
                         net (fo=36, routed)          0.652     0.411    cpu_inst/mem_wb_reg_reg[rd][2]
    SLICE_X11Y11         LUT3 (Prop_lut3_I0_O)        0.124     0.535 f  cpu_inst/reg_write_seen_i_3/O
                         net (fo=1, routed)           0.149     0.684    cpu_inst/reg_write_seen_i_3_n_0
    SLICE_X11Y11         LUT5 (Prop_lut5_I0_O)        0.124     0.808 r  cpu_inst/reg_write_seen_i_2/O
                         net (fo=40, routed)          0.734     1.542    cpu_inst/reg_write_seen_i_2_n_0
    SLICE_X12Y11         LUT2 (Prop_lut2_I1_O)        0.124     1.666 f  cpu_inst/regs[1][31]_i_3/O
                         net (fo=135, routed)         0.824     2.490    cpu_inst/regs[1][31]_i_3_n_0
    SLICE_X12Y4          LUT6 (Prop_lut6_I4_O)        0.124     2.614 f  cpu_inst/ex_mem_reg[store_data][2]_i_2_comp/O
                         net (fo=1, routed)           0.476     3.090    cpu_inst/data_mem_inst/ex_mem_reg_reg[store_data][2]_1
    SLICE_X11Y4          LUT6 (Prop_lut6_I0_O)        0.124     3.214 r  cpu_inst/data_mem_inst/ex_mem_reg[store_data][2]_i_1/O
                         net (fo=6, routed)           0.855     4.069    cpu_inst/data_mem_inst/ex_store_data[2]
    SLICE_X12Y6          LUT6 (Prop_lut6_I2_O)        0.124     4.193 r  cpu_inst/data_mem_inst/redirect_pending_valid_i_17/O
                         net (fo=1, routed)           0.000     4.193    cpu_inst/data_mem_inst/redirect_pending_valid_i_17_n_0
    SLICE_X12Y6          CARRY4 (Prop_carry4_S[0]_CO[3])
                                                      0.513     4.706 r  cpu_inst/data_mem_inst/redirect_pending_valid_reg_i_7/CO[3]
                         net (fo=1, routed)           0.000     4.706    cpu_inst/data_mem_inst/redirect_pending_valid_reg_i_7_n_0
    SLICE_X12Y7          CARRY4 (Prop_carry4_CI_CO[3])
                                                      0.117     4.823 r  cpu_inst/data_mem_inst/redirect_pending_valid_reg_i_3/CO[3]
                         net (fo=1, routed)           0.000     4.823    cpu_inst/data_mem_inst/redirect_pending_valid_reg_i_3_n_0
    SLICE_X12Y8          CARRY4 (Prop_carry4_CI_CO[2])
                                                      0.229     5.052 f  cpu_inst/data_mem_inst/redirect_pending_valid_reg_i_2/CO[2]
                         net (fo=41, routed)          1.395     6.447    cpu_inst/data_mem_inst/ex_branch_taken040_in
    SLICE_X15Y15         LUT4 (Prop_lut4_I1_O)        0.310     6.757 r  cpu_inst/data_mem_inst/id_ex_reg[operand_b][31]_i_1_comp_1/O
                         net (fo=32, routed)          0.536     7.293    cpu_inst/data_mem_inst_n_173
    SLICE_X14Y17         FDRE                                         r  cpu_inst/id_ex_reg_reg[operand_b][22]/R
  -------------------------------------------------------------------    -------------------

                         (clock cpu_clk_unbuf rise edge)
                                                      8.696     8.696 r  <hidden>
                         clock source latency        -4.668     4.028    <hidden>
                         propagated clock network latency
                                                      3.352     7.381    <hidden>
                         clock pessimism              0.576     7.956    <hidden>
                         clock uncertainty           -0.132     7.825    <hidden>
    SLICE_X14Y17         FDRE (Setup_fdre_C_R)       -0.524     7.301    cpu_inst/id_ex_reg_reg[operand_b][22]
  -------------------------------------------------------------------
                         required time                          7.301    <hidden>
                         arrival time                          -7.293    <hidden>
  -------------------------------------------------------------------
                         slack                                  0.008    <hidden>

Slack (MET) :             0.008ns  (required time - arrival time)
  Source:                 cpu_inst/mem_wb_reg_reg[rd][2]/C
                            (rising edge-triggered cell FDRE clocked by cpu_clk_unbuf  {rise@0.000ns fall@4.348ns period=8.696ns})
  Destination:            cpu_inst/id_ex_reg_reg[operand_b][23]/R
                            (rising edge-triggered cell FDRE clocked by cpu_clk_unbuf  {rise@0.000ns fall@4.348ns period=8.696ns})
  Path Group:             cpu_clk_unbuf
  Path Type:              Setup (Max at Slow Process Corner)
  Requirement:            8.696ns  (cpu_clk_unbuf rise@8.696ns - cpu_clk_unbuf rise@0.000ns)
  Data Path Delay:        7.989ns  (logic 2.369ns (29.651%)  route 5.620ns (70.349%))
  Logic Levels:           10  (CARRY4=3 LUT2=1 LUT3=1 LUT4=1 LUT5=1 LUT6=3)
  Clock Path Skew:        -0.043ns (DCD - SCD + CPR)
    Destination Clock Delay (DCD):    -1.315ns = ( 7.381 - 8.696 ) 
    Source Clock Delay      (SCD):    -0.697ns
    Clock Pessimism Removal (CPR):    0.576ns
  Clock Uncertainty:      0.132ns  ((TSJ^2 + DJ^2)^1/2) / 2 + PE
    Total System Jitter     (TSJ):    0.071ns
    Discrete Jitter          (DJ):    0.253ns
    Phase Error              (PE):    0.000ns

    Location             Delay type                Incr(ns)  Path(ns)    Netlist Resource(s)
  -------------------------------------------------------------------    -------------------
                         (clock cpu_clk_unbuf rise edge)
                                                      0.000     0.000 r  <hidden>
                         clock source latency        -4.269    -4.269    <hidden>
                         propagated clock network latency
                                                      3.573    -0.697    <hidden>
    SLICE_X11Y12         FDRE                         0.000    -0.697 r  cpu_inst/mem_wb_reg_reg[rd][2]/C
    SLICE_X11Y12         FDRE (Prop_fdre_C_Q)         0.456    -0.241 f  cpu_inst/mem_wb_reg_reg[rd][2]/Q
                         net (fo=36, routed)          0.652     0.411    cpu_inst/mem_wb_reg_reg[rd][2]
    SLICE_X11Y11         LUT3 (Prop_lut3_I0_O)        0.124     0.535 f  cpu_inst/reg_write_seen_i_3/O
                         net (fo=1, routed)           0.149     0.684    cpu_inst/reg_write_seen_i_3_n_0
    SLICE_X11Y11         LUT5 (Prop_lut5_I0_O)        0.124     0.808 r  cpu_inst/reg_write_seen_i_2/O
                         net (fo=40, routed)          0.734     1.542    cpu_inst/reg_write_seen_i_2_n_0
    SLICE_X12Y11         LUT2 (Prop_lut2_I1_O)        0.124     1.666 f  cpu_inst/regs[1][31]_i_3/O
                         net (fo=135, routed)         0.824     2.490    cpu_inst/regs[1][31]_i_3_n_0
    SLICE_X12Y4          LUT6 (Prop_lut6_I4_O)        0.124     2.614 f  cpu_inst/ex_mem_reg[store_data][2]_i_2_comp/O
                         net (fo=1, routed)           0.476     3.090    cpu_inst/data_mem_inst/ex_mem_reg_reg[store_data][2]_1
    SLICE_X11Y4          LUT6 (Prop_lut6_I0_O)        0.124     3.214 r  cpu_inst/data_mem_inst/ex_mem_reg[store_data][2]_i_1/O
                         net (fo=6, routed)           0.855     4.069    cpu_inst/data_mem_inst/ex_store_data[2]
    SLICE_X12Y6          LUT6 (Prop_lut6_I2_O)        0.124     4.193 r  cpu_inst/data_mem_inst/redirect_pending_valid_i_17/O
                         net (fo=1, routed)           0.000     4.193    cpu_inst/data_mem_inst/redirect_pending_valid_i_17_n_0
    SLICE_X12Y6          CARRY4 (Prop_carry4_S[0]_CO[3])
                                                      0.513     4.706 r  cpu_inst/data_mem_inst/redirect_pending_valid_reg_i_7/CO[3]
                         net (fo=1, routed)           0.000     4.706    cpu_inst/data_mem_inst/redirect_pending_valid_reg_i_7_n_0
    SLICE_X12Y7          CARRY4 (Prop_carry4_CI_CO[3])
                                                      0.117     4.823 r  cpu_inst/data_mem_inst/redirect_pending_valid_reg_i_3/CO[3]
                         net (fo=1, routed)           0.000     4.823    cpu_inst/data_mem_inst/redirect_pending_valid_reg_i_3_n_0
    SLICE_X12Y8          CARRY4 (Prop_carry4_CI_CO[2])
                                                      0.229     5.052 f  cpu_inst/data_mem_inst/redirect_pending_valid_reg_i_2/CO[2]
                         net (fo=41, routed)          1.395     6.447    cpu_inst/data_mem_inst/ex_branch_taken040_in
    SLICE_X15Y15         LUT4 (Prop_lut4_I1_O)        0.310     6.757 r  cpu_inst/data_mem_inst/id_ex_reg[operand_b][31]_i_1_comp_1/O
                         net (fo=32, routed)          0.536     7.293    cpu_inst/data_mem_inst_n_173
    SLICE_X14Y17         FDRE                                         r  cpu_inst/id_ex_reg_reg[operand_b][23]/R
  -------------------------------------------------------------------    -------------------

                         (clock cpu_clk_unbuf rise edge)
                                                      8.696     8.696 r  <hidden>
                         clock source latency        -4.668     4.028    <hidden>
                         propagated clock network latency
                                                      3.352     7.381    <hidden>
                         clock pessimism              0.576     7.956    <hidden>
                         clock uncertainty           -0.132     7.825    <hidden>
    SLICE_X14Y17         FDRE (Setup_fdre_C_R)       -0.524     7.301    cpu_inst/id_ex_reg_reg[operand_b][23]
  -------------------------------------------------------------------
                         required time                          7.301    <hidden>
                         arrival time                          -7.293    <hidden>
  -------------------------------------------------------------------
                         slack                                  0.008    <hidden>

Slack (MET) :             0.008ns  (required time - arrival time)
  Source:                 cpu_inst/mem_wb_reg_reg[rd][2]/C
                            (rising edge-triggered cell FDRE clocked by cpu_clk_unbuf  {rise@0.000ns fall@4.348ns period=8.696ns})
  Destination:            cpu_inst/id_ex_reg_reg[operand_b][25]/R
                            (rising edge-triggered cell FDRE clocked by cpu_clk_unbuf  {rise@0.000ns fall@4.348ns period=8.696ns})
  Path Group:             cpu_clk_unbuf
  Path Type:              Setup (Max at Slow Process Corner)
  Requirement:            8.696ns  (cpu_clk_unbuf rise@8.696ns - cpu_clk_unbuf rise@0.000ns)
  Data Path Delay:        7.989ns  (logic 2.369ns (29.651%)  route 5.620ns (70.349%))
  Logic Levels:           10  (CARRY4=3 LUT2=1 LUT3=1 LUT4=1 LUT5=1 LUT6=3)
  Clock Path Skew:        -0.043ns (DCD - SCD + CPR)
    Destination Clock Delay (DCD):    -1.315ns = ( 7.381 - 8.696 ) 
    Source Clock Delay      (SCD):    -0.697ns
    Clock Pessimism Removal (CPR):    0.576ns
  Clock Uncertainty:      0.132ns  ((TSJ^2 + DJ^2)^1/2) / 2 + PE
    Total System Jitter     (TSJ):    0.071ns
    Discrete Jitter          (DJ):    0.253ns
    Phase Error              (PE):    0.000ns

    Location             Delay type                Incr(ns)  Path(ns)    Netlist Resource(s)
  -------------------------------------------------------------------    -------------------
                         (clock cpu_clk_unbuf rise edge)
                                                      0.000     0.000 r  <hidden>
                         clock source latency        -4.269    -4.269    <hidden>
                         propagated clock network latency
                                                      3.573    -0.697    <hidden>
    SLICE_X11Y12         FDRE                         0.000    -0.697 r  cpu_inst/mem_wb_reg_reg[rd][2]/C
    SLICE_X11Y12         FDRE (Prop_fdre_C_Q)         0.456    -0.241 f  cpu_inst/mem_wb_reg_reg[rd][2]/Q
                         net (fo=36, routed)          0.652     0.411    cpu_inst/mem_wb_reg_reg[rd][2]
    SLICE_X11Y11         LUT3 (Prop_lut3_I0_O)        0.124     0.535 f  cpu_inst/reg_write_seen_i_3/O
                         net (fo=1, routed)           0.149     0.684    cpu_inst/reg_write_seen_i_3_n_0
    SLICE_X11Y11         LUT5 (Prop_lut5_I0_O)        0.124     0.808 r  cpu_inst/reg_write_seen_i_2/O
                         net (fo=40, routed)          0.734     1.542    cpu_inst/reg_write_seen_i_2_n_0
    SLICE_X12Y11         LUT2 (Prop_lut2_I1_O)        0.124     1.666 f  cpu_inst/regs[1][31]_i_3/O
                         net (fo=135, routed)         0.824     2.490    cpu_inst/regs[1][31]_i_3_n_0
    SLICE_X12Y4          LUT6 (Prop_lut6_I4_O)        0.124     2.614 f  cpu_inst/ex_mem_reg[store_data][2]_i_2_comp/O
                         net (fo=1, routed)           0.476     3.090    cpu_inst/data_mem_inst/ex_mem_reg_reg[store_data][2]_1
    SLICE_X11Y4          LUT6 (Prop_lut6_I0_O)        0.124     3.214 r  cpu_inst/data_mem_inst/ex_mem_reg[store_data][2]_i_1/O
                         net (fo=6, routed)           0.855     4.069    cpu_inst/data_mem_inst/ex_store_data[2]
    SLICE_X12Y6          LUT6 (Prop_lut6_I2_O)        0.124     4.193 r  cpu_inst/data_mem_inst/redirect_pending_valid_i_17/O
                         net (fo=1, routed)           0.000     4.193    cpu_inst/data_mem_inst/redirect_pending_valid_i_17_n_0
    SLICE_X12Y6          CARRY4 (Prop_carry4_S[0]_CO[3])
                                                      0.513     4.706 r  cpu_inst/data_mem_inst/redirect_pending_valid_reg_i_7/CO[3]
                         net (fo=1, routed)           0.000     4.706    cpu_inst/data_mem_inst/redirect_pending_valid_reg_i_7_n_0
    SLICE_X12Y7          CARRY4 (Prop_carry4_CI_CO[3])
                                                      0.117     4.823 r  cpu_inst/data_mem_inst/redirect_pending_valid_reg_i_3/CO[3]
                         net (fo=1, routed)           0.000     4.823    cpu_inst/data_mem_inst/redirect_pending_valid_reg_i_3_n_0
    SLICE_X12Y8          CARRY4 (Prop_carry4_CI_CO[2])
                                                      0.229     5.052 f  cpu_inst/data_mem_inst/redirect_pending_valid_reg_i_2/CO[2]
                         net (fo=41, routed)          1.395     6.447    cpu_inst/data_mem_inst/ex_branch_taken040_in
    SLICE_X15Y15         LUT4 (Prop_lut4_I1_O)        0.310     6.757 r  cpu_inst/data_mem_inst/id_ex_reg[operand_b][31]_i_1_comp_1/O
                         net (fo=32, routed)          0.536     7.293    cpu_inst/data_mem_inst_n_173
    SLICE_X14Y17         FDRE                                         r  cpu_inst/id_ex_reg_reg[operand_b][25]/R
  -------------------------------------------------------------------    -------------------

                         (clock cpu_clk_unbuf rise edge)
                                                      8.696     8.696 r  <hidden>
                         clock source latency        -4.668     4.028    <hidden>
                         propagated clock network latency
                                                      3.352     7.381    <hidden>
                         clock pessimism              0.576     7.956    <hidden>
                         clock uncertainty           -0.132     7.825    <hidden>
    SLICE_X14Y17         FDRE (Setup_fdre_C_R)       -0.524     7.301    cpu_inst/id_ex_reg_reg[operand_b][25]
  -------------------------------------------------------------------
                         required time                          7.301    <hidden>
                         arrival time                          -7.293    <hidden>
  -------------------------------------------------------------------
                         slack                                  0.008    <hidden>

Slack (MET) :             0.008ns  (required time - arrival time)
  Source:                 cpu_inst/mem_wb_reg_reg[rd][2]/C
                            (rising edge-triggered cell FDRE clocked by cpu_clk_unbuf  {rise@0.000ns fall@4.348ns period=8.696ns})
  Destination:            cpu_inst/id_ex_reg_reg[operand_b][30]/R
                            (rising edge-triggered cell FDRE clocked by cpu_clk_unbuf  {rise@0.000ns fall@4.348ns period=8.696ns})
  Path Group:             cpu_clk_unbuf
  Path Type:              Setup (Max at Slow Process Corner)
  Requirement:            8.696ns  (cpu_clk_unbuf rise@8.696ns - cpu_clk_unbuf rise@0.000ns)
  Data Path Delay:        7.989ns  (logic 2.369ns (29.651%)  route 5.620ns (70.349%))
  Logic Levels:           10  (CARRY4=3 LUT2=1 LUT3=1 LUT4=1 LUT5=1 LUT6=3)
  Clock Path Skew:        -0.043ns (DCD - SCD + CPR)
    Destination Clock Delay (DCD):    -1.315ns = ( 7.381 - 8.696 ) 
    Source Clock Delay      (SCD):    -0.697ns
    Clock Pessimism Removal (CPR):    0.576ns
  Clock Uncertainty:      0.132ns  ((TSJ^2 + DJ^2)^1/2) / 2 + PE
    Total System Jitter     (TSJ):    0.071ns
    Discrete Jitter          (DJ):    0.253ns
    Phase Error              (PE):    0.000ns

    Location             Delay type                Incr(ns)  Path(ns)    Netlist Resource(s)
  -------------------------------------------------------------------    -------------------
                         (clock cpu_clk_unbuf rise edge)
                                                      0.000     0.000 r  <hidden>
                         clock source latency        -4.269    -4.269    <hidden>
                         propagated clock network latency
                                                      3.573    -0.697    <hidden>
    SLICE_X11Y12         FDRE                         0.000    -0.697 r  cpu_inst/mem_wb_reg_reg[rd][2]/C
    SLICE_X11Y12         FDRE (Prop_fdre_C_Q)         0.456    -0.241 f  cpu_inst/mem_wb_reg_reg[rd][2]/Q
                         net (fo=36, routed)          0.652     0.411    cpu_inst/mem_wb_reg_reg[rd][2]
    SLICE_X11Y11         LUT3 (Prop_lut3_I0_O)        0.124     0.535 f  cpu_inst/reg_write_seen_i_3/O
                         net (fo=1, routed)           0.149     0.684    cpu_inst/reg_write_seen_i_3_n_0
    SLICE_X11Y11         LUT5 (Prop_lut5_I0_O)        0.124     0.808 r  cpu_inst/reg_write_seen_i_2/O
                         net (fo=40, routed)          0.734     1.542    cpu_inst/reg_write_seen_i_2_n_0
    SLICE_X12Y11         LUT2 (Prop_lut2_I1_O)        0.124     1.666 f  cpu_inst/regs[1][31]_i_3/O
                         net (fo=135, routed)         0.824     2.490    cpu_inst/regs[1][31]_i_3_n_0
    SLICE_X12Y4          LUT6 (Prop_lut6_I4_O)        0.124     2.614 f  cpu_inst/ex_mem_reg[store_data][2]_i_2_comp/O
                         net (fo=1, routed)           0.476     3.090    cpu_inst/data_mem_inst/ex_mem_reg_reg[store_data][2]_1
    SLICE_X11Y4          LUT6 (Prop_lut6_I0_O)        0.124     3.214 r  cpu_inst/data_mem_inst/ex_mem_reg[store_data][2]_i_1/O
                         net (fo=6, routed)           0.855     4.069    cpu_inst/data_mem_inst/ex_store_data[2]
    SLICE_X12Y6          LUT6 (Prop_lut6_I2_O)        0.124     4.193 r  cpu_inst/data_mem_inst/redirect_pending_valid_i_17/O
                         net (fo=1, routed)           0.000     4.193    cpu_inst/data_mem_inst/redirect_pending_valid_i_17_n_0
    SLICE_X12Y6          CARRY4 (Prop_carry4_S[0]_CO[3])
                                                      0.513     4.706 r  cpu_inst/data_mem_inst/redirect_pending_valid_reg_i_7/CO[3]
                         net (fo=1, routed)           0.000     4.706    cpu_inst/data_mem_inst/redirect_pending_valid_reg_i_7_n_0
    SLICE_X12Y7          CARRY4 (Prop_carry4_CI_CO[3])
                                                      0.117     4.823 r  cpu_inst/data_mem_inst/redirect_pending_valid_reg_i_3/CO[3]
                         net (fo=1, routed)           0.000     4.823    cpu_inst/data_mem_inst/redirect_pending_valid_reg_i_3_n_0
    SLICE_X12Y8          CARRY4 (Prop_carry4_CI_CO[2])
                                                      0.229     5.052 f  cpu_inst/data_mem_inst/redirect_pending_valid_reg_i_2/CO[2]
                         net (fo=41, routed)          1.395     6.447    cpu_inst/data_mem_inst/ex_branch_taken040_in
    SLICE_X15Y15         LUT4 (Prop_lut4_I1_O)        0.310     6.757 r  cpu_inst/data_mem_inst/id_ex_reg[operand_b][31]_i_1_comp_1/O
                         net (fo=32, routed)          0.536     7.293    cpu_inst/data_mem_inst_n_173
    SLICE_X14Y17         FDRE                                         r  cpu_inst/id_ex_reg_reg[operand_b][30]/R
  -------------------------------------------------------------------    -------------------

                         (clock cpu_clk_unbuf rise edge)
                                                      8.696     8.696 r  <hidden>
                         clock source latency        -4.668     4.028    <hidden>
                         propagated clock network latency
                                                      3.352     7.381    <hidden>
                         clock pessimism              0.576     7.956    <hidden>
                         clock uncertainty           -0.132     7.825    <hidden>
    SLICE_X14Y17         FDRE (Setup_fdre_C_R)       -0.524     7.301    cpu_inst/id_ex_reg_reg[operand_b][30]
  -------------------------------------------------------------------
                         required time                          7.301    <hidden>
                         arrival time                          -7.293    <hidden>
  -------------------------------------------------------------------
                         slack                                  0.008    <hidden>

Slack (MET) :             0.008ns  (required time - arrival time)
  Source:                 cpu_inst/mem_wb_reg_reg[rd][2]/C
                            (rising edge-triggered cell FDRE clocked by cpu_clk_unbuf  {rise@0.000ns fall@4.348ns period=8.696ns})
  Destination:            cpu_inst/id_ex_reg_reg[operand_b][9]/R
                            (rising edge-triggered cell FDRE clocked by cpu_clk_unbuf  {rise@0.000ns fall@4.348ns period=8.696ns})
  Path Group:             cpu_clk_unbuf
  Path Type:              Setup (Max at Slow Process Corner)
  Requirement:            8.696ns  (cpu_clk_unbuf rise@8.696ns - cpu_clk_unbuf rise@0.000ns)
  Data Path Delay:        7.989ns  (logic 2.369ns (29.651%)  route 5.620ns (70.349%))
  Logic Levels:           10  (CARRY4=3 LUT2=1 LUT3=1 LUT4=1 LUT5=1 LUT6=3)
  Clock Path Skew:        -0.043ns (DCD - SCD + CPR)
    Destination Clock Delay (DCD):    -1.315ns = ( 7.381 - 8.696 ) 
    Source Clock Delay      (SCD):    -0.697ns
    Clock Pessimism Removal (CPR):    0.576ns
  Clock Uncertainty:      0.132ns  ((TSJ^2 + DJ^2)^1/2) / 2 + PE
    Total System Jitter     (TSJ):    0.071ns
    Discrete Jitter          (DJ):    0.253ns
    Phase Error              (PE):    0.000ns

    Location             Delay type                Incr(ns)  Path(ns)    Netlist Resource(s)
  -------------------------------------------------------------------    -------------------
                         (clock cpu_clk_unbuf rise edge)
                                                      0.000     0.000 r  <hidden>
                         clock source latency        -4.269    -4.269    <hidden>
                         propagated clock network latency
                                                      3.573    -0.697    <hidden>
    SLICE_X11Y12         FDRE                         0.000    -0.697 r  cpu_inst/mem_wb_reg_reg[rd][2]/C
    SLICE_X11Y12         FDRE (Prop_fdre_C_Q)         0.456    -0.241 f  cpu_inst/mem_wb_reg_reg[rd][2]/Q
                         net (fo=36, routed)          0.652     0.411    cpu_inst/mem_wb_reg_reg[rd][2]
    SLICE_X11Y11         LUT3 (Prop_lut3_I0_O)        0.124     0.535 f  cpu_inst/reg_write_seen_i_3/O
                         net (fo=1, routed)           0.149     0.684    cpu_inst/reg_write_seen_i_3_n_0
    SLICE_X11Y11         LUT5 (Prop_lut5_I0_O)        0.124     0.808 r  cpu_inst/reg_write_seen_i_2/O
                         net (fo=40, routed)          0.734     1.542    cpu_inst/reg_write_seen_i_2_n_0
    SLICE_X12Y11         LUT2 (Prop_lut2_I1_O)        0.124     1.666 f  cpu_inst/regs[1][31]_i_3/O
                         net (fo=135, routed)         0.824     2.490    cpu_inst/regs[1][31]_i_3_n_0
    SLICE_X12Y4          LUT6 (Prop_lut6_I4_O)        0.124     2.614 f  cpu_inst/ex_mem_reg[store_data][2]_i_2_comp/O
                         net (fo=1, routed)           0.476     3.090    cpu_inst/data_mem_inst/ex_mem_reg_reg[store_data][2]_1
    SLICE_X11Y4          LUT6 (Prop_lut6_I0_O)        0.124     3.214 r  cpu_inst/data_mem_inst/ex_mem_reg[store_data][2]_i_1/O
                         net (fo=6, routed)           0.855     4.069    cpu_inst/data_mem_inst/ex_store_data[2]
    SLICE_X12Y6          LUT6 (Prop_lut6_I2_O)        0.124     4.193 r  cpu_inst/data_mem_inst/redirect_pending_valid_i_17/O
                         net (fo=1, routed)           0.000     4.193    cpu_inst/data_mem_inst/redirect_pending_valid_i_17_n_0
    SLICE_X12Y6          CARRY4 (Prop_carry4_S[0]_CO[3])
                                                      0.513     4.706 r  cpu_inst/data_mem_inst/redirect_pending_valid_reg_i_7/CO[3]
                         net (fo=1, routed)           0.000     4.706    cpu_inst/data_mem_inst/redirect_pending_valid_reg_i_7_n_0
    SLICE_X12Y7          CARRY4 (Prop_carry4_CI_CO[3])
                                                      0.117     4.823 r  cpu_inst/data_mem_inst/redirect_pending_valid_reg_i_3/CO[3]
                         net (fo=1, routed)           0.000     4.823    cpu_inst/data_mem_inst/redirect_pending_valid_reg_i_3_n_0
    SLICE_X12Y8          CARRY4 (Prop_carry4_CI_CO[2])
                                                      0.229     5.052 f  cpu_inst/data_mem_inst/redirect_pending_valid_reg_i_2/CO[2]
                         net (fo=41, routed)          1.395     6.447    cpu_inst/data_mem_inst/ex_branch_taken040_in
    SLICE_X15Y15         LUT4 (Prop_lut4_I1_O)        0.310     6.757 r  cpu_inst/data_mem_inst/id_ex_reg[operand_b][31]_i_1_comp_1/O
                         net (fo=32, routed)          0.536     7.293    cpu_inst/data_mem_inst_n_173
    SLICE_X14Y17         FDRE                                         r  cpu_inst/id_ex_reg_reg[operand_b][9]/R
  -------------------------------------------------------------------    -------------------

                         (clock cpu_clk_unbuf rise edge)
                                                      8.696     8.696 r  <hidden>
                         clock source latency        -4.668     4.028    <hidden>
                         propagated clock network latency
                                                      3.352     7.381    <hidden>
                         clock pessimism              0.576     7.956    <hidden>
                         clock uncertainty           -0.132     7.825    <hidden>
    SLICE_X14Y17         FDRE (Setup_fdre_C_R)       -0.524     7.301    cpu_inst/id_ex_reg_reg[operand_b][9]
  -------------------------------------------------------------------
                         required time                          7.301    <hidden>
                         arrival time                          -7.293    <hidden>
  -------------------------------------------------------------------
                         slack                                  0.008    <hidden>

Slack (MET) :             0.014ns  (required time - arrival time)
  Source:                 cpu_inst/mem_wb_reg_reg[rd][2]/C
                            (rising edge-triggered cell FDRE clocked by cpu_clk_unbuf  {rise@0.000ns fall@4.348ns period=8.696ns})
  Destination:            cpu_inst/id_ex_reg_reg[operand_a][14]/R
                            (rising edge-triggered cell FDRE clocked by cpu_clk_unbuf  {rise@0.000ns fall@4.348ns period=8.696ns})
  Path Group:             cpu_clk_unbuf
  Path Type:              Setup (Max at Slow Process Corner)
  Requirement:            8.696ns  (cpu_clk_unbuf rise@8.696ns - cpu_clk_unbuf rise@0.000ns)
  Data Path Delay:        7.986ns  (logic 2.493ns (31.218%)  route 5.493ns (68.782%))
  Logic Levels:           11  (CARRY4=3 LUT2=1 LUT3=1 LUT5=1 LUT6=5)
  Clock Path Skew:        -0.040ns (DCD - SCD + CPR)
    Destination Clock Delay (DCD):    -1.312ns = ( 7.384 - 8.696 ) 
    Source Clock Delay      (SCD):    -0.697ns
    Clock Pessimism Removal (CPR):    0.576ns
  Clock Uncertainty:      0.132ns  ((TSJ^2 + DJ^2)^1/2) / 2 + PE
    Total System Jitter     (TSJ):    0.071ns
    Discrete Jitter          (DJ):    0.253ns
    Phase Error              (PE):    0.000ns

    Location             Delay type                Incr(ns)  Path(ns)    Netlist Resource(s)
  -------------------------------------------------------------------    -------------------
                         (clock cpu_clk_unbuf rise edge)
                                                      0.000     0.000 r  <hidden>
                         clock source latency        -4.269    -4.269    <hidden>
                         propagated clock network latency
                                                      3.573    -0.697    <hidden>
    SLICE_X11Y12         FDRE                         0.000    -0.697 r  cpu_inst/mem_wb_reg_reg[rd][2]/C
    SLICE_X11Y12         FDRE (Prop_fdre_C_Q)         0.456    -0.241 f  cpu_inst/mem_wb_reg_reg[rd][2]/Q
                         net (fo=36, routed)          0.652     0.411    cpu_inst/mem_wb_reg_reg[rd][2]
    SLICE_X11Y11         LUT3 (Prop_lut3_I0_O)        0.124     0.535 f  cpu_inst/reg_write_seen_i_3/O
                         net (fo=1, routed)           0.149     0.684    cpu_inst/reg_write_seen_i_3_n_0
    SLICE_X11Y11         LUT5 (Prop_lut5_I0_O)        0.124     0.808 r  cpu_inst/reg_write_seen_i_2/O
                         net (fo=40, routed)          0.734     1.542    cpu_inst/reg_write_seen_i_2_n_0
    SLICE_X12Y11         LUT2 (Prop_lut2_I1_O)        0.124     1.666 f  cpu_inst/regs[1][31]_i_3/O
                         net (fo=135, routed)         0.824     2.490    cpu_inst/regs[1][31]_i_3_n_0
    SLICE_X12Y4          LUT6 (Prop_lut6_I4_O)        0.124     2.614 f  cpu_inst/ex_mem_reg[store_data][2]_i_2_comp/O
                         net (fo=1, routed)           0.476     3.090    cpu_inst/data_mem_inst/ex_mem_reg_reg[store_data][2]_1
    SLICE_X11Y4          LUT6 (Prop_lut6_I0_O)        0.124     3.214 r  cpu_inst/data_mem_inst/ex_mem_reg[store_data][2]_i_1/O
                         net (fo=6, routed)           0.855     4.069    cpu_inst/data_mem_inst/ex_store_data[2]
    SLICE_X12Y6          LUT6 (Prop_lut6_I2_O)        0.124     4.193 r  cpu_inst/data_mem_inst/redirect_pending_valid_i_17/O
                         net (fo=1, routed)           0.000     4.193    cpu_inst/data_mem_inst/redirect_pending_valid_i_17_n_0
    SLICE_X12Y6          CARRY4 (Prop_carry4_S[0]_CO[3])
                                                      0.513     4.706 r  cpu_inst/data_mem_inst/redirect_pending_valid_reg_i_7/CO[3]
                         net (fo=1, routed)           0.000     4.706    cpu_inst/data_mem_inst/redirect_pending_valid_reg_i_7_n_0
    SLICE_X12Y7          CARRY4 (Prop_carry4_CI_CO[3])
                                                      0.117     4.823 r  cpu_inst/data_mem_inst/redirect_pending_valid_reg_i_3/CO[3]
                         net (fo=1, routed)           0.000     4.823    cpu_inst/data_mem_inst/redirect_pending_valid_reg_i_3_n_0
    SLICE_X12Y8          CARRY4 (Prop_carry4_CI_CO[2])
                                                      0.229     5.052 f  cpu_inst/data_mem_inst/redirect_pending_valid_reg_i_2/CO[2]
                         net (fo=41, routed)          0.493     5.545    cpu_inst/data_mem_inst/ex_branch_taken040_in
    SLICE_X13Y8          LUT6 (Prop_lut6_I5_O)        0.310     5.855 r  cpu_inst/data_mem_inst/id_ex_reg[imm_ext][12]_i_2/O
                         net (fo=4, routed)           0.637     6.492    cpu_inst/data_mem_inst/id_ex_reg[imm_ext][12]_i_2_n_0
    SLICE_X15Y14         LUT6 (Prop_lut6_I4_O)        0.124     6.616 r  cpu_inst/data_mem_inst/id_ex_reg[operand_a][31]_i_1_comp/O
                         net (fo=32, routed)          0.673     7.289    cpu_inst/data_mem_inst_n_174
    SLICE_X14Y14         FDRE                                         r  cpu_inst/id_ex_reg_reg[operand_a][14]/R
  -------------------------------------------------------------------    -------------------

                         (clock cpu_clk_unbuf rise edge)
                                                      8.696     8.696 r  <hidden>
                         clock source latency        -4.668     4.028    <hidden>
                         propagated clock network latency
                                                      3.355     7.384    <hidden>
                         clock pessimism              0.576     7.959    <hidden>
                         clock uncertainty           -0.132     7.828    <hidden>
    SLICE_X14Y14         FDRE (Setup_fdre_C_R)       -0.524     7.304    cpu_inst/id_ex_reg_reg[operand_a][14]
  -------------------------------------------------------------------
                         required time                          7.304    <hidden>
                         arrival time                          -7.289    <hidden>
  -------------------------------------------------------------------
                         slack                                  0.014    <hidden>

Slack (MET) :             0.014ns  (required time - arrival time)
  Source:                 cpu_inst/mem_wb_reg_reg[rd][2]/C
                            (rising edge-triggered cell FDRE clocked by cpu_clk_unbuf  {rise@0.000ns fall@4.348ns period=8.696ns})
  Destination:            cpu_inst/id_ex_reg_reg[operand_a][17]/R
                            (rising edge-triggered cell FDRE clocked by cpu_clk_unbuf  {rise@0.000ns fall@4.348ns period=8.696ns})
  Path Group:             cpu_clk_unbuf
  Path Type:              Setup (Max at Slow Process Corner)
  Requirement:            8.696ns  (cpu_clk_unbuf rise@8.696ns - cpu_clk_unbuf rise@0.000ns)
  Data Path Delay:        7.986ns  (logic 2.493ns (31.218%)  route 5.493ns (68.782%))
  Logic Levels:           11  (CARRY4=3 LUT2=1 LUT3=1 LUT5=1 LUT6=5)
  Clock Path Skew:        -0.040ns (DCD - SCD + CPR)
    Destination Clock Delay (DCD):    -1.312ns = ( 7.384 - 8.696 ) 
    Source Clock Delay      (SCD):    -0.697ns
    Clock Pessimism Removal (CPR):    0.576ns
  Clock Uncertainty:      0.132ns  ((TSJ^2 + DJ^2)^1/2) / 2 + PE
    Total System Jitter     (TSJ):    0.071ns
    Discrete Jitter          (DJ):    0.253ns
    Phase Error              (PE):    0.000ns

    Location             Delay type                Incr(ns)  Path(ns)    Netlist Resource(s)
  -------------------------------------------------------------------    -------------------
                         (clock cpu_clk_unbuf rise edge)
                                                      0.000     0.000 r  <hidden>
                         clock source latency        -4.269    -4.269    <hidden>
                         propagated clock network latency
                                                      3.573    -0.697    <hidden>
    SLICE_X11Y12         FDRE                         0.000    -0.697 r  cpu_inst/mem_wb_reg_reg[rd][2]/C
    SLICE_X11Y12         FDRE (Prop_fdre_C_Q)         0.456    -0.241 f  cpu_inst/mem_wb_reg_reg[rd][2]/Q
                         net (fo=36, routed)          0.652     0.411    cpu_inst/mem_wb_reg_reg[rd][2]
    SLICE_X11Y11         LUT3 (Prop_lut3_I0_O)        0.124     0.535 f  cpu_inst/reg_write_seen_i_3/O
                         net (fo=1, routed)           0.149     0.684    cpu_inst/reg_write_seen_i_3_n_0
    SLICE_X11Y11         LUT5 (Prop_lut5_I0_O)        0.124     0.808 r  cpu_inst/reg_write_seen_i_2/O
                         net (fo=40, routed)          0.734     1.542    cpu_inst/reg_write_seen_i_2_n_0
    SLICE_X12Y11         LUT2 (Prop_lut2_I1_O)        0.124     1.666 f  cpu_inst/regs[1][31]_i_3/O
                         net (fo=135, routed)         0.824     2.490    cpu_inst/regs[1][31]_i_3_n_0
    SLICE_X12Y4          LUT6 (Prop_lut6_I4_O)        0.124     2.614 f  cpu_inst/ex_mem_reg[store_data][2]_i_2_comp/O
                         net (fo=1, routed)           0.476     3.090    cpu_inst/data_mem_inst/ex_mem_reg_reg[store_data][2]_1
    SLICE_X11Y4          LUT6 (Prop_lut6_I0_O)        0.124     3.214 r  cpu_inst/data_mem_inst/ex_mem_reg[store_data][2]_i_1/O
                         net (fo=6, routed)           0.855     4.069    cpu_inst/data_mem_inst/ex_store_data[2]
    SLICE_X12Y6          LUT6 (Prop_lut6_I2_O)        0.124     4.193 r  cpu_inst/data_mem_inst/redirect_pending_valid_i_17/O
                         net (fo=1, routed)           0.000     4.193    cpu_inst/data_mem_inst/redirect_pending_valid_i_17_n_0
    SLICE_X12Y6          CARRY4 (Prop_carry4_S[0]_CO[3])
                                                      0.513     4.706 r  cpu_inst/data_mem_inst/redirect_pending_valid_reg_i_7/CO[3]
                         net (fo=1, routed)           0.000     4.706    cpu_inst/data_mem_inst/redirect_pending_valid_reg_i_7_n_0
    SLICE_X12Y7          CARRY4 (Prop_carry4_CI_CO[3])
                                                      0.117     4.823 r  cpu_inst/data_mem_inst/redirect_pending_valid_reg_i_3/CO[3]
                         net (fo=1, routed)           0.000     4.823    cpu_inst/data_mem_inst/redirect_pending_valid_reg_i_3_n_0
    SLICE_X12Y8          CARRY4 (Prop_carry4_CI_CO[2])
                                                      0.229     5.052 f  cpu_inst/data_mem_inst/redirect_pending_valid_reg_i_2/CO[2]
                         net (fo=41, routed)          0.493     5.545    cpu_inst/data_mem_inst/ex_branch_taken040_in
    SLICE_X13Y8          LUT6 (Prop_lut6_I5_O)        0.310     5.855 r  cpu_inst/data_mem_inst/id_ex_reg[imm_ext][12]_i_2/O
                         net (fo=4, routed)           0.637     6.492    cpu_inst/data_mem_inst/id_ex_reg[imm_ext][12]_i_2_n_0
    SLICE_X15Y14         LUT6 (Prop_lut6_I4_O)        0.124     6.616 r  cpu_inst/data_mem_inst/id_ex_reg[operand_a][31]_i_1_comp/O
                         net (fo=32, routed)          0.673     7.289    cpu_inst/data_mem_inst_n_174
    SLICE_X14Y14         FDRE                                         r  cpu_inst/id_ex_reg_reg[operand_a][17]/R
  -------------------------------------------------------------------    -------------------

                         (clock cpu_clk_unbuf rise edge)
                                                      8.696     8.696 r  <hidden>
                         clock source latency        -4.668     4.028    <hidden>
                         propagated clock network latency
                                                      3.355     7.384    <hidden>
                         clock pessimism              0.576     7.959    <hidden>
                         clock uncertainty           -0.132     7.828    <hidden>
    SLICE_X14Y14         FDRE (Setup_fdre_C_R)       -0.524     7.304    cpu_inst/id_ex_reg_reg[operand_a][17]
  -------------------------------------------------------------------
                         required time                          7.304    <hidden>
                         arrival time                          -7.289    <hidden>
  -------------------------------------------------------------------
                         slack                                  0.014    <hidden>

Slack (MET) :             0.014ns  (required time - arrival time)
  Source:                 cpu_inst/mem_wb_reg_reg[rd][2]/C
                            (rising edge-triggered cell FDRE clocked by cpu_clk_unbuf  {rise@0.000ns fall@4.348ns period=8.696ns})
  Destination:            cpu_inst/id_ex_reg_reg[operand_a][18]/R
                            (rising edge-triggered cell FDRE clocked by cpu_clk_unbuf  {rise@0.000ns fall@4.348ns period=8.696ns})
  Path Group:             cpu_clk_unbuf
  Path Type:              Setup (Max at Slow Process Corner)
  Requirement:            8.696ns  (cpu_clk_unbuf rise@8.696ns - cpu_clk_unbuf rise@0.000ns)
  Data Path Delay:        7.986ns  (logic 2.493ns (31.218%)  route 5.493ns (68.782%))
  Logic Levels:           11  (CARRY4=3 LUT2=1 LUT3=1 LUT5=1 LUT6=5)
  Clock Path Skew:        -0.040ns (DCD - SCD + CPR)
    Destination Clock Delay (DCD):    -1.312ns = ( 7.384 - 8.696 ) 
    Source Clock Delay      (SCD):    -0.697ns
    Clock Pessimism Removal (CPR):    0.576ns
  Clock Uncertainty:      0.132ns  ((TSJ^2 + DJ^2)^1/2) / 2 + PE
    Total System Jitter     (TSJ):    0.071ns
    Discrete Jitter          (DJ):    0.253ns
    Phase Error              (PE):    0.000ns

    Location             Delay type                Incr(ns)  Path(ns)    Netlist Resource(s)
  -------------------------------------------------------------------    -------------------
                         (clock cpu_clk_unbuf rise edge)
                                                      0.000     0.000 r  <hidden>
                         clock source latency        -4.269    -4.269    <hidden>
                         propagated clock network latency
                                                      3.573    -0.697    <hidden>
    SLICE_X11Y12         FDRE                         0.000    -0.697 r  cpu_inst/mem_wb_reg_reg[rd][2]/C
    SLICE_X11Y12         FDRE (Prop_fdre_C_Q)         0.456    -0.241 f  cpu_inst/mem_wb_reg_reg[rd][2]/Q
                         net (fo=36, routed)          0.652     0.411    cpu_inst/mem_wb_reg_reg[rd][2]
    SLICE_X11Y11         LUT3 (Prop_lut3_I0_O)        0.124     0.535 f  cpu_inst/reg_write_seen_i_3/O
                         net (fo=1, routed)           0.149     0.684    cpu_inst/reg_write_seen_i_3_n_0
    SLICE_X11Y11         LUT5 (Prop_lut5_I0_O)        0.124     0.808 r  cpu_inst/reg_write_seen_i_2/O
                         net (fo=40, routed)          0.734     1.542    cpu_inst/reg_write_seen_i_2_n_0
    SLICE_X12Y11         LUT2 (Prop_lut2_I1_O)        0.124     1.666 f  cpu_inst/regs[1][31]_i_3/O
                         net (fo=135, routed)         0.824     2.490    cpu_inst/regs[1][31]_i_3_n_0
    SLICE_X12Y4          LUT6 (Prop_lut6_I4_O)        0.124     2.614 f  cpu_inst/ex_mem_reg[store_data][2]_i_2_comp/O
                         net (fo=1, routed)           0.476     3.090    cpu_inst/data_mem_inst/ex_mem_reg_reg[store_data][2]_1
    SLICE_X11Y4          LUT6 (Prop_lut6_I0_O)        0.124     3.214 r  cpu_inst/data_mem_inst/ex_mem_reg[store_data][2]_i_1/O
                         net (fo=6, routed)           0.855     4.069    cpu_inst/data_mem_inst/ex_store_data[2]
    SLICE_X12Y6          LUT6 (Prop_lut6_I2_O)        0.124     4.193 r  cpu_inst/data_mem_inst/redirect_pending_valid_i_17/O
                         net (fo=1, routed)           0.000     4.193    cpu_inst/data_mem_inst/redirect_pending_valid_i_17_n_0
    SLICE_X12Y6          CARRY4 (Prop_carry4_S[0]_CO[3])
                                                      0.513     4.706 r  cpu_inst/data_mem_inst/redirect_pending_valid_reg_i_7/CO[3]
                         net (fo=1, routed)           0.000     4.706    cpu_inst/data_mem_inst/redirect_pending_valid_reg_i_7_n_0
    SLICE_X12Y7          CARRY4 (Prop_carry4_CI_CO[3])
                                                      0.117     4.823 r  cpu_inst/data_mem_inst/redirect_pending_valid_reg_i_3/CO[3]
                         net (fo=1, routed)           0.000     4.823    cpu_inst/data_mem_inst/redirect_pending_valid_reg_i_3_n_0
    SLICE_X12Y8          CARRY4 (Prop_carry4_CI_CO[2])
                                                      0.229     5.052 f  cpu_inst/data_mem_inst/redirect_pending_valid_reg_i_2/CO[2]
                         net (fo=41, routed)          0.493     5.545    cpu_inst/data_mem_inst/ex_branch_taken040_in
    SLICE_X13Y8          LUT6 (Prop_lut6_I5_O)        0.310     5.855 r  cpu_inst/data_mem_inst/id_ex_reg[imm_ext][12]_i_2/O
                         net (fo=4, routed)           0.637     6.492    cpu_inst/data_mem_inst/id_ex_reg[imm_ext][12]_i_2_n_0
    SLICE_X15Y14         LUT6 (Prop_lut6_I4_O)        0.124     6.616 r  cpu_inst/data_mem_inst/id_ex_reg[operand_a][31]_i_1_comp/O
                         net (fo=32, routed)          0.673     7.289    cpu_inst/data_mem_inst_n_174
    SLICE_X14Y14         FDRE                                         r  cpu_inst/id_ex_reg_reg[operand_a][18]/R
  -------------------------------------------------------------------    -------------------

                         (clock cpu_clk_unbuf rise edge)
                                                      8.696     8.696 r  <hidden>
                         clock source latency        -4.668     4.028    <hidden>
                         propagated clock network latency
                                                      3.355     7.384    <hidden>
                         clock pessimism              0.576     7.959    <hidden>
                         clock uncertainty           -0.132     7.828    <hidden>
    SLICE_X14Y14         FDRE (Setup_fdre_C_R)       -0.524     7.304    cpu_inst/id_ex_reg_reg[operand_a][18]
  -------------------------------------------------------------------
                         required time                          7.304    <hidden>
                         arrival time                          -7.289    <hidden>
  -------------------------------------------------------------------
                         slack                                  0.014    <hidden>

Slack (MET) :             0.014ns  (required time - arrival time)
  Source:                 cpu_inst/mem_wb_reg_reg[rd][2]/C
                            (rising edge-triggered cell FDRE clocked by cpu_clk_unbuf  {rise@0.000ns fall@4.348ns period=8.696ns})
  Destination:            cpu_inst/id_ex_reg_reg[operand_a][22]/R
                            (rising edge-triggered cell FDRE clocked by cpu_clk_unbuf  {rise@0.000ns fall@4.348ns period=8.696ns})
  Path Group:             cpu_clk_unbuf
  Path Type:              Setup (Max at Slow Process Corner)
  Requirement:            8.696ns  (cpu_clk_unbuf rise@8.696ns - cpu_clk_unbuf rise@0.000ns)
  Data Path Delay:        7.986ns  (logic 2.493ns (31.218%)  route 5.493ns (68.782%))
  Logic Levels:           11  (CARRY4=3 LUT2=1 LUT3=1 LUT5=1 LUT6=5)
  Clock Path Skew:        -0.040ns (DCD - SCD + CPR)
    Destination Clock Delay (DCD):    -1.312ns = ( 7.384 - 8.696 ) 
    Source Clock Delay      (SCD):    -0.697ns
    Clock Pessimism Removal (CPR):    0.576ns
  Clock Uncertainty:      0.132ns  ((TSJ^2 + DJ^2)^1/2) / 2 + PE
    Total System Jitter     (TSJ):    0.071ns
    Discrete Jitter          (DJ):    0.253ns
    Phase Error              (PE):    0.000ns

    Location             Delay type                Incr(ns)  Path(ns)    Netlist Resource(s)
  -------------------------------------------------------------------    -------------------
                         (clock cpu_clk_unbuf rise edge)
                                                      0.000     0.000 r  <hidden>
                         clock source latency        -4.269    -4.269    <hidden>
                         propagated clock network latency
                                                      3.573    -0.697    <hidden>
    SLICE_X11Y12         FDRE                         0.000    -0.697 r  cpu_inst/mem_wb_reg_reg[rd][2]/C
    SLICE_X11Y12         FDRE (Prop_fdre_C_Q)         0.456    -0.241 f  cpu_inst/mem_wb_reg_reg[rd][2]/Q
                         net (fo=36, routed)          0.652     0.411    cpu_inst/mem_wb_reg_reg[rd][2]
    SLICE_X11Y11         LUT3 (Prop_lut3_I0_O)        0.124     0.535 f  cpu_inst/reg_write_seen_i_3/O
                         net (fo=1, routed)           0.149     0.684    cpu_inst/reg_write_seen_i_3_n_0
    SLICE_X11Y11         LUT5 (Prop_lut5_I0_O)        0.124     0.808 r  cpu_inst/reg_write_seen_i_2/O
                         net (fo=40, routed)          0.734     1.542    cpu_inst/reg_write_seen_i_2_n_0
    SLICE_X12Y11         LUT2 (Prop_lut2_I1_O)        0.124     1.666 f  cpu_inst/regs[1][31]_i_3/O
                         net (fo=135, routed)         0.824     2.490    cpu_inst/regs[1][31]_i_3_n_0
    SLICE_X12Y4          LUT6 (Prop_lut6_I4_O)        0.124     2.614 f  cpu_inst/ex_mem_reg[store_data][2]_i_2_comp/O
                         net (fo=1, routed)           0.476     3.090    cpu_inst/data_mem_inst/ex_mem_reg_reg[store_data][2]_1
    SLICE_X11Y4          LUT6 (Prop_lut6_I0_O)        0.124     3.214 r  cpu_inst/data_mem_inst/ex_mem_reg[store_data][2]_i_1/O
                         net (fo=6, routed)           0.855     4.069    cpu_inst/data_mem_inst/ex_store_data[2]
    SLICE_X12Y6          LUT6 (Prop_lut6_I2_O)        0.124     4.193 r  cpu_inst/data_mem_inst/redirect_pending_valid_i_17/O
                         net (fo=1, routed)           0.000     4.193    cpu_inst/data_mem_inst/redirect_pending_valid_i_17_n_0
    SLICE_X12Y6          CARRY4 (Prop_carry4_S[0]_CO[3])
                                                      0.513     4.706 r  cpu_inst/data_mem_inst/redirect_pending_valid_reg_i_7/CO[3]
                         net (fo=1, routed)           0.000     4.706    cpu_inst/data_mem_inst/redirect_pending_valid_reg_i_7_n_0
    SLICE_X12Y7          CARRY4 (Prop_carry4_CI_CO[3])
                                                      0.117     4.823 r  cpu_inst/data_mem_inst/redirect_pending_valid_reg_i_3/CO[3]
                         net (fo=1, routed)           0.000     4.823    cpu_inst/data_mem_inst/redirect_pending_valid_reg_i_3_n_0
    SLICE_X12Y8          CARRY4 (Prop_carry4_CI_CO[2])
                                                      0.229     5.052 f  cpu_inst/data_mem_inst/redirect_pending_valid_reg_i_2/CO[2]
                         net (fo=41, routed)          0.493     5.545    cpu_inst/data_mem_inst/ex_branch_taken040_in
    SLICE_X13Y8          LUT6 (Prop_lut6_I5_O)        0.310     5.855 r  cpu_inst/data_mem_inst/id_ex_reg[imm_ext][12]_i_2/O
                         net (fo=4, routed)           0.637     6.492    cpu_inst/data_mem_inst/id_ex_reg[imm_ext][12]_i_2_n_0
    SLICE_X15Y14         LUT6 (Prop_lut6_I4_O)        0.124     6.616 r  cpu_inst/data_mem_inst/id_ex_reg[operand_a][31]_i_1_comp/O
                         net (fo=32, routed)          0.673     7.289    cpu_inst/data_mem_inst_n_174
    SLICE_X14Y14         FDRE                                         r  cpu_inst/id_ex_reg_reg[operand_a][22]/R
  -------------------------------------------------------------------    -------------------

                         (clock cpu_clk_unbuf rise edge)
                                                      8.696     8.696 r  <hidden>
                         clock source latency        -4.668     4.028    <hidden>
                         propagated clock network latency
                                                      3.355     7.384    <hidden>
                         clock pessimism              0.576     7.959    <hidden>
                         clock uncertainty           -0.132     7.828    <hidden>
    SLICE_X14Y14         FDRE (Setup_fdre_C_R)       -0.524     7.304    cpu_inst/id_ex_reg_reg[operand_a][22]
  -------------------------------------------------------------------
                         required time                          7.304    <hidden>
                         arrival time                          -7.289    <hidden>
  -------------------------------------------------------------------
                         slack                                  0.014    <hidden>

Slack (MET) :             0.014ns  (required time - arrival time)
  Source:                 cpu_inst/mem_wb_reg_reg[rd][2]/C
                            (rising edge-triggered cell FDRE clocked by cpu_clk_unbuf  {rise@0.000ns fall@4.348ns period=8.696ns})
  Destination:            cpu_inst/id_ex_reg_reg[operand_a][28]/R
                            (rising edge-triggered cell FDRE clocked by cpu_clk_unbuf  {rise@0.000ns fall@4.348ns period=8.696ns})
  Path Group:             cpu_clk_unbuf
  Path Type:              Setup (Max at Slow Process Corner)
  Requirement:            8.696ns  (cpu_clk_unbuf rise@8.696ns - cpu_clk_unbuf rise@0.000ns)
  Data Path Delay:        7.986ns  (logic 2.493ns (31.218%)  route 5.493ns (68.782%))
  Logic Levels:           11  (CARRY4=3 LUT2=1 LUT3=1 LUT5=1 LUT6=5)
  Clock Path Skew:        -0.040ns (DCD - SCD + CPR)
    Destination Clock Delay (DCD):    -1.312ns = ( 7.384 - 8.696 ) 
    Source Clock Delay      (SCD):    -0.697ns
    Clock Pessimism Removal (CPR):    0.576ns
  Clock Uncertainty:      0.132ns  ((TSJ^2 + DJ^2)^1/2) / 2 + PE
    Total System Jitter     (TSJ):    0.071ns
    Discrete Jitter          (DJ):    0.253ns
    Phase Error              (PE):    0.000ns

    Location             Delay type                Incr(ns)  Path(ns)    Netlist Resource(s)
  -------------------------------------------------------------------    -------------------
                         (clock cpu_clk_unbuf rise edge)
                                                      0.000     0.000 r  <hidden>
                         clock source latency        -4.269    -4.269    <hidden>
                         propagated clock network latency
                                                      3.573    -0.697    <hidden>
    SLICE_X11Y12         FDRE                         0.000    -0.697 r  cpu_inst/mem_wb_reg_reg[rd][2]/C
    SLICE_X11Y12         FDRE (Prop_fdre_C_Q)         0.456    -0.241 f  cpu_inst/mem_wb_reg_reg[rd][2]/Q
                         net (fo=36, routed)          0.652     0.411    cpu_inst/mem_wb_reg_reg[rd][2]
    SLICE_X11Y11         LUT3 (Prop_lut3_I0_O)        0.124     0.535 f  cpu_inst/reg_write_seen_i_3/O
                         net (fo=1, routed)           0.149     0.684    cpu_inst/reg_write_seen_i_3_n_0
    SLICE_X11Y11         LUT5 (Prop_lut5_I0_O)        0.124     0.808 r  cpu_inst/reg_write_seen_i_2/O
                         net (fo=40, routed)          0.734     1.542    cpu_inst/reg_write_seen_i_2_n_0
    SLICE_X12Y11         LUT2 (Prop_lut2_I1_O)        0.124     1.666 f  cpu_inst/regs[1][31]_i_3/O
                         net (fo=135, routed)         0.824     2.490    cpu_inst/regs[1][31]_i_3_n_0
    SLICE_X12Y4          LUT6 (Prop_lut6_I4_O)        0.124     2.614 f  cpu_inst/ex_mem_reg[store_data][2]_i_2_comp/O
                         net (fo=1, routed)           0.476     3.090    cpu_inst/data_mem_inst/ex_mem_reg_reg[store_data][2]_1
    SLICE_X11Y4          LUT6 (Prop_lut6_I0_O)        0.124     3.214 r  cpu_inst/data_mem_inst/ex_mem_reg[store_data][2]_i_1/O
                         net (fo=6, routed)           0.855     4.069    cpu_inst/data_mem_inst/ex_store_data[2]
    SLICE_X12Y6          LUT6 (Prop_lut6_I2_O)        0.124     4.193 r  cpu_inst/data_mem_inst/redirect_pending_valid_i_17/O
                         net (fo=1, routed)           0.000     4.193    cpu_inst/data_mem_inst/redirect_pending_valid_i_17_n_0
    SLICE_X12Y6          CARRY4 (Prop_carry4_S[0]_CO[3])
                                                      0.513     4.706 r  cpu_inst/data_mem_inst/redirect_pending_valid_reg_i_7/CO[3]
                         net (fo=1, routed)           0.000     4.706    cpu_inst/data_mem_inst/redirect_pending_valid_reg_i_7_n_0
    SLICE_X12Y7          CARRY4 (Prop_carry4_CI_CO[3])
                                                      0.117     4.823 r  cpu_inst/data_mem_inst/redirect_pending_valid_reg_i_3/CO[3]
                         net (fo=1, routed)           0.000     4.823    cpu_inst/data_mem_inst/redirect_pending_valid_reg_i_3_n_0
    SLICE_X12Y8          CARRY4 (Prop_carry4_CI_CO[2])
                                                      0.229     5.052 f  cpu_inst/data_mem_inst/redirect_pending_valid_reg_i_2/CO[2]
                         net (fo=41, routed)          0.493     5.545    cpu_inst/data_mem_inst/ex_branch_taken040_in
    SLICE_X13Y8          LUT6 (Prop_lut6_I5_O)        0.310     5.855 r  cpu_inst/data_mem_inst/id_ex_reg[imm_ext][12]_i_2/O
                         net (fo=4, routed)           0.637     6.492    cpu_inst/data_mem_inst/id_ex_reg[imm_ext][12]_i_2_n_0
    SLICE_X15Y14         LUT6 (Prop_lut6_I4_O)        0.124     6.616 r  cpu_inst/data_mem_inst/id_ex_reg[operand_a][31]_i_1_comp/O
                         net (fo=32, routed)          0.673     7.289    cpu_inst/data_mem_inst_n_174
    SLICE_X14Y14         FDRE                                         r  cpu_inst/id_ex_reg_reg[operand_a][28]/R
  -------------------------------------------------------------------    -------------------

                         (clock cpu_clk_unbuf rise edge)
                                                      8.696     8.696 r  <hidden>
                         clock source latency        -4.668     4.028    <hidden>
                         propagated clock network latency
                                                      3.355     7.384    <hidden>
                         clock pessimism              0.576     7.959    <hidden>
                         clock uncertainty           -0.132     7.828    <hidden>
    SLICE_X14Y14         FDRE (Setup_fdre_C_R)       -0.524     7.304    cpu_inst/id_ex_reg_reg[operand_a][28]
  -------------------------------------------------------------------
                         required time                          7.304    <hidden>
                         arrival time                          -7.289    <hidden>
  -------------------------------------------------------------------
                         slack                                  0.014    <hidden>




