Copyright 1986-2022 Xilinx, Inc. All Rights Reserved. Copyright 2022-2026 Advanced Micro Devices, Inc. All Rights Reserved.
------------------------------------------------------------------------------------------------------------------------------------------------------------------------------
| Tool Version : Vivado v.2026.1 (win64) Build 6511674 Tue Jun 16 11:02:23 MDT 2026
| Date         : Sun Jul 12 20:01:03 2026
| Host         : DESKTOP-4GB7DVJ running 64-bit major release  (build 9200)
| Command      : report_timing -max_paths 10 -path_type full -file reports/phase13e_timing/perf_directive_8p900ns/timing/fpga_top_pipeline_forwardtiming_impl_worst_paths.rpt
| Design       : fpga_top_pipeline_forwardtiming
| Device       : 7a35t-cpg236
| Speed File   : -1  PRODUCTION 1.23 2018-06-13
| Design State : Physopt postRoute
------------------------------------------------------------------------------------------------------------------------------------------------------------------------------

Timing Report

Slack (MET) :             0.059ns  (required time - arrival time)
  Source:                 cpu_inst/data_mem_inst/mem_reg/CLKARDCLK
                            (rising edge-triggered cell RAMB18E1 clocked by sys_clk_pin  {rise@0.000ns fall@4.450ns period=8.900ns})
  Destination:            cpu_inst/id_ex_reg_reg[operand_a][24]/CE
                            (rising edge-triggered cell FDRE clocked by sys_clk_pin  {rise@0.000ns fall@4.450ns period=8.900ns})
  Path Group:             sys_clk_pin
  Path Type:              Setup (Max at Slow Process Corner)
  Requirement:            8.900ns  (sys_clk_pin rise@8.900ns - sys_clk_pin rise@0.000ns)
  Data Path Delay:        8.527ns  (logic 4.139ns (48.539%)  route 4.388ns (51.461%))
  Logic Levels:           8  (CARRY4=3 LUT2=1 LUT3=1 LUT5=1 LUT6=2)
  Clock Path Skew:        -0.073ns (DCD - SCD + CPR)
    Destination Clock Delay (DCD):    4.781ns = ( 13.681 - 8.900 ) 
    Source Clock Delay      (SCD):    5.115ns
    Clock Pessimism Removal (CPR):    0.260ns
  Clock Uncertainty:      0.035ns  ((TSJ^2 + TIJ^2)^1/2 + DJ) / 2 + PE
    Total System Jitter     (TSJ):    0.071ns
    Total Input Jitter      (TIJ):    0.000ns
    Discrete Jitter          (DJ):    0.000ns
    Phase Error              (PE):    0.000ns

    Location             Delay type                Incr(ns)  Path(ns)    Netlist Resource(s)
  -------------------------------------------------------------------    -------------------
                         (clock sys_clk_pin rise edge)
                                                      0.000     0.000 r  <hidden>
                         propagated clock network latency
                                                      5.115     5.115    <hidden>
    RAMB18_X0Y9          RAMB18E1                     0.000     5.115 r  cpu_inst/data_mem_inst/mem_reg/CLKARDCLK
    RAMB18_X0Y9          RAMB18E1 (Prop_ramb18e1_CLKARDCLK_DOADO[4])
                                                      2.454     7.569 r  cpu_inst/data_mem_inst/mem_reg/DOADO[4]
                         net (fo=5, routed)           1.058     8.626    cpu_inst/data_mem_inst/mem_reg_n_11
    SLICE_X7Y25          LUT5 (Prop_lut5_I0_O)        0.124     8.750 r  cpu_inst/data_mem_inst/i__carry__0_i_12/O
                         net (fo=1, routed)           0.438     9.188    cpu_inst/data_mem_inst/i__carry__0_i_12_n_0
    SLICE_X7Y27          LUT3 (Prop_lut3_I2_O)        0.124     9.312 r  cpu_inst/data_mem_inst/i__carry__0_i_4__0/O
                         net (fo=5, routed)           0.837    10.149    cpu_inst/data_mem_inst/ex_mem_reg_reg[alu_result][4]
    SLICE_X8Y28          LUT6 (Prop_lut6_I5_O)        0.124    10.273 r  cpu_inst/data_mem_inst/i__carry_i_3/O
                         net (fo=1, routed)           0.000    10.273    cpu_inst/data_mem_inst_n_223
    SLICE_X8Y28          CARRY4 (Prop_carry4_S[1]_CO[3])
                                                      0.533    10.806 r  cpu_inst/ex_branch_taken0_inferred__0/i__carry/CO[3]
                         net (fo=1, routed)           0.000    10.806    cpu_inst/ex_branch_taken0_inferred__0/i__carry_n_0
    SLICE_X8Y29          CARRY4 (Prop_carry4_CI_CO[3])
                                                      0.117    10.923 r  cpu_inst/ex_branch_taken0_inferred__0/i__carry__0/CO[3]
                         net (fo=1, routed)           0.000    10.923    cpu_inst/ex_branch_taken0_inferred__0/i__carry__0_n_0
    SLICE_X8Y30          CARRY4 (Prop_carry4_CI_CO[2])
                                                      0.229    11.152 f  cpu_inst/ex_branch_taken0_inferred__0/i__carry__1/CO[2]
                         net (fo=39, routed)          0.713    11.865    cpu_inst/data_mem_inst/CO[0]
    SLICE_X9Y30          LUT6 (Prop_lut6_I5_O)        0.310    12.175 r  cpu_inst/data_mem_inst/id_ex_reg[imm_ext][12]_i_2_comp/O
                         net (fo=8, routed)           0.473    12.648    cpu_inst/data_mem_inst/id_ex_reg[imm_ext][12]_i_2_n_0
    SLICE_X8Y31          LUT2 (Prop_lut2_I0_O)        0.124    12.772 r  cpu_inst/data_mem_inst/id_ex_reg[imm_ext][12]_i_1/O
                         net (fo=129, routed)         0.870    13.642    cpu_inst/data_mem_inst_n_14
    SLICE_X9Y31          FDRE                                         r  cpu_inst/id_ex_reg_reg[operand_a][24]/CE
  -------------------------------------------------------------------    -------------------

                         (clock sys_clk_pin rise edge)
                                                      8.900     8.900 r  <hidden>
                         propagated clock network latency
                                                      4.781    13.681    <hidden>
                         clock pessimism              0.260    13.941    <hidden>
                         clock uncertainty           -0.035    13.906    <hidden>
    SLICE_X9Y31          FDRE (Setup_fdre_C_CE)      -0.205    13.701    cpu_inst/id_ex_reg_reg[operand_a][24]
  -------------------------------------------------------------------
                         required time                         13.701    <hidden>
                         arrival time                         -13.642    <hidden>
  -------------------------------------------------------------------
                         slack                                  0.059    <hidden>

Slack (MET) :             0.059ns  (required time - arrival time)
  Source:                 cpu_inst/data_mem_inst/mem_reg/CLKARDCLK
                            (rising edge-triggered cell RAMB18E1 clocked by sys_clk_pin  {rise@0.000ns fall@4.450ns period=8.900ns})
  Destination:            cpu_inst/id_ex_reg_reg[operand_a][27]/CE
                            (rising edge-triggered cell FDRE clocked by sys_clk_pin  {rise@0.000ns fall@4.450ns period=8.900ns})
  Path Group:             sys_clk_pin
  Path Type:              Setup (Max at Slow Process Corner)
  Requirement:            8.900ns  (sys_clk_pin rise@8.900ns - sys_clk_pin rise@0.000ns)
  Data Path Delay:        8.527ns  (logic 4.139ns (48.539%)  route 4.388ns (51.461%))
  Logic Levels:           8  (CARRY4=3 LUT2=1 LUT3=1 LUT5=1 LUT6=2)
  Clock Path Skew:        -0.073ns (DCD - SCD + CPR)
    Destination Clock Delay (DCD):    4.781ns = ( 13.681 - 8.900 ) 
    Source Clock Delay      (SCD):    5.115ns
    Clock Pessimism Removal (CPR):    0.260ns
  Clock Uncertainty:      0.035ns  ((TSJ^2 + TIJ^2)^1/2 + DJ) / 2 + PE
    Total System Jitter     (TSJ):    0.071ns
    Total Input Jitter      (TIJ):    0.000ns
    Discrete Jitter          (DJ):    0.000ns
    Phase Error              (PE):    0.000ns

    Location             Delay type                Incr(ns)  Path(ns)    Netlist Resource(s)
  -------------------------------------------------------------------    -------------------
                         (clock sys_clk_pin rise edge)
                                                      0.000     0.000 r  <hidden>
                         propagated clock network latency
                                                      5.115     5.115    <hidden>
    RAMB18_X0Y9          RAMB18E1                     0.000     5.115 r  cpu_inst/data_mem_inst/mem_reg/CLKARDCLK
    RAMB18_X0Y9          RAMB18E1 (Prop_ramb18e1_CLKARDCLK_DOADO[4])
                                                      2.454     7.569 r  cpu_inst/data_mem_inst/mem_reg/DOADO[4]
                         net (fo=5, routed)           1.058     8.626    cpu_inst/data_mem_inst/mem_reg_n_11
    SLICE_X7Y25          LUT5 (Prop_lut5_I0_O)        0.124     8.750 r  cpu_inst/data_mem_inst/i__carry__0_i_12/O
                         net (fo=1, routed)           0.438     9.188    cpu_inst/data_mem_inst/i__carry__0_i_12_n_0
    SLICE_X7Y27          LUT3 (Prop_lut3_I2_O)        0.124     9.312 r  cpu_inst/data_mem_inst/i__carry__0_i_4__0/O
                         net (fo=5, routed)           0.837    10.149    cpu_inst/data_mem_inst/ex_mem_reg_reg[alu_result][4]
    SLICE_X8Y28          LUT6 (Prop_lut6_I5_O)        0.124    10.273 r  cpu_inst/data_mem_inst/i__carry_i_3/O
                         net (fo=1, routed)           0.000    10.273    cpu_inst/data_mem_inst_n_223
    SLICE_X8Y28          CARRY4 (Prop_carry4_S[1]_CO[3])
                                                      0.533    10.806 r  cpu_inst/ex_branch_taken0_inferred__0/i__carry/CO[3]
                         net (fo=1, routed)           0.000    10.806    cpu_inst/ex_branch_taken0_inferred__0/i__carry_n_0
    SLICE_X8Y29          CARRY4 (Prop_carry4_CI_CO[3])
                                                      0.117    10.923 r  cpu_inst/ex_branch_taken0_inferred__0/i__carry__0/CO[3]
                         net (fo=1, routed)           0.000    10.923    cpu_inst/ex_branch_taken0_inferred__0/i__carry__0_n_0
    SLICE_X8Y30          CARRY4 (Prop_carry4_CI_CO[2])
                                                      0.229    11.152 f  cpu_inst/ex_branch_taken0_inferred__0/i__carry__1/CO[2]
                         net (fo=39, routed)          0.713    11.865    cpu_inst/data_mem_inst/CO[0]
    SLICE_X9Y30          LUT6 (Prop_lut6_I5_O)        0.310    12.175 r  cpu_inst/data_mem_inst/id_ex_reg[imm_ext][12]_i_2_comp/O
                         net (fo=8, routed)           0.473    12.648    cpu_inst/data_mem_inst/id_ex_reg[imm_ext][12]_i_2_n_0
    SLICE_X8Y31          LUT2 (Prop_lut2_I0_O)        0.124    12.772 r  cpu_inst/data_mem_inst/id_ex_reg[imm_ext][12]_i_1/O
                         net (fo=129, routed)         0.870    13.642    cpu_inst/data_mem_inst_n_14
    SLICE_X9Y31          FDRE                                         r  cpu_inst/id_ex_reg_reg[operand_a][27]/CE
  -------------------------------------------------------------------    -------------------

                         (clock sys_clk_pin rise edge)
                                                      8.900     8.900 r  <hidden>
                         propagated clock network latency
                                                      4.781    13.681    <hidden>
                         clock pessimism              0.260    13.941    <hidden>
                         clock uncertainty           -0.035    13.906    <hidden>
    SLICE_X9Y31          FDRE (Setup_fdre_C_CE)      -0.205    13.701    cpu_inst/id_ex_reg_reg[operand_a][27]
  -------------------------------------------------------------------
                         required time                         13.701    <hidden>
                         arrival time                         -13.642    <hidden>
  -------------------------------------------------------------------
                         slack                                  0.059    <hidden>

Slack (MET) :             0.105ns  (required time - arrival time)
  Source:                 cpu_inst/data_mem_inst/mem_reg/CLKARDCLK
                            (rising edge-triggered cell RAMB18E1 clocked by sys_clk_pin  {rise@0.000ns fall@4.450ns period=8.900ns})
  Destination:            cpu_inst/fetch_buffer_instruction_reg[11]/CE
                            (rising edge-triggered cell FDRE clocked by sys_clk_pin  {rise@0.000ns fall@4.450ns period=8.900ns})
  Path Group:             sys_clk_pin
  Path Type:              Setup (Max at Slow Process Corner)
  Requirement:            8.900ns  (sys_clk_pin rise@8.900ns - sys_clk_pin rise@0.000ns)
  Data Path Delay:        8.554ns  (logic 4.139ns (48.384%)  route 4.415ns (51.616%))
  Logic Levels:           8  (CARRY4=3 LUT3=1 LUT4=1 LUT5=1 LUT6=2)
  Clock Path Skew:        0.000ns (DCD - SCD + CPR)
    Destination Clock Delay (DCD):    4.854ns = ( 13.754 - 8.900 ) 
    Source Clock Delay      (SCD):    5.115ns
    Clock Pessimism Removal (CPR):    0.260ns
  Clock Uncertainty:      0.035ns  ((TSJ^2 + TIJ^2)^1/2 + DJ) / 2 + PE
    Total System Jitter     (TSJ):    0.071ns
    Total Input Jitter      (TIJ):    0.000ns
    Discrete Jitter          (DJ):    0.000ns
    Phase Error              (PE):    0.000ns

    Location             Delay type                Incr(ns)  Path(ns)    Netlist Resource(s)
  -------------------------------------------------------------------    -------------------
                         (clock sys_clk_pin rise edge)
                                                      0.000     0.000 r  <hidden>
                         propagated clock network latency
                                                      5.115     5.115    <hidden>
    RAMB18_X0Y9          RAMB18E1                     0.000     5.115 r  cpu_inst/data_mem_inst/mem_reg/CLKARDCLK
    RAMB18_X0Y9          RAMB18E1 (Prop_ramb18e1_CLKARDCLK_DOADO[4])
                                                      2.454     7.569 r  cpu_inst/data_mem_inst/mem_reg/DOADO[4]
                         net (fo=5, routed)           1.058     8.626    cpu_inst/data_mem_inst/mem_reg_n_11
    SLICE_X7Y25          LUT5 (Prop_lut5_I0_O)        0.124     8.750 r  cpu_inst/data_mem_inst/i__carry__0_i_12/O
                         net (fo=1, routed)           0.438     9.188    cpu_inst/data_mem_inst/i__carry__0_i_12_n_0
    SLICE_X7Y27          LUT3 (Prop_lut3_I2_O)        0.124     9.312 r  cpu_inst/data_mem_inst/i__carry__0_i_4__0/O
                         net (fo=5, routed)           0.837    10.149    cpu_inst/data_mem_inst/ex_mem_reg_reg[alu_result][4]
    SLICE_X8Y28          LUT6 (Prop_lut6_I5_O)        0.124    10.273 r  cpu_inst/data_mem_inst/i__carry_i_3/O
                         net (fo=1, routed)           0.000    10.273    cpu_inst/data_mem_inst_n_223
    SLICE_X8Y28          CARRY4 (Prop_carry4_S[1]_CO[3])
                                                      0.533    10.806 r  cpu_inst/ex_branch_taken0_inferred__0/i__carry/CO[3]
                         net (fo=1, routed)           0.000    10.806    cpu_inst/ex_branch_taken0_inferred__0/i__carry_n_0
    SLICE_X8Y29          CARRY4 (Prop_carry4_CI_CO[3])
                                                      0.117    10.923 r  cpu_inst/ex_branch_taken0_inferred__0/i__carry__0/CO[3]
                         net (fo=1, routed)           0.000    10.923    cpu_inst/ex_branch_taken0_inferred__0/i__carry__0_n_0
    SLICE_X8Y30          CARRY4 (Prop_carry4_CI_CO[2])
                                                      0.229    11.152 f  cpu_inst/ex_branch_taken0_inferred__0/i__carry__1/CO[2]
                         net (fo=39, routed)          0.587    11.740    cpu_inst/data_mem_inst/CO[0]
    SLICE_X13Y30         LUT4 (Prop_lut4_I3_O)        0.310    12.050 f  cpu_inst/data_mem_inst/fetch_buffer_instruction[31]_i_2/O
                         net (fo=7, routed)           0.711    12.761    cpu_inst/data_mem_inst/fetch_buffer_instruction[31]_i_2_n_0
    SLICE_X9Y36          LUT6 (Prop_lut6_I4_O)        0.124    12.885 r  cpu_inst/data_mem_inst/fetch_buffer_instruction[31]_i_1/O
                         net (fo=63, routed)          0.784    13.669    cpu_inst/fetch_buffer_pc[0]
    SLICE_X5Y37          FDRE                                         r  cpu_inst/fetch_buffer_instruction_reg[11]/CE
  -------------------------------------------------------------------    -------------------

                         (clock sys_clk_pin rise edge)
                                                      8.900     8.900 r  <hidden>
                         propagated clock network latency
                                                      4.854    13.754    <hidden>
                         clock pessimism              0.260    14.014    <hidden>
                         clock uncertainty           -0.035    13.979    <hidden>
    SLICE_X5Y37          FDRE (Setup_fdre_C_CE)      -0.205    13.774    cpu_inst/fetch_buffer_instruction_reg[11]
  -------------------------------------------------------------------
                         required time                         13.774    <hidden>
                         arrival time                         -13.669    <hidden>
  -------------------------------------------------------------------
                         slack                                  0.105    <hidden>

Slack (MET) :             0.105ns  (required time - arrival time)
  Source:                 cpu_inst/data_mem_inst/mem_reg/CLKARDCLK
                            (rising edge-triggered cell RAMB18E1 clocked by sys_clk_pin  {rise@0.000ns fall@4.450ns period=8.900ns})
  Destination:            cpu_inst/fetch_buffer_instruction_reg[12]/CE
                            (rising edge-triggered cell FDRE clocked by sys_clk_pin  {rise@0.000ns fall@4.450ns period=8.900ns})
  Path Group:             sys_clk_pin
  Path Type:              Setup (Max at Slow Process Corner)
  Requirement:            8.900ns  (sys_clk_pin rise@8.900ns - sys_clk_pin rise@0.000ns)
  Data Path Delay:        8.554ns  (logic 4.139ns (48.384%)  route 4.415ns (51.616%))
  Logic Levels:           8  (CARRY4=3 LUT3=1 LUT4=1 LUT5=1 LUT6=2)
  Clock Path Skew:        0.000ns (DCD - SCD + CPR)
    Destination Clock Delay (DCD):    4.854ns = ( 13.754 - 8.900 ) 
    Source Clock Delay      (SCD):    5.115ns
    Clock Pessimism Removal (CPR):    0.260ns
  Clock Uncertainty:      0.035ns  ((TSJ^2 + TIJ^2)^1/2 + DJ) / 2 + PE
    Total System Jitter     (TSJ):    0.071ns
    Total Input Jitter      (TIJ):    0.000ns
    Discrete Jitter          (DJ):    0.000ns
    Phase Error              (PE):    0.000ns

    Location             Delay type                Incr(ns)  Path(ns)    Netlist Resource(s)
  -------------------------------------------------------------------    -------------------
                         (clock sys_clk_pin rise edge)
                                                      0.000     0.000 r  <hidden>
                         propagated clock network latency
                                                      5.115     5.115    <hidden>
    RAMB18_X0Y9          RAMB18E1                     0.000     5.115 r  cpu_inst/data_mem_inst/mem_reg/CLKARDCLK
    RAMB18_X0Y9          RAMB18E1 (Prop_ramb18e1_CLKARDCLK_DOADO[4])
                                                      2.454     7.569 r  cpu_inst/data_mem_inst/mem_reg/DOADO[4]
                         net (fo=5, routed)           1.058     8.626    cpu_inst/data_mem_inst/mem_reg_n_11
    SLICE_X7Y25          LUT5 (Prop_lut5_I0_O)        0.124     8.750 r  cpu_inst/data_mem_inst/i__carry__0_i_12/O
                         net (fo=1, routed)           0.438     9.188    cpu_inst/data_mem_inst/i__carry__0_i_12_n_0
    SLICE_X7Y27          LUT3 (Prop_lut3_I2_O)        0.124     9.312 r  cpu_inst/data_mem_inst/i__carry__0_i_4__0/O
                         net (fo=5, routed)           0.837    10.149    cpu_inst/data_mem_inst/ex_mem_reg_reg[alu_result][4]
    SLICE_X8Y28          LUT6 (Prop_lut6_I5_O)        0.124    10.273 r  cpu_inst/data_mem_inst/i__carry_i_3/O
                         net (fo=1, routed)           0.000    10.273    cpu_inst/data_mem_inst_n_223
    SLICE_X8Y28          CARRY4 (Prop_carry4_S[1]_CO[3])
                                                      0.533    10.806 r  cpu_inst/ex_branch_taken0_inferred__0/i__carry/CO[3]
                         net (fo=1, routed)           0.000    10.806    cpu_inst/ex_branch_taken0_inferred__0/i__carry_n_0
    SLICE_X8Y29          CARRY4 (Prop_carry4_CI_CO[3])
                                                      0.117    10.923 r  cpu_inst/ex_branch_taken0_inferred__0/i__carry__0/CO[3]
                         net (fo=1, routed)           0.000    10.923    cpu_inst/ex_branch_taken0_inferred__0/i__carry__0_n_0
    SLICE_X8Y30          CARRY4 (Prop_carry4_CI_CO[2])
                                                      0.229    11.152 f  cpu_inst/ex_branch_taken0_inferred__0/i__carry__1/CO[2]
                         net (fo=39, routed)          0.587    11.740    cpu_inst/data_mem_inst/CO[0]
    SLICE_X13Y30         LUT4 (Prop_lut4_I3_O)        0.310    12.050 f  cpu_inst/data_mem_inst/fetch_buffer_instruction[31]_i_2/O
                         net (fo=7, routed)           0.711    12.761    cpu_inst/data_mem_inst/fetch_buffer_instruction[31]_i_2_n_0
    SLICE_X9Y36          LUT6 (Prop_lut6_I4_O)        0.124    12.885 r  cpu_inst/data_mem_inst/fetch_buffer_instruction[31]_i_1/O
                         net (fo=63, routed)          0.784    13.669    cpu_inst/fetch_buffer_pc[0]
    SLICE_X5Y37          FDRE                                         r  cpu_inst/fetch_buffer_instruction_reg[12]/CE
  -------------------------------------------------------------------    -------------------

                         (clock sys_clk_pin rise edge)
                                                      8.900     8.900 r  <hidden>
                         propagated clock network latency
                                                      4.854    13.754    <hidden>
                         clock pessimism              0.260    14.014    <hidden>
                         clock uncertainty           -0.035    13.979    <hidden>
    SLICE_X5Y37          FDRE (Setup_fdre_C_CE)      -0.205    13.774    cpu_inst/fetch_buffer_instruction_reg[12]
  -------------------------------------------------------------------
                         required time                         13.774    <hidden>
                         arrival time                         -13.669    <hidden>
  -------------------------------------------------------------------
                         slack                                  0.105    <hidden>

Slack (MET) :             0.105ns  (required time - arrival time)
  Source:                 cpu_inst/data_mem_inst/mem_reg/CLKARDCLK
                            (rising edge-triggered cell RAMB18E1 clocked by sys_clk_pin  {rise@0.000ns fall@4.450ns period=8.900ns})
  Destination:            cpu_inst/fetch_buffer_instruction_reg[2]/CE
                            (rising edge-triggered cell FDRE clocked by sys_clk_pin  {rise@0.000ns fall@4.450ns period=8.900ns})
  Path Group:             sys_clk_pin
  Path Type:              Setup (Max at Slow Process Corner)
  Requirement:            8.900ns  (sys_clk_pin rise@8.900ns - sys_clk_pin rise@0.000ns)
  Data Path Delay:        8.554ns  (logic 4.139ns (48.384%)  route 4.415ns (51.616%))
  Logic Levels:           8  (CARRY4=3 LUT3=1 LUT4=1 LUT5=1 LUT6=2)
  Clock Path Skew:        0.000ns (DCD - SCD + CPR)
    Destination Clock Delay (DCD):    4.854ns = ( 13.754 - 8.900 ) 
    Source Clock Delay      (SCD):    5.115ns
    Clock Pessimism Removal (CPR):    0.260ns
  Clock Uncertainty:      0.035ns  ((TSJ^2 + TIJ^2)^1/2 + DJ) / 2 + PE
    Total System Jitter     (TSJ):    0.071ns
    Total Input Jitter      (TIJ):    0.000ns
    Discrete Jitter          (DJ):    0.000ns
    Phase Error              (PE):    0.000ns

    Location             Delay type                Incr(ns)  Path(ns)    Netlist Resource(s)
  -------------------------------------------------------------------    -------------------
                         (clock sys_clk_pin rise edge)
                                                      0.000     0.000 r  <hidden>
                         propagated clock network latency
                                                      5.115     5.115    <hidden>
    RAMB18_X0Y9          RAMB18E1                     0.000     5.115 r  cpu_inst/data_mem_inst/mem_reg/CLKARDCLK
    RAMB18_X0Y9          RAMB18E1 (Prop_ramb18e1_CLKARDCLK_DOADO[4])
                                                      2.454     7.569 r  cpu_inst/data_mem_inst/mem_reg/DOADO[4]
                         net (fo=5, routed)           1.058     8.626    cpu_inst/data_mem_inst/mem_reg_n_11
    SLICE_X7Y25          LUT5 (Prop_lut5_I0_O)        0.124     8.750 r  cpu_inst/data_mem_inst/i__carry__0_i_12/O
                         net (fo=1, routed)           0.438     9.188    cpu_inst/data_mem_inst/i__carry__0_i_12_n_0
    SLICE_X7Y27          LUT3 (Prop_lut3_I2_O)        0.124     9.312 r  cpu_inst/data_mem_inst/i__carry__0_i_4__0/O
                         net (fo=5, routed)           0.837    10.149    cpu_inst/data_mem_inst/ex_mem_reg_reg[alu_result][4]
    SLICE_X8Y28          LUT6 (Prop_lut6_I5_O)        0.124    10.273 r  cpu_inst/data_mem_inst/i__carry_i_3/O
                         net (fo=1, routed)           0.000    10.273    cpu_inst/data_mem_inst_n_223
    SLICE_X8Y28          CARRY4 (Prop_carry4_S[1]_CO[3])
                                                      0.533    10.806 r  cpu_inst/ex_branch_taken0_inferred__0/i__carry/CO[3]
                         net (fo=1, routed)           0.000    10.806    cpu_inst/ex_branch_taken0_inferred__0/i__carry_n_0
    SLICE_X8Y29          CARRY4 (Prop_carry4_CI_CO[3])
                                                      0.117    10.923 r  cpu_inst/ex_branch_taken0_inferred__0/i__carry__0/CO[3]
                         net (fo=1, routed)           0.000    10.923    cpu_inst/ex_branch_taken0_inferred__0/i__carry__0_n_0
    SLICE_X8Y30          CARRY4 (Prop_carry4_CI_CO[2])
                                                      0.229    11.152 f  cpu_inst/ex_branch_taken0_inferred__0/i__carry__1/CO[2]
                         net (fo=39, routed)          0.587    11.740    cpu_inst/data_mem_inst/CO[0]
    SLICE_X13Y30         LUT4 (Prop_lut4_I3_O)        0.310    12.050 f  cpu_inst/data_mem_inst/fetch_buffer_instruction[31]_i_2/O
                         net (fo=7, routed)           0.711    12.761    cpu_inst/data_mem_inst/fetch_buffer_instruction[31]_i_2_n_0
    SLICE_X9Y36          LUT6 (Prop_lut6_I4_O)        0.124    12.885 r  cpu_inst/data_mem_inst/fetch_buffer_instruction[31]_i_1/O
                         net (fo=63, routed)          0.784    13.669    cpu_inst/fetch_buffer_pc[0]
    SLICE_X5Y37          FDRE                                         r  cpu_inst/fetch_buffer_instruction_reg[2]/CE
  -------------------------------------------------------------------    -------------------

                         (clock sys_clk_pin rise edge)
                                                      8.900     8.900 r  <hidden>
                         propagated clock network latency
                                                      4.854    13.754    <hidden>
                         clock pessimism              0.260    14.014    <hidden>
                         clock uncertainty           -0.035    13.979    <hidden>
    SLICE_X5Y37          FDRE (Setup_fdre_C_CE)      -0.205    13.774    cpu_inst/fetch_buffer_instruction_reg[2]
  -------------------------------------------------------------------
                         required time                         13.774    <hidden>
                         arrival time                         -13.669    <hidden>
  -------------------------------------------------------------------
                         slack                                  0.105    <hidden>

Slack (MET) :             0.105ns  (required time - arrival time)
  Source:                 cpu_inst/data_mem_inst/mem_reg/CLKARDCLK
                            (rising edge-triggered cell RAMB18E1 clocked by sys_clk_pin  {rise@0.000ns fall@4.450ns period=8.900ns})
  Destination:            cpu_inst/fetch_buffer_pc_reg[15]/CE
                            (rising edge-triggered cell FDRE clocked by sys_clk_pin  {rise@0.000ns fall@4.450ns period=8.900ns})
  Path Group:             sys_clk_pin
  Path Type:              Setup (Max at Slow Process Corner)
  Requirement:            8.900ns  (sys_clk_pin rise@8.900ns - sys_clk_pin rise@0.000ns)
  Data Path Delay:        8.554ns  (logic 4.139ns (48.384%)  route 4.415ns (51.616%))
  Logic Levels:           8  (CARRY4=3 LUT3=1 LUT4=1 LUT5=1 LUT6=2)
  Clock Path Skew:        0.000ns (DCD - SCD + CPR)
    Destination Clock Delay (DCD):    4.854ns = ( 13.754 - 8.900 ) 
    Source Clock Delay      (SCD):    5.115ns
    Clock Pessimism Removal (CPR):    0.260ns
  Clock Uncertainty:      0.035ns  ((TSJ^2 + TIJ^2)^1/2 + DJ) / 2 + PE
    Total System Jitter     (TSJ):    0.071ns
    Total Input Jitter      (TIJ):    0.000ns
    Discrete Jitter          (DJ):    0.000ns
    Phase Error              (PE):    0.000ns

    Location             Delay type                Incr(ns)  Path(ns)    Netlist Resource(s)
  -------------------------------------------------------------------    -------------------
                         (clock sys_clk_pin rise edge)
                                                      0.000     0.000 r  <hidden>
                         propagated clock network latency
                                                      5.115     5.115    <hidden>
    RAMB18_X0Y9          RAMB18E1                     0.000     5.115 r  cpu_inst/data_mem_inst/mem_reg/CLKARDCLK
    RAMB18_X0Y9          RAMB18E1 (Prop_ramb18e1_CLKARDCLK_DOADO[4])
                                                      2.454     7.569 r  cpu_inst/data_mem_inst/mem_reg/DOADO[4]
                         net (fo=5, routed)           1.058     8.626    cpu_inst/data_mem_inst/mem_reg_n_11
    SLICE_X7Y25          LUT5 (Prop_lut5_I0_O)        0.124     8.750 r  cpu_inst/data_mem_inst/i__carry__0_i_12/O
                         net (fo=1, routed)           0.438     9.188    cpu_inst/data_mem_inst/i__carry__0_i_12_n_0
    SLICE_X7Y27          LUT3 (Prop_lut3_I2_O)        0.124     9.312 r  cpu_inst/data_mem_inst/i__carry__0_i_4__0/O
                         net (fo=5, routed)           0.837    10.149    cpu_inst/data_mem_inst/ex_mem_reg_reg[alu_result][4]
    SLICE_X8Y28          LUT6 (Prop_lut6_I5_O)        0.124    10.273 r  cpu_inst/data_mem_inst/i__carry_i_3/O
                         net (fo=1, routed)           0.000    10.273    cpu_inst/data_mem_inst_n_223
    SLICE_X8Y28          CARRY4 (Prop_carry4_S[1]_CO[3])
                                                      0.533    10.806 r  cpu_inst/ex_branch_taken0_inferred__0/i__carry/CO[3]
                         net (fo=1, routed)           0.000    10.806    cpu_inst/ex_branch_taken0_inferred__0/i__carry_n_0
    SLICE_X8Y29          CARRY4 (Prop_carry4_CI_CO[3])
                                                      0.117    10.923 r  cpu_inst/ex_branch_taken0_inferred__0/i__carry__0/CO[3]
                         net (fo=1, routed)           0.000    10.923    cpu_inst/ex_branch_taken0_inferred__0/i__carry__0_n_0
    SLICE_X8Y30          CARRY4 (Prop_carry4_CI_CO[2])
                                                      0.229    11.152 f  cpu_inst/ex_branch_taken0_inferred__0/i__carry__1/CO[2]
                         net (fo=39, routed)          0.587    11.740    cpu_inst/data_mem_inst/CO[0]
    SLICE_X13Y30         LUT4 (Prop_lut4_I3_O)        0.310    12.050 f  cpu_inst/data_mem_inst/fetch_buffer_instruction[31]_i_2/O
                         net (fo=7, routed)           0.711    12.761    cpu_inst/data_mem_inst/fetch_buffer_instruction[31]_i_2_n_0
    SLICE_X9Y36          LUT6 (Prop_lut6_I4_O)        0.124    12.885 r  cpu_inst/data_mem_inst/fetch_buffer_instruction[31]_i_1/O
                         net (fo=63, routed)          0.784    13.669    cpu_inst/fetch_buffer_pc[0]
    SLICE_X5Y37          FDRE                                         r  cpu_inst/fetch_buffer_pc_reg[15]/CE
  -------------------------------------------------------------------    -------------------

                         (clock sys_clk_pin rise edge)
                                                      8.900     8.900 r  <hidden>
                         propagated clock network latency
                                                      4.854    13.754    <hidden>
                         clock pessimism              0.260    14.014    <hidden>
                         clock uncertainty           -0.035    13.979    <hidden>
    SLICE_X5Y37          FDRE (Setup_fdre_C_CE)      -0.205    13.774    cpu_inst/fetch_buffer_pc_reg[15]
  -------------------------------------------------------------------
                         required time                         13.774    <hidden>
                         arrival time                         -13.669    <hidden>
  -------------------------------------------------------------------
                         slack                                  0.105    <hidden>

Slack (MET) :             0.105ns  (required time - arrival time)
  Source:                 cpu_inst/data_mem_inst/mem_reg/CLKARDCLK
                            (rising edge-triggered cell RAMB18E1 clocked by sys_clk_pin  {rise@0.000ns fall@4.450ns period=8.900ns})
  Destination:            cpu_inst/fetch_buffer_pc_reg[1]/CE
                            (rising edge-triggered cell FDRE clocked by sys_clk_pin  {rise@0.000ns fall@4.450ns period=8.900ns})
  Path Group:             sys_clk_pin
  Path Type:              Setup (Max at Slow Process Corner)
  Requirement:            8.900ns  (sys_clk_pin rise@8.900ns - sys_clk_pin rise@0.000ns)
  Data Path Delay:        8.554ns  (logic 4.139ns (48.384%)  route 4.415ns (51.616%))
  Logic Levels:           8  (CARRY4=3 LUT3=1 LUT4=1 LUT5=1 LUT6=2)
  Clock Path Skew:        0.000ns (DCD - SCD + CPR)
    Destination Clock Delay (DCD):    4.854ns = ( 13.754 - 8.900 ) 
    Source Clock Delay      (SCD):    5.115ns
    Clock Pessimism Removal (CPR):    0.260ns
  Clock Uncertainty:      0.035ns  ((TSJ^2 + TIJ^2)^1/2 + DJ) / 2 + PE
    Total System Jitter     (TSJ):    0.071ns
    Total Input Jitter      (TIJ):    0.000ns
    Discrete Jitter          (DJ):    0.000ns
    Phase Error              (PE):    0.000ns

    Location             Delay type                Incr(ns)  Path(ns)    Netlist Resource(s)
  -------------------------------------------------------------------    -------------------
                         (clock sys_clk_pin rise edge)
                                                      0.000     0.000 r  <hidden>
                         propagated clock network latency
                                                      5.115     5.115    <hidden>
    RAMB18_X0Y9          RAMB18E1                     0.000     5.115 r  cpu_inst/data_mem_inst/mem_reg/CLKARDCLK
    RAMB18_X0Y9          RAMB18E1 (Prop_ramb18e1_CLKARDCLK_DOADO[4])
                                                      2.454     7.569 r  cpu_inst/data_mem_inst/mem_reg/DOADO[4]
                         net (fo=5, routed)           1.058     8.626    cpu_inst/data_mem_inst/mem_reg_n_11
    SLICE_X7Y25          LUT5 (Prop_lut5_I0_O)        0.124     8.750 r  cpu_inst/data_mem_inst/i__carry__0_i_12/O
                         net (fo=1, routed)           0.438     9.188    cpu_inst/data_mem_inst/i__carry__0_i_12_n_0
    SLICE_X7Y27          LUT3 (Prop_lut3_I2_O)        0.124     9.312 r  cpu_inst/data_mem_inst/i__carry__0_i_4__0/O
                         net (fo=5, routed)           0.837    10.149    cpu_inst/data_mem_inst/ex_mem_reg_reg[alu_result][4]
    SLICE_X8Y28          LUT6 (Prop_lut6_I5_O)        0.124    10.273 r  cpu_inst/data_mem_inst/i__carry_i_3/O
                         net (fo=1, routed)           0.000    10.273    cpu_inst/data_mem_inst_n_223
    SLICE_X8Y28          CARRY4 (Prop_carry4_S[1]_CO[3])
                                                      0.533    10.806 r  cpu_inst/ex_branch_taken0_inferred__0/i__carry/CO[3]
                         net (fo=1, routed)           0.000    10.806    cpu_inst/ex_branch_taken0_inferred__0/i__carry_n_0
    SLICE_X8Y29          CARRY4 (Prop_carry4_CI_CO[3])
                                                      0.117    10.923 r  cpu_inst/ex_branch_taken0_inferred__0/i__carry__0/CO[3]
                         net (fo=1, routed)           0.000    10.923    cpu_inst/ex_branch_taken0_inferred__0/i__carry__0_n_0
    SLICE_X8Y30          CARRY4 (Prop_carry4_CI_CO[2])
                                                      0.229    11.152 f  cpu_inst/ex_branch_taken0_inferred__0/i__carry__1/CO[2]
                         net (fo=39, routed)          0.587    11.740    cpu_inst/data_mem_inst/CO[0]
    SLICE_X13Y30         LUT4 (Prop_lut4_I3_O)        0.310    12.050 f  cpu_inst/data_mem_inst/fetch_buffer_instruction[31]_i_2/O
                         net (fo=7, routed)           0.711    12.761    cpu_inst/data_mem_inst/fetch_buffer_instruction[31]_i_2_n_0
    SLICE_X9Y36          LUT6 (Prop_lut6_I4_O)        0.124    12.885 r  cpu_inst/data_mem_inst/fetch_buffer_instruction[31]_i_1/O
                         net (fo=63, routed)          0.784    13.669    cpu_inst/fetch_buffer_pc[0]
    SLICE_X5Y37          FDRE                                         r  cpu_inst/fetch_buffer_pc_reg[1]/CE
  -------------------------------------------------------------------    -------------------

                         (clock sys_clk_pin rise edge)
                                                      8.900     8.900 r  <hidden>
                         propagated clock network latency
                                                      4.854    13.754    <hidden>
                         clock pessimism              0.260    14.014    <hidden>
                         clock uncertainty           -0.035    13.979    <hidden>
    SLICE_X5Y37          FDRE (Setup_fdre_C_CE)      -0.205    13.774    cpu_inst/fetch_buffer_pc_reg[1]
  -------------------------------------------------------------------
                         required time                         13.774    <hidden>
                         arrival time                         -13.669    <hidden>
  -------------------------------------------------------------------
                         slack                                  0.105    <hidden>

Slack (MET) :             0.105ns  (required time - arrival time)
  Source:                 cpu_inst/data_mem_inst/mem_reg/CLKARDCLK
                            (rising edge-triggered cell RAMB18E1 clocked by sys_clk_pin  {rise@0.000ns fall@4.450ns period=8.900ns})
  Destination:            cpu_inst/fetch_buffer_pc_reg[31]/CE
                            (rising edge-triggered cell FDRE clocked by sys_clk_pin  {rise@0.000ns fall@4.450ns period=8.900ns})
  Path Group:             sys_clk_pin
  Path Type:              Setup (Max at Slow Process Corner)
  Requirement:            8.900ns  (sys_clk_pin rise@8.900ns - sys_clk_pin rise@0.000ns)
  Data Path Delay:        8.554ns  (logic 4.139ns (48.384%)  route 4.415ns (51.616%))
  Logic Levels:           8  (CARRY4=3 LUT3=1 LUT4=1 LUT5=1 LUT6=2)
  Clock Path Skew:        0.000ns (DCD - SCD + CPR)
    Destination Clock Delay (DCD):    4.854ns = ( 13.754 - 8.900 ) 
    Source Clock Delay      (SCD):    5.115ns
    Clock Pessimism Removal (CPR):    0.260ns
  Clock Uncertainty:      0.035ns  ((TSJ^2 + TIJ^2)^1/2 + DJ) / 2 + PE
    Total System Jitter     (TSJ):    0.071ns
    Total Input Jitter      (TIJ):    0.000ns
    Discrete Jitter          (DJ):    0.000ns
    Phase Error              (PE):    0.000ns

    Location             Delay type                Incr(ns)  Path(ns)    Netlist Resource(s)
  -------------------------------------------------------------------    -------------------
                         (clock sys_clk_pin rise edge)
                                                      0.000     0.000 r  <hidden>
                         propagated clock network latency
                                                      5.115     5.115    <hidden>
    RAMB18_X0Y9          RAMB18E1                     0.000     5.115 r  cpu_inst/data_mem_inst/mem_reg/CLKARDCLK
    RAMB18_X0Y9          RAMB18E1 (Prop_ramb18e1_CLKARDCLK_DOADO[4])
                                                      2.454     7.569 r  cpu_inst/data_mem_inst/mem_reg/DOADO[4]
                         net (fo=5, routed)           1.058     8.626    cpu_inst/data_mem_inst/mem_reg_n_11
    SLICE_X7Y25          LUT5 (Prop_lut5_I0_O)        0.124     8.750 r  cpu_inst/data_mem_inst/i__carry__0_i_12/O
                         net (fo=1, routed)           0.438     9.188    cpu_inst/data_mem_inst/i__carry__0_i_12_n_0
    SLICE_X7Y27          LUT3 (Prop_lut3_I2_O)        0.124     9.312 r  cpu_inst/data_mem_inst/i__carry__0_i_4__0/O
                         net (fo=5, routed)           0.837    10.149    cpu_inst/data_mem_inst/ex_mem_reg_reg[alu_result][4]
    SLICE_X8Y28          LUT6 (Prop_lut6_I5_O)        0.124    10.273 r  cpu_inst/data_mem_inst/i__carry_i_3/O
                         net (fo=1, routed)           0.000    10.273    cpu_inst/data_mem_inst_n_223
    SLICE_X8Y28          CARRY4 (Prop_carry4_S[1]_CO[3])
                                                      0.533    10.806 r  cpu_inst/ex_branch_taken0_inferred__0/i__carry/CO[3]
                         net (fo=1, routed)           0.000    10.806    cpu_inst/ex_branch_taken0_inferred__0/i__carry_n_0
    SLICE_X8Y29          CARRY4 (Prop_carry4_CI_CO[3])
                                                      0.117    10.923 r  cpu_inst/ex_branch_taken0_inferred__0/i__carry__0/CO[3]
                         net (fo=1, routed)           0.000    10.923    cpu_inst/ex_branch_taken0_inferred__0/i__carry__0_n_0
    SLICE_X8Y30          CARRY4 (Prop_carry4_CI_CO[2])
                                                      0.229    11.152 f  cpu_inst/ex_branch_taken0_inferred__0/i__carry__1/CO[2]
                         net (fo=39, routed)          0.587    11.740    cpu_inst/data_mem_inst/CO[0]
    SLICE_X13Y30         LUT4 (Prop_lut4_I3_O)        0.310    12.050 f  cpu_inst/data_mem_inst/fetch_buffer_instruction[31]_i_2/O
                         net (fo=7, routed)           0.711    12.761    cpu_inst/data_mem_inst/fetch_buffer_instruction[31]_i_2_n_0
    SLICE_X9Y36          LUT6 (Prop_lut6_I4_O)        0.124    12.885 r  cpu_inst/data_mem_inst/fetch_buffer_instruction[31]_i_1/O
                         net (fo=63, routed)          0.784    13.669    cpu_inst/fetch_buffer_pc[0]
    SLICE_X5Y37          FDRE                                         r  cpu_inst/fetch_buffer_pc_reg[31]/CE
  -------------------------------------------------------------------    -------------------

                         (clock sys_clk_pin rise edge)
                                                      8.900     8.900 r  <hidden>
                         propagated clock network latency
                                                      4.854    13.754    <hidden>
                         clock pessimism              0.260    14.014    <hidden>
                         clock uncertainty           -0.035    13.979    <hidden>
    SLICE_X5Y37          FDRE (Setup_fdre_C_CE)      -0.205    13.774    cpu_inst/fetch_buffer_pc_reg[31]
  -------------------------------------------------------------------
                         required time                         13.774    <hidden>
                         arrival time                         -13.669    <hidden>
  -------------------------------------------------------------------
                         slack                                  0.105    <hidden>

Slack (MET) :             0.105ns  (required time - arrival time)
  Source:                 cpu_inst/data_mem_inst/mem_reg/CLKARDCLK
                            (rising edge-triggered cell RAMB18E1 clocked by sys_clk_pin  {rise@0.000ns fall@4.450ns period=8.900ns})
  Destination:            cpu_inst/fetch_buffer_pc_reg[5]/CE
                            (rising edge-triggered cell FDRE clocked by sys_clk_pin  {rise@0.000ns fall@4.450ns period=8.900ns})
  Path Group:             sys_clk_pin
  Path Type:              Setup (Max at Slow Process Corner)
  Requirement:            8.900ns  (sys_clk_pin rise@8.900ns - sys_clk_pin rise@0.000ns)
  Data Path Delay:        8.554ns  (logic 4.139ns (48.384%)  route 4.415ns (51.616%))
  Logic Levels:           8  (CARRY4=3 LUT3=1 LUT4=1 LUT5=1 LUT6=2)
  Clock Path Skew:        0.000ns (DCD - SCD + CPR)
    Destination Clock Delay (DCD):    4.854ns = ( 13.754 - 8.900 ) 
    Source Clock Delay      (SCD):    5.115ns
    Clock Pessimism Removal (CPR):    0.260ns
  Clock Uncertainty:      0.035ns  ((TSJ^2 + TIJ^2)^1/2 + DJ) / 2 + PE
    Total System Jitter     (TSJ):    0.071ns
    Total Input Jitter      (TIJ):    0.000ns
    Discrete Jitter          (DJ):    0.000ns
    Phase Error              (PE):    0.000ns

    Location             Delay type                Incr(ns)  Path(ns)    Netlist Resource(s)
  -------------------------------------------------------------------    -------------------
                         (clock sys_clk_pin rise edge)
                                                      0.000     0.000 r  <hidden>
                         propagated clock network latency
                                                      5.115     5.115    <hidden>
    RAMB18_X0Y9          RAMB18E1                     0.000     5.115 r  cpu_inst/data_mem_inst/mem_reg/CLKARDCLK
    RAMB18_X0Y9          RAMB18E1 (Prop_ramb18e1_CLKARDCLK_DOADO[4])
                                                      2.454     7.569 r  cpu_inst/data_mem_inst/mem_reg/DOADO[4]
                         net (fo=5, routed)           1.058     8.626    cpu_inst/data_mem_inst/mem_reg_n_11
    SLICE_X7Y25          LUT5 (Prop_lut5_I0_O)        0.124     8.750 r  cpu_inst/data_mem_inst/i__carry__0_i_12/O
                         net (fo=1, routed)           0.438     9.188    cpu_inst/data_mem_inst/i__carry__0_i_12_n_0
    SLICE_X7Y27          LUT3 (Prop_lut3_I2_O)        0.124     9.312 r  cpu_inst/data_mem_inst/i__carry__0_i_4__0/O
                         net (fo=5, routed)           0.837    10.149    cpu_inst/data_mem_inst/ex_mem_reg_reg[alu_result][4]
    SLICE_X8Y28          LUT6 (Prop_lut6_I5_O)        0.124    10.273 r  cpu_inst/data_mem_inst/i__carry_i_3/O
                         net (fo=1, routed)           0.000    10.273    cpu_inst/data_mem_inst_n_223
    SLICE_X8Y28          CARRY4 (Prop_carry4_S[1]_CO[3])
                                                      0.533    10.806 r  cpu_inst/ex_branch_taken0_inferred__0/i__carry/CO[3]
                         net (fo=1, routed)           0.000    10.806    cpu_inst/ex_branch_taken0_inferred__0/i__carry_n_0
    SLICE_X8Y29          CARRY4 (Prop_carry4_CI_CO[3])
                                                      0.117    10.923 r  cpu_inst/ex_branch_taken0_inferred__0/i__carry__0/CO[3]
                         net (fo=1, routed)           0.000    10.923    cpu_inst/ex_branch_taken0_inferred__0/i__carry__0_n_0
    SLICE_X8Y30          CARRY4 (Prop_carry4_CI_CO[2])
                                                      0.229    11.152 f  cpu_inst/ex_branch_taken0_inferred__0/i__carry__1/CO[2]
                         net (fo=39, routed)          0.587    11.740    cpu_inst/data_mem_inst/CO[0]
    SLICE_X13Y30         LUT4 (Prop_lut4_I3_O)        0.310    12.050 f  cpu_inst/data_mem_inst/fetch_buffer_instruction[31]_i_2/O
                         net (fo=7, routed)           0.711    12.761    cpu_inst/data_mem_inst/fetch_buffer_instruction[31]_i_2_n_0
    SLICE_X9Y36          LUT6 (Prop_lut6_I4_O)        0.124    12.885 r  cpu_inst/data_mem_inst/fetch_buffer_instruction[31]_i_1/O
                         net (fo=63, routed)          0.784    13.669    cpu_inst/fetch_buffer_pc[0]
    SLICE_X5Y37          FDRE                                         r  cpu_inst/fetch_buffer_pc_reg[5]/CE
  -------------------------------------------------------------------    -------------------

                         (clock sys_clk_pin rise edge)
                                                      8.900     8.900 r  <hidden>
                         propagated clock network latency
                                                      4.854    13.754    <hidden>
                         clock pessimism              0.260    14.014    <hidden>
                         clock uncertainty           -0.035    13.979    <hidden>
    SLICE_X5Y37          FDRE (Setup_fdre_C_CE)      -0.205    13.774    cpu_inst/fetch_buffer_pc_reg[5]
  -------------------------------------------------------------------
                         required time                         13.774    <hidden>
                         arrival time                         -13.669    <hidden>
  -------------------------------------------------------------------
                         slack                                  0.105    <hidden>

Slack (MET) :             0.105ns  (required time - arrival time)
  Source:                 cpu_inst/data_mem_inst/mem_reg/CLKARDCLK
                            (rising edge-triggered cell RAMB18E1 clocked by sys_clk_pin  {rise@0.000ns fall@4.450ns period=8.900ns})
  Destination:            cpu_inst/fetch_buffer_instruction_reg[25]/CE
                            (rising edge-triggered cell FDRE clocked by sys_clk_pin  {rise@0.000ns fall@4.450ns period=8.900ns})
  Path Group:             sys_clk_pin
  Path Type:              Setup (Max at Slow Process Corner)
  Requirement:            8.900ns  (sys_clk_pin rise@8.900ns - sys_clk_pin rise@0.000ns)
  Data Path Delay:        8.486ns  (logic 4.139ns (48.775%)  route 4.347ns (51.225%))
  Logic Levels:           8  (CARRY4=3 LUT3=1 LUT4=1 LUT5=1 LUT6=2)
  Clock Path Skew:        -0.068ns (DCD - SCD + CPR)
    Destination Clock Delay (DCD):    4.786ns = ( 13.686 - 8.900 ) 
    Source Clock Delay      (SCD):    5.115ns
    Clock Pessimism Removal (CPR):    0.260ns
  Clock Uncertainty:      0.035ns  ((TSJ^2 + TIJ^2)^1/2 + DJ) / 2 + PE
    Total System Jitter     (TSJ):    0.071ns
    Total Input Jitter      (TIJ):    0.000ns
    Discrete Jitter          (DJ):    0.000ns
    Phase Error              (PE):    0.000ns

    Location             Delay type                Incr(ns)  Path(ns)    Netlist Resource(s)
  -------------------------------------------------------------------    -------------------
                         (clock sys_clk_pin rise edge)
                                                      0.000     0.000 r  <hidden>
                         propagated clock network latency
                                                      5.115     5.115    <hidden>
    RAMB18_X0Y9          RAMB18E1                     0.000     5.115 r  cpu_inst/data_mem_inst/mem_reg/CLKARDCLK
    RAMB18_X0Y9          RAMB18E1 (Prop_ramb18e1_CLKARDCLK_DOADO[4])
                                                      2.454     7.569 r  cpu_inst/data_mem_inst/mem_reg/DOADO[4]
                         net (fo=5, routed)           1.058     8.626    cpu_inst/data_mem_inst/mem_reg_n_11
    SLICE_X7Y25          LUT5 (Prop_lut5_I0_O)        0.124     8.750 r  cpu_inst/data_mem_inst/i__carry__0_i_12/O
                         net (fo=1, routed)           0.438     9.188    cpu_inst/data_mem_inst/i__carry__0_i_12_n_0
    SLICE_X7Y27          LUT3 (Prop_lut3_I2_O)        0.124     9.312 r  cpu_inst/data_mem_inst/i__carry__0_i_4__0/O
                         net (fo=5, routed)           0.837    10.149    cpu_inst/data_mem_inst/ex_mem_reg_reg[alu_result][4]
    SLICE_X8Y28          LUT6 (Prop_lut6_I5_O)        0.124    10.273 r  cpu_inst/data_mem_inst/i__carry_i_3/O
                         net (fo=1, routed)           0.000    10.273    cpu_inst/data_mem_inst_n_223
    SLICE_X8Y28          CARRY4 (Prop_carry4_S[1]_CO[3])
                                                      0.533    10.806 r  cpu_inst/ex_branch_taken0_inferred__0/i__carry/CO[3]
                         net (fo=1, routed)           0.000    10.806    cpu_inst/ex_branch_taken0_inferred__0/i__carry_n_0
    SLICE_X8Y29          CARRY4 (Prop_carry4_CI_CO[3])
                                                      0.117    10.923 r  cpu_inst/ex_branch_taken0_inferred__0/i__carry__0/CO[3]
                         net (fo=1, routed)           0.000    10.923    cpu_inst/ex_branch_taken0_inferred__0/i__carry__0_n_0
    SLICE_X8Y30          CARRY4 (Prop_carry4_CI_CO[2])
                                                      0.229    11.152 f  cpu_inst/ex_branch_taken0_inferred__0/i__carry__1/CO[2]
                         net (fo=39, routed)          0.587    11.740    cpu_inst/data_mem_inst/CO[0]
    SLICE_X13Y30         LUT4 (Prop_lut4_I3_O)        0.310    12.050 f  cpu_inst/data_mem_inst/fetch_buffer_instruction[31]_i_2/O
                         net (fo=7, routed)           0.711    12.761    cpu_inst/data_mem_inst/fetch_buffer_instruction[31]_i_2_n_0
    SLICE_X9Y36          LUT6 (Prop_lut6_I4_O)        0.124    12.885 r  cpu_inst/data_mem_inst/fetch_buffer_instruction[31]_i_1/O
                         net (fo=63, routed)          0.716    13.601    cpu_inst/fetch_buffer_pc[0]
    SLICE_X11Y34         FDRE                                         r  cpu_inst/fetch_buffer_instruction_reg[25]/CE
  -------------------------------------------------------------------    -------------------

                         (clock sys_clk_pin rise edge)
                                                      8.900     8.900 r  <hidden>
                         propagated clock network latency
                                                      4.786    13.686    <hidden>
                         clock pessimism              0.260    13.946    <hidden>
                         clock uncertainty           -0.035    13.911    <hidden>
    SLICE_X11Y34         FDRE (Setup_fdre_C_CE)      -0.205    13.706    cpu_inst/fetch_buffer_instruction_reg[25]
  -------------------------------------------------------------------
                         required time                         13.706    <hidden>
                         arrival time                         -13.601    <hidden>
  -------------------------------------------------------------------
                         slack                                  0.105    <hidden>




