Copyright 1986-2022 Xilinx, Inc. All Rights Reserved. Copyright 2022-2026 Advanced Micro Devices, Inc. All Rights Reserved.
---------------------------------------------------------------------------------------------------------------------------------------------
| Tool Version : Vivado v.2026.1 (win64) Build 6511674 Tue Jun 16 11:02:23 MDT 2026
| Date         : Tue Jul 14 12:17:08 2026
| Host         : DESKTOP-4GB7DVJ running 64-bit major release  (build 9200)
| Command      : report_timing_summary -file reports/phase14g_impl/fanout_opt_6p400ns/timing/fpga_top_pipeline6_impl_timing_summary.rpt
| Design       : fpga_top_pipeline6
| Device       : 7a35t-cpg236
| Speed File   : -1  PRODUCTION 1.23 2018-06-13
| Design State : Physopt postRoute
---------------------------------------------------------------------------------------------------------------------------------------------

Timing Summary Report

------------------------------------------------------------------------------------------------
| Timer Settings
| --------------
------------------------------------------------------------------------------------------------

  Enable Multi Corner Analysis               :  Yes
  Enable Pessimism Removal                   :  Yes
  Pessimism Removal Resolution               :  Nearest Common Node
  Enable Input Delay Default Clock           :  No
  Enable Preset / Clear Arcs                 :  No
  Disable Flight Delays                      :  No
  Ignore I/O Paths                           :  No
  Timing Early Launch at Borrowing Latches   :  No
  Borrow Time for Max Delay Exceptions       :  Yes
  Merge Timing Exceptions                    :  Yes
  Inter-SLR Compensation                     :  Conservative

  Corner  Analyze    Analyze    
  Name    Max Paths  Min Paths  
  ------  ---------  ---------  
  Slow    Yes        Yes        
  Fast    Yes        Yes        


------------------------------------------------------------------------------------------------
| Report Methodology
| ------------------
------------------------------------------------------------------------------------------------

No report available as report_methodology has not been run prior. Run report_methodology on the current design for the summary of methodology violations.



check_timing report

Table of Contents
-----------------
1. checking no_clock (0)
2. checking constant_clock (0)
3. checking pulse_width_clock (0)
4. checking unconstrained_internal_endpoints (0)
5. checking no_input_delay (2)
6. checking no_output_delay (16)
7. checking multiple_clock (0)
8. checking generated_clocks (0)
9. checking loops (0)
10. checking partial_input_delay (0)
11. checking partial_output_delay (0)
12. checking latch_loops (0)

1. checking no_clock (0)
------------------------
 There are 0 register/latch pins with no clock.


2. checking constant_clock (0)
------------------------------
 There are 0 register/latch pins with constant_clock.


3. checking pulse_width_clock (0)
---------------------------------
 There are 0 register/latch pins which need pulse_width check


4. checking unconstrained_internal_endpoints (0)
------------------------------------------------
 There are 0 pins that are not constrained for maximum delay.

 There are 0 pins that are not constrained for maximum delay due to constant clock.


5. checking no_input_delay (2)
------------------------------
 There are 2 input ports with no input delay specified. (HIGH)

 There are 0 input ports with no input delay but user has a false path constraint.


6. checking no_output_delay (16)
--------------------------------
 There are 16 ports with no output delay specified. (HIGH)

 There are 0 ports with no output delay but user has a false path constraint

 There are 0 ports with no output delay but with a timing clock defined on it or propagating through it


7. checking multiple_clock (0)
------------------------------
 There are 0 register/latch pins with multiple clocks.


8. checking generated_clocks (0)
--------------------------------
 There are 0 generated clocks that are not connected to a clock source.


9. checking loops (0)
---------------------
 There are 0 combinational loops in the design.


10. checking partial_input_delay (0)
------------------------------------
 There are 0 input ports with partial input delay specified.


11. checking partial_output_delay (0)
-------------------------------------
 There are 0 ports with partial output delay specified.


12. checking latch_loops (0)
----------------------------
 There are 0 combinational latch loops in the design through latch input



------------------------------------------------------------------------------------------------
| Design Timing Summary
| ---------------------
------------------------------------------------------------------------------------------------

    WNS(ns)      TNS(ns)  TNS Failing Endpoints  TNS Total Endpoints      WHS(ns)      THS(ns)  THS Failing Endpoints  THS Total Endpoints     WPWS(ns)     TPWS(ns)  TPWS Failing Endpoints  TPWS Total Endpoints  
    -------      -------  ---------------------  -------------------      -------      -------  ---------------------  -------------------     --------     --------  ----------------------  --------------------  
      0.216        0.000                      0                 3278        0.059        0.000                      0                 3278        2.700        0.000                       0                  1607  


All user specified timing constraints are met.


------------------------------------------------------------------------------------------------
| Clock Summary
| -------------
------------------------------------------------------------------------------------------------

Clock        Waveform(ns)         Period(ns)      Frequency(MHz)
-----        ------------         ----------      --------------
sys_clk_pin  {0.000 3.200}        6.400           156.250         


------------------------------------------------------------------------------------------------
| Intra Clock Table
| -----------------
------------------------------------------------------------------------------------------------

Clock             WNS(ns)      TNS(ns)  TNS Failing Endpoints  TNS Total Endpoints      WHS(ns)      THS(ns)  THS Failing Endpoints  THS Total Endpoints     WPWS(ns)     TPWS(ns)  TPWS Failing Endpoints  TPWS Total Endpoints  
-----             -------      -------  ---------------------  -------------------      -------      -------  ---------------------  -------------------     --------     --------  ----------------------  --------------------  
sys_clk_pin         0.216        0.000                      0                 3278        0.059        0.000                      0                 3278        2.700        0.000                       0                  1607  


------------------------------------------------------------------------------------------------
| Inter Clock Table
| -----------------
------------------------------------------------------------------------------------------------

From Clock    To Clock          WNS(ns)      TNS(ns)  TNS Failing Endpoints  TNS Total Endpoints      WHS(ns)      THS(ns)  THS Failing Endpoints  THS Total Endpoints  
----------    --------          -------      -------  ---------------------  -------------------      -------      -------  ---------------------  -------------------  


------------------------------------------------------------------------------------------------
| Other Path Groups Table
| -----------------------
------------------------------------------------------------------------------------------------

Path Group    From Clock    To Clock          WNS(ns)      TNS(ns)  TNS Failing Endpoints  TNS Total Endpoints      WHS(ns)      THS(ns)  THS Failing Endpoints  THS Total Endpoints  
----------    ----------    --------          -------      -------  ---------------------  -------------------      -------      -------  ---------------------  -------------------  


------------------------------------------------------------------------------------------------
| Timing Details
| --------------
------------------------------------------------------------------------------------------------


---------------------------------------------------------------------------------------------------
From Clock:  sys_clk_pin
  To Clock:  sys_clk_pin

Setup :            0  Failing Endpoints,  Worst Slack        0.216ns,  Total Violation        0.000ns
Hold  :            0  Failing Endpoints,  Worst Slack        0.059ns,  Total Violation        0.000ns
PW    :            0  Failing Endpoints,  Worst Slack        2.700ns,  Total Violation        0.000ns
---------------------------------------------------------------------------------------------------


Max Delay Paths
--------------------------------------------------------------------------------------
Slack (MET) :             0.216ns  (required time - arrival time)
  Source:                 cpu_inst/id_op_reg_reg[rs2][4]/C
                            (rising edge-triggered cell FDRE clocked by sys_clk_pin  {rise@0.000ns fall@3.200ns period=6.400ns})
  Destination:            cpu_inst/op_ex_reg_reg[operand_b][9]/R
                            (rising edge-triggered cell FDRE clocked by sys_clk_pin  {rise@0.000ns fall@3.200ns period=6.400ns})
  Path Group:             sys_clk_pin
  Path Type:              Setup (Max at Slow Process Corner)
  Requirement:            6.400ns  (sys_clk_pin rise@6.400ns - sys_clk_pin rise@0.000ns)
  Data Path Delay:        5.394ns  (logic 0.978ns (18.132%)  route 4.416ns (81.868%))
  Logic Levels:           4  (LUT4=1 LUT5=1 LUT6=2)
  Clock Path Skew:        -0.102ns (DCD - SCD + CPR)
    Destination Clock Delay (DCD):    4.786ns = ( 11.186 - 6.400 ) 
    Source Clock Delay      (SCD):    5.148ns
    Clock Pessimism Removal (CPR):    0.260ns
  Clock Uncertainty:      0.035ns  ((TSJ^2 + TIJ^2)^1/2 + DJ) / 2 + PE
    Total System Jitter     (TSJ):    0.071ns
    Total Input Jitter      (TIJ):    0.000ns
    Discrete Jitter          (DJ):    0.000ns
    Phase Error              (PE):    0.000ns

    Location             Delay type                Incr(ns)  Path(ns)    Netlist Resource(s)
  -------------------------------------------------------------------    -------------------
                         (clock sys_clk_pin rise edge)
                                                      0.000     0.000 r  <hidden>
    W5                                                0.000     0.000 r  clk
                         net (fo=0)                   0.000     0.000    clk
    W5                   IBUF (Prop_ibuf_I_O)         1.458     1.458 r  clk_IBUF_inst/O
                         net (fo=1, routed)           1.967     3.425    clk_IBUF
    BUFGCTRL_X0Y0        BUFG (Prop_bufg_I_O)         0.096     3.521 r  clk_IBUF_BUFG_inst/O
                         net (fo=1606, routed)        1.627     5.148    cpu_inst/clk_IBUF_BUFG
    SLICE_X3Y31          FDRE                                         r  cpu_inst/id_op_reg_reg[rs2][4]/C
  -------------------------------------------------------------------    -------------------
    SLICE_X3Y31          FDRE (Prop_fdre_C_Q)         0.456     5.604 r  cpu_inst/id_op_reg_reg[rs2][4]/Q
                         net (fo=48, routed)          1.031     6.636    cpu_inst/id_op_reg_reg[rs2][4]
    SLICE_X1Y31          LUT6 (Prop_lut6_I1_O)        0.124     6.760 r  cpu_inst/paused_response_instruction_reg[31]_i_9/O
                         net (fo=1, routed)           0.566     7.326    cpu_inst/paused_response_instruction_reg[31]_i_9_n_0
    SLICE_X0Y32          LUT5 (Prop_lut5_I0_O)        0.124     7.450 r  cpu_inst/paused_response_instruction_reg[31]_i_4/O
                         net (fo=3, routed)           0.817     8.267    cpu_inst/stage_depends_on_rd_return2__8
    SLICE_X5Y32          LUT6 (Prop_lut6_I0_O)        0.124     8.391 r  cpu_inst/paused_response_instruction_reg[31]_i_2/O
                         net (fo=9, routed)           0.836     9.227    cpu_inst/paused_response_instruction_reg[31]_i_2_n_0
    SLICE_X6Y33          LUT4 (Prop_lut4_I1_O)        0.150     9.377 r  cpu_inst/op_ex_reg[imm_ext][14]_i_1/O
                         net (fo=119, routed)         1.165    10.542    cpu_inst/op_ex_reg[imm_ext][14]_i_1_n_0
    SLICE_X11Y34         FDRE                                         r  cpu_inst/op_ex_reg_reg[operand_b][9]/R
  -------------------------------------------------------------------    -------------------

                         (clock sys_clk_pin rise edge)
                                                      6.400     6.400 r  <hidden>
    W5                                                0.000     6.400 r  clk
                         net (fo=0)                   0.000     6.400    clk
    W5                   IBUF (Prop_ibuf_I_O)         1.388     7.788 r  clk_IBUF_inst/O
                         net (fo=1, routed)           1.862     9.650    clk_IBUF
    BUFGCTRL_X0Y0        BUFG (Prop_bufg_I_O)         0.091     9.741 r  clk_IBUF_BUFG_inst/O
                         net (fo=1606, routed)        1.445    11.186    cpu_inst/clk_IBUF_BUFG
    SLICE_X11Y34         FDRE                                         r  cpu_inst/op_ex_reg_reg[operand_b][9]/C
                         clock pessimism              0.260    11.446    <hidden>
                         clock uncertainty           -0.035    11.411    <hidden>
    SLICE_X11Y34         FDRE (Setup_fdre_C_R)       -0.653    10.758    cpu_inst/op_ex_reg_reg[operand_b][9]
  -------------------------------------------------------------------
                         required time                         10.758    <hidden>
                         arrival time                         -10.542    <hidden>
  -------------------------------------------------------------------
                         slack                                  0.216    <hidden>





Min Delay Paths
--------------------------------------------------------------------------------------
Slack (MET) :             0.059ns  (arrival time - required time)
  Source:                 cpu_inst/ex_mem_reg_reg[store_data][30]/C
                            (rising edge-triggered cell FDRE clocked by sys_clk_pin  {rise@0.000ns fall@3.200ns period=6.400ns})
  Destination:            cpu_inst/data_mem_inst/mem_reg/DIBDI[12]
                            (rising edge-triggered cell RAMB18E1 clocked by sys_clk_pin  {rise@0.000ns fall@3.200ns period=6.400ns})
  Path Group:             sys_clk_pin
  Path Type:              Hold (Min at Fast Process Corner)
  Requirement:            0.000ns  (sys_clk_pin rise@0.000ns - sys_clk_pin rise@0.000ns)
  Data Path Delay:        0.270ns  (logic 0.164ns (60.728%)  route 0.106ns (39.272%))
  Logic Levels:           0  
  Clock Path Skew:        0.056ns (DCD - SCD - CPR)
    Destination Clock Delay (DCD):    2.001ns
    Source Clock Delay      (SCD):    1.446ns
    Clock Pessimism Removal (CPR):    0.498ns

    Location             Delay type                Incr(ns)  Path(ns)    Netlist Resource(s)
  -------------------------------------------------------------------    -------------------
                         (clock sys_clk_pin rise edge)
                                                      0.000     0.000 r  <hidden>
    W5                                                0.000     0.000 r  clk
                         net (fo=0)                   0.000     0.000    clk
    W5                   IBUF (Prop_ibuf_I_O)         0.226     0.226 r  clk_IBUF_inst/O
                         net (fo=1, routed)           0.631     0.858    clk_IBUF
    BUFGCTRL_X0Y0        BUFG (Prop_bufg_I_O)         0.026     0.884 r  clk_IBUF_BUFG_inst/O
                         net (fo=1606, routed)        0.563     1.446    cpu_inst/clk_IBUF_BUFG
    SLICE_X8Y37          FDRE                                         r  cpu_inst/ex_mem_reg_reg[store_data][30]/C
  -------------------------------------------------------------------    -------------------
    SLICE_X8Y37          FDRE (Prop_fdre_C_Q)         0.164     1.610 r  cpu_inst/ex_mem_reg_reg[store_data][30]/Q
                         net (fo=1, routed)           0.106     1.716    cpu_inst/data_mem_inst/mem_reg_1[30]
    RAMB18_X0Y14         RAMB18E1                                     r  cpu_inst/data_mem_inst/mem_reg/DIBDI[12]
  -------------------------------------------------------------------    -------------------

                         (clock sys_clk_pin rise edge)
                                                      0.000     0.000 r  <hidden>
    W5                                                0.000     0.000 r  clk
                         net (fo=0)                   0.000     0.000    clk
    W5                   IBUF (Prop_ibuf_I_O)         0.414     0.414 r  clk_IBUF_inst/O
                         net (fo=1, routed)           0.685     1.099    clk_IBUF
    BUFGCTRL_X0Y0        BUFG (Prop_bufg_I_O)         0.029     1.128 r  clk_IBUF_BUFG_inst/O
                         net (fo=1606, routed)        0.873     2.001    cpu_inst/data_mem_inst/clk_IBUF_BUFG
    RAMB18_X0Y14         RAMB18E1                                     r  cpu_inst/data_mem_inst/mem_reg/CLKBWRCLK
                         clock pessimism             -0.498     1.503    <hidden>
    RAMB18_X0Y14         RAMB18E1 (Hold_ramb18e1_CLKBWRCLK_DIBDI[12])
                                                      0.155     1.658    cpu_inst/data_mem_inst/mem_reg
  -------------------------------------------------------------------
                         required time                         -1.658    <hidden>
                         arrival time                           1.716    <hidden>
  -------------------------------------------------------------------
                         slack                                  0.059    <hidden>





Pulse Width Checks
--------------------------------------------------------------------------------------
Clock Name:         sys_clk_pin
Waveform(ns):       { 0.000 3.200 }
Period(ns):         6.400
Sources:            { clk }

Check Type        Corner  Lib Pin             Reference Pin  Required(ns)  Actual(ns)  Slack(ns)  Location      Pin
Min Period        n/a     RAMB18E1/CLKARDCLK  n/a            2.944         6.400       3.456      RAMB18_X0Y14  cpu_inst/data_mem_inst/mem_reg/CLKARDCLK
Low Pulse Width   Slow    FDRE/C              n/a            0.500         3.200       2.700      SLICE_X3Y30   cpu_inst/debug_reg_write_reg/C
High Pulse Width  Slow    FDRE/C              n/a            0.500         3.200       2.700      SLICE_X3Y30   cpu_inst/debug_reg_write_reg/C



