Copyright 1986-2022 Xilinx, Inc. All Rights Reserved. Copyright 2022-2026 Advanced Micro Devices, Inc. All Rights Reserved.
---------------------------------------------------------------------------------------------------------------------------------------------
| Tool Version : Vivado v.2026.1 (win64) Build 6511674 Tue Jun 16 11:02:23 MDT 2026
| Date         : Sun Jul 12 13:03:33 2026
| Host         : DESKTOP-4GB7DVJ running 64-bit major release  (build 9200)
| Command      : report_timing -max_paths 10 -path_type full -file reports/phase13a/timing/fpga_top_pipeline_jumpfast_impl_worst_paths.rpt
| Design       : fpga_top_pipeline_jumpfast
| Device       : 7a35t-cpg236
| Speed File   : -1  PRODUCTION 1.23 2018-06-13
| Design State : Routed
---------------------------------------------------------------------------------------------------------------------------------------------

Timing Report

Slack (MET) :             0.182ns  (required time - arrival time)
  Source:                 cpu_inst/data_mem_inst/mem_reg/CLKBWRCLK
                            (rising edge-triggered cell RAMB18E1 clocked by sys_clk_pin  {rise@0.000ns fall@5.000ns period=10.000ns})
  Destination:            cpu_inst/if_id_reg_reg[pc][14]/R
                            (rising edge-triggered cell FDRE clocked by sys_clk_pin  {rise@0.000ns fall@5.000ns period=10.000ns})
  Path Group:             sys_clk_pin
  Path Type:              Setup (Max at Slow Process Corner)
  Requirement:            10.000ns  (sys_clk_pin rise@10.000ns - sys_clk_pin rise@0.000ns)
  Data Path Delay:        9.170ns  (logic 3.993ns (43.544%)  route 5.177ns (56.456%))
  Logic Levels:           8  (CARRY4=2 LUT3=1 LUT4=1 LUT5=3 LUT6=1)
  Clock Path Skew:        -0.088ns (DCD - SCD + CPR)
    Destination Clock Delay (DCD):    4.781ns = ( 14.781 - 10.000 ) 
    Source Clock Delay      (SCD):    5.130ns
    Clock Pessimism Removal (CPR):    0.260ns
  Clock Uncertainty:      0.035ns  ((TSJ^2 + TIJ^2)^1/2 + DJ) / 2 + PE
    Total System Jitter     (TSJ):    0.071ns
    Total Input Jitter      (TIJ):    0.000ns
    Discrete Jitter          (DJ):    0.000ns
    Phase Error              (PE):    0.000ns

    Location             Delay type                Incr(ns)  Path(ns)    Netlist Resource(s)
  -------------------------------------------------------------------    -------------------
                         (clock sys_clk_pin rise edge)
                                                      0.000     0.000 r  <hidden>
                         propagated clock network latency
                                                      5.130     5.130    <hidden>
    RAMB18_X0Y4          RAMB18E1                     0.000     5.130 r  cpu_inst/data_mem_inst/mem_reg/CLKBWRCLK
    RAMB18_X0Y4          RAMB18E1 (Prop_ramb18e1_CLKBWRCLK_DOBDO[2])
                                                      2.454     7.584 r  cpu_inst/data_mem_inst/mem_reg/DOBDO[2]
                         net (fo=2, routed)           0.978     8.561    cpu_inst/data_mem_inst/mem_reg_n_29
    SLICE_X8Y7           LUT3 (Prop_lut3_I0_O)        0.124     8.685 r  cpu_inst/data_mem_inst/regs[1][20]_i_1/O
                         net (fo=35, routed)          0.615     9.300    cpu_inst/data_mem_inst/wb_write_data[20]
    SLICE_X8Y8           LUT5 (Prop_lut5_I4_O)        0.124     9.424 r  cpu_inst/data_mem_inst/ex_mem_reg[store_data][20]_i_1/O
                         net (fo=4, routed)           1.184    10.608    cpu_inst/data_mem_inst/ex_store_data[20]
    SLICE_X8Y14          LUT6 (Prop_lut6_I2_O)        0.124    10.732 r  cpu_inst/data_mem_inst/i__carry__0_i_2/O
                         net (fo=1, routed)           0.000    10.732    cpu_inst/data_mem_inst_n_250
    SLICE_X8Y14          CARRY4 (Prop_carry4_S[2]_CO[3])
                                                      0.380    11.112 r  cpu_inst/ex_branch_taken0_inferred__0/i__carry__0/CO[3]
                         net (fo=1, routed)           0.000    11.112    cpu_inst/ex_branch_taken0_inferred__0/i__carry__0_n_0
    SLICE_X8Y15          CARRY4 (Prop_carry4_CI_CO[2])
                                                      0.229    11.341 r  cpu_inst/ex_branch_taken0_inferred__0/i__carry__1/CO[2]
                         net (fo=37, routed)          0.450    11.791    cpu_inst/data_mem_inst/CO[0]
    SLICE_X11Y15         LUT4 (Prop_lut4_I2_O)        0.310    12.101 r  cpu_inst/data_mem_inst/redirect_pending_valid_i_2/O
                         net (fo=12, routed)          0.495    12.595    cpu_inst/data_mem_inst/redirect_pending_valid_i_2_n_0
    SLICE_X11Y14         LUT5 (Prop_lut5_I2_O)        0.124    12.719 r  cpu_inst/data_mem_inst/fetch_buffer_instruction[31]_i_1/O
                         net (fo=36, routed)          0.627    13.346    cpu_inst/data_mem_inst/if_id_reg
    SLICE_X11Y16         LUT5 (Prop_lut5_I0_O)        0.124    13.470 r  cpu_inst/data_mem_inst/if_id_reg[pc][31]_i_1/O
                         net (fo=31, routed)          0.830    14.300    cpu_inst/data_mem_inst_n_142
    SLICE_X10Y29         FDRE                                         r  cpu_inst/if_id_reg_reg[pc][14]/R
  -------------------------------------------------------------------    -------------------

                         (clock sys_clk_pin rise edge)
                                                     10.000    10.000 r  <hidden>
                         propagated clock network latency
                                                      4.781    14.781    <hidden>
                         clock pessimism              0.260    15.041    <hidden>
                         clock uncertainty           -0.035    15.006    <hidden>
    SLICE_X10Y29         FDRE (Setup_fdre_C_R)       -0.524    14.482    cpu_inst/if_id_reg_reg[pc][14]
  -------------------------------------------------------------------
                         required time                         14.482    <hidden>
                         arrival time                         -14.300    <hidden>
  -------------------------------------------------------------------
                         slack                                  0.182    <hidden>

Slack (MET) :             0.182ns  (required time - arrival time)
  Source:                 cpu_inst/data_mem_inst/mem_reg/CLKBWRCLK
                            (rising edge-triggered cell RAMB18E1 clocked by sys_clk_pin  {rise@0.000ns fall@5.000ns period=10.000ns})
  Destination:            cpu_inst/if_id_reg_reg[pc][15]/R
                            (rising edge-triggered cell FDRE clocked by sys_clk_pin  {rise@0.000ns fall@5.000ns period=10.000ns})
  Path Group:             sys_clk_pin
  Path Type:              Setup (Max at Slow Process Corner)
  Requirement:            10.000ns  (sys_clk_pin rise@10.000ns - sys_clk_pin rise@0.000ns)
  Data Path Delay:        9.170ns  (logic 3.993ns (43.544%)  route 5.177ns (56.456%))
  Logic Levels:           8  (CARRY4=2 LUT3=1 LUT4=1 LUT5=3 LUT6=1)
  Clock Path Skew:        -0.088ns (DCD - SCD + CPR)
    Destination Clock Delay (DCD):    4.781ns = ( 14.781 - 10.000 ) 
    Source Clock Delay      (SCD):    5.130ns
    Clock Pessimism Removal (CPR):    0.260ns
  Clock Uncertainty:      0.035ns  ((TSJ^2 + TIJ^2)^1/2 + DJ) / 2 + PE
    Total System Jitter     (TSJ):    0.071ns
    Total Input Jitter      (TIJ):    0.000ns
    Discrete Jitter          (DJ):    0.000ns
    Phase Error              (PE):    0.000ns

    Location             Delay type                Incr(ns)  Path(ns)    Netlist Resource(s)
  -------------------------------------------------------------------    -------------------
                         (clock sys_clk_pin rise edge)
                                                      0.000     0.000 r  <hidden>
                         propagated clock network latency
                                                      5.130     5.130    <hidden>
    RAMB18_X0Y4          RAMB18E1                     0.000     5.130 r  cpu_inst/data_mem_inst/mem_reg/CLKBWRCLK
    RAMB18_X0Y4          RAMB18E1 (Prop_ramb18e1_CLKBWRCLK_DOBDO[2])
                                                      2.454     7.584 r  cpu_inst/data_mem_inst/mem_reg/DOBDO[2]
                         net (fo=2, routed)           0.978     8.561    cpu_inst/data_mem_inst/mem_reg_n_29
    SLICE_X8Y7           LUT3 (Prop_lut3_I0_O)        0.124     8.685 r  cpu_inst/data_mem_inst/regs[1][20]_i_1/O
                         net (fo=35, routed)          0.615     9.300    cpu_inst/data_mem_inst/wb_write_data[20]
    SLICE_X8Y8           LUT5 (Prop_lut5_I4_O)        0.124     9.424 r  cpu_inst/data_mem_inst/ex_mem_reg[store_data][20]_i_1/O
                         net (fo=4, routed)           1.184    10.608    cpu_inst/data_mem_inst/ex_store_data[20]
    SLICE_X8Y14          LUT6 (Prop_lut6_I2_O)        0.124    10.732 r  cpu_inst/data_mem_inst/i__carry__0_i_2/O
                         net (fo=1, routed)           0.000    10.732    cpu_inst/data_mem_inst_n_250
    SLICE_X8Y14          CARRY4 (Prop_carry4_S[2]_CO[3])
                                                      0.380    11.112 r  cpu_inst/ex_branch_taken0_inferred__0/i__carry__0/CO[3]
                         net (fo=1, routed)           0.000    11.112    cpu_inst/ex_branch_taken0_inferred__0/i__carry__0_n_0
    SLICE_X8Y15          CARRY4 (Prop_carry4_CI_CO[2])
                                                      0.229    11.341 r  cpu_inst/ex_branch_taken0_inferred__0/i__carry__1/CO[2]
                         net (fo=37, routed)          0.450    11.791    cpu_inst/data_mem_inst/CO[0]
    SLICE_X11Y15         LUT4 (Prop_lut4_I2_O)        0.310    12.101 r  cpu_inst/data_mem_inst/redirect_pending_valid_i_2/O
                         net (fo=12, routed)          0.495    12.595    cpu_inst/data_mem_inst/redirect_pending_valid_i_2_n_0
    SLICE_X11Y14         LUT5 (Prop_lut5_I2_O)        0.124    12.719 r  cpu_inst/data_mem_inst/fetch_buffer_instruction[31]_i_1/O
                         net (fo=36, routed)          0.627    13.346    cpu_inst/data_mem_inst/if_id_reg
    SLICE_X11Y16         LUT5 (Prop_lut5_I0_O)        0.124    13.470 r  cpu_inst/data_mem_inst/if_id_reg[pc][31]_i_1/O
                         net (fo=31, routed)          0.830    14.300    cpu_inst/data_mem_inst_n_142
    SLICE_X10Y29         FDRE                                         r  cpu_inst/if_id_reg_reg[pc][15]/R
  -------------------------------------------------------------------    -------------------

                         (clock sys_clk_pin rise edge)
                                                     10.000    10.000 r  <hidden>
                         propagated clock network latency
                                                      4.781    14.781    <hidden>
                         clock pessimism              0.260    15.041    <hidden>
                         clock uncertainty           -0.035    15.006    <hidden>
    SLICE_X10Y29         FDRE (Setup_fdre_C_R)       -0.524    14.482    cpu_inst/if_id_reg_reg[pc][15]
  -------------------------------------------------------------------
                         required time                         14.482    <hidden>
                         arrival time                         -14.300    <hidden>
  -------------------------------------------------------------------
                         slack                                  0.182    <hidden>

Slack (MET) :             0.182ns  (required time - arrival time)
  Source:                 cpu_inst/data_mem_inst/mem_reg/CLKBWRCLK
                            (rising edge-triggered cell RAMB18E1 clocked by sys_clk_pin  {rise@0.000ns fall@5.000ns period=10.000ns})
  Destination:            cpu_inst/if_id_reg_reg[pc][30]/R
                            (rising edge-triggered cell FDRE clocked by sys_clk_pin  {rise@0.000ns fall@5.000ns period=10.000ns})
  Path Group:             sys_clk_pin
  Path Type:              Setup (Max at Slow Process Corner)
  Requirement:            10.000ns  (sys_clk_pin rise@10.000ns - sys_clk_pin rise@0.000ns)
  Data Path Delay:        9.170ns  (logic 3.993ns (43.544%)  route 5.177ns (56.456%))
  Logic Levels:           8  (CARRY4=2 LUT3=1 LUT4=1 LUT5=3 LUT6=1)
  Clock Path Skew:        -0.088ns (DCD - SCD + CPR)
    Destination Clock Delay (DCD):    4.781ns = ( 14.781 - 10.000 ) 
    Source Clock Delay      (SCD):    5.130ns
    Clock Pessimism Removal (CPR):    0.260ns
  Clock Uncertainty:      0.035ns  ((TSJ^2 + TIJ^2)^1/2 + DJ) / 2 + PE
    Total System Jitter     (TSJ):    0.071ns
    Total Input Jitter      (TIJ):    0.000ns
    Discrete Jitter          (DJ):    0.000ns
    Phase Error              (PE):    0.000ns

    Location             Delay type                Incr(ns)  Path(ns)    Netlist Resource(s)
  -------------------------------------------------------------------    -------------------
                         (clock sys_clk_pin rise edge)
                                                      0.000     0.000 r  <hidden>
                         propagated clock network latency
                                                      5.130     5.130    <hidden>
    RAMB18_X0Y4          RAMB18E1                     0.000     5.130 r  cpu_inst/data_mem_inst/mem_reg/CLKBWRCLK
    RAMB18_X0Y4          RAMB18E1 (Prop_ramb18e1_CLKBWRCLK_DOBDO[2])
                                                      2.454     7.584 r  cpu_inst/data_mem_inst/mem_reg/DOBDO[2]
                         net (fo=2, routed)           0.978     8.561    cpu_inst/data_mem_inst/mem_reg_n_29
    SLICE_X8Y7           LUT3 (Prop_lut3_I0_O)        0.124     8.685 r  cpu_inst/data_mem_inst/regs[1][20]_i_1/O
                         net (fo=35, routed)          0.615     9.300    cpu_inst/data_mem_inst/wb_write_data[20]
    SLICE_X8Y8           LUT5 (Prop_lut5_I4_O)        0.124     9.424 r  cpu_inst/data_mem_inst/ex_mem_reg[store_data][20]_i_1/O
                         net (fo=4, routed)           1.184    10.608    cpu_inst/data_mem_inst/ex_store_data[20]
    SLICE_X8Y14          LUT6 (Prop_lut6_I2_O)        0.124    10.732 r  cpu_inst/data_mem_inst/i__carry__0_i_2/O
                         net (fo=1, routed)           0.000    10.732    cpu_inst/data_mem_inst_n_250
    SLICE_X8Y14          CARRY4 (Prop_carry4_S[2]_CO[3])
                                                      0.380    11.112 r  cpu_inst/ex_branch_taken0_inferred__0/i__carry__0/CO[3]
                         net (fo=1, routed)           0.000    11.112    cpu_inst/ex_branch_taken0_inferred__0/i__carry__0_n_0
    SLICE_X8Y15          CARRY4 (Prop_carry4_CI_CO[2])
                                                      0.229    11.341 r  cpu_inst/ex_branch_taken0_inferred__0/i__carry__1/CO[2]
                         net (fo=37, routed)          0.450    11.791    cpu_inst/data_mem_inst/CO[0]
    SLICE_X11Y15         LUT4 (Prop_lut4_I2_O)        0.310    12.101 r  cpu_inst/data_mem_inst/redirect_pending_valid_i_2/O
                         net (fo=12, routed)          0.495    12.595    cpu_inst/data_mem_inst/redirect_pending_valid_i_2_n_0
    SLICE_X11Y14         LUT5 (Prop_lut5_I2_O)        0.124    12.719 r  cpu_inst/data_mem_inst/fetch_buffer_instruction[31]_i_1/O
                         net (fo=36, routed)          0.627    13.346    cpu_inst/data_mem_inst/if_id_reg
    SLICE_X11Y16         LUT5 (Prop_lut5_I0_O)        0.124    13.470 r  cpu_inst/data_mem_inst/if_id_reg[pc][31]_i_1/O
                         net (fo=31, routed)          0.830    14.300    cpu_inst/data_mem_inst_n_142
    SLICE_X10Y29         FDRE                                         r  cpu_inst/if_id_reg_reg[pc][30]/R
  -------------------------------------------------------------------    -------------------

                         (clock sys_clk_pin rise edge)
                                                     10.000    10.000 r  <hidden>
                         propagated clock network latency
                                                      4.781    14.781    <hidden>
                         clock pessimism              0.260    15.041    <hidden>
                         clock uncertainty           -0.035    15.006    <hidden>
    SLICE_X10Y29         FDRE (Setup_fdre_C_R)       -0.524    14.482    cpu_inst/if_id_reg_reg[pc][30]
  -------------------------------------------------------------------
                         required time                         14.482    <hidden>
                         arrival time                         -14.300    <hidden>
  -------------------------------------------------------------------
                         slack                                  0.182    <hidden>

Slack (MET) :             0.323ns  (required time - arrival time)
  Source:                 cpu_inst/data_mem_inst/mem_reg/CLKBWRCLK
                            (rising edge-triggered cell RAMB18E1 clocked by sys_clk_pin  {rise@0.000ns fall@5.000ns period=10.000ns})
  Destination:            cpu_inst/fetch_buffer_pc_reg[12]/R
                            (rising edge-triggered cell FDRE clocked by sys_clk_pin  {rise@0.000ns fall@5.000ns period=10.000ns})
  Path Group:             sys_clk_pin
  Path Type:              Setup (Max at Slow Process Corner)
  Requirement:            10.000ns  (sys_clk_pin rise@10.000ns - sys_clk_pin rise@0.000ns)
  Data Path Delay:        9.123ns  (logic 3.993ns (43.768%)  route 5.130ns (56.232%))
  Logic Levels:           8  (CARRY4=2 LUT3=2 LUT4=1 LUT5=2 LUT6=1)
  Clock Path Skew:        -0.089ns (DCD - SCD + CPR)
    Destination Clock Delay (DCD):    4.780ns = ( 14.780 - 10.000 ) 
    Source Clock Delay      (SCD):    5.130ns
    Clock Pessimism Removal (CPR):    0.260ns
  Clock Uncertainty:      0.035ns  ((TSJ^2 + TIJ^2)^1/2 + DJ) / 2 + PE
    Total System Jitter     (TSJ):    0.071ns
    Total Input Jitter      (TIJ):    0.000ns
    Discrete Jitter          (DJ):    0.000ns
    Phase Error              (PE):    0.000ns

    Location             Delay type                Incr(ns)  Path(ns)    Netlist Resource(s)
  -------------------------------------------------------------------    -------------------
                         (clock sys_clk_pin rise edge)
                                                      0.000     0.000 r  <hidden>
                         propagated clock network latency
                                                      5.130     5.130    <hidden>
    RAMB18_X0Y4          RAMB18E1                     0.000     5.130 r  cpu_inst/data_mem_inst/mem_reg/CLKBWRCLK
    RAMB18_X0Y4          RAMB18E1 (Prop_ramb18e1_CLKBWRCLK_DOBDO[2])
                                                      2.454     7.584 r  cpu_inst/data_mem_inst/mem_reg/DOBDO[2]
                         net (fo=2, routed)           0.978     8.561    cpu_inst/data_mem_inst/mem_reg_n_29
    SLICE_X8Y7           LUT3 (Prop_lut3_I0_O)        0.124     8.685 r  cpu_inst/data_mem_inst/regs[1][20]_i_1/O
                         net (fo=35, routed)          0.615     9.300    cpu_inst/data_mem_inst/wb_write_data[20]
    SLICE_X8Y8           LUT5 (Prop_lut5_I4_O)        0.124     9.424 r  cpu_inst/data_mem_inst/ex_mem_reg[store_data][20]_i_1/O
                         net (fo=4, routed)           1.184    10.608    cpu_inst/data_mem_inst/ex_store_data[20]
    SLICE_X8Y14          LUT6 (Prop_lut6_I2_O)        0.124    10.732 r  cpu_inst/data_mem_inst/i__carry__0_i_2/O
                         net (fo=1, routed)           0.000    10.732    cpu_inst/data_mem_inst_n_250
    SLICE_X8Y14          CARRY4 (Prop_carry4_S[2]_CO[3])
                                                      0.380    11.112 r  cpu_inst/ex_branch_taken0_inferred__0/i__carry__0/CO[3]
                         net (fo=1, routed)           0.000    11.112    cpu_inst/ex_branch_taken0_inferred__0/i__carry__0_n_0
    SLICE_X8Y15          CARRY4 (Prop_carry4_CI_CO[2])
                                                      0.229    11.341 r  cpu_inst/ex_branch_taken0_inferred__0/i__carry__1/CO[2]
                         net (fo=37, routed)          0.450    11.791    cpu_inst/data_mem_inst/CO[0]
    SLICE_X11Y15         LUT4 (Prop_lut4_I2_O)        0.310    12.101 r  cpu_inst/data_mem_inst/redirect_pending_valid_i_2/O
                         net (fo=12, routed)          0.495    12.595    cpu_inst/data_mem_inst/redirect_pending_valid_i_2_n_0
    SLICE_X11Y14         LUT5 (Prop_lut5_I2_O)        0.124    12.719 r  cpu_inst/data_mem_inst/fetch_buffer_instruction[31]_i_1/O
                         net (fo=36, routed)          0.618    13.337    cpu_inst/data_mem_inst/if_id_reg
    SLICE_X13Y14         LUT3 (Prop_lut3_I0_O)        0.124    13.461 r  cpu_inst/data_mem_inst/fetch_buffer_pc[31]_i_1/O
                         net (fo=31, routed)          0.791    14.253    cpu_inst/data_mem_inst_n_143
    SLICE_X13Y19         FDRE                                         r  cpu_inst/fetch_buffer_pc_reg[12]/R
  -------------------------------------------------------------------    -------------------

                         (clock sys_clk_pin rise edge)
                                                     10.000    10.000 r  <hidden>
                         propagated clock network latency
                                                      4.780    14.780    <hidden>
                         clock pessimism              0.260    15.040    <hidden>
                         clock uncertainty           -0.035    15.005    <hidden>
    SLICE_X13Y19         FDRE (Setup_fdre_C_R)       -0.429    14.576    cpu_inst/fetch_buffer_pc_reg[12]
  -------------------------------------------------------------------
                         required time                         14.576    <hidden>
                         arrival time                         -14.253    <hidden>
  -------------------------------------------------------------------
                         slack                                  0.323    <hidden>

Slack (MET) :             0.323ns  (required time - arrival time)
  Source:                 cpu_inst/data_mem_inst/mem_reg/CLKBWRCLK
                            (rising edge-triggered cell RAMB18E1 clocked by sys_clk_pin  {rise@0.000ns fall@5.000ns period=10.000ns})
  Destination:            cpu_inst/fetch_buffer_pc_reg[13]/R
                            (rising edge-triggered cell FDRE clocked by sys_clk_pin  {rise@0.000ns fall@5.000ns period=10.000ns})
  Path Group:             sys_clk_pin
  Path Type:              Setup (Max at Slow Process Corner)
  Requirement:            10.000ns  (sys_clk_pin rise@10.000ns - sys_clk_pin rise@0.000ns)
  Data Path Delay:        9.123ns  (logic 3.993ns (43.768%)  route 5.130ns (56.232%))
  Logic Levels:           8  (CARRY4=2 LUT3=2 LUT4=1 LUT5=2 LUT6=1)
  Clock Path Skew:        -0.089ns (DCD - SCD + CPR)
    Destination Clock Delay (DCD):    4.780ns = ( 14.780 - 10.000 ) 
    Source Clock Delay      (SCD):    5.130ns
    Clock Pessimism Removal (CPR):    0.260ns
  Clock Uncertainty:      0.035ns  ((TSJ^2 + TIJ^2)^1/2 + DJ) / 2 + PE
    Total System Jitter     (TSJ):    0.071ns
    Total Input Jitter      (TIJ):    0.000ns
    Discrete Jitter          (DJ):    0.000ns
    Phase Error              (PE):    0.000ns

    Location             Delay type                Incr(ns)  Path(ns)    Netlist Resource(s)
  -------------------------------------------------------------------    -------------------
                         (clock sys_clk_pin rise edge)
                                                      0.000     0.000 r  <hidden>
                         propagated clock network latency
                                                      5.130     5.130    <hidden>
    RAMB18_X0Y4          RAMB18E1                     0.000     5.130 r  cpu_inst/data_mem_inst/mem_reg/CLKBWRCLK
    RAMB18_X0Y4          RAMB18E1 (Prop_ramb18e1_CLKBWRCLK_DOBDO[2])
                                                      2.454     7.584 r  cpu_inst/data_mem_inst/mem_reg/DOBDO[2]
                         net (fo=2, routed)           0.978     8.561    cpu_inst/data_mem_inst/mem_reg_n_29
    SLICE_X8Y7           LUT3 (Prop_lut3_I0_O)        0.124     8.685 r  cpu_inst/data_mem_inst/regs[1][20]_i_1/O
                         net (fo=35, routed)          0.615     9.300    cpu_inst/data_mem_inst/wb_write_data[20]
    SLICE_X8Y8           LUT5 (Prop_lut5_I4_O)        0.124     9.424 r  cpu_inst/data_mem_inst/ex_mem_reg[store_data][20]_i_1/O
                         net (fo=4, routed)           1.184    10.608    cpu_inst/data_mem_inst/ex_store_data[20]
    SLICE_X8Y14          LUT6 (Prop_lut6_I2_O)        0.124    10.732 r  cpu_inst/data_mem_inst/i__carry__0_i_2/O
                         net (fo=1, routed)           0.000    10.732    cpu_inst/data_mem_inst_n_250
    SLICE_X8Y14          CARRY4 (Prop_carry4_S[2]_CO[3])
                                                      0.380    11.112 r  cpu_inst/ex_branch_taken0_inferred__0/i__carry__0/CO[3]
                         net (fo=1, routed)           0.000    11.112    cpu_inst/ex_branch_taken0_inferred__0/i__carry__0_n_0
    SLICE_X8Y15          CARRY4 (Prop_carry4_CI_CO[2])
                                                      0.229    11.341 r  cpu_inst/ex_branch_taken0_inferred__0/i__carry__1/CO[2]
                         net (fo=37, routed)          0.450    11.791    cpu_inst/data_mem_inst/CO[0]
    SLICE_X11Y15         LUT4 (Prop_lut4_I2_O)        0.310    12.101 r  cpu_inst/data_mem_inst/redirect_pending_valid_i_2/O
                         net (fo=12, routed)          0.495    12.595    cpu_inst/data_mem_inst/redirect_pending_valid_i_2_n_0
    SLICE_X11Y14         LUT5 (Prop_lut5_I2_O)        0.124    12.719 r  cpu_inst/data_mem_inst/fetch_buffer_instruction[31]_i_1/O
                         net (fo=36, routed)          0.618    13.337    cpu_inst/data_mem_inst/if_id_reg
    SLICE_X13Y14         LUT3 (Prop_lut3_I0_O)        0.124    13.461 r  cpu_inst/data_mem_inst/fetch_buffer_pc[31]_i_1/O
                         net (fo=31, routed)          0.791    14.253    cpu_inst/data_mem_inst_n_143
    SLICE_X13Y19         FDRE                                         r  cpu_inst/fetch_buffer_pc_reg[13]/R
  -------------------------------------------------------------------    -------------------

                         (clock sys_clk_pin rise edge)
                                                     10.000    10.000 r  <hidden>
                         propagated clock network latency
                                                      4.780    14.780    <hidden>
                         clock pessimism              0.260    15.040    <hidden>
                         clock uncertainty           -0.035    15.005    <hidden>
    SLICE_X13Y19         FDRE (Setup_fdre_C_R)       -0.429    14.576    cpu_inst/fetch_buffer_pc_reg[13]
  -------------------------------------------------------------------
                         required time                         14.576    <hidden>
                         arrival time                         -14.253    <hidden>
  -------------------------------------------------------------------
                         slack                                  0.323    <hidden>

Slack (MET) :             0.323ns  (required time - arrival time)
  Source:                 cpu_inst/data_mem_inst/mem_reg/CLKBWRCLK
                            (rising edge-triggered cell RAMB18E1 clocked by sys_clk_pin  {rise@0.000ns fall@5.000ns period=10.000ns})
  Destination:            cpu_inst/fetch_buffer_pc_reg[17]/R
                            (rising edge-triggered cell FDRE clocked by sys_clk_pin  {rise@0.000ns fall@5.000ns period=10.000ns})
  Path Group:             sys_clk_pin
  Path Type:              Setup (Max at Slow Process Corner)
  Requirement:            10.000ns  (sys_clk_pin rise@10.000ns - sys_clk_pin rise@0.000ns)
  Data Path Delay:        9.123ns  (logic 3.993ns (43.768%)  route 5.130ns (56.232%))
  Logic Levels:           8  (CARRY4=2 LUT3=2 LUT4=1 LUT5=2 LUT6=1)
  Clock Path Skew:        -0.089ns (DCD - SCD + CPR)
    Destination Clock Delay (DCD):    4.780ns = ( 14.780 - 10.000 ) 
    Source Clock Delay      (SCD):    5.130ns
    Clock Pessimism Removal (CPR):    0.260ns
  Clock Uncertainty:      0.035ns  ((TSJ^2 + TIJ^2)^1/2 + DJ) / 2 + PE
    Total System Jitter     (TSJ):    0.071ns
    Total Input Jitter      (TIJ):    0.000ns
    Discrete Jitter          (DJ):    0.000ns
    Phase Error              (PE):    0.000ns

    Location             Delay type                Incr(ns)  Path(ns)    Netlist Resource(s)
  -------------------------------------------------------------------    -------------------
                         (clock sys_clk_pin rise edge)
                                                      0.000     0.000 r  <hidden>
                         propagated clock network latency
                                                      5.130     5.130    <hidden>
    RAMB18_X0Y4          RAMB18E1                     0.000     5.130 r  cpu_inst/data_mem_inst/mem_reg/CLKBWRCLK
    RAMB18_X0Y4          RAMB18E1 (Prop_ramb18e1_CLKBWRCLK_DOBDO[2])
                                                      2.454     7.584 r  cpu_inst/data_mem_inst/mem_reg/DOBDO[2]
                         net (fo=2, routed)           0.978     8.561    cpu_inst/data_mem_inst/mem_reg_n_29
    SLICE_X8Y7           LUT3 (Prop_lut3_I0_O)        0.124     8.685 r  cpu_inst/data_mem_inst/regs[1][20]_i_1/O
                         net (fo=35, routed)          0.615     9.300    cpu_inst/data_mem_inst/wb_write_data[20]
    SLICE_X8Y8           LUT5 (Prop_lut5_I4_O)        0.124     9.424 r  cpu_inst/data_mem_inst/ex_mem_reg[store_data][20]_i_1/O
                         net (fo=4, routed)           1.184    10.608    cpu_inst/data_mem_inst/ex_store_data[20]
    SLICE_X8Y14          LUT6 (Prop_lut6_I2_O)        0.124    10.732 r  cpu_inst/data_mem_inst/i__carry__0_i_2/O
                         net (fo=1, routed)           0.000    10.732    cpu_inst/data_mem_inst_n_250
    SLICE_X8Y14          CARRY4 (Prop_carry4_S[2]_CO[3])
                                                      0.380    11.112 r  cpu_inst/ex_branch_taken0_inferred__0/i__carry__0/CO[3]
                         net (fo=1, routed)           0.000    11.112    cpu_inst/ex_branch_taken0_inferred__0/i__carry__0_n_0
    SLICE_X8Y15          CARRY4 (Prop_carry4_CI_CO[2])
                                                      0.229    11.341 r  cpu_inst/ex_branch_taken0_inferred__0/i__carry__1/CO[2]
                         net (fo=37, routed)          0.450    11.791    cpu_inst/data_mem_inst/CO[0]
    SLICE_X11Y15         LUT4 (Prop_lut4_I2_O)        0.310    12.101 r  cpu_inst/data_mem_inst/redirect_pending_valid_i_2/O
                         net (fo=12, routed)          0.495    12.595    cpu_inst/data_mem_inst/redirect_pending_valid_i_2_n_0
    SLICE_X11Y14         LUT5 (Prop_lut5_I2_O)        0.124    12.719 r  cpu_inst/data_mem_inst/fetch_buffer_instruction[31]_i_1/O
                         net (fo=36, routed)          0.618    13.337    cpu_inst/data_mem_inst/if_id_reg
    SLICE_X13Y14         LUT3 (Prop_lut3_I0_O)        0.124    13.461 r  cpu_inst/data_mem_inst/fetch_buffer_pc[31]_i_1/O
                         net (fo=31, routed)          0.791    14.253    cpu_inst/data_mem_inst_n_143
    SLICE_X13Y19         FDRE                                         r  cpu_inst/fetch_buffer_pc_reg[17]/R
  -------------------------------------------------------------------    -------------------

                         (clock sys_clk_pin rise edge)
                                                     10.000    10.000 r  <hidden>
                         propagated clock network latency
                                                      4.780    14.780    <hidden>
                         clock pessimism              0.260    15.040    <hidden>
                         clock uncertainty           -0.035    15.005    <hidden>
    SLICE_X13Y19         FDRE (Setup_fdre_C_R)       -0.429    14.576    cpu_inst/fetch_buffer_pc_reg[17]
  -------------------------------------------------------------------
                         required time                         14.576    <hidden>
                         arrival time                         -14.253    <hidden>
  -------------------------------------------------------------------
                         slack                                  0.323    <hidden>

Slack (MET) :             0.323ns  (required time - arrival time)
  Source:                 cpu_inst/data_mem_inst/mem_reg/CLKBWRCLK
                            (rising edge-triggered cell RAMB18E1 clocked by sys_clk_pin  {rise@0.000ns fall@5.000ns period=10.000ns})
  Destination:            cpu_inst/fetch_buffer_pc_reg[20]/R
                            (rising edge-triggered cell FDRE clocked by sys_clk_pin  {rise@0.000ns fall@5.000ns period=10.000ns})
  Path Group:             sys_clk_pin
  Path Type:              Setup (Max at Slow Process Corner)
  Requirement:            10.000ns  (sys_clk_pin rise@10.000ns - sys_clk_pin rise@0.000ns)
  Data Path Delay:        9.123ns  (logic 3.993ns (43.768%)  route 5.130ns (56.232%))
  Logic Levels:           8  (CARRY4=2 LUT3=2 LUT4=1 LUT5=2 LUT6=1)
  Clock Path Skew:        -0.089ns (DCD - SCD + CPR)
    Destination Clock Delay (DCD):    4.780ns = ( 14.780 - 10.000 ) 
    Source Clock Delay      (SCD):    5.130ns
    Clock Pessimism Removal (CPR):    0.260ns
  Clock Uncertainty:      0.035ns  ((TSJ^2 + TIJ^2)^1/2 + DJ) / 2 + PE
    Total System Jitter     (TSJ):    0.071ns
    Total Input Jitter      (TIJ):    0.000ns
    Discrete Jitter          (DJ):    0.000ns
    Phase Error              (PE):    0.000ns

    Location             Delay type                Incr(ns)  Path(ns)    Netlist Resource(s)
  -------------------------------------------------------------------    -------------------
                         (clock sys_clk_pin rise edge)
                                                      0.000     0.000 r  <hidden>
                         propagated clock network latency
                                                      5.130     5.130    <hidden>
    RAMB18_X0Y4          RAMB18E1                     0.000     5.130 r  cpu_inst/data_mem_inst/mem_reg/CLKBWRCLK
    RAMB18_X0Y4          RAMB18E1 (Prop_ramb18e1_CLKBWRCLK_DOBDO[2])
                                                      2.454     7.584 r  cpu_inst/data_mem_inst/mem_reg/DOBDO[2]
                         net (fo=2, routed)           0.978     8.561    cpu_inst/data_mem_inst/mem_reg_n_29
    SLICE_X8Y7           LUT3 (Prop_lut3_I0_O)        0.124     8.685 r  cpu_inst/data_mem_inst/regs[1][20]_i_1/O
                         net (fo=35, routed)          0.615     9.300    cpu_inst/data_mem_inst/wb_write_data[20]
    SLICE_X8Y8           LUT5 (Prop_lut5_I4_O)        0.124     9.424 r  cpu_inst/data_mem_inst/ex_mem_reg[store_data][20]_i_1/O
                         net (fo=4, routed)           1.184    10.608    cpu_inst/data_mem_inst/ex_store_data[20]
    SLICE_X8Y14          LUT6 (Prop_lut6_I2_O)        0.124    10.732 r  cpu_inst/data_mem_inst/i__carry__0_i_2/O
                         net (fo=1, routed)           0.000    10.732    cpu_inst/data_mem_inst_n_250
    SLICE_X8Y14          CARRY4 (Prop_carry4_S[2]_CO[3])
                                                      0.380    11.112 r  cpu_inst/ex_branch_taken0_inferred__0/i__carry__0/CO[3]
                         net (fo=1, routed)           0.000    11.112    cpu_inst/ex_branch_taken0_inferred__0/i__carry__0_n_0
    SLICE_X8Y15          CARRY4 (Prop_carry4_CI_CO[2])
                                                      0.229    11.341 r  cpu_inst/ex_branch_taken0_inferred__0/i__carry__1/CO[2]
                         net (fo=37, routed)          0.450    11.791    cpu_inst/data_mem_inst/CO[0]
    SLICE_X11Y15         LUT4 (Prop_lut4_I2_O)        0.310    12.101 r  cpu_inst/data_mem_inst/redirect_pending_valid_i_2/O
                         net (fo=12, routed)          0.495    12.595    cpu_inst/data_mem_inst/redirect_pending_valid_i_2_n_0
    SLICE_X11Y14         LUT5 (Prop_lut5_I2_O)        0.124    12.719 r  cpu_inst/data_mem_inst/fetch_buffer_instruction[31]_i_1/O
                         net (fo=36, routed)          0.618    13.337    cpu_inst/data_mem_inst/if_id_reg
    SLICE_X13Y14         LUT3 (Prop_lut3_I0_O)        0.124    13.461 r  cpu_inst/data_mem_inst/fetch_buffer_pc[31]_i_1/O
                         net (fo=31, routed)          0.791    14.253    cpu_inst/data_mem_inst_n_143
    SLICE_X13Y19         FDRE                                         r  cpu_inst/fetch_buffer_pc_reg[20]/R
  -------------------------------------------------------------------    -------------------

                         (clock sys_clk_pin rise edge)
                                                     10.000    10.000 r  <hidden>
                         propagated clock network latency
                                                      4.780    14.780    <hidden>
                         clock pessimism              0.260    15.040    <hidden>
                         clock uncertainty           -0.035    15.005    <hidden>
    SLICE_X13Y19         FDRE (Setup_fdre_C_R)       -0.429    14.576    cpu_inst/fetch_buffer_pc_reg[20]
  -------------------------------------------------------------------
                         required time                         14.576    <hidden>
                         arrival time                         -14.253    <hidden>
  -------------------------------------------------------------------
                         slack                                  0.323    <hidden>

Slack (MET) :             0.323ns  (required time - arrival time)
  Source:                 cpu_inst/data_mem_inst/mem_reg/CLKBWRCLK
                            (rising edge-triggered cell RAMB18E1 clocked by sys_clk_pin  {rise@0.000ns fall@5.000ns period=10.000ns})
  Destination:            cpu_inst/fetch_buffer_pc_reg[21]/R
                            (rising edge-triggered cell FDRE clocked by sys_clk_pin  {rise@0.000ns fall@5.000ns period=10.000ns})
  Path Group:             sys_clk_pin
  Path Type:              Setup (Max at Slow Process Corner)
  Requirement:            10.000ns  (sys_clk_pin rise@10.000ns - sys_clk_pin rise@0.000ns)
  Data Path Delay:        9.123ns  (logic 3.993ns (43.768%)  route 5.130ns (56.232%))
  Logic Levels:           8  (CARRY4=2 LUT3=2 LUT4=1 LUT5=2 LUT6=1)
  Clock Path Skew:        -0.089ns (DCD - SCD + CPR)
    Destination Clock Delay (DCD):    4.780ns = ( 14.780 - 10.000 ) 
    Source Clock Delay      (SCD):    5.130ns
    Clock Pessimism Removal (CPR):    0.260ns
  Clock Uncertainty:      0.035ns  ((TSJ^2 + TIJ^2)^1/2 + DJ) / 2 + PE
    Total System Jitter     (TSJ):    0.071ns
    Total Input Jitter      (TIJ):    0.000ns
    Discrete Jitter          (DJ):    0.000ns
    Phase Error              (PE):    0.000ns

    Location             Delay type                Incr(ns)  Path(ns)    Netlist Resource(s)
  -------------------------------------------------------------------    -------------------
                         (clock sys_clk_pin rise edge)
                                                      0.000     0.000 r  <hidden>
                         propagated clock network latency
                                                      5.130     5.130    <hidden>
    RAMB18_X0Y4          RAMB18E1                     0.000     5.130 r  cpu_inst/data_mem_inst/mem_reg/CLKBWRCLK
    RAMB18_X0Y4          RAMB18E1 (Prop_ramb18e1_CLKBWRCLK_DOBDO[2])
                                                      2.454     7.584 r  cpu_inst/data_mem_inst/mem_reg/DOBDO[2]
                         net (fo=2, routed)           0.978     8.561    cpu_inst/data_mem_inst/mem_reg_n_29
    SLICE_X8Y7           LUT3 (Prop_lut3_I0_O)        0.124     8.685 r  cpu_inst/data_mem_inst/regs[1][20]_i_1/O
                         net (fo=35, routed)          0.615     9.300    cpu_inst/data_mem_inst/wb_write_data[20]
    SLICE_X8Y8           LUT5 (Prop_lut5_I4_O)        0.124     9.424 r  cpu_inst/data_mem_inst/ex_mem_reg[store_data][20]_i_1/O
                         net (fo=4, routed)           1.184    10.608    cpu_inst/data_mem_inst/ex_store_data[20]
    SLICE_X8Y14          LUT6 (Prop_lut6_I2_O)        0.124    10.732 r  cpu_inst/data_mem_inst/i__carry__0_i_2/O
                         net (fo=1, routed)           0.000    10.732    cpu_inst/data_mem_inst_n_250
    SLICE_X8Y14          CARRY4 (Prop_carry4_S[2]_CO[3])
                                                      0.380    11.112 r  cpu_inst/ex_branch_taken0_inferred__0/i__carry__0/CO[3]
                         net (fo=1, routed)           0.000    11.112    cpu_inst/ex_branch_taken0_inferred__0/i__carry__0_n_0
    SLICE_X8Y15          CARRY4 (Prop_carry4_CI_CO[2])
                                                      0.229    11.341 r  cpu_inst/ex_branch_taken0_inferred__0/i__carry__1/CO[2]
                         net (fo=37, routed)          0.450    11.791    cpu_inst/data_mem_inst/CO[0]
    SLICE_X11Y15         LUT4 (Prop_lut4_I2_O)        0.310    12.101 r  cpu_inst/data_mem_inst/redirect_pending_valid_i_2/O
                         net (fo=12, routed)          0.495    12.595    cpu_inst/data_mem_inst/redirect_pending_valid_i_2_n_0
    SLICE_X11Y14         LUT5 (Prop_lut5_I2_O)        0.124    12.719 r  cpu_inst/data_mem_inst/fetch_buffer_instruction[31]_i_1/O
                         net (fo=36, routed)          0.618    13.337    cpu_inst/data_mem_inst/if_id_reg
    SLICE_X13Y14         LUT3 (Prop_lut3_I0_O)        0.124    13.461 r  cpu_inst/data_mem_inst/fetch_buffer_pc[31]_i_1/O
                         net (fo=31, routed)          0.791    14.253    cpu_inst/data_mem_inst_n_143
    SLICE_X13Y19         FDRE                                         r  cpu_inst/fetch_buffer_pc_reg[21]/R
  -------------------------------------------------------------------    -------------------

                         (clock sys_clk_pin rise edge)
                                                     10.000    10.000 r  <hidden>
                         propagated clock network latency
                                                      4.780    14.780    <hidden>
                         clock pessimism              0.260    15.040    <hidden>
                         clock uncertainty           -0.035    15.005    <hidden>
    SLICE_X13Y19         FDRE (Setup_fdre_C_R)       -0.429    14.576    cpu_inst/fetch_buffer_pc_reg[21]
  -------------------------------------------------------------------
                         required time                         14.576    <hidden>
                         arrival time                         -14.253    <hidden>
  -------------------------------------------------------------------
                         slack                                  0.323    <hidden>

Slack (MET) :             0.323ns  (required time - arrival time)
  Source:                 cpu_inst/data_mem_inst/mem_reg/CLKBWRCLK
                            (rising edge-triggered cell RAMB18E1 clocked by sys_clk_pin  {rise@0.000ns fall@5.000ns period=10.000ns})
  Destination:            cpu_inst/fetch_buffer_pc_reg[22]/R
                            (rising edge-triggered cell FDRE clocked by sys_clk_pin  {rise@0.000ns fall@5.000ns period=10.000ns})
  Path Group:             sys_clk_pin
  Path Type:              Setup (Max at Slow Process Corner)
  Requirement:            10.000ns  (sys_clk_pin rise@10.000ns - sys_clk_pin rise@0.000ns)
  Data Path Delay:        9.123ns  (logic 3.993ns (43.768%)  route 5.130ns (56.232%))
  Logic Levels:           8  (CARRY4=2 LUT3=2 LUT4=1 LUT5=2 LUT6=1)
  Clock Path Skew:        -0.089ns (DCD - SCD + CPR)
    Destination Clock Delay (DCD):    4.780ns = ( 14.780 - 10.000 ) 
    Source Clock Delay      (SCD):    5.130ns
    Clock Pessimism Removal (CPR):    0.260ns
  Clock Uncertainty:      0.035ns  ((TSJ^2 + TIJ^2)^1/2 + DJ) / 2 + PE
    Total System Jitter     (TSJ):    0.071ns
    Total Input Jitter      (TIJ):    0.000ns
    Discrete Jitter          (DJ):    0.000ns
    Phase Error              (PE):    0.000ns

    Location             Delay type                Incr(ns)  Path(ns)    Netlist Resource(s)
  -------------------------------------------------------------------    -------------------
                         (clock sys_clk_pin rise edge)
                                                      0.000     0.000 r  <hidden>
                         propagated clock network latency
                                                      5.130     5.130    <hidden>
    RAMB18_X0Y4          RAMB18E1                     0.000     5.130 r  cpu_inst/data_mem_inst/mem_reg/CLKBWRCLK
    RAMB18_X0Y4          RAMB18E1 (Prop_ramb18e1_CLKBWRCLK_DOBDO[2])
                                                      2.454     7.584 r  cpu_inst/data_mem_inst/mem_reg/DOBDO[2]
                         net (fo=2, routed)           0.978     8.561    cpu_inst/data_mem_inst/mem_reg_n_29
    SLICE_X8Y7           LUT3 (Prop_lut3_I0_O)        0.124     8.685 r  cpu_inst/data_mem_inst/regs[1][20]_i_1/O
                         net (fo=35, routed)          0.615     9.300    cpu_inst/data_mem_inst/wb_write_data[20]
    SLICE_X8Y8           LUT5 (Prop_lut5_I4_O)        0.124     9.424 r  cpu_inst/data_mem_inst/ex_mem_reg[store_data][20]_i_1/O
                         net (fo=4, routed)           1.184    10.608    cpu_inst/data_mem_inst/ex_store_data[20]
    SLICE_X8Y14          LUT6 (Prop_lut6_I2_O)        0.124    10.732 r  cpu_inst/data_mem_inst/i__carry__0_i_2/O
                         net (fo=1, routed)           0.000    10.732    cpu_inst/data_mem_inst_n_250
    SLICE_X8Y14          CARRY4 (Prop_carry4_S[2]_CO[3])
                                                      0.380    11.112 r  cpu_inst/ex_branch_taken0_inferred__0/i__carry__0/CO[3]
                         net (fo=1, routed)           0.000    11.112    cpu_inst/ex_branch_taken0_inferred__0/i__carry__0_n_0
    SLICE_X8Y15          CARRY4 (Prop_carry4_CI_CO[2])
                                                      0.229    11.341 r  cpu_inst/ex_branch_taken0_inferred__0/i__carry__1/CO[2]
                         net (fo=37, routed)          0.450    11.791    cpu_inst/data_mem_inst/CO[0]
    SLICE_X11Y15         LUT4 (Prop_lut4_I2_O)        0.310    12.101 r  cpu_inst/data_mem_inst/redirect_pending_valid_i_2/O
                         net (fo=12, routed)          0.495    12.595    cpu_inst/data_mem_inst/redirect_pending_valid_i_2_n_0
    SLICE_X11Y14         LUT5 (Prop_lut5_I2_O)        0.124    12.719 r  cpu_inst/data_mem_inst/fetch_buffer_instruction[31]_i_1/O
                         net (fo=36, routed)          0.618    13.337    cpu_inst/data_mem_inst/if_id_reg
    SLICE_X13Y14         LUT3 (Prop_lut3_I0_O)        0.124    13.461 r  cpu_inst/data_mem_inst/fetch_buffer_pc[31]_i_1/O
                         net (fo=31, routed)          0.791    14.253    cpu_inst/data_mem_inst_n_143
    SLICE_X13Y19         FDRE                                         r  cpu_inst/fetch_buffer_pc_reg[22]/R
  -------------------------------------------------------------------    -------------------

                         (clock sys_clk_pin rise edge)
                                                     10.000    10.000 r  <hidden>
                         propagated clock network latency
                                                      4.780    14.780    <hidden>
                         clock pessimism              0.260    15.040    <hidden>
                         clock uncertainty           -0.035    15.005    <hidden>
    SLICE_X13Y19         FDRE (Setup_fdre_C_R)       -0.429    14.576    cpu_inst/fetch_buffer_pc_reg[22]
  -------------------------------------------------------------------
                         required time                         14.576    <hidden>
                         arrival time                         -14.253    <hidden>
  -------------------------------------------------------------------
                         slack                                  0.323    <hidden>

Slack (MET) :             0.323ns  (required time - arrival time)
  Source:                 cpu_inst/data_mem_inst/mem_reg/CLKBWRCLK
                            (rising edge-triggered cell RAMB18E1 clocked by sys_clk_pin  {rise@0.000ns fall@5.000ns period=10.000ns})
  Destination:            cpu_inst/fetch_buffer_pc_reg[28]/R
                            (rising edge-triggered cell FDRE clocked by sys_clk_pin  {rise@0.000ns fall@5.000ns period=10.000ns})
  Path Group:             sys_clk_pin
  Path Type:              Setup (Max at Slow Process Corner)
  Requirement:            10.000ns  (sys_clk_pin rise@10.000ns - sys_clk_pin rise@0.000ns)
  Data Path Delay:        9.123ns  (logic 3.993ns (43.768%)  route 5.130ns (56.232%))
  Logic Levels:           8  (CARRY4=2 LUT3=2 LUT4=1 LUT5=2 LUT6=1)
  Clock Path Skew:        -0.089ns (DCD - SCD + CPR)
    Destination Clock Delay (DCD):    4.780ns = ( 14.780 - 10.000 ) 
    Source Clock Delay      (SCD):    5.130ns
    Clock Pessimism Removal (CPR):    0.260ns
  Clock Uncertainty:      0.035ns  ((TSJ^2 + TIJ^2)^1/2 + DJ) / 2 + PE
    Total System Jitter     (TSJ):    0.071ns
    Total Input Jitter      (TIJ):    0.000ns
    Discrete Jitter          (DJ):    0.000ns
    Phase Error              (PE):    0.000ns

    Location             Delay type                Incr(ns)  Path(ns)    Netlist Resource(s)
  -------------------------------------------------------------------    -------------------
                         (clock sys_clk_pin rise edge)
                                                      0.000     0.000 r  <hidden>
                         propagated clock network latency
                                                      5.130     5.130    <hidden>
    RAMB18_X0Y4          RAMB18E1                     0.000     5.130 r  cpu_inst/data_mem_inst/mem_reg/CLKBWRCLK
    RAMB18_X0Y4          RAMB18E1 (Prop_ramb18e1_CLKBWRCLK_DOBDO[2])
                                                      2.454     7.584 r  cpu_inst/data_mem_inst/mem_reg/DOBDO[2]
                         net (fo=2, routed)           0.978     8.561    cpu_inst/data_mem_inst/mem_reg_n_29
    SLICE_X8Y7           LUT3 (Prop_lut3_I0_O)        0.124     8.685 r  cpu_inst/data_mem_inst/regs[1][20]_i_1/O
                         net (fo=35, routed)          0.615     9.300    cpu_inst/data_mem_inst/wb_write_data[20]
    SLICE_X8Y8           LUT5 (Prop_lut5_I4_O)        0.124     9.424 r  cpu_inst/data_mem_inst/ex_mem_reg[store_data][20]_i_1/O
                         net (fo=4, routed)           1.184    10.608    cpu_inst/data_mem_inst/ex_store_data[20]
    SLICE_X8Y14          LUT6 (Prop_lut6_I2_O)        0.124    10.732 r  cpu_inst/data_mem_inst/i__carry__0_i_2/O
                         net (fo=1, routed)           0.000    10.732    cpu_inst/data_mem_inst_n_250
    SLICE_X8Y14          CARRY4 (Prop_carry4_S[2]_CO[3])
                                                      0.380    11.112 r  cpu_inst/ex_branch_taken0_inferred__0/i__carry__0/CO[3]
                         net (fo=1, routed)           0.000    11.112    cpu_inst/ex_branch_taken0_inferred__0/i__carry__0_n_0
    SLICE_X8Y15          CARRY4 (Prop_carry4_CI_CO[2])
                                                      0.229    11.341 r  cpu_inst/ex_branch_taken0_inferred__0/i__carry__1/CO[2]
                         net (fo=37, routed)          0.450    11.791    cpu_inst/data_mem_inst/CO[0]
    SLICE_X11Y15         LUT4 (Prop_lut4_I2_O)        0.310    12.101 r  cpu_inst/data_mem_inst/redirect_pending_valid_i_2/O
                         net (fo=12, routed)          0.495    12.595    cpu_inst/data_mem_inst/redirect_pending_valid_i_2_n_0
    SLICE_X11Y14         LUT5 (Prop_lut5_I2_O)        0.124    12.719 r  cpu_inst/data_mem_inst/fetch_buffer_instruction[31]_i_1/O
                         net (fo=36, routed)          0.618    13.337    cpu_inst/data_mem_inst/if_id_reg
    SLICE_X13Y14         LUT3 (Prop_lut3_I0_O)        0.124    13.461 r  cpu_inst/data_mem_inst/fetch_buffer_pc[31]_i_1/O
                         net (fo=31, routed)          0.791    14.253    cpu_inst/data_mem_inst_n_143
    SLICE_X13Y19         FDRE                                         r  cpu_inst/fetch_buffer_pc_reg[28]/R
  -------------------------------------------------------------------    -------------------

                         (clock sys_clk_pin rise edge)
                                                     10.000    10.000 r  <hidden>
                         propagated clock network latency
                                                      4.780    14.780    <hidden>
                         clock pessimism              0.260    15.040    <hidden>
                         clock uncertainty           -0.035    15.005    <hidden>
    SLICE_X13Y19         FDRE (Setup_fdre_C_R)       -0.429    14.576    cpu_inst/fetch_buffer_pc_reg[28]
  -------------------------------------------------------------------
                         required time                         14.576    <hidden>
                         arrival time                         -14.253    <hidden>
  -------------------------------------------------------------------
                         slack                                  0.323    <hidden>




