Copyright 1986-2022 Xilinx, Inc. All Rights Reserved. Copyright 2022-2026 Advanced Micro Devices, Inc. All Rights Reserved.
--------------------------------------------------------------------------------------------------------------------------------------------------------
| Tool Version : Vivado v.2026.1 (win64) Build 6511674 Tue Jun 16 11:02:23 MDT 2026
| Date         : Wed Jul 15 14:34:55 2026
| Host         : DESKTOP-4GB7DVJ running 64-bit major release  (build 9200)
| Command      : report_timing_summary -file reports/phase17c_forwardtiming_opt_impl/timing/fpga_top_pipeline_forwardtiming_opt_impl_timing_summary.rpt
| Design       : fpga_top_pipeline_forwardtiming_opt
| Device       : 7a35t-cpg236
| Speed File   : -1  PRODUCTION 1.23 2018-06-13
| Design State : Routed
--------------------------------------------------------------------------------------------------------------------------------------------------------

Timing Summary Report

------------------------------------------------------------------------------------------------
| Timer Settings
| --------------
------------------------------------------------------------------------------------------------

  Enable Multi Corner Analysis               :  Yes
  Enable Pessimism Removal                   :  Yes
  Pessimism Removal Resolution               :  Nearest Common Node
  Enable Input Delay Default Clock           :  No
  Enable Preset / Clear Arcs                 :  No
  Disable Flight Delays                      :  No
  Ignore I/O Paths                           :  No
  Timing Early Launch at Borrowing Latches   :  No
  Borrow Time for Max Delay Exceptions       :  Yes
  Merge Timing Exceptions                    :  Yes
  Inter-SLR Compensation                     :  Conservative

  Corner  Analyze    Analyze    
  Name    Max Paths  Min Paths  
  ------  ---------  ---------  
  Slow    Yes        Yes        
  Fast    Yes        Yes        


------------------------------------------------------------------------------------------------
| Report Methodology
| ------------------
------------------------------------------------------------------------------------------------

No report available as report_methodology has not been run prior. Run report_methodology on the current design for the summary of methodology violations.



check_timing report

Table of Contents
-----------------
1. checking no_clock (0)
2. checking constant_clock (0)
3. checking pulse_width_clock (0)
4. checking unconstrained_internal_endpoints (0)
5. checking no_input_delay (2)
6. checking no_output_delay (16)
7. checking multiple_clock (0)
8. checking generated_clocks (0)
9. checking loops (0)
10. checking partial_input_delay (0)
11. checking partial_output_delay (0)
12. checking latch_loops (0)

1. checking no_clock (0)
------------------------
 There are 0 register/latch pins with no clock.


2. checking constant_clock (0)
------------------------------
 There are 0 register/latch pins with constant_clock.


3. checking pulse_width_clock (0)
---------------------------------
 There are 0 register/latch pins which need pulse_width check


4. checking unconstrained_internal_endpoints (0)
------------------------------------------------
 There are 0 pins that are not constrained for maximum delay.

 There are 0 pins that are not constrained for maximum delay due to constant clock.


5. checking no_input_delay (2)
------------------------------
 There are 2 input ports with no input delay specified. (HIGH)

 There are 0 input ports with no input delay but user has a false path constraint.


6. checking no_output_delay (16)
--------------------------------
 There are 16 ports with no output delay specified. (HIGH)

 There are 0 ports with no output delay but user has a false path constraint

 There are 0 ports with no output delay but with a timing clock defined on it or propagating through it


7. checking multiple_clock (0)
------------------------------
 There are 0 register/latch pins with multiple clocks.


8. checking generated_clocks (0)
--------------------------------
 There are 0 generated clocks that are not connected to a clock source.


9. checking loops (0)
---------------------
 There are 0 combinational loops in the design.


10. checking partial_input_delay (0)
------------------------------------
 There are 0 input ports with partial input delay specified.


11. checking partial_output_delay (0)
-------------------------------------
 There are 0 ports with partial output delay specified.


12. checking latch_loops (0)
----------------------------
 There are 0 combinational latch loops in the design through latch input



------------------------------------------------------------------------------------------------
| Design Timing Summary
| ---------------------
------------------------------------------------------------------------------------------------

    WNS(ns)      TNS(ns)  TNS Failing Endpoints  TNS Total Endpoints      WHS(ns)      THS(ns)  THS Failing Endpoints  THS Total Endpoints     WPWS(ns)     TPWS(ns)  TPWS Failing Endpoints  TPWS Total Endpoints  
    -------      -------  ---------------------  -------------------      -------      -------  ---------------------  -------------------     --------     --------  ----------------------  --------------------  
     -0.552       -2.159                     14                 2947        0.088        0.000                      0                 2947        4.500        0.000                       0                  1474  


Timing constraints are not met.


------------------------------------------------------------------------------------------------
| Clock Summary
| -------------
------------------------------------------------------------------------------------------------

Clock        Waveform(ns)       Period(ns)      Frequency(MHz)
-----        ------------       ----------      --------------
sys_clk_pin  {0.000 5.000}      10.000          100.000         


------------------------------------------------------------------------------------------------
| Intra Clock Table
| -----------------
------------------------------------------------------------------------------------------------

Clock             WNS(ns)      TNS(ns)  TNS Failing Endpoints  TNS Total Endpoints      WHS(ns)      THS(ns)  THS Failing Endpoints  THS Total Endpoints     WPWS(ns)     TPWS(ns)  TPWS Failing Endpoints  TPWS Total Endpoints  
-----             -------      -------  ---------------------  -------------------      -------      -------  ---------------------  -------------------     --------     --------  ----------------------  --------------------  
sys_clk_pin        -0.552       -2.159                     14                 2947        0.088        0.000                      0                 2947        4.500        0.000                       0                  1474  


------------------------------------------------------------------------------------------------
| Inter Clock Table
| -----------------
------------------------------------------------------------------------------------------------

From Clock    To Clock          WNS(ns)      TNS(ns)  TNS Failing Endpoints  TNS Total Endpoints      WHS(ns)      THS(ns)  THS Failing Endpoints  THS Total Endpoints  
----------    --------          -------      -------  ---------------------  -------------------      -------      -------  ---------------------  -------------------  


------------------------------------------------------------------------------------------------
| Other Path Groups Table
| -----------------------
------------------------------------------------------------------------------------------------

Path Group    From Clock    To Clock          WNS(ns)      TNS(ns)  TNS Failing Endpoints  TNS Total Endpoints      WHS(ns)      THS(ns)  THS Failing Endpoints  THS Total Endpoints  
----------    ----------    --------          -------      -------  ---------------------  -------------------      -------      -------  ---------------------  -------------------  


------------------------------------------------------------------------------------------------
| Timing Details
| --------------
------------------------------------------------------------------------------------------------


---------------------------------------------------------------------------------------------------
From Clock:  sys_clk_pin
  To Clock:  sys_clk_pin

Setup :           14  Failing Endpoints,  Worst Slack       -0.552ns,  Total Violation       -2.159ns
Hold  :            0  Failing Endpoints,  Worst Slack        0.088ns,  Total Violation        0.000ns
PW    :            0  Failing Endpoints,  Worst Slack        4.500ns,  Total Violation        0.000ns
---------------------------------------------------------------------------------------------------


Max Delay Paths
--------------------------------------------------------------------------------------
Slack (VIOLATED) :        -0.552ns  (required time - arrival time)
  Source:                 cpu_inst/mem_wb_reg_reg[rd][2]/C
                            (rising edge-triggered cell FDRE clocked by sys_clk_pin  {rise@0.000ns fall@5.000ns period=10.000ns})
  Destination:            cpu_inst/instr_mem_inst/instruction_reg/RSTRAMB
                            (rising edge-triggered cell RAMB18E1 clocked by sys_clk_pin  {rise@0.000ns fall@5.000ns period=10.000ns})
  Path Group:             sys_clk_pin
  Path Type:              Setup (Max at Slow Process Corner)
  Requirement:            10.000ns  (sys_clk_pin rise@10.000ns - sys_clk_pin rise@0.000ns)
  Data Path Delay:        10.163ns  (logic 2.821ns (27.758%)  route 7.342ns (72.242%))
  Logic Levels:           13  (CARRY4=3 LUT3=2 LUT4=1 LUT5=2 LUT6=5)
  Clock Path Skew:        0.005ns (DCD - SCD + CPR)
    Destination Clock Delay (DCD):    4.822ns = ( 14.822 - 10.000 ) 
    Source Clock Delay      (SCD):    5.076ns
    Clock Pessimism Removal (CPR):    0.260ns
  Clock Uncertainty:      0.035ns  ((TSJ^2 + TIJ^2)^1/2 + DJ) / 2 + PE
    Total System Jitter     (TSJ):    0.071ns
    Total Input Jitter      (TIJ):    0.000ns
    Discrete Jitter          (DJ):    0.000ns
    Phase Error              (PE):    0.000ns

    Location             Delay type                Incr(ns)  Path(ns)    Netlist Resource(s)
  -------------------------------------------------------------------    -------------------
                         (clock sys_clk_pin rise edge)
                                                      0.000     0.000 r  <hidden>
    W5                                                0.000     0.000 r  clk
                         net (fo=0)                   0.000     0.000    clk
    W5                   IBUF (Prop_ibuf_I_O)         1.458     1.458 r  clk_IBUF_inst/O
                         net (fo=1, routed)           1.967     3.425    clk_IBUF
    BUFGCTRL_X0Y0        BUFG (Prop_bufg_I_O)         0.096     3.521 r  clk_IBUF_BUFG_inst/O
                         net (fo=1473, routed)        1.555     5.076    cpu_inst/CLK
    SLICE_X14Y21         FDRE                                         r  cpu_inst/mem_wb_reg_reg[rd][2]/C
  -------------------------------------------------------------------    -------------------
    SLICE_X14Y21         FDRE (Prop_fdre_C_Q)         0.518     5.594 r  cpu_inst/mem_wb_reg_reg[rd][2]/Q
                         net (fo=23, routed)          0.892     6.486    cpu_inst/mem_wb_reg_reg[rd][2]
    SLICE_X15Y21         LUT6 (Prop_lut6_I3_O)        0.124     6.610 r  cpu_inst/i__carry_i_18/O
                         net (fo=1, routed)           0.564     7.174    cpu_inst/i__carry_i_18_n_0
    SLICE_X13Y21         LUT5 (Prop_lut5_I2_O)        0.124     7.298 r  cpu_inst/i__carry_i_17/O
                         net (fo=2, routed)           0.165     7.463    cpu_inst/ex_rs1_wb_match0__8
    SLICE_X13Y21         LUT3 (Prop_lut3_I2_O)        0.124     7.587 r  cpu_inst/i__carry_i_16/O
                         net (fo=37, routed)          0.623     8.210    cpu_inst/data_mem_inst/ex_rs1_wb_alu__0
    SLICE_X15Y21         LUT3 (Prop_lut3_I2_O)        0.124     8.334 r  cpu_inst/data_mem_inst/i__carry_i_13_comp/O
                         net (fo=1, routed)           0.804     9.139    cpu_inst/data_mem_inst/i__carry_i_13_n_0_repN
    SLICE_X9Y12          LUT5 (Prop_lut5_I4_O)        0.124     9.263 r  cpu_inst/data_mem_inst/ex_mem_reg[alu_result][0]_i_3_comp/O
                         net (fo=4, routed)           1.041    10.303    cpu_inst/data_mem_inst/ex_operand_a[0]
    SLICE_X9Y17          LUT6 (Prop_lut6_I0_O)        0.124    10.427 r  cpu_inst/data_mem_inst/i__carry_i_4/O
                         net (fo=1, routed)           0.000    10.427    cpu_inst/data_mem_inst_n_187
    SLICE_X9Y17          CARRY4 (Prop_carry4_S[0]_CO[3])
                                                      0.532    10.959 r  cpu_inst/ex_branch_taken0_inferred__0/i__carry/CO[3]
                         net (fo=1, routed)           0.000    10.959    cpu_inst/ex_branch_taken0_inferred__0/i__carry_n_0
    SLICE_X9Y18          CARRY4 (Prop_carry4_CI_CO[3])
                                                      0.114    11.073 r  cpu_inst/ex_branch_taken0_inferred__0/i__carry__0/CO[3]
                         net (fo=1, routed)           0.000    11.073    cpu_inst/ex_branch_taken0_inferred__0/i__carry__0_n_0
    SLICE_X9Y19          CARRY4 (Prop_carry4_CI_CO[2])
                                                      0.228    11.301 f  cpu_inst/ex_branch_taken0_inferred__0/i__carry__1/CO[2]
                         net (fo=41, routed)          0.772    12.073    cpu_inst/data_mem_inst/CO[0]
    SLICE_X8Y23          LUT4 (Prop_lut4_I1_O)        0.313    12.386 f  cpu_inst/data_mem_inst/fetch_buffer_instruction[31]_i_2/O
                         net (fo=81, routed)          0.646    13.033    cpu_inst/data_mem_inst/ex_redirect_taken__0
    SLICE_X8Y26          LUT6 (Prop_lut6_I3_O)        0.124    13.157 r  cpu_inst/data_mem_inst/instruction_reg_i_48/O
                         net (fo=1, routed)           0.855    14.012    cpu_inst/data_mem_inst/instruction_reg_i_48_n_0
    SLICE_X9Y25          LUT6 (Prop_lut6_I0_O)        0.124    14.136 r  cpu_inst/data_mem_inst/instruction_reg_i_14/O
                         net (fo=1, routed)           0.438    14.574    cpu_inst/data_mem_inst/instruction_reg_i_14_n_0
    SLICE_X9Y23          LUT6 (Prop_lut6_I4_O)        0.124    14.698 r  cpu_inst/data_mem_inst/instruction_reg_i_1/O
                         net (fo=2, routed)           0.541    15.239    cpu_inst/instr_mem_inst/instruction_reg_0
    RAMB18_X0Y9          RAMB18E1                                     r  cpu_inst/instr_mem_inst/instruction_reg/RSTRAMB
  -------------------------------------------------------------------    -------------------

                         (clock sys_clk_pin rise edge)
                                                     10.000    10.000 r  <hidden>
    W5                                                0.000    10.000 r  clk
                         net (fo=0)                   0.000    10.000    clk
    W5                   IBUF (Prop_ibuf_I_O)         1.388    11.388 r  clk_IBUF_inst/O
                         net (fo=1, routed)           1.862    13.250    clk_IBUF
    BUFGCTRL_X0Y0        BUFG (Prop_bufg_I_O)         0.091    13.341 r  clk_IBUF_BUFG_inst/O
                         net (fo=1473, routed)        1.481    14.822    cpu_inst/instr_mem_inst/CLK
    RAMB18_X0Y9          RAMB18E1                                     r  cpu_inst/instr_mem_inst/instruction_reg/CLKBWRCLK
                         clock pessimism              0.260    15.082    <hidden>
                         clock uncertainty           -0.035    15.046    <hidden>
    RAMB18_X0Y9          RAMB18E1 (Setup_ramb18e1_CLKBWRCLK_RSTRAMB)
                                                     -0.359    14.687    cpu_inst/instr_mem_inst/instruction_reg
  -------------------------------------------------------------------
                         required time                         14.687    <hidden>
                         arrival time                         -15.239    <hidden>
  -------------------------------------------------------------------
                         slack                                 -0.552    <hidden>





Min Delay Paths
--------------------------------------------------------------------------------------
Slack (MET) :             0.088ns  (arrival time - required time)
  Source:                 cpu_inst/ex_mem_reg_reg[store_data][13]/C
                            (rising edge-triggered cell FDRE clocked by sys_clk_pin  {rise@0.000ns fall@5.000ns period=10.000ns})
  Destination:            cpu_inst/data_mem_inst/mem_reg/DIADI[13]
                            (rising edge-triggered cell RAMB18E1 clocked by sys_clk_pin  {rise@0.000ns fall@5.000ns period=10.000ns})
  Path Group:             sys_clk_pin
  Path Type:              Hold (Min at Fast Process Corner)
  Requirement:            0.000ns  (sys_clk_pin rise@0.000ns - sys_clk_pin rise@0.000ns)
  Data Path Delay:        0.303ns  (logic 0.141ns (46.543%)  route 0.162ns (53.457%))
  Logic Levels:           0  
  Clock Path Skew:        0.059ns (DCD - SCD - CPR)
    Destination Clock Delay (DCD):    1.997ns
    Source Clock Delay      (SCD):    1.439ns
    Clock Pessimism Removal (CPR):    0.498ns

    Location             Delay type                Incr(ns)  Path(ns)    Netlist Resource(s)
  -------------------------------------------------------------------    -------------------
                         (clock sys_clk_pin rise edge)
                                                      0.000     0.000 r  <hidden>
    W5                                                0.000     0.000 r  clk
                         net (fo=0)                   0.000     0.000    clk
    W5                   IBUF (Prop_ibuf_I_O)         0.226     0.226 r  clk_IBUF_inst/O
                         net (fo=1, routed)           0.631     0.858    clk_IBUF
    BUFGCTRL_X0Y0        BUFG (Prop_bufg_I_O)         0.026     0.884 r  clk_IBUF_BUFG_inst/O
                         net (fo=1473, routed)        0.556     1.439    cpu_inst/CLK
    SLICE_X9Y21          FDRE                                         r  cpu_inst/ex_mem_reg_reg[store_data][13]/C
  -------------------------------------------------------------------    -------------------
    SLICE_X9Y21          FDRE (Prop_fdre_C_Q)         0.141     1.580 r  cpu_inst/ex_mem_reg_reg[store_data][13]/Q
                         net (fo=1, routed)           0.162     1.742    cpu_inst/data_mem_inst/mem_reg_4[13]
    RAMB18_X0Y7          RAMB18E1                                     r  cpu_inst/data_mem_inst/mem_reg/DIADI[13]
  -------------------------------------------------------------------    -------------------

                         (clock sys_clk_pin rise edge)
                                                      0.000     0.000 r  <hidden>
    W5                                                0.000     0.000 r  clk
                         net (fo=0)                   0.000     0.000    clk
    W5                   IBUF (Prop_ibuf_I_O)         0.414     0.414 r  clk_IBUF_inst/O
                         net (fo=1, routed)           0.685     1.099    clk_IBUF
    BUFGCTRL_X0Y0        BUFG (Prop_bufg_I_O)         0.029     1.128 r  clk_IBUF_BUFG_inst/O
                         net (fo=1473, routed)        0.869     1.997    cpu_inst/data_mem_inst/CLK
    RAMB18_X0Y7          RAMB18E1                                     r  cpu_inst/data_mem_inst/mem_reg/CLKARDCLK
                         clock pessimism             -0.498     1.499    <hidden>
    RAMB18_X0Y7          RAMB18E1 (Hold_ramb18e1_CLKARDCLK_DIADI[13])
                                                      0.155     1.654    cpu_inst/data_mem_inst/mem_reg
  -------------------------------------------------------------------
                         required time                         -1.654    <hidden>
                         arrival time                           1.742    <hidden>
  -------------------------------------------------------------------
                         slack                                  0.088    <hidden>





Pulse Width Checks
--------------------------------------------------------------------------------------
Clock Name:         sys_clk_pin
Waveform(ns):       { 0.000 5.000 }
Period(ns):         10.000
Sources:            { clk }

Check Type        Corner  Lib Pin             Reference Pin  Required(ns)  Actual(ns)  Slack(ns)  Location      Pin
Min Period        n/a     RAMB18E1/CLKARDCLK  n/a            2.944         10.000      7.056      RAMB18_X0Y7   cpu_inst/data_mem_inst/mem_reg/CLKARDCLK
Low Pulse Width   Slow    FDRE/C              n/a            0.500         5.000       4.500      SLICE_X12Y11  cpu_inst/ex_mem_reg_reg[alu_result][0]/C
High Pulse Width  Slow    FDRE/C              n/a            0.500         5.000       4.500      SLICE_X12Y11  cpu_inst/ex_mem_reg_reg[alu_result][0]/C



