Copyright 1986-2022 Xilinx, Inc. All Rights Reserved. Copyright 2022-2026 Advanced Micro Devices, Inc. All Rights Reserved.
---------------------------------------------------------------------------------------------------------------------------------------------------------------------------
| Tool Version : Vivado v.2026.1 (win64) Build 6511674 Tue Jun 16 11:02:23 MDT 2026
| Date         : Wed Jul 15 14:34:56 2026
| Host         : DESKTOP-4GB7DVJ running 64-bit major release  (build 9200)
| Command      : report_timing -max_paths 10 -path_type full -file reports/phase17c_forwardtiming_opt_impl/timing/fpga_top_pipeline_forwardtiming_opt_impl_worst_paths.rpt
| Design       : fpga_top_pipeline_forwardtiming_opt
| Device       : 7a35t-cpg236
| Speed File   : -1  PRODUCTION 1.23 2018-06-13
| Design State : Routed
---------------------------------------------------------------------------------------------------------------------------------------------------------------------------

Timing Report

Slack (VIOLATED) :        -0.552ns  (required time - arrival time)
  Source:                 cpu_inst/mem_wb_reg_reg[rd][2]/C
                            (rising edge-triggered cell FDRE clocked by sys_clk_pin  {rise@0.000ns fall@5.000ns period=10.000ns})
  Destination:            cpu_inst/instr_mem_inst/instruction_reg/RSTRAMB
                            (rising edge-triggered cell RAMB18E1 clocked by sys_clk_pin  {rise@0.000ns fall@5.000ns period=10.000ns})
  Path Group:             sys_clk_pin
  Path Type:              Setup (Max at Slow Process Corner)
  Requirement:            10.000ns  (sys_clk_pin rise@10.000ns - sys_clk_pin rise@0.000ns)
  Data Path Delay:        10.163ns  (logic 2.821ns (27.758%)  route 7.342ns (72.242%))
  Logic Levels:           13  (CARRY4=3 LUT3=2 LUT4=1 LUT5=2 LUT6=5)
  Clock Path Skew:        0.005ns (DCD - SCD + CPR)
    Destination Clock Delay (DCD):    4.822ns = ( 14.822 - 10.000 ) 
    Source Clock Delay      (SCD):    5.076ns
    Clock Pessimism Removal (CPR):    0.260ns
  Clock Uncertainty:      0.035ns  ((TSJ^2 + TIJ^2)^1/2 + DJ) / 2 + PE
    Total System Jitter     (TSJ):    0.071ns
    Total Input Jitter      (TIJ):    0.000ns
    Discrete Jitter          (DJ):    0.000ns
    Phase Error              (PE):    0.000ns

    Location             Delay type                Incr(ns)  Path(ns)    Netlist Resource(s)
  -------------------------------------------------------------------    -------------------
                         (clock sys_clk_pin rise edge)
                                                      0.000     0.000 r  <hidden>
                         propagated clock network latency
                                                      5.076     5.076    <hidden>
    SLICE_X14Y21         FDRE                         0.000     5.076 r  cpu_inst/mem_wb_reg_reg[rd][2]/C
    SLICE_X14Y21         FDRE (Prop_fdre_C_Q)         0.518     5.594 r  cpu_inst/mem_wb_reg_reg[rd][2]/Q
                         net (fo=23, routed)          0.892     6.486    cpu_inst/mem_wb_reg_reg[rd][2]
    SLICE_X15Y21         LUT6 (Prop_lut6_I3_O)        0.124     6.610 r  cpu_inst/i__carry_i_18/O
                         net (fo=1, routed)           0.564     7.174    cpu_inst/i__carry_i_18_n_0
    SLICE_X13Y21         LUT5 (Prop_lut5_I2_O)        0.124     7.298 r  cpu_inst/i__carry_i_17/O
                         net (fo=2, routed)           0.165     7.463    cpu_inst/ex_rs1_wb_match0__8
    SLICE_X13Y21         LUT3 (Prop_lut3_I2_O)        0.124     7.587 r  cpu_inst/i__carry_i_16/O
                         net (fo=37, routed)          0.623     8.210    cpu_inst/data_mem_inst/ex_rs1_wb_alu__0
    SLICE_X15Y21         LUT3 (Prop_lut3_I2_O)        0.124     8.334 r  cpu_inst/data_mem_inst/i__carry_i_13_comp/O
                         net (fo=1, routed)           0.804     9.139    cpu_inst/data_mem_inst/i__carry_i_13_n_0_repN
    SLICE_X9Y12          LUT5 (Prop_lut5_I4_O)        0.124     9.263 r  cpu_inst/data_mem_inst/ex_mem_reg[alu_result][0]_i_3_comp/O
                         net (fo=4, routed)           1.041    10.303    cpu_inst/data_mem_inst/ex_operand_a[0]
    SLICE_X9Y17          LUT6 (Prop_lut6_I0_O)        0.124    10.427 r  cpu_inst/data_mem_inst/i__carry_i_4/O
                         net (fo=1, routed)           0.000    10.427    cpu_inst/data_mem_inst_n_187
    SLICE_X9Y17          CARRY4 (Prop_carry4_S[0]_CO[3])
                                                      0.532    10.959 r  cpu_inst/ex_branch_taken0_inferred__0/i__carry/CO[3]
                         net (fo=1, routed)           0.000    10.959    cpu_inst/ex_branch_taken0_inferred__0/i__carry_n_0
    SLICE_X9Y18          CARRY4 (Prop_carry4_CI_CO[3])
                                                      0.114    11.073 r  cpu_inst/ex_branch_taken0_inferred__0/i__carry__0/CO[3]
                         net (fo=1, routed)           0.000    11.073    cpu_inst/ex_branch_taken0_inferred__0/i__carry__0_n_0
    SLICE_X9Y19          CARRY4 (Prop_carry4_CI_CO[2])
                                                      0.228    11.301 f  cpu_inst/ex_branch_taken0_inferred__0/i__carry__1/CO[2]
                         net (fo=41, routed)          0.772    12.073    cpu_inst/data_mem_inst/CO[0]
    SLICE_X8Y23          LUT4 (Prop_lut4_I1_O)        0.313    12.386 f  cpu_inst/data_mem_inst/fetch_buffer_instruction[31]_i_2/O
                         net (fo=81, routed)          0.646    13.033    cpu_inst/data_mem_inst/ex_redirect_taken__0
    SLICE_X8Y26          LUT6 (Prop_lut6_I3_O)        0.124    13.157 r  cpu_inst/data_mem_inst/instruction_reg_i_48/O
                         net (fo=1, routed)           0.855    14.012    cpu_inst/data_mem_inst/instruction_reg_i_48_n_0
    SLICE_X9Y25          LUT6 (Prop_lut6_I0_O)        0.124    14.136 r  cpu_inst/data_mem_inst/instruction_reg_i_14/O
                         net (fo=1, routed)           0.438    14.574    cpu_inst/data_mem_inst/instruction_reg_i_14_n_0
    SLICE_X9Y23          LUT6 (Prop_lut6_I4_O)        0.124    14.698 r  cpu_inst/data_mem_inst/instruction_reg_i_1/O
                         net (fo=2, routed)           0.541    15.239    cpu_inst/instr_mem_inst/instruction_reg_0
    RAMB18_X0Y9          RAMB18E1                                     r  cpu_inst/instr_mem_inst/instruction_reg/RSTRAMB
  -------------------------------------------------------------------    -------------------

                         (clock sys_clk_pin rise edge)
                                                     10.000    10.000 r  <hidden>
                         propagated clock network latency
                                                      4.822    14.822    <hidden>
                         clock pessimism              0.260    15.082    <hidden>
                         clock uncertainty           -0.035    15.046    <hidden>
    RAMB18_X0Y9          RAMB18E1 (Setup_ramb18e1_CLKBWRCLK_RSTRAMB)
                                                     -0.359    14.687    cpu_inst/instr_mem_inst/instruction_reg
  -------------------------------------------------------------------
                         required time                         14.687    <hidden>
                         arrival time                         -15.239    <hidden>
  -------------------------------------------------------------------
                         slack                                 -0.552    <hidden>

Slack (VIOLATED) :        -0.396ns  (required time - arrival time)
  Source:                 cpu_inst/mem_wb_reg_reg[rd][2]/C
                            (rising edge-triggered cell FDRE clocked by sys_clk_pin  {rise@0.000ns fall@5.000ns period=10.000ns})
  Destination:            cpu_inst/instr_mem_inst/instruction_reg/RSTRAMARSTRAM
                            (rising edge-triggered cell RAMB18E1 clocked by sys_clk_pin  {rise@0.000ns fall@5.000ns period=10.000ns})
  Path Group:             sys_clk_pin
  Path Type:              Setup (Max at Slow Process Corner)
  Requirement:            10.000ns  (sys_clk_pin rise@10.000ns - sys_clk_pin rise@0.000ns)
  Data Path Delay:        10.004ns  (logic 2.821ns (28.199%)  route 7.183ns (71.801%))
  Logic Levels:           13  (CARRY4=3 LUT3=2 LUT4=1 LUT5=2 LUT6=5)
  Clock Path Skew:        0.002ns (DCD - SCD + CPR)
    Destination Clock Delay (DCD):    4.819ns = ( 14.819 - 10.000 ) 
    Source Clock Delay      (SCD):    5.076ns
    Clock Pessimism Removal (CPR):    0.260ns
  Clock Uncertainty:      0.035ns  ((TSJ^2 + TIJ^2)^1/2 + DJ) / 2 + PE
    Total System Jitter     (TSJ):    0.071ns
    Total Input Jitter      (TIJ):    0.000ns
    Discrete Jitter          (DJ):    0.000ns
    Phase Error              (PE):    0.000ns

    Location             Delay type                Incr(ns)  Path(ns)    Netlist Resource(s)
  -------------------------------------------------------------------    -------------------
                         (clock sys_clk_pin rise edge)
                                                      0.000     0.000 r  <hidden>
                         propagated clock network latency
                                                      5.076     5.076    <hidden>
    SLICE_X14Y21         FDRE                         0.000     5.076 r  cpu_inst/mem_wb_reg_reg[rd][2]/C
    SLICE_X14Y21         FDRE (Prop_fdre_C_Q)         0.518     5.594 r  cpu_inst/mem_wb_reg_reg[rd][2]/Q
                         net (fo=23, routed)          0.892     6.486    cpu_inst/mem_wb_reg_reg[rd][2]
    SLICE_X15Y21         LUT6 (Prop_lut6_I3_O)        0.124     6.610 r  cpu_inst/i__carry_i_18/O
                         net (fo=1, routed)           0.564     7.174    cpu_inst/i__carry_i_18_n_0
    SLICE_X13Y21         LUT5 (Prop_lut5_I2_O)        0.124     7.298 r  cpu_inst/i__carry_i_17/O
                         net (fo=2, routed)           0.165     7.463    cpu_inst/ex_rs1_wb_match0__8
    SLICE_X13Y21         LUT3 (Prop_lut3_I2_O)        0.124     7.587 r  cpu_inst/i__carry_i_16/O
                         net (fo=37, routed)          0.623     8.210    cpu_inst/data_mem_inst/ex_rs1_wb_alu__0
    SLICE_X15Y21         LUT3 (Prop_lut3_I2_O)        0.124     8.334 r  cpu_inst/data_mem_inst/i__carry_i_13_comp/O
                         net (fo=1, routed)           0.804     9.139    cpu_inst/data_mem_inst/i__carry_i_13_n_0_repN
    SLICE_X9Y12          LUT5 (Prop_lut5_I4_O)        0.124     9.263 r  cpu_inst/data_mem_inst/ex_mem_reg[alu_result][0]_i_3_comp/O
                         net (fo=4, routed)           1.041    10.303    cpu_inst/data_mem_inst/ex_operand_a[0]
    SLICE_X9Y17          LUT6 (Prop_lut6_I0_O)        0.124    10.427 r  cpu_inst/data_mem_inst/i__carry_i_4/O
                         net (fo=1, routed)           0.000    10.427    cpu_inst/data_mem_inst_n_187
    SLICE_X9Y17          CARRY4 (Prop_carry4_S[0]_CO[3])
                                                      0.532    10.959 r  cpu_inst/ex_branch_taken0_inferred__0/i__carry/CO[3]
                         net (fo=1, routed)           0.000    10.959    cpu_inst/ex_branch_taken0_inferred__0/i__carry_n_0
    SLICE_X9Y18          CARRY4 (Prop_carry4_CI_CO[3])
                                                      0.114    11.073 r  cpu_inst/ex_branch_taken0_inferred__0/i__carry__0/CO[3]
                         net (fo=1, routed)           0.000    11.073    cpu_inst/ex_branch_taken0_inferred__0/i__carry__0_n_0
    SLICE_X9Y19          CARRY4 (Prop_carry4_CI_CO[2])
                                                      0.228    11.301 f  cpu_inst/ex_branch_taken0_inferred__0/i__carry__1/CO[2]
                         net (fo=41, routed)          0.772    12.073    cpu_inst/data_mem_inst/CO[0]
    SLICE_X8Y23          LUT4 (Prop_lut4_I1_O)        0.313    12.386 f  cpu_inst/data_mem_inst/fetch_buffer_instruction[31]_i_2/O
                         net (fo=81, routed)          0.646    13.033    cpu_inst/data_mem_inst/ex_redirect_taken__0
    SLICE_X8Y26          LUT6 (Prop_lut6_I3_O)        0.124    13.157 r  cpu_inst/data_mem_inst/instruction_reg_i_48/O
                         net (fo=1, routed)           0.855    14.012    cpu_inst/data_mem_inst/instruction_reg_i_48_n_0
    SLICE_X9Y25          LUT6 (Prop_lut6_I0_O)        0.124    14.136 r  cpu_inst/data_mem_inst/instruction_reg_i_14/O
                         net (fo=1, routed)           0.438    14.574    cpu_inst/data_mem_inst/instruction_reg_i_14_n_0
    SLICE_X9Y23          LUT6 (Prop_lut6_I4_O)        0.124    14.698 r  cpu_inst/data_mem_inst/instruction_reg_i_1/O
                         net (fo=2, routed)           0.382    15.080    cpu_inst/instr_mem_inst/instruction_reg_0
    RAMB18_X0Y9          RAMB18E1                                     r  cpu_inst/instr_mem_inst/instruction_reg/RSTRAMARSTRAM
  -------------------------------------------------------------------    -------------------

                         (clock sys_clk_pin rise edge)
                                                     10.000    10.000 r  <hidden>
                         propagated clock network latency
                                                      4.819    14.819    <hidden>
                         clock pessimism              0.260    15.079    <hidden>
                         clock uncertainty           -0.035    15.043    <hidden>
    RAMB18_X0Y9          RAMB18E1 (Setup_ramb18e1_CLKARDCLK_RSTRAMARSTRAM)
                                                     -0.359    14.684    cpu_inst/instr_mem_inst/instruction_reg
  -------------------------------------------------------------------
                         required time                         14.684    <hidden>
                         arrival time                         -15.080    <hidden>
  -------------------------------------------------------------------
                         slack                                 -0.396    <hidden>

Slack (VIOLATED) :        -0.267ns  (required time - arrival time)
  Source:                 cpu_inst/mem_wb_reg_reg[rd][2]/C
                            (rising edge-triggered cell FDRE clocked by sys_clk_pin  {rise@0.000ns fall@5.000ns period=10.000ns})
  Destination:            cpu_inst/instr_mem_inst/instruction_reg/ADDRARDADDR[7]
                            (rising edge-triggered cell RAMB18E1 clocked by sys_clk_pin  {rise@0.000ns fall@5.000ns period=10.000ns})
  Path Group:             sys_clk_pin
  Path Type:              Setup (Max at Slow Process Corner)
  Requirement:            10.000ns  (sys_clk_pin rise@10.000ns - sys_clk_pin rise@0.000ns)
  Data Path Delay:        9.668ns  (logic 2.697ns (27.896%)  route 6.971ns (72.104%))
  Logic Levels:           12  (CARRY4=3 LUT3=2 LUT4=1 LUT5=3 LUT6=3)
  Clock Path Skew:        0.002ns (DCD - SCD + CPR)
    Destination Clock Delay (DCD):    4.819ns = ( 14.819 - 10.000 ) 
    Source Clock Delay      (SCD):    5.076ns
    Clock Pessimism Removal (CPR):    0.260ns
  Clock Uncertainty:      0.035ns  ((TSJ^2 + TIJ^2)^1/2 + DJ) / 2 + PE
    Total System Jitter     (TSJ):    0.071ns
    Total Input Jitter      (TIJ):    0.000ns
    Discrete Jitter          (DJ):    0.000ns
    Phase Error              (PE):    0.000ns

    Location             Delay type                Incr(ns)  Path(ns)    Netlist Resource(s)
  -------------------------------------------------------------------    -------------------
                         (clock sys_clk_pin rise edge)
                                                      0.000     0.000 r  <hidden>
                         propagated clock network latency
                                                      5.076     5.076    <hidden>
    SLICE_X14Y21         FDRE                         0.000     5.076 r  cpu_inst/mem_wb_reg_reg[rd][2]/C
    SLICE_X14Y21         FDRE (Prop_fdre_C_Q)         0.518     5.594 r  cpu_inst/mem_wb_reg_reg[rd][2]/Q
                         net (fo=23, routed)          0.892     6.486    cpu_inst/mem_wb_reg_reg[rd][2]
    SLICE_X15Y21         LUT6 (Prop_lut6_I3_O)        0.124     6.610 r  cpu_inst/i__carry_i_18/O
                         net (fo=1, routed)           0.564     7.174    cpu_inst/i__carry_i_18_n_0
    SLICE_X13Y21         LUT5 (Prop_lut5_I2_O)        0.124     7.298 r  cpu_inst/i__carry_i_17/O
                         net (fo=2, routed)           0.165     7.463    cpu_inst/ex_rs1_wb_match0__8
    SLICE_X13Y21         LUT3 (Prop_lut3_I2_O)        0.124     7.587 r  cpu_inst/i__carry_i_16/O
                         net (fo=37, routed)          0.623     8.210    cpu_inst/data_mem_inst/ex_rs1_wb_alu__0
    SLICE_X15Y21         LUT3 (Prop_lut3_I2_O)        0.124     8.334 r  cpu_inst/data_mem_inst/i__carry_i_13_comp/O
                         net (fo=1, routed)           0.804     9.139    cpu_inst/data_mem_inst/i__carry_i_13_n_0_repN
    SLICE_X9Y12          LUT5 (Prop_lut5_I4_O)        0.124     9.263 r  cpu_inst/data_mem_inst/ex_mem_reg[alu_result][0]_i_3_comp/O
                         net (fo=4, routed)           1.041    10.303    cpu_inst/data_mem_inst/ex_operand_a[0]
    SLICE_X9Y17          LUT6 (Prop_lut6_I0_O)        0.124    10.427 r  cpu_inst/data_mem_inst/i__carry_i_4/O
                         net (fo=1, routed)           0.000    10.427    cpu_inst/data_mem_inst_n_187
    SLICE_X9Y17          CARRY4 (Prop_carry4_S[0]_CO[3])
                                                      0.532    10.959 r  cpu_inst/ex_branch_taken0_inferred__0/i__carry/CO[3]
                         net (fo=1, routed)           0.000    10.959    cpu_inst/ex_branch_taken0_inferred__0/i__carry_n_0
    SLICE_X9Y18          CARRY4 (Prop_carry4_CI_CO[3])
                                                      0.114    11.073 r  cpu_inst/ex_branch_taken0_inferred__0/i__carry__0/CO[3]
                         net (fo=1, routed)           0.000    11.073    cpu_inst/ex_branch_taken0_inferred__0/i__carry__0_n_0
    SLICE_X9Y19          CARRY4 (Prop_carry4_CI_CO[2])
                                                      0.228    11.301 r  cpu_inst/ex_branch_taken0_inferred__0/i__carry__1/CO[2]
                         net (fo=41, routed)          0.772    12.073    cpu_inst/data_mem_inst/CO[0]
    SLICE_X8Y23          LUT4 (Prop_lut4_I1_O)        0.313    12.386 r  cpu_inst/data_mem_inst/fetch_buffer_instruction[31]_i_2/O
                         net (fo=81, routed)          0.907    13.293    cpu_inst/data_mem_inst/ex_redirect_taken__0
    SLICE_X15Y23         LUT6 (Prop_lut6_I3_O)        0.124    13.417 r  cpu_inst/data_mem_inst/instruction_reg_i_22/O
                         net (fo=1, routed)           0.455    13.873    cpu_inst/data_mem_inst/instruction_reg_i_22_n_0
    SLICE_X11Y23         LUT5 (Prop_lut5_I4_O)        0.124    13.997 r  cpu_inst/data_mem_inst/instruction_reg_i_6/O
                         net (fo=2, routed)           0.748    14.744    cpu_inst/instr_mem_inst/ADDRARDADDR[3]
    RAMB18_X0Y9          RAMB18E1                                     r  cpu_inst/instr_mem_inst/instruction_reg/ADDRARDADDR[7]
  -------------------------------------------------------------------    -------------------

                         (clock sys_clk_pin rise edge)
                                                     10.000    10.000 r  <hidden>
                         propagated clock network latency
                                                      4.819    14.819    <hidden>
                         clock pessimism              0.260    15.079    <hidden>
                         clock uncertainty           -0.035    15.043    <hidden>
    RAMB18_X0Y9          RAMB18E1 (Setup_ramb18e1_CLKARDCLK_ADDRARDADDR[7])
                                                     -0.566    14.477    cpu_inst/instr_mem_inst/instruction_reg
  -------------------------------------------------------------------
                         required time                         14.477    <hidden>
                         arrival time                         -14.744    <hidden>
  -------------------------------------------------------------------
                         slack                                 -0.267    <hidden>

Slack (VIOLATED) :        -0.262ns  (required time - arrival time)
  Source:                 cpu_inst/mem_wb_reg_reg[rd][2]/C
                            (rising edge-triggered cell FDRE clocked by sys_clk_pin  {rise@0.000ns fall@5.000ns period=10.000ns})
  Destination:            cpu_inst/instr_mem_inst/instruction_reg/ADDRBWRADDR[7]
                            (rising edge-triggered cell RAMB18E1 clocked by sys_clk_pin  {rise@0.000ns fall@5.000ns period=10.000ns})
  Path Group:             sys_clk_pin
  Path Type:              Setup (Max at Slow Process Corner)
  Requirement:            10.000ns  (sys_clk_pin rise@10.000ns - sys_clk_pin rise@0.000ns)
  Data Path Delay:        9.667ns  (logic 2.697ns (27.900%)  route 6.970ns (72.100%))
  Logic Levels:           12  (CARRY4=3 LUT3=2 LUT4=1 LUT5=3 LUT6=3)
  Clock Path Skew:        0.005ns (DCD - SCD + CPR)
    Destination Clock Delay (DCD):    4.822ns = ( 14.822 - 10.000 ) 
    Source Clock Delay      (SCD):    5.076ns
    Clock Pessimism Removal (CPR):    0.260ns
  Clock Uncertainty:      0.035ns  ((TSJ^2 + TIJ^2)^1/2 + DJ) / 2 + PE
    Total System Jitter     (TSJ):    0.071ns
    Total Input Jitter      (TIJ):    0.000ns
    Discrete Jitter          (DJ):    0.000ns
    Phase Error              (PE):    0.000ns

    Location             Delay type                Incr(ns)  Path(ns)    Netlist Resource(s)
  -------------------------------------------------------------------    -------------------
                         (clock sys_clk_pin rise edge)
                                                      0.000     0.000 r  <hidden>
                         propagated clock network latency
                                                      5.076     5.076    <hidden>
    SLICE_X14Y21         FDRE                         0.000     5.076 r  cpu_inst/mem_wb_reg_reg[rd][2]/C
    SLICE_X14Y21         FDRE (Prop_fdre_C_Q)         0.518     5.594 r  cpu_inst/mem_wb_reg_reg[rd][2]/Q
                         net (fo=23, routed)          0.892     6.486    cpu_inst/mem_wb_reg_reg[rd][2]
    SLICE_X15Y21         LUT6 (Prop_lut6_I3_O)        0.124     6.610 r  cpu_inst/i__carry_i_18/O
                         net (fo=1, routed)           0.564     7.174    cpu_inst/i__carry_i_18_n_0
    SLICE_X13Y21         LUT5 (Prop_lut5_I2_O)        0.124     7.298 r  cpu_inst/i__carry_i_17/O
                         net (fo=2, routed)           0.165     7.463    cpu_inst/ex_rs1_wb_match0__8
    SLICE_X13Y21         LUT3 (Prop_lut3_I2_O)        0.124     7.587 r  cpu_inst/i__carry_i_16/O
                         net (fo=37, routed)          0.623     8.210    cpu_inst/data_mem_inst/ex_rs1_wb_alu__0
    SLICE_X15Y21         LUT3 (Prop_lut3_I2_O)        0.124     8.334 r  cpu_inst/data_mem_inst/i__carry_i_13_comp/O
                         net (fo=1, routed)           0.804     9.139    cpu_inst/data_mem_inst/i__carry_i_13_n_0_repN
    SLICE_X9Y12          LUT5 (Prop_lut5_I4_O)        0.124     9.263 r  cpu_inst/data_mem_inst/ex_mem_reg[alu_result][0]_i_3_comp/O
                         net (fo=4, routed)           1.041    10.303    cpu_inst/data_mem_inst/ex_operand_a[0]
    SLICE_X9Y17          LUT6 (Prop_lut6_I0_O)        0.124    10.427 r  cpu_inst/data_mem_inst/i__carry_i_4/O
                         net (fo=1, routed)           0.000    10.427    cpu_inst/data_mem_inst_n_187
    SLICE_X9Y17          CARRY4 (Prop_carry4_S[0]_CO[3])
                                                      0.532    10.959 r  cpu_inst/ex_branch_taken0_inferred__0/i__carry/CO[3]
                         net (fo=1, routed)           0.000    10.959    cpu_inst/ex_branch_taken0_inferred__0/i__carry_n_0
    SLICE_X9Y18          CARRY4 (Prop_carry4_CI_CO[3])
                                                      0.114    11.073 r  cpu_inst/ex_branch_taken0_inferred__0/i__carry__0/CO[3]
                         net (fo=1, routed)           0.000    11.073    cpu_inst/ex_branch_taken0_inferred__0/i__carry__0_n_0
    SLICE_X9Y19          CARRY4 (Prop_carry4_CI_CO[2])
                                                      0.228    11.301 r  cpu_inst/ex_branch_taken0_inferred__0/i__carry__1/CO[2]
                         net (fo=41, routed)          0.772    12.073    cpu_inst/data_mem_inst/CO[0]
    SLICE_X8Y23          LUT4 (Prop_lut4_I1_O)        0.313    12.386 r  cpu_inst/data_mem_inst/fetch_buffer_instruction[31]_i_2/O
                         net (fo=81, routed)          0.907    13.293    cpu_inst/data_mem_inst/ex_redirect_taken__0
    SLICE_X15Y23         LUT6 (Prop_lut6_I3_O)        0.124    13.417 r  cpu_inst/data_mem_inst/instruction_reg_i_22/O
                         net (fo=1, routed)           0.455    13.873    cpu_inst/data_mem_inst/instruction_reg_i_22_n_0
    SLICE_X11Y23         LUT5 (Prop_lut5_I4_O)        0.124    13.997 r  cpu_inst/data_mem_inst/instruction_reg_i_6/O
                         net (fo=2, routed)           0.746    14.743    cpu_inst/instr_mem_inst/ADDRARDADDR[3]
    RAMB18_X0Y9          RAMB18E1                                     r  cpu_inst/instr_mem_inst/instruction_reg/ADDRBWRADDR[7]
  -------------------------------------------------------------------    -------------------

                         (clock sys_clk_pin rise edge)
                                                     10.000    10.000 r  <hidden>
                         propagated clock network latency
                                                      4.822    14.822    <hidden>
                         clock pessimism              0.260    15.082    <hidden>
                         clock uncertainty           -0.035    15.046    <hidden>
    RAMB18_X0Y9          RAMB18E1 (Setup_ramb18e1_CLKBWRCLK_ADDRBWRADDR[7])
                                                     -0.566    14.480    cpu_inst/instr_mem_inst/instruction_reg
  -------------------------------------------------------------------
                         required time                         14.480    <hidden>
                         arrival time                         -14.743    <hidden>
  -------------------------------------------------------------------
                         slack                                 -0.262    <hidden>

Slack (VIOLATED) :        -0.120ns  (required time - arrival time)
  Source:                 cpu_inst/mem_wb_reg_reg[rd][2]/C
                            (rising edge-triggered cell FDRE clocked by sys_clk_pin  {rise@0.000ns fall@5.000ns period=10.000ns})
  Destination:            cpu_inst/instr_mem_inst/instruction_reg/ADDRBWRADDR[11]
                            (rising edge-triggered cell RAMB18E1 clocked by sys_clk_pin  {rise@0.000ns fall@5.000ns period=10.000ns})
  Path Group:             sys_clk_pin
  Path Type:              Setup (Max at Slow Process Corner)
  Requirement:            10.000ns  (sys_clk_pin rise@10.000ns - sys_clk_pin rise@0.000ns)
  Data Path Delay:        9.524ns  (logic 2.697ns (28.317%)  route 6.827ns (71.683%))
  Logic Levels:           12  (CARRY4=3 LUT3=2 LUT4=1 LUT5=3 LUT6=3)
  Clock Path Skew:        0.005ns (DCD - SCD + CPR)
    Destination Clock Delay (DCD):    4.822ns = ( 14.822 - 10.000 ) 
    Source Clock Delay      (SCD):    5.076ns
    Clock Pessimism Removal (CPR):    0.260ns
  Clock Uncertainty:      0.035ns  ((TSJ^2 + TIJ^2)^1/2 + DJ) / 2 + PE
    Total System Jitter     (TSJ):    0.071ns
    Total Input Jitter      (TIJ):    0.000ns
    Discrete Jitter          (DJ):    0.000ns
    Phase Error              (PE):    0.000ns

    Location             Delay type                Incr(ns)  Path(ns)    Netlist Resource(s)
  -------------------------------------------------------------------    -------------------
                         (clock sys_clk_pin rise edge)
                                                      0.000     0.000 r  <hidden>
                         propagated clock network latency
                                                      5.076     5.076    <hidden>
    SLICE_X14Y21         FDRE                         0.000     5.076 r  cpu_inst/mem_wb_reg_reg[rd][2]/C
    SLICE_X14Y21         FDRE (Prop_fdre_C_Q)         0.518     5.594 r  cpu_inst/mem_wb_reg_reg[rd][2]/Q
                         net (fo=23, routed)          0.892     6.486    cpu_inst/mem_wb_reg_reg[rd][2]
    SLICE_X15Y21         LUT6 (Prop_lut6_I3_O)        0.124     6.610 r  cpu_inst/i__carry_i_18/O
                         net (fo=1, routed)           0.564     7.174    cpu_inst/i__carry_i_18_n_0
    SLICE_X13Y21         LUT5 (Prop_lut5_I2_O)        0.124     7.298 r  cpu_inst/i__carry_i_17/O
                         net (fo=2, routed)           0.165     7.463    cpu_inst/ex_rs1_wb_match0__8
    SLICE_X13Y21         LUT3 (Prop_lut3_I2_O)        0.124     7.587 r  cpu_inst/i__carry_i_16/O
                         net (fo=37, routed)          0.623     8.210    cpu_inst/data_mem_inst/ex_rs1_wb_alu__0
    SLICE_X15Y21         LUT3 (Prop_lut3_I2_O)        0.124     8.334 r  cpu_inst/data_mem_inst/i__carry_i_13_comp/O
                         net (fo=1, routed)           0.804     9.139    cpu_inst/data_mem_inst/i__carry_i_13_n_0_repN
    SLICE_X9Y12          LUT5 (Prop_lut5_I4_O)        0.124     9.263 r  cpu_inst/data_mem_inst/ex_mem_reg[alu_result][0]_i_3_comp/O
                         net (fo=4, routed)           1.041    10.303    cpu_inst/data_mem_inst/ex_operand_a[0]
    SLICE_X9Y17          LUT6 (Prop_lut6_I0_O)        0.124    10.427 r  cpu_inst/data_mem_inst/i__carry_i_4/O
                         net (fo=1, routed)           0.000    10.427    cpu_inst/data_mem_inst_n_187
    SLICE_X9Y17          CARRY4 (Prop_carry4_S[0]_CO[3])
                                                      0.532    10.959 r  cpu_inst/ex_branch_taken0_inferred__0/i__carry/CO[3]
                         net (fo=1, routed)           0.000    10.959    cpu_inst/ex_branch_taken0_inferred__0/i__carry_n_0
    SLICE_X9Y18          CARRY4 (Prop_carry4_CI_CO[3])
                                                      0.114    11.073 r  cpu_inst/ex_branch_taken0_inferred__0/i__carry__0/CO[3]
                         net (fo=1, routed)           0.000    11.073    cpu_inst/ex_branch_taken0_inferred__0/i__carry__0_n_0
    SLICE_X9Y19          CARRY4 (Prop_carry4_CI_CO[2])
                                                      0.228    11.301 r  cpu_inst/ex_branch_taken0_inferred__0/i__carry__1/CO[2]
                         net (fo=41, routed)          0.772    12.073    cpu_inst/data_mem_inst/CO[0]
    SLICE_X8Y23          LUT4 (Prop_lut4_I1_O)        0.313    12.386 r  cpu_inst/data_mem_inst/fetch_buffer_instruction[31]_i_2/O
                         net (fo=81, routed)          0.781    13.168    cpu_inst/data_mem_inst/ex_redirect_taken__0
    SLICE_X6Y25          LUT6 (Prop_lut6_I3_O)        0.124    13.292 r  cpu_inst/data_mem_inst/instruction_reg_i_18/O
                         net (fo=1, routed)           0.457    13.749    cpu_inst/data_mem_inst/instruction_reg_i_18_n_0
    SLICE_X6Y23          LUT5 (Prop_lut5_I4_O)        0.124    13.873 r  cpu_inst/data_mem_inst/instruction_reg_i_2/O
                         net (fo=2, routed)           0.728    14.601    cpu_inst/instr_mem_inst/ADDRARDADDR[7]
    RAMB18_X0Y9          RAMB18E1                                     r  cpu_inst/instr_mem_inst/instruction_reg/ADDRBWRADDR[11]
  -------------------------------------------------------------------    -------------------

                         (clock sys_clk_pin rise edge)
                                                     10.000    10.000 r  <hidden>
                         propagated clock network latency
                                                      4.822    14.822    <hidden>
                         clock pessimism              0.260    15.082    <hidden>
                         clock uncertainty           -0.035    15.046    <hidden>
    RAMB18_X0Y9          RAMB18E1 (Setup_ramb18e1_CLKBWRCLK_ADDRBWRADDR[11])
                                                     -0.566    14.480    cpu_inst/instr_mem_inst/instruction_reg
  -------------------------------------------------------------------
                         required time                         14.480    <hidden>
                         arrival time                         -14.601    <hidden>
  -------------------------------------------------------------------
                         slack                                 -0.120    <hidden>

Slack (VIOLATED) :        -0.075ns  (required time - arrival time)
  Source:                 cpu_inst/mem_wb_reg_reg[rd][2]/C
                            (rising edge-triggered cell FDRE clocked by sys_clk_pin  {rise@0.000ns fall@5.000ns period=10.000ns})
  Destination:            cpu_inst/id_ex_reg_reg[operand_a][18]/R
                            (rising edge-triggered cell FDRE clocked by sys_clk_pin  {rise@0.000ns fall@5.000ns period=10.000ns})
  Path Group:             sys_clk_pin
  Path Type:              Setup (Max at Slow Process Corner)
  Requirement:            10.000ns  (sys_clk_pin rise@10.000ns - sys_clk_pin rise@0.000ns)
  Data Path Delay:        9.500ns  (logic 2.573ns (27.083%)  route 6.927ns (72.917%))
  Logic Levels:           11  (CARRY4=3 LUT3=2 LUT4=1 LUT5=3 LUT6=2)
  Clock Path Skew:        -0.015ns (DCD - SCD + CPR)
    Destination Clock Delay (DCD):    4.787ns = ( 14.787 - 10.000 ) 
    Source Clock Delay      (SCD):    5.076ns
    Clock Pessimism Removal (CPR):    0.274ns
  Clock Uncertainty:      0.035ns  ((TSJ^2 + TIJ^2)^1/2 + DJ) / 2 + PE
    Total System Jitter     (TSJ):    0.071ns
    Total Input Jitter      (TIJ):    0.000ns
    Discrete Jitter          (DJ):    0.000ns
    Phase Error              (PE):    0.000ns

    Location             Delay type                Incr(ns)  Path(ns)    Netlist Resource(s)
  -------------------------------------------------------------------    -------------------
                         (clock sys_clk_pin rise edge)
                                                      0.000     0.000 r  <hidden>
                         propagated clock network latency
                                                      5.076     5.076    <hidden>
    SLICE_X14Y21         FDRE                         0.000     5.076 r  cpu_inst/mem_wb_reg_reg[rd][2]/C
    SLICE_X14Y21         FDRE (Prop_fdre_C_Q)         0.518     5.594 r  cpu_inst/mem_wb_reg_reg[rd][2]/Q
                         net (fo=23, routed)          0.892     6.486    cpu_inst/mem_wb_reg_reg[rd][2]
    SLICE_X15Y21         LUT6 (Prop_lut6_I3_O)        0.124     6.610 r  cpu_inst/i__carry_i_18/O
                         net (fo=1, routed)           0.564     7.174    cpu_inst/i__carry_i_18_n_0
    SLICE_X13Y21         LUT5 (Prop_lut5_I2_O)        0.124     7.298 r  cpu_inst/i__carry_i_17/O
                         net (fo=2, routed)           0.165     7.463    cpu_inst/ex_rs1_wb_match0__8
    SLICE_X13Y21         LUT3 (Prop_lut3_I2_O)        0.124     7.587 r  cpu_inst/i__carry_i_16/O
                         net (fo=37, routed)          0.623     8.210    cpu_inst/data_mem_inst/ex_rs1_wb_alu__0
    SLICE_X15Y21         LUT3 (Prop_lut3_I2_O)        0.124     8.334 r  cpu_inst/data_mem_inst/i__carry_i_13_comp/O
                         net (fo=1, routed)           0.804     9.139    cpu_inst/data_mem_inst/i__carry_i_13_n_0_repN
    SLICE_X9Y12          LUT5 (Prop_lut5_I4_O)        0.124     9.263 r  cpu_inst/data_mem_inst/ex_mem_reg[alu_result][0]_i_3_comp/O
                         net (fo=4, routed)           1.041    10.303    cpu_inst/data_mem_inst/ex_operand_a[0]
    SLICE_X9Y17          LUT6 (Prop_lut6_I0_O)        0.124    10.427 r  cpu_inst/data_mem_inst/i__carry_i_4/O
                         net (fo=1, routed)           0.000    10.427    cpu_inst/data_mem_inst_n_187
    SLICE_X9Y17          CARRY4 (Prop_carry4_S[0]_CO[3])
                                                      0.532    10.959 r  cpu_inst/ex_branch_taken0_inferred__0/i__carry/CO[3]
                         net (fo=1, routed)           0.000    10.959    cpu_inst/ex_branch_taken0_inferred__0/i__carry_n_0
    SLICE_X9Y18          CARRY4 (Prop_carry4_CI_CO[3])
                                                      0.114    11.073 r  cpu_inst/ex_branch_taken0_inferred__0/i__carry__0/CO[3]
                         net (fo=1, routed)           0.000    11.073    cpu_inst/ex_branch_taken0_inferred__0/i__carry__0_n_0
    SLICE_X9Y19          CARRY4 (Prop_carry4_CI_CO[2])
                                                      0.228    11.301 f  cpu_inst/ex_branch_taken0_inferred__0/i__carry__1/CO[2]
                         net (fo=41, routed)          0.827    12.129    cpu_inst/data_mem_inst/CO[0]
    SLICE_X9Y26          LUT5 (Prop_lut5_I2_O)        0.313    12.442 f  cpu_inst/data_mem_inst/id_ex_reg[imm_ext][12]_i_2/O
                         net (fo=8, routed)           0.728    13.169    cpu_inst/data_mem_inst/p_3_out__0
    SLICE_X7Y23          LUT4 (Prop_lut4_I2_O)        0.124    13.293 r  cpu_inst/data_mem_inst/id_ex_reg[operand_a][31]_i_1/O
                         net (fo=32, routed)          1.284    14.577    cpu_inst/data_mem_inst_n_182
    SLICE_X12Y12         FDRE                                         r  cpu_inst/id_ex_reg_reg[operand_a][18]/R
  -------------------------------------------------------------------    -------------------

                         (clock sys_clk_pin rise edge)
                                                     10.000    10.000 r  <hidden>
                         propagated clock network latency
                                                      4.787    14.787    <hidden>
                         clock pessimism              0.274    15.061    <hidden>
                         clock uncertainty           -0.035    15.026    <hidden>
    SLICE_X12Y12         FDRE (Setup_fdre_C_R)       -0.524    14.502    cpu_inst/id_ex_reg_reg[operand_a][18]
  -------------------------------------------------------------------
                         required time                         14.502    <hidden>
                         arrival time                         -14.577    <hidden>
  -------------------------------------------------------------------
                         slack                                 -0.075    <hidden>

Slack (VIOLATED) :        -0.075ns  (required time - arrival time)
  Source:                 cpu_inst/mem_wb_reg_reg[rd][2]/C
                            (rising edge-triggered cell FDRE clocked by sys_clk_pin  {rise@0.000ns fall@5.000ns period=10.000ns})
  Destination:            cpu_inst/id_ex_reg_reg[operand_a][20]/R
                            (rising edge-triggered cell FDRE clocked by sys_clk_pin  {rise@0.000ns fall@5.000ns period=10.000ns})
  Path Group:             sys_clk_pin
  Path Type:              Setup (Max at Slow Process Corner)
  Requirement:            10.000ns  (sys_clk_pin rise@10.000ns - sys_clk_pin rise@0.000ns)
  Data Path Delay:        9.500ns  (logic 2.573ns (27.083%)  route 6.927ns (72.917%))
  Logic Levels:           11  (CARRY4=3 LUT3=2 LUT4=1 LUT5=3 LUT6=2)
  Clock Path Skew:        -0.015ns (DCD - SCD + CPR)
    Destination Clock Delay (DCD):    4.787ns = ( 14.787 - 10.000 ) 
    Source Clock Delay      (SCD):    5.076ns
    Clock Pessimism Removal (CPR):    0.274ns
  Clock Uncertainty:      0.035ns  ((TSJ^2 + TIJ^2)^1/2 + DJ) / 2 + PE
    Total System Jitter     (TSJ):    0.071ns
    Total Input Jitter      (TIJ):    0.000ns
    Discrete Jitter          (DJ):    0.000ns
    Phase Error              (PE):    0.000ns

    Location             Delay type                Incr(ns)  Path(ns)    Netlist Resource(s)
  -------------------------------------------------------------------    -------------------
                         (clock sys_clk_pin rise edge)
                                                      0.000     0.000 r  <hidden>
                         propagated clock network latency
                                                      5.076     5.076    <hidden>
    SLICE_X14Y21         FDRE                         0.000     5.076 r  cpu_inst/mem_wb_reg_reg[rd][2]/C
    SLICE_X14Y21         FDRE (Prop_fdre_C_Q)         0.518     5.594 r  cpu_inst/mem_wb_reg_reg[rd][2]/Q
                         net (fo=23, routed)          0.892     6.486    cpu_inst/mem_wb_reg_reg[rd][2]
    SLICE_X15Y21         LUT6 (Prop_lut6_I3_O)        0.124     6.610 r  cpu_inst/i__carry_i_18/O
                         net (fo=1, routed)           0.564     7.174    cpu_inst/i__carry_i_18_n_0
    SLICE_X13Y21         LUT5 (Prop_lut5_I2_O)        0.124     7.298 r  cpu_inst/i__carry_i_17/O
                         net (fo=2, routed)           0.165     7.463    cpu_inst/ex_rs1_wb_match0__8
    SLICE_X13Y21         LUT3 (Prop_lut3_I2_O)        0.124     7.587 r  cpu_inst/i__carry_i_16/O
                         net (fo=37, routed)          0.623     8.210    cpu_inst/data_mem_inst/ex_rs1_wb_alu__0
    SLICE_X15Y21         LUT3 (Prop_lut3_I2_O)        0.124     8.334 r  cpu_inst/data_mem_inst/i__carry_i_13_comp/O
                         net (fo=1, routed)           0.804     9.139    cpu_inst/data_mem_inst/i__carry_i_13_n_0_repN
    SLICE_X9Y12          LUT5 (Prop_lut5_I4_O)        0.124     9.263 r  cpu_inst/data_mem_inst/ex_mem_reg[alu_result][0]_i_3_comp/O
                         net (fo=4, routed)           1.041    10.303    cpu_inst/data_mem_inst/ex_operand_a[0]
    SLICE_X9Y17          LUT6 (Prop_lut6_I0_O)        0.124    10.427 r  cpu_inst/data_mem_inst/i__carry_i_4/O
                         net (fo=1, routed)           0.000    10.427    cpu_inst/data_mem_inst_n_187
    SLICE_X9Y17          CARRY4 (Prop_carry4_S[0]_CO[3])
                                                      0.532    10.959 r  cpu_inst/ex_branch_taken0_inferred__0/i__carry/CO[3]
                         net (fo=1, routed)           0.000    10.959    cpu_inst/ex_branch_taken0_inferred__0/i__carry_n_0
    SLICE_X9Y18          CARRY4 (Prop_carry4_CI_CO[3])
                                                      0.114    11.073 r  cpu_inst/ex_branch_taken0_inferred__0/i__carry__0/CO[3]
                         net (fo=1, routed)           0.000    11.073    cpu_inst/ex_branch_taken0_inferred__0/i__carry__0_n_0
    SLICE_X9Y19          CARRY4 (Prop_carry4_CI_CO[2])
                                                      0.228    11.301 f  cpu_inst/ex_branch_taken0_inferred__0/i__carry__1/CO[2]
                         net (fo=41, routed)          0.827    12.129    cpu_inst/data_mem_inst/CO[0]
    SLICE_X9Y26          LUT5 (Prop_lut5_I2_O)        0.313    12.442 f  cpu_inst/data_mem_inst/id_ex_reg[imm_ext][12]_i_2/O
                         net (fo=8, routed)           0.728    13.169    cpu_inst/data_mem_inst/p_3_out__0
    SLICE_X7Y23          LUT4 (Prop_lut4_I2_O)        0.124    13.293 r  cpu_inst/data_mem_inst/id_ex_reg[operand_a][31]_i_1/O
                         net (fo=32, routed)          1.284    14.577    cpu_inst/data_mem_inst_n_182
    SLICE_X12Y12         FDRE                                         r  cpu_inst/id_ex_reg_reg[operand_a][20]/R
  -------------------------------------------------------------------    -------------------

                         (clock sys_clk_pin rise edge)
                                                     10.000    10.000 r  <hidden>
                         propagated clock network latency
                                                      4.787    14.787    <hidden>
                         clock pessimism              0.274    15.061    <hidden>
                         clock uncertainty           -0.035    15.026    <hidden>
    SLICE_X12Y12         FDRE (Setup_fdre_C_R)       -0.524    14.502    cpu_inst/id_ex_reg_reg[operand_a][20]
  -------------------------------------------------------------------
                         required time                         14.502    <hidden>
                         arrival time                         -14.577    <hidden>
  -------------------------------------------------------------------
                         slack                                 -0.075    <hidden>

Slack (VIOLATED) :        -0.075ns  (required time - arrival time)
  Source:                 cpu_inst/mem_wb_reg_reg[rd][2]/C
                            (rising edge-triggered cell FDRE clocked by sys_clk_pin  {rise@0.000ns fall@5.000ns period=10.000ns})
  Destination:            cpu_inst/id_ex_reg_reg[operand_a][21]/R
                            (rising edge-triggered cell FDRE clocked by sys_clk_pin  {rise@0.000ns fall@5.000ns period=10.000ns})
  Path Group:             sys_clk_pin
  Path Type:              Setup (Max at Slow Process Corner)
  Requirement:            10.000ns  (sys_clk_pin rise@10.000ns - sys_clk_pin rise@0.000ns)
  Data Path Delay:        9.500ns  (logic 2.573ns (27.083%)  route 6.927ns (72.917%))
  Logic Levels:           11  (CARRY4=3 LUT3=2 LUT4=1 LUT5=3 LUT6=2)
  Clock Path Skew:        -0.015ns (DCD - SCD + CPR)
    Destination Clock Delay (DCD):    4.787ns = ( 14.787 - 10.000 ) 
    Source Clock Delay      (SCD):    5.076ns
    Clock Pessimism Removal (CPR):    0.274ns
  Clock Uncertainty:      0.035ns  ((TSJ^2 + TIJ^2)^1/2 + DJ) / 2 + PE
    Total System Jitter     (TSJ):    0.071ns
    Total Input Jitter      (TIJ):    0.000ns
    Discrete Jitter          (DJ):    0.000ns
    Phase Error              (PE):    0.000ns

    Location             Delay type                Incr(ns)  Path(ns)    Netlist Resource(s)
  -------------------------------------------------------------------    -------------------
                         (clock sys_clk_pin rise edge)
                                                      0.000     0.000 r  <hidden>
                         propagated clock network latency
                                                      5.076     5.076    <hidden>
    SLICE_X14Y21         FDRE                         0.000     5.076 r  cpu_inst/mem_wb_reg_reg[rd][2]/C
    SLICE_X14Y21         FDRE (Prop_fdre_C_Q)         0.518     5.594 r  cpu_inst/mem_wb_reg_reg[rd][2]/Q
                         net (fo=23, routed)          0.892     6.486    cpu_inst/mem_wb_reg_reg[rd][2]
    SLICE_X15Y21         LUT6 (Prop_lut6_I3_O)        0.124     6.610 r  cpu_inst/i__carry_i_18/O
                         net (fo=1, routed)           0.564     7.174    cpu_inst/i__carry_i_18_n_0
    SLICE_X13Y21         LUT5 (Prop_lut5_I2_O)        0.124     7.298 r  cpu_inst/i__carry_i_17/O
                         net (fo=2, routed)           0.165     7.463    cpu_inst/ex_rs1_wb_match0__8
    SLICE_X13Y21         LUT3 (Prop_lut3_I2_O)        0.124     7.587 r  cpu_inst/i__carry_i_16/O
                         net (fo=37, routed)          0.623     8.210    cpu_inst/data_mem_inst/ex_rs1_wb_alu__0
    SLICE_X15Y21         LUT3 (Prop_lut3_I2_O)        0.124     8.334 r  cpu_inst/data_mem_inst/i__carry_i_13_comp/O
                         net (fo=1, routed)           0.804     9.139    cpu_inst/data_mem_inst/i__carry_i_13_n_0_repN
    SLICE_X9Y12          LUT5 (Prop_lut5_I4_O)        0.124     9.263 r  cpu_inst/data_mem_inst/ex_mem_reg[alu_result][0]_i_3_comp/O
                         net (fo=4, routed)           1.041    10.303    cpu_inst/data_mem_inst/ex_operand_a[0]
    SLICE_X9Y17          LUT6 (Prop_lut6_I0_O)        0.124    10.427 r  cpu_inst/data_mem_inst/i__carry_i_4/O
                         net (fo=1, routed)           0.000    10.427    cpu_inst/data_mem_inst_n_187
    SLICE_X9Y17          CARRY4 (Prop_carry4_S[0]_CO[3])
                                                      0.532    10.959 r  cpu_inst/ex_branch_taken0_inferred__0/i__carry/CO[3]
                         net (fo=1, routed)           0.000    10.959    cpu_inst/ex_branch_taken0_inferred__0/i__carry_n_0
    SLICE_X9Y18          CARRY4 (Prop_carry4_CI_CO[3])
                                                      0.114    11.073 r  cpu_inst/ex_branch_taken0_inferred__0/i__carry__0/CO[3]
                         net (fo=1, routed)           0.000    11.073    cpu_inst/ex_branch_taken0_inferred__0/i__carry__0_n_0
    SLICE_X9Y19          CARRY4 (Prop_carry4_CI_CO[2])
                                                      0.228    11.301 f  cpu_inst/ex_branch_taken0_inferred__0/i__carry__1/CO[2]
                         net (fo=41, routed)          0.827    12.129    cpu_inst/data_mem_inst/CO[0]
    SLICE_X9Y26          LUT5 (Prop_lut5_I2_O)        0.313    12.442 f  cpu_inst/data_mem_inst/id_ex_reg[imm_ext][12]_i_2/O
                         net (fo=8, routed)           0.728    13.169    cpu_inst/data_mem_inst/p_3_out__0
    SLICE_X7Y23          LUT4 (Prop_lut4_I2_O)        0.124    13.293 r  cpu_inst/data_mem_inst/id_ex_reg[operand_a][31]_i_1/O
                         net (fo=32, routed)          1.284    14.577    cpu_inst/data_mem_inst_n_182
    SLICE_X12Y12         FDRE                                         r  cpu_inst/id_ex_reg_reg[operand_a][21]/R
  -------------------------------------------------------------------    -------------------

                         (clock sys_clk_pin rise edge)
                                                     10.000    10.000 r  <hidden>
                         propagated clock network latency
                                                      4.787    14.787    <hidden>
                         clock pessimism              0.274    15.061    <hidden>
                         clock uncertainty           -0.035    15.026    <hidden>
    SLICE_X12Y12         FDRE (Setup_fdre_C_R)       -0.524    14.502    cpu_inst/id_ex_reg_reg[operand_a][21]
  -------------------------------------------------------------------
                         required time                         14.502    <hidden>
                         arrival time                         -14.577    <hidden>
  -------------------------------------------------------------------
                         slack                                 -0.075    <hidden>

Slack (VIOLATED) :        -0.075ns  (required time - arrival time)
  Source:                 cpu_inst/mem_wb_reg_reg[rd][2]/C
                            (rising edge-triggered cell FDRE clocked by sys_clk_pin  {rise@0.000ns fall@5.000ns period=10.000ns})
  Destination:            cpu_inst/id_ex_reg_reg[operand_a][9]/R
                            (rising edge-triggered cell FDRE clocked by sys_clk_pin  {rise@0.000ns fall@5.000ns period=10.000ns})
  Path Group:             sys_clk_pin
  Path Type:              Setup (Max at Slow Process Corner)
  Requirement:            10.000ns  (sys_clk_pin rise@10.000ns - sys_clk_pin rise@0.000ns)
  Data Path Delay:        9.500ns  (logic 2.573ns (27.083%)  route 6.927ns (72.917%))
  Logic Levels:           11  (CARRY4=3 LUT3=2 LUT4=1 LUT5=3 LUT6=2)
  Clock Path Skew:        -0.015ns (DCD - SCD + CPR)
    Destination Clock Delay (DCD):    4.787ns = ( 14.787 - 10.000 ) 
    Source Clock Delay      (SCD):    5.076ns
    Clock Pessimism Removal (CPR):    0.274ns
  Clock Uncertainty:      0.035ns  ((TSJ^2 + TIJ^2)^1/2 + DJ) / 2 + PE
    Total System Jitter     (TSJ):    0.071ns
    Total Input Jitter      (TIJ):    0.000ns
    Discrete Jitter          (DJ):    0.000ns
    Phase Error              (PE):    0.000ns

    Location             Delay type                Incr(ns)  Path(ns)    Netlist Resource(s)
  -------------------------------------------------------------------    -------------------
                         (clock sys_clk_pin rise edge)
                                                      0.000     0.000 r  <hidden>
                         propagated clock network latency
                                                      5.076     5.076    <hidden>
    SLICE_X14Y21         FDRE                         0.000     5.076 r  cpu_inst/mem_wb_reg_reg[rd][2]/C
    SLICE_X14Y21         FDRE (Prop_fdre_C_Q)         0.518     5.594 r  cpu_inst/mem_wb_reg_reg[rd][2]/Q
                         net (fo=23, routed)          0.892     6.486    cpu_inst/mem_wb_reg_reg[rd][2]
    SLICE_X15Y21         LUT6 (Prop_lut6_I3_O)        0.124     6.610 r  cpu_inst/i__carry_i_18/O
                         net (fo=1, routed)           0.564     7.174    cpu_inst/i__carry_i_18_n_0
    SLICE_X13Y21         LUT5 (Prop_lut5_I2_O)        0.124     7.298 r  cpu_inst/i__carry_i_17/O
                         net (fo=2, routed)           0.165     7.463    cpu_inst/ex_rs1_wb_match0__8
    SLICE_X13Y21         LUT3 (Prop_lut3_I2_O)        0.124     7.587 r  cpu_inst/i__carry_i_16/O
                         net (fo=37, routed)          0.623     8.210    cpu_inst/data_mem_inst/ex_rs1_wb_alu__0
    SLICE_X15Y21         LUT3 (Prop_lut3_I2_O)        0.124     8.334 r  cpu_inst/data_mem_inst/i__carry_i_13_comp/O
                         net (fo=1, routed)           0.804     9.139    cpu_inst/data_mem_inst/i__carry_i_13_n_0_repN
    SLICE_X9Y12          LUT5 (Prop_lut5_I4_O)        0.124     9.263 r  cpu_inst/data_mem_inst/ex_mem_reg[alu_result][0]_i_3_comp/O
                         net (fo=4, routed)           1.041    10.303    cpu_inst/data_mem_inst/ex_operand_a[0]
    SLICE_X9Y17          LUT6 (Prop_lut6_I0_O)        0.124    10.427 r  cpu_inst/data_mem_inst/i__carry_i_4/O
                         net (fo=1, routed)           0.000    10.427    cpu_inst/data_mem_inst_n_187
    SLICE_X9Y17          CARRY4 (Prop_carry4_S[0]_CO[3])
                                                      0.532    10.959 r  cpu_inst/ex_branch_taken0_inferred__0/i__carry/CO[3]
                         net (fo=1, routed)           0.000    10.959    cpu_inst/ex_branch_taken0_inferred__0/i__carry_n_0
    SLICE_X9Y18          CARRY4 (Prop_carry4_CI_CO[3])
                                                      0.114    11.073 r  cpu_inst/ex_branch_taken0_inferred__0/i__carry__0/CO[3]
                         net (fo=1, routed)           0.000    11.073    cpu_inst/ex_branch_taken0_inferred__0/i__carry__0_n_0
    SLICE_X9Y19          CARRY4 (Prop_carry4_CI_CO[2])
                                                      0.228    11.301 f  cpu_inst/ex_branch_taken0_inferred__0/i__carry__1/CO[2]
                         net (fo=41, routed)          0.827    12.129    cpu_inst/data_mem_inst/CO[0]
    SLICE_X9Y26          LUT5 (Prop_lut5_I2_O)        0.313    12.442 f  cpu_inst/data_mem_inst/id_ex_reg[imm_ext][12]_i_2/O
                         net (fo=8, routed)           0.728    13.169    cpu_inst/data_mem_inst/p_3_out__0
    SLICE_X7Y23          LUT4 (Prop_lut4_I2_O)        0.124    13.293 r  cpu_inst/data_mem_inst/id_ex_reg[operand_a][31]_i_1/O
                         net (fo=32, routed)          1.284    14.577    cpu_inst/data_mem_inst_n_182
    SLICE_X12Y12         FDRE                                         r  cpu_inst/id_ex_reg_reg[operand_a][9]/R
  -------------------------------------------------------------------    -------------------

                         (clock sys_clk_pin rise edge)
                                                     10.000    10.000 r  <hidden>
                         propagated clock network latency
                                                      4.787    14.787    <hidden>
                         clock pessimism              0.274    15.061    <hidden>
                         clock uncertainty           -0.035    15.026    <hidden>
    SLICE_X12Y12         FDRE (Setup_fdre_C_R)       -0.524    14.502    cpu_inst/id_ex_reg_reg[operand_a][9]
  -------------------------------------------------------------------
                         required time                         14.502    <hidden>
                         arrival time                         -14.577    <hidden>
  -------------------------------------------------------------------
                         slack                                 -0.075    <hidden>

Slack (VIOLATED) :        -0.070ns  (required time - arrival time)
  Source:                 cpu_inst/mem_wb_reg_reg[rd][2]/C
                            (rising edge-triggered cell FDRE clocked by sys_clk_pin  {rise@0.000ns fall@5.000ns period=10.000ns})
  Destination:            cpu_inst/instr_mem_inst/instruction_reg/ADDRBWRADDR[9]
                            (rising edge-triggered cell RAMB18E1 clocked by sys_clk_pin  {rise@0.000ns fall@5.000ns period=10.000ns})
  Path Group:             sys_clk_pin
  Path Type:              Setup (Max at Slow Process Corner)
  Requirement:            10.000ns  (sys_clk_pin rise@10.000ns - sys_clk_pin rise@0.000ns)
  Data Path Delay:        9.474ns  (logic 2.697ns (28.468%)  route 6.777ns (71.532%))
  Logic Levels:           12  (CARRY4=3 LUT3=2 LUT4=2 LUT5=3 LUT6=2)
  Clock Path Skew:        0.005ns (DCD - SCD + CPR)
    Destination Clock Delay (DCD):    4.822ns = ( 14.822 - 10.000 ) 
    Source Clock Delay      (SCD):    5.076ns
    Clock Pessimism Removal (CPR):    0.260ns
  Clock Uncertainty:      0.035ns  ((TSJ^2 + TIJ^2)^1/2 + DJ) / 2 + PE
    Total System Jitter     (TSJ):    0.071ns
    Total Input Jitter      (TIJ):    0.000ns
    Discrete Jitter          (DJ):    0.000ns
    Phase Error              (PE):    0.000ns

    Location             Delay type                Incr(ns)  Path(ns)    Netlist Resource(s)
  -------------------------------------------------------------------    -------------------
                         (clock sys_clk_pin rise edge)
                                                      0.000     0.000 r  <hidden>
                         propagated clock network latency
                                                      5.076     5.076    <hidden>
    SLICE_X14Y21         FDRE                         0.000     5.076 r  cpu_inst/mem_wb_reg_reg[rd][2]/C
    SLICE_X14Y21         FDRE (Prop_fdre_C_Q)         0.518     5.594 r  cpu_inst/mem_wb_reg_reg[rd][2]/Q
                         net (fo=23, routed)          0.892     6.486    cpu_inst/mem_wb_reg_reg[rd][2]
    SLICE_X15Y21         LUT6 (Prop_lut6_I3_O)        0.124     6.610 r  cpu_inst/i__carry_i_18/O
                         net (fo=1, routed)           0.564     7.174    cpu_inst/i__carry_i_18_n_0
    SLICE_X13Y21         LUT5 (Prop_lut5_I2_O)        0.124     7.298 r  cpu_inst/i__carry_i_17/O
                         net (fo=2, routed)           0.165     7.463    cpu_inst/ex_rs1_wb_match0__8
    SLICE_X13Y21         LUT3 (Prop_lut3_I2_O)        0.124     7.587 r  cpu_inst/i__carry_i_16/O
                         net (fo=37, routed)          0.623     8.210    cpu_inst/data_mem_inst/ex_rs1_wb_alu__0
    SLICE_X15Y21         LUT3 (Prop_lut3_I2_O)        0.124     8.334 r  cpu_inst/data_mem_inst/i__carry_i_13_comp/O
                         net (fo=1, routed)           0.804     9.139    cpu_inst/data_mem_inst/i__carry_i_13_n_0_repN
    SLICE_X9Y12          LUT5 (Prop_lut5_I4_O)        0.124     9.263 r  cpu_inst/data_mem_inst/ex_mem_reg[alu_result][0]_i_3_comp/O
                         net (fo=4, routed)           1.041    10.303    cpu_inst/data_mem_inst/ex_operand_a[0]
    SLICE_X9Y17          LUT6 (Prop_lut6_I0_O)        0.124    10.427 r  cpu_inst/data_mem_inst/i__carry_i_4/O
                         net (fo=1, routed)           0.000    10.427    cpu_inst/data_mem_inst_n_187
    SLICE_X9Y17          CARRY4 (Prop_carry4_S[0]_CO[3])
                                                      0.532    10.959 r  cpu_inst/ex_branch_taken0_inferred__0/i__carry/CO[3]
                         net (fo=1, routed)           0.000    10.959    cpu_inst/ex_branch_taken0_inferred__0/i__carry_n_0
    SLICE_X9Y18          CARRY4 (Prop_carry4_CI_CO[3])
                                                      0.114    11.073 r  cpu_inst/ex_branch_taken0_inferred__0/i__carry__0/CO[3]
                         net (fo=1, routed)           0.000    11.073    cpu_inst/ex_branch_taken0_inferred__0/i__carry__0_n_0
    SLICE_X9Y19          CARRY4 (Prop_carry4_CI_CO[2])
                                                      0.228    11.301 f  cpu_inst/ex_branch_taken0_inferred__0/i__carry__1/CO[2]
                         net (fo=41, routed)          0.772    12.073    cpu_inst/data_mem_inst/CO[0]
    SLICE_X8Y23          LUT4 (Prop_lut4_I1_O)        0.313    12.386 f  cpu_inst/data_mem_inst/fetch_buffer_instruction[31]_i_2/O
                         net (fo=81, routed)          0.464    12.850    cpu_inst/data_mem_inst/ex_redirect_taken__0
    SLICE_X9Y21          LUT4 (Prop_lut4_I3_O)        0.124    12.974 f  cpu_inst/data_mem_inst/instruction_reg_i_16/O
                         net (fo=8, routed)           0.691    13.666    cpu_inst/data_mem_inst/instruction_reg_i_16_n_0
    SLICE_X8Y25          LUT5 (Prop_lut5_I0_O)        0.124    13.790 r  cpu_inst/data_mem_inst/instruction_reg_i_4/O
                         net (fo=2, routed)           0.760    14.550    cpu_inst/instr_mem_inst/ADDRARDADDR[5]
    RAMB18_X0Y9          RAMB18E1                                     r  cpu_inst/instr_mem_inst/instruction_reg/ADDRBWRADDR[9]
  -------------------------------------------------------------------    -------------------

                         (clock sys_clk_pin rise edge)
                                                     10.000    10.000 r  <hidden>
                         propagated clock network latency
                                                      4.822    14.822    <hidden>
                         clock pessimism              0.260    15.082    <hidden>
                         clock uncertainty           -0.035    15.046    <hidden>
    RAMB18_X0Y9          RAMB18E1 (Setup_ramb18e1_CLKBWRCLK_ADDRBWRADDR[9])
                                                     -0.566    14.480    cpu_inst/instr_mem_inst/instruction_reg
  -------------------------------------------------------------------
                         required time                         14.480    <hidden>
                         arrival time                         -14.550    <hidden>
  -------------------------------------------------------------------
                         slack                                 -0.070    <hidden>




