Copyright 1986-2022 Xilinx, Inc. All Rights Reserved. Copyright 2022-2026 Advanced Micro Devices, Inc. All Rights Reserved.
--------------------------------------------------------------------------------------------------------------------------------------------------------
| Tool Version : Vivado v.2026.1 (win64) Build 6511674 Tue Jun 16 11:02:23 MDT 2026
| Date         : Tue Jul 14 14:51:05 2026
| Host         : DESKTOP-4GB7DVJ running 64-bit major release  (build 9200)
| Command      : report_timing -max_paths 10 -path_type full -file reports/phase15a_bringup_impl/timing/fpga_top_pipeline6_bringup_impl_worst_paths.rpt
| Design       : fpga_top_pipeline6_bringup
| Device       : 7a35t-cpg236
| Speed File   : -1  PRODUCTION 1.23 2018-06-13
| Design State : Physopt postRoute
--------------------------------------------------------------------------------------------------------------------------------------------------------

Timing Report

Slack (MET) :             1.472ns  (required time - arrival time)
  Source:                 rst_sync_reg/C
                            (rising edge-triggered cell FDRE clocked by sys_clk_pin  {rise@0.000ns fall@5.000ns period=10.000ns})
  Destination:            cpu_inst/regs_reg[1][22]/R
                            (rising edge-triggered cell FDRE clocked by sys_clk_pin  {rise@0.000ns fall@5.000ns period=10.000ns})
  Path Group:             sys_clk_pin
  Path Type:              Setup (Max at Slow Process Corner)
  Requirement:            10.000ns  (sys_clk_pin rise@10.000ns - sys_clk_pin rise@0.000ns)
  Data Path Delay:        7.864ns  (logic 0.456ns (5.798%)  route 7.408ns (94.202%))
  Logic Levels:           0  
  Clock Path Skew:        -0.104ns (DCD - SCD + CPR)
    Destination Clock Delay (DCD):    4.790ns = ( 14.790 - 10.000 ) 
    Source Clock Delay      (SCD):    5.154ns
    Clock Pessimism Removal (CPR):    0.260ns
  Clock Uncertainty:      0.035ns  ((TSJ^2 + TIJ^2)^1/2 + DJ) / 2 + PE
    Total System Jitter     (TSJ):    0.071ns
    Total Input Jitter      (TIJ):    0.000ns
    Discrete Jitter          (DJ):    0.000ns
    Phase Error              (PE):    0.000ns

    Location             Delay type                Incr(ns)  Path(ns)    Netlist Resource(s)
  -------------------------------------------------------------------    -------------------
                         (clock sys_clk_pin rise edge)
                                                      0.000     0.000 r  <hidden>
                         propagated clock network latency
                                                      5.154     5.154    <hidden>
    SLICE_X0Y13          FDRE                         0.000     5.154 r  rst_sync_reg/C
    SLICE_X0Y13          FDRE (Prop_fdre_C_Q)         0.456     5.610 r  rst_sync_reg/Q
                         net (fo=1304, routed)        7.408    13.019    cpu_inst/rst_sync
    SLICE_X12Y41         FDRE                                         r  cpu_inst/regs_reg[1][22]/R
  -------------------------------------------------------------------    -------------------

                         (clock sys_clk_pin rise edge)
                                                     10.000    10.000 r  <hidden>
                         propagated clock network latency
                                                      4.790    14.790    <hidden>
                         clock pessimism              0.260    15.050    <hidden>
                         clock uncertainty           -0.035    15.015    <hidden>
    SLICE_X12Y41         FDRE (Setup_fdre_C_R)       -0.524    14.491    cpu_inst/regs_reg[1][22]
  -------------------------------------------------------------------
                         required time                         14.491    <hidden>
                         arrival time                         -13.019    <hidden>
  -------------------------------------------------------------------
                         slack                                  1.472    <hidden>

Slack (MET) :             1.472ns  (required time - arrival time)
  Source:                 rst_sync_reg/C
                            (rising edge-triggered cell FDRE clocked by sys_clk_pin  {rise@0.000ns fall@5.000ns period=10.000ns})
  Destination:            cpu_inst/regs_reg[1][23]/R
                            (rising edge-triggered cell FDRE clocked by sys_clk_pin  {rise@0.000ns fall@5.000ns period=10.000ns})
  Path Group:             sys_clk_pin
  Path Type:              Setup (Max at Slow Process Corner)
  Requirement:            10.000ns  (sys_clk_pin rise@10.000ns - sys_clk_pin rise@0.000ns)
  Data Path Delay:        7.864ns  (logic 0.456ns (5.798%)  route 7.408ns (94.202%))
  Logic Levels:           0  
  Clock Path Skew:        -0.104ns (DCD - SCD + CPR)
    Destination Clock Delay (DCD):    4.790ns = ( 14.790 - 10.000 ) 
    Source Clock Delay      (SCD):    5.154ns
    Clock Pessimism Removal (CPR):    0.260ns
  Clock Uncertainty:      0.035ns  ((TSJ^2 + TIJ^2)^1/2 + DJ) / 2 + PE
    Total System Jitter     (TSJ):    0.071ns
    Total Input Jitter      (TIJ):    0.000ns
    Discrete Jitter          (DJ):    0.000ns
    Phase Error              (PE):    0.000ns

    Location             Delay type                Incr(ns)  Path(ns)    Netlist Resource(s)
  -------------------------------------------------------------------    -------------------
                         (clock sys_clk_pin rise edge)
                                                      0.000     0.000 r  <hidden>
                         propagated clock network latency
                                                      5.154     5.154    <hidden>
    SLICE_X0Y13          FDRE                         0.000     5.154 r  rst_sync_reg/C
    SLICE_X0Y13          FDRE (Prop_fdre_C_Q)         0.456     5.610 r  rst_sync_reg/Q
                         net (fo=1304, routed)        7.408    13.019    cpu_inst/rst_sync
    SLICE_X12Y41         FDRE                                         r  cpu_inst/regs_reg[1][23]/R
  -------------------------------------------------------------------    -------------------

                         (clock sys_clk_pin rise edge)
                                                     10.000    10.000 r  <hidden>
                         propagated clock network latency
                                                      4.790    14.790    <hidden>
                         clock pessimism              0.260    15.050    <hidden>
                         clock uncertainty           -0.035    15.015    <hidden>
    SLICE_X12Y41         FDRE (Setup_fdre_C_R)       -0.524    14.491    cpu_inst/regs_reg[1][23]
  -------------------------------------------------------------------
                         required time                         14.491    <hidden>
                         arrival time                         -13.019    <hidden>
  -------------------------------------------------------------------
                         slack                                  1.472    <hidden>

Slack (MET) :             1.472ns  (required time - arrival time)
  Source:                 rst_sync_reg/C
                            (rising edge-triggered cell FDRE clocked by sys_clk_pin  {rise@0.000ns fall@5.000ns period=10.000ns})
  Destination:            cpu_inst/regs_reg[1][29]/R
                            (rising edge-triggered cell FDRE clocked by sys_clk_pin  {rise@0.000ns fall@5.000ns period=10.000ns})
  Path Group:             sys_clk_pin
  Path Type:              Setup (Max at Slow Process Corner)
  Requirement:            10.000ns  (sys_clk_pin rise@10.000ns - sys_clk_pin rise@0.000ns)
  Data Path Delay:        7.864ns  (logic 0.456ns (5.798%)  route 7.408ns (94.202%))
  Logic Levels:           0  
  Clock Path Skew:        -0.104ns (DCD - SCD + CPR)
    Destination Clock Delay (DCD):    4.790ns = ( 14.790 - 10.000 ) 
    Source Clock Delay      (SCD):    5.154ns
    Clock Pessimism Removal (CPR):    0.260ns
  Clock Uncertainty:      0.035ns  ((TSJ^2 + TIJ^2)^1/2 + DJ) / 2 + PE
    Total System Jitter     (TSJ):    0.071ns
    Total Input Jitter      (TIJ):    0.000ns
    Discrete Jitter          (DJ):    0.000ns
    Phase Error              (PE):    0.000ns

    Location             Delay type                Incr(ns)  Path(ns)    Netlist Resource(s)
  -------------------------------------------------------------------    -------------------
                         (clock sys_clk_pin rise edge)
                                                      0.000     0.000 r  <hidden>
                         propagated clock network latency
                                                      5.154     5.154    <hidden>
    SLICE_X0Y13          FDRE                         0.000     5.154 r  rst_sync_reg/C
    SLICE_X0Y13          FDRE (Prop_fdre_C_Q)         0.456     5.610 r  rst_sync_reg/Q
                         net (fo=1304, routed)        7.408    13.019    cpu_inst/rst_sync
    SLICE_X12Y41         FDRE                                         r  cpu_inst/regs_reg[1][29]/R
  -------------------------------------------------------------------    -------------------

                         (clock sys_clk_pin rise edge)
                                                     10.000    10.000 r  <hidden>
                         propagated clock network latency
                                                      4.790    14.790    <hidden>
                         clock pessimism              0.260    15.050    <hidden>
                         clock uncertainty           -0.035    15.015    <hidden>
    SLICE_X12Y41         FDRE (Setup_fdre_C_R)       -0.524    14.491    cpu_inst/regs_reg[1][29]
  -------------------------------------------------------------------
                         required time                         14.491    <hidden>
                         arrival time                         -13.019    <hidden>
  -------------------------------------------------------------------
                         slack                                  1.472    <hidden>

Slack (MET) :             1.567ns  (required time - arrival time)
  Source:                 rst_sync_reg/C
                            (rising edge-triggered cell FDRE clocked by sys_clk_pin  {rise@0.000ns fall@5.000ns period=10.000ns})
  Destination:            cpu_inst/regs_reg[1][28]/R
                            (rising edge-triggered cell FDRE clocked by sys_clk_pin  {rise@0.000ns fall@5.000ns period=10.000ns})
  Path Group:             sys_clk_pin
  Path Type:              Setup (Max at Slow Process Corner)
  Requirement:            10.000ns  (sys_clk_pin rise@10.000ns - sys_clk_pin rise@0.000ns)
  Data Path Delay:        7.864ns  (logic 0.456ns (5.798%)  route 7.408ns (94.202%))
  Logic Levels:           0  
  Clock Path Skew:        -0.104ns (DCD - SCD + CPR)
    Destination Clock Delay (DCD):    4.790ns = ( 14.790 - 10.000 ) 
    Source Clock Delay      (SCD):    5.154ns
    Clock Pessimism Removal (CPR):    0.260ns
  Clock Uncertainty:      0.035ns  ((TSJ^2 + TIJ^2)^1/2 + DJ) / 2 + PE
    Total System Jitter     (TSJ):    0.071ns
    Total Input Jitter      (TIJ):    0.000ns
    Discrete Jitter          (DJ):    0.000ns
    Phase Error              (PE):    0.000ns

    Location             Delay type                Incr(ns)  Path(ns)    Netlist Resource(s)
  -------------------------------------------------------------------    -------------------
                         (clock sys_clk_pin rise edge)
                                                      0.000     0.000 r  <hidden>
                         propagated clock network latency
                                                      5.154     5.154    <hidden>
    SLICE_X0Y13          FDRE                         0.000     5.154 r  rst_sync_reg/C
    SLICE_X0Y13          FDRE (Prop_fdre_C_Q)         0.456     5.610 r  rst_sync_reg/Q
                         net (fo=1304, routed)        7.408    13.019    cpu_inst/rst_sync
    SLICE_X13Y41         FDRE                                         r  cpu_inst/regs_reg[1][28]/R
  -------------------------------------------------------------------    -------------------

                         (clock sys_clk_pin rise edge)
                                                     10.000    10.000 r  <hidden>
                         propagated clock network latency
                                                      4.790    14.790    <hidden>
                         clock pessimism              0.260    15.050    <hidden>
                         clock uncertainty           -0.035    15.015    <hidden>
    SLICE_X13Y41         FDRE (Setup_fdre_C_R)       -0.429    14.586    cpu_inst/regs_reg[1][28]
  -------------------------------------------------------------------
                         required time                         14.586    <hidden>
                         arrival time                         -13.019    <hidden>
  -------------------------------------------------------------------
                         slack                                  1.567    <hidden>

Slack (MET) :             1.613ns  (required time - arrival time)
  Source:                 rst_sync_reg/C
                            (rising edge-triggered cell FDRE clocked by sys_clk_pin  {rise@0.000ns fall@5.000ns period=10.000ns})
  Destination:            cpu_inst/regs_reg[3][22]/R
                            (rising edge-triggered cell FDRE clocked by sys_clk_pin  {rise@0.000ns fall@5.000ns period=10.000ns})
  Path Group:             sys_clk_pin
  Path Type:              Setup (Max at Slow Process Corner)
  Requirement:            10.000ns  (sys_clk_pin rise@10.000ns - sys_clk_pin rise@0.000ns)
  Data Path Delay:        7.722ns  (logic 0.456ns (5.905%)  route 7.266ns (94.095%))
  Logic Levels:           0  
  Clock Path Skew:        -0.105ns (DCD - SCD + CPR)
    Destination Clock Delay (DCD):    4.789ns = ( 14.789 - 10.000 ) 
    Source Clock Delay      (SCD):    5.154ns
    Clock Pessimism Removal (CPR):    0.260ns
  Clock Uncertainty:      0.035ns  ((TSJ^2 + TIJ^2)^1/2 + DJ) / 2 + PE
    Total System Jitter     (TSJ):    0.071ns
    Total Input Jitter      (TIJ):    0.000ns
    Discrete Jitter          (DJ):    0.000ns
    Phase Error              (PE):    0.000ns

    Location             Delay type                Incr(ns)  Path(ns)    Netlist Resource(s)
  -------------------------------------------------------------------    -------------------
                         (clock sys_clk_pin rise edge)
                                                      0.000     0.000 r  <hidden>
                         propagated clock network latency
                                                      5.154     5.154    <hidden>
    SLICE_X0Y13          FDRE                         0.000     5.154 r  rst_sync_reg/C
    SLICE_X0Y13          FDRE (Prop_fdre_C_Q)         0.456     5.610 r  rst_sync_reg/Q
                         net (fo=1304, routed)        7.266    12.877    cpu_inst/rst_sync
    SLICE_X12Y40         FDRE                                         r  cpu_inst/regs_reg[3][22]/R
  -------------------------------------------------------------------    -------------------

                         (clock sys_clk_pin rise edge)
                                                     10.000    10.000 r  <hidden>
                         propagated clock network latency
                                                      4.789    14.789    <hidden>
                         clock pessimism              0.260    15.049    <hidden>
                         clock uncertainty           -0.035    15.014    <hidden>
    SLICE_X12Y40         FDRE (Setup_fdre_C_R)       -0.524    14.490    cpu_inst/regs_reg[3][22]
  -------------------------------------------------------------------
                         required time                         14.490    <hidden>
                         arrival time                         -12.877    <hidden>
  -------------------------------------------------------------------
                         slack                                  1.613    <hidden>

Slack (MET) :             1.613ns  (required time - arrival time)
  Source:                 rst_sync_reg/C
                            (rising edge-triggered cell FDRE clocked by sys_clk_pin  {rise@0.000ns fall@5.000ns period=10.000ns})
  Destination:            cpu_inst/regs_reg[3][23]/R
                            (rising edge-triggered cell FDRE clocked by sys_clk_pin  {rise@0.000ns fall@5.000ns period=10.000ns})
  Path Group:             sys_clk_pin
  Path Type:              Setup (Max at Slow Process Corner)
  Requirement:            10.000ns  (sys_clk_pin rise@10.000ns - sys_clk_pin rise@0.000ns)
  Data Path Delay:        7.722ns  (logic 0.456ns (5.905%)  route 7.266ns (94.095%))
  Logic Levels:           0  
  Clock Path Skew:        -0.105ns (DCD - SCD + CPR)
    Destination Clock Delay (DCD):    4.789ns = ( 14.789 - 10.000 ) 
    Source Clock Delay      (SCD):    5.154ns
    Clock Pessimism Removal (CPR):    0.260ns
  Clock Uncertainty:      0.035ns  ((TSJ^2 + TIJ^2)^1/2 + DJ) / 2 + PE
    Total System Jitter     (TSJ):    0.071ns
    Total Input Jitter      (TIJ):    0.000ns
    Discrete Jitter          (DJ):    0.000ns
    Phase Error              (PE):    0.000ns

    Location             Delay type                Incr(ns)  Path(ns)    Netlist Resource(s)
  -------------------------------------------------------------------    -------------------
                         (clock sys_clk_pin rise edge)
                                                      0.000     0.000 r  <hidden>
                         propagated clock network latency
                                                      5.154     5.154    <hidden>
    SLICE_X0Y13          FDRE                         0.000     5.154 r  rst_sync_reg/C
    SLICE_X0Y13          FDRE (Prop_fdre_C_Q)         0.456     5.610 r  rst_sync_reg/Q
                         net (fo=1304, routed)        7.266    12.877    cpu_inst/rst_sync
    SLICE_X12Y40         FDRE                                         r  cpu_inst/regs_reg[3][23]/R
  -------------------------------------------------------------------    -------------------

                         (clock sys_clk_pin rise edge)
                                                     10.000    10.000 r  <hidden>
                         propagated clock network latency
                                                      4.789    14.789    <hidden>
                         clock pessimism              0.260    15.049    <hidden>
                         clock uncertainty           -0.035    15.014    <hidden>
    SLICE_X12Y40         FDRE (Setup_fdre_C_R)       -0.524    14.490    cpu_inst/regs_reg[3][23]
  -------------------------------------------------------------------
                         required time                         14.490    <hidden>
                         arrival time                         -12.877    <hidden>
  -------------------------------------------------------------------
                         slack                                  1.613    <hidden>

Slack (MET) :             1.613ns  (required time - arrival time)
  Source:                 rst_sync_reg/C
                            (rising edge-triggered cell FDRE clocked by sys_clk_pin  {rise@0.000ns fall@5.000ns period=10.000ns})
  Destination:            cpu_inst/regs_reg[3][28]/R
                            (rising edge-triggered cell FDRE clocked by sys_clk_pin  {rise@0.000ns fall@5.000ns period=10.000ns})
  Path Group:             sys_clk_pin
  Path Type:              Setup (Max at Slow Process Corner)
  Requirement:            10.000ns  (sys_clk_pin rise@10.000ns - sys_clk_pin rise@0.000ns)
  Data Path Delay:        7.722ns  (logic 0.456ns (5.905%)  route 7.266ns (94.095%))
  Logic Levels:           0  
  Clock Path Skew:        -0.105ns (DCD - SCD + CPR)
    Destination Clock Delay (DCD):    4.789ns = ( 14.789 - 10.000 ) 
    Source Clock Delay      (SCD):    5.154ns
    Clock Pessimism Removal (CPR):    0.260ns
  Clock Uncertainty:      0.035ns  ((TSJ^2 + TIJ^2)^1/2 + DJ) / 2 + PE
    Total System Jitter     (TSJ):    0.071ns
    Total Input Jitter      (TIJ):    0.000ns
    Discrete Jitter          (DJ):    0.000ns
    Phase Error              (PE):    0.000ns

    Location             Delay type                Incr(ns)  Path(ns)    Netlist Resource(s)
  -------------------------------------------------------------------    -------------------
                         (clock sys_clk_pin rise edge)
                                                      0.000     0.000 r  <hidden>
                         propagated clock network latency
                                                      5.154     5.154    <hidden>
    SLICE_X0Y13          FDRE                         0.000     5.154 r  rst_sync_reg/C
    SLICE_X0Y13          FDRE (Prop_fdre_C_Q)         0.456     5.610 r  rst_sync_reg/Q
                         net (fo=1304, routed)        7.266    12.877    cpu_inst/rst_sync
    SLICE_X12Y40         FDRE                                         r  cpu_inst/regs_reg[3][28]/R
  -------------------------------------------------------------------    -------------------

                         (clock sys_clk_pin rise edge)
                                                     10.000    10.000 r  <hidden>
                         propagated clock network latency
                                                      4.789    14.789    <hidden>
                         clock pessimism              0.260    15.049    <hidden>
                         clock uncertainty           -0.035    15.014    <hidden>
    SLICE_X12Y40         FDRE (Setup_fdre_C_R)       -0.524    14.490    cpu_inst/regs_reg[3][28]
  -------------------------------------------------------------------
                         required time                         14.490    <hidden>
                         arrival time                         -12.877    <hidden>
  -------------------------------------------------------------------
                         slack                                  1.613    <hidden>

Slack (MET) :             1.613ns  (required time - arrival time)
  Source:                 rst_sync_reg/C
                            (rising edge-triggered cell FDRE clocked by sys_clk_pin  {rise@0.000ns fall@5.000ns period=10.000ns})
  Destination:            cpu_inst/regs_reg[3][29]/R
                            (rising edge-triggered cell FDRE clocked by sys_clk_pin  {rise@0.000ns fall@5.000ns period=10.000ns})
  Path Group:             sys_clk_pin
  Path Type:              Setup (Max at Slow Process Corner)
  Requirement:            10.000ns  (sys_clk_pin rise@10.000ns - sys_clk_pin rise@0.000ns)
  Data Path Delay:        7.722ns  (logic 0.456ns (5.905%)  route 7.266ns (94.095%))
  Logic Levels:           0  
  Clock Path Skew:        -0.105ns (DCD - SCD + CPR)
    Destination Clock Delay (DCD):    4.789ns = ( 14.789 - 10.000 ) 
    Source Clock Delay      (SCD):    5.154ns
    Clock Pessimism Removal (CPR):    0.260ns
  Clock Uncertainty:      0.035ns  ((TSJ^2 + TIJ^2)^1/2 + DJ) / 2 + PE
    Total System Jitter     (TSJ):    0.071ns
    Total Input Jitter      (TIJ):    0.000ns
    Discrete Jitter          (DJ):    0.000ns
    Phase Error              (PE):    0.000ns

    Location             Delay type                Incr(ns)  Path(ns)    Netlist Resource(s)
  -------------------------------------------------------------------    -------------------
                         (clock sys_clk_pin rise edge)
                                                      0.000     0.000 r  <hidden>
                         propagated clock network latency
                                                      5.154     5.154    <hidden>
    SLICE_X0Y13          FDRE                         0.000     5.154 r  rst_sync_reg/C
    SLICE_X0Y13          FDRE (Prop_fdre_C_Q)         0.456     5.610 r  rst_sync_reg/Q
                         net (fo=1304, routed)        7.266    12.877    cpu_inst/rst_sync
    SLICE_X12Y40         FDRE                                         r  cpu_inst/regs_reg[3][29]/R
  -------------------------------------------------------------------    -------------------

                         (clock sys_clk_pin rise edge)
                                                     10.000    10.000 r  <hidden>
                         propagated clock network latency
                                                      4.789    14.789    <hidden>
                         clock pessimism              0.260    15.049    <hidden>
                         clock uncertainty           -0.035    15.014    <hidden>
    SLICE_X12Y40         FDRE (Setup_fdre_C_R)       -0.524    14.490    cpu_inst/regs_reg[3][29]
  -------------------------------------------------------------------
                         required time                         14.490    <hidden>
                         arrival time                         -12.877    <hidden>
  -------------------------------------------------------------------
                         slack                                  1.613    <hidden>

Slack (MET) :             1.708ns  (required time - arrival time)
  Source:                 rst_sync_reg/C
                            (rising edge-triggered cell FDRE clocked by sys_clk_pin  {rise@0.000ns fall@5.000ns period=10.000ns})
  Destination:            cpu_inst/regs_reg[2][28]/R
                            (rising edge-triggered cell FDRE clocked by sys_clk_pin  {rise@0.000ns fall@5.000ns period=10.000ns})
  Path Group:             sys_clk_pin
  Path Type:              Setup (Max at Slow Process Corner)
  Requirement:            10.000ns  (sys_clk_pin rise@10.000ns - sys_clk_pin rise@0.000ns)
  Data Path Delay:        7.722ns  (logic 0.456ns (5.905%)  route 7.266ns (94.095%))
  Logic Levels:           0  
  Clock Path Skew:        -0.105ns (DCD - SCD + CPR)
    Destination Clock Delay (DCD):    4.789ns = ( 14.789 - 10.000 ) 
    Source Clock Delay      (SCD):    5.154ns
    Clock Pessimism Removal (CPR):    0.260ns
  Clock Uncertainty:      0.035ns  ((TSJ^2 + TIJ^2)^1/2 + DJ) / 2 + PE
    Total System Jitter     (TSJ):    0.071ns
    Total Input Jitter      (TIJ):    0.000ns
    Discrete Jitter          (DJ):    0.000ns
    Phase Error              (PE):    0.000ns

    Location             Delay type                Incr(ns)  Path(ns)    Netlist Resource(s)
  -------------------------------------------------------------------    -------------------
                         (clock sys_clk_pin rise edge)
                                                      0.000     0.000 r  <hidden>
                         propagated clock network latency
                                                      5.154     5.154    <hidden>
    SLICE_X0Y13          FDRE                         0.000     5.154 r  rst_sync_reg/C
    SLICE_X0Y13          FDRE (Prop_fdre_C_Q)         0.456     5.610 r  rst_sync_reg/Q
                         net (fo=1304, routed)        7.266    12.877    cpu_inst/rst_sync
    SLICE_X13Y40         FDRE                                         r  cpu_inst/regs_reg[2][28]/R
  -------------------------------------------------------------------    -------------------

                         (clock sys_clk_pin rise edge)
                                                     10.000    10.000 r  <hidden>
                         propagated clock network latency
                                                      4.789    14.789    <hidden>
                         clock pessimism              0.260    15.049    <hidden>
                         clock uncertainty           -0.035    15.014    <hidden>
    SLICE_X13Y40         FDRE (Setup_fdre_C_R)       -0.429    14.585    cpu_inst/regs_reg[2][28]
  -------------------------------------------------------------------
                         required time                         14.585    <hidden>
                         arrival time                         -12.877    <hidden>
  -------------------------------------------------------------------
                         slack                                  1.708    <hidden>

Slack (MET) :             1.708ns  (required time - arrival time)
  Source:                 rst_sync_reg/C
                            (rising edge-triggered cell FDRE clocked by sys_clk_pin  {rise@0.000ns fall@5.000ns period=10.000ns})
  Destination:            cpu_inst/regs_reg[2][29]/R
                            (rising edge-triggered cell FDRE clocked by sys_clk_pin  {rise@0.000ns fall@5.000ns period=10.000ns})
  Path Group:             sys_clk_pin
  Path Type:              Setup (Max at Slow Process Corner)
  Requirement:            10.000ns  (sys_clk_pin rise@10.000ns - sys_clk_pin rise@0.000ns)
  Data Path Delay:        7.722ns  (logic 0.456ns (5.905%)  route 7.266ns (94.095%))
  Logic Levels:           0  
  Clock Path Skew:        -0.105ns (DCD - SCD + CPR)
    Destination Clock Delay (DCD):    4.789ns = ( 14.789 - 10.000 ) 
    Source Clock Delay      (SCD):    5.154ns
    Clock Pessimism Removal (CPR):    0.260ns
  Clock Uncertainty:      0.035ns  ((TSJ^2 + TIJ^2)^1/2 + DJ) / 2 + PE
    Total System Jitter     (TSJ):    0.071ns
    Total Input Jitter      (TIJ):    0.000ns
    Discrete Jitter          (DJ):    0.000ns
    Phase Error              (PE):    0.000ns

    Location             Delay type                Incr(ns)  Path(ns)    Netlist Resource(s)
  -------------------------------------------------------------------    -------------------
                         (clock sys_clk_pin rise edge)
                                                      0.000     0.000 r  <hidden>
                         propagated clock network latency
                                                      5.154     5.154    <hidden>
    SLICE_X0Y13          FDRE                         0.000     5.154 r  rst_sync_reg/C
    SLICE_X0Y13          FDRE (Prop_fdre_C_Q)         0.456     5.610 r  rst_sync_reg/Q
                         net (fo=1304, routed)        7.266    12.877    cpu_inst/rst_sync
    SLICE_X13Y40         FDRE                                         r  cpu_inst/regs_reg[2][29]/R
  -------------------------------------------------------------------    -------------------

                         (clock sys_clk_pin rise edge)
                                                     10.000    10.000 r  <hidden>
                         propagated clock network latency
                                                      4.789    14.789    <hidden>
                         clock pessimism              0.260    15.049    <hidden>
                         clock uncertainty           -0.035    15.014    <hidden>
    SLICE_X13Y40         FDRE (Setup_fdre_C_R)       -0.429    14.585    cpu_inst/regs_reg[2][29]
  -------------------------------------------------------------------
                         required time                         14.585    <hidden>
                         arrival time                         -12.877    <hidden>
  -------------------------------------------------------------------
                         slack                                  1.708    <hidden>




