Copyright 1986-2022 Xilinx, Inc. All Rights Reserved. Copyright 2022-2026 Advanced Micro Devices, Inc. All Rights Reserved.
-----------------------------------------------------------------------------------------------------------------------------------------------------------
| Tool Version : Vivado v.2026.1 (win64) Build 6511674 Tue Jun 16 11:02:23 MDT 2026
| Date         : Mon Jul 13 12:07:50 2026
| Host         : DESKTOP-4GB7DVJ running 64-bit major release  (build 9200)
| Command      : report_timing_summary -file reports/phase13e_timing/perf_directive_8p850ns/timing/fpga_top_pipeline_forwardtiming_impl_timing_summary.rpt
| Design       : fpga_top_pipeline_forwardtiming
| Device       : 7a35t-cpg236
| Speed File   : -1  PRODUCTION 1.23 2018-06-13
| Design State : Physopt postRoute
-----------------------------------------------------------------------------------------------------------------------------------------------------------

Timing Summary Report

------------------------------------------------------------------------------------------------
| Timer Settings
| --------------
------------------------------------------------------------------------------------------------

  Enable Multi Corner Analysis               :  Yes
  Enable Pessimism Removal                   :  Yes
  Pessimism Removal Resolution               :  Nearest Common Node
  Enable Input Delay Default Clock           :  No
  Enable Preset / Clear Arcs                 :  No
  Disable Flight Delays                      :  No
  Ignore I/O Paths                           :  No
  Timing Early Launch at Borrowing Latches   :  No
  Borrow Time for Max Delay Exceptions       :  Yes
  Merge Timing Exceptions                    :  Yes
  Inter-SLR Compensation                     :  Conservative

  Corner  Analyze    Analyze    
  Name    Max Paths  Min Paths  
  ------  ---------  ---------  
  Slow    Yes        Yes        
  Fast    Yes        Yes        


------------------------------------------------------------------------------------------------
| Report Methodology
| ------------------
------------------------------------------------------------------------------------------------

No report available as report_methodology has not been run prior. Run report_methodology on the current design for the summary of methodology violations.



check_timing report

Table of Contents
-----------------
1. checking no_clock (0)
2. checking constant_clock (0)
3. checking pulse_width_clock (0)
4. checking unconstrained_internal_endpoints (0)
5. checking no_input_delay (2)
6. checking no_output_delay (16)
7. checking multiple_clock (0)
8. checking generated_clocks (0)
9. checking loops (0)
10. checking partial_input_delay (0)
11. checking partial_output_delay (0)
12. checking latch_loops (0)

1. checking no_clock (0)
------------------------
 There are 0 register/latch pins with no clock.


2. checking constant_clock (0)
------------------------------
 There are 0 register/latch pins with constant_clock.


3. checking pulse_width_clock (0)
---------------------------------
 There are 0 register/latch pins which need pulse_width check


4. checking unconstrained_internal_endpoints (0)
------------------------------------------------
 There are 0 pins that are not constrained for maximum delay.

 There are 0 pins that are not constrained for maximum delay due to constant clock.


5. checking no_input_delay (2)
------------------------------
 There are 2 input ports with no input delay specified. (HIGH)

 There are 0 input ports with no input delay but user has a false path constraint.


6. checking no_output_delay (16)
--------------------------------
 There are 16 ports with no output delay specified. (HIGH)

 There are 0 ports with no output delay but user has a false path constraint

 There are 0 ports with no output delay but with a timing clock defined on it or propagating through it


7. checking multiple_clock (0)
------------------------------
 There are 0 register/latch pins with multiple clocks.


8. checking generated_clocks (0)
--------------------------------
 There are 0 generated clocks that are not connected to a clock source.


9. checking loops (0)
---------------------
 There are 0 combinational loops in the design.


10. checking partial_input_delay (0)
------------------------------------
 There are 0 input ports with partial input delay specified.


11. checking partial_output_delay (0)
-------------------------------------
 There are 0 ports with partial output delay specified.


12. checking latch_loops (0)
----------------------------
 There are 0 combinational latch loops in the design through latch input



------------------------------------------------------------------------------------------------
| Design Timing Summary
| ---------------------
------------------------------------------------------------------------------------------------

    WNS(ns)      TNS(ns)  TNS Failing Endpoints  TNS Total Endpoints      WHS(ns)      THS(ns)  THS Failing Endpoints  THS Total Endpoints     WPWS(ns)     TPWS(ns)  TPWS Failing Endpoints  TPWS Total Endpoints  
    -------      -------  ---------------------  -------------------      -------      -------  ---------------------  -------------------     --------     --------  ----------------------  --------------------  
      0.126        0.000                      0                 3030        0.034        0.000                      0                 3030        3.925        0.000                       0                  1518  


All user specified timing constraints are met.


------------------------------------------------------------------------------------------------
| Clock Summary
| -------------
------------------------------------------------------------------------------------------------

Clock        Waveform(ns)         Period(ns)      Frequency(MHz)
-----        ------------         ----------      --------------
sys_clk_pin  {0.000 4.425}        8.850           112.994         


------------------------------------------------------------------------------------------------
| Intra Clock Table
| -----------------
------------------------------------------------------------------------------------------------

Clock             WNS(ns)      TNS(ns)  TNS Failing Endpoints  TNS Total Endpoints      WHS(ns)      THS(ns)  THS Failing Endpoints  THS Total Endpoints     WPWS(ns)     TPWS(ns)  TPWS Failing Endpoints  TPWS Total Endpoints  
-----             -------      -------  ---------------------  -------------------      -------      -------  ---------------------  -------------------     --------     --------  ----------------------  --------------------  
sys_clk_pin         0.126        0.000                      0                 3030        0.034        0.000                      0                 3030        3.925        0.000                       0                  1518  


------------------------------------------------------------------------------------------------
| Inter Clock Table
| -----------------
------------------------------------------------------------------------------------------------

From Clock    To Clock          WNS(ns)      TNS(ns)  TNS Failing Endpoints  TNS Total Endpoints      WHS(ns)      THS(ns)  THS Failing Endpoints  THS Total Endpoints  
----------    --------          -------      -------  ---------------------  -------------------      -------      -------  ---------------------  -------------------  


------------------------------------------------------------------------------------------------
| Other Path Groups Table
| -----------------------
------------------------------------------------------------------------------------------------

Path Group    From Clock    To Clock          WNS(ns)      TNS(ns)  TNS Failing Endpoints  TNS Total Endpoints      WHS(ns)      THS(ns)  THS Failing Endpoints  THS Total Endpoints  
----------    ----------    --------          -------      -------  ---------------------  -------------------      -------      -------  ---------------------  -------------------  


------------------------------------------------------------------------------------------------
| Timing Details
| --------------
------------------------------------------------------------------------------------------------


---------------------------------------------------------------------------------------------------
From Clock:  sys_clk_pin
  To Clock:  sys_clk_pin

Setup :            0  Failing Endpoints,  Worst Slack        0.126ns,  Total Violation        0.000ns
Hold  :            0  Failing Endpoints,  Worst Slack        0.034ns,  Total Violation        0.000ns
PW    :            0  Failing Endpoints,  Worst Slack        3.925ns,  Total Violation        0.000ns
---------------------------------------------------------------------------------------------------


Max Delay Paths
--------------------------------------------------------------------------------------
Slack (MET) :             0.126ns  (required time - arrival time)
  Source:                 cpu_inst/mem_wb_reg_reg[rd][3]/C
                            (rising edge-triggered cell FDRE clocked by sys_clk_pin  {rise@0.000ns fall@4.425ns period=8.850ns})
  Destination:            cpu_inst/id_ex_reg_reg[operand_b][31]/CE
                            (rising edge-triggered cell FDRE clocked by sys_clk_pin  {rise@0.000ns fall@4.425ns period=8.850ns})
  Path Group:             sys_clk_pin
  Path Type:              Setup (Max at Slow Process Corner)
  Requirement:            8.850ns  (sys_clk_pin rise@8.850ns - sys_clk_pin rise@0.000ns)
  Data Path Delay:        8.439ns  (logic 2.252ns (26.685%)  route 6.187ns (73.315%))
  Logic Levels:           9  (CARRY4=2 LUT3=1 LUT5=4 LUT6=2)
  Clock Path Skew:        -0.044ns (DCD - SCD + CPR)
    Destination Clock Delay (DCD):    4.786ns = ( 13.636 - 8.850 ) 
    Source Clock Delay      (SCD):    5.090ns
    Clock Pessimism Removal (CPR):    0.260ns
  Clock Uncertainty:      0.035ns  ((TSJ^2 + TIJ^2)^1/2 + DJ) / 2 + PE
    Total System Jitter     (TSJ):    0.071ns
    Total Input Jitter      (TIJ):    0.000ns
    Discrete Jitter          (DJ):    0.000ns
    Phase Error              (PE):    0.000ns

    Location             Delay type                Incr(ns)  Path(ns)    Netlist Resource(s)
  -------------------------------------------------------------------    -------------------
                         (clock sys_clk_pin rise edge)
                                                      0.000     0.000 r  <hidden>
    W5                                                0.000     0.000 r  clk
                         net (fo=0)                   0.000     0.000    clk
    W5                   IBUF (Prop_ibuf_I_O)         1.458     1.458 r  clk_IBUF_inst/O
                         net (fo=1, routed)           1.967     3.425    clk_IBUF
    BUFGCTRL_X0Y0        BUFG (Prop_bufg_I_O)         0.096     3.521 r  clk_IBUF_BUFG_inst/O
                         net (fo=1517, routed)        1.569     5.090    cpu_inst/clk_IBUF_BUFG
    SLICE_X9Y4           FDRE                                         r  cpu_inst/mem_wb_reg_reg[rd][3]/C
  -------------------------------------------------------------------    -------------------
    SLICE_X9Y4           FDRE (Prop_fdre_C_Q)         0.456     5.546 f  cpu_inst/mem_wb_reg_reg[rd][3]/Q
                         net (fo=44, routed)          0.929     6.475    cpu_inst/mem_wb_reg_reg[rd][3]
    SLICE_X12Y5          LUT5 (Prop_lut5_I1_O)        0.124     6.599 r  cpu_inst/ex_mem_reg[store_data][28]_i_6_replica/O
                         net (fo=2, routed)           0.823     7.422    cpu_inst/ex_mem_reg[store_data][28]_i_6_n_0_repN
    SLICE_X13Y6          LUT6 (Prop_lut6_I5_O)        0.124     7.546 f  cpu_inst/ex_mem_reg[store_data][23]_i_3/O
                         net (fo=24, routed)          1.216     8.762    cpu_inst/data_mem_inst/ex_mem_reg_reg[store_data][0]
    SLICE_X5Y6           LUT5 (Prop_lut5_I3_O)        0.124     8.886 r  cpu_inst/data_mem_inst/ex_mem_reg[store_data][12]_i_2/O
                         net (fo=1, routed)           0.298     9.185    cpu_inst/data_mem_inst/ex_mem_reg[store_data][12]_i_2_n_0
    SLICE_X6Y6           LUT5 (Prop_lut5_I1_O)        0.124     9.309 r  cpu_inst/data_mem_inst/ex_mem_reg[store_data][12]_i_1/O
                         net (fo=6, routed)           0.886    10.194    cpu_inst/data_mem_inst/ex_store_data[12]
    SLICE_X8Y7           LUT6 (Prop_lut6_I2_O)        0.124    10.318 r  cpu_inst/data_mem_inst/i__carry__0_i_4/O
                         net (fo=1, routed)           0.000    10.318    cpu_inst/data_mem_inst_n_208
    SLICE_X8Y7           CARRY4 (Prop_carry4_S[0]_CO[3])
                                                      0.513    10.831 r  cpu_inst/ex_branch_taken0_inferred__0/i__carry__0/CO[3]
                         net (fo=1, routed)           0.000    10.831    cpu_inst/ex_branch_taken0_inferred__0/i__carry__0_n_0
    SLICE_X8Y8           CARRY4 (Prop_carry4_CI_CO[2])
                                                      0.229    11.060 f  cpu_inst/ex_branch_taken0_inferred__0/i__carry__1/CO[2]
                         net (fo=46, routed)          0.791    11.851    cpu_inst/data_mem_inst/CO[0]
    SLICE_X8Y12          LUT5 (Prop_lut5_I0_O)        0.310    12.161 r  cpu_inst/data_mem_inst/id_ex_reg[imm_ext][12]_i_3_replica/O
                         net (fo=1, routed)           0.410    12.571    cpu_inst/data_mem_inst/id_ex_reg[imm_ext][12]_i_3_n_0_repN
    SLICE_X11Y12         LUT3 (Prop_lut3_I0_O)        0.124    12.695 r  cpu_inst/data_mem_inst/id_ex_reg[imm_ext][12]_i_1_rewire/O
                         net (fo=129, routed)         0.835    13.529    cpu_inst/data_mem_inst_n_14
    SLICE_X15Y13         FDRE                                         r  cpu_inst/id_ex_reg_reg[operand_b][31]/CE
  -------------------------------------------------------------------    -------------------

                         (clock sys_clk_pin rise edge)
                                                      8.850     8.850 r  <hidden>
    W5                                                0.000     8.850 r  clk
                         net (fo=0)                   0.000     8.850    clk
    W5                   IBUF (Prop_ibuf_I_O)         1.388    10.238 r  clk_IBUF_inst/O
                         net (fo=1, routed)           1.862    12.100    clk_IBUF
    BUFGCTRL_X0Y0        BUFG (Prop_bufg_I_O)         0.091    12.191 r  clk_IBUF_BUFG_inst/O
                         net (fo=1517, routed)        1.445    13.636    cpu_inst/clk_IBUF_BUFG
    SLICE_X15Y13         FDRE                                         r  cpu_inst/id_ex_reg_reg[operand_b][31]/C
                         clock pessimism              0.260    13.896    <hidden>
                         clock uncertainty           -0.035    13.861    <hidden>
    SLICE_X15Y13         FDRE (Setup_fdre_C_CE)      -0.205    13.656    cpu_inst/id_ex_reg_reg[operand_b][31]
  -------------------------------------------------------------------
                         required time                         13.656    <hidden>
                         arrival time                         -13.529    <hidden>
  -------------------------------------------------------------------
                         slack                                  0.126    <hidden>





Min Delay Paths
--------------------------------------------------------------------------------------
Slack (MET) :             0.034ns  (arrival time - required time)
  Source:                 cpu_inst/ex_mem_reg_reg[store_data][23]/C
                            (rising edge-triggered cell FDRE clocked by sys_clk_pin  {rise@0.000ns fall@4.425ns period=8.850ns})
  Destination:            cpu_inst/data_mem_inst/mem_reg/DIBDI[5]
                            (rising edge-triggered cell RAMB18E1 clocked by sys_clk_pin  {rise@0.000ns fall@4.425ns period=8.850ns})
  Path Group:             sys_clk_pin
  Path Type:              Hold (Min at Fast Process Corner)
  Requirement:            0.000ns  (sys_clk_pin rise@0.000ns - sys_clk_pin rise@0.000ns)
  Data Path Delay:        0.248ns  (logic 0.141ns (56.898%)  route 0.107ns (43.102%))
  Logic Levels:           0  
  Clock Path Skew:        0.058ns (DCD - SCD - CPR)
    Destination Clock Delay (DCD):    2.006ns
    Source Clock Delay      (SCD):    1.449ns
    Clock Pessimism Removal (CPR):    0.498ns

    Location             Delay type                Incr(ns)  Path(ns)    Netlist Resource(s)
  -------------------------------------------------------------------    -------------------
                         (clock sys_clk_pin rise edge)
                                                      0.000     0.000 r  <hidden>
    W5                                                0.000     0.000 r  clk
                         net (fo=0)                   0.000     0.000    clk
    W5                   IBUF (Prop_ibuf_I_O)         0.226     0.226 r  clk_IBUF_inst/O
                         net (fo=1, routed)           0.631     0.858    clk_IBUF
    BUFGCTRL_X0Y0        BUFG (Prop_bufg_I_O)         0.026     0.884 r  clk_IBUF_BUFG_inst/O
                         net (fo=1517, routed)        0.566     1.449    cpu_inst/clk_IBUF_BUFG
    SLICE_X9Y6           FDRE                                         r  cpu_inst/ex_mem_reg_reg[store_data][23]/C
  -------------------------------------------------------------------    -------------------
    SLICE_X9Y6           FDRE (Prop_fdre_C_Q)         0.141     1.590 r  cpu_inst/ex_mem_reg_reg[store_data][23]/Q
                         net (fo=1, routed)           0.107     1.697    cpu_inst/data_mem_inst/mem_reg_2[23]
    RAMB18_X0Y2          RAMB18E1                                     r  cpu_inst/data_mem_inst/mem_reg/DIBDI[5]
  -------------------------------------------------------------------    -------------------

                         (clock sys_clk_pin rise edge)
                                                      0.000     0.000 r  <hidden>
    W5                                                0.000     0.000 r  clk
                         net (fo=0)                   0.000     0.000    clk
    W5                   IBUF (Prop_ibuf_I_O)         0.414     0.414 r  clk_IBUF_inst/O
                         net (fo=1, routed)           0.685     1.099    clk_IBUF
    BUFGCTRL_X0Y0        BUFG (Prop_bufg_I_O)         0.029     1.128 r  clk_IBUF_BUFG_inst/O
                         net (fo=1517, routed)        0.878     2.006    cpu_inst/data_mem_inst/clk_IBUF_BUFG
    RAMB18_X0Y2          RAMB18E1                                     r  cpu_inst/data_mem_inst/mem_reg/CLKBWRCLK
                         clock pessimism             -0.498     1.508    <hidden>
    RAMB18_X0Y2          RAMB18E1 (Hold_ramb18e1_CLKBWRCLK_DIBDI[5])
                                                      0.155     1.663    cpu_inst/data_mem_inst/mem_reg
  -------------------------------------------------------------------
                         required time                         -1.663    <hidden>
                         arrival time                           1.697    <hidden>
  -------------------------------------------------------------------
                         slack                                  0.034    <hidden>





Pulse Width Checks
--------------------------------------------------------------------------------------
Clock Name:         sys_clk_pin
Waveform(ns):       { 0.000 4.425 }
Period(ns):         8.850
Sources:            { clk }

Check Type        Corner  Lib Pin             Reference Pin  Required(ns)  Actual(ns)  Slack(ns)  Location     Pin
Min Period        n/a     RAMB18E1/CLKARDCLK  n/a            2.944         8.850       5.906      RAMB18_X0Y2  cpu_inst/data_mem_inst/mem_reg/CLKARDCLK
Low Pulse Width   Slow    FDRE/C              n/a            0.500         4.425       3.925      SLICE_X15Y6  cpu_inst/ex_mem_reg_reg[alu_result][0]/C
High Pulse Width  Slow    FDRE/C              n/a            0.500         4.425       3.925      SLICE_X15Y6  cpu_inst/ex_mem_reg_reg[alu_result][0]/C



