Copyright 1986-2022 Xilinx, Inc. All Rights Reserved. Copyright 2022-2026 Advanced Micro Devices, Inc. All Rights Reserved.
------------------------------------------------------------------------------------------------------------------------------------------------------------------------------
| Tool Version : Vivado v.2026.1 (win64) Build 6511674 Tue Jun 16 11:02:23 MDT 2026
| Date         : Mon Jul 13 12:07:50 2026
| Host         : DESKTOP-4GB7DVJ running 64-bit major release  (build 9200)
| Command      : report_timing -max_paths 10 -path_type full -file reports/phase13e_timing/perf_directive_8p850ns/timing/fpga_top_pipeline_forwardtiming_impl_worst_paths.rpt
| Design       : fpga_top_pipeline_forwardtiming
| Device       : 7a35t-cpg236
| Speed File   : -1  PRODUCTION 1.23 2018-06-13
| Design State : Physopt postRoute
------------------------------------------------------------------------------------------------------------------------------------------------------------------------------

Timing Report

Slack (MET) :             0.126ns  (required time - arrival time)
  Source:                 cpu_inst/mem_wb_reg_reg[rd][3]/C
                            (rising edge-triggered cell FDRE clocked by sys_clk_pin  {rise@0.000ns fall@4.425ns period=8.850ns})
  Destination:            cpu_inst/id_ex_reg_reg[operand_b][31]/CE
                            (rising edge-triggered cell FDRE clocked by sys_clk_pin  {rise@0.000ns fall@4.425ns period=8.850ns})
  Path Group:             sys_clk_pin
  Path Type:              Setup (Max at Slow Process Corner)
  Requirement:            8.850ns  (sys_clk_pin rise@8.850ns - sys_clk_pin rise@0.000ns)
  Data Path Delay:        8.439ns  (logic 2.252ns (26.685%)  route 6.187ns (73.315%))
  Logic Levels:           9  (CARRY4=2 LUT3=1 LUT5=4 LUT6=2)
  Clock Path Skew:        -0.044ns (DCD - SCD + CPR)
    Destination Clock Delay (DCD):    4.786ns = ( 13.636 - 8.850 ) 
    Source Clock Delay      (SCD):    5.090ns
    Clock Pessimism Removal (CPR):    0.260ns
  Clock Uncertainty:      0.035ns  ((TSJ^2 + TIJ^2)^1/2 + DJ) / 2 + PE
    Total System Jitter     (TSJ):    0.071ns
    Total Input Jitter      (TIJ):    0.000ns
    Discrete Jitter          (DJ):    0.000ns
    Phase Error              (PE):    0.000ns

    Location             Delay type                Incr(ns)  Path(ns)    Netlist Resource(s)
  -------------------------------------------------------------------    -------------------
                         (clock sys_clk_pin rise edge)
                                                      0.000     0.000 r  <hidden>
                         propagated clock network latency
                                                      5.090     5.090    <hidden>
    SLICE_X9Y4           FDRE                         0.000     5.090 r  cpu_inst/mem_wb_reg_reg[rd][3]/C
    SLICE_X9Y4           FDRE (Prop_fdre_C_Q)         0.456     5.546 f  cpu_inst/mem_wb_reg_reg[rd][3]/Q
                         net (fo=44, routed)          0.929     6.475    cpu_inst/mem_wb_reg_reg[rd][3]
    SLICE_X12Y5          LUT5 (Prop_lut5_I1_O)        0.124     6.599 r  cpu_inst/ex_mem_reg[store_data][28]_i_6_replica/O
                         net (fo=2, routed)           0.823     7.422    cpu_inst/ex_mem_reg[store_data][28]_i_6_n_0_repN
    SLICE_X13Y6          LUT6 (Prop_lut6_I5_O)        0.124     7.546 f  cpu_inst/ex_mem_reg[store_data][23]_i_3/O
                         net (fo=24, routed)          1.216     8.762    cpu_inst/data_mem_inst/ex_mem_reg_reg[store_data][0]
    SLICE_X5Y6           LUT5 (Prop_lut5_I3_O)        0.124     8.886 r  cpu_inst/data_mem_inst/ex_mem_reg[store_data][12]_i_2/O
                         net (fo=1, routed)           0.298     9.185    cpu_inst/data_mem_inst/ex_mem_reg[store_data][12]_i_2_n_0
    SLICE_X6Y6           LUT5 (Prop_lut5_I1_O)        0.124     9.309 r  cpu_inst/data_mem_inst/ex_mem_reg[store_data][12]_i_1/O
                         net (fo=6, routed)           0.886    10.194    cpu_inst/data_mem_inst/ex_store_data[12]
    SLICE_X8Y7           LUT6 (Prop_lut6_I2_O)        0.124    10.318 r  cpu_inst/data_mem_inst/i__carry__0_i_4/O
                         net (fo=1, routed)           0.000    10.318    cpu_inst/data_mem_inst_n_208
    SLICE_X8Y7           CARRY4 (Prop_carry4_S[0]_CO[3])
                                                      0.513    10.831 r  cpu_inst/ex_branch_taken0_inferred__0/i__carry__0/CO[3]
                         net (fo=1, routed)           0.000    10.831    cpu_inst/ex_branch_taken0_inferred__0/i__carry__0_n_0
    SLICE_X8Y8           CARRY4 (Prop_carry4_CI_CO[2])
                                                      0.229    11.060 f  cpu_inst/ex_branch_taken0_inferred__0/i__carry__1/CO[2]
                         net (fo=46, routed)          0.791    11.851    cpu_inst/data_mem_inst/CO[0]
    SLICE_X8Y12          LUT5 (Prop_lut5_I0_O)        0.310    12.161 r  cpu_inst/data_mem_inst/id_ex_reg[imm_ext][12]_i_3_replica/O
                         net (fo=1, routed)           0.410    12.571    cpu_inst/data_mem_inst/id_ex_reg[imm_ext][12]_i_3_n_0_repN
    SLICE_X11Y12         LUT3 (Prop_lut3_I0_O)        0.124    12.695 r  cpu_inst/data_mem_inst/id_ex_reg[imm_ext][12]_i_1_rewire/O
                         net (fo=129, routed)         0.835    13.529    cpu_inst/data_mem_inst_n_14
    SLICE_X15Y13         FDRE                                         r  cpu_inst/id_ex_reg_reg[operand_b][31]/CE
  -------------------------------------------------------------------    -------------------

                         (clock sys_clk_pin rise edge)
                                                      8.850     8.850 r  <hidden>
                         propagated clock network latency
                                                      4.786    13.636    <hidden>
                         clock pessimism              0.260    13.896    <hidden>
                         clock uncertainty           -0.035    13.861    <hidden>
    SLICE_X15Y13         FDRE (Setup_fdre_C_CE)      -0.205    13.656    cpu_inst/id_ex_reg_reg[operand_b][31]
  -------------------------------------------------------------------
                         required time                         13.656    <hidden>
                         arrival time                         -13.529    <hidden>
  -------------------------------------------------------------------
                         slack                                  0.126    <hidden>

Slack (MET) :             0.126ns  (required time - arrival time)
  Source:                 cpu_inst/mem_wb_reg_reg[rd][3]/C
                            (rising edge-triggered cell FDRE clocked by sys_clk_pin  {rise@0.000ns fall@4.425ns period=8.850ns})
  Destination:            cpu_inst/id_ex_reg_reg[operand_b][5]/CE
                            (rising edge-triggered cell FDRE clocked by sys_clk_pin  {rise@0.000ns fall@4.425ns period=8.850ns})
  Path Group:             sys_clk_pin
  Path Type:              Setup (Max at Slow Process Corner)
  Requirement:            8.850ns  (sys_clk_pin rise@8.850ns - sys_clk_pin rise@0.000ns)
  Data Path Delay:        8.439ns  (logic 2.252ns (26.685%)  route 6.187ns (73.315%))
  Logic Levels:           9  (CARRY4=2 LUT3=1 LUT5=4 LUT6=2)
  Clock Path Skew:        -0.044ns (DCD - SCD + CPR)
    Destination Clock Delay (DCD):    4.786ns = ( 13.636 - 8.850 ) 
    Source Clock Delay      (SCD):    5.090ns
    Clock Pessimism Removal (CPR):    0.260ns
  Clock Uncertainty:      0.035ns  ((TSJ^2 + TIJ^2)^1/2 + DJ) / 2 + PE
    Total System Jitter     (TSJ):    0.071ns
    Total Input Jitter      (TIJ):    0.000ns
    Discrete Jitter          (DJ):    0.000ns
    Phase Error              (PE):    0.000ns

    Location             Delay type                Incr(ns)  Path(ns)    Netlist Resource(s)
  -------------------------------------------------------------------    -------------------
                         (clock sys_clk_pin rise edge)
                                                      0.000     0.000 r  <hidden>
                         propagated clock network latency
                                                      5.090     5.090    <hidden>
    SLICE_X9Y4           FDRE                         0.000     5.090 r  cpu_inst/mem_wb_reg_reg[rd][3]/C
    SLICE_X9Y4           FDRE (Prop_fdre_C_Q)         0.456     5.546 f  cpu_inst/mem_wb_reg_reg[rd][3]/Q
                         net (fo=44, routed)          0.929     6.475    cpu_inst/mem_wb_reg_reg[rd][3]
    SLICE_X12Y5          LUT5 (Prop_lut5_I1_O)        0.124     6.599 r  cpu_inst/ex_mem_reg[store_data][28]_i_6_replica/O
                         net (fo=2, routed)           0.823     7.422    cpu_inst/ex_mem_reg[store_data][28]_i_6_n_0_repN
    SLICE_X13Y6          LUT6 (Prop_lut6_I5_O)        0.124     7.546 f  cpu_inst/ex_mem_reg[store_data][23]_i_3/O
                         net (fo=24, routed)          1.216     8.762    cpu_inst/data_mem_inst/ex_mem_reg_reg[store_data][0]
    SLICE_X5Y6           LUT5 (Prop_lut5_I3_O)        0.124     8.886 r  cpu_inst/data_mem_inst/ex_mem_reg[store_data][12]_i_2/O
                         net (fo=1, routed)           0.298     9.185    cpu_inst/data_mem_inst/ex_mem_reg[store_data][12]_i_2_n_0
    SLICE_X6Y6           LUT5 (Prop_lut5_I1_O)        0.124     9.309 r  cpu_inst/data_mem_inst/ex_mem_reg[store_data][12]_i_1/O
                         net (fo=6, routed)           0.886    10.194    cpu_inst/data_mem_inst/ex_store_data[12]
    SLICE_X8Y7           LUT6 (Prop_lut6_I2_O)        0.124    10.318 r  cpu_inst/data_mem_inst/i__carry__0_i_4/O
                         net (fo=1, routed)           0.000    10.318    cpu_inst/data_mem_inst_n_208
    SLICE_X8Y7           CARRY4 (Prop_carry4_S[0]_CO[3])
                                                      0.513    10.831 r  cpu_inst/ex_branch_taken0_inferred__0/i__carry__0/CO[3]
                         net (fo=1, routed)           0.000    10.831    cpu_inst/ex_branch_taken0_inferred__0/i__carry__0_n_0
    SLICE_X8Y8           CARRY4 (Prop_carry4_CI_CO[2])
                                                      0.229    11.060 f  cpu_inst/ex_branch_taken0_inferred__0/i__carry__1/CO[2]
                         net (fo=46, routed)          0.791    11.851    cpu_inst/data_mem_inst/CO[0]
    SLICE_X8Y12          LUT5 (Prop_lut5_I0_O)        0.310    12.161 r  cpu_inst/data_mem_inst/id_ex_reg[imm_ext][12]_i_3_replica/O
                         net (fo=1, routed)           0.410    12.571    cpu_inst/data_mem_inst/id_ex_reg[imm_ext][12]_i_3_n_0_repN
    SLICE_X11Y12         LUT3 (Prop_lut3_I0_O)        0.124    12.695 r  cpu_inst/data_mem_inst/id_ex_reg[imm_ext][12]_i_1_rewire/O
                         net (fo=129, routed)         0.835    13.529    cpu_inst/data_mem_inst_n_14
    SLICE_X15Y13         FDRE                                         r  cpu_inst/id_ex_reg_reg[operand_b][5]/CE
  -------------------------------------------------------------------    -------------------

                         (clock sys_clk_pin rise edge)
                                                      8.850     8.850 r  <hidden>
                         propagated clock network latency
                                                      4.786    13.636    <hidden>
                         clock pessimism              0.260    13.896    <hidden>
                         clock uncertainty           -0.035    13.861    <hidden>
    SLICE_X15Y13         FDRE (Setup_fdre_C_CE)      -0.205    13.656    cpu_inst/id_ex_reg_reg[operand_b][5]
  -------------------------------------------------------------------
                         required time                         13.656    <hidden>
                         arrival time                         -13.529    <hidden>
  -------------------------------------------------------------------
                         slack                                  0.126    <hidden>

Slack (MET) :             0.126ns  (required time - arrival time)
  Source:                 cpu_inst/mem_wb_reg_reg[rd][3]/C
                            (rising edge-triggered cell FDRE clocked by sys_clk_pin  {rise@0.000ns fall@4.425ns period=8.850ns})
  Destination:            cpu_inst/id_ex_reg_reg[operand_b][6]/CE
                            (rising edge-triggered cell FDRE clocked by sys_clk_pin  {rise@0.000ns fall@4.425ns period=8.850ns})
  Path Group:             sys_clk_pin
  Path Type:              Setup (Max at Slow Process Corner)
  Requirement:            8.850ns  (sys_clk_pin rise@8.850ns - sys_clk_pin rise@0.000ns)
  Data Path Delay:        8.439ns  (logic 2.252ns (26.685%)  route 6.187ns (73.315%))
  Logic Levels:           9  (CARRY4=2 LUT3=1 LUT5=4 LUT6=2)
  Clock Path Skew:        -0.044ns (DCD - SCD + CPR)
    Destination Clock Delay (DCD):    4.786ns = ( 13.636 - 8.850 ) 
    Source Clock Delay      (SCD):    5.090ns
    Clock Pessimism Removal (CPR):    0.260ns
  Clock Uncertainty:      0.035ns  ((TSJ^2 + TIJ^2)^1/2 + DJ) / 2 + PE
    Total System Jitter     (TSJ):    0.071ns
    Total Input Jitter      (TIJ):    0.000ns
    Discrete Jitter          (DJ):    0.000ns
    Phase Error              (PE):    0.000ns

    Location             Delay type                Incr(ns)  Path(ns)    Netlist Resource(s)
  -------------------------------------------------------------------    -------------------
                         (clock sys_clk_pin rise edge)
                                                      0.000     0.000 r  <hidden>
                         propagated clock network latency
                                                      5.090     5.090    <hidden>
    SLICE_X9Y4           FDRE                         0.000     5.090 r  cpu_inst/mem_wb_reg_reg[rd][3]/C
    SLICE_X9Y4           FDRE (Prop_fdre_C_Q)         0.456     5.546 f  cpu_inst/mem_wb_reg_reg[rd][3]/Q
                         net (fo=44, routed)          0.929     6.475    cpu_inst/mem_wb_reg_reg[rd][3]
    SLICE_X12Y5          LUT5 (Prop_lut5_I1_O)        0.124     6.599 r  cpu_inst/ex_mem_reg[store_data][28]_i_6_replica/O
                         net (fo=2, routed)           0.823     7.422    cpu_inst/ex_mem_reg[store_data][28]_i_6_n_0_repN
    SLICE_X13Y6          LUT6 (Prop_lut6_I5_O)        0.124     7.546 f  cpu_inst/ex_mem_reg[store_data][23]_i_3/O
                         net (fo=24, routed)          1.216     8.762    cpu_inst/data_mem_inst/ex_mem_reg_reg[store_data][0]
    SLICE_X5Y6           LUT5 (Prop_lut5_I3_O)        0.124     8.886 r  cpu_inst/data_mem_inst/ex_mem_reg[store_data][12]_i_2/O
                         net (fo=1, routed)           0.298     9.185    cpu_inst/data_mem_inst/ex_mem_reg[store_data][12]_i_2_n_0
    SLICE_X6Y6           LUT5 (Prop_lut5_I1_O)        0.124     9.309 r  cpu_inst/data_mem_inst/ex_mem_reg[store_data][12]_i_1/O
                         net (fo=6, routed)           0.886    10.194    cpu_inst/data_mem_inst/ex_store_data[12]
    SLICE_X8Y7           LUT6 (Prop_lut6_I2_O)        0.124    10.318 r  cpu_inst/data_mem_inst/i__carry__0_i_4/O
                         net (fo=1, routed)           0.000    10.318    cpu_inst/data_mem_inst_n_208
    SLICE_X8Y7           CARRY4 (Prop_carry4_S[0]_CO[3])
                                                      0.513    10.831 r  cpu_inst/ex_branch_taken0_inferred__0/i__carry__0/CO[3]
                         net (fo=1, routed)           0.000    10.831    cpu_inst/ex_branch_taken0_inferred__0/i__carry__0_n_0
    SLICE_X8Y8           CARRY4 (Prop_carry4_CI_CO[2])
                                                      0.229    11.060 f  cpu_inst/ex_branch_taken0_inferred__0/i__carry__1/CO[2]
                         net (fo=46, routed)          0.791    11.851    cpu_inst/data_mem_inst/CO[0]
    SLICE_X8Y12          LUT5 (Prop_lut5_I0_O)        0.310    12.161 r  cpu_inst/data_mem_inst/id_ex_reg[imm_ext][12]_i_3_replica/O
                         net (fo=1, routed)           0.410    12.571    cpu_inst/data_mem_inst/id_ex_reg[imm_ext][12]_i_3_n_0_repN
    SLICE_X11Y12         LUT3 (Prop_lut3_I0_O)        0.124    12.695 r  cpu_inst/data_mem_inst/id_ex_reg[imm_ext][12]_i_1_rewire/O
                         net (fo=129, routed)         0.835    13.529    cpu_inst/data_mem_inst_n_14
    SLICE_X15Y13         FDRE                                         r  cpu_inst/id_ex_reg_reg[operand_b][6]/CE
  -------------------------------------------------------------------    -------------------

                         (clock sys_clk_pin rise edge)
                                                      8.850     8.850 r  <hidden>
                         propagated clock network latency
                                                      4.786    13.636    <hidden>
                         clock pessimism              0.260    13.896    <hidden>
                         clock uncertainty           -0.035    13.861    <hidden>
    SLICE_X15Y13         FDRE (Setup_fdre_C_CE)      -0.205    13.656    cpu_inst/id_ex_reg_reg[operand_b][6]
  -------------------------------------------------------------------
                         required time                         13.656    <hidden>
                         arrival time                         -13.529    <hidden>
  -------------------------------------------------------------------
                         slack                                  0.126    <hidden>

Slack (MET) :             0.134ns  (required time - arrival time)
  Source:                 cpu_inst/mem_wb_reg_reg[rd][3]/C
                            (rising edge-triggered cell FDRE clocked by sys_clk_pin  {rise@0.000ns fall@4.425ns period=8.850ns})
  Destination:            cpu_inst/fetch_buffer_pc_reg[17]/CE
                            (rising edge-triggered cell FDRE clocked by sys_clk_pin  {rise@0.000ns fall@4.425ns period=8.850ns})
  Path Group:             sys_clk_pin
  Path Type:              Setup (Max at Slow Process Corner)
  Requirement:            8.850ns  (sys_clk_pin rise@8.850ns - sys_clk_pin rise@0.000ns)
  Data Path Delay:        8.427ns  (logic 2.252ns (26.722%)  route 6.175ns (73.278%))
  Logic Levels:           9  (CARRY4=2 LUT4=1 LUT5=3 LUT6=3)
  Clock Path Skew:        -0.048ns (DCD - SCD + CPR)
    Destination Clock Delay (DCD):    4.782ns = ( 13.632 - 8.850 ) 
    Source Clock Delay      (SCD):    5.090ns
    Clock Pessimism Removal (CPR):    0.260ns
  Clock Uncertainty:      0.035ns  ((TSJ^2 + TIJ^2)^1/2 + DJ) / 2 + PE
    Total System Jitter     (TSJ):    0.071ns
    Total Input Jitter      (TIJ):    0.000ns
    Discrete Jitter          (DJ):    0.000ns
    Phase Error              (PE):    0.000ns

    Location             Delay type                Incr(ns)  Path(ns)    Netlist Resource(s)
  -------------------------------------------------------------------    -------------------
                         (clock sys_clk_pin rise edge)
                                                      0.000     0.000 r  <hidden>
                         propagated clock network latency
                                                      5.090     5.090    <hidden>
    SLICE_X9Y4           FDRE                         0.000     5.090 r  cpu_inst/mem_wb_reg_reg[rd][3]/C
    SLICE_X9Y4           FDRE (Prop_fdre_C_Q)         0.456     5.546 f  cpu_inst/mem_wb_reg_reg[rd][3]/Q
                         net (fo=44, routed)          0.929     6.475    cpu_inst/mem_wb_reg_reg[rd][3]
    SLICE_X12Y5          LUT5 (Prop_lut5_I1_O)        0.124     6.599 r  cpu_inst/ex_mem_reg[store_data][28]_i_6_replica/O
                         net (fo=2, routed)           0.823     7.422    cpu_inst/ex_mem_reg[store_data][28]_i_6_n_0_repN
    SLICE_X13Y6          LUT6 (Prop_lut6_I5_O)        0.124     7.546 f  cpu_inst/ex_mem_reg[store_data][23]_i_3/O
                         net (fo=24, routed)          1.216     8.762    cpu_inst/data_mem_inst/ex_mem_reg_reg[store_data][0]
    SLICE_X5Y6           LUT5 (Prop_lut5_I3_O)        0.124     8.886 r  cpu_inst/data_mem_inst/ex_mem_reg[store_data][12]_i_2/O
                         net (fo=1, routed)           0.298     9.185    cpu_inst/data_mem_inst/ex_mem_reg[store_data][12]_i_2_n_0
    SLICE_X6Y6           LUT5 (Prop_lut5_I1_O)        0.124     9.309 r  cpu_inst/data_mem_inst/ex_mem_reg[store_data][12]_i_1/O
                         net (fo=6, routed)           0.886    10.194    cpu_inst/data_mem_inst/ex_store_data[12]
    SLICE_X8Y7           LUT6 (Prop_lut6_I2_O)        0.124    10.318 r  cpu_inst/data_mem_inst/i__carry__0_i_4/O
                         net (fo=1, routed)           0.000    10.318    cpu_inst/data_mem_inst_n_208
    SLICE_X8Y7           CARRY4 (Prop_carry4_S[0]_CO[3])
                                                      0.513    10.831 r  cpu_inst/ex_branch_taken0_inferred__0/i__carry__0/CO[3]
                         net (fo=1, routed)           0.000    10.831    cpu_inst/ex_branch_taken0_inferred__0/i__carry__0_n_0
    SLICE_X8Y8           CARRY4 (Prop_carry4_CI_CO[2])
                                                      0.229    11.060 f  cpu_inst/ex_branch_taken0_inferred__0/i__carry__1/CO[2]
                         net (fo=46, routed)          0.576    11.636    cpu_inst/data_mem_inst/CO[0]
    SLICE_X8Y5           LUT4 (Prop_lut4_I3_O)        0.310    11.946 f  cpu_inst/data_mem_inst/fetch_buffer_instruction[31]_i_2/O
                         net (fo=8, routed)           0.444    12.390    cpu_inst/data_mem_inst/fetch_buffer_instruction[31]_i_2_n_0
    SLICE_X9Y4           LUT6 (Prop_lut6_I4_O)        0.124    12.514 r  cpu_inst/data_mem_inst/fetch_buffer_instruction[31]_i_1_replica/O
                         net (fo=59, routed)          1.004    13.518    cpu_inst/fetch_pending_valid_reg_0[0]_repN_alias
    SLICE_X11Y18         FDRE                                         r  cpu_inst/fetch_buffer_pc_reg[17]/CE
  -------------------------------------------------------------------    -------------------

                         (clock sys_clk_pin rise edge)
                                                      8.850     8.850 r  <hidden>
                         propagated clock network latency
                                                      4.782    13.632    <hidden>
                         clock pessimism              0.260    13.892    <hidden>
                         clock uncertainty           -0.035    13.857    <hidden>
    SLICE_X11Y18         FDRE (Setup_fdre_C_CE)      -0.205    13.652    cpu_inst/fetch_buffer_pc_reg[17]
  -------------------------------------------------------------------
                         required time                         13.652    <hidden>
                         arrival time                         -13.518    <hidden>
  -------------------------------------------------------------------
                         slack                                  0.134    <hidden>

Slack (MET) :             0.152ns  (required time - arrival time)
  Source:                 cpu_inst/mem_wb_reg_reg[rd][3]/C
                            (rising edge-triggered cell FDRE clocked by sys_clk_pin  {rise@0.000ns fall@4.425ns period=8.850ns})
  Destination:            cpu_inst/fetch_pending_pc_reg[19]/CE
                            (rising edge-triggered cell FDRE clocked by sys_clk_pin  {rise@0.000ns fall@4.425ns period=8.850ns})
  Path Group:             sys_clk_pin
  Path Type:              Setup (Max at Slow Process Corner)
  Requirement:            8.850ns  (sys_clk_pin rise@8.850ns - sys_clk_pin rise@0.000ns)
  Data Path Delay:        8.482ns  (logic 2.252ns (26.551%)  route 6.230ns (73.449%))
  Logic Levels:           9  (CARRY4=2 LUT2=1 LUT5=3 LUT6=3)
  Clock Path Skew:        0.024ns (DCD - SCD + CPR)
    Destination Clock Delay (DCD):    4.854ns = ( 13.704 - 8.850 ) 
    Source Clock Delay      (SCD):    5.090ns
    Clock Pessimism Removal (CPR):    0.260ns
  Clock Uncertainty:      0.035ns  ((TSJ^2 + TIJ^2)^1/2 + DJ) / 2 + PE
    Total System Jitter     (TSJ):    0.071ns
    Total Input Jitter      (TIJ):    0.000ns
    Discrete Jitter          (DJ):    0.000ns
    Phase Error              (PE):    0.000ns

    Location             Delay type                Incr(ns)  Path(ns)    Netlist Resource(s)
  -------------------------------------------------------------------    -------------------
                         (clock sys_clk_pin rise edge)
                                                      0.000     0.000 r  <hidden>
                         propagated clock network latency
                                                      5.090     5.090    <hidden>
    SLICE_X9Y4           FDRE                         0.000     5.090 r  cpu_inst/mem_wb_reg_reg[rd][3]/C
    SLICE_X9Y4           FDRE (Prop_fdre_C_Q)         0.456     5.546 f  cpu_inst/mem_wb_reg_reg[rd][3]/Q
                         net (fo=44, routed)          0.929     6.475    cpu_inst/mem_wb_reg_reg[rd][3]
    SLICE_X12Y5          LUT5 (Prop_lut5_I1_O)        0.124     6.599 r  cpu_inst/ex_mem_reg[store_data][28]_i_6_replica/O
                         net (fo=2, routed)           0.823     7.422    cpu_inst/ex_mem_reg[store_data][28]_i_6_n_0_repN
    SLICE_X13Y6          LUT6 (Prop_lut6_I5_O)        0.124     7.546 f  cpu_inst/ex_mem_reg[store_data][23]_i_3/O
                         net (fo=24, routed)          1.216     8.762    cpu_inst/data_mem_inst/ex_mem_reg_reg[store_data][0]
    SLICE_X5Y6           LUT5 (Prop_lut5_I3_O)        0.124     8.886 r  cpu_inst/data_mem_inst/ex_mem_reg[store_data][12]_i_2/O
                         net (fo=1, routed)           0.298     9.185    cpu_inst/data_mem_inst/ex_mem_reg[store_data][12]_i_2_n_0
    SLICE_X6Y6           LUT5 (Prop_lut5_I1_O)        0.124     9.309 r  cpu_inst/data_mem_inst/ex_mem_reg[store_data][12]_i_1/O
                         net (fo=6, routed)           0.886    10.194    cpu_inst/data_mem_inst/ex_store_data[12]
    SLICE_X8Y7           LUT6 (Prop_lut6_I2_O)        0.124    10.318 r  cpu_inst/data_mem_inst/i__carry__0_i_4/O
                         net (fo=1, routed)           0.000    10.318    cpu_inst/data_mem_inst_n_208
    SLICE_X8Y7           CARRY4 (Prop_carry4_S[0]_CO[3])
                                                      0.513    10.831 r  cpu_inst/ex_branch_taken0_inferred__0/i__carry__0/CO[3]
                         net (fo=1, routed)           0.000    10.831    cpu_inst/ex_branch_taken0_inferred__0/i__carry__0_n_0
    SLICE_X8Y8           CARRY4 (Prop_carry4_CI_CO[2])
                                                      0.229    11.060 f  cpu_inst/ex_branch_taken0_inferred__0/i__carry__1/CO[2]
                         net (fo=46, routed)          0.724    11.784    cpu_inst/data_mem_inst/CO[0]
    SLICE_X8Y12          LUT6 (Prop_lut6_I3_O)        0.310    12.094 r  cpu_inst/data_mem_inst/fetch_pc[31]_i_1/O
                         net (fo=32, routed)          0.665    12.759    cpu_inst/data_mem_inst/id_ex_reg_reg[valid]_1[0]
    SLICE_X2Y11          LUT2 (Prop_lut2_I0_O)        0.124    12.883 r  cpu_inst/data_mem_inst/fetch_pending_pc[31]_i_1/O
                         net (fo=31, routed)          0.689    13.572    cpu_inst/data_mem_inst_n_158
    SLICE_X1Y15          FDRE                                         r  cpu_inst/fetch_pending_pc_reg[19]/CE
  -------------------------------------------------------------------    -------------------

                         (clock sys_clk_pin rise edge)
                                                      8.850     8.850 r  <hidden>
                         propagated clock network latency
                                                      4.854    13.704    <hidden>
                         clock pessimism              0.260    13.964    <hidden>
                         clock uncertainty           -0.035    13.929    <hidden>
    SLICE_X1Y15          FDRE (Setup_fdre_C_CE)      -0.205    13.724    cpu_inst/fetch_pending_pc_reg[19]
  -------------------------------------------------------------------
                         required time                         13.724    <hidden>
                         arrival time                         -13.572    <hidden>
  -------------------------------------------------------------------
                         slack                                  0.152    <hidden>

Slack (MET) :             0.152ns  (required time - arrival time)
  Source:                 cpu_inst/mem_wb_reg_reg[rd][3]/C
                            (rising edge-triggered cell FDRE clocked by sys_clk_pin  {rise@0.000ns fall@4.425ns period=8.850ns})
  Destination:            cpu_inst/fetch_pending_pc_reg[20]/CE
                            (rising edge-triggered cell FDRE clocked by sys_clk_pin  {rise@0.000ns fall@4.425ns period=8.850ns})
  Path Group:             sys_clk_pin
  Path Type:              Setup (Max at Slow Process Corner)
  Requirement:            8.850ns  (sys_clk_pin rise@8.850ns - sys_clk_pin rise@0.000ns)
  Data Path Delay:        8.482ns  (logic 2.252ns (26.551%)  route 6.230ns (73.449%))
  Logic Levels:           9  (CARRY4=2 LUT2=1 LUT5=3 LUT6=3)
  Clock Path Skew:        0.024ns (DCD - SCD + CPR)
    Destination Clock Delay (DCD):    4.854ns = ( 13.704 - 8.850 ) 
    Source Clock Delay      (SCD):    5.090ns
    Clock Pessimism Removal (CPR):    0.260ns
  Clock Uncertainty:      0.035ns  ((TSJ^2 + TIJ^2)^1/2 + DJ) / 2 + PE
    Total System Jitter     (TSJ):    0.071ns
    Total Input Jitter      (TIJ):    0.000ns
    Discrete Jitter          (DJ):    0.000ns
    Phase Error              (PE):    0.000ns

    Location             Delay type                Incr(ns)  Path(ns)    Netlist Resource(s)
  -------------------------------------------------------------------    -------------------
                         (clock sys_clk_pin rise edge)
                                                      0.000     0.000 r  <hidden>
                         propagated clock network latency
                                                      5.090     5.090    <hidden>
    SLICE_X9Y4           FDRE                         0.000     5.090 r  cpu_inst/mem_wb_reg_reg[rd][3]/C
    SLICE_X9Y4           FDRE (Prop_fdre_C_Q)         0.456     5.546 f  cpu_inst/mem_wb_reg_reg[rd][3]/Q
                         net (fo=44, routed)          0.929     6.475    cpu_inst/mem_wb_reg_reg[rd][3]
    SLICE_X12Y5          LUT5 (Prop_lut5_I1_O)        0.124     6.599 r  cpu_inst/ex_mem_reg[store_data][28]_i_6_replica/O
                         net (fo=2, routed)           0.823     7.422    cpu_inst/ex_mem_reg[store_data][28]_i_6_n_0_repN
    SLICE_X13Y6          LUT6 (Prop_lut6_I5_O)        0.124     7.546 f  cpu_inst/ex_mem_reg[store_data][23]_i_3/O
                         net (fo=24, routed)          1.216     8.762    cpu_inst/data_mem_inst/ex_mem_reg_reg[store_data][0]
    SLICE_X5Y6           LUT5 (Prop_lut5_I3_O)        0.124     8.886 r  cpu_inst/data_mem_inst/ex_mem_reg[store_data][12]_i_2/O
                         net (fo=1, routed)           0.298     9.185    cpu_inst/data_mem_inst/ex_mem_reg[store_data][12]_i_2_n_0
    SLICE_X6Y6           LUT5 (Prop_lut5_I1_O)        0.124     9.309 r  cpu_inst/data_mem_inst/ex_mem_reg[store_data][12]_i_1/O
                         net (fo=6, routed)           0.886    10.194    cpu_inst/data_mem_inst/ex_store_data[12]
    SLICE_X8Y7           LUT6 (Prop_lut6_I2_O)        0.124    10.318 r  cpu_inst/data_mem_inst/i__carry__0_i_4/O
                         net (fo=1, routed)           0.000    10.318    cpu_inst/data_mem_inst_n_208
    SLICE_X8Y7           CARRY4 (Prop_carry4_S[0]_CO[3])
                                                      0.513    10.831 r  cpu_inst/ex_branch_taken0_inferred__0/i__carry__0/CO[3]
                         net (fo=1, routed)           0.000    10.831    cpu_inst/ex_branch_taken0_inferred__0/i__carry__0_n_0
    SLICE_X8Y8           CARRY4 (Prop_carry4_CI_CO[2])
                                                      0.229    11.060 f  cpu_inst/ex_branch_taken0_inferred__0/i__carry__1/CO[2]
                         net (fo=46, routed)          0.724    11.784    cpu_inst/data_mem_inst/CO[0]
    SLICE_X8Y12          LUT6 (Prop_lut6_I3_O)        0.310    12.094 r  cpu_inst/data_mem_inst/fetch_pc[31]_i_1/O
                         net (fo=32, routed)          0.665    12.759    cpu_inst/data_mem_inst/id_ex_reg_reg[valid]_1[0]
    SLICE_X2Y11          LUT2 (Prop_lut2_I0_O)        0.124    12.883 r  cpu_inst/data_mem_inst/fetch_pending_pc[31]_i_1/O
                         net (fo=31, routed)          0.689    13.572    cpu_inst/data_mem_inst_n_158
    SLICE_X1Y15          FDRE                                         r  cpu_inst/fetch_pending_pc_reg[20]/CE
  -------------------------------------------------------------------    -------------------

                         (clock sys_clk_pin rise edge)
                                                      8.850     8.850 r  <hidden>
                         propagated clock network latency
                                                      4.854    13.704    <hidden>
                         clock pessimism              0.260    13.964    <hidden>
                         clock uncertainty           -0.035    13.929    <hidden>
    SLICE_X1Y15          FDRE (Setup_fdre_C_CE)      -0.205    13.724    cpu_inst/fetch_pending_pc_reg[20]
  -------------------------------------------------------------------
                         required time                         13.724    <hidden>
                         arrival time                         -13.572    <hidden>
  -------------------------------------------------------------------
                         slack                                  0.152    <hidden>

Slack (MET) :             0.152ns  (required time - arrival time)
  Source:                 cpu_inst/mem_wb_reg_reg[rd][3]/C
                            (rising edge-triggered cell FDRE clocked by sys_clk_pin  {rise@0.000ns fall@4.425ns period=8.850ns})
  Destination:            cpu_inst/fetch_pending_pc_reg[23]/CE
                            (rising edge-triggered cell FDRE clocked by sys_clk_pin  {rise@0.000ns fall@4.425ns period=8.850ns})
  Path Group:             sys_clk_pin
  Path Type:              Setup (Max at Slow Process Corner)
  Requirement:            8.850ns  (sys_clk_pin rise@8.850ns - sys_clk_pin rise@0.000ns)
  Data Path Delay:        8.482ns  (logic 2.252ns (26.551%)  route 6.230ns (73.449%))
  Logic Levels:           9  (CARRY4=2 LUT2=1 LUT5=3 LUT6=3)
  Clock Path Skew:        0.024ns (DCD - SCD + CPR)
    Destination Clock Delay (DCD):    4.854ns = ( 13.704 - 8.850 ) 
    Source Clock Delay      (SCD):    5.090ns
    Clock Pessimism Removal (CPR):    0.260ns
  Clock Uncertainty:      0.035ns  ((TSJ^2 + TIJ^2)^1/2 + DJ) / 2 + PE
    Total System Jitter     (TSJ):    0.071ns
    Total Input Jitter      (TIJ):    0.000ns
    Discrete Jitter          (DJ):    0.000ns
    Phase Error              (PE):    0.000ns

    Location             Delay type                Incr(ns)  Path(ns)    Netlist Resource(s)
  -------------------------------------------------------------------    -------------------
                         (clock sys_clk_pin rise edge)
                                                      0.000     0.000 r  <hidden>
                         propagated clock network latency
                                                      5.090     5.090    <hidden>
    SLICE_X9Y4           FDRE                         0.000     5.090 r  cpu_inst/mem_wb_reg_reg[rd][3]/C
    SLICE_X9Y4           FDRE (Prop_fdre_C_Q)         0.456     5.546 f  cpu_inst/mem_wb_reg_reg[rd][3]/Q
                         net (fo=44, routed)          0.929     6.475    cpu_inst/mem_wb_reg_reg[rd][3]
    SLICE_X12Y5          LUT5 (Prop_lut5_I1_O)        0.124     6.599 r  cpu_inst/ex_mem_reg[store_data][28]_i_6_replica/O
                         net (fo=2, routed)           0.823     7.422    cpu_inst/ex_mem_reg[store_data][28]_i_6_n_0_repN
    SLICE_X13Y6          LUT6 (Prop_lut6_I5_O)        0.124     7.546 f  cpu_inst/ex_mem_reg[store_data][23]_i_3/O
                         net (fo=24, routed)          1.216     8.762    cpu_inst/data_mem_inst/ex_mem_reg_reg[store_data][0]
    SLICE_X5Y6           LUT5 (Prop_lut5_I3_O)        0.124     8.886 r  cpu_inst/data_mem_inst/ex_mem_reg[store_data][12]_i_2/O
                         net (fo=1, routed)           0.298     9.185    cpu_inst/data_mem_inst/ex_mem_reg[store_data][12]_i_2_n_0
    SLICE_X6Y6           LUT5 (Prop_lut5_I1_O)        0.124     9.309 r  cpu_inst/data_mem_inst/ex_mem_reg[store_data][12]_i_1/O
                         net (fo=6, routed)           0.886    10.194    cpu_inst/data_mem_inst/ex_store_data[12]
    SLICE_X8Y7           LUT6 (Prop_lut6_I2_O)        0.124    10.318 r  cpu_inst/data_mem_inst/i__carry__0_i_4/O
                         net (fo=1, routed)           0.000    10.318    cpu_inst/data_mem_inst_n_208
    SLICE_X8Y7           CARRY4 (Prop_carry4_S[0]_CO[3])
                                                      0.513    10.831 r  cpu_inst/ex_branch_taken0_inferred__0/i__carry__0/CO[3]
                         net (fo=1, routed)           0.000    10.831    cpu_inst/ex_branch_taken0_inferred__0/i__carry__0_n_0
    SLICE_X8Y8           CARRY4 (Prop_carry4_CI_CO[2])
                                                      0.229    11.060 f  cpu_inst/ex_branch_taken0_inferred__0/i__carry__1/CO[2]
                         net (fo=46, routed)          0.724    11.784    cpu_inst/data_mem_inst/CO[0]
    SLICE_X8Y12          LUT6 (Prop_lut6_I3_O)        0.310    12.094 r  cpu_inst/data_mem_inst/fetch_pc[31]_i_1/O
                         net (fo=32, routed)          0.665    12.759    cpu_inst/data_mem_inst/id_ex_reg_reg[valid]_1[0]
    SLICE_X2Y11          LUT2 (Prop_lut2_I0_O)        0.124    12.883 r  cpu_inst/data_mem_inst/fetch_pending_pc[31]_i_1/O
                         net (fo=31, routed)          0.689    13.572    cpu_inst/data_mem_inst_n_158
    SLICE_X1Y15          FDRE                                         r  cpu_inst/fetch_pending_pc_reg[23]/CE
  -------------------------------------------------------------------    -------------------

                         (clock sys_clk_pin rise edge)
                                                      8.850     8.850 r  <hidden>
                         propagated clock network latency
                                                      4.854    13.704    <hidden>
                         clock pessimism              0.260    13.964    <hidden>
                         clock uncertainty           -0.035    13.929    <hidden>
    SLICE_X1Y15          FDRE (Setup_fdre_C_CE)      -0.205    13.724    cpu_inst/fetch_pending_pc_reg[23]
  -------------------------------------------------------------------
                         required time                         13.724    <hidden>
                         arrival time                         -13.572    <hidden>
  -------------------------------------------------------------------
                         slack                                  0.152    <hidden>

Slack (MET) :             0.152ns  (required time - arrival time)
  Source:                 cpu_inst/mem_wb_reg_reg[rd][3]/C
                            (rising edge-triggered cell FDRE clocked by sys_clk_pin  {rise@0.000ns fall@4.425ns period=8.850ns})
  Destination:            cpu_inst/fetch_pending_pc_reg[24]/CE
                            (rising edge-triggered cell FDRE clocked by sys_clk_pin  {rise@0.000ns fall@4.425ns period=8.850ns})
  Path Group:             sys_clk_pin
  Path Type:              Setup (Max at Slow Process Corner)
  Requirement:            8.850ns  (sys_clk_pin rise@8.850ns - sys_clk_pin rise@0.000ns)
  Data Path Delay:        8.482ns  (logic 2.252ns (26.551%)  route 6.230ns (73.449%))
  Logic Levels:           9  (CARRY4=2 LUT2=1 LUT5=3 LUT6=3)
  Clock Path Skew:        0.024ns (DCD - SCD + CPR)
    Destination Clock Delay (DCD):    4.854ns = ( 13.704 - 8.850 ) 
    Source Clock Delay      (SCD):    5.090ns
    Clock Pessimism Removal (CPR):    0.260ns
  Clock Uncertainty:      0.035ns  ((TSJ^2 + TIJ^2)^1/2 + DJ) / 2 + PE
    Total System Jitter     (TSJ):    0.071ns
    Total Input Jitter      (TIJ):    0.000ns
    Discrete Jitter          (DJ):    0.000ns
    Phase Error              (PE):    0.000ns

    Location             Delay type                Incr(ns)  Path(ns)    Netlist Resource(s)
  -------------------------------------------------------------------    -------------------
                         (clock sys_clk_pin rise edge)
                                                      0.000     0.000 r  <hidden>
                         propagated clock network latency
                                                      5.090     5.090    <hidden>
    SLICE_X9Y4           FDRE                         0.000     5.090 r  cpu_inst/mem_wb_reg_reg[rd][3]/C
    SLICE_X9Y4           FDRE (Prop_fdre_C_Q)         0.456     5.546 f  cpu_inst/mem_wb_reg_reg[rd][3]/Q
                         net (fo=44, routed)          0.929     6.475    cpu_inst/mem_wb_reg_reg[rd][3]
    SLICE_X12Y5          LUT5 (Prop_lut5_I1_O)        0.124     6.599 r  cpu_inst/ex_mem_reg[store_data][28]_i_6_replica/O
                         net (fo=2, routed)           0.823     7.422    cpu_inst/ex_mem_reg[store_data][28]_i_6_n_0_repN
    SLICE_X13Y6          LUT6 (Prop_lut6_I5_O)        0.124     7.546 f  cpu_inst/ex_mem_reg[store_data][23]_i_3/O
                         net (fo=24, routed)          1.216     8.762    cpu_inst/data_mem_inst/ex_mem_reg_reg[store_data][0]
    SLICE_X5Y6           LUT5 (Prop_lut5_I3_O)        0.124     8.886 r  cpu_inst/data_mem_inst/ex_mem_reg[store_data][12]_i_2/O
                         net (fo=1, routed)           0.298     9.185    cpu_inst/data_mem_inst/ex_mem_reg[store_data][12]_i_2_n_0
    SLICE_X6Y6           LUT5 (Prop_lut5_I1_O)        0.124     9.309 r  cpu_inst/data_mem_inst/ex_mem_reg[store_data][12]_i_1/O
                         net (fo=6, routed)           0.886    10.194    cpu_inst/data_mem_inst/ex_store_data[12]
    SLICE_X8Y7           LUT6 (Prop_lut6_I2_O)        0.124    10.318 r  cpu_inst/data_mem_inst/i__carry__0_i_4/O
                         net (fo=1, routed)           0.000    10.318    cpu_inst/data_mem_inst_n_208
    SLICE_X8Y7           CARRY4 (Prop_carry4_S[0]_CO[3])
                                                      0.513    10.831 r  cpu_inst/ex_branch_taken0_inferred__0/i__carry__0/CO[3]
                         net (fo=1, routed)           0.000    10.831    cpu_inst/ex_branch_taken0_inferred__0/i__carry__0_n_0
    SLICE_X8Y8           CARRY4 (Prop_carry4_CI_CO[2])
                                                      0.229    11.060 f  cpu_inst/ex_branch_taken0_inferred__0/i__carry__1/CO[2]
                         net (fo=46, routed)          0.724    11.784    cpu_inst/data_mem_inst/CO[0]
    SLICE_X8Y12          LUT6 (Prop_lut6_I3_O)        0.310    12.094 r  cpu_inst/data_mem_inst/fetch_pc[31]_i_1/O
                         net (fo=32, routed)          0.665    12.759    cpu_inst/data_mem_inst/id_ex_reg_reg[valid]_1[0]
    SLICE_X2Y11          LUT2 (Prop_lut2_I0_O)        0.124    12.883 r  cpu_inst/data_mem_inst/fetch_pending_pc[31]_i_1/O
                         net (fo=31, routed)          0.689    13.572    cpu_inst/data_mem_inst_n_158
    SLICE_X1Y15          FDRE                                         r  cpu_inst/fetch_pending_pc_reg[24]/CE
  -------------------------------------------------------------------    -------------------

                         (clock sys_clk_pin rise edge)
                                                      8.850     8.850 r  <hidden>
                         propagated clock network latency
                                                      4.854    13.704    <hidden>
                         clock pessimism              0.260    13.964    <hidden>
                         clock uncertainty           -0.035    13.929    <hidden>
    SLICE_X1Y15          FDRE (Setup_fdre_C_CE)      -0.205    13.724    cpu_inst/fetch_pending_pc_reg[24]
  -------------------------------------------------------------------
                         required time                         13.724    <hidden>
                         arrival time                         -13.572    <hidden>
  -------------------------------------------------------------------
                         slack                                  0.152    <hidden>

Slack (MET) :             0.152ns  (required time - arrival time)
  Source:                 cpu_inst/mem_wb_reg_reg[rd][3]/C
                            (rising edge-triggered cell FDRE clocked by sys_clk_pin  {rise@0.000ns fall@4.425ns period=8.850ns})
  Destination:            cpu_inst/fetch_pending_pc_reg[25]/CE
                            (rising edge-triggered cell FDRE clocked by sys_clk_pin  {rise@0.000ns fall@4.425ns period=8.850ns})
  Path Group:             sys_clk_pin
  Path Type:              Setup (Max at Slow Process Corner)
  Requirement:            8.850ns  (sys_clk_pin rise@8.850ns - sys_clk_pin rise@0.000ns)
  Data Path Delay:        8.482ns  (logic 2.252ns (26.551%)  route 6.230ns (73.449%))
  Logic Levels:           9  (CARRY4=2 LUT2=1 LUT5=3 LUT6=3)
  Clock Path Skew:        0.024ns (DCD - SCD + CPR)
    Destination Clock Delay (DCD):    4.854ns = ( 13.704 - 8.850 ) 
    Source Clock Delay      (SCD):    5.090ns
    Clock Pessimism Removal (CPR):    0.260ns
  Clock Uncertainty:      0.035ns  ((TSJ^2 + TIJ^2)^1/2 + DJ) / 2 + PE
    Total System Jitter     (TSJ):    0.071ns
    Total Input Jitter      (TIJ):    0.000ns
    Discrete Jitter          (DJ):    0.000ns
    Phase Error              (PE):    0.000ns

    Location             Delay type                Incr(ns)  Path(ns)    Netlist Resource(s)
  -------------------------------------------------------------------    -------------------
                         (clock sys_clk_pin rise edge)
                                                      0.000     0.000 r  <hidden>
                         propagated clock network latency
                                                      5.090     5.090    <hidden>
    SLICE_X9Y4           FDRE                         0.000     5.090 r  cpu_inst/mem_wb_reg_reg[rd][3]/C
    SLICE_X9Y4           FDRE (Prop_fdre_C_Q)         0.456     5.546 f  cpu_inst/mem_wb_reg_reg[rd][3]/Q
                         net (fo=44, routed)          0.929     6.475    cpu_inst/mem_wb_reg_reg[rd][3]
    SLICE_X12Y5          LUT5 (Prop_lut5_I1_O)        0.124     6.599 r  cpu_inst/ex_mem_reg[store_data][28]_i_6_replica/O
                         net (fo=2, routed)           0.823     7.422    cpu_inst/ex_mem_reg[store_data][28]_i_6_n_0_repN
    SLICE_X13Y6          LUT6 (Prop_lut6_I5_O)        0.124     7.546 f  cpu_inst/ex_mem_reg[store_data][23]_i_3/O
                         net (fo=24, routed)          1.216     8.762    cpu_inst/data_mem_inst/ex_mem_reg_reg[store_data][0]
    SLICE_X5Y6           LUT5 (Prop_lut5_I3_O)        0.124     8.886 r  cpu_inst/data_mem_inst/ex_mem_reg[store_data][12]_i_2/O
                         net (fo=1, routed)           0.298     9.185    cpu_inst/data_mem_inst/ex_mem_reg[store_data][12]_i_2_n_0
    SLICE_X6Y6           LUT5 (Prop_lut5_I1_O)        0.124     9.309 r  cpu_inst/data_mem_inst/ex_mem_reg[store_data][12]_i_1/O
                         net (fo=6, routed)           0.886    10.194    cpu_inst/data_mem_inst/ex_store_data[12]
    SLICE_X8Y7           LUT6 (Prop_lut6_I2_O)        0.124    10.318 r  cpu_inst/data_mem_inst/i__carry__0_i_4/O
                         net (fo=1, routed)           0.000    10.318    cpu_inst/data_mem_inst_n_208
    SLICE_X8Y7           CARRY4 (Prop_carry4_S[0]_CO[3])
                                                      0.513    10.831 r  cpu_inst/ex_branch_taken0_inferred__0/i__carry__0/CO[3]
                         net (fo=1, routed)           0.000    10.831    cpu_inst/ex_branch_taken0_inferred__0/i__carry__0_n_0
    SLICE_X8Y8           CARRY4 (Prop_carry4_CI_CO[2])
                                                      0.229    11.060 f  cpu_inst/ex_branch_taken0_inferred__0/i__carry__1/CO[2]
                         net (fo=46, routed)          0.724    11.784    cpu_inst/data_mem_inst/CO[0]
    SLICE_X8Y12          LUT6 (Prop_lut6_I3_O)        0.310    12.094 r  cpu_inst/data_mem_inst/fetch_pc[31]_i_1/O
                         net (fo=32, routed)          0.665    12.759    cpu_inst/data_mem_inst/id_ex_reg_reg[valid]_1[0]
    SLICE_X2Y11          LUT2 (Prop_lut2_I0_O)        0.124    12.883 r  cpu_inst/data_mem_inst/fetch_pending_pc[31]_i_1/O
                         net (fo=31, routed)          0.689    13.572    cpu_inst/data_mem_inst_n_158
    SLICE_X1Y15          FDRE                                         r  cpu_inst/fetch_pending_pc_reg[25]/CE
  -------------------------------------------------------------------    -------------------

                         (clock sys_clk_pin rise edge)
                                                      8.850     8.850 r  <hidden>
                         propagated clock network latency
                                                      4.854    13.704    <hidden>
                         clock pessimism              0.260    13.964    <hidden>
                         clock uncertainty           -0.035    13.929    <hidden>
    SLICE_X1Y15          FDRE (Setup_fdre_C_CE)      -0.205    13.724    cpu_inst/fetch_pending_pc_reg[25]
  -------------------------------------------------------------------
                         required time                         13.724    <hidden>
                         arrival time                         -13.572    <hidden>
  -------------------------------------------------------------------
                         slack                                  0.152    <hidden>

Slack (MET) :             0.152ns  (required time - arrival time)
  Source:                 cpu_inst/mem_wb_reg_reg[rd][3]/C
                            (rising edge-triggered cell FDRE clocked by sys_clk_pin  {rise@0.000ns fall@4.425ns period=8.850ns})
  Destination:            cpu_inst/fetch_pending_pc_reg[26]/CE
                            (rising edge-triggered cell FDRE clocked by sys_clk_pin  {rise@0.000ns fall@4.425ns period=8.850ns})
  Path Group:             sys_clk_pin
  Path Type:              Setup (Max at Slow Process Corner)
  Requirement:            8.850ns  (sys_clk_pin rise@8.850ns - sys_clk_pin rise@0.000ns)
  Data Path Delay:        8.482ns  (logic 2.252ns (26.551%)  route 6.230ns (73.449%))
  Logic Levels:           9  (CARRY4=2 LUT2=1 LUT5=3 LUT6=3)
  Clock Path Skew:        0.024ns (DCD - SCD + CPR)
    Destination Clock Delay (DCD):    4.854ns = ( 13.704 - 8.850 ) 
    Source Clock Delay      (SCD):    5.090ns
    Clock Pessimism Removal (CPR):    0.260ns
  Clock Uncertainty:      0.035ns  ((TSJ^2 + TIJ^2)^1/2 + DJ) / 2 + PE
    Total System Jitter     (TSJ):    0.071ns
    Total Input Jitter      (TIJ):    0.000ns
    Discrete Jitter          (DJ):    0.000ns
    Phase Error              (PE):    0.000ns

    Location             Delay type                Incr(ns)  Path(ns)    Netlist Resource(s)
  -------------------------------------------------------------------    -------------------
                         (clock sys_clk_pin rise edge)
                                                      0.000     0.000 r  <hidden>
                         propagated clock network latency
                                                      5.090     5.090    <hidden>
    SLICE_X9Y4           FDRE                         0.000     5.090 r  cpu_inst/mem_wb_reg_reg[rd][3]/C
    SLICE_X9Y4           FDRE (Prop_fdre_C_Q)         0.456     5.546 f  cpu_inst/mem_wb_reg_reg[rd][3]/Q
                         net (fo=44, routed)          0.929     6.475    cpu_inst/mem_wb_reg_reg[rd][3]
    SLICE_X12Y5          LUT5 (Prop_lut5_I1_O)        0.124     6.599 r  cpu_inst/ex_mem_reg[store_data][28]_i_6_replica/O
                         net (fo=2, routed)           0.823     7.422    cpu_inst/ex_mem_reg[store_data][28]_i_6_n_0_repN
    SLICE_X13Y6          LUT6 (Prop_lut6_I5_O)        0.124     7.546 f  cpu_inst/ex_mem_reg[store_data][23]_i_3/O
                         net (fo=24, routed)          1.216     8.762    cpu_inst/data_mem_inst/ex_mem_reg_reg[store_data][0]
    SLICE_X5Y6           LUT5 (Prop_lut5_I3_O)        0.124     8.886 r  cpu_inst/data_mem_inst/ex_mem_reg[store_data][12]_i_2/O
                         net (fo=1, routed)           0.298     9.185    cpu_inst/data_mem_inst/ex_mem_reg[store_data][12]_i_2_n_0
    SLICE_X6Y6           LUT5 (Prop_lut5_I1_O)        0.124     9.309 r  cpu_inst/data_mem_inst/ex_mem_reg[store_data][12]_i_1/O
                         net (fo=6, routed)           0.886    10.194    cpu_inst/data_mem_inst/ex_store_data[12]
    SLICE_X8Y7           LUT6 (Prop_lut6_I2_O)        0.124    10.318 r  cpu_inst/data_mem_inst/i__carry__0_i_4/O
                         net (fo=1, routed)           0.000    10.318    cpu_inst/data_mem_inst_n_208
    SLICE_X8Y7           CARRY4 (Prop_carry4_S[0]_CO[3])
                                                      0.513    10.831 r  cpu_inst/ex_branch_taken0_inferred__0/i__carry__0/CO[3]
                         net (fo=1, routed)           0.000    10.831    cpu_inst/ex_branch_taken0_inferred__0/i__carry__0_n_0
    SLICE_X8Y8           CARRY4 (Prop_carry4_CI_CO[2])
                                                      0.229    11.060 f  cpu_inst/ex_branch_taken0_inferred__0/i__carry__1/CO[2]
                         net (fo=46, routed)          0.724    11.784    cpu_inst/data_mem_inst/CO[0]
    SLICE_X8Y12          LUT6 (Prop_lut6_I3_O)        0.310    12.094 r  cpu_inst/data_mem_inst/fetch_pc[31]_i_1/O
                         net (fo=32, routed)          0.665    12.759    cpu_inst/data_mem_inst/id_ex_reg_reg[valid]_1[0]
    SLICE_X2Y11          LUT2 (Prop_lut2_I0_O)        0.124    12.883 r  cpu_inst/data_mem_inst/fetch_pending_pc[31]_i_1/O
                         net (fo=31, routed)          0.689    13.572    cpu_inst/data_mem_inst_n_158
    SLICE_X1Y15          FDRE                                         r  cpu_inst/fetch_pending_pc_reg[26]/CE
  -------------------------------------------------------------------    -------------------

                         (clock sys_clk_pin rise edge)
                                                      8.850     8.850 r  <hidden>
                         propagated clock network latency
                                                      4.854    13.704    <hidden>
                         clock pessimism              0.260    13.964    <hidden>
                         clock uncertainty           -0.035    13.929    <hidden>
    SLICE_X1Y15          FDRE (Setup_fdre_C_CE)      -0.205    13.724    cpu_inst/fetch_pending_pc_reg[26]
  -------------------------------------------------------------------
                         required time                         13.724    <hidden>
                         arrival time                         -13.572    <hidden>
  -------------------------------------------------------------------
                         slack                                  0.152    <hidden>




