Copyright 1986-2022 Xilinx, Inc. All Rights Reserved. Copyright 2022-2026 Advanced Micro Devices, Inc. All Rights Reserved.
----------------------------------------------------------------------------------------------------------------------------------------------------------------------------
| Tool Version : Vivado v.2026.1 (win64) Build 6511674 Tue Jun 16 11:02:23 MDT 2026
| Date         : Tue Jul 14 20:12:59 2026
| Host         : DESKTOP-4GB7DVJ running 64-bit major release  (build 9200)
| Command      : report_timing -max_paths 10 -path_type full -file reports/phase16c_cpu_mips_compare_impl/phase14g_pipeline6/timing/phase14g_pipeline6_impl_worst_paths.rpt
| Design       : fpga_top_cpu_mips_compare
| Device       : 7a35t-cpg236
| Speed File   : -1  PRODUCTION 1.23 2018-06-13
| Design State : Physopt postRoute
----------------------------------------------------------------------------------------------------------------------------------------------------------------------------

Timing Report

Slack (MET) :             2.253ns  (required time - arrival time)
  Source:                 gen_phase14g.cpu_inst/id_op_reg_reg[rs2][4]/C
                            (rising edge-triggered cell FDRE clocked by sys_clk_pin  {rise@0.000ns fall@5.000ns period=10.000ns})
  Destination:            gen_phase14g.cpu_inst/op_ex_reg_reg[operand_a][12]/R
                            (rising edge-triggered cell FDRE clocked by sys_clk_pin  {rise@0.000ns fall@5.000ns period=10.000ns})
  Path Group:             sys_clk_pin
  Path Type:              Setup (Max at Slow Process Corner)
  Requirement:            10.000ns  (sys_clk_pin rise@10.000ns - sys_clk_pin rise@0.000ns)
  Data Path Delay:        6.872ns  (logic 1.271ns (18.495%)  route 5.601ns (81.505%))
  Logic Levels:           5  (LUT5=2 LUT6=3)
  Clock Path Skew:        -0.113ns (DCD - SCD + CPR)
    Destination Clock Delay (DCD):    4.786ns = ( 14.786 - 10.000 ) 
    Source Clock Delay      (SCD):    5.159ns
    Clock Pessimism Removal (CPR):    0.260ns
  Clock Uncertainty:      0.035ns  ((TSJ^2 + TIJ^2)^1/2 + DJ) / 2 + PE
    Total System Jitter     (TSJ):    0.071ns
    Total Input Jitter      (TIJ):    0.000ns
    Discrete Jitter          (DJ):    0.000ns
    Phase Error              (PE):    0.000ns

    Location             Delay type                Incr(ns)  Path(ns)    Netlist Resource(s)
  -------------------------------------------------------------------    -------------------
                         (clock sys_clk_pin rise edge)
                                                      0.000     0.000 r  <hidden>
                         propagated clock network latency
                                                      5.159     5.159    <hidden>
    SLICE_X2Y4           FDRE                         0.000     5.159 r  gen_phase14g.cpu_inst/id_op_reg_reg[rs2][4]/C
    SLICE_X2Y4           FDRE (Prop_fdre_C_Q)         0.478     5.637 r  gen_phase14g.cpu_inst/id_op_reg_reg[rs2][4]/Q
                         net (fo=68, routed)          1.437     7.074    gen_phase14g.cpu_inst/id_op_reg_reg[rs2][4]
    SLICE_X5Y14          LUT6 (Prop_lut6_I1_O)        0.301     7.375 r  gen_phase14g.cpu_inst/op_ex_reg[operand_b][31]_i_8/O
                         net (fo=1, routed)           0.469     7.845    gen_phase14g.cpu_inst/op_ex_reg[operand_b][31]_i_8_n_0
    SLICE_X5Y14          LUT5 (Prop_lut5_I0_O)        0.124     7.969 r  gen_phase14g.cpu_inst/op_ex_reg[operand_b][31]_i_5/O
                         net (fo=33, routed)          1.058     9.026    gen_phase14g.cpu_inst/stage_depends_on_rd_return2
    SLICE_X1Y3           LUT6 (Prop_lut6_I5_O)        0.124     9.150 r  gen_phase14g.cpu_inst/paused_response_instruction_reg[31]_i_5/O
                         net (fo=1, routed)           0.516     9.666    gen_phase14g.cpu_inst/paused_response_instruction_reg[31]_i_5_n_0
    SLICE_X1Y2           LUT6 (Prop_lut6_I0_O)        0.124     9.790 r  gen_phase14g.cpu_inst/paused_response_instruction_reg[31]_i_3/O
                         net (fo=9, routed)           0.629    10.419    gen_phase14g.cpu_inst/paused_response_instruction_reg[31]_i_3_n_0
    SLICE_X1Y3           LUT5 (Prop_lut5_I1_O)        0.120    10.539 r  gen_phase14g.cpu_inst/op_ex_reg[operand_a][31]_i_1/O
                         net (fo=32, routed)          1.492    12.031    gen_phase14g.cpu_inst/op_ex_reg[operand_a][31]_i_1_n_0
    SLICE_X8Y14          FDRE                                         r  gen_phase14g.cpu_inst/op_ex_reg_reg[operand_a][12]/R
  -------------------------------------------------------------------    -------------------

                         (clock sys_clk_pin rise edge)
                                                     10.000    10.000 r  <hidden>
                         propagated clock network latency
                                                      4.786    14.786    <hidden>
                         clock pessimism              0.260    15.046    <hidden>
                         clock uncertainty           -0.035    15.011    <hidden>
    SLICE_X8Y14          FDRE (Setup_fdre_C_R)       -0.727    14.284    gen_phase14g.cpu_inst/op_ex_reg_reg[operand_a][12]
  -------------------------------------------------------------------
                         required time                         14.284    <hidden>
                         arrival time                         -12.031    <hidden>
  -------------------------------------------------------------------
                         slack                                  2.253    <hidden>

Slack (MET) :             2.253ns  (required time - arrival time)
  Source:                 gen_phase14g.cpu_inst/id_op_reg_reg[rs2][4]/C
                            (rising edge-triggered cell FDRE clocked by sys_clk_pin  {rise@0.000ns fall@5.000ns period=10.000ns})
  Destination:            gen_phase14g.cpu_inst/op_ex_reg_reg[operand_a][13]/R
                            (rising edge-triggered cell FDRE clocked by sys_clk_pin  {rise@0.000ns fall@5.000ns period=10.000ns})
  Path Group:             sys_clk_pin
  Path Type:              Setup (Max at Slow Process Corner)
  Requirement:            10.000ns  (sys_clk_pin rise@10.000ns - sys_clk_pin rise@0.000ns)
  Data Path Delay:        6.872ns  (logic 1.271ns (18.495%)  route 5.601ns (81.505%))
  Logic Levels:           5  (LUT5=2 LUT6=3)
  Clock Path Skew:        -0.113ns (DCD - SCD + CPR)
    Destination Clock Delay (DCD):    4.786ns = ( 14.786 - 10.000 ) 
    Source Clock Delay      (SCD):    5.159ns
    Clock Pessimism Removal (CPR):    0.260ns
  Clock Uncertainty:      0.035ns  ((TSJ^2 + TIJ^2)^1/2 + DJ) / 2 + PE
    Total System Jitter     (TSJ):    0.071ns
    Total Input Jitter      (TIJ):    0.000ns
    Discrete Jitter          (DJ):    0.000ns
    Phase Error              (PE):    0.000ns

    Location             Delay type                Incr(ns)  Path(ns)    Netlist Resource(s)
  -------------------------------------------------------------------    -------------------
                         (clock sys_clk_pin rise edge)
                                                      0.000     0.000 r  <hidden>
                         propagated clock network latency
                                                      5.159     5.159    <hidden>
    SLICE_X2Y4           FDRE                         0.000     5.159 r  gen_phase14g.cpu_inst/id_op_reg_reg[rs2][4]/C
    SLICE_X2Y4           FDRE (Prop_fdre_C_Q)         0.478     5.637 r  gen_phase14g.cpu_inst/id_op_reg_reg[rs2][4]/Q
                         net (fo=68, routed)          1.437     7.074    gen_phase14g.cpu_inst/id_op_reg_reg[rs2][4]
    SLICE_X5Y14          LUT6 (Prop_lut6_I1_O)        0.301     7.375 r  gen_phase14g.cpu_inst/op_ex_reg[operand_b][31]_i_8/O
                         net (fo=1, routed)           0.469     7.845    gen_phase14g.cpu_inst/op_ex_reg[operand_b][31]_i_8_n_0
    SLICE_X5Y14          LUT5 (Prop_lut5_I0_O)        0.124     7.969 r  gen_phase14g.cpu_inst/op_ex_reg[operand_b][31]_i_5/O
                         net (fo=33, routed)          1.058     9.026    gen_phase14g.cpu_inst/stage_depends_on_rd_return2
    SLICE_X1Y3           LUT6 (Prop_lut6_I5_O)        0.124     9.150 r  gen_phase14g.cpu_inst/paused_response_instruction_reg[31]_i_5/O
                         net (fo=1, routed)           0.516     9.666    gen_phase14g.cpu_inst/paused_response_instruction_reg[31]_i_5_n_0
    SLICE_X1Y2           LUT6 (Prop_lut6_I0_O)        0.124     9.790 r  gen_phase14g.cpu_inst/paused_response_instruction_reg[31]_i_3/O
                         net (fo=9, routed)           0.629    10.419    gen_phase14g.cpu_inst/paused_response_instruction_reg[31]_i_3_n_0
    SLICE_X1Y3           LUT5 (Prop_lut5_I1_O)        0.120    10.539 r  gen_phase14g.cpu_inst/op_ex_reg[operand_a][31]_i_1/O
                         net (fo=32, routed)          1.492    12.031    gen_phase14g.cpu_inst/op_ex_reg[operand_a][31]_i_1_n_0
    SLICE_X8Y14          FDRE                                         r  gen_phase14g.cpu_inst/op_ex_reg_reg[operand_a][13]/R
  -------------------------------------------------------------------    -------------------

                         (clock sys_clk_pin rise edge)
                                                     10.000    10.000 r  <hidden>
                         propagated clock network latency
                                                      4.786    14.786    <hidden>
                         clock pessimism              0.260    15.046    <hidden>
                         clock uncertainty           -0.035    15.011    <hidden>
    SLICE_X8Y14          FDRE (Setup_fdre_C_R)       -0.727    14.284    gen_phase14g.cpu_inst/op_ex_reg_reg[operand_a][13]
  -------------------------------------------------------------------
                         required time                         14.284    <hidden>
                         arrival time                         -12.031    <hidden>
  -------------------------------------------------------------------
                         slack                                  2.253    <hidden>

Slack (MET) :             2.253ns  (required time - arrival time)
  Source:                 gen_phase14g.cpu_inst/id_op_reg_reg[rs2][4]/C
                            (rising edge-triggered cell FDRE clocked by sys_clk_pin  {rise@0.000ns fall@5.000ns period=10.000ns})
  Destination:            gen_phase14g.cpu_inst/op_ex_reg_reg[operand_a][19]/R
                            (rising edge-triggered cell FDRE clocked by sys_clk_pin  {rise@0.000ns fall@5.000ns period=10.000ns})
  Path Group:             sys_clk_pin
  Path Type:              Setup (Max at Slow Process Corner)
  Requirement:            10.000ns  (sys_clk_pin rise@10.000ns - sys_clk_pin rise@0.000ns)
  Data Path Delay:        6.872ns  (logic 1.271ns (18.495%)  route 5.601ns (81.505%))
  Logic Levels:           5  (LUT5=2 LUT6=3)
  Clock Path Skew:        -0.113ns (DCD - SCD + CPR)
    Destination Clock Delay (DCD):    4.786ns = ( 14.786 - 10.000 ) 
    Source Clock Delay      (SCD):    5.159ns
    Clock Pessimism Removal (CPR):    0.260ns
  Clock Uncertainty:      0.035ns  ((TSJ^2 + TIJ^2)^1/2 + DJ) / 2 + PE
    Total System Jitter     (TSJ):    0.071ns
    Total Input Jitter      (TIJ):    0.000ns
    Discrete Jitter          (DJ):    0.000ns
    Phase Error              (PE):    0.000ns

    Location             Delay type                Incr(ns)  Path(ns)    Netlist Resource(s)
  -------------------------------------------------------------------    -------------------
                         (clock sys_clk_pin rise edge)
                                                      0.000     0.000 r  <hidden>
                         propagated clock network latency
                                                      5.159     5.159    <hidden>
    SLICE_X2Y4           FDRE                         0.000     5.159 r  gen_phase14g.cpu_inst/id_op_reg_reg[rs2][4]/C
    SLICE_X2Y4           FDRE (Prop_fdre_C_Q)         0.478     5.637 r  gen_phase14g.cpu_inst/id_op_reg_reg[rs2][4]/Q
                         net (fo=68, routed)          1.437     7.074    gen_phase14g.cpu_inst/id_op_reg_reg[rs2][4]
    SLICE_X5Y14          LUT6 (Prop_lut6_I1_O)        0.301     7.375 r  gen_phase14g.cpu_inst/op_ex_reg[operand_b][31]_i_8/O
                         net (fo=1, routed)           0.469     7.845    gen_phase14g.cpu_inst/op_ex_reg[operand_b][31]_i_8_n_0
    SLICE_X5Y14          LUT5 (Prop_lut5_I0_O)        0.124     7.969 r  gen_phase14g.cpu_inst/op_ex_reg[operand_b][31]_i_5/O
                         net (fo=33, routed)          1.058     9.026    gen_phase14g.cpu_inst/stage_depends_on_rd_return2
    SLICE_X1Y3           LUT6 (Prop_lut6_I5_O)        0.124     9.150 r  gen_phase14g.cpu_inst/paused_response_instruction_reg[31]_i_5/O
                         net (fo=1, routed)           0.516     9.666    gen_phase14g.cpu_inst/paused_response_instruction_reg[31]_i_5_n_0
    SLICE_X1Y2           LUT6 (Prop_lut6_I0_O)        0.124     9.790 r  gen_phase14g.cpu_inst/paused_response_instruction_reg[31]_i_3/O
                         net (fo=9, routed)           0.629    10.419    gen_phase14g.cpu_inst/paused_response_instruction_reg[31]_i_3_n_0
    SLICE_X1Y3           LUT5 (Prop_lut5_I1_O)        0.120    10.539 r  gen_phase14g.cpu_inst/op_ex_reg[operand_a][31]_i_1/O
                         net (fo=32, routed)          1.492    12.031    gen_phase14g.cpu_inst/op_ex_reg[operand_a][31]_i_1_n_0
    SLICE_X8Y14          FDRE                                         r  gen_phase14g.cpu_inst/op_ex_reg_reg[operand_a][19]/R
  -------------------------------------------------------------------    -------------------

                         (clock sys_clk_pin rise edge)
                                                     10.000    10.000 r  <hidden>
                         propagated clock network latency
                                                      4.786    14.786    <hidden>
                         clock pessimism              0.260    15.046    <hidden>
                         clock uncertainty           -0.035    15.011    <hidden>
    SLICE_X8Y14          FDRE (Setup_fdre_C_R)       -0.727    14.284    gen_phase14g.cpu_inst/op_ex_reg_reg[operand_a][19]
  -------------------------------------------------------------------
                         required time                         14.284    <hidden>
                         arrival time                         -12.031    <hidden>
  -------------------------------------------------------------------
                         slack                                  2.253    <hidden>

Slack (MET) :             2.253ns  (required time - arrival time)
  Source:                 gen_phase14g.cpu_inst/id_op_reg_reg[rs2][4]/C
                            (rising edge-triggered cell FDRE clocked by sys_clk_pin  {rise@0.000ns fall@5.000ns period=10.000ns})
  Destination:            gen_phase14g.cpu_inst/op_ex_reg_reg[operand_a][25]/R
                            (rising edge-triggered cell FDRE clocked by sys_clk_pin  {rise@0.000ns fall@5.000ns period=10.000ns})
  Path Group:             sys_clk_pin
  Path Type:              Setup (Max at Slow Process Corner)
  Requirement:            10.000ns  (sys_clk_pin rise@10.000ns - sys_clk_pin rise@0.000ns)
  Data Path Delay:        6.872ns  (logic 1.271ns (18.495%)  route 5.601ns (81.505%))
  Logic Levels:           5  (LUT5=2 LUT6=3)
  Clock Path Skew:        -0.113ns (DCD - SCD + CPR)
    Destination Clock Delay (DCD):    4.786ns = ( 14.786 - 10.000 ) 
    Source Clock Delay      (SCD):    5.159ns
    Clock Pessimism Removal (CPR):    0.260ns
  Clock Uncertainty:      0.035ns  ((TSJ^2 + TIJ^2)^1/2 + DJ) / 2 + PE
    Total System Jitter     (TSJ):    0.071ns
    Total Input Jitter      (TIJ):    0.000ns
    Discrete Jitter          (DJ):    0.000ns
    Phase Error              (PE):    0.000ns

    Location             Delay type                Incr(ns)  Path(ns)    Netlist Resource(s)
  -------------------------------------------------------------------    -------------------
                         (clock sys_clk_pin rise edge)
                                                      0.000     0.000 r  <hidden>
                         propagated clock network latency
                                                      5.159     5.159    <hidden>
    SLICE_X2Y4           FDRE                         0.000     5.159 r  gen_phase14g.cpu_inst/id_op_reg_reg[rs2][4]/C
    SLICE_X2Y4           FDRE (Prop_fdre_C_Q)         0.478     5.637 r  gen_phase14g.cpu_inst/id_op_reg_reg[rs2][4]/Q
                         net (fo=68, routed)          1.437     7.074    gen_phase14g.cpu_inst/id_op_reg_reg[rs2][4]
    SLICE_X5Y14          LUT6 (Prop_lut6_I1_O)        0.301     7.375 r  gen_phase14g.cpu_inst/op_ex_reg[operand_b][31]_i_8/O
                         net (fo=1, routed)           0.469     7.845    gen_phase14g.cpu_inst/op_ex_reg[operand_b][31]_i_8_n_0
    SLICE_X5Y14          LUT5 (Prop_lut5_I0_O)        0.124     7.969 r  gen_phase14g.cpu_inst/op_ex_reg[operand_b][31]_i_5/O
                         net (fo=33, routed)          1.058     9.026    gen_phase14g.cpu_inst/stage_depends_on_rd_return2
    SLICE_X1Y3           LUT6 (Prop_lut6_I5_O)        0.124     9.150 r  gen_phase14g.cpu_inst/paused_response_instruction_reg[31]_i_5/O
                         net (fo=1, routed)           0.516     9.666    gen_phase14g.cpu_inst/paused_response_instruction_reg[31]_i_5_n_0
    SLICE_X1Y2           LUT6 (Prop_lut6_I0_O)        0.124     9.790 r  gen_phase14g.cpu_inst/paused_response_instruction_reg[31]_i_3/O
                         net (fo=9, routed)           0.629    10.419    gen_phase14g.cpu_inst/paused_response_instruction_reg[31]_i_3_n_0
    SLICE_X1Y3           LUT5 (Prop_lut5_I1_O)        0.120    10.539 r  gen_phase14g.cpu_inst/op_ex_reg[operand_a][31]_i_1/O
                         net (fo=32, routed)          1.492    12.031    gen_phase14g.cpu_inst/op_ex_reg[operand_a][31]_i_1_n_0
    SLICE_X8Y14          FDRE                                         r  gen_phase14g.cpu_inst/op_ex_reg_reg[operand_a][25]/R
  -------------------------------------------------------------------    -------------------

                         (clock sys_clk_pin rise edge)
                                                     10.000    10.000 r  <hidden>
                         propagated clock network latency
                                                      4.786    14.786    <hidden>
                         clock pessimism              0.260    15.046    <hidden>
                         clock uncertainty           -0.035    15.011    <hidden>
    SLICE_X8Y14          FDRE (Setup_fdre_C_R)       -0.727    14.284    gen_phase14g.cpu_inst/op_ex_reg_reg[operand_a][25]
  -------------------------------------------------------------------
                         required time                         14.284    <hidden>
                         arrival time                         -12.031    <hidden>
  -------------------------------------------------------------------
                         slack                                  2.253    <hidden>

Slack (MET) :             2.277ns  (required time - arrival time)
  Source:                 gen_phase14g.cpu_inst/id_op_reg_reg[rs2][4]/C
                            (rising edge-triggered cell FDRE clocked by sys_clk_pin  {rise@0.000ns fall@5.000ns period=10.000ns})
  Destination:            gen_phase14g.cpu_inst/op_ex_reg_reg[operand_a][14]/R
                            (rising edge-triggered cell FDRE clocked by sys_clk_pin  {rise@0.000ns fall@5.000ns period=10.000ns})
  Path Group:             sys_clk_pin
  Path Type:              Setup (Max at Slow Process Corner)
  Requirement:            10.000ns  (sys_clk_pin rise@10.000ns - sys_clk_pin rise@0.000ns)
  Data Path Delay:        6.845ns  (logic 1.271ns (18.567%)  route 5.574ns (81.433%))
  Logic Levels:           5  (LUT5=2 LUT6=3)
  Clock Path Skew:        -0.115ns (DCD - SCD + CPR)
    Destination Clock Delay (DCD):    4.784ns = ( 14.784 - 10.000 ) 
    Source Clock Delay      (SCD):    5.159ns
    Clock Pessimism Removal (CPR):    0.260ns
  Clock Uncertainty:      0.035ns  ((TSJ^2 + TIJ^2)^1/2 + DJ) / 2 + PE
    Total System Jitter     (TSJ):    0.071ns
    Total Input Jitter      (TIJ):    0.000ns
    Discrete Jitter          (DJ):    0.000ns
    Phase Error              (PE):    0.000ns

    Location             Delay type                Incr(ns)  Path(ns)    Netlist Resource(s)
  -------------------------------------------------------------------    -------------------
                         (clock sys_clk_pin rise edge)
                                                      0.000     0.000 r  <hidden>
                         propagated clock network latency
                                                      5.159     5.159    <hidden>
    SLICE_X2Y4           FDRE                         0.000     5.159 r  gen_phase14g.cpu_inst/id_op_reg_reg[rs2][4]/C
    SLICE_X2Y4           FDRE (Prop_fdre_C_Q)         0.478     5.637 r  gen_phase14g.cpu_inst/id_op_reg_reg[rs2][4]/Q
                         net (fo=68, routed)          1.437     7.074    gen_phase14g.cpu_inst/id_op_reg_reg[rs2][4]
    SLICE_X5Y14          LUT6 (Prop_lut6_I1_O)        0.301     7.375 r  gen_phase14g.cpu_inst/op_ex_reg[operand_b][31]_i_8/O
                         net (fo=1, routed)           0.469     7.845    gen_phase14g.cpu_inst/op_ex_reg[operand_b][31]_i_8_n_0
    SLICE_X5Y14          LUT5 (Prop_lut5_I0_O)        0.124     7.969 r  gen_phase14g.cpu_inst/op_ex_reg[operand_b][31]_i_5/O
                         net (fo=33, routed)          1.058     9.026    gen_phase14g.cpu_inst/stage_depends_on_rd_return2
    SLICE_X1Y3           LUT6 (Prop_lut6_I5_O)        0.124     9.150 r  gen_phase14g.cpu_inst/paused_response_instruction_reg[31]_i_5/O
                         net (fo=1, routed)           0.516     9.666    gen_phase14g.cpu_inst/paused_response_instruction_reg[31]_i_5_n_0
    SLICE_X1Y2           LUT6 (Prop_lut6_I0_O)        0.124     9.790 r  gen_phase14g.cpu_inst/paused_response_instruction_reg[31]_i_3/O
                         net (fo=9, routed)           0.629    10.419    gen_phase14g.cpu_inst/paused_response_instruction_reg[31]_i_3_n_0
    SLICE_X1Y3           LUT5 (Prop_lut5_I1_O)        0.120    10.539 r  gen_phase14g.cpu_inst/op_ex_reg[operand_a][31]_i_1/O
                         net (fo=32, routed)          1.465    12.005    gen_phase14g.cpu_inst/op_ex_reg[operand_a][31]_i_1_n_0
    SLICE_X8Y16          FDRE                                         r  gen_phase14g.cpu_inst/op_ex_reg_reg[operand_a][14]/R
  -------------------------------------------------------------------    -------------------

                         (clock sys_clk_pin rise edge)
                                                     10.000    10.000 r  <hidden>
                         propagated clock network latency
                                                      4.784    14.784    <hidden>
                         clock pessimism              0.260    15.044    <hidden>
                         clock uncertainty           -0.035    15.009    <hidden>
    SLICE_X8Y16          FDRE (Setup_fdre_C_R)       -0.727    14.282    gen_phase14g.cpu_inst/op_ex_reg_reg[operand_a][14]
  -------------------------------------------------------------------
                         required time                         14.282    <hidden>
                         arrival time                         -12.005    <hidden>
  -------------------------------------------------------------------
                         slack                                  2.277    <hidden>

Slack (MET) :             2.277ns  (required time - arrival time)
  Source:                 gen_phase14g.cpu_inst/id_op_reg_reg[rs2][4]/C
                            (rising edge-triggered cell FDRE clocked by sys_clk_pin  {rise@0.000ns fall@5.000ns period=10.000ns})
  Destination:            gen_phase14g.cpu_inst/op_ex_reg_reg[operand_a][20]/R
                            (rising edge-triggered cell FDRE clocked by sys_clk_pin  {rise@0.000ns fall@5.000ns period=10.000ns})
  Path Group:             sys_clk_pin
  Path Type:              Setup (Max at Slow Process Corner)
  Requirement:            10.000ns  (sys_clk_pin rise@10.000ns - sys_clk_pin rise@0.000ns)
  Data Path Delay:        6.845ns  (logic 1.271ns (18.567%)  route 5.574ns (81.433%))
  Logic Levels:           5  (LUT5=2 LUT6=3)
  Clock Path Skew:        -0.115ns (DCD - SCD + CPR)
    Destination Clock Delay (DCD):    4.784ns = ( 14.784 - 10.000 ) 
    Source Clock Delay      (SCD):    5.159ns
    Clock Pessimism Removal (CPR):    0.260ns
  Clock Uncertainty:      0.035ns  ((TSJ^2 + TIJ^2)^1/2 + DJ) / 2 + PE
    Total System Jitter     (TSJ):    0.071ns
    Total Input Jitter      (TIJ):    0.000ns
    Discrete Jitter          (DJ):    0.000ns
    Phase Error              (PE):    0.000ns

    Location             Delay type                Incr(ns)  Path(ns)    Netlist Resource(s)
  -------------------------------------------------------------------    -------------------
                         (clock sys_clk_pin rise edge)
                                                      0.000     0.000 r  <hidden>
                         propagated clock network latency
                                                      5.159     5.159    <hidden>
    SLICE_X2Y4           FDRE                         0.000     5.159 r  gen_phase14g.cpu_inst/id_op_reg_reg[rs2][4]/C
    SLICE_X2Y4           FDRE (Prop_fdre_C_Q)         0.478     5.637 r  gen_phase14g.cpu_inst/id_op_reg_reg[rs2][4]/Q
                         net (fo=68, routed)          1.437     7.074    gen_phase14g.cpu_inst/id_op_reg_reg[rs2][4]
    SLICE_X5Y14          LUT6 (Prop_lut6_I1_O)        0.301     7.375 r  gen_phase14g.cpu_inst/op_ex_reg[operand_b][31]_i_8/O
                         net (fo=1, routed)           0.469     7.845    gen_phase14g.cpu_inst/op_ex_reg[operand_b][31]_i_8_n_0
    SLICE_X5Y14          LUT5 (Prop_lut5_I0_O)        0.124     7.969 r  gen_phase14g.cpu_inst/op_ex_reg[operand_b][31]_i_5/O
                         net (fo=33, routed)          1.058     9.026    gen_phase14g.cpu_inst/stage_depends_on_rd_return2
    SLICE_X1Y3           LUT6 (Prop_lut6_I5_O)        0.124     9.150 r  gen_phase14g.cpu_inst/paused_response_instruction_reg[31]_i_5/O
                         net (fo=1, routed)           0.516     9.666    gen_phase14g.cpu_inst/paused_response_instruction_reg[31]_i_5_n_0
    SLICE_X1Y2           LUT6 (Prop_lut6_I0_O)        0.124     9.790 r  gen_phase14g.cpu_inst/paused_response_instruction_reg[31]_i_3/O
                         net (fo=9, routed)           0.629    10.419    gen_phase14g.cpu_inst/paused_response_instruction_reg[31]_i_3_n_0
    SLICE_X1Y3           LUT5 (Prop_lut5_I1_O)        0.120    10.539 r  gen_phase14g.cpu_inst/op_ex_reg[operand_a][31]_i_1/O
                         net (fo=32, routed)          1.465    12.005    gen_phase14g.cpu_inst/op_ex_reg[operand_a][31]_i_1_n_0
    SLICE_X8Y16          FDRE                                         r  gen_phase14g.cpu_inst/op_ex_reg_reg[operand_a][20]/R
  -------------------------------------------------------------------    -------------------

                         (clock sys_clk_pin rise edge)
                                                     10.000    10.000 r  <hidden>
                         propagated clock network latency
                                                      4.784    14.784    <hidden>
                         clock pessimism              0.260    15.044    <hidden>
                         clock uncertainty           -0.035    15.009    <hidden>
    SLICE_X8Y16          FDRE (Setup_fdre_C_R)       -0.727    14.282    gen_phase14g.cpu_inst/op_ex_reg_reg[operand_a][20]
  -------------------------------------------------------------------
                         required time                         14.282    <hidden>
                         arrival time                         -12.005    <hidden>
  -------------------------------------------------------------------
                         slack                                  2.277    <hidden>

Slack (MET) :             2.277ns  (required time - arrival time)
  Source:                 gen_phase14g.cpu_inst/id_op_reg_reg[rs2][4]/C
                            (rising edge-triggered cell FDRE clocked by sys_clk_pin  {rise@0.000ns fall@5.000ns period=10.000ns})
  Destination:            gen_phase14g.cpu_inst/op_ex_reg_reg[operand_a][22]/R
                            (rising edge-triggered cell FDRE clocked by sys_clk_pin  {rise@0.000ns fall@5.000ns period=10.000ns})
  Path Group:             sys_clk_pin
  Path Type:              Setup (Max at Slow Process Corner)
  Requirement:            10.000ns  (sys_clk_pin rise@10.000ns - sys_clk_pin rise@0.000ns)
  Data Path Delay:        6.845ns  (logic 1.271ns (18.567%)  route 5.574ns (81.433%))
  Logic Levels:           5  (LUT5=2 LUT6=3)
  Clock Path Skew:        -0.115ns (DCD - SCD + CPR)
    Destination Clock Delay (DCD):    4.784ns = ( 14.784 - 10.000 ) 
    Source Clock Delay      (SCD):    5.159ns
    Clock Pessimism Removal (CPR):    0.260ns
  Clock Uncertainty:      0.035ns  ((TSJ^2 + TIJ^2)^1/2 + DJ) / 2 + PE
    Total System Jitter     (TSJ):    0.071ns
    Total Input Jitter      (TIJ):    0.000ns
    Discrete Jitter          (DJ):    0.000ns
    Phase Error              (PE):    0.000ns

    Location             Delay type                Incr(ns)  Path(ns)    Netlist Resource(s)
  -------------------------------------------------------------------    -------------------
                         (clock sys_clk_pin rise edge)
                                                      0.000     0.000 r  <hidden>
                         propagated clock network latency
                                                      5.159     5.159    <hidden>
    SLICE_X2Y4           FDRE                         0.000     5.159 r  gen_phase14g.cpu_inst/id_op_reg_reg[rs2][4]/C
    SLICE_X2Y4           FDRE (Prop_fdre_C_Q)         0.478     5.637 r  gen_phase14g.cpu_inst/id_op_reg_reg[rs2][4]/Q
                         net (fo=68, routed)          1.437     7.074    gen_phase14g.cpu_inst/id_op_reg_reg[rs2][4]
    SLICE_X5Y14          LUT6 (Prop_lut6_I1_O)        0.301     7.375 r  gen_phase14g.cpu_inst/op_ex_reg[operand_b][31]_i_8/O
                         net (fo=1, routed)           0.469     7.845    gen_phase14g.cpu_inst/op_ex_reg[operand_b][31]_i_8_n_0
    SLICE_X5Y14          LUT5 (Prop_lut5_I0_O)        0.124     7.969 r  gen_phase14g.cpu_inst/op_ex_reg[operand_b][31]_i_5/O
                         net (fo=33, routed)          1.058     9.026    gen_phase14g.cpu_inst/stage_depends_on_rd_return2
    SLICE_X1Y3           LUT6 (Prop_lut6_I5_O)        0.124     9.150 r  gen_phase14g.cpu_inst/paused_response_instruction_reg[31]_i_5/O
                         net (fo=1, routed)           0.516     9.666    gen_phase14g.cpu_inst/paused_response_instruction_reg[31]_i_5_n_0
    SLICE_X1Y2           LUT6 (Prop_lut6_I0_O)        0.124     9.790 r  gen_phase14g.cpu_inst/paused_response_instruction_reg[31]_i_3/O
                         net (fo=9, routed)           0.629    10.419    gen_phase14g.cpu_inst/paused_response_instruction_reg[31]_i_3_n_0
    SLICE_X1Y3           LUT5 (Prop_lut5_I1_O)        0.120    10.539 r  gen_phase14g.cpu_inst/op_ex_reg[operand_a][31]_i_1/O
                         net (fo=32, routed)          1.465    12.005    gen_phase14g.cpu_inst/op_ex_reg[operand_a][31]_i_1_n_0
    SLICE_X8Y16          FDRE                                         r  gen_phase14g.cpu_inst/op_ex_reg_reg[operand_a][22]/R
  -------------------------------------------------------------------    -------------------

                         (clock sys_clk_pin rise edge)
                                                     10.000    10.000 r  <hidden>
                         propagated clock network latency
                                                      4.784    14.784    <hidden>
                         clock pessimism              0.260    15.044    <hidden>
                         clock uncertainty           -0.035    15.009    <hidden>
    SLICE_X8Y16          FDRE (Setup_fdre_C_R)       -0.727    14.282    gen_phase14g.cpu_inst/op_ex_reg_reg[operand_a][22]
  -------------------------------------------------------------------
                         required time                         14.282    <hidden>
                         arrival time                         -12.005    <hidden>
  -------------------------------------------------------------------
                         slack                                  2.277    <hidden>

Slack (MET) :             2.277ns  (required time - arrival time)
  Source:                 gen_phase14g.cpu_inst/id_op_reg_reg[rs2][4]/C
                            (rising edge-triggered cell FDRE clocked by sys_clk_pin  {rise@0.000ns fall@5.000ns period=10.000ns})
  Destination:            gen_phase14g.cpu_inst/op_ex_reg_reg[operand_a][27]/R
                            (rising edge-triggered cell FDRE clocked by sys_clk_pin  {rise@0.000ns fall@5.000ns period=10.000ns})
  Path Group:             sys_clk_pin
  Path Type:              Setup (Max at Slow Process Corner)
  Requirement:            10.000ns  (sys_clk_pin rise@10.000ns - sys_clk_pin rise@0.000ns)
  Data Path Delay:        6.845ns  (logic 1.271ns (18.567%)  route 5.574ns (81.433%))
  Logic Levels:           5  (LUT5=2 LUT6=3)
  Clock Path Skew:        -0.115ns (DCD - SCD + CPR)
    Destination Clock Delay (DCD):    4.784ns = ( 14.784 - 10.000 ) 
    Source Clock Delay      (SCD):    5.159ns
    Clock Pessimism Removal (CPR):    0.260ns
  Clock Uncertainty:      0.035ns  ((TSJ^2 + TIJ^2)^1/2 + DJ) / 2 + PE
    Total System Jitter     (TSJ):    0.071ns
    Total Input Jitter      (TIJ):    0.000ns
    Discrete Jitter          (DJ):    0.000ns
    Phase Error              (PE):    0.000ns

    Location             Delay type                Incr(ns)  Path(ns)    Netlist Resource(s)
  -------------------------------------------------------------------    -------------------
                         (clock sys_clk_pin rise edge)
                                                      0.000     0.000 r  <hidden>
                         propagated clock network latency
                                                      5.159     5.159    <hidden>
    SLICE_X2Y4           FDRE                         0.000     5.159 r  gen_phase14g.cpu_inst/id_op_reg_reg[rs2][4]/C
    SLICE_X2Y4           FDRE (Prop_fdre_C_Q)         0.478     5.637 r  gen_phase14g.cpu_inst/id_op_reg_reg[rs2][4]/Q
                         net (fo=68, routed)          1.437     7.074    gen_phase14g.cpu_inst/id_op_reg_reg[rs2][4]
    SLICE_X5Y14          LUT6 (Prop_lut6_I1_O)        0.301     7.375 r  gen_phase14g.cpu_inst/op_ex_reg[operand_b][31]_i_8/O
                         net (fo=1, routed)           0.469     7.845    gen_phase14g.cpu_inst/op_ex_reg[operand_b][31]_i_8_n_0
    SLICE_X5Y14          LUT5 (Prop_lut5_I0_O)        0.124     7.969 r  gen_phase14g.cpu_inst/op_ex_reg[operand_b][31]_i_5/O
                         net (fo=33, routed)          1.058     9.026    gen_phase14g.cpu_inst/stage_depends_on_rd_return2
    SLICE_X1Y3           LUT6 (Prop_lut6_I5_O)        0.124     9.150 r  gen_phase14g.cpu_inst/paused_response_instruction_reg[31]_i_5/O
                         net (fo=1, routed)           0.516     9.666    gen_phase14g.cpu_inst/paused_response_instruction_reg[31]_i_5_n_0
    SLICE_X1Y2           LUT6 (Prop_lut6_I0_O)        0.124     9.790 r  gen_phase14g.cpu_inst/paused_response_instruction_reg[31]_i_3/O
                         net (fo=9, routed)           0.629    10.419    gen_phase14g.cpu_inst/paused_response_instruction_reg[31]_i_3_n_0
    SLICE_X1Y3           LUT5 (Prop_lut5_I1_O)        0.120    10.539 r  gen_phase14g.cpu_inst/op_ex_reg[operand_a][31]_i_1/O
                         net (fo=32, routed)          1.465    12.005    gen_phase14g.cpu_inst/op_ex_reg[operand_a][31]_i_1_n_0
    SLICE_X8Y16          FDRE                                         r  gen_phase14g.cpu_inst/op_ex_reg_reg[operand_a][27]/R
  -------------------------------------------------------------------    -------------------

                         (clock sys_clk_pin rise edge)
                                                     10.000    10.000 r  <hidden>
                         propagated clock network latency
                                                      4.784    14.784    <hidden>
                         clock pessimism              0.260    15.044    <hidden>
                         clock uncertainty           -0.035    15.009    <hidden>
    SLICE_X8Y16          FDRE (Setup_fdre_C_R)       -0.727    14.282    gen_phase14g.cpu_inst/op_ex_reg_reg[operand_a][27]
  -------------------------------------------------------------------
                         required time                         14.282    <hidden>
                         arrival time                         -12.005    <hidden>
  -------------------------------------------------------------------
                         slack                                  2.277    <hidden>

Slack (MET) :             2.348ns  (required time - arrival time)
  Source:                 rst_sync_reg/C
                            (rising edge-triggered cell FDRE clocked by sys_clk_pin  {rise@0.000ns fall@5.000ns period=10.000ns})
  Destination:            refresh_counter_reg[16]/R
                            (rising edge-triggered cell FDRE clocked by sys_clk_pin  {rise@0.000ns fall@5.000ns period=10.000ns})
  Path Group:             sys_clk_pin
  Path Type:              Setup (Max at Slow Process Corner)
  Requirement:            10.000ns  (sys_clk_pin rise@10.000ns - sys_clk_pin rise@0.000ns)
  Data Path Delay:        6.979ns  (logic 0.456ns (6.534%)  route 6.523ns (93.466%))
  Logic Levels:           0  
  Clock Path Skew:        -0.113ns (DCD - SCD + CPR)
    Destination Clock Delay (DCD):    4.781ns = ( 14.781 - 10.000 ) 
    Source Clock Delay      (SCD):    5.154ns
    Clock Pessimism Removal (CPR):    0.260ns
  Clock Uncertainty:      0.035ns  ((TSJ^2 + TIJ^2)^1/2 + DJ) / 2 + PE
    Total System Jitter     (TSJ):    0.071ns
    Total Input Jitter      (TIJ):    0.000ns
    Discrete Jitter          (DJ):    0.000ns
    Phase Error              (PE):    0.000ns

    Location             Delay type                Incr(ns)  Path(ns)    Netlist Resource(s)
  -------------------------------------------------------------------    -------------------
                         (clock sys_clk_pin rise edge)
                                                      0.000     0.000 r  <hidden>
                         propagated clock network latency
                                                      5.154     5.154    <hidden>
    SLICE_X5Y9           FDRE                         0.000     5.154 r  rst_sync_reg/C
    SLICE_X5Y9           FDRE (Prop_fdre_C_Q)         0.456     5.610 r  rst_sync_reg/Q
                         net (fo=1357, routed)        6.523    12.134    rst_sync
    SLICE_X14Y31         FDRE                                         r  refresh_counter_reg[16]/R
  -------------------------------------------------------------------    -------------------

                         (clock sys_clk_pin rise edge)
                                                     10.000    10.000 r  <hidden>
                         propagated clock network latency
                                                      4.781    14.781    <hidden>
                         clock pessimism              0.260    15.041    <hidden>
                         clock uncertainty           -0.035    15.006    <hidden>
    SLICE_X14Y31         FDRE (Setup_fdre_C_R)       -0.524    14.482    refresh_counter_reg[16]
  -------------------------------------------------------------------
                         required time                         14.482    <hidden>
                         arrival time                         -12.134    <hidden>
  -------------------------------------------------------------------
                         slack                                  2.348    <hidden>

Slack (MET) :             2.450ns  (required time - arrival time)
  Source:                 gen_phase14g.cpu_inst/id_op_reg_reg[rs2][4]/C
                            (rising edge-triggered cell FDRE clocked by sys_clk_pin  {rise@0.000ns fall@5.000ns period=10.000ns})
  Destination:            gen_phase14g.cpu_inst/op_ex_reg_reg[operand_a][1]/R
                            (rising edge-triggered cell FDRE clocked by sys_clk_pin  {rise@0.000ns fall@5.000ns period=10.000ns})
  Path Group:             sys_clk_pin
  Path Type:              Setup (Max at Slow Process Corner)
  Requirement:            10.000ns  (sys_clk_pin rise@10.000ns - sys_clk_pin rise@0.000ns)
  Data Path Delay:        6.679ns  (logic 1.271ns (19.031%)  route 5.408ns (80.969%))
  Logic Levels:           5  (LUT5=2 LUT6=3)
  Clock Path Skew:        -0.109ns (DCD - SCD + CPR)
    Destination Clock Delay (DCD):    4.790ns = ( 14.790 - 10.000 ) 
    Source Clock Delay      (SCD):    5.159ns
    Clock Pessimism Removal (CPR):    0.260ns
  Clock Uncertainty:      0.035ns  ((TSJ^2 + TIJ^2)^1/2 + DJ) / 2 + PE
    Total System Jitter     (TSJ):    0.071ns
    Total Input Jitter      (TIJ):    0.000ns
    Discrete Jitter          (DJ):    0.000ns
    Phase Error              (PE):    0.000ns

    Location             Delay type                Incr(ns)  Path(ns)    Netlist Resource(s)
  -------------------------------------------------------------------    -------------------
                         (clock sys_clk_pin rise edge)
                                                      0.000     0.000 r  <hidden>
                         propagated clock network latency
                                                      5.159     5.159    <hidden>
    SLICE_X2Y4           FDRE                         0.000     5.159 r  gen_phase14g.cpu_inst/id_op_reg_reg[rs2][4]/C
    SLICE_X2Y4           FDRE (Prop_fdre_C_Q)         0.478     5.637 r  gen_phase14g.cpu_inst/id_op_reg_reg[rs2][4]/Q
                         net (fo=68, routed)          1.437     7.074    gen_phase14g.cpu_inst/id_op_reg_reg[rs2][4]
    SLICE_X5Y14          LUT6 (Prop_lut6_I1_O)        0.301     7.375 r  gen_phase14g.cpu_inst/op_ex_reg[operand_b][31]_i_8/O
                         net (fo=1, routed)           0.469     7.845    gen_phase14g.cpu_inst/op_ex_reg[operand_b][31]_i_8_n_0
    SLICE_X5Y14          LUT5 (Prop_lut5_I0_O)        0.124     7.969 r  gen_phase14g.cpu_inst/op_ex_reg[operand_b][31]_i_5/O
                         net (fo=33, routed)          1.058     9.026    gen_phase14g.cpu_inst/stage_depends_on_rd_return2
    SLICE_X1Y3           LUT6 (Prop_lut6_I5_O)        0.124     9.150 r  gen_phase14g.cpu_inst/paused_response_instruction_reg[31]_i_5/O
                         net (fo=1, routed)           0.516     9.666    gen_phase14g.cpu_inst/paused_response_instruction_reg[31]_i_5_n_0
    SLICE_X1Y2           LUT6 (Prop_lut6_I0_O)        0.124     9.790 r  gen_phase14g.cpu_inst/paused_response_instruction_reg[31]_i_3/O
                         net (fo=9, routed)           0.629    10.419    gen_phase14g.cpu_inst/paused_response_instruction_reg[31]_i_3_n_0
    SLICE_X1Y3           LUT5 (Prop_lut5_I1_O)        0.120    10.539 r  gen_phase14g.cpu_inst/op_ex_reg[operand_a][31]_i_1/O
                         net (fo=32, routed)          1.299    11.838    gen_phase14g.cpu_inst/op_ex_reg[operand_a][31]_i_1_n_0
    SLICE_X8Y8           FDRE                                         r  gen_phase14g.cpu_inst/op_ex_reg_reg[operand_a][1]/R
  -------------------------------------------------------------------    -------------------

                         (clock sys_clk_pin rise edge)
                                                     10.000    10.000 r  <hidden>
                         propagated clock network latency
                                                      4.790    14.790    <hidden>
                         clock pessimism              0.260    15.050    <hidden>
                         clock uncertainty           -0.035    15.015    <hidden>
    SLICE_X8Y8           FDRE (Setup_fdre_C_R)       -0.727    14.288    gen_phase14g.cpu_inst/op_ex_reg_reg[operand_a][1]
  -------------------------------------------------------------------
                         required time                         14.288    <hidden>
                         arrival time                         -11.838    <hidden>
  -------------------------------------------------------------------
                         slack                                  2.450    <hidden>




